[OUTPUT] [DEBUG DLIOBenchmark.__init__] After LoadConfig:
[OUTPUT]   storage_type   = <StorageType.LOCAL_FS: 'local_fs'>
[OUTPUT]   storage_root   = './'
[OUTPUT]   storage_options= None
[OUTPUT]   data_folder    = '/mnt/xpc/mlperf/data/formal/unet3d_closed_7client_a70_20260721_095215/unet3d'
[OUTPUT]   framework      = <FrameworkType.PYTORCH: 'pytorch'>
[OUTPUT]   num_files_train= 245000
[OUTPUT]   record_length  = 146600628
[OUTPUT]   generate_data  = False
[OUTPUT]   do_train       = True
[OUTPUT]   do_checkpoint  = False
[OUTPUT]   epochs         = 5
[OUTPUT]   batch_size     = 7
[OUTPUT] 2026-07-21T11:16:08.419294 Running DLIO [Training] with 70 process(es)
[OUTPUT] 2026-07-21T11:16:08.460207 skip_listing [train]: validating 24,501 of 245,000 files (first, last, every 10) via HEAD requests ...
[OUTPUT] 2026-07-21T11:16:08.484046 skip_listing [train]:   500/24,501 checked (2%)  —  21097 checks/s  —  ETA 1s  —  0 failed so far
[OUTPUT] 2026-07-21T11:16:08.503716 skip_listing [train]:   1,000/24,501 checked (4%)  —  23057 checks/s  —  ETA 1s  —  0 failed so far
[OUTPUT] 2026-07-21T11:16:08.545488 skip_listing [train]:   1,500/24,501 checked (6%)  —  17617 checks/s  —  ETA 1s  —  0 failed so far
[OUTPUT] 2026-07-21T11:16:08.564122 skip_listing [train]:   2,000/24,501 checked (8%)  —  19272 checks/s  —  ETA 1s  —  0 failed so far
[OUTPUT] 2026-07-21T11:16:08.582855 skip_listing [train]:   2,500/24,501 checked (10%)  —  20406 checks/s  —  ETA 1s  —  0 failed so far
[OUTPUT] 2026-07-21T11:16:08.601458 skip_listing [train]:   3,000/24,501 checked (12%)  —  21259 checks/s  —  ETA 1s  —  0 failed so far
[OUTPUT] 2026-07-21T11:16:08.619558 skip_listing [train]:   3,500/24,501 checked (14%)  —  21983 checks/s  —  ETA 1s  —  0 failed so far
[OUTPUT] 2026-07-21T11:16:08.638259 skip_listing [train]:   4,000/24,501 checked (16%)  —  22482 checks/s  —  ETA 1s  —  0 failed so far
[OUTPUT] 2026-07-21T11:16:08.656372 skip_listing [train]:   4,500/24,501 checked (18%)  —  22956 checks/s  —  ETA 1s  —  0 failed so far
[OUTPUT] 2026-07-21T11:16:08.674584 skip_listing [train]:   5,000/24,501 checked (20%)  —  23338 checks/s  —  ETA 1s  —  0 failed so far
[OUTPUT] 2026-07-21T11:16:08.693944 skip_listing [train]:   5,500/24,501 checked (22%)  —  23544 checks/s  —  ETA 1s  —  0 failed so far
[OUTPUT] 2026-07-21T11:16:08.713236 skip_listing [train]:   6,000/24,501 checked (24%)  —  23725 checks/s  —  ETA 1s  —  0 failed so far
[OUTPUT] 2026-07-21T11:16:08.731425 skip_listing [train]:   6,500/24,501 checked (27%)  —  23978 checks/s  —  ETA 1s  —  0 failed so far
[OUTPUT] 2026-07-21T11:16:08.751454 skip_listing [train]:   7,000/24,501 checked (29%)  —  24046 checks/s  —  ETA 1s  —  0 failed so far
[OUTPUT] 2026-07-21T11:16:08.769450 skip_listing [train]:   7,500/24,501 checked (31%)  —  24263 checks/s  —  ETA 1s  —  0 failed so far
[OUTPUT] 2026-07-21T11:16:08.786940 skip_listing [train]:   8,000/24,501 checked (33%)  —  24495 checks/s  —  ETA 1s  —  0 failed so far
[OUTPUT] 2026-07-21T11:16:08.804381 skip_listing [train]:   8,500/24,501 checked (35%)  —  24707 checks/s  —  ETA 1s  —  0 failed so far
[OUTPUT] 2026-07-21T11:16:08.821602 skip_listing [train]:   9,000/24,501 checked (37%)  —  24913 checks/s  —  ETA 1s  —  0 failed so far
[OUTPUT] 2026-07-21T11:16:08.839034 skip_listing [train]:   9,500/24,501 checked (39%)  —  25086 checks/s  —  ETA 1s  —  0 failed so far
[OUTPUT] 2026-07-21T11:16:08.856565 skip_listing [train]:   10,000/24,501 checked (41%)  —  25238 checks/s  —  ETA 1s  —  0 failed so far
[OUTPUT] 2026-07-21T11:16:08.873746 skip_listing [train]:   10,500/24,501 checked (43%)  —  25399 checks/s  —  ETA 1s  —  0 failed so far
[OUTPUT] 2026-07-21T11:16:08.891344 skip_listing [train]:   11,000/24,501 checked (45%)  —  25522 checks/s  —  ETA 1s  —  0 failed so far
[OUTPUT] 2026-07-21T11:16:08.909221 skip_listing [train]:   11,500/24,501 checked (47%)  —  25619 checks/s  —  ETA 1s  —  0 failed so far
[OUTPUT] 2026-07-21T11:16:08.926201 skip_listing [train]:   12,000/24,501 checked (49%)  —  25759 checks/s  —  ETA 0s  —  0 failed so far
[OUTPUT] 2026-07-21T11:16:08.943167 skip_listing [train]:   12,500/24,501 checked (51%)  —  25889 checks/s  —  ETA 0s  —  0 failed so far
[OUTPUT] 2026-07-21T11:16:08.961331 skip_listing [train]:   13,000/24,501 checked (53%)  —  25949 checks/s  —  ETA 0s  —  0 failed so far
[OUTPUT] 2026-07-21T11:16:08.978791 skip_listing [train]:   13,500/24,501 checked (55%)  —  26039 checks/s  —  ETA 0s  —  0 failed so far
[OUTPUT] 2026-07-21T11:16:08.996029 skip_listing [train]:   14,000/24,501 checked (57%)  —  26135 checks/s  —  ETA 0s  —  0 failed so far
[OUTPUT] 2026-07-21T11:16:09.013222 skip_listing [train]:   14,500/24,501 checked (59%)  —  26226 checks/s  —  ETA 0s  —  0 failed so far
[OUTPUT] 2026-07-21T11:16:09.030109 skip_listing [train]:   15,000/24,501 checked (61%)  —  26327 checks/s  —  ETA 0s  —  0 failed so far
[OUTPUT] 2026-07-21T11:16:09.046956 skip_listing [train]:   15,500/24,501 checked (63%)  —  26423 checks/s  —  ETA 0s  —  0 failed so far
[OUTPUT] 2026-07-21T11:16:09.063785 skip_listing [train]:   16,000/24,501 checked (65%)  —  26515 checks/s  —  ETA 0s  —  0 failed so far
[OUTPUT] 2026-07-21T11:16:09.080494 skip_listing [train]:   16,500/24,501 checked (67%)  —  26606 checks/s  —  ETA 0s  —  0 failed so far
[OUTPUT] 2026-07-21T11:16:09.097670 skip_listing [train]:   17,000/24,501 checked (69%)  —  26674 checks/s  —  ETA 0s  —  0 failed so far
[OUTPUT] 2026-07-21T11:16:09.114435 skip_listing [train]:   17,500/24,501 checked (71%)  —  26755 checks/s  —  ETA 0s  —  0 failed so far
[OUTPUT] 2026-07-21T11:16:09.132096 skip_listing [train]:   18,000/24,501 checked (73%)  —  26796 checks/s  —  ETA 0s  —  0 failed so far
[OUTPUT] 2026-07-21T11:16:09.149606 skip_listing [train]:   18,500/24,501 checked (76%)  —  26840 checks/s  —  ETA 0s  —  0 failed so far
[OUTPUT] 2026-07-21T11:16:09.167341 skip_listing [train]:   19,000/24,501 checked (78%)  —  26874 checks/s  —  ETA 0s  —  0 failed so far
[OUTPUT] 2026-07-21T11:16:09.185825 skip_listing [train]:   19,500/24,501 checked (80%)  —  26879 checks/s  —  ETA 0s  —  0 failed so far
[OUTPUT] 2026-07-21T11:16:09.204518 skip_listing [train]:   20,000/24,501 checked (82%)  —  26875 checks/s  —  ETA 0s  —  0 failed so far
[OUTPUT] 2026-07-21T11:16:09.222728 skip_listing [train]:   20,500/24,501 checked (84%)  —  26889 checks/s  —  ETA 0s  —  0 failed so far
[OUTPUT] 2026-07-21T11:16:09.240273 skip_listing [train]:   21,000/24,501 checked (86%)  —  26925 checks/s  —  ETA 0s  —  0 failed so far
[OUTPUT] 2026-07-21T11:16:09.257268 skip_listing [train]:   21,500/24,501 checked (88%)  —  26979 checks/s  —  ETA 0s  —  0 failed so far
[OUTPUT] 2026-07-21T11:16:09.274065 skip_listing [train]:   22,000/24,501 checked (90%)  —  27036 checks/s  —  ETA 0s  —  0 failed so far
[OUTPUT] 2026-07-21T11:16:09.291121 skip_listing [train]:   22,500/24,501 checked (92%)  —  27083 checks/s  —  ETA 0s  —  0 failed so far
[OUTPUT] 2026-07-21T11:16:09.308101 skip_listing [train]:   23,000/24,501 checked (94%)  —  27130 checks/s  —  ETA 0s  —  0 failed so far
[OUTPUT] 2026-07-21T11:16:09.324828 skip_listing [train]:   23,500/24,501 checked (96%)  —  27184 checks/s  —  ETA 0s  —  0 failed so far
[OUTPUT] 2026-07-21T11:16:09.341916 skip_listing [train]:   24,000/24,501 checked (98%)  —  27224 checks/s  —  ETA 0s  —  0 failed so far
[OUTPUT] 2026-07-21T11:16:09.358878 skip_listing [train]:   24,500/24,501 checked (100%)  —  27267 checks/s  —  ETA 0s  —  0 failed so far
[OUTPUT] 2026-07-21T11:16:09.358915 skip_listing [train]: validation complete — all 24,501 samples exist (0.9s, 27267 checks/s); 3,500 URIs ready for rank 0 (245,000 total across all ranks)
[OUTPUT] 2026-07-21T11:16:09.358983 File listing [train]: 245000 files discovered, 3500 assigned to rank 0, completed in 0.91s
[OUTPUT] 2026-07-21T11:16:09.359014 skip_listing [valid]: generated 0 file URIs deterministically (0 total — validation disabled)
[OUTPUT] 2026-07-21T11:16:09.359046 File listing [valid]: 0 files discovered, 0 assigned to rank 0, completed in 0.00s
[OUTPUT] 2026-07-21T11:16:09.359070 Streamed file sharding: 245000 train files across 70 ranks via round-robin (rank 0 shard: 3500 files)
[OUTPUT] 2026-07-21T11:16:09.792972 Max steps per epoch per rank: 35000 = 1 * 245000 / 7 (samples per file * local files / batch size)
[OUTPUT] 2026-07-21T11:16:09.859076 Reshard for epoch 1: 3500 train files, 0 eval files redistributed via alltoall in 0.07s
Traceback (most recent call last):
  File "/usr/lib/python3.12/multiprocessing/util.py", line 303, in _run_finalizers
    finalizer()
  File "/usr/lib/python3.12/multiprocessing/util.py", line 227, in __call__
    res = self._callback(*self._args, **self._kwargs)
          ^^^^^^^^^^^^^^^^^^^^^^^^^^^^^^^^^^^^^^^^^^^
  File "/usr/lib/python3.12/multiprocessing/util.py", line 136, in _remove_temp_dir
    rmtree(tempdir, onerror=onerror)
  File "/usr/lib/python3.12/shutil.py", line 796, in rmtree
    onexc(os.rmdir, path, err)
  File "/usr/lib/python3.12/shutil.py", line 764, in onexc
    return onerror(func, path, exc_info)
           ^^^^^^^^^^^^^^^^^^^^^^^^^^^^^
  File "/usr/lib/python3.12/shutil.py", line 794, in rmtree
    os.rmdir(path, dir_fd=dir_fd)
OSError: [Errno 39] Directory not empty: '/tmp/pymp-mdms7_qv'
[OUTPUT] 2026-07-21T11:16:12.586102 Worker pre-warm complete (13 workers spawned)
[OUTPUT] 2026-07-21T11:16:13.912075 Starting epoch 1: 500 steps expected
[OUTPUT] 2026-07-21T11:16:13.912359 Starting block 1
[OUTPUT] 2026-07-21T11:17:43.858369 Ending block 1 - 500 steps completed in 89.95 s
[OUTPUT] 2026-07-21T11:17:43.861706 Epoch 1 - Block 1 [Training] Accelerator Utilization [AU] (%): 92.6960
[OUTPUT] 2026-07-21T11:17:43.861761 Epoch 1 - Block 1 [Training] Throughput (samples/second): 2797.5817
[OUTPUT] 2026-07-21T11:17:43.862624 Epoch 1 - Block 1 [Training] Computation time per step (second): 0.1624+/-0.0006 (set value: {'mean': 0.162})
[OUTPUT] 2026-07-21T11:17:43.906947 Ending epoch 1 - 500 steps completed in 89.99 s
[OUTPUT] 2026-07-21T11:17:43.927199 Reshard for epoch 2: 3500 train files, 0 eval files redistributed via alltoall in 0.02s
[OUTPUT] 2026-07-21T11:17:47.133239 Worker pre-warm complete for epoch 2 (13 workers spawned)
[OUTPUT] 2026-07-21T11:17:47.464627 Starting epoch 2: 500 steps expected
[OUTPUT] 2026-07-21T11:17:47.464956 Starting block 1
[OUTPUT] 2026-07-21T11:19:17.504497 Ending block 1 - 500 steps completed in 90.04 s
[OUTPUT] 2026-07-21T11:19:17.506457 Epoch 2 - Block 1 [Training] Accelerator Utilization [AU] (%): 92.4044
[OUTPUT] 2026-07-21T11:19:17.507142 Epoch 2 - Block 1 [Training] Throughput (samples/second): 2788.9264
[OUTPUT] 2026-07-21T11:19:17.507358 Epoch 2 - Block 1 [Training] Computation time per step (second): 0.1623+/-0.0005 (set value: {'mean': 0.162})
[OUTPUT] 2026-07-21T11:19:17.547902 Ending epoch 2 - 500 steps completed in 90.08 s
[OUTPUT] 2026-07-21T11:19:17.570598 Reshard for epoch 3: 3500 train files, 0 eval files redistributed via alltoall in 0.02s
[OUTPUT] 2026-07-21T11:19:20.167354 Worker pre-warm complete for epoch 3 (13 workers spawned)
[OUTPUT] 2026-07-21T11:19:21.109299 Starting epoch 3: 500 steps expected
[OUTPUT] 2026-07-21T11:19:21.109620 Starting block 1
[OUTPUT] 2026-07-21T11:20:50.986106 Ending block 1 - 500 steps completed in 89.88 s
[OUTPUT] 2026-07-21T11:20:50.988070 Epoch 3 - Block 1 [Training] Accelerator Utilization [AU] (%): 92.6918
[OUTPUT] 2026-07-21T11:20:50.988122 Epoch 3 - Block 1 [Training] Throughput (samples/second): 2797.1049
[OUTPUT] 2026-07-21T11:20:50.988307 Epoch 3 - Block 1 [Training] Computation time per step (second): 0.1624+/-0.0006 (set value: {'mean': 0.162})
[OUTPUT] 2026-07-21T11:20:51.028641 Ending epoch 3 - 500 steps completed in 89.92 s
[OUTPUT] 2026-07-21T11:20:51.042451 Reshard for epoch 4: 3500 train files, 0 eval files redistributed via alltoall in 0.01s
[OUTPUT] 2026-07-21T11:20:53.655342 Worker pre-warm complete for epoch 4 (13 workers spawned)
[OUTPUT] 2026-07-21T11:20:54.543982 Starting epoch 4: 500 steps expected
[OUTPUT] 2026-07-21T11:20:54.544298 Starting block 1
[OUTPUT] 2026-07-21T11:22:24.842323 Ending block 1 - 500 steps completed in 90.30 s
[OUTPUT] 2026-07-21T11:22:24.844341 Epoch 4 - Block 1 [Training] Accelerator Utilization [AU] (%): 92.1539
[OUTPUT] 2026-07-21T11:22:24.844393 Epoch 4 - Block 1 [Training] Throughput (samples/second): 2781.4787
[OUTPUT] 2026-07-21T11:22:24.844617 Epoch 4 - Block 1 [Training] Computation time per step (second): 0.1623+/-0.0005 (set value: {'mean': 0.162})
[OUTPUT] 2026-07-21T11:22:24.892638 Ending epoch 4 - 500 steps completed in 90.35 s
[OUTPUT] 2026-07-21T11:22:24.912766 Reshard for epoch 5: 3500 train files, 0 eval files redistributed via alltoall in 0.02s
[OUTPUT] 2026-07-21T11:22:27.919568 Worker pre-warm complete for epoch 5 (13 workers spawned)
[OUTPUT] 2026-07-21T11:22:28.617412 Starting epoch 5: 500 steps expected
[OUTPUT] 2026-07-21T11:22:28.617685 Starting block 1
[OUTPUT] 2026-07-21T11:23:59.065662 Ending block 1 - 500 steps completed in 90.45 s
[OUTPUT] 2026-07-21T11:23:59.067602 Epoch 5 - Block 1 [Training] Accelerator Utilization [AU] (%): 91.7071
[OUTPUT] 2026-07-21T11:23:59.067655 Epoch 5 - Block 1 [Training] Throughput (samples/second): 2768.1217
[OUTPUT] 2026-07-21T11:23:59.067847 Epoch 5 - Block 1 [Training] Computation time per step (second): 0.1623+/-0.0006 (set value: {'mean': 0.162})
[OUTPUT] 2026-07-21T11:23:59.112629 Ending epoch 5 - 500 steps completed in 90.50 s
[OUTPUT] 2026-07-21T11:23:59.141872 Reshard for epoch 6: 3500 train files, 0 eval files redistributed via alltoall in 0.03s
[OUTPUT] 2026-07-21T11:24:01.772421 Worker pre-warm complete for epoch 6 (13 workers spawned)
[OUTPUT] 2026-07-21T11:24:02.710934 Saved outputs in /mnt/mlperf-results-nfs/mlps-results-training-unet3d-7client-a70-closed-20260721_105151/closed/XSKY/results/AIMesh-7-node/training/unet3d/run/20260721_111544
[OUTPUT] Averaged metric over all steps/epochs
[METRIC] ==========================================================
[METRIC] Number of Simulated Accelerators: 70 
[METRIC] Training Accelerator Utilization [AU] (%): 92.1584 (0.2240)
[METRIC] Training Throughput (samples/second): 2784.4655 (6.7325)
[METRIC] Training I/O Throughput (MiB/second): 389294.0477 (941.2591)
[METRIC] train_au_meet_expectation: success
[METRIC] ==========================================================

[OUTPUT] 2026-07-21T11:24:02.892421 outputs saved in RANKID_output.json
