[OUTPUT] [DEBUG DLIOBenchmark.__init__] After LoadConfig:
[OUTPUT]   storage_type   = <StorageType.LOCAL_FS: 'local_fs'>
[OUTPUT]   storage_root   = './'
[OUTPUT]   storage_options= None
[OUTPUT]   data_folder    = '/mnt/mlperf-block/unet3d/data/unet3d'
[OUTPUT]   framework      = <FrameworkType.PYTORCH: 'pytorch'>
[OUTPUT]   num_files_train= 14000
[OUTPUT]   record_length  = 146600628
[OUTPUT]   generate_data  = False
[OUTPUT]   do_train       = True
[OUTPUT]   do_checkpoint  = True
[OUTPUT]   epochs         = 5
[OUTPUT]   batch_size     = 7
[OUTPUT] 2026-06-29T17:57:23.278916 Running DLIO [Training & Checkpointing] with 4 process(es)
[OUTPUT] 2026-06-29T17:57:23.299667 skip_listing [train]: validating 1,401 of 14,000 files (first, last, every 10) via HEAD requests ...
[OUTPUT] 2026-06-29T17:57:23.328637 skip_listing [train]:   140/1,401 checked (10%)  —  4845 checks/s  —  ETA 0s  —  0 failed so far
[OUTPUT] 2026-06-29T17:57:23.356938 skip_listing [train]:   280/1,401 checked (20%)  —  4895 checks/s  —  ETA 0s  —  0 failed so far
[OUTPUT] 2026-06-29T17:57:23.382838 skip_listing [train]:   420/1,401 checked (30%)  —  5054 checks/s  —  ETA 0s  —  0 failed so far
[OUTPUT] 2026-06-29T17:57:23.407907 skip_listing [train]:   560/1,401 checked (40%)  —  5177 checks/s  —  ETA 0s  —  0 failed so far
[OUTPUT] 2026-06-29T17:57:23.431712 skip_listing [train]:   700/1,401 checked (50%)  —  5304 checks/s  —  ETA 0s  —  0 failed so far
[OUTPUT] 2026-06-29T17:57:23.454744 skip_listing [train]:   840/1,401 checked (60%)  —  5419 checks/s  —  ETA 0s  —  0 failed so far
[OUTPUT] 2026-06-29T17:57:23.477818 skip_listing [train]:   980/1,401 checked (70%)  —  5503 checks/s  —  ETA 0s  —  0 failed so far
[OUTPUT] 2026-06-29T17:57:23.502060 skip_listing [train]:   1,120/1,401 checked (80%)  —  5536 checks/s  —  ETA 0s  —  0 failed so far
[OUTPUT] 2026-06-29T17:57:23.526405 skip_listing [train]:   1,260/1,401 checked (90%)  —  5559 checks/s  —  ETA 0s  —  0 failed so far
[OUTPUT] 2026-06-29T17:57:23.546467 skip_listing [train]:   1,400/1,401 checked (100%)  —  5674 checks/s  —  ETA 0s  —  0 failed so far
[OUTPUT] 2026-06-29T17:57:23.546527 skip_listing [train]: validation complete — all 1,401 samples exist (0.2s, 5677 checks/s); 3,500 URIs ready for rank 0 (14,000 total across all ranks)
[OUTPUT] 2026-06-29T17:57:23.546572 File listing [train]: 14000 files discovered, 3500 assigned to rank 0, completed in 0.25s
[OUTPUT] 2026-06-29T17:57:23.546596 skip_listing [valid]: generated 0 file URIs deterministically (0 total — validation disabled)
[OUTPUT] 2026-06-29T17:57:23.546614 File listing [valid]: 0 files discovered, 0 assigned to rank 0, completed in 0.00s
[OUTPUT] 2026-06-29T17:57:23.546632 Streamed file sharding: 14000 train files across 4 ranks via round-robin (rank 0 shard: 3500 files)
[OUTPUT] ================================================================================
[OUTPUT] Data Generation Method: DGEN (default)
[OUTPUT]   dgen-py zero-copy BytesView — 155x faster than NumPy, 0 MiB overhead
[OUTPUT] ================================================================================
[OUTPUT] 2026-06-29T17:57:23.561178 Model size: 0.000010 GiB 
[OUTPUT] 2026-06-29T17:57:23.561232 Total checkpoint size: 0.000010 GiB 
[OUTPUT] 2026-06-29T17:57:23.561284 Max steps per epoch per rank: 2000 = 1 * 14000 / 7 (samples per file * local files / batch size)
[OUTPUT] 2026-06-29T17:57:23.562293 Reshard for epoch 1: 3500 train files, 0 eval files redistributed via alltoall in 0.00s
[OUTPUT] 2026-06-29T17:57:27.265077 Worker pre-warm complete (16 workers spawned)
[OUTPUT] 2026-06-29T17:57:27.357282 Starting epoch 1: 500 steps expected
[OUTPUT] 2026-06-29T17:57:27.357510 Starting block 1
[OUTPUT] 2026-06-29T17:58:56.539238 Ending block 1 - 500 steps completed in 89.18 s
[OUTPUT] 2026-06-29T17:58:56.556364 Epoch 1 - Block 1 [Training] Accelerator Utilization [AU] (%): 93.8317
[OUTPUT] 2026-06-29T17:58:56.556407 Epoch 1 - Block 1 [Training] Throughput (samples/second): 162.0602
[OUTPUT] 2026-06-29T17:58:56.556637 Epoch 1 - Block 1 [Training] Computation time per step (second): 0.1621+/-0.0000 (set value: {'mean': 0.162})
[OUTPUT] 2026-06-29T17:58:56.557931 Ending epoch 1 - 500 steps completed in 89.20 s
[OUTPUT] 2026-06-29T17:58:56.560760 Reshard for epoch 2: 3500 train files, 0 eval files redistributed via alltoall in 0.00s
[OUTPUT] 2026-06-29T17:58:59.504241 Worker pre-warm complete for epoch 2 (16 workers spawned)
[OUTPUT] 2026-06-29T17:58:59.841151 Starting epoch 2: 500 steps expected
[OUTPUT] 2026-06-29T17:58:59.841382 Starting block 1
[OUTPUT] 2026-06-29T18:00:29.193160 Ending block 1 - 500 steps completed in 89.35 s
[OUTPUT] 2026-06-29T18:00:29.194733 Epoch 2 - Block 1 [Training] Accelerator Utilization [AU] (%): 93.6766
[OUTPUT] 2026-06-29T18:00:29.194783 Epoch 2 - Block 1 [Training] Throughput (samples/second): 161.7923
[OUTPUT] 2026-06-29T18:00:29.194962 Epoch 2 - Block 1 [Training] Computation time per step (second): 0.1621+/-0.0000 (set value: {'mean': 0.162})
[OUTPUT] 2026-06-29T18:00:29.196338 Ending epoch 2 - 500 steps completed in 89.36 s
[OUTPUT] 2026-06-29T18:00:29.199206 Reshard for epoch 3: 3500 train files, 0 eval files redistributed via alltoall in 0.00s
[OUTPUT] 2026-06-29T18:00:32.699881 Worker pre-warm complete for epoch 3 (16 workers spawned)
[OUTPUT] 2026-06-29T18:00:32.790976 Starting epoch 3: 500 steps expected
[OUTPUT] 2026-06-29T18:00:32.791191 Starting block 1
[OUTPUT] 2026-06-29T18:02:02.208948 Ending block 1 - 500 steps completed in 89.42 s
[OUTPUT] 2026-06-29T18:02:02.210517 Epoch 3 - Block 1 [Training] Accelerator Utilization [AU] (%): 94.0894
[OUTPUT] 2026-06-29T18:02:02.210560 Epoch 3 - Block 1 [Training] Throughput (samples/second): 162.5152
[OUTPUT] 2026-06-29T18:02:02.210728 Epoch 3 - Block 1 [Training] Computation time per step (second): 0.1621+/-0.0000 (set value: {'mean': 0.162})
[OUTPUT] 2026-06-29T18:02:02.211867 Ending epoch 3 - 500 steps completed in 89.42 s
[OUTPUT] 2026-06-29T18:02:02.214650 Reshard for epoch 4: 3500 train files, 0 eval files redistributed via alltoall in 0.00s
[OUTPUT] 2026-06-29T18:02:05.355608 Worker pre-warm complete for epoch 4 (16 workers spawned)
[OUTPUT] 2026-06-29T18:02:05.758839 Starting epoch 4: 500 steps expected
[OUTPUT] 2026-06-29T18:02:05.759071 Starting block 1
[OUTPUT] 2026-06-29T18:03:35.158788 Ending block 1 - 500 steps completed in 89.40 s
[OUTPUT] 2026-06-29T18:03:35.160244 Epoch 4 - Block 1 [Training] Accelerator Utilization [AU] (%): 93.7996
[OUTPUT] 2026-06-29T18:03:35.160286 Epoch 4 - Block 1 [Training] Throughput (samples/second): 162.0097
[OUTPUT] 2026-06-29T18:03:35.160480 Epoch 4 - Block 1 [Training] Computation time per step (second): 0.1621+/-0.0000 (set value: {'mean': 0.162})
[OUTPUT] 2026-06-29T18:03:35.163909 Ending epoch 4 - 500 steps completed in 89.41 s
[OUTPUT] 2026-06-29T18:03:35.167179 Reshard for epoch 5: 3500 train files, 0 eval files redistributed via alltoall in 0.00s
[OUTPUT] 2026-06-29T18:03:38.185150 Worker pre-warm complete for epoch 5 (16 workers spawned)
[OUTPUT] 2026-06-29T18:03:38.620308 Starting epoch 5: 500 steps expected
[OUTPUT] 2026-06-29T18:03:38.620526 Starting block 1
[OUTPUT] 2026-06-29T18:05:08.168240 Ending block 1 - 500 steps completed in 89.55 s
[OUTPUT] 2026-06-29T18:05:08.170093 Epoch 5 - Block 1 [Training] Accelerator Utilization [AU] (%): 93.5069
[OUTPUT] 2026-06-29T18:05:08.170138 Epoch 5 - Block 1 [Training] Throughput (samples/second): 161.5047
[OUTPUT] 2026-06-29T18:05:08.170343 Epoch 5 - Block 1 [Training] Computation time per step (second): 0.1621+/-0.0000 (set value: {'mean': 0.162})
[OUTPUT] 2026-06-29T18:05:08.173804 Starting saving checkpoint 1 after total step 500 for epoch 5
[OUTPUT] 2026-06-29T18:05:08.233868 Finished saving checkpoint 1 for epoch 5 in 0.0601 s; Throughput: 0.0002 GiB/s
[OUTPUT] 2026-06-29T18:05:08.236442 Ending epoch 5 - 500 steps completed in 89.62 s
[OUTPUT] 2026-06-29T18:05:08.239076 Reshard for epoch 6: 3500 train files, 0 eval files redistributed via alltoall in 0.00s
[OUTPUT] 2026-06-29T18:05:11.649587 Worker pre-warm complete for epoch 6 (16 workers spawned)
[OUTPUT] 2026-06-29T18:05:11.650363 Saved outputs in /home/mayascale/mlperf-runs/unet3d-official/closed/ZettaLane/results/mayascale-gcp_c4hc192_n2hc64_1c_4s/training/unet3d/run/20260629_175714
[OUTPUT] Averaged metric over all steps/epochs
[METRIC] ==========================================================
[METRIC] Number of Simulated Accelerators: 4 
[METRIC] Training Accelerator Utilization [AU] (%): 93.7582 (0.2127)
[METRIC] Training Throughput (samples/second): 161.9370 (0.3676)
[METRIC] Training I/O Throughput (MiB/second): 22640.2934 (51.3925)
[METRIC] train_au_meet_expectation: success
[METRIC] ==========================================================

[OUTPUT] 2026-06-29T18:05:11.656687 outputs saved in RANKID_output.json
