[OUTPUT] [DEBUG DLIOBenchmark.__init__] After LoadConfig:
[OUTPUT]   storage_type   = <StorageType.LOCAL_FS: 'local_fs'>
[OUTPUT]   storage_root   = './'
[OUTPUT]   storage_options= None
[OUTPUT]   data_folder    = '/mnt/glfs/GalaxSphere-4Tier0/training/retinanet'
[OUTPUT]   framework      = <FrameworkType.PYTORCH: 'pytorch'>
[OUTPUT]   num_files_train= 21278212
[OUTPUT]   record_length  = 322957
[OUTPUT]   generate_data  = False
[OUTPUT]   do_train       = True
[OUTPUT]   do_checkpoint  = False
[OUTPUT]   epochs         = 8
[OUTPUT]   batch_size     = 24
[OUTPUT] 2026-07-16T23:32:32.980467 Running DLIO [Training] with 200 process(es)
[OUTPUT] 2026-07-16T23:32:33.252390 skip_listing [train]: validating 21,280 of 21,278,212 files (first, last, every 1,000) via HEAD requests ...
[OUTPUT] 2026-07-16T23:32:33.274975 skip_listing [train]:   500/21,280 checked (2%)  —  22296 checks/s  —  ETA 1s  —  0 failed so far
[OUTPUT] 2026-07-16T23:32:33.277558 skip_listing [train]:   1,000/21,280 checked (5%)  —  39985 checks/s  —  ETA 1s  —  0 failed so far
[OUTPUT] 2026-07-16T23:32:33.280092 skip_listing [train]:   1,500/21,280 checked (7%)  —  54457 checks/s  —  ETA 0s  —  0 failed so far
[OUTPUT] 2026-07-16T23:32:33.282615 skip_listing [train]:   2,000/21,280 checked (9%)  —  66517 checks/s  —  ETA 0s  —  0 failed so far
[OUTPUT] 2026-07-16T23:32:33.285125 skip_listing [train]:   2,500/21,280 checked (12%)  —  76739 checks/s  —  ETA 0s  —  0 failed so far
[OUTPUT] 2026-07-16T23:32:33.287625 skip_listing [train]:   3,000/21,280 checked (14%)  —  85524 checks/s  —  ETA 0s  —  0 failed so far
[OUTPUT] 2026-07-16T23:32:33.290139 skip_listing [train]:   3,500/21,280 checked (16%)  —  93106 checks/s  —  ETA 0s  —  0 failed so far
[OUTPUT] 2026-07-16T23:32:33.292643 skip_listing [train]:   4,000/21,280 checked (19%)  —  99762 checks/s  —  ETA 0s  —  0 failed so far
[OUTPUT] 2026-07-16T23:32:33.295260 skip_listing [train]:   4,500/21,280 checked (21%)  —  105355 checks/s  —  ETA 0s  —  0 failed so far
[OUTPUT] 2026-07-16T23:32:33.297874 skip_listing [train]:   5,000/21,280 checked (23%)  —  110310 checks/s  —  ETA 0s  —  0 failed so far
[OUTPUT] 2026-07-16T23:32:33.300459 skip_listing [train]:   5,500/21,280 checked (26%)  —  114795 checks/s  —  ETA 0s  —  0 failed so far
[OUTPUT] 2026-07-16T23:32:33.303056 skip_listing [train]:   6,000/21,280 checked (28%)  —  118792 checks/s  —  ETA 0s  —  0 failed so far
[OUTPUT] 2026-07-16T23:32:33.305663 skip_listing [train]:   6,500/21,280 checked (31%)  —  122373 checks/s  —  ETA 0s  —  0 failed so far
[OUTPUT] 2026-07-16T23:32:33.308280 skip_listing [train]:   7,000/21,280 checked (33%)  —  125599 checks/s  —  ETA 0s  —  0 failed so far
[OUTPUT] 2026-07-16T23:32:33.310890 skip_listing [train]:   7,500/21,280 checked (35%)  —  128550 checks/s  —  ETA 0s  —  0 failed so far
[OUTPUT] 2026-07-16T23:32:33.313497 skip_listing [train]:   8,000/21,280 checked (38%)  —  131257 checks/s  —  ETA 0s  —  0 failed so far
[OUTPUT] 2026-07-16T23:32:33.316102 skip_listing [train]:   8,500/21,280 checked (40%)  —  133742 checks/s  —  ETA 0s  —  0 failed so far
[OUTPUT] 2026-07-16T23:32:33.318712 skip_listing [train]:   9,000/21,280 checked (42%)  —  136024 checks/s  —  ETA 0s  —  0 failed so far
[OUTPUT] 2026-07-16T23:32:33.321317 skip_listing [train]:   9,500/21,280 checked (45%)  —  138141 checks/s  —  ETA 0s  —  0 failed so far
[OUTPUT] 2026-07-16T23:32:33.323917 skip_listing [train]:   10,000/21,280 checked (47%)  —  140116 checks/s  —  ETA 0s  —  0 failed so far
[OUTPUT] 2026-07-16T23:32:33.326502 skip_listing [train]:   10,500/21,280 checked (49%)  —  141978 checks/s  —  ETA 0s  —  0 failed so far
[OUTPUT] 2026-07-16T23:32:33.329090 skip_listing [train]:   11,000/21,280 checked (52%)  —  143711 checks/s  —  ETA 0s  —  0 failed so far
[OUTPUT] 2026-07-16T23:32:33.331681 skip_listing [train]:   11,500/21,280 checked (54%)  —  145324 checks/s  —  ETA 0s  —  0 failed so far
[OUTPUT] 2026-07-16T23:32:33.334261 skip_listing [train]:   12,000/21,280 checked (56%)  —  146854 checks/s  —  ETA 0s  —  0 failed so far
[OUTPUT] 2026-07-16T23:32:33.336854 skip_listing [train]:   12,500/21,280 checked (59%)  —  148269 checks/s  —  ETA 0s  —  0 failed so far
[OUTPUT] 2026-07-16T23:32:33.339427 skip_listing [train]:   13,000/21,280 checked (61%)  —  149633 checks/s  —  ETA 0s  —  0 failed so far
[OUTPUT] 2026-07-16T23:32:33.341969 skip_listing [train]:   13,500/21,280 checked (63%)  —  150969 checks/s  —  ETA 0s  —  0 failed so far
[OUTPUT] 2026-07-16T23:32:33.344524 skip_listing [train]:   14,000/21,280 checked (66%)  —  152212 checks/s  —  ETA 0s  —  0 failed so far
[OUTPUT] 2026-07-16T23:32:33.347081 skip_listing [train]:   14,500/21,280 checked (68%)  —  153385 checks/s  —  ETA 0s  —  0 failed so far
[OUTPUT] 2026-07-16T23:32:33.349625 skip_listing [train]:   15,000/21,280 checked (70%)  —  154514 checks/s  —  ETA 0s  —  0 failed so far
[OUTPUT] 2026-07-16T23:32:33.352164 skip_listing [train]:   15,500/21,280 checked (73%)  —  155596 checks/s  —  ETA 0s  —  0 failed so far
[OUTPUT] 2026-07-16T23:32:33.354703 skip_listing [train]:   16,000/21,280 checked (75%)  —  156624 checks/s  —  ETA 0s  —  0 failed so far
[OUTPUT] 2026-07-16T23:32:33.357233 skip_listing [train]:   16,500/21,280 checked (78%)  —  157615 checks/s  —  ETA 0s  —  0 failed so far
[OUTPUT] 2026-07-16T23:32:33.359766 skip_listing [train]:   17,000/21,280 checked (80%)  —  158555 checks/s  —  ETA 0s  —  0 failed so far
[OUTPUT] 2026-07-16T23:32:33.362310 skip_listing [train]:   17,500/21,280 checked (82%)  —  159435 checks/s  —  ETA 0s  —  0 failed so far
[OUTPUT] 2026-07-16T23:32:33.364856 skip_listing [train]:   18,000/21,280 checked (85%)  —  160273 checks/s  —  ETA 0s  —  0 failed so far
[OUTPUT] 2026-07-16T23:32:33.367383 skip_listing [train]:   18,500/21,280 checked (87%)  —  161099 checks/s  —  ETA 0s  —  0 failed so far
[OUTPUT] 2026-07-16T23:32:33.369916 skip_listing [train]:   19,000/21,280 checked (89%)  —  161883 checks/s  —  ETA 0s  —  0 failed so far
[OUTPUT] 2026-07-16T23:32:33.372455 skip_listing [train]:   19,500/21,280 checked (92%)  —  162625 checks/s  —  ETA 0s  —  0 failed so far
[OUTPUT] 2026-07-16T23:32:33.375005 skip_listing [train]:   20,000/21,280 checked (94%)  —  163322 checks/s  —  ETA 0s  —  0 failed so far
[OUTPUT] 2026-07-16T23:32:33.377539 skip_listing [train]:   20,500/21,280 checked (96%)  —  164011 checks/s  —  ETA 0s  —  0 failed so far
[OUTPUT] 2026-07-16T23:32:33.380056 skip_listing [train]:   21,000/21,280 checked (99%)  —  164695 checks/s  —  ETA 0s  —  0 failed so far
[OUTPUT] 2026-07-16T23:32:33.381651 skip_listing [train]: validation complete — all 21,280 samples exist (0.1s, 164828 checks/s); 106,392 URIs ready for rank 0 (21,278,212 total across all ranks)
[OUTPUT] 2026-07-16T23:32:33.382265 File listing [train]: 21278212 files discovered, 106391 assigned to rank 0, completed in 0.37s
[OUTPUT] 2026-07-16T23:32:33.382291 skip_listing [valid]: generated 0 file URIs deterministically (0 total — validation disabled)
[OUTPUT] 2026-07-16T23:32:33.382307 File listing [valid]: 0 files discovered, 0 assigned to rank 0, completed in 0.00s
[OUTPUT] 2026-07-16T23:32:33.382323 Streamed file sharding: 21278212 train files across 200 ranks via round-robin (rank 0 shard: 106391 files)
[OUTPUT] 2026-07-16T23:33:19.504404 Max steps per epoch per rank: 886592 = 1 * 21278212 / 24 (samples per file * local files / batch size)
[OUTPUT] 2026-07-16T23:33:21.463844 Reshard for epoch 1: 106391 train files, 0 eval files redistributed via alltoall in 1.96s
[OUTPUT] 2026-07-16T23:33:22.427143 Worker pre-warm complete (2 workers spawned)
[OUTPUT] 2026-07-16T23:33:28.513223 Starting epoch 1: 4432 steps expected
[OUTPUT] 2026-07-16T23:33:28.513636 Starting block 1
[OUTPUT] 2026-07-16T23:37:35.964154 Ending block 1 - 4432 steps completed in 247.45 s
[OUTPUT] 2026-07-16T23:37:35.966045 Epoch 1 - Block 1 [Training] Accelerator Utilization [AU] (%): 85.4207
[OUTPUT] 2026-07-16T23:37:35.966079 Epoch 1 - Block 1 [Training] Throughput (samples/second): 86093.8538
[OUTPUT] 2026-07-16T23:37:35.970339 Epoch 1 - Block 1 [Training] Computation time per step (second): 0.0476+/-0.0000 (set value: {'mean': 0.04755})
[OUTPUT] 2026-07-16T23:37:36.067980 Ending epoch 1 - 4432 steps completed in 247.55 s
[OUTPUT] 2026-07-16T23:37:37.832345 Reshard for epoch 2: 106391 train files, 0 eval files redistributed via alltoall in 1.76s
[OUTPUT] 2026-07-16T23:37:38.643280 Worker pre-warm complete for epoch 2 (2 workers spawned)
[OUTPUT] 2026-07-16T23:37:55.317914 Starting epoch 2: 4432 steps expected
[OUTPUT] 2026-07-16T23:37:55.318382 Starting block 1
[OUTPUT] 2026-07-16T23:42:02.992395 Ending block 1 - 4432 steps completed in 247.67 s
[OUTPUT] 2026-07-16T23:42:02.993508 Epoch 2 - Block 1 [Training] Accelerator Utilization [AU] (%): 85.3505
[OUTPUT] 2026-07-16T23:42:02.993541 Epoch 2 - Block 1 [Training] Throughput (samples/second): 86024.3980
[OUTPUT] 2026-07-16T23:42:02.993848 Epoch 2 - Block 1 [Training] Computation time per step (second): 0.0476+/-0.0001 (set value: {'mean': 0.04755})
[OUTPUT] 2026-07-16T23:42:03.116492 Ending epoch 2 - 4432 steps completed in 247.80 s
[OUTPUT] 2026-07-16T23:42:04.866778 Reshard for epoch 3: 106391 train files, 0 eval files redistributed via alltoall in 1.75s
[OUTPUT] 2026-07-16T23:42:05.739061 Worker pre-warm complete for epoch 3 (2 workers spawned)
[OUTPUT] 2026-07-16T23:42:22.586098 Starting epoch 3: 4432 steps expected
[OUTPUT] 2026-07-16T23:42:22.586530 Starting block 1
[OUTPUT] 2026-07-16T23:46:30.508528 Ending block 1 - 4432 steps completed in 247.92 s
[OUTPUT] 2026-07-16T23:46:30.509684 Epoch 3 - Block 1 [Training] Accelerator Utilization [AU] (%): 85.2666
[OUTPUT] 2026-07-16T23:46:30.509731 Epoch 3 - Block 1 [Training] Throughput (samples/second): 85940.8685
[OUTPUT] 2026-07-16T23:46:30.510025 Epoch 3 - Block 1 [Training] Computation time per step (second): 0.0476+/-0.0000 (set value: {'mean': 0.04755})
[OUTPUT] 2026-07-16T23:46:30.565757 Ending epoch 3 - 4432 steps completed in 247.98 s
[OUTPUT] 2026-07-16T23:46:32.340430 Reshard for epoch 4: 106391 train files, 0 eval files redistributed via alltoall in 1.77s
[OUTPUT] 2026-07-16T23:46:33.235609 Worker pre-warm complete for epoch 4 (2 workers spawned)
[OUTPUT] 2026-07-16T23:46:49.773557 Starting epoch 4: 4432 steps expected
[OUTPUT] 2026-07-16T23:46:49.774055 Starting block 1
[OUTPUT] 2026-07-16T23:50:57.720893 Ending block 1 - 4432 steps completed in 247.95 s
[OUTPUT] 2026-07-16T23:50:57.722044 Epoch 4 - Block 1 [Training] Accelerator Utilization [AU] (%): 85.2593
[OUTPUT] 2026-07-16T23:50:57.722075 Epoch 4 - Block 1 [Training] Throughput (samples/second): 85933.8919
[OUTPUT] 2026-07-16T23:50:57.722376 Epoch 4 - Block 1 [Training] Computation time per step (second): 0.0476+/-0.0000 (set value: {'mean': 0.04755})
[OUTPUT] 2026-07-16T23:50:57.752796 Ending epoch 4 - 4432 steps completed in 247.98 s
[OUTPUT] 2026-07-16T23:50:59.523876 Reshard for epoch 5: 106391 train files, 0 eval files redistributed via alltoall in 1.77s
[OUTPUT] 2026-07-16T23:51:00.378900 Worker pre-warm complete for epoch 5 (2 workers spawned)
[OUTPUT] 2026-07-16T23:51:17.077920 Starting epoch 5: 4432 steps expected
[OUTPUT] 2026-07-16T23:51:17.078366 Starting block 1
[OUTPUT] 2026-07-16T23:55:24.877237 Ending block 1 - 4432 steps completed in 247.80 s
[OUTPUT] 2026-07-16T23:55:24.878548 Epoch 5 - Block 1 [Training] Accelerator Utilization [AU] (%): 85.3074
[OUTPUT] 2026-07-16T23:55:24.878582 Epoch 5 - Block 1 [Training] Throughput (samples/second): 85983.1978
[OUTPUT] 2026-07-16T23:55:24.878890 Epoch 5 - Block 1 [Training] Computation time per step (second): 0.0476+/-0.0000 (set value: {'mean': 0.04755})
[OUTPUT] 2026-07-16T23:55:24.962616 Ending epoch 5 - 4432 steps completed in 247.88 s
[OUTPUT] 2026-07-16T23:55:26.640186 Reshard for epoch 6: 106391 train files, 0 eval files redistributed via alltoall in 1.68s
[OUTPUT] 2026-07-16T23:55:27.548315 Worker pre-warm complete for epoch 6 (2 workers spawned)
[OUTPUT] 2026-07-16T23:55:44.062933 Starting epoch 6: 4432 steps expected
[OUTPUT] 2026-07-16T23:55:44.063271 Starting block 1
[OUTPUT] 2026-07-16T23:59:52.231142 Ending block 1 - 4432 steps completed in 248.17 s
[OUTPUT] 2026-07-16T23:59:52.232187 Epoch 6 - Block 1 [Training] Accelerator Utilization [AU] (%): 85.1847
[OUTPUT] 2026-07-16T23:59:52.232218 Epoch 6 - Block 1 [Training] Throughput (samples/second): 85858.5757
[OUTPUT] 2026-07-16T23:59:52.232498 Epoch 6 - Block 1 [Training] Computation time per step (second): 0.0476+/-0.0000 (set value: {'mean': 0.04755})
[OUTPUT] 2026-07-16T23:59:52.333059 Ending epoch 6 - 4432 steps completed in 248.27 s
[OUTPUT] 2026-07-16T23:59:54.067599 Reshard for epoch 7: 106391 train files, 0 eval files redistributed via alltoall in 1.73s
[OUTPUT] 2026-07-16T23:59:54.923689 Worker pre-warm complete for epoch 7 (2 workers spawned)
[OUTPUT] 2026-07-17T00:00:11.305772 Starting epoch 7: 4432 steps expected
[OUTPUT] 2026-07-17T00:00:11.306230 Starting block 1
[OUTPUT] 2026-07-17T00:04:20.064347 Ending block 1 - 4432 steps completed in 248.76 s
[OUTPUT] 2026-07-17T00:04:20.065570 Epoch 7 - Block 1 [Training] Accelerator Utilization [AU] (%): 84.9833
[OUTPUT] 2026-07-17T00:04:20.065602 Epoch 7 - Block 1 [Training] Throughput (samples/second): 85656.8927
[OUTPUT] 2026-07-17T00:04:20.065904 Epoch 7 - Block 1 [Training] Computation time per step (second): 0.0476+/-0.0000 (set value: {'mean': 0.04755})
[OUTPUT] 2026-07-17T00:04:20.145134 Ending epoch 7 - 4432 steps completed in 248.84 s
[OUTPUT] 2026-07-17T00:04:21.877504 Reshard for epoch 8: 106391 train files, 0 eval files redistributed via alltoall in 1.73s
[OUTPUT] 2026-07-17T00:04:22.763575 Worker pre-warm complete for epoch 8 (2 workers spawned)
[OUTPUT] 2026-07-17T00:04:39.179047 Starting epoch 8: 4432 steps expected
[OUTPUT] 2026-07-17T00:04:39.179522 Starting block 1
[OUTPUT] 2026-07-17T00:08:47.328998 Ending block 1 - 4432 steps completed in 248.15 s
[OUTPUT] 2026-07-17T00:08:47.330251 Epoch 8 - Block 1 [Training] Accelerator Utilization [AU] (%): 85.1862
[OUTPUT] 2026-07-17T00:08:47.339842 Epoch 8 - Block 1 [Training] Throughput (samples/second): 85860.2756
[OUTPUT] 2026-07-17T00:08:47.340198 Epoch 8 - Block 1 [Training] Computation time per step (second): 0.0476+/-0.0000 (set value: {'mean': 0.04755})
[OUTPUT] 2026-07-17T00:08:47.454577 Ending epoch 8 - 4432 steps completed in 248.28 s
[OUTPUT] 2026-07-17T00:08:49.154410 Reshard for epoch 9: 106391 train files, 0 eval files redistributed via alltoall in 1.70s
[OUTPUT] 2026-07-17T00:08:50.006816 Worker pre-warm complete for epoch 9 (2 workers spawned)
[OUTPUT] 2026-07-17T00:08:50.058989 Saved outputs in /root/Suzhou_Zishan_Longlin/closed/Suzhou_Zishan_Longlin/results/GalaxSphere-4Tier0/training/retinanet/run/20260716_233207
[OUTPUT] Averaged metric over all steps/epochs
[METRIC] ==========================================================
[METRIC] Number of Simulated Accelerators: 200 
[METRIC] Training Accelerator Utilization [AU] (%): 85.2231 (0.1236)
[METRIC] Training Throughput (samples/second): 85901.2332 (124.2770)
[METRIC] Training I/O Throughput (MiB/second): 26457.2187 (38.2768)
[METRIC] train_au_meet_expectation: success
[METRIC] ==========================================================

[OUTPUT] 2026-07-17T00:08:50.543881 outputs saved in RANKID_output.json
