[OUTPUT] [DEBUG DLIOBenchmark.__init__] After LoadConfig:
[OUTPUT]   storage_type   = <StorageType.LOCAL_FS: 'local_fs'>
[OUTPUT]   storage_root   = './'
[OUTPUT]   storage_options= None
[OUTPUT]   data_folder    = '/mlperf-storage/mlpstorage_run/unet3d_data/unet3d'
[OUTPUT]   framework      = <FrameworkType.PYTORCH: 'pytorch'>
[OUTPUT]   num_files_train= 1293758
[OUTPUT]   record_length  = 146600628
[OUTPUT]   generate_data  = False
[OUTPUT]   do_train       = True
[OUTPUT]   do_checkpoint  = False
[OUTPUT]   epochs         = 5
[OUTPUT]   batch_size     = 7
[OUTPUT] 2026-07-22T11:54:49.243259 Running DLIO [Training] with 46 process(es)
[OUTPUT] 2026-07-22T11:54:49.393711 skip_listing [train]: validating 1,295 of 1,293,758 files (first, last, every 1,000) via HEAD requests ...
[OUTPUT] 2026-07-22T11:54:49.699892 skip_listing [train]:   129/1,295 checked (10%)  —  421 checks/s  —  ETA 3s  —  0 failed so far
[OUTPUT] 2026-07-22T11:54:49.999228 skip_listing [train]:   258/1,295 checked (20%)  —  426 checks/s  —  ETA 2s  —  0 failed so far
[OUTPUT] 2026-07-22T11:54:50.293739 skip_listing [train]:   387/1,295 checked (30%)  —  430 checks/s  —  ETA 2s  —  0 failed so far
[OUTPUT] 2026-07-22T11:54:50.582260 skip_listing [train]:   516/1,295 checked (40%)  —  434 checks/s  —  ETA 2s  —  0 failed so far
[OUTPUT] 2026-07-22T11:54:50.874533 skip_listing [train]:   645/1,295 checked (50%)  —  436 checks/s  —  ETA 1s  —  0 failed so far
[OUTPUT] 2026-07-22T11:54:51.163379 skip_listing [train]:   774/1,295 checked (60%)  —  437 checks/s  —  ETA 1s  —  0 failed so far
[OUTPUT] 2026-07-22T11:54:51.448672 skip_listing [train]:   903/1,295 checked (70%)  —  439 checks/s  —  ETA 1s  —  0 failed so far
[OUTPUT] 2026-07-22T11:54:51.745808 skip_listing [train]:   1,032/1,295 checked (80%)  —  439 checks/s  —  ETA 1s  —  0 failed so far
[OUTPUT] 2026-07-22T11:54:52.040330 skip_listing [train]:   1,161/1,295 checked (90%)  —  439 checks/s  —  ETA 0s  —  0 failed so far
[OUTPUT] 2026-07-22T11:54:52.336707 skip_listing [train]:   1,290/1,295 checked (100%)  —  438 checks/s  —  ETA 0s  —  0 failed so far
[OUTPUT] 2026-07-22T11:54:52.346388 skip_listing [train]: validation complete — all 1,295 samples exist (3.0s, 439 checks/s); 28,126 URIs ready for rank 0 (1,293,758 total across all ranks)
[OUTPUT] 2026-07-22T11:54:52.346988 File listing [train]: 1293758 files discovered, 28125 assigned to rank 0, completed in 3.01s
[OUTPUT] 2026-07-22T11:54:52.347065 skip_listing [valid]: generated 0 file URIs deterministically (0 total — validation disabled)
[OUTPUT] 2026-07-22T11:54:52.347104 File listing [valid]: 0 files discovered, 0 assigned to rank 0, completed in 0.00s
[OUTPUT] 2026-07-22T11:54:52.347137 Streamed file sharding: 1293758 train files across 46 ranks via round-robin (rank 0 shard: 28125 files)
[OUTPUT] 2026-07-22T11:54:52.659034 Max steps per epoch per rank: 184822 = 1 * 1293758 / 7 (samples per file * local files / batch size)
[OUTPUT] 2026-07-22T11:54:52.840149 Reshard for epoch 1: 28125 train files, 0 eval files redistributed via alltoall in 0.18s
[OUTPUT] 2026-07-22T11:55:06.756721 Worker pre-warm complete (64 workers spawned)
[OUTPUT] 2026-07-22T11:55:07.304191 Starting epoch 1: 4017 steps expected
[OUTPUT] 2026-07-22T11:55:07.304481 Starting block 1
[OUTPUT] 2026-07-22T12:07:01.053513 Ending block 1 - 4017 steps completed in 713.75 s
[OUTPUT] 2026-07-22T12:07:01.076176 Epoch 1 - Block 1 [Training] Accelerator Utilization [AU] (%): 92.4842
[OUTPUT] 2026-07-22T12:07:01.076236 Epoch 1 - Block 1 [Training] Throughput (samples/second): 1836.9098
[OUTPUT] 2026-07-22T12:07:01.079409 Epoch 1 - Block 1 [Training] Computation time per step (second): 0.1621+/-0.0000 (set value: {'mean': 0.162})
[OUTPUT] 2026-07-22T12:07:01.080725 Ending epoch 1 - 4017 steps completed in 713.78 s
[OUTPUT] 2026-07-22T12:07:01.114556 Reshard for epoch 2: 28125 train files, 0 eval files redistributed via alltoall in 0.03s
[OUTPUT] 2026-07-22T12:07:12.281419 Worker pre-warm complete for epoch 2 (64 workers spawned)
[OUTPUT] 2026-07-22T12:07:21.408706 Starting epoch 2: 4017 steps expected
[OUTPUT] 2026-07-22T12:07:21.409056 Starting block 1
[OUTPUT] 2026-07-22T12:19:16.554476 Ending block 1 - 4017 steps completed in 715.15 s
[OUTPUT] 2026-07-22T12:19:16.558638 Epoch 2 - Block 1 [Training] Accelerator Utilization [AU] (%): 92.4292
[OUTPUT] 2026-07-22T12:19:16.558695 Epoch 2 - Block 1 [Training] Throughput (samples/second): 1835.8466
[OUTPUT] 2026-07-22T12:19:16.559110 Epoch 2 - Block 1 [Training] Computation time per step (second): 0.1621+/-0.0000 (set value: {'mean': 0.162})
[OUTPUT] 2026-07-22T12:19:16.560875 Ending epoch 2 - 4017 steps completed in 715.15 s
[OUTPUT] 2026-07-22T12:19:16.597722 Reshard for epoch 3: 28125 train files, 0 eval files redistributed via alltoall in 0.04s
[OUTPUT] 2026-07-22T12:19:27.936373 Worker pre-warm complete for epoch 3 (64 workers spawned)
[OUTPUT] 2026-07-22T12:19:37.051055 Starting epoch 3: 4017 steps expected
[OUTPUT] 2026-07-22T12:19:37.051400 Starting block 1
[OUTPUT] 2026-07-22T12:31:31.137066 Ending block 1 - 4017 steps completed in 714.09 s
[OUTPUT] 2026-07-22T12:31:31.141610 Epoch 3 - Block 1 [Training] Accelerator Utilization [AU] (%): 92.4203
[OUTPUT] 2026-07-22T12:31:31.141676 Epoch 3 - Block 1 [Training] Throughput (samples/second): 1835.6558
[OUTPUT] 2026-07-22T12:31:31.142111 Epoch 3 - Block 1 [Training] Computation time per step (second): 0.1621+/-0.0000 (set value: {'mean': 0.162})
[OUTPUT] 2026-07-22T12:31:31.143412 Ending epoch 3 - 4017 steps completed in 714.09 s
[OUTPUT] 2026-07-22T12:31:31.176260 Reshard for epoch 4: 28125 train files, 0 eval files redistributed via alltoall in 0.03s
[OUTPUT] 2026-07-22T12:31:42.410168 Worker pre-warm complete for epoch 4 (64 workers spawned)
[OUTPUT] 2026-07-22T12:31:51.575566 Starting epoch 4: 4017 steps expected
[OUTPUT] 2026-07-22T12:31:51.575968 Starting block 1
[OUTPUT] 2026-07-22T12:43:43.987125 Ending block 1 - 4017 steps completed in 712.41 s
[OUTPUT] 2026-07-22T12:43:43.992506 Epoch 4 - Block 1 [Training] Accelerator Utilization [AU] (%): 92.5303
[OUTPUT] 2026-07-22T12:43:43.992565 Epoch 4 - Block 1 [Training] Throughput (samples/second): 1837.8520
[OUTPUT] 2026-07-22T12:43:43.993003 Epoch 4 - Block 1 [Training] Computation time per step (second): 0.1621+/-0.0000 (set value: {'mean': 0.162})
[OUTPUT] 2026-07-22T12:43:43.994406 Ending epoch 4 - 4017 steps completed in 712.42 s
[OUTPUT] 2026-07-22T12:43:44.027610 Reshard for epoch 5: 28125 train files, 0 eval files redistributed via alltoall in 0.03s
Traceback (most recent call last):
  File "/usr/lib/python3.12/multiprocessing/util.py", line 303, in _run_finalizers
    finalizer()
  File "/usr/lib/python3.12/multiprocessing/util.py", line 227, in __call__
    res = self._callback(*self._args, **self._kwargs)
          ^^^^^^^^^^^^^^^^^^^^^^^^^^^^^^^^^^^^^^^^^^^
  File "/usr/lib/python3.12/multiprocessing/util.py", line 136, in _remove_temp_dir
    rmtree(tempdir, onerror=onerror)
  File "/usr/lib/python3.12/shutil.py", line 796, in rmtree
    onexc(os.rmdir, path, err)
  File "/usr/lib/python3.12/shutil.py", line 764, in onexc
    return onerror(func, path, exc_info)
           ^^^^^^^^^^^^^^^^^^^^^^^^^^^^^
  File "/usr/lib/python3.12/shutil.py", line 794, in rmtree
    os.rmdir(path, dir_fd=dir_fd)
OSError: [Errno 39] Directory not empty: '/tmp/pymp-7sm5lvct'
[OUTPUT] 2026-07-22T12:43:55.561324 Worker pre-warm complete for epoch 5 (64 workers spawned)
[OUTPUT] 2026-07-22T12:44:04.689722 Starting epoch 5: 4017 steps expected
[OUTPUT] 2026-07-22T12:44:04.690059 Starting block 1
[OUTPUT] 2026-07-22T12:55:50.549193 Ending block 1 - 4017 steps completed in 705.86 s
[OUTPUT] 2026-07-22T12:55:50.556409 Epoch 5 - Block 1 [Training] Accelerator Utilization [AU] (%): 93.3200
[OUTPUT] 2026-07-22T12:55:50.556468 Epoch 5 - Block 1 [Training] Throughput (samples/second): 1853.5480
[OUTPUT] 2026-07-22T12:55:50.556884 Epoch 5 - Block 1 [Training] Computation time per step (second): 0.1621+/-0.0000 (set value: {'mean': 0.162})
[OUTPUT] 2026-07-22T12:55:50.558004 Ending epoch 5 - 4017 steps completed in 705.87 s
[OUTPUT] 2026-07-22T12:55:50.593475 Reshard for epoch 6: 28125 train files, 0 eval files redistributed via alltoall in 0.03s
[OUTPUT] 2026-07-22T12:56:02.526191 Worker pre-warm complete for epoch 6 (64 workers spawned)
[OUTPUT] 2026-07-22T12:56:02.672221 Saved outputs in /submission/submission_Microsoft_training/closed/Microsoft/results/AMLFS-Durable-Premium-125-2400TiB-46-Standard_D192ds_v6/training/unet3d/run/20260722_115350
[OUTPUT] Averaged metric over all steps/epochs
[METRIC] ==========================================================
[METRIC] Number of Simulated Accelerators: 46 
[METRIC] Training Accelerator Utilization [AU] (%): 92.6820 (0.4473)
[METRIC] Training Throughput (samples/second): 1840.8361 (8.8673)
[METRIC] Training I/O Throughput (MiB/second): 257365.9227 (1239.7279)
[METRIC] train_au_meet_expectation: success
[METRIC] ==========================================================

[OUTPUT] 2026-07-22T12:56:03.290634 outputs saved in RANKID_output.json
