[OUTPUT] [DEBUG DLIOBenchmark.__init__] After LoadConfig:
[OUTPUT]   storage_type   = <StorageType.LOCAL_FS: 'local_fs'>
[OUTPUT]   storage_root   = './'
[OUTPUT]   storage_options= None
[OUTPUT]   data_folder    = '/mnt/pfs/unet3d'
[OUTPUT]   framework      = <FrameworkType.PYTORCH: 'pytorch'>
[OUTPUT]   num_files_train= 360000
[OUTPUT]   record_length  = 146600628
[OUTPUT]   generate_data  = False
[OUTPUT]   do_train       = True
[OUTPUT]   do_checkpoint  = False
[OUTPUT]   epochs         = 5
[OUTPUT]   batch_size     = 7
[OUTPUT] 2026-07-24T14:50:04.293375 Running DLIO [Training] with 99 process(es)
[OUTPUT] 2026-07-24T14:50:05.842748 File listing [train]: 420000 files discovered, 3636 assigned to rank 0, completed in 1.47s
[OUTPUT] 2026-07-24T14:50:05.843518 File listing [valid]: 0 files discovered, 0 assigned to rank 0, completed in 0.00s
[OUTPUT] 2026-07-24T14:50:05.843572 Streamed file sharding: 420000 train files across 99 ranks via round-robin (rank 0 shard: 3636 files)
[OUTPUT] 2026-07-24T14:50:07.521773 Max steps per epoch per rank: 51428 = 1 * 360000 / 7 (samples per file * local files / batch size)
[OUTPUT] 2026-07-24T14:50:07.739280 Reshard for epoch 1: 3636 train files, 0 eval files redistributed via alltoall in 0.22s
[OUTPUT] 2026-07-24T14:50:10.714967 Worker pre-warm complete (12 workers spawned)
[OUTPUT] 2026-07-24T14:50:10.990705 Starting epoch 1: 519 steps expected
[OUTPUT] 2026-07-24T14:50:10.991090 Starting block 1
[OUTPUT] 2026-07-24T14:51:43.237859 Ending block 1 - 519 steps completed in 92.25 s
[OUTPUT] 2026-07-24T14:51:43.242973 Epoch 1 - Block 1 [Training] Accelerator Utilization [AU] (%): 93.0363
[OUTPUT] 2026-07-24T14:51:43.243037 Epoch 1 - Block 1 [Training] Throughput (samples/second): 3978.3204
[OUTPUT] 2026-07-24T14:51:43.245863 Epoch 1 - Block 1 [Training] Computation time per step (second): 0.1621+/-0.0000 (set value: {'mean': 0.162})
[OUTPUT] 2026-07-24T14:51:43.313302 Ending epoch 1 - 519 steps completed in 92.32 s
[OUTPUT] 2026-07-24T14:51:44.588153 Reshard for epoch 2: 3636 train files, 0 eval files redistributed via alltoall in 1.27s
[OUTPUT] 2026-07-24T14:51:47.241494 Worker pre-warm complete for epoch 2 (12 workers spawned)
[OUTPUT] 2026-07-24T14:51:47.670919 Starting epoch 2: 519 steps expected
[OUTPUT] 2026-07-24T14:51:47.671378 Starting block 1
[OUTPUT] 2026-07-24T14:53:19.827948 Ending block 1 - 519 steps completed in 92.16 s
[OUTPUT] 2026-07-24T14:53:19.830012 Epoch 2 - Block 1 [Training] Accelerator Utilization [AU] (%): 93.4826
[OUTPUT] 2026-07-24T14:53:19.830055 Epoch 2 - Block 1 [Training] Throughput (samples/second): 3997.3581
[OUTPUT] 2026-07-24T14:53:19.830314 Epoch 2 - Block 1 [Training] Computation time per step (second): 0.1621+/-0.0000 (set value: {'mean': 0.162})
[OUTPUT] 2026-07-24T14:53:19.890064 Ending epoch 2 - 519 steps completed in 92.22 s
[OUTPUT] 2026-07-24T14:53:19.911640 Reshard for epoch 3: 3636 train files, 0 eval files redistributed via alltoall in 0.02s
[OUTPUT] 2026-07-24T14:53:22.754658 Worker pre-warm complete for epoch 3 (12 workers spawned)
[OUTPUT] 2026-07-24T14:53:23.171113 Starting epoch 3: 519 steps expected
[OUTPUT] 2026-07-24T14:53:23.171598 Starting block 1
[OUTPUT] 2026-07-24T14:54:55.309405 Ending block 1 - 519 steps completed in 92.14 s
[OUTPUT] 2026-07-24T14:54:55.311030 Epoch 3 - Block 1 [Training] Accelerator Utilization [AU] (%): 93.3355
[OUTPUT] 2026-07-24T14:54:55.311073 Epoch 3 - Block 1 [Training] Throughput (samples/second): 3990.9375
[OUTPUT] 2026-07-24T14:54:55.311275 Epoch 3 - Block 1 [Training] Computation time per step (second): 0.1621+/-0.0000 (set value: {'mean': 0.162})
[OUTPUT] 2026-07-24T14:54:55.408995 Ending epoch 3 - 519 steps completed in 92.24 s
[OUTPUT] 2026-07-24T14:54:55.429336 Reshard for epoch 4: 3636 train files, 0 eval files redistributed via alltoall in 0.02s
[OUTPUT] 2026-07-24T14:54:58.144067 Worker pre-warm complete for epoch 4 (12 workers spawned)
[OUTPUT] 2026-07-24T14:54:58.569015 Starting epoch 4: 519 steps expected
[OUTPUT] 2026-07-24T14:54:58.569502 Starting block 1
[OUTPUT] 2026-07-24T14:56:30.339527 Ending block 1 - 519 steps completed in 91.77 s
[OUTPUT] 2026-07-24T14:56:30.341638 Epoch 4 - Block 1 [Training] Accelerator Utilization [AU] (%): 93.5969
[OUTPUT] 2026-07-24T14:56:30.341692 Epoch 4 - Block 1 [Training] Throughput (samples/second): 4002.0798
[OUTPUT] 2026-07-24T14:56:30.341902 Epoch 4 - Block 1 [Training] Computation time per step (second): 0.1621+/-0.0000 (set value: {'mean': 0.162})
[OUTPUT] 2026-07-24T14:56:30.668917 Ending epoch 4 - 519 steps completed in 92.10 s
[OUTPUT] 2026-07-24T14:56:30.719401 Reshard for epoch 5: 3636 train files, 0 eval files redistributed via alltoall in 0.05s
[OUTPUT] 2026-07-24T14:56:33.632917 Worker pre-warm complete for epoch 5 (12 workers spawned)
[OUTPUT] 2026-07-24T14:56:34.048326 Starting epoch 5: 519 steps expected
[OUTPUT] 2026-07-24T14:56:34.048741 Starting block 1
[OUTPUT] 2026-07-24T14:58:05.898638 Ending block 1 - 519 steps completed in 91.85 s
[OUTPUT] 2026-07-24T14:58:05.900805 Epoch 5 - Block 1 [Training] Accelerator Utilization [AU] (%): 93.7171
[OUTPUT] 2026-07-24T14:58:05.900849 Epoch 5 - Block 1 [Training] Throughput (samples/second): 4007.2128
[OUTPUT] 2026-07-24T14:58:05.901080 Epoch 5 - Block 1 [Training] Computation time per step (second): 0.1621+/-0.0000 (set value: {'mean': 0.162})
[OUTPUT] 2026-07-24T14:58:05.955040 Ending epoch 5 - 519 steps completed in 91.91 s
[OUTPUT] 2026-07-24T14:58:05.976607 Reshard for epoch 6: 3636 train files, 0 eval files redistributed via alltoall in 0.02s
[OUTPUT] 2026-07-24T14:58:08.844734 Worker pre-warm complete for epoch 6 (12 workers spawned)
[OUTPUT] 2026-07-24T14:58:08.940620 Saved outputs in /home/mlperf/results/YanRongTech/closed/YanRongTech/results/YanRongTech_F9000X_9_Clients/training/unet3d/run/20260724_144936
[OUTPUT] Averaged metric over all steps/epochs
[METRIC] ==========================================================
[METRIC] Number of Simulated Accelerators: 99 
[METRIC] Training Accelerator Utilization [AU] (%): 93.5380 (0.1807)
[METRIC] Training Throughput (samples/second): 3999.5025 (7.7072)
[METRIC] Training I/O Throughput (MiB/second): 559167.4630 (1077.5400)
[METRIC] train_au_meet_expectation: success
[METRIC] ==========================================================

[OUTPUT] 2026-07-24T14:58:08.956551 outputs saved in RANKID_output.json
