[OUTPUT] [DEBUG DLIOBenchmark.__init__] After LoadConfig:
[OUTPUT]   storage_type   = <StorageType.LOCAL_FS: 'local_fs'>
[OUTPUT]   storage_root   = './'
[OUTPUT]   storage_options= None
[OUTPUT]   data_folder    = '/mnt/ubix/retinanet'
[OUTPUT]   framework      = <FrameworkType.PYTORCH: 'pytorch'>
[OUTPUT]   num_files_train= 68090280
[OUTPUT]   record_length  = 322957
[OUTPUT]   generate_data  = False
[OUTPUT]   do_train       = True
[OUTPUT]   do_checkpoint  = False
[OUTPUT]   epochs         = 8
[OUTPUT]   batch_size     = 24
[OUTPUT] 2026-07-23T18:45:52.369959 Running DLIO [Training] with 688 process(es)
[OUTPUT] 2026-07-23T18:45:52.568230 skip_listing [train]: validating 6,811 of 68,090,280 files (first, last, every 10,000) via HEAD requests ...
[OUTPUT] 2026-07-23T18:45:52.586617 skip_listing [train]:   500/6,811 checked (7%)  —  27565 checks/s  —  ETA 0s  —  0 failed so far
[OUTPUT] 2026-07-23T18:45:52.600403 skip_listing [train]:   1,000/6,811 checked (15%)  —  31322 checks/s  —  ETA 0s  —  0 failed so far
[OUTPUT] 2026-07-23T18:45:52.614106 skip_listing [train]:   1,500/6,811 checked (22%)  —  32873 checks/s  —  ETA 0s  —  0 failed so far
[OUTPUT] 2026-07-23T18:45:52.627722 skip_listing [train]:   2,000/6,811 checked (29%)  —  33757 checks/s  —  ETA 0s  —  0 failed so far
[OUTPUT] 2026-07-23T18:45:52.641527 skip_listing [train]:   2,500/6,811 checked (37%)  —  34223 checks/s  —  ETA 0s  —  0 failed so far
[OUTPUT] 2026-07-23T18:45:52.655099 skip_listing [train]:   3,000/6,811 checked (44%)  —  34632 checks/s  —  ETA 0s  —  0 failed so far
[OUTPUT] 2026-07-23T18:45:52.668839 skip_listing [train]:   3,500/6,811 checked (51%)  —  34873 checks/s  —  ETA 0s  —  0 failed so far
[OUTPUT] 2026-07-23T18:45:52.682373 skip_listing [train]:   4,000/6,811 checked (59%)  —  35119 checks/s  —  ETA 0s  —  0 failed so far
[OUTPUT] 2026-07-23T18:45:52.695888 skip_listing [train]:   4,500/6,811 checked (66%)  —  35318 checks/s  —  ETA 0s  —  0 failed so far
[OUTPUT] 2026-07-23T18:45:52.709556 skip_listing [train]:   5,000/6,811 checked (73%)  —  35441 checks/s  —  ETA 0s  —  0 failed so far
[OUTPUT] 2026-07-23T18:45:52.722873 skip_listing [train]:   5,500/6,811 checked (81%)  —  35622 checks/s  —  ETA 0s  —  0 failed so far
[OUTPUT] 2026-07-23T18:45:52.736461 skip_listing [train]:   6,000/6,811 checked (88%)  —  35717 checks/s  —  ETA 0s  —  0 failed so far
[OUTPUT] 2026-07-23T18:45:52.750867 skip_listing [train]:   6,500/6,811 checked (95%)  —  35639 checks/s  —  ETA 0s  —  0 failed so far
[OUTPUT] 2026-07-23T18:45:52.760898 skip_listing [train]: validation complete — all 6,811 samples exist (0.2s, 35397 checks/s); 98,969 URIs ready for rank 0 (68,090,280 total across all ranks)
[OUTPUT] 2026-07-23T18:45:52.762277 File listing [train]: 68090280 files discovered, 98968 assigned to rank 0, completed in 0.38s
[OUTPUT] 2026-07-23T18:45:52.762469 skip_listing [valid]: generated 0 file URIs deterministically (0 total — validation disabled)
[OUTPUT] 2026-07-23T18:45:52.762505 File listing [valid]: 0 files discovered, 0 assigned to rank 0, completed in 0.00s
[OUTPUT] 2026-07-23T18:45:52.762529 Streamed file sharding: 68090280 train files across 688 ranks via round-robin (rank 0 shard: 98968 files)
[WARNING] On host cn017: reader.read_threads=4 x local_ranks=43 = 172 workers, estimated ~86 GB — exceeds 50% of available RAM on this node (170 GB). Consider reducing read_threads to avoid OOM.
[WARNING] On host cn017: reader.read_threads=4 x local_ranks=43 = 172 workers, estimated ~86 GB — exceeds 50% of available RAM on this node (170 GB). Consider reducing read_threads to avoid OOM.
[WARNING] On host cn017: reader.read_threads=4 x local_ranks=43 = 172 workers, estimated ~86 GB — exceeds 50% of available RAM on this node (170 GB). Consider reducing read_threads to avoid OOM.
[WARNING] On host cn017: reader.read_threads=4 x local_ranks=43 = 172 workers, estimated ~86 GB — exceeds 50% of available RAM on this node (170 GB). Consider reducing read_threads to avoid OOM.
[WARNING] On host cn017: reader.read_threads=4 x local_ranks=43 = 172 workers, estimated ~86 GB — exceeds 50% of available RAM on this node (170 GB). Consider reducing read_threads to avoid OOM.
[WARNING] On host cn017: reader.read_threads=4 x local_ranks=43 = 172 workers, estimated ~86 GB — exceeds 50% of available RAM on this node (170 GB). Consider reducing read_threads to avoid OOM.
[WARNING] On host cn017: reader.read_threads=4 x local_ranks=43 = 172 workers, estimated ~86 GB — exceeds 50% of available RAM on this node (170 GB). Consider reducing read_threads to avoid OOM.
[WARNING] On host cn017: reader.read_threads=4 x local_ranks=43 = 172 workers, estimated ~86 GB — exceeds 50% of available RAM on this node (170 GB). Consider reducing read_threads to avoid OOM.
[WARNING] On host cn017: reader.read_threads=4 x local_ranks=43 = 172 workers, estimated ~86 GB — exceeds 50% of available RAM on this node (170 GB). Consider reducing read_threads to avoid OOM.
[WARNING] On host cn017: reader.read_threads=4 x local_ranks=43 = 172 workers, estimated ~86 GB — exceeds 50% of available RAM on this node (170 GB). Consider reducing read_threads to avoid OOM.
[WARNING] On host cn017: reader.read_threads=4 x local_ranks=43 = 172 workers, estimated ~86 GB — exceeds 50% of available RAM on this node (170 GB). Consider reducing read_threads to avoid OOM.
[WARNING] On host cn017: reader.read_threads=4 x local_ranks=43 = 172 workers, estimated ~86 GB — exceeds 50% of available RAM on this node (170 GB). Consider reducing read_threads to avoid OOM.
[WARNING] On host cn017: reader.read_threads=4 x local_ranks=43 = 172 workers, estimated ~86 GB — exceeds 50% of available RAM on this node (170 GB). Consider reducing read_threads to avoid OOM.
[WARNING] On host cn017: reader.read_threads=4 x local_ranks=43 = 172 workers, estimated ~86 GB — exceeds 50% of available RAM on this node (170 GB). Consider reducing read_threads to avoid OOM.
[WARNING] On host cn017: reader.read_threads=4 x local_ranks=43 = 172 workers, estimated ~86 GB — exceeds 50% of available RAM on this node (170 GB). Consider reducing read_threads to avoid OOM.
[WARNING] On host cn017: reader.read_threads=4 x local_ranks=43 = 172 workers, estimated ~86 GB — exceeds 50% of available RAM on this node (170 GB). Consider reducing read_threads to avoid OOM.
[WARNING] On host cn017: reader.read_threads=4 x local_ranks=43 = 172 workers, estimated ~86 GB — exceeds 50% of available RAM on this node (170 GB). Consider reducing read_threads to avoid OOM.
[WARNING] On host cn017: reader.read_threads=4 x local_ranks=43 = 172 workers, estimated ~86 GB — exceeds 50% of available RAM on this node (170 GB). Consider reducing read_threads to avoid OOM.
[WARNING] On host cn017: reader.read_threads=4 x local_ranks=43 = 172 workers, estimated ~86 GB — exceeds 50% of available RAM on this node (170 GB). Consider reducing read_threads to avoid OOM.
[WARNING] On host cn017: reader.read_threads=4 x local_ranks=43 = 172 workers, estimated ~86 GB — exceeds 50% of available RAM on this node (170 GB). Consider reducing read_threads to avoid OOM.
[WARNING] On host cn017: reader.read_threads=4 x local_ranks=43 = 172 workers, estimated ~86 GB — exceeds 50% of available RAM on this node (170 GB). Consider reducing read_threads to avoid OOM.
[WARNING] On host cn017: reader.read_threads=4 x local_ranks=43 = 172 workers, estimated ~86 GB — exceeds 50% of available RAM on this node (170 GB). Consider reducing read_threads to avoid OOM.
[WARNING] On host cn017: reader.read_threads=4 x local_ranks=43 = 172 workers, estimated ~86 GB — exceeds 50% of available RAM on this node (170 GB). Consider reducing read_threads to avoid OOM.
[WARNING] On host cn017: reader.read_threads=4 x local_ranks=43 = 172 workers, estimated ~86 GB — exceeds 50% of available RAM on this node (170 GB). Consider reducing read_threads to avoid OOM.
[WARNING] On host cn017: reader.read_threads=4 x local_ranks=43 = 172 workers, estimated ~86 GB — exceeds 50% of available RAM on this node (170 GB). Consider reducing read_threads to avoid OOM.
[WARNING] On host cn017: reader.read_threads=4 x local_ranks=43 = 172 workers, estimated ~86 GB — exceeds 50% of available RAM on this node (170 GB). Consider reducing read_threads to avoid OOM.
[WARNING] On host cn017: reader.read_threads=4 x local_ranks=43 = 172 workers, estimated ~86 GB — exceeds 50% of available RAM on this node (170 GB). Consider reducing read_threads to avoid OOM.
[WARNING] On host cn017: reader.read_threads=4 x local_ranks=43 = 172 workers, estimated ~86 GB — exceeds 50% of available RAM on this node (170 GB). Consider reducing read_threads to avoid OOM.
[WARNING] On host cn017: reader.read_threads=4 x local_ranks=43 = 172 workers, estimated ~86 GB — exceeds 50% of available RAM on this node (170 GB). Consider reducing read_threads to avoid OOM.
[WARNING] On host cn017: reader.read_threads=4 x local_ranks=43 = 172 workers, estimated ~86 GB — exceeds 50% of available RAM on this node (170 GB). Consider reducing read_threads to avoid OOM.
[WARNING] On host cn017: reader.read_threads=4 x local_ranks=43 = 172 workers, estimated ~86 GB — exceeds 50% of available RAM on this node (170 GB). Consider reducing read_threads to avoid OOM.
[WARNING] On host cn017: reader.read_threads=4 x local_ranks=43 = 172 workers, estimated ~86 GB — exceeds 50% of available RAM on this node (170 GB). Consider reducing read_threads to avoid OOM.
[WARNING] On host cn017: reader.read_threads=4 x local_ranks=43 = 172 workers, estimated ~86 GB — exceeds 50% of available RAM on this node (170 GB). Consider reducing read_threads to avoid OOM.
[WARNING] On host cn017: reader.read_threads=4 x local_ranks=43 = 172 workers, estimated ~86 GB — exceeds 50% of available RAM on this node (170 GB). Consider reducing read_threads to avoid OOM.
[WARNING] On host cn017: reader.read_threads=4 x local_ranks=43 = 172 workers, estimated ~86 GB — exceeds 50% of available RAM on this node (170 GB). Consider reducing read_threads to avoid OOM.
[WARNING] On host cn017: reader.read_threads=4 x local_ranks=43 = 172 workers, estimated ~86 GB — exceeds 50% of available RAM on this node (170 GB). Consider reducing read_threads to avoid OOM.
[WARNING] On host cn017: reader.read_threads=4 x local_ranks=43 = 172 workers, estimated ~86 GB — exceeds 50% of available RAM on this node (170 GB). Consider reducing read_threads to avoid OOM.
[WARNING] On host cn017: reader.read_threads=4 x local_ranks=43 = 172 workers, estimated ~86 GB — exceeds 50% of available RAM on this node (170 GB). Consider reducing read_threads to avoid OOM.
[WARNING] On host cn017: reader.read_threads=4 x local_ranks=43 = 172 workers, estimated ~86 GB — exceeds 50% of available RAM on this node (170 GB). Consider reducing read_threads to avoid OOM.
[WARNING] On host cn017: reader.read_threads=4 x local_ranks=43 = 172 workers, estimated ~86 GB — exceeds 50% of available RAM on this node (170 GB). Consider reducing read_threads to avoid OOM.
[WARNING] On host cn017: reader.read_threads=4 x local_ranks=43 = 172 workers, estimated ~86 GB — exceeds 50% of available RAM on this node (170 GB). Consider reducing read_threads to avoid OOM.
[WARNING] On host cn017: reader.read_threads=4 x local_ranks=43 = 172 workers, estimated ~86 GB — exceeds 50% of available RAM on this node (170 GB). Consider reducing read_threads to avoid OOM.
[WARNING] On host cn017: reader.read_threads=4 x local_ranks=43 = 172 workers, estimated ~86 GB — exceeds 50% of available RAM on this node (170 GB). Consider reducing read_threads to avoid OOM.
[OUTPUT] 2026-07-23T18:45:53.397034 Max steps per epoch per rank: 2837095 = 1 * 68090280 / 24 (samples per file * local files / batch size)
[OUTPUT] 2026-07-23T18:45:55.977227 Reshard for epoch 1: 98968 train files, 0 eval files redistributed via alltoall in 2.58s
[OUTPUT] 2026-07-23T18:45:56.800751 Worker pre-warm complete (4 workers spawned)
[OUTPUT] 2026-07-23T18:45:57.104043 Starting epoch 1: 4123 steps expected
[OUTPUT] 2026-07-23T18:45:57.104366 Starting block 1
[OUTPUT] 2026-07-23T18:49:48.175850 Ending block 1 - 4123 steps completed in 231.07 s
[OUTPUT] 2026-07-23T18:49:48.180234 Epoch 1 - Block 1 [Training] Accelerator Utilization [AU] (%): 85.1373
[OUTPUT] 2026-07-23T18:49:48.180288 Epoch 1 - Block 1 [Training] Throughput (samples/second): 295168.5815
[OUTPUT] 2026-07-23T18:49:48.182248 Epoch 1 - Block 1 [Training] Computation time per step (second): 0.0476+/-0.0000 (set value: {'mean': 0.04755})
[OUTPUT] 2026-07-23T18:49:48.203982 Ending epoch 1 - 4123 steps completed in 231.10 s
[OUTPUT] 2026-07-23T18:49:48.641262 Reshard for epoch 2: 98968 train files, 0 eval files redistributed via alltoall in 0.44s
[OUTPUT] 2026-07-23T18:49:50.116721 Worker pre-warm complete for epoch 2 (4 workers spawned)
[OUTPUT] 2026-07-23T18:50:10.827609 Starting epoch 2: 4123 steps expected
[OUTPUT] 2026-07-23T18:50:10.828179 Starting block 1
[OUTPUT] 2026-07-23T18:54:01.394600 Ending block 1 - 4123 steps completed in 230.57 s
[OUTPUT] 2026-07-23T18:54:01.396700 Epoch 2 - Block 1 [Training] Accelerator Utilization [AU] (%): 85.3072
[OUTPUT] 2026-07-23T18:54:01.396757 Epoch 2 - Block 1 [Training] Throughput (samples/second): 295764.8917
[OUTPUT] 2026-07-23T18:54:01.397213 Epoch 2 - Block 1 [Training] Computation time per step (second): 0.0476+/-0.0000 (set value: {'mean': 0.04755})
[OUTPUT] 2026-07-23T18:54:01.435526 Ending epoch 2 - 4123 steps completed in 230.61 s
[OUTPUT] 2026-07-23T18:54:01.880334 Reshard for epoch 3: 98968 train files, 0 eval files redistributed via alltoall in 0.44s
[OUTPUT] 2026-07-23T18:54:03.182474 Worker pre-warm complete for epoch 3 (4 workers spawned)
[OUTPUT] 2026-07-23T18:54:26.810698 Starting epoch 3: 4123 steps expected
[OUTPUT] 2026-07-23T18:54:26.811036 Starting block 1
[OUTPUT] 2026-07-23T18:58:16.667347 Ending block 1 - 4123 steps completed in 229.86 s
[OUTPUT] 2026-07-23T18:58:16.668897 Epoch 3 - Block 1 [Training] Accelerator Utilization [AU] (%): 85.5499
[OUTPUT] 2026-07-23T18:58:16.668942 Epoch 3 - Block 1 [Training] Throughput (samples/second): 296624.4180
[OUTPUT] 2026-07-23T18:58:16.669290 Epoch 3 - Block 1 [Training] Computation time per step (second): 0.0476+/-0.0000 (set value: {'mean': 0.04755})
[OUTPUT] 2026-07-23T18:58:16.699544 Ending epoch 3 - 4123 steps completed in 229.89 s
[OUTPUT] 2026-07-23T18:58:17.353409 Reshard for epoch 4: 98968 train files, 0 eval files redistributed via alltoall in 0.65s
[OUTPUT] 2026-07-23T18:58:18.845894 Worker pre-warm complete for epoch 4 (4 workers spawned)
[OUTPUT] 2026-07-23T18:58:39.628593 Starting epoch 4: 4123 steps expected
[OUTPUT] 2026-07-23T18:58:39.628890 Starting block 1
[OUTPUT] 2026-07-23T19:02:29.657262 Ending block 1 - 4123 steps completed in 230.03 s
[OUTPUT] 2026-07-23T19:02:29.659699 Epoch 4 - Block 1 [Training] Accelerator Utilization [AU] (%): 85.4981
[OUTPUT] 2026-07-23T19:02:29.659757 Epoch 4 - Block 1 [Training] Throughput (samples/second): 296446.6792
[OUTPUT] 2026-07-23T19:02:29.660238 Epoch 4 - Block 1 [Training] Computation time per step (second): 0.0476+/-0.0000 (set value: {'mean': 0.04755})
[OUTPUT] 2026-07-23T19:02:29.672062 Ending epoch 4 - 4123 steps completed in 230.04 s
[OUTPUT] 2026-07-23T19:02:30.096328 Reshard for epoch 5: 98968 train files, 0 eval files redistributed via alltoall in 0.42s
[OUTPUT] 2026-07-23T19:02:31.535854 Worker pre-warm complete for epoch 5 (4 workers spawned)
[OUTPUT] 2026-07-23T19:02:55.006566 Starting epoch 5: 4123 steps expected
[OUTPUT] 2026-07-23T19:02:55.007029 Starting block 1
[OUTPUT] 2026-07-23T19:06:44.380907 Ending block 1 - 4123 steps completed in 229.37 s
[OUTPUT] 2026-07-23T19:06:44.382546 Epoch 5 - Block 1 [Training] Accelerator Utilization [AU] (%): 85.7411
[OUTPUT] 2026-07-23T19:06:44.382649 Epoch 5 - Block 1 [Training] Throughput (samples/second): 297289.7068
[OUTPUT] 2026-07-23T19:06:44.383060 Epoch 5 - Block 1 [Training] Computation time per step (second): 0.0476+/-0.0000 (set value: {'mean': 0.04755})
[OUTPUT] 2026-07-23T19:06:44.414227 Ending epoch 5 - 4123 steps completed in 229.41 s
[OUTPUT] 2026-07-23T19:06:44.843952 Reshard for epoch 6: 98968 train files, 0 eval files redistributed via alltoall in 0.43s
[OUTPUT] 2026-07-23T19:06:46.276924 Worker pre-warm complete for epoch 6 (4 workers spawned)
[OUTPUT] 2026-07-23T19:07:10.021138 Starting epoch 6: 4123 steps expected
[OUTPUT] 2026-07-23T19:07:10.021449 Starting block 1
[OUTPUT] 2026-07-23T19:10:59.475134 Ending block 1 - 4123 steps completed in 229.45 s
[OUTPUT] 2026-07-23T19:10:59.476884 Epoch 6 - Block 1 [Training] Accelerator Utilization [AU] (%): 85.7047
[OUTPUT] 2026-07-23T19:10:59.476938 Epoch 6 - Block 1 [Training] Throughput (samples/second): 297121.8857
[OUTPUT] 2026-07-23T19:10:59.477318 Epoch 6 - Block 1 [Training] Computation time per step (second): 0.0476+/-0.0000 (set value: {'mean': 0.04755})
[OUTPUT] 2026-07-23T19:10:59.513814 Ending epoch 6 - 4123 steps completed in 229.49 s
[OUTPUT] 2026-07-23T19:10:59.938901 Reshard for epoch 7: 98968 train files, 0 eval files redistributed via alltoall in 0.42s
[OUTPUT] 2026-07-23T19:11:01.136119 Worker pre-warm complete for epoch 7 (4 workers spawned)
[OUTPUT] 2026-07-23T19:11:24.874365 Starting epoch 7: 4123 steps expected
[OUTPUT] 2026-07-23T19:11:24.874741 Starting block 1
[OUTPUT] 2026-07-23T19:15:14.279418 Ending block 1 - 4123 steps completed in 229.40 s
[OUTPUT] 2026-07-23T19:15:14.281717 Epoch 7 - Block 1 [Training] Accelerator Utilization [AU] (%): 85.6953
[OUTPUT] 2026-07-23T19:15:14.281775 Epoch 7 - Block 1 [Training] Throughput (samples/second): 297116.2353
[OUTPUT] 2026-07-23T19:15:14.282211 Epoch 7 - Block 1 [Training] Computation time per step (second): 0.0476+/-0.0000 (set value: {'mean': 0.04755})
[OUTPUT] 2026-07-23T19:15:14.286992 Ending epoch 7 - 4123 steps completed in 229.41 s
[OUTPUT] 2026-07-23T19:15:14.728870 Reshard for epoch 8: 98968 train files, 0 eval files redistributed via alltoall in 0.44s
[OUTPUT] 2026-07-23T19:15:16.149857 Worker pre-warm complete for epoch 8 (4 workers spawned)
[OUTPUT] 2026-07-23T19:15:38.824266 Starting epoch 8: 4123 steps expected
[OUTPUT] 2026-07-23T19:15:38.824617 Starting block 1
[OUTPUT] 2026-07-23T19:19:28.606568 Ending block 1 - 4123 steps completed in 229.78 s
[OUTPUT] 2026-07-23T19:19:28.608113 Epoch 8 - Block 1 [Training] Accelerator Utilization [AU] (%): 85.5818
[OUTPUT] 2026-07-23T19:19:28.608158 Epoch 8 - Block 1 [Training] Throughput (samples/second): 296725.5480
[OUTPUT] 2026-07-23T19:19:28.608522 Epoch 8 - Block 1 [Training] Computation time per step (second): 0.0476+/-0.0000 (set value: {'mean': 0.04755})
[OUTPUT] 2026-07-23T19:19:28.628019 Ending epoch 8 - 4123 steps completed in 229.80 s
[OUTPUT] 2026-07-23T19:19:29.050319 Reshard for epoch 9: 98968 train files, 0 eval files redistributed via alltoall in 0.42s
[OUTPUT] 2026-07-23T19:19:30.505841 Worker pre-warm complete for epoch 9 (4 workers spawned)
[OUTPUT] 2026-07-23T19:19:30.665660 Saved outputs in /mnt/share/storage_results_v3/closed/UBIX/results/UbiPower18000_16x15.36TB_NVMe_4xNDR400_3xStorageNode_16hosts256GBMem/training/retinanet/run/20260723_184517
[OUTPUT] Averaged metric over all steps/epochs
[METRIC] ==========================================================
[METRIC] Number of Simulated Accelerators: 688 
[METRIC] Training Accelerator Utilization [AU] (%): 85.5456 (0.2225)
[METRIC] Training Throughput (samples/second): 296593.0022 (772.1342)
[METRIC] Training I/O Throughput (MiB/second): 91349.3978 (237.8141)
[METRIC] train_au_meet_expectation: success
[METRIC] ==========================================================

[OUTPUT] 2026-07-23T19:19:40.026600 outputs saved in RANKID_output.json
