[OUTPUT] [DEBUG DLIOBenchmark.__init__] After LoadConfig:
[OUTPUT]   storage_type   = <StorageType.S3: 's3'>
[OUTPUT]   storage_root   = 'mlp-unet3d-gcp-3n8c'
[OUTPUT]   storage_options= {'storage_library': 's3dlio', 'uri_scheme': 's3', 'access_key_id': 'ais', 'secret_access_key': 'ais', 'endpoint_url': 'http://10.20.0.25:51080/s3/', 'region': 'us-east-1'}
[OUTPUT]   data_folder    = 'data/gcp3n8c-unet/unet3d'
[OUTPUT]   framework      = <FrameworkType.PYTORCH: 'pytorch'>
[OUTPUT]   num_files_train= 112501
[OUTPUT]   record_length  = 146600628
[OUTPUT]   generate_data  = False
[OUTPUT]   do_train       = True
[OUTPUT]   do_checkpoint  = False
[OUTPUT]   epochs         = 5
[OUTPUT]   batch_size     = 7
[OUTPUT] 2026-07-23T06:32:34.473632 Running DLIO [Training] with 8 process(es)
[OUTPUT] 2026-07-23T06:32:34.520070 skip_listing [train]: validating 1,126 of 112,501 files (first, last, every 100) via HEAD requests ...
[OUTPUT] 2026-07-23T06:32:34.681464 skip_listing [train]:   112/1,126 checked (10%)  —  695 checks/s  —  ETA 1s  —  0 failed so far
[OUTPUT] 2026-07-23T06:32:34.825040 skip_listing [train]:   224/1,126 checked (20%)  —  735 checks/s  —  ETA 1s  —  0 failed so far
[OUTPUT] 2026-07-23T06:32:34.968836 skip_listing [train]:   336/1,126 checked (30%)  —  749 checks/s  —  ETA 1s  —  0 failed so far
[OUTPUT] 2026-07-23T06:32:35.114670 skip_listing [train]:   448/1,126 checked (40%)  —  754 checks/s  —  ETA 1s  —  0 failed so far
[OUTPUT] 2026-07-23T06:32:35.258421 skip_listing [train]:   560/1,126 checked (50%)  —  759 checks/s  —  ETA 1s  —  0 failed so far
[OUTPUT] 2026-07-23T06:32:35.402029 skip_listing [train]:   672/1,126 checked (60%)  —  762 checks/s  —  ETA 1s  —  0 failed so far
[OUTPUT] 2026-07-23T06:32:35.547185 skip_listing [train]:   784/1,126 checked (70%)  —  763 checks/s  —  ETA 0s  —  0 failed so far
[OUTPUT] 2026-07-23T06:32:35.694278 skip_listing [train]:   896/1,126 checked (80%)  —  763 checks/s  —  ETA 0s  —  0 failed so far
[OUTPUT] 2026-07-23T06:32:35.838367 skip_listing [train]:   1,008/1,126 checked (90%)  —  765 checks/s  —  ETA 0s  —  0 failed so far
[OUTPUT] 2026-07-23T06:32:35.981480 skip_listing [train]:   1,120/1,126 checked (99%)  —  766 checks/s  —  ETA 0s  —  0 failed so far
[OUTPUT] 2026-07-23T06:32:35.988007 skip_listing [train]: validation complete — all 1,126 samples exist (1.5s, 767 checks/s); 14,063 URIs ready for rank 0 (112,501 total across all ranks)
[OUTPUT] 2026-07-23T06:32:35.988336 File listing [train]: 112501 files discovered, 14062 assigned to rank 0, completed in 1.50s
[OUTPUT] 2026-07-23T06:32:35.988422 skip_listing [valid]: generated 0 file URIs deterministically (0 total — validation disabled)
[OUTPUT] 2026-07-23T06:32:35.988477 File listing [valid]: 0 files discovered, 0 assigned to rank 0, completed in 0.00s
[OUTPUT] 2026-07-23T06:32:35.988524 Streamed file sharding: 112501 train files across 8 ranks via round-robin (rank 0 shard: 14062 files)
[OUTPUT] 2026-07-23T06:32:36.374898 Max steps per epoch per rank: 16071 = 1 * 112501 / 7 (samples per file * local files / batch size)
[OUTPUT] 2026-07-23T06:32:36.389316 Reshard for epoch 1: 14062 train files, 0 eval files redistributed via alltoall in 0.01s
[WARNING] NPZReaderS3Iterable[thread=2] [resource-probe] RAM projection: prefetch=64 x dataloader_workers=4 x ranks_per_node=8 x record_length=139 MiB = 286329 MiB of in-flight buffer memory, but only 370034 MiB (of 386919 MiB total) is currently available.  OOM / swap-thrash under load is likely.  Fix: reduce storage_options.prefetch_window, or reduce DataLoader worker count, or move the S3 target off-node.
[WARNING] NPZReaderS3Iterable[thread=1] [resource-probe] RAM projection: prefetch=64 x dataloader_workers=4 x ranks_per_node=8 x record_length=139 MiB = 286329 MiB of in-flight buffer memory, but only 370034 MiB (of 386919 MiB total) is currently available.  OOM / swap-thrash under load is likely.  Fix: reduce storage_options.prefetch_window, or reduce DataLoader worker count, or move the S3 target off-node.
[WARNING] NPZReaderS3Iterable[thread=0] [resource-probe] RAM projection: prefetch=64 x dataloader_workers=4 x ranks_per_node=8 x record_length=139 MiB = 286329 MiB of in-flight buffer memory, but only 370034 MiB (of 386919 MiB total) is currently available.  OOM / swap-thrash under load is likely.  Fix: reduce storage_options.prefetch_window, or reduce DataLoader worker count, or move the S3 target off-node.
[WARNING] NPZReaderS3Iterable[thread=3] [resource-probe] RAM projection: prefetch=64 x dataloader_workers=4 x ranks_per_node=8 x record_length=139 MiB = 286329 MiB of in-flight buffer memory, but only 370031 MiB (of 386919 MiB total) is currently available.  OOM / swap-thrash under load is likely.  Fix: reduce storage_options.prefetch_window, or reduce DataLoader worker count, or move the S3 target off-node.
[OUTPUT] 2026-07-23T06:32:49.338999 Worker pre-warm complete (4 workers spawned)
[OUTPUT] 2026-07-23T06:32:50.137223 Starting epoch 1: 2008 steps expected
[OUTPUT] 2026-07-23T06:32:50.138050 Starting block 1
[WARNING] NPZReaderS3Iterable[thread=0] [resource-probe] RAM projection: prefetch=64 x dataloader_workers=4 x ranks_per_node=8 x record_length=139 MiB = 286329 MiB of in-flight buffer memory, but only 345106 MiB (of 386919 MiB total) is currently available.  OOM / swap-thrash under load is likely.  Fix: reduce storage_options.prefetch_window, or reduce DataLoader worker count, or move the S3 target off-node.
[WARNING] NPZReaderS3Iterable[thread=2] [resource-probe] RAM projection: prefetch=64 x dataloader_workers=4 x ranks_per_node=8 x record_length=139 MiB = 286329 MiB of in-flight buffer memory, but only 345122 MiB (of 386919 MiB total) is currently available.  OOM / swap-thrash under load is likely.  Fix: reduce storage_options.prefetch_window, or reduce DataLoader worker count, or move the S3 target off-node.
[WARNING] NPZReaderS3Iterable[thread=1] [resource-probe] RAM projection: prefetch=64 x dataloader_workers=4 x ranks_per_node=8 x record_length=139 MiB = 286329 MiB of in-flight buffer memory, but only 345122 MiB (of 386919 MiB total) is currently available.  OOM / swap-thrash under load is likely.  Fix: reduce storage_options.prefetch_window, or reduce DataLoader worker count, or move the S3 target off-node.
[WARNING] NPZReaderS3Iterable[thread=3] [resource-probe] RAM projection: prefetch=64 x dataloader_workers=4 x ranks_per_node=8 x record_length=139 MiB = 286329 MiB of in-flight buffer memory, but only 345122 MiB (of 386919 MiB total) is currently available.  OOM / swap-thrash under load is likely.  Fix: reduce storage_options.prefetch_window, or reduce DataLoader worker count, or move the S3 target off-node.
[OUTPUT] 2026-07-23T06:38:25.768208 Ending block 1 - 2008 steps completed in 335.63 s
[OUTPUT] 2026-07-23T06:38:25.781768 Epoch 1 - Block 1 [Training] Accelerator Utilization [AU] (%): 98.0053
[OUTPUT] 2026-07-23T06:38:25.781829 Epoch 1 - Block 1 [Training] Throughput (samples/second): 338.4827
[OUTPUT] 2026-07-23T06:38:25.783827 Epoch 1 - Block 1 [Training] Computation time per step (second): 0.1621+/-0.0000 (set value: {'mean': 0.162})
[OUTPUT] 2026-07-23T06:38:25.784393 Ending epoch 1 - 2008 steps completed in 335.65 s
[OUTPUT] 2026-07-23T06:38:25.798437 Reshard for epoch 2: 14062 train files, 0 eval files redistributed via alltoall in 0.01s
[WARNING] NPZReaderS3Iterable[thread=1] [resource-probe] RAM projection: prefetch=64 x dataloader_workers=4 x ranks_per_node=8 x record_length=139 MiB = 286329 MiB of in-flight buffer memory, but only 329870 MiB (of 386919 MiB total) is currently available.  OOM / swap-thrash under load is likely.  Fix: reduce storage_options.prefetch_window, or reduce DataLoader worker count, or move the S3 target off-node.
[WARNING] NPZReaderS3Iterable[thread=3] [resource-probe] RAM projection: prefetch=64 x dataloader_workers=4 x ranks_per_node=8 x record_length=139 MiB = 286329 MiB of in-flight buffer memory, but only 329870 MiB (of 386919 MiB total) is currently available.  OOM / swap-thrash under load is likely.  Fix: reduce storage_options.prefetch_window, or reduce DataLoader worker count, or move the S3 target off-node.
[WARNING] NPZReaderS3Iterable[thread=0] [resource-probe] RAM projection: prefetch=64 x dataloader_workers=4 x ranks_per_node=8 x record_length=139 MiB = 286329 MiB of in-flight buffer memory, but only 329870 MiB (of 386919 MiB total) is currently available.  OOM / swap-thrash under load is likely.  Fix: reduce storage_options.prefetch_window, or reduce DataLoader worker count, or move the S3 target off-node.
[WARNING] NPZReaderS3Iterable[thread=2] [resource-probe] RAM projection: prefetch=64 x dataloader_workers=4 x ranks_per_node=8 x record_length=139 MiB = 286329 MiB of in-flight buffer memory, but only 329870 MiB (of 386919 MiB total) is currently available.  OOM / swap-thrash under load is likely.  Fix: reduce storage_options.prefetch_window, or reduce DataLoader worker count, or move the S3 target off-node.
[OUTPUT] 2026-07-23T06:38:28.974333 Worker pre-warm complete for epoch 2 (4 workers spawned)
[OUTPUT] 2026-07-23T06:38:29.835762 Starting epoch 2: 2008 steps expected
[OUTPUT] 2026-07-23T06:38:29.836284 Starting block 1
[WARNING] NPZReaderS3Iterable[thread=2] [resource-probe] RAM projection: prefetch=64 x dataloader_workers=4 x ranks_per_node=8 x record_length=139 MiB = 286329 MiB of in-flight buffer memory, but only 326438 MiB (of 386919 MiB total) is currently available.  OOM / swap-thrash under load is likely.  Fix: reduce storage_options.prefetch_window, or reduce DataLoader worker count, or move the S3 target off-node.
[WARNING] NPZReaderS3Iterable[thread=0] [resource-probe] RAM projection: prefetch=64 x dataloader_workers=4 x ranks_per_node=8 x record_length=139 MiB = 286329 MiB of in-flight buffer memory, but only 326438 MiB (of 386919 MiB total) is currently available.  OOM / swap-thrash under load is likely.  Fix: reduce storage_options.prefetch_window, or reduce DataLoader worker count, or move the S3 target off-node.
[WARNING] NPZReaderS3Iterable[thread=1] [resource-probe] RAM projection: prefetch=64 x dataloader_workers=4 x ranks_per_node=8 x record_length=139 MiB = 286329 MiB of in-flight buffer memory, but only 326446 MiB (of 386919 MiB total) is currently available.  OOM / swap-thrash under load is likely.  Fix: reduce storage_options.prefetch_window, or reduce DataLoader worker count, or move the S3 target off-node.
[WARNING] NPZReaderS3Iterable[thread=3] [resource-probe] RAM projection: prefetch=64 x dataloader_workers=4 x ranks_per_node=8 x record_length=139 MiB = 286329 MiB of in-flight buffer memory, but only 326446 MiB (of 386919 MiB total) is currently available.  OOM / swap-thrash under load is likely.  Fix: reduce storage_options.prefetch_window, or reduce DataLoader worker count, or move the S3 target off-node.
[OUTPUT] 2026-07-23T06:44:06.919753 Ending block 1 - 2008 steps completed in 337.08 s
[OUTPUT] 2026-07-23T06:44:06.922389 Epoch 2 - Block 1 [Training] Accelerator Utilization [AU] (%): 97.5436
[OUTPUT] 2026-07-23T06:44:06.922463 Epoch 2 - Block 1 [Training] Throughput (samples/second): 336.9022
[OUTPUT] 2026-07-23T06:44:06.923073 Epoch 2 - Block 1 [Training] Computation time per step (second): 0.1621+/-0.0000 (set value: {'mean': 0.162})
[OUTPUT] 2026-07-23T06:44:06.923764 Ending epoch 2 - 2008 steps completed in 337.09 s
[OUTPUT] 2026-07-23T06:44:06.936719 Reshard for epoch 3: 14062 train files, 0 eval files redistributed via alltoall in 0.01s
[WARNING] NPZReaderS3Iterable[thread=3] [resource-probe] RAM projection: prefetch=64 x dataloader_workers=4 x ranks_per_node=8 x record_length=139 MiB = 286329 MiB of in-flight buffer memory, but only 328745 MiB (of 386919 MiB total) is currently available.  OOM / swap-thrash under load is likely.  Fix: reduce storage_options.prefetch_window, or reduce DataLoader worker count, or move the S3 target off-node.
[WARNING] NPZReaderS3Iterable[thread=2] [resource-probe] RAM projection: prefetch=64 x dataloader_workers=4 x ranks_per_node=8 x record_length=139 MiB = 286329 MiB of in-flight buffer memory, but only 328745 MiB (of 386919 MiB total) is currently available.  OOM / swap-thrash under load is likely.  Fix: reduce storage_options.prefetch_window, or reduce DataLoader worker count, or move the S3 target off-node.
[WARNING] NPZReaderS3Iterable[thread=1] [resource-probe] RAM projection: prefetch=64 x dataloader_workers=4 x ranks_per_node=8 x record_length=139 MiB = 286329 MiB of in-flight buffer memory, but only 328745 MiB (of 386919 MiB total) is currently available.  OOM / swap-thrash under load is likely.  Fix: reduce storage_options.prefetch_window, or reduce DataLoader worker count, or move the S3 target off-node.
[WARNING] NPZReaderS3Iterable[thread=0] [resource-probe] RAM projection: prefetch=64 x dataloader_workers=4 x ranks_per_node=8 x record_length=139 MiB = 286329 MiB of in-flight buffer memory, but only 328745 MiB (of 386919 MiB total) is currently available.  OOM / swap-thrash under load is likely.  Fix: reduce storage_options.prefetch_window, or reduce DataLoader worker count, or move the S3 target off-node.
[OUTPUT] 2026-07-23T06:44:10.311988 Worker pre-warm complete for epoch 3 (4 workers spawned)
[OUTPUT] 2026-07-23T06:44:10.684507 Starting epoch 3: 2008 steps expected
[OUTPUT] 2026-07-23T06:44:10.684991 Starting block 1
[WARNING] NPZReaderS3Iterable[thread=1] [resource-probe] RAM projection: prefetch=64 x dataloader_workers=4 x ranks_per_node=8 x record_length=139 MiB = 286329 MiB of in-flight buffer memory, but only 326149 MiB (of 386919 MiB total) is currently available.  OOM / swap-thrash under load is likely.  Fix: reduce storage_options.prefetch_window, or reduce DataLoader worker count, or move the S3 target off-node.
[WARNING] NPZReaderS3Iterable[thread=2] [resource-probe] RAM projection: prefetch=64 x dataloader_workers=4 x ranks_per_node=8 x record_length=139 MiB = 286329 MiB of in-flight buffer memory, but only 326141 MiB (of 386919 MiB total) is currently available.  OOM / swap-thrash under load is likely.  Fix: reduce storage_options.prefetch_window, or reduce DataLoader worker count, or move the S3 target off-node.
[WARNING] NPZReaderS3Iterable[thread=3] [resource-probe] RAM projection: prefetch=64 x dataloader_workers=4 x ranks_per_node=8 x record_length=139 MiB = 286329 MiB of in-flight buffer memory, but only 326141 MiB (of 386919 MiB total) is currently available.  OOM / swap-thrash under load is likely.  Fix: reduce storage_options.prefetch_window, or reduce DataLoader worker count, or move the S3 target off-node.
[WARNING] NPZReaderS3Iterable[thread=0] [resource-probe] RAM projection: prefetch=64 x dataloader_workers=4 x ranks_per_node=8 x record_length=139 MiB = 286329 MiB of in-flight buffer memory, but only 326141 MiB (of 386919 MiB total) is currently available.  OOM / swap-thrash under load is likely.  Fix: reduce storage_options.prefetch_window, or reduce DataLoader worker count, or move the S3 target off-node.
[OUTPUT] 2026-07-23T06:49:46.292666 Ending block 1 - 2008 steps completed in 335.61 s
[OUTPUT] 2026-07-23T06:49:46.295210 Epoch 3 - Block 1 [Training] Accelerator Utilization [AU] (%): 98.1319
[OUTPUT] 2026-07-23T06:49:46.295413 Epoch 3 - Block 1 [Training] Throughput (samples/second): 338.9362
[OUTPUT] 2026-07-23T06:49:46.295798 Epoch 3 - Block 1 [Training] Computation time per step (second): 0.1621+/-0.0000 (set value: {'mean': 0.162})
[OUTPUT] 2026-07-23T06:49:46.296345 Ending epoch 3 - 2008 steps completed in 335.61 s
[OUTPUT] 2026-07-23T06:49:46.310296 Reshard for epoch 4: 14062 train files, 0 eval files redistributed via alltoall in 0.01s
[WARNING] NPZReaderS3Iterable[thread=3] [resource-probe] RAM projection: prefetch=64 x dataloader_workers=4 x ranks_per_node=8 x record_length=139 MiB = 286329 MiB of in-flight buffer memory, but only 328440 MiB (of 386919 MiB total) is currently available.  OOM / swap-thrash under load is likely.  Fix: reduce storage_options.prefetch_window, or reduce DataLoader worker count, or move the S3 target off-node.
[WARNING] NPZReaderS3Iterable[thread=1] [resource-probe] RAM projection: prefetch=64 x dataloader_workers=4 x ranks_per_node=8 x record_length=139 MiB = 286329 MiB of in-flight buffer memory, but only 328440 MiB (of 386919 MiB total) is currently available.  OOM / swap-thrash under load is likely.  Fix: reduce storage_options.prefetch_window, or reduce DataLoader worker count, or move the S3 target off-node.
[WARNING] NPZReaderS3Iterable[thread=2] [resource-probe] RAM projection: prefetch=64 x dataloader_workers=4 x ranks_per_node=8 x record_length=139 MiB = 286329 MiB of in-flight buffer memory, but only 328440 MiB (of 386919 MiB total) is currently available.  OOM / swap-thrash under load is likely.  Fix: reduce storage_options.prefetch_window, or reduce DataLoader worker count, or move the S3 target off-node.
[WARNING] NPZReaderS3Iterable[thread=0] [resource-probe] RAM projection: prefetch=64 x dataloader_workers=4 x ranks_per_node=8 x record_length=139 MiB = 286329 MiB of in-flight buffer memory, but only 328441 MiB (of 386919 MiB total) is currently available.  OOM / swap-thrash under load is likely.  Fix: reduce storage_options.prefetch_window, or reduce DataLoader worker count, or move the S3 target off-node.
[OUTPUT] 2026-07-23T06:49:49.892374 Worker pre-warm complete for epoch 4 (4 workers spawned)
[OUTPUT] 2026-07-23T06:49:50.231699 Starting epoch 4: 2008 steps expected
[OUTPUT] 2026-07-23T06:49:50.232240 Starting block 1
[WARNING] NPZReaderS3Iterable[thread=3] [resource-probe] RAM projection: prefetch=64 x dataloader_workers=4 x ranks_per_node=8 x record_length=139 MiB = 286329 MiB of in-flight buffer memory, but only 325248 MiB (of 386919 MiB total) is currently available.  OOM / swap-thrash under load is likely.  Fix: reduce storage_options.prefetch_window, or reduce DataLoader worker count, or move the S3 target off-node.
[WARNING] NPZReaderS3Iterable[thread=2] [resource-probe] RAM projection: prefetch=64 x dataloader_workers=4 x ranks_per_node=8 x record_length=139 MiB = 286329 MiB of in-flight buffer memory, but only 325261 MiB (of 386919 MiB total) is currently available.  OOM / swap-thrash under load is likely.  Fix: reduce storage_options.prefetch_window, or reduce DataLoader worker count, or move the S3 target off-node.
[WARNING] NPZReaderS3Iterable[thread=1] [resource-probe] RAM projection: prefetch=64 x dataloader_workers=4 x ranks_per_node=8 x record_length=139 MiB = 286329 MiB of in-flight buffer memory, but only 325261 MiB (of 386919 MiB total) is currently available.  OOM / swap-thrash under load is likely.  Fix: reduce storage_options.prefetch_window, or reduce DataLoader worker count, or move the S3 target off-node.
[WARNING] NPZReaderS3Iterable[thread=0] [resource-probe] RAM projection: prefetch=64 x dataloader_workers=4 x ranks_per_node=8 x record_length=139 MiB = 286329 MiB of in-flight buffer memory, but only 325261 MiB (of 386919 MiB total) is currently available.  OOM / swap-thrash under load is likely.  Fix: reduce storage_options.prefetch_window, or reduce DataLoader worker count, or move the S3 target off-node.
[OUTPUT] 2026-07-23T06:55:28.282717 Ending block 1 - 2008 steps completed in 338.05 s
[OUTPUT] 2026-07-23T06:55:28.285332 Epoch 4 - Block 1 [Training] Accelerator Utilization [AU] (%): 97.2665
[OUTPUT] 2026-07-23T06:55:28.285441 Epoch 4 - Block 1 [Training] Throughput (samples/second): 335.9375
[OUTPUT] 2026-07-23T06:55:28.285861 Epoch 4 - Block 1 [Training] Computation time per step (second): 0.1621+/-0.0000 (set value: {'mean': 0.162})
[OUTPUT] 2026-07-23T06:55:28.286827 Ending epoch 4 - 2008 steps completed in 338.06 s
[OUTPUT] 2026-07-23T06:55:28.300890 Reshard for epoch 5: 14062 train files, 0 eval files redistributed via alltoall in 0.01s
[WARNING] NPZReaderS3Iterable[thread=1] [resource-probe] RAM projection: prefetch=64 x dataloader_workers=4 x ranks_per_node=8 x record_length=139 MiB = 286329 MiB of in-flight buffer memory, but only 328602 MiB (of 386919 MiB total) is currently available.  OOM / swap-thrash under load is likely.  Fix: reduce storage_options.prefetch_window, or reduce DataLoader worker count, or move the S3 target off-node.
[WARNING] NPZReaderS3Iterable[thread=3] [resource-probe] RAM projection: prefetch=64 x dataloader_workers=4 x ranks_per_node=8 x record_length=139 MiB = 286329 MiB of in-flight buffer memory, but only 328602 MiB (of 386919 MiB total) is currently available.  OOM / swap-thrash under load is likely.  Fix: reduce storage_options.prefetch_window, or reduce DataLoader worker count, or move the S3 target off-node.
[WARNING] NPZReaderS3Iterable[thread=0] [resource-probe] RAM projection: prefetch=64 x dataloader_workers=4 x ranks_per_node=8 x record_length=139 MiB = 286329 MiB of in-flight buffer memory, but only 328602 MiB (of 386919 MiB total) is currently available.  OOM / swap-thrash under load is likely.  Fix: reduce storage_options.prefetch_window, or reduce DataLoader worker count, or move the S3 target off-node.
[WARNING] NPZReaderS3Iterable[thread=2] [resource-probe] RAM projection: prefetch=64 x dataloader_workers=4 x ranks_per_node=8 x record_length=139 MiB = 286329 MiB of in-flight buffer memory, but only 328602 MiB (of 386919 MiB total) is currently available.  OOM / swap-thrash under load is likely.  Fix: reduce storage_options.prefetch_window, or reduce DataLoader worker count, or move the S3 target off-node.
[OUTPUT] 2026-07-23T06:55:32.069530 Worker pre-warm complete for epoch 5 (4 workers spawned)
[OUTPUT] 2026-07-23T06:55:32.427168 Starting epoch 5: 2008 steps expected
[OUTPUT] 2026-07-23T06:55:32.427685 Starting block 1
[WARNING] NPZReaderS3Iterable[thread=0] [resource-probe] RAM projection: prefetch=64 x dataloader_workers=4 x ranks_per_node=8 x record_length=139 MiB = 286329 MiB of in-flight buffer memory, but only 325084 MiB (of 386919 MiB total) is currently available.  OOM / swap-thrash under load is likely.  Fix: reduce storage_options.prefetch_window, or reduce DataLoader worker count, or move the S3 target off-node.
[WARNING] NPZReaderS3Iterable[thread=3] [resource-probe] RAM projection: prefetch=64 x dataloader_workers=4 x ranks_per_node=8 x record_length=139 MiB = 286329 MiB of in-flight buffer memory, but only 325084 MiB (of 386919 MiB total) is currently available.  OOM / swap-thrash under load is likely.  Fix: reduce storage_options.prefetch_window, or reduce DataLoader worker count, or move the S3 target off-node.
[WARNING] NPZReaderS3Iterable[thread=1] [resource-probe] RAM projection: prefetch=64 x dataloader_workers=4 x ranks_per_node=8 x record_length=139 MiB = 286329 MiB of in-flight buffer memory, but only 325061 MiB (of 386919 MiB total) is currently available.  OOM / swap-thrash under load is likely.  Fix: reduce storage_options.prefetch_window, or reduce DataLoader worker count, or move the S3 target off-node.
[WARNING] NPZReaderS3Iterable[thread=2] [resource-probe] RAM projection: prefetch=64 x dataloader_workers=4 x ranks_per_node=8 x record_length=139 MiB = 286329 MiB of in-flight buffer memory, but only 325061 MiB (of 386919 MiB total) is currently available.  OOM / swap-thrash under load is likely.  Fix: reduce storage_options.prefetch_window, or reduce DataLoader worker count, or move the S3 target off-node.
[OUTPUT] 2026-07-23T07:01:07.951831 Ending block 1 - 2008 steps completed in 335.52 s
[OUTPUT] 2026-07-23T07:01:07.954397 Epoch 5 - Block 1 [Training] Accelerator Utilization [AU] (%): 98.0046
[OUTPUT] 2026-07-23T07:01:07.954561 Epoch 5 - Block 1 [Training] Throughput (samples/second): 338.4921
[OUTPUT] 2026-07-23T07:01:07.955250 Epoch 5 - Block 1 [Training] Computation time per step (second): 0.1621+/-0.0000 (set value: {'mean': 0.162})
[OUTPUT] 2026-07-23T07:01:07.955882 Ending epoch 5 - 2008 steps completed in 335.53 s
[OUTPUT] 2026-07-23T07:01:07.968280 Reshard for epoch 6: 14062 train files, 0 eval files redistributed via alltoall in 0.01s
[WARNING] NPZReaderS3Iterable[thread=3] [resource-probe] RAM projection: prefetch=64 x dataloader_workers=4 x ranks_per_node=8 x record_length=139 MiB = 286329 MiB of in-flight buffer memory, but only 326871 MiB (of 386919 MiB total) is currently available.  OOM / swap-thrash under load is likely.  Fix: reduce storage_options.prefetch_window, or reduce DataLoader worker count, or move the S3 target off-node.
[WARNING] NPZReaderS3Iterable[thread=0] [resource-probe] RAM projection: prefetch=64 x dataloader_workers=4 x ranks_per_node=8 x record_length=139 MiB = 286329 MiB of in-flight buffer memory, but only 326871 MiB (of 386919 MiB total) is currently available.  OOM / swap-thrash under load is likely.  Fix: reduce storage_options.prefetch_window, or reduce DataLoader worker count, or move the S3 target off-node.
[WARNING] NPZReaderS3Iterable[thread=2] [resource-probe] RAM projection: prefetch=64 x dataloader_workers=4 x ranks_per_node=8 x record_length=139 MiB = 286329 MiB of in-flight buffer memory, but only 326871 MiB (of 386919 MiB total) is currently available.  OOM / swap-thrash under load is likely.  Fix: reduce storage_options.prefetch_window, or reduce DataLoader worker count, or move the S3 target off-node.
[WARNING] NPZReaderS3Iterable[thread=1] [resource-probe] RAM projection: prefetch=64 x dataloader_workers=4 x ranks_per_node=8 x record_length=139 MiB = 286329 MiB of in-flight buffer memory, but only 326871 MiB (of 386919 MiB total) is currently available.  OOM / swap-thrash under load is likely.  Fix: reduce storage_options.prefetch_window, or reduce DataLoader worker count, or move the S3 target off-node.
[OUTPUT] 2026-07-23T07:01:11.360638 Worker pre-warm complete for epoch 6 (4 workers spawned)
[OUTPUT] 2026-07-23T07:01:12.012836 Saved outputs in /home/abhgaikwad/mlps-gcp-unet-submission/closed/nvidia/results/aistore-3n-gcp-z3-200g-8client-n2d96/training/unet3d/run/20260723_063219
[OUTPUT] Averaged metric over all steps/epochs
[METRIC] ==========================================================
[METRIC] Number of Simulated Accelerators: 8 
[METRIC] Training Accelerator Utilization [AU] (%): 97.8324 (0.2905)
[METRIC] Training Throughput (samples/second): 337.8753 (1.0065)
[METRIC] Training I/O Throughput (MiB/second): 47238.0923 (140.7133)
[METRIC] train_au_meet_expectation: success
[METRIC] ==========================================================

[OUTPUT] 2026-07-23T07:01:12.049893 outputs saved in RANKID_output.json
