Warning: Permanently added '172.31.9.50' (ED25519) to the list of known hosts.
Warning: Permanently added '172.31.9.105' (ED25519) to the list of known hosts.
Warning: Permanently added '172.31.4.133' (ED25519) to the list of known hosts.
Warning: Permanently added '172.31.15.44' (ED25519) to the list of known hosts.
Warning: Permanently added '172.31.12.239' (ED25519) to the list of known hosts.
Warning: Permanently added '172.31.4.111' (ED25519) to the list of known hosts.
Warning: Permanently added '172.31.13.26' (ED25519) to the list of known hosts.
[OUTPUT] [DEBUG DLIOBenchmark.__init__] After LoadConfig:
[OUTPUT]   storage_type   = <StorageType.LOCAL_FS: 'local_fs'>
[OUTPUT]   storage_root   = './'
[OUTPUT]   storage_options= None
[OUTPUT]   data_folder    = '/mnt/alluxio/mlperf/unet3d'
[OUTPUT]   framework      = <FrameworkType.PYTORCH: 'pytorch'>
[OUTPUT]   num_files_train= 55500
[OUTPUT]   record_length  = 146600628
[OUTPUT]   generate_data  = False
[OUTPUT]   do_train       = True
[OUTPUT]   do_checkpoint  = False
[OUTPUT]   epochs         = 5
[OUTPUT]   batch_size     = 7
[OUTPUT] 2026-07-04T05:41:44.248124 Running DLIO [Training] with 8 process(es)
[OUTPUT] 2026-07-04T05:41:44.283169 skip_listing [train]: validating 55,500 of 55,500 files (first, last, every 1) via HEAD requests ...
[OUTPUT] 2026-07-04T05:41:45.209297 skip_listing [train]:   500/55,500 checked (1%)  —  540 checks/s  —  ETA 102s  —  0 failed so far
[OUTPUT] 2026-07-04T05:41:46.119676 skip_listing [train]:   1,000/55,500 checked (2%)  —  545 checks/s  —  ETA 100s  —  0 failed so far
[OUTPUT] 2026-07-04T05:41:47.035835 skip_listing [train]:   1,500/55,500 checked (3%)  —  545 checks/s  —  ETA 99s  —  0 failed so far
[OUTPUT] 2026-07-04T05:41:47.951918 skip_listing [train]:   2,000/55,500 checked (4%)  —  545 checks/s  —  ETA 98s  —  0 failed so far
[OUTPUT] 2026-07-04T05:41:48.857756 skip_listing [train]:   2,500/55,500 checked (5%)  —  547 checks/s  —  ETA 97s  —  0 failed so far
[OUTPUT] 2026-07-04T05:41:49.722172 skip_listing [train]:   3,000/55,500 checked (5%)  —  552 checks/s  —  ETA 95s  —  0 failed so far
[OUTPUT] 2026-07-04T05:41:50.483875 skip_listing [train]:   3,500/55,500 checked (6%)  —  564 checks/s  —  ETA 92s  —  0 failed so far
[OUTPUT] 2026-07-04T05:41:51.372092 skip_listing [train]:   4,000/55,500 checked (7%)  —  564 checks/s  —  ETA 91s  —  0 failed so far
[OUTPUT] 2026-07-04T05:41:52.277878 skip_listing [train]:   4,500/55,500 checked (8%)  —  563 checks/s  —  ETA 91s  —  0 failed so far
[OUTPUT] 2026-07-04T05:41:53.185998 skip_listing [train]:   5,000/55,500 checked (9%)  —  562 checks/s  —  ETA 90s  —  0 failed so far
[OUTPUT] 2026-07-04T05:41:54.078292 skip_listing [train]:   5,500/55,500 checked (10%)  —  562 checks/s  —  ETA 89s  —  0 failed so far
[OUTPUT] 2026-07-04T05:41:54.978487 skip_listing [train]:   6,000/55,500 checked (11%)  —  561 checks/s  —  ETA 88s  —  0 failed so far
[OUTPUT] 2026-07-04T05:41:55.878559 skip_listing [train]:   6,500/55,500 checked (12%)  —  561 checks/s  —  ETA 87s  —  0 failed so far
[OUTPUT] 2026-07-04T05:41:56.798513 skip_listing [train]:   7,000/55,500 checked (13%)  —  559 checks/s  —  ETA 87s  —  0 failed so far
[OUTPUT] 2026-07-04T05:41:57.707666 skip_listing [train]:   7,500/55,500 checked (14%)  —  559 checks/s  —  ETA 86s  —  0 failed so far
[OUTPUT] 2026-07-04T05:41:58.617730 skip_listing [train]:   8,000/55,500 checked (14%)  —  558 checks/s  —  ETA 85s  —  0 failed so far
[OUTPUT] 2026-07-04T05:41:59.530974 skip_listing [train]:   8,500/55,500 checked (15%)  —  557 checks/s  —  ETA 84s  —  0 failed so far
[OUTPUT] 2026-07-04T05:42:00.452144 skip_listing [train]:   9,000/55,500 checked (16%)  —  557 checks/s  —  ETA 84s  —  0 failed so far
[OUTPUT] 2026-07-04T05:42:01.268319 skip_listing [train]:   9,500/55,500 checked (17%)  —  559 checks/s  —  ETA 82s  —  0 failed so far
[OUTPUT] 2026-07-04T05:42:02.178152 skip_listing [train]:   10,000/55,500 checked (18%)  —  559 checks/s  —  ETA 81s  —  0 failed so far
[OUTPUT] 2026-07-04T05:42:03.077799 skip_listing [train]:   10,500/55,500 checked (19%)  —  559 checks/s  —  ETA 81s  —  0 failed so far
[OUTPUT] 2026-07-04T05:42:03.941405 skip_listing [train]:   11,000/55,500 checked (20%)  —  560 checks/s  —  ETA 80s  —  0 failed so far
[OUTPUT] 2026-07-04T05:42:04.848551 skip_listing [train]:   11,500/55,500 checked (21%)  —  559 checks/s  —  ETA 79s  —  0 failed so far
[OUTPUT] 2026-07-04T05:42:05.760213 skip_listing [train]:   12,000/55,500 checked (22%)  —  559 checks/s  —  ETA 78s  —  0 failed so far
[OUTPUT] 2026-07-04T05:42:06.657827 skip_listing [train]:   12,500/55,500 checked (23%)  —  559 checks/s  —  ETA 77s  —  0 failed so far
[OUTPUT] 2026-07-04T05:42:07.560144 skip_listing [train]:   13,000/55,500 checked (23%)  —  558 checks/s  —  ETA 76s  —  0 failed so far
[OUTPUT] 2026-07-04T05:42:08.461999 skip_listing [train]:   13,500/55,500 checked (24%)  —  558 checks/s  —  ETA 75s  —  0 failed so far
[OUTPUT] 2026-07-04T05:42:09.361809 skip_listing [train]:   14,000/55,500 checked (25%)  —  558 checks/s  —  ETA 74s  —  0 failed so far
[OUTPUT] 2026-07-04T05:42:10.269935 skip_listing [train]:   14,500/55,500 checked (26%)  —  558 checks/s  —  ETA 73s  —  0 failed so far
[OUTPUT] 2026-07-04T05:42:11.177741 skip_listing [train]:   15,000/55,500 checked (27%)  —  558 checks/s  —  ETA 73s  —  0 failed so far
[OUTPUT] 2026-07-04T05:42:11.973682 skip_listing [train]:   15,500/55,500 checked (28%)  —  560 checks/s  —  ETA 71s  —  0 failed so far
[OUTPUT] 2026-07-04T05:42:12.857924 skip_listing [train]:   16,000/55,500 checked (29%)  —  560 checks/s  —  ETA 71s  —  0 failed so far
[OUTPUT] 2026-07-04T05:42:13.755533 skip_listing [train]:   16,500/55,500 checked (30%)  —  560 checks/s  —  ETA 70s  —  0 failed so far
[OUTPUT] 2026-07-04T05:42:14.639443 skip_listing [train]:   17,000/55,500 checked (31%)  —  560 checks/s  —  ETA 69s  —  0 failed so far
[OUTPUT] 2026-07-04T05:42:15.519141 skip_listing [train]:   17,500/55,500 checked (32%)  —  560 checks/s  —  ETA 68s  —  0 failed so far
[OUTPUT] 2026-07-04T05:42:16.408304 skip_listing [train]:   18,000/55,500 checked (32%)  —  560 checks/s  —  ETA 67s  —  0 failed so far
[OUTPUT] 2026-07-04T05:42:17.247046 skip_listing [train]:   18,500/55,500 checked (33%)  —  561 checks/s  —  ETA 66s  —  0 failed so far
[OUTPUT] 2026-07-04T05:42:18.096190 skip_listing [train]:   19,000/55,500 checked (34%)  —  562 checks/s  —  ETA 65s  —  0 failed so far
[OUTPUT] 2026-07-04T05:42:18.943129 skip_listing [train]:   19,500/55,500 checked (35%)  —  563 checks/s  —  ETA 64s  —  0 failed so far
[OUTPUT] 2026-07-04T05:42:19.829534 skip_listing [train]:   20,000/55,500 checked (36%)  —  563 checks/s  —  ETA 63s  —  0 failed so far
[OUTPUT] 2026-07-04T05:42:20.705565 skip_listing [train]:   20,500/55,500 checked (37%)  —  563 checks/s  —  ETA 62s  —  0 failed so far
[OUTPUT] 2026-07-04T05:42:21.581207 skip_listing [train]:   21,000/55,500 checked (38%)  —  563 checks/s  —  ETA 61s  —  0 failed so far
[OUTPUT] 2026-07-04T05:42:22.332221 skip_listing [train]:   21,500/55,500 checked (39%)  —  565 checks/s  —  ETA 60s  —  0 failed so far
[OUTPUT] 2026-07-04T05:42:23.173809 skip_listing [train]:   22,000/55,500 checked (40%)  —  566 checks/s  —  ETA 59s  —  0 failed so far
[OUTPUT] 2026-07-04T05:42:24.000127 skip_listing [train]:   22,500/55,500 checked (41%)  —  567 checks/s  —  ETA 58s  —  0 failed so far
[OUTPUT] 2026-07-04T05:42:24.833354 skip_listing [train]:   23,000/55,500 checked (41%)  —  567 checks/s  —  ETA 57s  —  0 failed so far
[OUTPUT] 2026-07-04T05:42:25.702716 skip_listing [train]:   23,500/55,500 checked (42%)  —  567 checks/s  —  ETA 56s  —  0 failed so far
[OUTPUT] 2026-07-04T05:42:26.561942 skip_listing [train]:   24,000/55,500 checked (43%)  —  568 checks/s  —  ETA 55s  —  0 failed so far
[OUTPUT] 2026-07-04T05:42:27.409687 skip_listing [train]:   24,500/55,500 checked (44%)  —  568 checks/s  —  ETA 55s  —  0 failed so far
[OUTPUT] 2026-07-04T05:42:28.259637 skip_listing [train]:   25,000/55,500 checked (45%)  —  568 checks/s  —  ETA 54s  —  0 failed so far
[OUTPUT] 2026-07-04T05:42:29.128989 skip_listing [train]:   25,500/55,500 checked (46%)  —  569 checks/s  —  ETA 53s  —  0 failed so far
[OUTPUT] 2026-07-04T05:42:29.984011 skip_listing [train]:   26,000/55,500 checked (47%)  —  569 checks/s  —  ETA 52s  —  0 failed so far
[OUTPUT] 2026-07-04T05:42:30.832293 skip_listing [train]:   26,500/55,500 checked (48%)  —  569 checks/s  —  ETA 51s  —  0 failed so far
[OUTPUT] 2026-07-04T05:42:31.698321 skip_listing [train]:   27,000/55,500 checked (49%)  —  569 checks/s  —  ETA 50s  —  0 failed so far
[OUTPUT] 2026-07-04T05:42:32.471585 skip_listing [train]:   27,500/55,500 checked (50%)  —  571 checks/s  —  ETA 49s  —  0 failed so far
[OUTPUT] 2026-07-04T05:42:33.344278 skip_listing [train]:   28,000/55,500 checked (50%)  —  571 checks/s  —  ETA 48s  —  0 failed so far
[OUTPUT] 2026-07-04T05:42:34.226217 skip_listing [train]:   28,500/55,500 checked (51%)  —  571 checks/s  —  ETA 47s  —  0 failed so far
[OUTPUT] 2026-07-04T05:42:35.117115 skip_listing [train]:   29,000/55,500 checked (52%)  —  570 checks/s  —  ETA 46s  —  0 failed so far
[OUTPUT] 2026-07-04T05:42:35.992709 skip_listing [train]:   29,500/55,500 checked (53%)  —  570 checks/s  —  ETA 46s  —  0 failed so far
[OUTPUT] 2026-07-04T05:42:36.873698 skip_listing [train]:   30,000/55,500 checked (54%)  —  570 checks/s  —  ETA 45s  —  0 failed so far
[OUTPUT] 2026-07-04T05:42:37.766584 skip_listing [train]:   30,500/55,500 checked (55%)  —  570 checks/s  —  ETA 44s  —  0 failed so far
[OUTPUT] 2026-07-04T05:42:38.641978 skip_listing [train]:   31,000/55,500 checked (56%)  —  570 checks/s  —  ETA 43s  —  0 failed so far
[OUTPUT] 2026-07-04T05:42:39.519417 skip_listing [train]:   31,500/55,500 checked (57%)  —  570 checks/s  —  ETA 42s  —  0 failed so far
[OUTPUT] 2026-07-04T05:42:40.393674 skip_listing [train]:   32,000/55,500 checked (58%)  —  570 checks/s  —  ETA 41s  —  0 failed so far
[OUTPUT] 2026-07-04T05:42:41.273873 skip_listing [train]:   32,500/55,500 checked (59%)  —  570 checks/s  —  ETA 40s  —  0 failed so far
[OUTPUT] 2026-07-04T05:42:42.156664 skip_listing [train]:   33,000/55,500 checked (59%)  —  570 checks/s  —  ETA 39s  —  0 failed so far
[OUTPUT] 2026-07-04T05:42:42.957387 skip_listing [train]:   33,500/55,500 checked (60%)  —  571 checks/s  —  ETA 39s  —  0 failed so far
[OUTPUT] 2026-07-04T05:42:43.834795 skip_listing [train]:   34,000/55,500 checked (61%)  —  571 checks/s  —  ETA 38s  —  0 failed so far
[OUTPUT] 2026-07-04T05:42:44.709913 skip_listing [train]:   34,500/55,500 checked (62%)  —  571 checks/s  —  ETA 37s  —  0 failed so far
[OUTPUT] 2026-07-04T05:42:45.604707 skip_listing [train]:   35,000/55,500 checked (63%)  —  571 checks/s  —  ETA 36s  —  0 failed so far
[OUTPUT] 2026-07-04T05:42:46.487743 skip_listing [train]:   35,500/55,500 checked (64%)  —  571 checks/s  —  ETA 35s  —  0 failed so far
[OUTPUT] 2026-07-04T05:42:47.371284 skip_listing [train]:   36,000/55,500 checked (65%)  —  571 checks/s  —  ETA 34s  —  0 failed so far
[OUTPUT] 2026-07-04T05:42:48.247603 skip_listing [train]:   36,500/55,500 checked (66%)  —  571 checks/s  —  ETA 33s  —  0 failed so far
[OUTPUT] 2026-07-04T05:42:49.130478 skip_listing [train]:   37,000/55,500 checked (67%)  —  571 checks/s  —  ETA 32s  —  0 failed so far
[OUTPUT] 2026-07-04T05:42:50.027051 skip_listing [train]:   37,500/55,500 checked (68%)  —  570 checks/s  —  ETA 32s  —  0 failed so far
[OUTPUT] 2026-07-04T05:42:50.920384 skip_listing [train]:   38,000/55,500 checked (68%)  —  570 checks/s  —  ETA 31s  —  0 failed so far
[OUTPUT] 2026-07-04T05:42:51.817962 skip_listing [train]:   38,500/55,500 checked (69%)  —  570 checks/s  —  ETA 30s  —  0 failed so far
[OUTPUT] 2026-07-04T05:42:52.661436 skip_listing [train]:   39,000/55,500 checked (70%)  —  570 checks/s  —  ETA 29s  —  0 failed so far
[OUTPUT] 2026-07-04T05:42:53.415209 skip_listing [train]:   39,500/55,500 checked (71%)  —  571 checks/s  —  ETA 28s  —  0 failed so far
[OUTPUT] 2026-07-04T05:42:54.284312 skip_listing [train]:   40,000/55,500 checked (72%)  —  571 checks/s  —  ETA 27s  —  0 failed so far
[OUTPUT] 2026-07-04T05:42:55.174270 skip_listing [train]:   40,500/55,500 checked (73%)  —  571 checks/s  —  ETA 26s  —  0 failed so far
[OUTPUT] 2026-07-04T05:42:56.082301 skip_listing [train]:   41,000/55,500 checked (74%)  —  571 checks/s  —  ETA 25s  —  0 failed so far
[OUTPUT] 2026-07-04T05:42:56.968439 skip_listing [train]:   41,500/55,500 checked (75%)  —  571 checks/s  —  ETA 25s  —  0 failed so far
[OUTPUT] 2026-07-04T05:42:57.835336 skip_listing [train]:   42,000/55,500 checked (76%)  —  571 checks/s  —  ETA 24s  —  0 failed so far
[OUTPUT] 2026-07-04T05:42:58.717295 skip_listing [train]:   42,500/55,500 checked (77%)  —  571 checks/s  —  ETA 23s  —  0 failed so far
[OUTPUT] 2026-07-04T05:42:59.595350 skip_listing [train]:   43,000/55,500 checked (77%)  —  571 checks/s  —  ETA 22s  —  0 failed so far
[OUTPUT] 2026-07-04T05:43:00.488860 skip_listing [train]:   43,500/55,500 checked (78%)  —  571 checks/s  —  ETA 21s  —  0 failed so far
[OUTPUT] 2026-07-04T05:43:01.370762 skip_listing [train]:   44,000/55,500 checked (79%)  —  571 checks/s  —  ETA 20s  —  0 failed so far
[OUTPUT] 2026-07-04T05:43:02.256274 skip_listing [train]:   44,500/55,500 checked (80%)  —  571 checks/s  —  ETA 19s  —  0 failed so far
[OUTPUT] 2026-07-04T05:43:03.138464 skip_listing [train]:   45,000/55,500 checked (81%)  —  571 checks/s  —  ETA 18s  —  0 failed so far
[OUTPUT] 2026-07-04T05:43:03.911480 skip_listing [train]:   45,500/55,500 checked (82%)  —  571 checks/s  —  ETA 18s  —  0 failed so far
[OUTPUT] 2026-07-04T05:43:04.804106 skip_listing [train]:   46,000/55,500 checked (83%)  —  571 checks/s  —  ETA 17s  —  0 failed so far
[OUTPUT] 2026-07-04T05:43:05.669986 skip_listing [train]:   46,500/55,500 checked (84%)  —  571 checks/s  —  ETA 16s  —  0 failed so far
[OUTPUT] 2026-07-04T05:43:06.540451 skip_listing [train]:   47,000/55,500 checked (85%)  —  571 checks/s  —  ETA 15s  —  0 failed so far
[OUTPUT] 2026-07-04T05:43:07.413712 skip_listing [train]:   47,500/55,500 checked (86%)  —  571 checks/s  —  ETA 14s  —  0 failed so far
[OUTPUT] 2026-07-04T05:43:08.281864 skip_listing [train]:   48,000/55,500 checked (86%)  —  571 checks/s  —  ETA 13s  —  0 failed so far
[OUTPUT] 2026-07-04T05:43:09.164126 skip_listing [train]:   48,500/55,500 checked (87%)  —  571 checks/s  —  ETA 12s  —  0 failed so far
[OUTPUT] 2026-07-04T05:43:10.028334 skip_listing [train]:   49,000/55,500 checked (88%)  —  571 checks/s  —  ETA 11s  —  0 failed so far
[OUTPUT] 2026-07-04T05:43:10.910090 skip_listing [train]:   49,500/55,500 checked (89%)  —  571 checks/s  —  ETA 11s  —  0 failed so far
[OUTPUT] 2026-07-04T05:43:11.797228 skip_listing [train]:   50,000/55,500 checked (90%)  —  571 checks/s  —  ETA 10s  —  0 failed so far
[OUTPUT] 2026-07-04T05:43:12.682245 skip_listing [train]:   50,500/55,500 checked (91%)  —  571 checks/s  —  ETA 9s  —  0 failed so far
[OUTPUT] 2026-07-04T05:43:13.592845 skip_listing [train]:   51,000/55,500 checked (92%)  —  571 checks/s  —  ETA 8s  —  0 failed so far
[OUTPUT] 2026-07-04T05:43:14.372168 skip_listing [train]:   51,500/55,500 checked (93%)  —  572 checks/s  —  ETA 7s  —  0 failed so far
[OUTPUT] 2026-07-04T05:43:15.248693 skip_listing [train]:   52,000/55,500 checked (94%)  —  572 checks/s  —  ETA 6s  —  0 failed so far
[OUTPUT] 2026-07-04T05:43:16.105067 skip_listing [train]:   52,500/55,500 checked (95%)  —  572 checks/s  —  ETA 5s  —  0 failed so far
[OUTPUT] 2026-07-04T05:43:16.970190 skip_listing [train]:   53,000/55,500 checked (95%)  —  572 checks/s  —  ETA 4s  —  0 failed so far
[OUTPUT] 2026-07-04T05:43:17.858286 skip_listing [train]:   53,500/55,500 checked (96%)  —  572 checks/s  —  ETA 3s  —  0 failed so far
[OUTPUT] 2026-07-04T05:43:18.738510 skip_listing [train]:   54,000/55,500 checked (97%)  —  572 checks/s  —  ETA 3s  —  0 failed so far
[OUTPUT] 2026-07-04T05:43:19.631886 skip_listing [train]:   54,500/55,500 checked (98%)  —  572 checks/s  —  ETA 2s  —  0 failed so far
[OUTPUT] 2026-07-04T05:43:20.528427 skip_listing [train]:   55,000/55,500 checked (99%)  —  571 checks/s  —  ETA 1s  —  0 failed so far
[OUTPUT] 2026-07-04T05:43:21.403505 skip_listing [train]: validation complete — all 55,500 samples exist (97.1s, 571 checks/s); 6,938 URIs ready for rank 0 (55,500 total across all ranks)
[OUTPUT] 2026-07-04T05:43:21.404410 File listing [train]: 55500 files discovered, 6937 assigned to rank 0, completed in 97.15s
[OUTPUT] 2026-07-04T05:43:21.404521 skip_listing [valid]: generated 0 file URIs deterministically (0 total — validation disabled)
[OUTPUT] 2026-07-04T05:43:21.404575 File listing [valid]: 0 files discovered, 0 assigned to rank 0, completed in 0.00s
[OUTPUT] 2026-07-04T05:43:21.404642 Streamed file sharding: 55500 train files across 8 ranks via round-robin (rank 0 shard: 6937 files)
[OUTPUT] 2026-07-04T05:43:21.417655 Max steps per epoch per rank: 7928 = 1 * 55500 / 7 (samples per file * local files / batch size)
[OUTPUT] 2026-07-04T05:43:21.424206 Reshard for epoch 1: 6937 train files, 0 eval files redistributed via alltoall in 0.01s
[OUTPUT] 2026-07-04T05:43:26.816529 Worker pre-warm complete (24 workers spawned)
[OUTPUT] 2026-07-04T05:44:06.823476 Starting epoch 1: 991 steps expected
[OUTPUT] 2026-07-04T05:44:06.823866 Starting block 1
[OUTPUT] 2026-07-04T05:47:02.788534 Ending block 1 - 991 steps completed in 175.96 s
[OUTPUT] 2026-07-04T05:47:02.807941 Epoch 1 - Block 1 [Training] Accelerator Utilization [AU] (%): 93.0474
[OUTPUT] 2026-07-04T05:47:02.808105 Epoch 1 - Block 1 [Training] Throughput (samples/second): 321.4105
[OUTPUT] 2026-07-04T05:47:02.809686 Epoch 1 - Block 1 [Training] Computation time per step (second): 0.1621+/-0.0002 (set value: {'mean': 0.162})
[OUTPUT] 2026-07-04T05:47:02.812130 Ending epoch 1 - 991 steps completed in 175.99 s
[OUTPUT] 2026-07-04T05:47:02.819219 Reshard for epoch 2: 6937 train files, 0 eval files redistributed via alltoall in 0.01s
[OUTPUT] 2026-07-04T05:47:06.762943 Worker pre-warm complete for epoch 2 (24 workers spawned)
[OUTPUT] 2026-07-04T05:47:37.037427 Starting epoch 2: 991 steps expected
[OUTPUT] 2026-07-04T05:47:37.037838 Starting block 1
[OUTPUT] 2026-07-04T05:50:31.881716 Ending block 1 - 991 steps completed in 174.84 s
[OUTPUT] 2026-07-04T05:50:31.884423 Epoch 2 - Block 1 [Training] Accelerator Utilization [AU] (%): 93.7472
[OUTPUT] 2026-07-04T05:50:31.884581 Epoch 2 - Block 1 [Training] Throughput (samples/second): 323.7968
[OUTPUT] 2026-07-04T05:50:31.885011 Epoch 2 - Block 1 [Training] Computation time per step (second): 0.1621+/-0.0002 (set value: {'mean': 0.162})
[OUTPUT] 2026-07-04T05:50:31.896760 Ending epoch 2 - 991 steps completed in 174.86 s
[OUTPUT] 2026-07-04T05:50:31.907170 Reshard for epoch 3: 6937 train files, 0 eval files redistributed via alltoall in 0.01s
[OUTPUT] 2026-07-04T05:50:36.044825 Worker pre-warm complete for epoch 3 (24 workers spawned)
[OUTPUT] 2026-07-04T05:51:16.842203 Starting epoch 3: 991 steps expected
[OUTPUT] 2026-07-04T05:51:16.842550 Starting block 1
[OUTPUT] 2026-07-04T05:54:11.682494 Ending block 1 - 991 steps completed in 174.84 s
[OUTPUT] 2026-07-04T05:54:11.685357 Epoch 3 - Block 1 [Training] Accelerator Utilization [AU] (%): 93.4250
[OUTPUT] 2026-07-04T05:54:11.685518 Epoch 3 - Block 1 [Training] Throughput (samples/second): 322.7113
[OUTPUT] 2026-07-04T05:54:11.685857 Epoch 3 - Block 1 [Training] Computation time per step (second): 0.1621+/-0.0001 (set value: {'mean': 0.162})
[OUTPUT] 2026-07-04T05:54:11.688960 Ending epoch 3 - 991 steps completed in 174.85 s
[OUTPUT] 2026-07-04T05:54:11.703235 Reshard for epoch 4: 6937 train files, 0 eval files redistributed via alltoall in 0.01s
[OUTPUT] 2026-07-04T05:54:15.782901 Worker pre-warm complete for epoch 4 (24 workers spawned)
[OUTPUT] 2026-07-04T05:54:55.071660 Starting epoch 4: 991 steps expected
[OUTPUT] 2026-07-04T05:54:55.072019 Starting block 1
[OUTPUT] 2026-07-04T05:57:49.401208 Ending block 1 - 991 steps completed in 174.33 s
[OUTPUT] 2026-07-04T05:57:49.404107 Epoch 4 - Block 1 [Training] Accelerator Utilization [AU] (%): 93.7521
[OUTPUT] 2026-07-04T05:57:49.404268 Epoch 4 - Block 1 [Training] Throughput (samples/second): 323.8184
[OUTPUT] 2026-07-04T05:57:49.404853 Epoch 4 - Block 1 [Training] Computation time per step (second): 0.1621+/-0.0002 (set value: {'mean': 0.162})
[OUTPUT] 2026-07-04T05:57:49.414606 Ending epoch 4 - 991 steps completed in 174.34 s
[OUTPUT] 2026-07-04T05:57:49.424876 Reshard for epoch 5: 6937 train files, 0 eval files redistributed via alltoall in 0.01s
[OUTPUT] 2026-07-04T05:57:55.014942 Worker pre-warm complete for epoch 5 (24 workers spawned)
[OUTPUT] 2026-07-04T05:58:34.188260 Starting epoch 5: 991 steps expected
[OUTPUT] 2026-07-04T05:58:34.188819 Starting block 1
[OUTPUT] 2026-07-04T06:01:29.067775 Ending block 1 - 991 steps completed in 174.88 s
[OUTPUT] 2026-07-04T06:01:29.070344 Epoch 5 - Block 1 [Training] Accelerator Utilization [AU] (%): 93.5415
[OUTPUT] 2026-07-04T06:01:29.070413 Epoch 5 - Block 1 [Training] Throughput (samples/second): 323.1115
[OUTPUT] 2026-07-04T06:01:29.070729 Epoch 5 - Block 1 [Training] Computation time per step (second): 0.1621+/-0.0001 (set value: {'mean': 0.162})
[OUTPUT] 2026-07-04T06:01:29.072556 Ending epoch 5 - 991 steps completed in 174.88 s
[OUTPUT] 2026-07-04T06:01:29.084482 Reshard for epoch 6: 6937 train files, 0 eval files redistributed via alltoall in 0.01s
[OUTPUT] 2026-07-04T06:01:33.920055 Worker pre-warm complete for epoch 6 (24 workers spawned)
[OUTPUT] 2026-07-04T06:01:34.662290 Saved outputs in /home/ubuntu/mlps_na8/closed/Alluxio/results/aws_c5n18xlarge_i3en24xlarge_8c_10s_8a/training/unet3d/run/20260704_054120
[OUTPUT] Averaged metric over all steps/epochs
[METRIC] ==========================================================
[METRIC] Number of Simulated Accelerators: 8 
[METRIC] Training Accelerator Utilization [AU] (%): 92.6576 (0.2123)
[METRIC] Training Throughput (samples/second): 320.0435 (0.7317)
[METRIC] Training I/O Throughput (MiB/second): 44745.0478 (102.3021)
[METRIC] train_au_meet_expectation: success
[METRIC] ==========================================================

[OUTPUT] 2026-07-04T06:01:34.683924 outputs saved in RANKID_output.json
