[OUTPUT] [DEBUG DLIOBenchmark.__init__] After LoadConfig:
[OUTPUT]   storage_type   = <StorageType.LOCAL_FS: 'local_fs'>
[OUTPUT]   storage_root   = './'
[OUTPUT]   storage_options= None
[OUTPUT]   data_folder    = '/mnt/mlperf/data/zhaoxin_10client_0722_2/unet3d'
[OUTPUT]   framework      = <FrameworkType.PYTORCH: 'pytorch'>
[OUTPUT]   num_files_train= 280000
[OUTPUT]   record_length  = 146600628
[OUTPUT]   generate_data  = False
[OUTPUT]   do_train       = True
[OUTPUT]   do_checkpoint  = False
[OUTPUT]   epochs         = 5
[OUTPUT]   batch_size     = 7
[OUTPUT] 2026-07-22T17:09:09.874778 Running DLIO [Training] with 70 process(es)
[OUTPUT] 2026-07-22T17:09:09.963527 skip_listing [train]: validating 2,801 of 280,000 files (first, last, every 100) via HEAD requests ...
[OUTPUT] 2026-07-22T17:09:09.965243 skip_listing [train]:   280/2,801 checked (10%)  —  172175 checks/s  —  ETA 0s  —  0 failed so far
[OUTPUT] 2026-07-22T17:09:09.966354 skip_listing [train]:   560/2,801 checked (20%)  —  204547 checks/s  —  ETA 0s  —  0 failed so far
[OUTPUT] 2026-07-22T17:09:09.967442 skip_listing [train]:   840/2,801 checked (30%)  —  219474 checks/s  —  ETA 0s  —  0 failed so far
[OUTPUT] 2026-07-22T17:09:09.968527 skip_listing [train]:   1,120/2,801 checked (40%)  —  228029 checks/s  —  ETA 0s  —  0 failed so far
[OUTPUT] 2026-07-22T17:09:09.969598 skip_listing [train]:   1,400/2,801 checked (50%)  —  234001 checks/s  —  ETA 0s  —  0 failed so far
[OUTPUT] 2026-07-22T17:09:09.970664 skip_listing [train]:   1,680/2,801 checked (60%)  —  238329 checks/s  —  ETA 0s  —  0 failed so far
[OUTPUT] 2026-07-22T17:09:09.971736 skip_listing [train]:   1,960/2,801 checked (70%)  —  241363 checks/s  —  ETA 0s  —  0 failed so far
[OUTPUT] 2026-07-22T17:09:09.972804 skip_listing [train]:   2,240/2,801 checked (80%)  —  243779 checks/s  —  ETA 0s  —  0 failed so far
[OUTPUT] 2026-07-22T17:09:09.973864 skip_listing [train]:   2,520/2,801 checked (90%)  —  245886 checks/s  —  ETA 0s  —  0 failed so far
[OUTPUT] 2026-07-22T17:09:09.974928 skip_listing [train]:   2,800/2,801 checked (100%)  —  247493 checks/s  —  ETA 0s  —  0 failed so far
[OUTPUT] 2026-07-22T17:09:09.974942 skip_listing [train]: validation complete — all 2,801 samples exist (0.0s, 247290 checks/s); 4,000 URIs ready for rank 0 (280,000 total across all ranks)
[OUTPUT] 2026-07-22T17:09:09.974968 File listing [train]: 280000 files discovered, 4000 assigned to rank 0, completed in 0.02s
[OUTPUT] 2026-07-22T17:09:09.974986 skip_listing [valid]: generated 0 file URIs deterministically (0 total — validation disabled)
[OUTPUT] 2026-07-22T17:09:09.975000 File listing [valid]: 0 files discovered, 0 assigned to rank 0, completed in 0.00s
[OUTPUT] 2026-07-22T17:09:09.975011 Streamed file sharding: 280000 train files across 70 ranks via round-robin (rank 0 shard: 4000 files)
[OUTPUT] 2026-07-22T17:09:10.083097 Max steps per epoch per rank: 40000 = 1 * 280000 / 7 (samples per file * local files / batch size)
[OUTPUT] 2026-07-22T17:09:10.102110 Reshard for epoch 1: 4000 train files, 0 eval files redistributed via alltoall in 0.02s
[OUTPUT] 2026-07-22T17:09:12.025772 Worker pre-warm complete (8 workers spawned)
[OUTPUT] 2026-07-22T17:09:12.376170 Starting epoch 1: 571 steps expected
[OUTPUT] 2026-07-22T17:09:12.376431 Starting block 1
[OUTPUT] 2026-07-22T17:10:55.843339 Ending block 1 - 571 steps completed in 103.47 s
[OUTPUT] 2026-07-22T17:10:55.846786 Epoch 1 - Block 1 [Training] Accelerator Utilization [AU] (%): 90.6626
[OUTPUT] 2026-07-22T17:10:55.846814 Epoch 1 - Block 1 [Training] Throughput (samples/second): 2740.5762
[OUTPUT] 2026-07-22T17:10:55.847307 Epoch 1 - Block 1 [Training] Computation time per step (second): 0.1621+/-0.0000 (set value: {'mean': 0.162})
[OUTPUT] 2026-07-22T17:10:56.202039 Ending epoch 1 - 571 steps completed in 103.83 s
[OUTPUT] 2026-07-22T17:10:56.211567 Reshard for epoch 2: 4000 train files, 0 eval files redistributed via alltoall in 0.01s
[OUTPUT] 2026-07-22T17:10:58.014167 Worker pre-warm complete for epoch 2 (8 workers spawned)
[OUTPUT] 2026-07-22T17:10:58.511592 Starting epoch 2: 571 steps expected
[OUTPUT] 2026-07-22T17:10:58.511887 Starting block 1
[OUTPUT] 2026-07-22T17:12:41.779143 Ending block 1 - 571 steps completed in 103.27 s
[OUTPUT] 2026-07-22T17:12:41.780472 Epoch 2 - Block 1 [Training] Accelerator Utilization [AU] (%): 90.8493
[OUTPUT] 2026-07-22T17:12:41.780499 Epoch 2 - Block 1 [Training] Throughput (samples/second): 2746.2309
[OUTPUT] 2026-07-22T17:12:41.780614 Epoch 2 - Block 1 [Training] Computation time per step (second): 0.1621+/-0.0000 (set value: {'mean': 0.162})
[OUTPUT] 2026-07-22T17:12:42.059979 Ending epoch 2 - 571 steps completed in 103.55 s
[OUTPUT] 2026-07-22T17:12:42.071238 Reshard for epoch 3: 4000 train files, 0 eval files redistributed via alltoall in 0.01s
[OUTPUT] 2026-07-22T17:12:43.842116 Worker pre-warm complete for epoch 3 (8 workers spawned)
[OUTPUT] 2026-07-22T17:12:44.080032 Starting epoch 3: 571 steps expected
[OUTPUT] 2026-07-22T17:12:44.080254 Starting block 1
[OUTPUT] 2026-07-22T17:14:27.760598 Ending block 1 - 571 steps completed in 103.68 s
[OUTPUT] 2026-07-22T17:14:27.762016 Epoch 3 - Block 1 [Training] Accelerator Utilization [AU] (%): 90.5163
[OUTPUT] 2026-07-22T17:14:27.762043 Epoch 3 - Block 1 [Training] Throughput (samples/second): 2736.1194
[OUTPUT] 2026-07-22T17:14:27.762153 Epoch 3 - Block 1 [Training] Computation time per step (second): 0.1621+/-0.0001 (set value: {'mean': 0.162})
[OUTPUT] 2026-07-22T17:14:28.002780 Ending epoch 3 - 571 steps completed in 103.92 s
[OUTPUT] 2026-07-22T17:14:28.014710 Reshard for epoch 4: 4000 train files, 0 eval files redistributed via alltoall in 0.01s
[OUTPUT] 2026-07-22T17:14:29.766415 Worker pre-warm complete for epoch 4 (8 workers spawned)
[OUTPUT] 2026-07-22T17:14:30.064741 Starting epoch 4: 571 steps expected
[OUTPUT] 2026-07-22T17:14:30.064983 Starting block 1
[OUTPUT] 2026-07-22T17:16:13.849282 Ending block 1 - 571 steps completed in 103.78 s
[OUTPUT] 2026-07-22T17:16:13.850607 Epoch 4 - Block 1 [Training] Accelerator Utilization [AU] (%): 90.3451
[OUTPUT] 2026-07-22T17:16:13.850634 Epoch 4 - Block 1 [Training] Throughput (samples/second): 2731.0146
[OUTPUT] 2026-07-22T17:16:13.850744 Epoch 4 - Block 1 [Training] Computation time per step (second): 0.1621+/-0.0000 (set value: {'mean': 0.162})
[OUTPUT] 2026-07-22T17:16:14.154137 Ending epoch 4 - 571 steps completed in 104.09 s
[OUTPUT] 2026-07-22T17:16:14.165992 Reshard for epoch 5: 4000 train files, 0 eval files redistributed via alltoall in 0.01s
[OUTPUT] 2026-07-22T17:16:15.712414 Worker pre-warm complete for epoch 5 (8 workers spawned)
[OUTPUT] 2026-07-22T17:16:16.299107 Starting epoch 5: 571 steps expected
[OUTPUT] 2026-07-22T17:16:16.299381 Starting block 1
[OUTPUT] 2026-07-22T17:17:59.843957 Ending block 1 - 571 steps completed in 103.54 s
[OUTPUT] 2026-07-22T17:17:59.845349 Epoch 5 - Block 1 [Training] Accelerator Utilization [AU] (%): 90.5985
[OUTPUT] 2026-07-22T17:17:59.845376 Epoch 5 - Block 1 [Training] Throughput (samples/second): 2738.6680
[OUTPUT] 2026-07-22T17:17:59.845485 Epoch 5 - Block 1 [Training] Computation time per step (second): 0.1621+/-0.0000 (set value: {'mean': 0.162})
[OUTPUT] 2026-07-22T17:18:00.095406 Ending epoch 5 - 571 steps completed in 103.80 s
[OUTPUT] 2026-07-22T17:18:00.105786 Reshard for epoch 6: 4000 train files, 0 eval files redistributed via alltoall in 0.01s
[OUTPUT] 2026-07-22T17:18:01.881491 Worker pre-warm complete for epoch 6 (8 workers spawned)
[OUTPUT] 2026-07-22T17:18:02.297587 Saved outputs in /mnt/mlperf/result/zhaoxin_10client/closed/InspurData/results/InspurData_InDataOS_AS13000G7_KH-50000_10clients/training/unet3d/run/20260722_170841
[OUTPUT] Averaged metric over all steps/epochs
[METRIC] ==========================================================
[METRIC] Number of Simulated Accelerators: 70 
[METRIC] Training Accelerator Utilization [AU] (%): 90.5553 (0.1654)
[METRIC] Training Throughput (samples/second): 2737.1569 (4.9945)
[METRIC] Training I/O Throughput (MiB/second): 382679.8591 (698.2832)
[METRIC] train_au_meet_expectation: success
[METRIC] ==========================================================

[OUTPUT] 2026-07-22T17:18:02.452790 outputs saved in RANKID_output.json
