[OUTPUT] [DEBUG DLIOBenchmark.__init__] After LoadConfig:
[OUTPUT]   storage_type   = <StorageType.S3: 's3'>
[OUTPUT]   storage_root   = 'mlp-retinanet'
[OUTPUT]   storage_options= {'storage_library': 's3dlio', 'uri_scheme': 's3', 'access_key_id': 'ais', 'secret_access_key': 'ais', 'endpoint_url': 'http://10.49.42.215:51080/s3/', 'region': 'us-east-1'}
[OUTPUT]   data_folder    = 'data/r10-6n/retinanet'
[OUTPUT]   framework      = <FrameworkType.PYTORCH: 'pytorch'>
[OUTPUT]   num_files_train= 252000000
[OUTPUT]   record_length  = 322957
[OUTPUT]   generate_data  = True
[OUTPUT]   do_train       = False
[OUTPUT]   do_checkpoint  = False
[OUTPUT]   epochs         = 1
[OUTPUT]   batch_size     = 1
[OUTPUT] 2026-07-11T15:45:56.991186 Running DLIO [Generating data] with 120 process(es)
[OUTPUT] ================================================================================
[OUTPUT] Data Generation Method: DGEN (default)
[OUTPUT]   dgen-py zero-copy BytesView — 155x faster than NumPy, 0 MiB overhead
[OUTPUT] ================================================================================
[OUTPUT] 2026-07-11T15:45:57.159268 Starting data generation
[OUTPUT] 2026-07-11T16:29:00.585921 Generation done
[OUTPUT] ================================================================================
[OUTPUT] Data Generation Method: DGEN (default)
[OUTPUT]   dgen-py zero-copy BytesView — 155x faster than NumPy, 0 MiB overhead
[OUTPUT] ================================================================================
