[DATALOADER] format=npz storage=s3 library=s3dlio
[DATALOADER]   torch_dataset=TorchIterableDatasetSimple(bulk-prefetch, 4 workers)
[DATALOADER]   reader=NPZReaderS3Iterable
[DATALOADER]   sample_access=next()→_s3_prefetch_all(64 in-flight) then iterate
[DATALOADER] format=npz storage=s3 library=s3dlio
[DATALOADER]   torch_dataset=TorchIterableDatasetSimple(bulk-prefetch, 4 workers)
[DATALOADER]   reader=NPZReaderS3Iterable
[DATALOADER]   sample_access=next()→_s3_prefetch_all(64 in-flight) then iterate
[DATALOADER] format=npz storage=s3 library=s3dlio
[DATALOADER]   torch_dataset=TorchIterableDatasetSimple(bulk-prefetch, 4 workers)
[DATALOADER]   reader=NPZReaderS3Iterable
[DATALOADER]   sample_access=next()→_s3_prefetch_all(64 in-flight) then iterate
[DATALOADER] format=npz storage=s3 library=s3dlio
[DATALOADER]   torch_dataset=TorchIterableDatasetSimple(bulk-prefetch, 4 workers)
[DATALOADER]   reader=NPZReaderS3Iterable
[DATALOADER]   sample_access=next()→_s3_prefetch_all(64 in-flight) then iterate
[DATALOADER] format=npz storage=s3 library=s3dlio
[DATALOADER]   torch_dataset=TorchIterableDatasetSimple(bulk-prefetch, 4 workers)
[DATALOADER]   reader=NPZReaderS3Iterable
[DATALOADER]   sample_access=next()→_s3_prefetch_all(64 in-flight) then iterate
[ITER_SIMPLE] worker=0 reader=NPZReaderS3Iterable files_this_worker=13900 total_files=55600
[ITER_SIMPLE] worker=1 reader=NPZReaderS3Iterable files_this_worker=13900 total_files=55600
[ITER_SIMPLE] worker=2 reader=NPZReaderS3Iterable files_this_worker=13900 total_files=55600
[ITER_SIMPLE] worker=3 reader=NPZReaderS3Iterable files_this_worker=13900 total_files=55600
[ITER_SIMPLE] worker=0 reader=NPZReaderS3Iterable files_this_worker=13900 total_files=55600
[ITER_SIMPLE] worker=1 reader=NPZReaderS3Iterable files_this_worker=13900 total_files=55600
[ITER_SIMPLE] worker=2 reader=NPZReaderS3Iterable files_this_worker=13900 total_files=55600
[ITER_SIMPLE] worker=3 reader=NPZReaderS3Iterable files_this_worker=13900 total_files=55600
[ITER_SIMPLE] worker=0 reader=NPZReaderS3Iterable files_this_worker=13900 total_files=55600
[ITER_SIMPLE] worker=1 reader=NPZReaderS3Iterable files_this_worker=13900 total_files=55600
[ITER_SIMPLE] worker=2 reader=NPZReaderS3Iterable files_this_worker=13900 total_files=55600
[ITER_SIMPLE] worker=1 reader=NPZReaderS3Iterable files_this_worker=13900 total_files=55600
[ITER_SIMPLE] worker=2 reader=NPZReaderS3Iterable files_this_worker=13900 total_files=55600
[ITER_SIMPLE] worker=0 reader=NPZReaderS3Iterable files_this_worker=13900 total_files=55600
[ITER_SIMPLE] worker=3 reader=NPZReaderS3Iterable files_this_worker=13900 total_files=55600
[ITER_SIMPLE] worker=3 reader=NPZReaderS3Iterable files_this_worker=13900 total_files=55600
[ITER_SIMPLE] worker=0 reader=NPZReaderS3Iterable files_this_worker=13900 total_files=55600
[ITER_SIMPLE] worker=1 reader=NPZReaderS3Iterable files_this_worker=13900 total_files=55600
[ITER_SIMPLE] worker=2 reader=NPZReaderS3Iterable files_this_worker=13900 total_files=55600
[ITER_SIMPLE] worker=3 reader=NPZReaderS3Iterable files_this_worker=13900 total_files=55600
[ITER_SIMPLE] worker=0 reader=NPZReaderS3Iterable files_this_worker=13900 total_files=55600
[ITER_SIMPLE] worker=2 reader=NPZReaderS3Iterable files_this_worker=13900 total_files=55600
[ITER_SIMPLE] worker=1 reader=NPZReaderS3Iterable files_this_worker=13900 total_files=55600
[ITER_SIMPLE] worker=3 reader=NPZReaderS3Iterable files_this_worker=13900 total_files=55600
[ITER_SIMPLE] worker=2 reader=NPZReaderS3Iterable files_this_worker=13900 total_files=55600
[ITER_SIMPLE] worker=0 reader=NPZReaderS3Iterable files_this_worker=13900 total_files=55600
[ITER_SIMPLE] worker=1 reader=NPZReaderS3Iterable files_this_worker=13900 total_files=55600
[ITER_SIMPLE] worker=3 reader=NPZReaderS3Iterable files_this_worker=13900 total_files=55600
[ITER_SIMPLE] worker=2 reader=NPZReaderS3Iterable files_this_worker=13900 total_files=55600
[ITER_SIMPLE] worker=0 reader=NPZReaderS3Iterable files_this_worker=13900 total_files=55600
[ITER_SIMPLE] worker=1 reader=NPZReaderS3Iterable files_this_worker=13900 total_files=55600
[ITER_SIMPLE] worker=3 reader=NPZReaderS3Iterable files_this_worker=13900 total_files=55600
[ITER_SIMPLE] worker=0 reader=NPZReaderS3Iterable files_this_worker=13900 total_files=55600
[ITER_SIMPLE] worker=2 reader=NPZReaderS3Iterable files_this_worker=13900 total_files=55600
[ITER_SIMPLE] worker=1 reader=NPZReaderS3Iterable files_this_worker=13900 total_files=55600
[ITER_SIMPLE] worker=3 reader=NPZReaderS3Iterable files_this_worker=13900 total_files=55600
[ITER_SIMPLE] worker=3 reader=NPZReaderS3Iterable files_this_worker=13900 total_files=55600
[ITER_SIMPLE] worker=1 reader=NPZReaderS3Iterable files_this_worker=13900 total_files=55600
[ITER_SIMPLE] worker=2 reader=NPZReaderS3Iterable files_this_worker=13900 total_files=55600
[ITER_SIMPLE] worker=0 reader=NPZReaderS3Iterable files_this_worker=13900 total_files=55600
[ITER_SIMPLE] worker=0 reader=NPZReaderS3Iterable files_this_worker=13900 total_files=55600
[ITER_SIMPLE] worker=3 reader=NPZReaderS3Iterable files_this_worker=13900 total_files=55600
[ITER_SIMPLE] worker=2 reader=NPZReaderS3Iterable files_this_worker=13900 total_files=55600
[ITER_SIMPLE] worker=1 reader=NPZReaderS3Iterable files_this_worker=13900 total_files=55600
[ITER_SIMPLE] worker=0 reader=NPZReaderS3Iterable files_this_worker=13900 total_files=55600
[ITER_SIMPLE] worker=1 reader=NPZReaderS3Iterable files_this_worker=13900 total_files=55600
[ITER_SIMPLE] worker=0 reader=NPZReaderS3Iterable files_this_worker=13900 total_files=55600
[ITER_SIMPLE] worker=2 reader=NPZReaderS3Iterable files_this_worker=13900 total_files=55600
[ITER_SIMPLE] worker=3 reader=NPZReaderS3Iterable files_this_worker=13900 total_files=55600
[ITER_SIMPLE] worker=2 reader=NPZReaderS3Iterable files_this_worker=13900 total_files=55600
[ITER_SIMPLE] worker=3 reader=NPZReaderS3Iterable files_this_worker=13900 total_files=55600
[ITER_SIMPLE] worker=1 reader=NPZReaderS3Iterable files_this_worker=13900 total_files=55600
[ITER_SIMPLE] worker=0 reader=NPZReaderS3Iterable files_this_worker=13900 total_files=55600
[ITER_SIMPLE] worker=3 reader=NPZReaderS3Iterable files_this_worker=13900 total_files=55600
[ITER_SIMPLE] worker=2 reader=NPZReaderS3Iterable files_this_worker=13900 total_files=55600
[ITER_SIMPLE] worker=1 reader=NPZReaderS3Iterable files_this_worker=13900 total_files=55600
[ITER_SIMPLE] worker=2 reader=NPZReaderS3Iterable files_this_worker=13900 total_files=55600
[ITER_SIMPLE] worker=0 reader=NPZReaderS3Iterable files_this_worker=13900 total_files=55600
[ITER_SIMPLE] worker=1 reader=NPZReaderS3Iterable files_this_worker=13900 total_files=55600
[ITER_SIMPLE] worker=3 reader=NPZReaderS3Iterable files_this_worker=13900 total_files=55600
[ITER_SIMPLE] worker=0 reader=NPZReaderS3Iterable files_this_worker=13900 total_files=55600
[ITER_SIMPLE] worker=3 reader=NPZReaderS3Iterable files_this_worker=13900 total_files=55600
[ITER_SIMPLE] worker=1 reader=NPZReaderS3Iterable files_this_worker=13900 total_files=55600
[ITER_SIMPLE] worker=2 reader=NPZReaderS3Iterable files_this_worker=13900 total_files=55600
[ITER_SIMPLE] worker=0 reader=NPZReaderS3Iterable files_this_worker=13900 total_files=55600
[ITER_SIMPLE] worker=2 reader=NPZReaderS3Iterable files_this_worker=13900 total_files=55600
[ITER_SIMPLE] worker=3 reader=NPZReaderS3Iterable files_this_worker=13900 total_files=55600
[ITER_SIMPLE] worker=1 reader=NPZReaderS3Iterable files_this_worker=13900 total_files=55600
[ITER_SIMPLE] worker=0 reader=NPZReaderS3Iterable files_this_worker=13900 total_files=55600
[ITER_SIMPLE] worker=2 reader=NPZReaderS3Iterable files_this_worker=13900 total_files=55600
[ITER_SIMPLE] worker=1 reader=NPZReaderS3Iterable files_this_worker=13900 total_files=55600
[ITER_SIMPLE] worker=3 reader=NPZReaderS3Iterable files_this_worker=13900 total_files=55600
[ITER_SIMPLE] worker=1 reader=NPZReaderS3Iterable files_this_worker=13900 total_files=55600
[ITER_SIMPLE] worker=0 reader=NPZReaderS3Iterable files_this_worker=13900 total_files=55600
[ITER_SIMPLE] worker=2 reader=NPZReaderS3Iterable files_this_worker=13900 total_files=55600
[ITER_SIMPLE] worker=3 reader=NPZReaderS3Iterable files_this_worker=13900 total_files=55600
[ITER_SIMPLE] worker=2 reader=NPZReaderS3Iterable files_this_worker=13900 total_files=55600
[ITER_SIMPLE] worker=1 reader=NPZReaderS3Iterable files_this_worker=13900 total_files=55600
[ITER_SIMPLE] worker=3 reader=NPZReaderS3Iterable files_this_worker=13900 total_files=55600
[ITER_SIMPLE] worker=0 reader=NPZReaderS3Iterable files_this_worker=13900 total_files=55600
[ITER_SIMPLE] worker=0 reader=NPZReaderS3Iterable files_this_worker=13900 total_files=55600
[ITER_SIMPLE] worker=1 reader=NPZReaderS3Iterable files_this_worker=13900 total_files=55600
[ITER_SIMPLE] worker=1 reader=NPZReaderS3Iterable files_this_worker=13900 total_files=55600
[ITER_SIMPLE] worker=3 reader=NPZReaderS3Iterable files_this_worker=13900 total_files=55600
[ITER_SIMPLE] worker=2 reader=NPZReaderS3Iterable files_this_worker=13900 total_files=55600
[ITER_SIMPLE] worker=0 reader=NPZReaderS3Iterable files_this_worker=13900 total_files=55600
[ITER_SIMPLE] worker=2 reader=NPZReaderS3Iterable files_this_worker=13900 total_files=55600
[ITER_SIMPLE] worker=3 reader=NPZReaderS3Iterable files_this_worker=13900 total_files=55600
[ITER_SIMPLE] worker=1 reader=NPZReaderS3Iterable files_this_worker=13900 total_files=55600
[ITER_SIMPLE] worker=0 reader=NPZReaderS3Iterable files_this_worker=13900 total_files=55600
[ITER_SIMPLE] worker=3 reader=NPZReaderS3Iterable files_this_worker=13900 total_files=55600
[ITER_SIMPLE] worker=2 reader=NPZReaderS3Iterable files_this_worker=13900 total_files=55600
[ITER_SIMPLE] worker=0 reader=NPZReaderS3Iterable files_this_worker=13900 total_files=55600
[ITER_SIMPLE] worker=3 reader=NPZReaderS3Iterable files_this_worker=13900 total_files=55600
[ITER_SIMPLE] worker=1 reader=NPZReaderS3Iterable files_this_worker=13900 total_files=55600
[ITER_SIMPLE] worker=2 reader=NPZReaderS3Iterable files_this_worker=13900 total_files=55600
[ITER_SIMPLE] worker=3 reader=NPZReaderS3Iterable files_this_worker=13900 total_files=55600
[ITER_SIMPLE] worker=1 reader=NPZReaderS3Iterable files_this_worker=13900 total_files=55600
[ITER_SIMPLE] worker=2 reader=NPZReaderS3Iterable files_this_worker=13900 total_files=55600
[ITER_SIMPLE] worker=0 reader=NPZReaderS3Iterable files_this_worker=13900 total_files=55600
[ITER_SIMPLE] worker=0 reader=NPZReaderS3Iterable files_this_worker=13900 total_files=55600
[ITER_SIMPLE] worker=3 reader=NPZReaderS3Iterable files_this_worker=13900 total_files=55600
[ITER_SIMPLE] worker=2 reader=NPZReaderS3Iterable files_this_worker=13900 total_files=55600
[ITER_SIMPLE] worker=1 reader=NPZReaderS3Iterable files_this_worker=13900 total_files=55600
[ITER_SIMPLE] worker=0 reader=NPZReaderS3Iterable files_this_worker=13900 total_files=55600
[ITER_SIMPLE] worker=3 reader=NPZReaderS3Iterable files_this_worker=13900 total_files=55600
[ITER_SIMPLE] worker=1 reader=NPZReaderS3Iterable files_this_worker=13900 total_files=55600
[ITER_SIMPLE] worker=2 reader=NPZReaderS3Iterable files_this_worker=13900 total_files=55600
[ITER_SIMPLE] worker=2 reader=NPZReaderS3Iterable files_this_worker=13900 total_files=55600
[ITER_SIMPLE] worker=3 reader=NPZReaderS3Iterable files_this_worker=13900 total_files=55600
[ITER_SIMPLE] worker=0 reader=NPZReaderS3Iterable files_this_worker=13900 total_files=55600
[ITER_SIMPLE] worker=1 reader=NPZReaderS3Iterable files_this_worker=13900 total_files=55600
[ITER_SIMPLE] worker=0 reader=NPZReaderS3Iterable files_this_worker=13900 total_files=55600
[ITER_SIMPLE] worker=1 reader=NPZReaderS3Iterable files_this_worker=13900 total_files=55600
[ITER_SIMPLE] worker=2 reader=NPZReaderS3Iterable files_this_worker=13900 total_files=55600
[ITER_SIMPLE] worker=3 reader=NPZReaderS3Iterable files_this_worker=13900 total_files=55600
[ITER_SIMPLE] worker=0 reader=NPZReaderS3Iterable files_this_worker=13900 total_files=55600
[ITER_SIMPLE] worker=1 reader=NPZReaderS3Iterable files_this_worker=13900 total_files=55600
[ITER_SIMPLE] worker=2 reader=NPZReaderS3Iterable files_this_worker=13900 total_files=55600
[ITER_SIMPLE] worker=3 reader=NPZReaderS3Iterable files_this_worker=13900 total_files=55600
[ITER_SIMPLE] worker=0 reader=NPZReaderS3Iterable files_this_worker=13900 total_files=55600
[ITER_SIMPLE] worker=3 reader=NPZReaderS3Iterable files_this_worker=13900 total_files=55600
[ITER_SIMPLE] worker=1 reader=NPZReaderS3Iterable files_this_worker=13900 total_files=55600
[ITER_SIMPLE] worker=2 reader=NPZReaderS3Iterable files_this_worker=13900 total_files=55600
[ITER_SIMPLE] worker=1 reader=NPZReaderS3Iterable files_this_worker=13900 total_files=55600
[ITER_SIMPLE] worker=2 reader=NPZReaderS3Iterable files_this_worker=13900 total_files=55600
[ITER_SIMPLE] worker=0 reader=NPZReaderS3Iterable files_this_worker=13900 total_files=55600
[ITER_SIMPLE] worker=3 reader=NPZReaderS3Iterable files_this_worker=13900 total_files=55600
[ITER_SIMPLE] worker=2 reader=NPZReaderS3Iterable files_this_worker=13900 total_files=55600
[ITER_SIMPLE] worker=3 reader=NPZReaderS3Iterable files_this_worker=13900 total_files=55600
[ITER_SIMPLE] worker=1 reader=NPZReaderS3Iterable files_this_worker=13900 total_files=55600
[ITER_SIMPLE] worker=0 reader=NPZReaderS3Iterable files_this_worker=13900 total_files=55600
[ITER_SIMPLE] worker=1 reader=NPZReaderS3Iterable files_this_worker=13900 total_files=55600
[ITER_SIMPLE] worker=3 reader=NPZReaderS3Iterable files_this_worker=13900 total_files=55600
[ITER_SIMPLE] worker=0 reader=NPZReaderS3Iterable files_this_worker=13900 total_files=55600
[ITER_SIMPLE] worker=2 reader=NPZReaderS3Iterable files_this_worker=13900 total_files=55600
[ITER_SIMPLE] worker=3 reader=NPZReaderS3Iterable files_this_worker=13900 total_files=55600
[ITER_SIMPLE] worker=2 reader=NPZReaderS3Iterable files_this_worker=13900 total_files=55600
[ITER_SIMPLE] worker=1 reader=NPZReaderS3Iterable files_this_worker=13900 total_files=55600
[ITER_SIMPLE] worker=0 reader=NPZReaderS3Iterable files_this_worker=13900 total_files=55600
[ITER_SIMPLE] worker=0 reader=NPZReaderS3Iterable files_this_worker=13900 total_files=55600
[ITER_SIMPLE] worker=3 reader=NPZReaderS3Iterable files_this_worker=13900 total_files=55600
[ITER_SIMPLE] worker=1 reader=NPZReaderS3Iterable files_this_worker=13900 total_files=55600
[ITER_SIMPLE] worker=2 reader=NPZReaderS3Iterable files_this_worker=13900 total_files=55600
[ITER_SIMPLE] worker=0 reader=NPZReaderS3Iterable files_this_worker=13900 total_files=55600
[ITER_SIMPLE] worker=3 reader=NPZReaderS3Iterable files_this_worker=13900 total_files=55600
[ITER_SIMPLE] worker=2 reader=NPZReaderS3Iterable files_this_worker=13900 total_files=55600
[ITER_SIMPLE] worker=1 reader=NPZReaderS3Iterable files_this_worker=13900 total_files=55600
[ITER_SIMPLE] worker=3 reader=NPZReaderS3Iterable files_this_worker=13900 total_files=55600
[ITER_SIMPLE] worker=2 reader=NPZReaderS3Iterable files_this_worker=13900 total_files=55600
[ITER_SIMPLE] worker=1 reader=NPZReaderS3Iterable files_this_worker=13900 total_files=55600
[ITER_SIMPLE] worker=0 reader=NPZReaderS3Iterable files_this_worker=13900 total_files=55600
[ITER_SIMPLE] worker=0 reader=NPZReaderS3Iterable files_this_worker=13900 total_files=55600
[ITER_SIMPLE] worker=1 reader=NPZReaderS3Iterable files_this_worker=13900 total_files=55600
[ITER_SIMPLE] worker=3 reader=NPZReaderS3Iterable files_this_worker=13900 total_files=55600
[ITER_SIMPLE] worker=2 reader=NPZReaderS3Iterable files_this_worker=13900 total_files=55600
[ITER_SIMPLE] worker=0 reader=NPZReaderS3Iterable files_this_worker=13900 total_files=55600
[ITER_SIMPLE] worker=1 reader=NPZReaderS3Iterable files_this_worker=13900 total_files=55600
[ITER_SIMPLE] worker=3 reader=NPZReaderS3Iterable files_this_worker=13900 total_files=55600
[ITER_SIMPLE] worker=2 reader=NPZReaderS3Iterable files_this_worker=13900 total_files=55600
[ITER_SIMPLE] worker=0 reader=NPZReaderS3Iterable files_this_worker=13900 total_files=55600
[ITER_SIMPLE] worker=3 reader=NPZReaderS3Iterable files_this_worker=13900 total_files=55600
[ITER_SIMPLE] worker=3 reader=NPZReaderS3Iterable files_this_worker=13900 total_files=55600
[ITER_SIMPLE] worker=0 reader=NPZReaderS3Iterable files_this_worker=13900 total_files=55600
[ITER_SIMPLE] worker=1 reader=NPZReaderS3Iterable files_this_worker=13900 total_files=55600
[ITER_SIMPLE] worker=2 reader=NPZReaderS3Iterable files_this_worker=13900 total_files=55600
[ITER_SIMPLE] worker=1 reader=NPZReaderS3Iterable files_this_worker=13900 total_files=55600
[ITER_SIMPLE] worker=3 reader=NPZReaderS3Iterable files_this_worker=13900 total_files=55600
[ITER_SIMPLE] worker=0 reader=NPZReaderS3Iterable files_this_worker=13900 total_files=55600
[ITER_SIMPLE] worker=1 reader=NPZReaderS3Iterable files_this_worker=13900 total_files=55600
[ITER_SIMPLE] worker=2 reader=NPZReaderS3Iterable files_this_worker=13900 total_files=55600
[ITER_SIMPLE] worker=2 reader=NPZReaderS3Iterable files_this_worker=13900 total_files=55600
[ITER_SIMPLE] worker=1 reader=NPZReaderS3Iterable files_this_worker=13900 total_files=55600
[ITER_SIMPLE] worker=3 reader=NPZReaderS3Iterable files_this_worker=13900 total_files=55600
[ITER_SIMPLE] worker=2 reader=NPZReaderS3Iterable files_this_worker=13900 total_files=55600
[ITER_SIMPLE] worker=0 reader=NPZReaderS3Iterable files_this_worker=13900 total_files=55600
[ITER_SIMPLE] worker=1 reader=NPZReaderS3Iterable files_this_worker=13900 total_files=55600
[ITER_SIMPLE] worker=2 reader=NPZReaderS3Iterable files_this_worker=13900 total_files=55600
[ITER_SIMPLE] worker=0 reader=NPZReaderS3Iterable files_this_worker=13900 total_files=55600
[ITER_SIMPLE] worker=3 reader=NPZReaderS3Iterable files_this_worker=13900 total_files=55600
[ITER_SIMPLE] worker=0 reader=NPZReaderS3Iterable files_this_worker=13900 total_files=55600
[ITER_SIMPLE] worker=3 reader=NPZReaderS3Iterable files_this_worker=13900 total_files=55600
[ITER_SIMPLE] worker=1 reader=NPZReaderS3Iterable files_this_worker=13900 total_files=55600
[ITER_SIMPLE] worker=2 reader=NPZReaderS3Iterable files_this_worker=13900 total_files=55600
[ITER_SIMPLE] worker=0 reader=NPZReaderS3Iterable files_this_worker=13900 total_files=55600
[ITER_SIMPLE] worker=2 reader=NPZReaderS3Iterable files_this_worker=13900 total_files=55600
[ITER_SIMPLE] worker=1 reader=NPZReaderS3Iterable files_this_worker=13900 total_files=55600
[ITER_SIMPLE] worker=3 reader=NPZReaderS3Iterable files_this_worker=13900 total_files=55600
[ITER_SIMPLE] worker=3 reader=NPZReaderS3Iterable files_this_worker=13900 total_files=55600
[ITER_SIMPLE] worker=1 reader=NPZReaderS3Iterable files_this_worker=13900 total_files=55600
[ITER_SIMPLE] worker=0 reader=NPZReaderS3Iterable files_this_worker=13900 total_files=55600
[ITER_SIMPLE] worker=2 reader=NPZReaderS3Iterable files_this_worker=13900 total_files=55600
[ITER_SIMPLE] worker=0 reader=NPZReaderS3Iterable files_this_worker=13900 total_files=55600
[ITER_SIMPLE] worker=2 reader=NPZReaderS3Iterable files_this_worker=13900 total_files=55600
[ITER_SIMPLE] worker=3 reader=NPZReaderS3Iterable files_this_worker=13900 total_files=55600
[ITER_SIMPLE] worker=1 reader=NPZReaderS3Iterable files_this_worker=13900 total_files=55600
[ITER_SIMPLE] worker=0 reader=NPZReaderS3Iterable files_this_worker=13900 total_files=55600
[ITER_SIMPLE] worker=1 reader=NPZReaderS3Iterable files_this_worker=13900 total_files=55600
[ITER_SIMPLE] worker=3 reader=NPZReaderS3Iterable files_this_worker=13900 total_files=55600
[ITER_SIMPLE] worker=2 reader=NPZReaderS3Iterable files_this_worker=13900 total_files=55600
[ITER_SIMPLE] worker=0 reader=NPZReaderS3Iterable files_this_worker=13900 total_files=55600
[ITER_SIMPLE] worker=1 reader=NPZReaderS3Iterable files_this_worker=13900 total_files=55600
[ITER_SIMPLE] worker=3 reader=NPZReaderS3Iterable files_this_worker=13900 total_files=55600
[ITER_SIMPLE] worker=2 reader=NPZReaderS3Iterable files_this_worker=13900 total_files=55600
[ITER_SIMPLE] worker=0 reader=NPZReaderS3Iterable files_this_worker=13900 total_files=55600
[ITER_SIMPLE] worker=2 reader=NPZReaderS3Iterable files_this_worker=13900 total_files=55600
[ITER_SIMPLE] worker=3 reader=NPZReaderS3Iterable files_this_worker=13900 total_files=55600
[ITER_SIMPLE] worker=1 reader=NPZReaderS3Iterable files_this_worker=13900 total_files=55600
[ITER_SIMPLE] worker=1 reader=NPZReaderS3Iterable files_this_worker=13900 total_files=55600
[ITER_SIMPLE] worker=2 reader=NPZReaderS3Iterable files_this_worker=13900 total_files=55600
[ITER_SIMPLE] worker=0 reader=NPZReaderS3Iterable files_this_worker=13900 total_files=55600
[ITER_SIMPLE] worker=3 reader=NPZReaderS3Iterable files_this_worker=13900 total_files=55600
[ITER_SIMPLE] worker=0 reader=NPZReaderS3Iterable files_this_worker=13900 total_files=55600
[ITER_SIMPLE] worker=0 reader=NPZReaderS3Iterable files_this_worker=13900 total_files=55600
[ITER_SIMPLE] worker=3 reader=NPZReaderS3Iterable files_this_worker=13900 total_files=55600
[ITER_SIMPLE] worker=2 reader=NPZReaderS3Iterable files_this_worker=13900 total_files=55600
[ITER_SIMPLE] worker=2 reader=NPZReaderS3Iterable files_this_worker=13900 total_files=55600
[ITER_SIMPLE] worker=1 reader=NPZReaderS3Iterable files_this_worker=13900 total_files=55600
[ITER_SIMPLE] worker=1 reader=NPZReaderS3Iterable files_this_worker=13900 total_files=55600
[ITER_SIMPLE] worker=3 reader=NPZReaderS3Iterable files_this_worker=13900 total_files=55600
