[OUTPUT] [DEBUG DLIOBenchmark.__init__] After LoadConfig:
[OUTPUT]   storage_type   = <StorageType.LOCAL_FS: 'local_fs'>
[OUTPUT]   storage_root   = './'
[OUTPUT]   storage_options= None
[OUTPUT]   data_folder    = '/mnt/xpc/mlperf/data/formal/unet3d_closed_7client_a70_20260721_095215/unet3d'
[OUTPUT]   framework      = <FrameworkType.PYTORCH: 'pytorch'>
[OUTPUT]   num_files_train= 245000
[OUTPUT]   record_length  = 146600628
[OUTPUT]   generate_data  = False
[OUTPUT]   do_train       = True
[OUTPUT]   do_checkpoint  = False
[OUTPUT]   epochs         = 5
[OUTPUT]   batch_size     = 7
[OUTPUT] 2026-07-21T11:24:34.220167 Running DLIO [Training] with 70 process(es)
[OUTPUT] 2026-07-21T11:24:34.257852 skip_listing [train]: validating 24,501 of 245,000 files (first, last, every 10) via HEAD requests ...
[OUTPUT] 2026-07-21T11:24:34.281024 skip_listing [train]:   500/24,501 checked (2%)  —  21675 checks/s  —  ETA 1s  —  0 failed so far
[OUTPUT] 2026-07-21T11:24:34.300474 skip_listing [train]:   1,000/24,501 checked (4%)  —  23519 checks/s  —  ETA 1s  —  0 failed so far
[OUTPUT] 2026-07-21T11:24:34.319220 skip_listing [train]:   1,500/24,501 checked (6%)  —  24484 checks/s  —  ETA 1s  —  0 failed so far
[OUTPUT] 2026-07-21T11:24:34.337742 skip_listing [train]:   2,000/24,501 checked (8%)  —  25067 checks/s  —  ETA 1s  —  0 failed so far
[OUTPUT] 2026-07-21T11:24:34.356062 skip_listing [train]:   2,500/24,501 checked (10%)  —  25482 checks/s  —  ETA 1s  —  0 failed so far
[OUTPUT] 2026-07-21T11:24:34.374124 skip_listing [train]:   3,000/24,501 checked (12%)  —  25824 checks/s  —  ETA 1s  —  0 failed so far
[OUTPUT] 2026-07-21T11:24:34.392271 skip_listing [train]:   3,500/24,501 checked (14%)  —  26058 checks/s  —  ETA 1s  —  0 failed so far
[OUTPUT] 2026-07-21T11:24:34.410122 skip_listing [train]:   4,000/24,501 checked (16%)  —  26287 checks/s  —  ETA 1s  —  0 failed so far
[OUTPUT] 2026-07-21T11:24:34.427844 skip_listing [train]:   4,500/24,501 checked (18%)  —  26488 checks/s  —  ETA 1s  —  0 failed so far
[OUTPUT] 2026-07-21T11:24:34.445666 skip_listing [train]:   5,000/24,501 checked (20%)  —  26636 checks/s  —  ETA 1s  —  0 failed so far
[OUTPUT] 2026-07-21T11:24:34.463393 skip_listing [train]:   5,500/24,501 checked (22%)  —  26772 checks/s  —  ETA 1s  —  0 failed so far
[OUTPUT] 2026-07-21T11:24:34.480990 skip_listing [train]:   6,000/24,501 checked (24%)  —  26901 checks/s  —  ETA 1s  —  0 failed so far
[OUTPUT] 2026-07-21T11:24:34.498683 skip_listing [train]:   6,500/24,501 checked (27%)  —  27001 checks/s  —  ETA 1s  —  0 failed so far
[OUTPUT] 2026-07-21T11:24:34.516224 skip_listing [train]:   7,000/24,501 checked (29%)  —  27103 checks/s  —  ETA 1s  —  0 failed so far
[OUTPUT] 2026-07-21T11:24:34.533886 skip_listing [train]:   7,500/24,501 checked (31%)  —  27181 checks/s  —  ETA 1s  —  0 failed so far
[OUTPUT] 2026-07-21T11:24:34.551405 skip_listing [train]:   8,000/24,501 checked (33%)  —  27262 checks/s  —  ETA 1s  —  0 failed so far
[OUTPUT] 2026-07-21T11:24:34.568686 skip_listing [train]:   8,500/24,501 checked (35%)  —  27355 checks/s  —  ETA 1s  —  0 failed so far
[OUTPUT] 2026-07-21T11:24:34.586279 skip_listing [train]:   9,000/24,501 checked (37%)  —  27412 checks/s  —  ETA 1s  —  0 failed so far
[OUTPUT] 2026-07-21T11:24:34.603841 skip_listing [train]:   9,500/24,501 checked (39%)  —  27466 checks/s  —  ETA 1s  —  0 failed so far
[OUTPUT] 2026-07-21T11:24:34.621103 skip_listing [train]:   10,000/24,501 checked (41%)  —  27537 checks/s  —  ETA 1s  —  0 failed so far
[OUTPUT] 2026-07-21T11:24:34.638483 skip_listing [train]:   10,500/24,501 checked (43%)  —  27593 checks/s  —  ETA 1s  —  0 failed so far
[OUTPUT] 2026-07-21T11:24:34.655637 skip_listing [train]:   11,000/24,501 checked (45%)  —  27660 checks/s  —  ETA 0s  —  0 failed so far
[OUTPUT] 2026-07-21T11:24:34.673941 skip_listing [train]:   11,500/24,501 checked (47%)  —  27645 checks/s  —  ETA 0s  —  0 failed so far
[OUTPUT] 2026-07-21T11:24:34.691230 skip_listing [train]:   12,000/24,501 checked (49%)  —  27696 checks/s  —  ETA 0s  —  0 failed so far
[OUTPUT] 2026-07-21T11:24:34.708603 skip_listing [train]:   12,500/24,501 checked (51%)  —  27738 checks/s  —  ETA 0s  —  0 failed so far
[OUTPUT] 2026-07-21T11:24:34.725830 skip_listing [train]:   13,000/24,501 checked (53%)  —  27785 checks/s  —  ETA 0s  —  0 failed so far
[OUTPUT] 2026-07-21T11:24:34.742859 skip_listing [train]:   13,500/24,501 checked (55%)  —  27840 checks/s  —  ETA 0s  —  0 failed so far
[OUTPUT] 2026-07-21T11:24:34.760510 skip_listing [train]:   14,000/24,501 checked (57%)  —  27858 checks/s  —  ETA 0s  —  0 failed so far
[OUTPUT] 2026-07-21T11:24:34.777818 skip_listing [train]:   14,500/24,501 checked (59%)  —  27892 checks/s  —  ETA 0s  —  0 failed so far
[OUTPUT] 2026-07-21T11:24:34.794682 skip_listing [train]:   15,000/24,501 checked (61%)  —  27947 checks/s  —  ETA 0s  —  0 failed so far
[OUTPUT] 2026-07-21T11:24:34.811839 skip_listing [train]:   15,500/24,501 checked (63%)  —  27984 checks/s  —  ETA 0s  —  0 failed so far
[OUTPUT] 2026-07-21T11:24:34.828739 skip_listing [train]:   16,000/24,501 checked (65%)  —  28032 checks/s  —  ETA 0s  —  0 failed so far
[OUTPUT] 2026-07-21T11:24:34.845830 skip_listing [train]:   16,500/24,501 checked (67%)  —  28067 checks/s  —  ETA 0s  —  0 failed so far
[OUTPUT] 2026-07-21T11:24:34.863045 skip_listing [train]:   17,000/24,501 checked (69%)  —  28095 checks/s  —  ETA 0s  —  0 failed so far
[OUTPUT] 2026-07-21T11:24:34.880059 skip_listing [train]:   17,500/24,501 checked (71%)  —  28130 checks/s  —  ETA 0s  —  0 failed so far
[OUTPUT] 2026-07-21T11:24:34.897268 skip_listing [train]:   18,000/24,501 checked (73%)  —  28155 checks/s  —  ETA 0s  —  0 failed so far
[OUTPUT] 2026-07-21T11:24:34.914053 skip_listing [train]:   18,500/24,501 checked (76%)  —  28197 checks/s  —  ETA 0s  —  0 failed so far
[OUTPUT] 2026-07-21T11:24:34.931323 skip_listing [train]:   19,000/24,501 checked (78%)  —  28216 checks/s  —  ETA 0s  —  0 failed so far
[OUTPUT] 2026-07-21T11:24:34.948240 skip_listing [train]:   19,500/24,501 checked (80%)  —  28249 checks/s  —  ETA 0s  —  0 failed so far
[OUTPUT] 2026-07-21T11:24:34.966723 skip_listing [train]:   20,000/24,501 checked (82%)  —  28218 checks/s  —  ETA 0s  —  0 failed so far
[OUTPUT] 2026-07-21T11:24:34.983690 skip_listing [train]:   20,500/24,501 checked (84%)  —  28247 checks/s  —  ETA 0s  —  0 failed so far
[OUTPUT] 2026-07-21T11:24:35.000581 skip_listing [train]:   21,000/24,501 checked (86%)  —  28278 checks/s  —  ETA 0s  —  0 failed so far
[OUTPUT] 2026-07-21T11:24:35.017444 skip_listing [train]:   21,500/24,501 checked (88%)  —  28308 checks/s  —  ETA 0s  —  0 failed so far
[OUTPUT] 2026-07-21T11:24:35.034598 skip_listing [train]:   22,000/24,501 checked (90%)  —  28327 checks/s  —  ETA 0s  —  0 failed so far
[OUTPUT] 2026-07-21T11:24:35.051652 skip_listing [train]:   22,500/24,501 checked (92%)  —  28348 checks/s  —  ETA 0s  —  0 failed so far
[OUTPUT] 2026-07-21T11:24:35.068691 skip_listing [train]:   23,000/24,501 checked (94%)  —  28369 checks/s  —  ETA 0s  —  0 failed so far
[OUTPUT] 2026-07-21T11:24:35.085949 skip_listing [train]:   23,500/24,501 checked (96%)  —  28382 checks/s  —  ETA 0s  —  0 failed so far
[OUTPUT] 2026-07-21T11:24:35.102927 skip_listing [train]:   24,000/24,501 checked (98%)  —  28403 checks/s  —  ETA 0s  —  0 failed so far
[OUTPUT] 2026-07-21T11:24:35.120011 skip_listing [train]:   24,500/24,501 checked (100%)  —  28420 checks/s  —  ETA 0s  —  0 failed so far
[OUTPUT] 2026-07-21T11:24:35.120047 skip_listing [train]: validation complete — all 24,501 samples exist (0.9s, 28420 checks/s); 3,500 URIs ready for rank 0 (245,000 total across all ranks)
[OUTPUT] 2026-07-21T11:24:35.120111 File listing [train]: 245000 files discovered, 3500 assigned to rank 0, completed in 0.88s
[OUTPUT] 2026-07-21T11:24:35.120142 skip_listing [valid]: generated 0 file URIs deterministically (0 total — validation disabled)
[OUTPUT] 2026-07-21T11:24:35.120174 File listing [valid]: 0 files discovered, 0 assigned to rank 0, completed in 0.00s
[OUTPUT] 2026-07-21T11:24:35.120197 Streamed file sharding: 245000 train files across 70 ranks via round-robin (rank 0 shard: 3500 files)
[OUTPUT] 2026-07-21T11:24:35.564981 Max steps per epoch per rank: 35000 = 1 * 245000 / 7 (samples per file * local files / batch size)
[OUTPUT] 2026-07-21T11:24:35.630401 Reshard for epoch 1: 3500 train files, 0 eval files redistributed via alltoall in 0.07s
Traceback (most recent call last):
  File "/usr/lib/python3.12/multiprocessing/util.py", line 303, in _run_finalizers
    finalizer()
  File "/usr/lib/python3.12/multiprocessing/util.py", line 227, in __call__
    res = self._callback(*self._args, **self._kwargs)
          ^^^^^^^^^^^^^^^^^^^^^^^^^^^^^^^^^^^^^^^^^^^
  File "/usr/lib/python3.12/multiprocessing/util.py", line 136, in _remove_temp_dir
    rmtree(tempdir, onerror=onerror)
  File "/usr/lib/python3.12/shutil.py", line 796, in rmtree
    onexc(os.rmdir, path, err)
  File "/usr/lib/python3.12/shutil.py", line 764, in onexc
    return onerror(func, path, exc_info)
           ^^^^^^^^^^^^^^^^^^^^^^^^^^^^^
  File "/usr/lib/python3.12/shutil.py", line 794, in rmtree
    os.rmdir(path, dir_fd=dir_fd)
OSError: [Errno 39] Directory not empty: '/tmp/pymp-rtupnfog'
[OUTPUT] 2026-07-21T11:24:38.816025 Worker pre-warm complete (13 workers spawned)
[OUTPUT] 2026-07-21T11:24:39.644003 Starting epoch 1: 500 steps expected
[OUTPUT] 2026-07-21T11:24:39.644269 Starting block 1
[OUTPUT] 2026-07-21T11:26:09.801931 Ending block 1 - 500 steps completed in 90.16 s
[OUTPUT] 2026-07-21T11:26:09.805441 Epoch 1 - Block 1 [Training] Accelerator Utilization [AU] (%): 92.3645
[OUTPUT] 2026-07-21T11:26:09.805494 Epoch 1 - Block 1 [Training] Throughput (samples/second): 2786.9715
[OUTPUT] 2026-07-21T11:26:09.806403 Epoch 1 - Block 1 [Training] Computation time per step (second): 0.1624+/-0.0006 (set value: {'mean': 0.162})
[OUTPUT] 2026-07-21T11:26:09.851476 Ending epoch 1 - 500 steps completed in 90.21 s
[OUTPUT] 2026-07-21T11:26:09.864941 Reshard for epoch 2: 3500 train files, 0 eval files redistributed via alltoall in 0.01s
[OUTPUT] 2026-07-21T11:26:12.517337 Worker pre-warm complete for epoch 2 (13 workers spawned)
[OUTPUT] 2026-07-21T11:26:13.511500 Starting epoch 2: 500 steps expected
[OUTPUT] 2026-07-21T11:26:13.511822 Starting block 1
[OUTPUT] 2026-07-21T11:27:43.532279 Ending block 1 - 500 steps completed in 90.02 s
[OUTPUT] 2026-07-21T11:27:43.534179 Epoch 2 - Block 1 [Training] Accelerator Utilization [AU] (%): 92.4988
[OUTPUT] 2026-07-21T11:27:43.534231 Epoch 2 - Block 1 [Training] Throughput (samples/second): 2791.5416
[OUTPUT] 2026-07-21T11:27:43.534418 Epoch 2 - Block 1 [Training] Computation time per step (second): 0.1624+/-0.0005 (set value: {'mean': 0.162})
[OUTPUT] 2026-07-21T11:27:43.581778 Ending epoch 2 - 500 steps completed in 90.07 s
[OUTPUT] 2026-07-21T11:27:43.601035 Reshard for epoch 3: 3500 train files, 0 eval files redistributed via alltoall in 0.02s
[OUTPUT] 2026-07-21T11:27:46.490405 Worker pre-warm complete for epoch 3 (13 workers spawned)
[OUTPUT] 2026-07-21T11:27:47.199406 Starting epoch 3: 500 steps expected
[OUTPUT] 2026-07-21T11:27:47.199738 Starting block 1
[OUTPUT] 2026-07-21T11:29:17.120917 Ending block 1 - 500 steps completed in 89.92 s
[OUTPUT] 2026-07-21T11:29:17.122931 Epoch 3 - Block 1 [Training] Accelerator Utilization [AU] (%): 92.5945
[OUTPUT] 2026-07-21T11:29:17.122984 Epoch 3 - Block 1 [Training] Throughput (samples/second): 2794.1968
[OUTPUT] 2026-07-21T11:29:17.123174 Epoch 3 - Block 1 [Training] Computation time per step (second): 0.1624+/-0.0006 (set value: {'mean': 0.162})
[OUTPUT] 2026-07-21T11:29:17.167072 Ending epoch 3 - 500 steps completed in 89.97 s
[OUTPUT] 2026-07-21T11:29:17.195920 Reshard for epoch 4: 3500 train files, 0 eval files redistributed via alltoall in 0.03s
[OUTPUT] 2026-07-21T11:29:19.832946 Worker pre-warm complete for epoch 4 (13 workers spawned)
[OUTPUT] 2026-07-21T11:29:20.787253 Starting epoch 4: 500 steps expected
[OUTPUT] 2026-07-21T11:29:20.787593 Starting block 1
[OUTPUT] 2026-07-21T11:30:51.111265 Ending block 1 - 500 steps completed in 90.32 s
[OUTPUT] 2026-07-21T11:30:51.113190 Epoch 4 - Block 1 [Training] Accelerator Utilization [AU] (%): 92.2911
[OUTPUT] 2026-07-21T11:30:51.113241 Epoch 4 - Block 1 [Training] Throughput (samples/second): 2785.3584
[OUTPUT] 2026-07-21T11:30:51.113423 Epoch 4 - Block 1 [Training] Computation time per step (second): 0.1624+/-0.0006 (set value: {'mean': 0.162})
[OUTPUT] 2026-07-21T11:30:51.158711 Ending epoch 4 - 500 steps completed in 90.37 s
[OUTPUT] 2026-07-21T11:30:51.172848 Reshard for epoch 5: 3500 train files, 0 eval files redistributed via alltoall in 0.01s
[OUTPUT] 2026-07-21T11:30:54.200807 Worker pre-warm complete for epoch 5 (13 workers spawned)
[OUTPUT] 2026-07-21T11:30:54.955290 Starting epoch 5: 500 steps expected
[OUTPUT] 2026-07-21T11:30:54.955558 Starting block 1
[OUTPUT] 2026-07-21T11:32:25.627618 Ending block 1 - 500 steps completed in 90.67 s
[OUTPUT] 2026-07-21T11:32:25.629532 Epoch 5 - Block 1 [Training] Accelerator Utilization [AU] (%): 91.4000
[OUTPUT] 2026-07-21T11:32:25.629587 Epoch 5 - Block 1 [Training] Throughput (samples/second): 2758.4155
[OUTPUT] 2026-07-21T11:32:25.629766 Epoch 5 - Block 1 [Training] Computation time per step (second): 0.1624+/-0.0006 (set value: {'mean': 0.162})
[OUTPUT] 2026-07-21T11:32:25.679909 Ending epoch 5 - 500 steps completed in 90.72 s
[OUTPUT] 2026-07-21T11:32:25.696972 Reshard for epoch 6: 3500 train files, 0 eval files redistributed via alltoall in 0.02s
[OUTPUT] 2026-07-21T11:32:29.010514 Worker pre-warm complete for epoch 6 (13 workers spawned)
[OUTPUT] 2026-07-21T11:32:29.396382 Saved outputs in /mnt/mlperf-results-nfs/mlps-results-training-unet3d-7client-a70-closed-20260721_105151/closed/XSKY/results/AIMesh-7-node/training/unet3d/run/20260721_112411
[OUTPUT] Averaged metric over all steps/epochs
[METRIC] ==========================================================
[METRIC] Number of Simulated Accelerators: 70 
[METRIC] Training Accelerator Utilization [AU] (%): 92.0513 (0.2808)
[METRIC] Training Throughput (samples/second): 2781.2362 (8.4553)
[METRIC] Training I/O Throughput (MiB/second): 388842.5588 (1182.1291)
[METRIC] train_au_meet_expectation: success
[METRIC] ==========================================================

[OUTPUT] 2026-07-21T11:32:29.577957 outputs saved in RANKID_output.json
