[OUTPUT] [DEBUG DLIOBenchmark.__init__] After LoadConfig:
[OUTPUT]   storage_type   = <StorageType.LOCAL_FS: 'local_fs'>
[OUTPUT]   storage_root   = './'
[OUTPUT]   storage_options= None
[OUTPUT]   data_folder    = '/mnt/glfs/GalaxSphere-1Tier0/training/unet3d'
[OUTPUT]   framework      = <FrameworkType.PYTORCH: 'pytorch'>
[OUTPUT]   num_files_train= 105000
[OUTPUT]   record_length  = 146600628
[OUTPUT]   generate_data  = False
[OUTPUT]   do_train       = True
[OUTPUT]   do_checkpoint  = False
[OUTPUT]   epochs         = 5
[OUTPUT]   batch_size     = 7
[OUTPUT] 2026-07-13T09:38:51.770245 Running DLIO [Training] with 26 process(es)
[OUTPUT] 2026-07-13T09:38:51.789374 skip_listing [train]: validating 105,000 of 105,000 files (first, last, every 1) via HEAD requests ...
[OUTPUT] 2026-07-13T09:38:51.792381 skip_listing [train]:   500/105,000 checked (0%)  —  170556 checks/s  —  ETA 1s  —  0 failed so far
[OUTPUT] 2026-07-13T09:38:51.794483 skip_listing [train]:   1,000/105,000 checked (1%)  —  198669 checks/s  —  ETA 1s  —  0 failed so far
[OUTPUT] 2026-07-13T09:38:51.796553 skip_listing [train]:   1,500/105,000 checked (1%)  —  211130 checks/s  —  ETA 0s  —  0 failed so far
[OUTPUT] 2026-07-13T09:38:51.798609 skip_listing [train]:   2,000/105,000 checked (2%)  —  218317 checks/s  —  ETA 0s  —  0 failed so far
[OUTPUT] 2026-07-13T09:38:51.800668 skip_listing [train]:   2,500/105,000 checked (2%)  —  222817 checks/s  —  ETA 0s  —  0 failed so far
[OUTPUT] 2026-07-13T09:38:51.802718 skip_listing [train]:   3,000/105,000 checked (3%)  —  226084 checks/s  —  ETA 0s  —  0 failed so far
[OUTPUT] 2026-07-13T09:38:51.804767 skip_listing [train]:   3,500/105,000 checked (3%)  —  228483 checks/s  —  ETA 0s  —  0 failed so far
[OUTPUT] 2026-07-13T09:38:51.806811 skip_listing [train]:   4,000/105,000 checked (4%)  —  230377 checks/s  —  ETA 0s  —  0 failed so far
[OUTPUT] 2026-07-13T09:38:51.808850 skip_listing [train]:   4,500/105,000 checked (4%)  —  231932 checks/s  —  ETA 0s  —  0 failed so far
[OUTPUT] 2026-07-13T09:38:51.810892 skip_listing [train]:   5,000/105,000 checked (5%)  —  233162 checks/s  —  ETA 0s  —  0 failed so far
[OUTPUT] 2026-07-13T09:38:51.812928 skip_listing [train]:   5,500/105,000 checked (5%)  —  234240 checks/s  —  ETA 0s  —  0 failed so far
[OUTPUT] 2026-07-13T09:38:51.814961 skip_listing [train]:   6,000/105,000 checked (6%)  —  235173 checks/s  —  ETA 0s  —  0 failed so far
[OUTPUT] 2026-07-13T09:38:51.816991 skip_listing [train]:   6,500/105,000 checked (6%)  —  235994 checks/s  —  ETA 0s  —  0 failed so far
[OUTPUT] 2026-07-13T09:38:51.819036 skip_listing [train]:   7,000/105,000 checked (7%)  —  236581 checks/s  —  ETA 0s  —  0 failed so far
[OUTPUT] 2026-07-13T09:38:51.821062 skip_listing [train]:   7,500/105,000 checked (7%)  —  237236 checks/s  —  ETA 0s  —  0 failed so far
[OUTPUT] 2026-07-13T09:38:51.823082 skip_listing [train]:   8,000/105,000 checked (8%)  —  237857 checks/s  —  ETA 0s  —  0 failed so far
[OUTPUT] 2026-07-13T09:38:51.825103 skip_listing [train]:   8,500/105,000 checked (8%)  —  238399 checks/s  —  ETA 0s  —  0 failed so far
[OUTPUT] 2026-07-13T09:38:51.827115 skip_listing [train]:   9,000/105,000 checked (9%)  —  238937 checks/s  —  ETA 0s  —  0 failed so far
[OUTPUT] 2026-07-13T09:38:51.829121 skip_listing [train]:   9,500/105,000 checked (9%)  —  239457 checks/s  —  ETA 0s  —  0 failed so far
[OUTPUT] 2026-07-13T09:38:51.831125 skip_listing [train]:   10,000/105,000 checked (10%)  —  239943 checks/s  —  ETA 0s  —  0 failed so far
[OUTPUT] 2026-07-13T09:38:51.833133 skip_listing [train]:   10,500/105,000 checked (10%)  —  240357 checks/s  —  ETA 0s  —  0 failed so far
[OUTPUT] 2026-07-13T09:38:51.835133 skip_listing [train]:   11,000/105,000 checked (10%)  —  240778 checks/s  —  ETA 0s  —  0 failed so far
[OUTPUT] 2026-07-13T09:38:51.837135 skip_listing [train]:   11,500/105,000 checked (11%)  —  241153 checks/s  —  ETA 0s  —  0 failed so far
[OUTPUT] 2026-07-13T09:38:51.839130 skip_listing [train]:   12,000/105,000 checked (11%)  —  241538 checks/s  —  ETA 0s  —  0 failed so far
[OUTPUT] 2026-07-13T09:38:51.841129 skip_listing [train]:   12,500/105,000 checked (12%)  —  241868 checks/s  —  ETA 0s  —  0 failed so far
[OUTPUT] 2026-07-13T09:38:51.843119 skip_listing [train]:   13,000/105,000 checked (12%)  —  242218 checks/s  —  ETA 0s  —  0 failed so far
[OUTPUT] 2026-07-13T09:38:51.845112 skip_listing [train]:   13,500/105,000 checked (13%)  —  242526 checks/s  —  ETA 0s  —  0 failed so far
[OUTPUT] 2026-07-13T09:38:51.847104 skip_listing [train]:   14,000/105,000 checked (13%)  —  242818 checks/s  —  ETA 0s  —  0 failed so far
[OUTPUT] 2026-07-13T09:38:51.849100 skip_listing [train]:   14,500/105,000 checked (14%)  —  243078 checks/s  —  ETA 0s  —  0 failed so far
[OUTPUT] 2026-07-13T09:38:51.851091 skip_listing [train]:   15,000/105,000 checked (14%)  —  243337 checks/s  —  ETA 0s  —  0 failed so far
[OUTPUT] 2026-07-13T09:38:51.853079 skip_listing [train]:   15,500/105,000 checked (15%)  —  243593 checks/s  —  ETA 0s  —  0 failed so far
[OUTPUT] 2026-07-13T09:38:51.855065 skip_listing [train]:   16,000/105,000 checked (15%)  —  243840 checks/s  —  ETA 0s  —  0 failed so far
[OUTPUT] 2026-07-13T09:38:51.857050 skip_listing [train]:   16,500/105,000 checked (16%)  —  244076 checks/s  —  ETA 0s  —  0 failed so far
[OUTPUT] 2026-07-13T09:38:51.859043 skip_listing [train]:   17,000/105,000 checked (16%)  —  244269 checks/s  —  ETA 0s  —  0 failed so far
[OUTPUT] 2026-07-13T09:38:51.861027 skip_listing [train]:   17,500/105,000 checked (17%)  —  244486 checks/s  —  ETA 0s  —  0 failed so far
[OUTPUT] 2026-07-13T09:38:51.863012 skip_listing [train]:   18,000/105,000 checked (17%)  —  244684 checks/s  —  ETA 0s  —  0 failed so far
[OUTPUT] 2026-07-13T09:38:51.864990 skip_listing [train]:   18,500/105,000 checked (18%)  —  244898 checks/s  —  ETA 0s  —  0 failed so far
[OUTPUT] 2026-07-13T09:38:51.866984 skip_listing [train]:   19,000/105,000 checked (18%)  —  245048 checks/s  —  ETA 0s  —  0 failed so far
[OUTPUT] 2026-07-13T09:38:51.868978 skip_listing [train]:   19,500/105,000 checked (19%)  —  245193 checks/s  —  ETA 0s  —  0 failed so far
[OUTPUT] 2026-07-13T09:38:51.870977 skip_listing [train]:   20,000/105,000 checked (19%)  —  245312 checks/s  —  ETA 0s  —  0 failed so far
[OUTPUT] 2026-07-13T09:38:51.872970 skip_listing [train]:   20,500/105,000 checked (20%)  —  245443 checks/s  —  ETA 0s  —  0 failed so far
[OUTPUT] 2026-07-13T09:38:51.874967 skip_listing [train]:   21,000/105,000 checked (20%)  —  245559 checks/s  —  ETA 0s  —  0 failed so far
[OUTPUT] 2026-07-13T09:38:51.876962 skip_listing [train]:   21,500/105,000 checked (20%)  —  245675 checks/s  —  ETA 0s  —  0 failed so far
[OUTPUT] 2026-07-13T09:38:51.878959 skip_listing [train]:   22,000/105,000 checked (21%)  —  245781 checks/s  —  ETA 0s  —  0 failed so far
[OUTPUT] 2026-07-13T09:38:51.880952 skip_listing [train]:   22,500/105,000 checked (21%)  —  245892 checks/s  —  ETA 0s  —  0 failed so far
[OUTPUT] 2026-07-13T09:38:51.882947 skip_listing [train]:   23,000/105,000 checked (22%)  —  245993 checks/s  —  ETA 0s  —  0 failed so far
[OUTPUT] 2026-07-13T09:38:51.884941 skip_listing [train]:   23,500/105,000 checked (22%)  —  246092 checks/s  —  ETA 0s  —  0 failed so far
[OUTPUT] 2026-07-13T09:38:51.886937 skip_listing [train]:   24,000/105,000 checked (23%)  —  246182 checks/s  —  ETA 0s  —  0 failed so far
[OUTPUT] 2026-07-13T09:38:51.888929 skip_listing [train]:   24,500/105,000 checked (23%)  —  246279 checks/s  —  ETA 0s  —  0 failed so far
[OUTPUT] 2026-07-13T09:38:51.890921 skip_listing [train]:   25,000/105,000 checked (24%)  —  246371 checks/s  —  ETA 0s  —  0 failed so far
[OUTPUT] 2026-07-13T09:38:51.892914 skip_listing [train]:   25,500/105,000 checked (24%)  —  246459 checks/s  —  ETA 0s  —  0 failed so far
[OUTPUT] 2026-07-13T09:38:51.894905 skip_listing [train]:   26,000/105,000 checked (25%)  —  246547 checks/s  —  ETA 0s  —  0 failed so far
[OUTPUT] 2026-07-13T09:38:51.896897 skip_listing [train]:   26,500/105,000 checked (25%)  —  246629 checks/s  —  ETA 0s  —  0 failed so far
[OUTPUT] 2026-07-13T09:38:51.898893 skip_listing [train]:   27,000/105,000 checked (26%)  —  246699 checks/s  —  ETA 0s  —  0 failed so far
[OUTPUT] 2026-07-13T09:38:51.900894 skip_listing [train]:   27,500/105,000 checked (26%)  —  246757 checks/s  —  ETA 0s  —  0 failed so far
[OUTPUT] 2026-07-13T09:38:51.902897 skip_listing [train]:   28,000/105,000 checked (27%)  —  246807 checks/s  —  ETA 0s  —  0 failed so far
[OUTPUT] 2026-07-13T09:38:51.904896 skip_listing [train]:   28,500/105,000 checked (27%)  —  246865 checks/s  —  ETA 0s  —  0 failed so far
[OUTPUT] 2026-07-13T09:38:51.906903 skip_listing [train]:   29,000/105,000 checked (28%)  —  246904 checks/s  —  ETA 0s  —  0 failed so far
[OUTPUT] 2026-07-13T09:38:51.908904 skip_listing [train]:   29,500/105,000 checked (28%)  —  246954 checks/s  —  ETA 0s  —  0 failed so far
[OUTPUT] 2026-07-13T09:38:51.910899 skip_listing [train]:   30,000/105,000 checked (29%)  —  247012 checks/s  —  ETA 0s  —  0 failed so far
[OUTPUT] 2026-07-13T09:38:51.912893 skip_listing [train]:   30,500/105,000 checked (29%)  —  247074 checks/s  —  ETA 0s  —  0 failed so far
[OUTPUT] 2026-07-13T09:38:51.914886 skip_listing [train]:   31,000/105,000 checked (30%)  —  247134 checks/s  —  ETA 0s  —  0 failed so far
[OUTPUT] 2026-07-13T09:38:51.916878 skip_listing [train]:   31,500/105,000 checked (30%)  —  247195 checks/s  —  ETA 0s  —  0 failed so far
[OUTPUT] 2026-07-13T09:38:51.918869 skip_listing [train]:   32,000/105,000 checked (30%)  —  247255 checks/s  —  ETA 0s  —  0 failed so far
[OUTPUT] 2026-07-13T09:38:51.920862 skip_listing [train]:   32,500/105,000 checked (31%)  —  247310 checks/s  —  ETA 0s  —  0 failed so far
[OUTPUT] 2026-07-13T09:38:51.922864 skip_listing [train]:   33,000/105,000 checked (31%)  —  247347 checks/s  —  ETA 0s  —  0 failed so far
[OUTPUT] 2026-07-13T09:38:51.924858 skip_listing [train]:   33,500/105,000 checked (32%)  —  247397 checks/s  —  ETA 0s  —  0 failed so far
[OUTPUT] 2026-07-13T09:38:51.926852 skip_listing [train]:   34,000/105,000 checked (32%)  —  247445 checks/s  —  ETA 0s  —  0 failed so far
[OUTPUT] 2026-07-13T09:38:51.928849 skip_listing [train]:   34,500/105,000 checked (33%)  —  247487 checks/s  —  ETA 0s  —  0 failed so far
[OUTPUT] 2026-07-13T09:38:51.930840 skip_listing [train]:   35,000/105,000 checked (33%)  —  247538 checks/s  —  ETA 0s  —  0 failed so far
[OUTPUT] 2026-07-13T09:38:51.932832 skip_listing [train]:   35,500/105,000 checked (34%)  —  247588 checks/s  —  ETA 0s  —  0 failed so far
[OUTPUT] 2026-07-13T09:38:51.934822 skip_listing [train]:   36,000/105,000 checked (34%)  —  247638 checks/s  —  ETA 0s  —  0 failed so far
[OUTPUT] 2026-07-13T09:38:51.936813 skip_listing [train]:   36,500/105,000 checked (35%)  —  247685 checks/s  —  ETA 0s  —  0 failed so far
[OUTPUT] 2026-07-13T09:38:51.938806 skip_listing [train]:   37,000/105,000 checked (35%)  —  247726 checks/s  —  ETA 0s  —  0 failed so far
[OUTPUT] 2026-07-13T09:38:51.940801 skip_listing [train]:   37,500/105,000 checked (36%)  —  247766 checks/s  —  ETA 0s  —  0 failed so far
[OUTPUT] 2026-07-13T09:38:51.942790 skip_listing [train]:   38,000/105,000 checked (36%)  —  247812 checks/s  —  ETA 0s  —  0 failed so far
[OUTPUT] 2026-07-13T09:38:51.944780 skip_listing [train]:   38,500/105,000 checked (37%)  —  247856 checks/s  —  ETA 0s  —  0 failed so far
[OUTPUT] 2026-07-13T09:38:51.946774 skip_listing [train]:   39,000/105,000 checked (37%)  —  247893 checks/s  —  ETA 0s  —  0 failed so far
[OUTPUT] 2026-07-13T09:38:51.948773 skip_listing [train]:   39,500/105,000 checked (38%)  —  247920 checks/s  —  ETA 0s  —  0 failed so far
[OUTPUT] 2026-07-13T09:38:51.950766 skip_listing [train]:   40,000/105,000 checked (38%)  —  247958 checks/s  —  ETA 0s  —  0 failed so far
[OUTPUT] 2026-07-13T09:38:51.952761 skip_listing [train]:   40,500/105,000 checked (39%)  —  247991 checks/s  —  ETA 0s  —  0 failed so far
[OUTPUT] 2026-07-13T09:38:51.954754 skip_listing [train]:   41,000/105,000 checked (39%)  —  248025 checks/s  —  ETA 0s  —  0 failed so far
[OUTPUT] 2026-07-13T09:38:51.956742 skip_listing [train]:   41,500/105,000 checked (40%)  —  248067 checks/s  —  ETA 0s  —  0 failed so far
[OUTPUT] 2026-07-13T09:38:51.958736 skip_listing [train]:   42,000/105,000 checked (40%)  —  248098 checks/s  —  ETA 0s  —  0 failed so far
[OUTPUT] 2026-07-13T09:38:51.960731 skip_listing [train]:   42,500/105,000 checked (40%)  —  248128 checks/s  —  ETA 0s  —  0 failed so far
[OUTPUT] 2026-07-13T09:38:51.962728 skip_listing [train]:   43,000/105,000 checked (41%)  —  248154 checks/s  —  ETA 0s  —  0 failed so far
[OUTPUT] 2026-07-13T09:38:51.964723 skip_listing [train]:   43,500/105,000 checked (41%)  —  248182 checks/s  —  ETA 0s  —  0 failed so far
[OUTPUT] 2026-07-13T09:38:51.966715 skip_listing [train]:   44,000/105,000 checked (42%)  —  248213 checks/s  —  ETA 0s  —  0 failed so far
[OUTPUT] 2026-07-13T09:38:51.968707 skip_listing [train]:   44,500/105,000 checked (42%)  —  248243 checks/s  —  ETA 0s  —  0 failed so far
[OUTPUT] 2026-07-13T09:38:51.970705 skip_listing [train]:   45,000/105,000 checked (43%)  —  248266 checks/s  —  ETA 0s  —  0 failed so far
[OUTPUT] 2026-07-13T09:38:51.972702 skip_listing [train]:   45,500/105,000 checked (43%)  —  248289 checks/s  —  ETA 0s  —  0 failed so far
[OUTPUT] 2026-07-13T09:38:51.974694 skip_listing [train]:   46,000/105,000 checked (44%)  —  248318 checks/s  —  ETA 0s  —  0 failed so far
[OUTPUT] 2026-07-13T09:38:51.976687 skip_listing [train]:   46,500/105,000 checked (44%)  —  248345 checks/s  —  ETA 0s  —  0 failed so far
[OUTPUT] 2026-07-13T09:38:51.978681 skip_listing [train]:   47,000/105,000 checked (45%)  —  248372 checks/s  —  ETA 0s  —  0 failed so far
[OUTPUT] 2026-07-13T09:38:51.980673 skip_listing [train]:   47,500/105,000 checked (45%)  —  248398 checks/s  —  ETA 0s  —  0 failed so far
[OUTPUT] 2026-07-13T09:38:51.982667 skip_listing [train]:   48,000/105,000 checked (46%)  —  248423 checks/s  —  ETA 0s  —  0 failed so far
[OUTPUT] 2026-07-13T09:38:51.984660 skip_listing [train]:   48,500/105,000 checked (46%)  —  248448 checks/s  —  ETA 0s  —  0 failed so far
[OUTPUT] 2026-07-13T09:38:51.986655 skip_listing [train]:   49,000/105,000 checked (47%)  —  248470 checks/s  —  ETA 0s  —  0 failed so far
[OUTPUT] 2026-07-13T09:38:51.988652 skip_listing [train]:   49,500/105,000 checked (47%)  —  248490 checks/s  —  ETA 0s  —  0 failed so far
[OUTPUT] 2026-07-13T09:38:51.990645 skip_listing [train]:   50,000/105,000 checked (48%)  —  248513 checks/s  —  ETA 0s  —  0 failed so far
[OUTPUT] 2026-07-13T09:38:51.992634 skip_listing [train]:   50,500/105,000 checked (48%)  —  248541 checks/s  —  ETA 0s  —  0 failed so far
[OUTPUT] 2026-07-13T09:38:51.994628 skip_listing [train]:   51,000/105,000 checked (49%)  —  248562 checks/s  —  ETA 0s  —  0 failed so far
[OUTPUT] 2026-07-13T09:38:51.996620 skip_listing [train]:   51,500/105,000 checked (49%)  —  248585 checks/s  —  ETA 0s  —  0 failed so far
[OUTPUT] 2026-07-13T09:38:51.998612 skip_listing [train]:   52,000/105,000 checked (50%)  —  248609 checks/s  —  ETA 0s  —  0 failed so far
[OUTPUT] 2026-07-13T09:38:52.000602 skip_listing [train]:   52,500/105,000 checked (50%)  —  248634 checks/s  —  ETA 0s  —  0 failed so far
[OUTPUT] 2026-07-13T09:38:52.002590 skip_listing [train]:   53,000/105,000 checked (50%)  —  248660 checks/s  —  ETA 0s  —  0 failed so far
[OUTPUT] 2026-07-13T09:38:52.004582 skip_listing [train]:   53,500/105,000 checked (51%)  —  248683 checks/s  —  ETA 0s  —  0 failed so far
[OUTPUT] 2026-07-13T09:38:52.006576 skip_listing [train]:   54,000/105,000 checked (51%)  —  248701 checks/s  —  ETA 0s  —  0 failed so far
[OUTPUT] 2026-07-13T09:38:52.008567 skip_listing [train]:   54,500/105,000 checked (52%)  —  248723 checks/s  —  ETA 0s  —  0 failed so far
[OUTPUT] 2026-07-13T09:38:52.010557 skip_listing [train]:   55,000/105,000 checked (52%)  —  248746 checks/s  —  ETA 0s  —  0 failed so far
[OUTPUT] 2026-07-13T09:38:52.012543 skip_listing [train]:   55,500/105,000 checked (53%)  —  248773 checks/s  —  ETA 0s  —  0 failed so far
[OUTPUT] 2026-07-13T09:38:52.014533 skip_listing [train]:   56,000/105,000 checked (53%)  —  248795 checks/s  —  ETA 0s  —  0 failed so far
[OUTPUT] 2026-07-13T09:38:52.016524 skip_listing [train]:   56,500/105,000 checked (54%)  —  248815 checks/s  —  ETA 0s  —  0 failed so far
[OUTPUT] 2026-07-13T09:38:52.018512 skip_listing [train]:   57,000/105,000 checked (54%)  —  248838 checks/s  —  ETA 0s  —  0 failed so far
[OUTPUT] 2026-07-13T09:38:52.020504 skip_listing [train]:   57,500/105,000 checked (55%)  —  248857 checks/s  —  ETA 0s  —  0 failed so far
[OUTPUT] 2026-07-13T09:38:52.022490 skip_listing [train]:   58,000/105,000 checked (55%)  —  248882 checks/s  —  ETA 0s  —  0 failed so far
[OUTPUT] 2026-07-13T09:38:52.024482 skip_listing [train]:   58,500/105,000 checked (56%)  —  248900 checks/s  —  ETA 0s  —  0 failed so far
[OUTPUT] 2026-07-13T09:38:52.026476 skip_listing [train]:   59,000/105,000 checked (56%)  —  248916 checks/s  —  ETA 0s  —  0 failed so far
[OUTPUT] 2026-07-13T09:38:52.028471 skip_listing [train]:   59,500/105,000 checked (57%)  —  248930 checks/s  —  ETA 0s  —  0 failed so far
[OUTPUT] 2026-07-13T09:38:52.030460 skip_listing [train]:   60,000/105,000 checked (57%)  —  248950 checks/s  —  ETA 0s  —  0 failed so far
[OUTPUT] 2026-07-13T09:38:52.032452 skip_listing [train]:   60,500/105,000 checked (58%)  —  248967 checks/s  —  ETA 0s  —  0 failed so far
[OUTPUT] 2026-07-13T09:38:52.034443 skip_listing [train]:   61,000/105,000 checked (58%)  —  248985 checks/s  —  ETA 0s  —  0 failed so far
[OUTPUT] 2026-07-13T09:38:52.036437 skip_listing [train]:   61,500/105,000 checked (59%)  —  248999 checks/s  —  ETA 0s  —  0 failed so far
[OUTPUT] 2026-07-13T09:38:52.038427 skip_listing [train]:   62,000/105,000 checked (59%)  —  249018 checks/s  —  ETA 0s  —  0 failed so far
[OUTPUT] 2026-07-13T09:38:52.040416 skip_listing [train]:   62,500/105,000 checked (60%)  —  249036 checks/s  —  ETA 0s  —  0 failed so far
[OUTPUT] 2026-07-13T09:38:52.042406 skip_listing [train]:   63,000/105,000 checked (60%)  —  249054 checks/s  —  ETA 0s  —  0 failed so far
[OUTPUT] 2026-07-13T09:38:52.044397 skip_listing [train]:   63,500/105,000 checked (60%)  —  249069 checks/s  —  ETA 0s  —  0 failed so far
[OUTPUT] 2026-07-13T09:38:52.046387 skip_listing [train]:   64,000/105,000 checked (61%)  —  249086 checks/s  —  ETA 0s  —  0 failed so far
[OUTPUT] 2026-07-13T09:38:52.048377 skip_listing [train]:   64,500/105,000 checked (61%)  —  249103 checks/s  —  ETA 0s  —  0 failed so far
[OUTPUT] 2026-07-13T09:38:52.050364 skip_listing [train]:   65,000/105,000 checked (62%)  —  249122 checks/s  —  ETA 0s  —  0 failed so far
[OUTPUT] 2026-07-13T09:38:52.052356 skip_listing [train]:   65,500/105,000 checked (62%)  —  249137 checks/s  —  ETA 0s  —  0 failed so far
[OUTPUT] 2026-07-13T09:38:52.054346 skip_listing [train]:   66,000/105,000 checked (63%)  —  249152 checks/s  —  ETA 0s  —  0 failed so far
[OUTPUT] 2026-07-13T09:38:52.056337 skip_listing [train]:   66,500/105,000 checked (63%)  —  249167 checks/s  —  ETA 0s  —  0 failed so far
[OUTPUT] 2026-07-13T09:38:52.058331 skip_listing [train]:   67,000/105,000 checked (64%)  —  249179 checks/s  —  ETA 0s  —  0 failed so far
[OUTPUT] 2026-07-13T09:38:52.060323 skip_listing [train]:   67,500/105,000 checked (64%)  —  249193 checks/s  —  ETA 0s  —  0 failed so far
[OUTPUT] 2026-07-13T09:38:52.062313 skip_listing [train]:   68,000/105,000 checked (65%)  —  249208 checks/s  —  ETA 0s  —  0 failed so far
[OUTPUT] 2026-07-13T09:38:52.064303 skip_listing [train]:   68,500/105,000 checked (65%)  —  249222 checks/s  —  ETA 0s  —  0 failed so far
[OUTPUT] 2026-07-13T09:38:52.066296 skip_listing [train]:   69,000/105,000 checked (66%)  —  249234 checks/s  —  ETA 0s  —  0 failed so far
[OUTPUT] 2026-07-13T09:38:52.068285 skip_listing [train]:   69,500/105,000 checked (66%)  —  249250 checks/s  —  ETA 0s  —  0 failed so far
[OUTPUT] 2026-07-13T09:38:52.070277 skip_listing [train]:   70,000/105,000 checked (67%)  —  249262 checks/s  —  ETA 0s  —  0 failed so far
[OUTPUT] 2026-07-13T09:38:52.072271 skip_listing [train]:   70,500/105,000 checked (67%)  —  249273 checks/s  —  ETA 0s  —  0 failed so far
[OUTPUT] 2026-07-13T09:38:52.074257 skip_listing [train]:   71,000/105,000 checked (68%)  —  249290 checks/s  —  ETA 0s  —  0 failed so far
[OUTPUT] 2026-07-13T09:38:52.076249 skip_listing [train]:   71,500/105,000 checked (68%)  —  249302 checks/s  —  ETA 0s  —  0 failed so far
[OUTPUT] 2026-07-13T09:38:52.078243 skip_listing [train]:   72,000/105,000 checked (69%)  —  249312 checks/s  —  ETA 0s  —  0 failed so far
[OUTPUT] 2026-07-13T09:38:52.080235 skip_listing [train]:   72,500/105,000 checked (69%)  —  249323 checks/s  —  ETA 0s  —  0 failed so far
[OUTPUT] 2026-07-13T09:38:52.082227 skip_listing [train]:   73,000/105,000 checked (70%)  —  249335 checks/s  —  ETA 0s  —  0 failed so far
[OUTPUT] 2026-07-13T09:38:52.084220 skip_listing [train]:   73,500/105,000 checked (70%)  —  249345 checks/s  —  ETA 0s  —  0 failed so far
[OUTPUT] 2026-07-13T09:38:52.086216 skip_listing [train]:   74,000/105,000 checked (70%)  —  249353 checks/s  —  ETA 0s  —  0 failed so far
[OUTPUT] 2026-07-13T09:38:52.088208 skip_listing [train]:   74,500/105,000 checked (71%)  —  249364 checks/s  —  ETA 0s  —  0 failed so far
[OUTPUT] 2026-07-13T09:38:52.090198 skip_listing [train]:   75,000/105,000 checked (71%)  —  249376 checks/s  —  ETA 0s  —  0 failed so far
[OUTPUT] 2026-07-13T09:38:52.092189 skip_listing [train]:   75,500/105,000 checked (72%)  —  249388 checks/s  —  ETA 0s  —  0 failed so far
[OUTPUT] 2026-07-13T09:38:52.094178 skip_listing [train]:   76,000/105,000 checked (72%)  —  249401 checks/s  —  ETA 0s  —  0 failed so far
[OUTPUT] 2026-07-13T09:38:52.096159 skip_listing [train]:   76,500/105,000 checked (73%)  —  249421 checks/s  —  ETA 0s  —  0 failed so far
[OUTPUT] 2026-07-13T09:38:52.098150 skip_listing [train]:   77,000/105,000 checked (73%)  —  249431 checks/s  —  ETA 0s  —  0 failed so far
[OUTPUT] 2026-07-13T09:38:52.100135 skip_listing [train]:   77,500/105,000 checked (74%)  —  249447 checks/s  —  ETA 0s  —  0 failed so far
[OUTPUT] 2026-07-13T09:38:52.102128 skip_listing [train]:   78,000/105,000 checked (74%)  —  249456 checks/s  —  ETA 0s  —  0 failed so far
[OUTPUT] 2026-07-13T09:38:52.104113 skip_listing [train]:   78,500/105,000 checked (75%)  —  249472 checks/s  —  ETA 0s  —  0 failed so far
[OUTPUT] 2026-07-13T09:38:52.106099 skip_listing [train]:   79,000/105,000 checked (75%)  —  249486 checks/s  —  ETA 0s  —  0 failed so far
[OUTPUT] 2026-07-13T09:38:52.108096 skip_listing [train]:   79,500/105,000 checked (76%)  —  249492 checks/s  —  ETA 0s  —  0 failed so far
[OUTPUT] 2026-07-13T09:38:52.110098 skip_listing [train]:   80,000/105,000 checked (76%)  —  249493 checks/s  —  ETA 0s  —  0 failed so far
[OUTPUT] 2026-07-13T09:38:52.112083 skip_listing [train]:   80,500/105,000 checked (77%)  —  249508 checks/s  —  ETA 0s  —  0 failed so far
[OUTPUT] 2026-07-13T09:38:52.114079 skip_listing [train]:   81,000/105,000 checked (77%)  —  249514 checks/s  —  ETA 0s  —  0 failed so far
[OUTPUT] 2026-07-13T09:38:52.116074 skip_listing [train]:   81,500/105,000 checked (78%)  —  249521 checks/s  —  ETA 0s  —  0 failed so far
[OUTPUT] 2026-07-13T09:38:52.118065 skip_listing [train]:   82,000/105,000 checked (78%)  —  249531 checks/s  —  ETA 0s  —  0 failed so far
[OUTPUT] 2026-07-13T09:38:52.120054 skip_listing [train]:   82,500/105,000 checked (79%)  —  249542 checks/s  —  ETA 0s  —  0 failed so far
[OUTPUT] 2026-07-13T09:38:52.122046 skip_listing [train]:   83,000/105,000 checked (79%)  —  249550 checks/s  —  ETA 0s  —  0 failed so far
[OUTPUT] 2026-07-13T09:38:52.124041 skip_listing [train]:   83,500/105,000 checked (80%)  —  249557 checks/s  —  ETA 0s  —  0 failed so far
[OUTPUT] 2026-07-13T09:38:52.126037 skip_listing [train]:   84,000/105,000 checked (80%)  —  249563 checks/s  —  ETA 0s  —  0 failed so far
[OUTPUT] 2026-07-13T09:38:52.128027 skip_listing [train]:   84,500/105,000 checked (80%)  —  249572 checks/s  —  ETA 0s  —  0 failed so far
[OUTPUT] 2026-07-13T09:38:52.130024 skip_listing [train]:   85,000/105,000 checked (81%)  —  249577 checks/s  —  ETA 0s  —  0 failed so far
[OUTPUT] 2026-07-13T09:38:52.132014 skip_listing [train]:   85,500/105,000 checked (81%)  —  249587 checks/s  —  ETA 0s  —  0 failed so far
[OUTPUT] 2026-07-13T09:38:52.134022 skip_listing [train]:   86,000/105,000 checked (82%)  —  249583 checks/s  —  ETA 0s  —  0 failed so far
[OUTPUT] 2026-07-13T09:38:52.136020 skip_listing [train]:   86,500/105,000 checked (82%)  —  249587 checks/s  —  ETA 0s  —  0 failed so far
[OUTPUT] 2026-07-13T09:38:52.138016 skip_listing [train]:   87,000/105,000 checked (83%)  —  249592 checks/s  —  ETA 0s  —  0 failed so far
[OUTPUT] 2026-07-13T09:38:52.140014 skip_listing [train]:   87,500/105,000 checked (83%)  —  249596 checks/s  —  ETA 0s  —  0 failed so far
[OUTPUT] 2026-07-13T09:38:52.142011 skip_listing [train]:   88,000/105,000 checked (84%)  —  249601 checks/s  —  ETA 0s  —  0 failed so far
[OUTPUT] 2026-07-13T09:38:52.144007 skip_listing [train]:   88,500/105,000 checked (84%)  —  249607 checks/s  —  ETA 0s  —  0 failed so far
[OUTPUT] 2026-07-13T09:38:52.146000 skip_listing [train]:   89,000/105,000 checked (85%)  —  249613 checks/s  —  ETA 0s  —  0 failed so far
[OUTPUT] 2026-07-13T09:38:52.147996 skip_listing [train]:   89,500/105,000 checked (85%)  —  249618 checks/s  —  ETA 0s  —  0 failed so far
[OUTPUT] 2026-07-13T09:38:52.149991 skip_listing [train]:   90,000/105,000 checked (86%)  —  249623 checks/s  —  ETA 0s  —  0 failed so far
[OUTPUT] 2026-07-13T09:38:52.151991 skip_listing [train]:   90,500/105,000 checked (86%)  —  249625 checks/s  —  ETA 0s  —  0 failed so far
[OUTPUT] 2026-07-13T09:38:52.153985 skip_listing [train]:   91,000/105,000 checked (87%)  —  249632 checks/s  —  ETA 0s  —  0 failed so far
[OUTPUT] 2026-07-13T09:38:52.155980 skip_listing [train]:   91,500/105,000 checked (87%)  —  249637 checks/s  —  ETA 0s  —  0 failed so far
[OUTPUT] 2026-07-13T09:38:52.157972 skip_listing [train]:   92,000/105,000 checked (88%)  —  249645 checks/s  —  ETA 0s  —  0 failed so far
[OUTPUT] 2026-07-13T09:38:52.159973 skip_listing [train]:   92,500/105,000 checked (88%)  —  249646 checks/s  —  ETA 0s  —  0 failed so far
[OUTPUT] 2026-07-13T09:38:52.161967 skip_listing [train]:   93,000/105,000 checked (89%)  —  249652 checks/s  —  ETA 0s  —  0 failed so far
[OUTPUT] 2026-07-13T09:38:52.163962 skip_listing [train]:   93,500/105,000 checked (89%)  —  249657 checks/s  —  ETA 0s  —  0 failed so far
[OUTPUT] 2026-07-13T09:38:52.165961 skip_listing [train]:   94,000/105,000 checked (90%)  —  249660 checks/s  —  ETA 0s  —  0 failed so far
[OUTPUT] 2026-07-13T09:38:52.167959 skip_listing [train]:   94,500/105,000 checked (90%)  —  249663 checks/s  —  ETA 0s  —  0 failed so far
[OUTPUT] 2026-07-13T09:38:52.169956 skip_listing [train]:   95,000/105,000 checked (90%)  —  249667 checks/s  —  ETA 0s  —  0 failed so far
[OUTPUT] 2026-07-13T09:38:52.171951 skip_listing [train]:   95,500/105,000 checked (91%)  —  249671 checks/s  —  ETA 0s  —  0 failed so far
[OUTPUT] 2026-07-13T09:38:52.173952 skip_listing [train]:   96,000/105,000 checked (91%)  —  249673 checks/s  —  ETA 0s  —  0 failed so far
[OUTPUT] 2026-07-13T09:38:52.175952 skip_listing [train]:   96,500/105,000 checked (92%)  —  249674 checks/s  —  ETA 0s  —  0 failed so far
[OUTPUT] 2026-07-13T09:38:52.177946 skip_listing [train]:   97,000/105,000 checked (92%)  —  249680 checks/s  —  ETA 0s  —  0 failed so far
[OUTPUT] 2026-07-13T09:38:52.179947 skip_listing [train]:   97,500/105,000 checked (93%)  —  249681 checks/s  —  ETA 0s  —  0 failed so far
[OUTPUT] 2026-07-13T09:38:52.181943 skip_listing [train]:   98,000/105,000 checked (93%)  —  249685 checks/s  —  ETA 0s  —  0 failed so far
[OUTPUT] 2026-07-13T09:38:52.183941 skip_listing [train]:   98,500/105,000 checked (94%)  —  249688 checks/s  —  ETA 0s  —  0 failed so far
[OUTPUT] 2026-07-13T09:38:52.185944 skip_listing [train]:   99,000/105,000 checked (94%)  —  249687 checks/s  —  ETA 0s  —  0 failed so far
[OUTPUT] 2026-07-13T09:38:52.187946 skip_listing [train]:   99,500/105,000 checked (95%)  —  249688 checks/s  —  ETA 0s  —  0 failed so far
[OUTPUT] 2026-07-13T09:38:52.189942 skip_listing [train]:   100,000/105,000 checked (95%)  —  249691 checks/s  —  ETA 0s  —  0 failed so far
[OUTPUT] 2026-07-13T09:38:52.191936 skip_listing [train]:   100,500/105,000 checked (96%)  —  249697 checks/s  —  ETA 0s  —  0 failed so far
[OUTPUT] 2026-07-13T09:38:52.193922 skip_listing [train]:   101,000/105,000 checked (96%)  —  249707 checks/s  —  ETA 0s  —  0 failed so far
[OUTPUT] 2026-07-13T09:38:52.195911 skip_listing [train]:   101,500/105,000 checked (97%)  —  249715 checks/s  —  ETA 0s  —  0 failed so far
[OUTPUT] 2026-07-13T09:38:52.197896 skip_listing [train]:   102,000/105,000 checked (97%)  —  249726 checks/s  —  ETA 0s  —  0 failed so far
[OUTPUT] 2026-07-13T09:38:52.199882 skip_listing [train]:   102,500/105,000 checked (98%)  —  249736 checks/s  —  ETA 0s  —  0 failed so far
[OUTPUT] 2026-07-13T09:38:52.201870 skip_listing [train]:   103,000/105,000 checked (98%)  —  249744 checks/s  —  ETA 0s  —  0 failed so far
[OUTPUT] 2026-07-13T09:38:52.203858 skip_listing [train]:   103,500/105,000 checked (99%)  —  249753 checks/s  —  ETA 0s  —  0 failed so far
[OUTPUT] 2026-07-13T09:38:52.205847 skip_listing [train]:   104,000/105,000 checked (99%)  —  249761 checks/s  —  ETA 0s  —  0 failed so far
[OUTPUT] 2026-07-13T09:38:52.207835 skip_listing [train]:   104,500/105,000 checked (100%)  —  249769 checks/s  —  ETA 0s  —  0 failed so far
[OUTPUT] 2026-07-13T09:38:52.209822 skip_listing [train]: validation complete — all 105,000 samples exist (0.4s, 249778 checks/s); 4,039 URIs ready for rank 0 (105,000 total across all ranks)
[OUTPUT] 2026-07-13T09:38:52.209865 File listing [train]: 105000 files discovered, 4038 assigned to rank 0, completed in 0.43s
[OUTPUT] 2026-07-13T09:38:52.209883 skip_listing [valid]: generated 0 file URIs deterministically (0 total — validation disabled)
[OUTPUT] 2026-07-13T09:38:52.209898 File listing [valid]: 0 files discovered, 0 assigned to rank 0, completed in 0.00s
[OUTPUT] 2026-07-13T09:38:52.209910 Streamed file sharding: 105000 train files across 26 ranks via round-robin (rank 0 shard: 4038 files)
[OUTPUT] 2026-07-13T09:38:53.181699 Max steps per epoch per rank: 15000 = 1 * 105000 / 7 (samples per file * local files / batch size)
[OUTPUT] 2026-07-13T09:38:53.186767 Reshard for epoch 1: 4038 train files, 0 eval files redistributed via alltoall in 0.00s
[OUTPUT] 2026-07-13T09:38:53.895768 Worker pre-warm complete (2 workers spawned)
[OUTPUT] 2026-07-13T09:38:54.128719 Starting epoch 1: 576 steps expected
[OUTPUT] 2026-07-13T09:38:54.128900 Starting block 1
[OUTPUT] 2026-07-13T09:40:34.573331 Ending block 1 - 576 steps completed in 100.44 s
[OUTPUT] 2026-07-13T09:40:34.575295 Epoch 1 - Block 1 [Training] Accelerator Utilization [AU] (%): 93.3597
[OUTPUT] 2026-07-13T09:40:34.575343 Epoch 1 - Block 1 [Training] Throughput (samples/second): 1048.1911
[OUTPUT] 2026-07-13T09:40:34.576958 Epoch 1 - Block 1 [Training] Computation time per step (second): 0.1621+/-0.0000 (set value: {'mean': 0.162})
[OUTPUT] 2026-07-13T09:40:34.613237 Ending epoch 1 - 576 steps completed in 100.48 s
[OUTPUT] 2026-07-13T09:40:34.615917 Reshard for epoch 2: 4038 train files, 0 eval files redistributed via alltoall in 0.00s
[OUTPUT] 2026-07-13T09:40:35.221879 Worker pre-warm complete for epoch 2 (2 workers spawned)
[OUTPUT] 2026-07-13T09:40:36.181869 Starting epoch 2: 576 steps expected
[OUTPUT] 2026-07-13T09:40:36.182154 Starting block 1
[OUTPUT] 2026-07-13T09:42:16.887445 Ending block 1 - 576 steps completed in 100.71 s
[OUTPUT] 2026-07-13T09:42:16.888498 Epoch 2 - Block 1 [Training] Accelerator Utilization [AU] (%): 93.1754
[OUTPUT] 2026-07-13T09:42:16.888527 Epoch 2 - Block 1 [Training] Throughput (samples/second): 1046.0989
[OUTPUT] 2026-07-13T09:42:16.888649 Epoch 2 - Block 1 [Training] Computation time per step (second): 0.1621+/-0.0000 (set value: {'mean': 0.162})
[OUTPUT] 2026-07-13T09:42:16.914751 Ending epoch 2 - 576 steps completed in 100.73 s
[OUTPUT] 2026-07-13T09:42:16.917305 Reshard for epoch 3: 4038 train files, 0 eval files redistributed via alltoall in 0.00s
[OUTPUT] 2026-07-13T09:42:17.506899 Worker pre-warm complete for epoch 3 (2 workers spawned)
[OUTPUT] 2026-07-13T09:42:18.587841 Starting epoch 3: 576 steps expected
[OUTPUT] 2026-07-13T09:42:18.588188 Starting block 1
[OUTPUT] 2026-07-13T09:43:59.305452 Ending block 1 - 576 steps completed in 100.72 s
[OUTPUT] 2026-07-13T09:43:59.306600 Epoch 3 - Block 1 [Training] Accelerator Utilization [AU] (%): 93.0394
[OUTPUT] 2026-07-13T09:43:59.306629 Epoch 3 - Block 1 [Training] Throughput (samples/second): 1044.5622
[OUTPUT] 2026-07-13T09:43:59.306745 Epoch 3 - Block 1 [Training] Computation time per step (second): 0.1621+/-0.0000 (set value: {'mean': 0.162})
[OUTPUT] 2026-07-13T09:43:59.332309 Ending epoch 3 - 576 steps completed in 100.74 s
[OUTPUT] 2026-07-13T09:43:59.336306 Reshard for epoch 4: 4038 train files, 0 eval files redistributed via alltoall in 0.00s
[OUTPUT] 2026-07-13T09:43:59.981456 Worker pre-warm complete for epoch 4 (2 workers spawned)
[OUTPUT] 2026-07-13T09:44:00.923162 Starting epoch 4: 576 steps expected
[OUTPUT] 2026-07-13T09:44:00.923440 Starting block 1
[OUTPUT] 2026-07-13T09:45:41.562816 Ending block 1 - 576 steps completed in 100.64 s
[OUTPUT] 2026-07-13T09:45:41.564142 Epoch 4 - Block 1 [Training] Accelerator Utilization [AU] (%): 93.2172
[OUTPUT] 2026-07-13T09:45:41.564174 Epoch 4 - Block 1 [Training] Throughput (samples/second): 1046.5861
[OUTPUT] 2026-07-13T09:45:41.564295 Epoch 4 - Block 1 [Training] Computation time per step (second): 0.1621+/-0.0000 (set value: {'mean': 0.162})
[OUTPUT] 2026-07-13T09:45:41.591541 Ending epoch 4 - 576 steps completed in 100.67 s
[OUTPUT] 2026-07-13T09:45:41.594308 Reshard for epoch 5: 4038 train files, 0 eval files redistributed via alltoall in 0.00s
[OUTPUT] 2026-07-13T09:45:42.223848 Worker pre-warm complete for epoch 5 (2 workers spawned)
[OUTPUT] 2026-07-13T09:45:43.279454 Starting epoch 5: 576 steps expected
[OUTPUT] 2026-07-13T09:45:43.279794 Starting block 1
[OUTPUT] 2026-07-13T09:47:24.065615 Ending block 1 - 576 steps completed in 100.79 s
[OUTPUT] 2026-07-13T09:47:24.066738 Epoch 5 - Block 1 [Training] Accelerator Utilization [AU] (%): 93.0045
[OUTPUT] 2026-07-13T09:47:24.066772 Epoch 5 - Block 1 [Training] Throughput (samples/second): 1044.1993
[OUTPUT] 2026-07-13T09:47:24.066892 Epoch 5 - Block 1 [Training] Computation time per step (second): 0.1621+/-0.0000 (set value: {'mean': 0.162})
[OUTPUT] 2026-07-13T09:47:24.081649 Ending epoch 5 - 576 steps completed in 100.80 s
[OUTPUT] 2026-07-13T09:47:24.085252 Reshard for epoch 6: 4038 train files, 0 eval files redistributed via alltoall in 0.00s
[OUTPUT] 2026-07-13T09:47:24.669450 Worker pre-warm complete for epoch 6 (2 workers spawned)
[OUTPUT] 2026-07-13T09:47:24.719824 Saved outputs in /root/Suzhou_Zishan_Longlin/closed/Suzhou_Zishan_Longlin/results/GalaxSphere-1Tier0/training/unet3d/run/20260713_093846
[OUTPUT] Averaged metric over all steps/epochs
[METRIC] ==========================================================
[METRIC] Number of Simulated Accelerators: 26 
[METRIC] Training Accelerator Utilization [AU] (%): 93.1883 (0.1096)
[METRIC] Training Throughput (samples/second): 1046.2431 (1.2306)
[METRIC] Training I/O Throughput (MiB/second): 146274.4622 (172.0524)
[METRIC] train_au_meet_expectation: success
[METRIC] ==========================================================

[OUTPUT] 2026-07-13T09:47:24.780240 outputs saved in RANKID_output.json
