[OUTPUT] [DEBUG DLIOBenchmark.__init__] After LoadConfig:
[OUTPUT]   storage_type   = <StorageType.S3: 's3'>
[OUTPUT]   storage_root   = 'mlp-unet3d'
[OUTPUT]   storage_options= {'storage_library': 's3dlio', 'uri_scheme': 's3', 'access_key_id': 'ais', 'secret_access_key': 'ais', 'endpoint_url': 'http://10.49.42.85:51080/s3/', 'region': 'us-east-1'}
[OUTPUT]   data_folder    = 'data/u5/unet3d'
[OUTPUT]   framework      = <FrameworkType.PYTORCH: 'pytorch'>
[OUTPUT]   num_files_train= 278000
[OUTPUT]   record_length  = 146600628
[OUTPUT]   generate_data  = False
[OUTPUT]   do_train       = True
[OUTPUT]   do_checkpoint  = False
[OUTPUT]   epochs         = 5
[OUTPUT]   batch_size     = 7
[OUTPUT] 2026-07-22T00:53:42.993311 Running DLIO [Training] with 5 process(es)
[OUTPUT] 2026-07-22T00:53:43.130612 skip_listing [train]: validating 2,781 of 278,000 files (first, last, every 100) via HEAD requests ...
[OUTPUT] 2026-07-22T00:53:43.279132 skip_listing [train]:   278/2,781 checked (10%)  —  1875 checks/s  —  ETA 1s  —  0 failed so far
[OUTPUT] 2026-07-22T00:53:43.410980 skip_listing [train]:   556/2,781 checked (20%)  —  1985 checks/s  —  ETA 1s  —  0 failed so far
[OUTPUT] 2026-07-22T00:53:43.540693 skip_listing [train]:   834/2,781 checked (30%)  —  2035 checks/s  —  ETA 1s  —  0 failed so far
[OUTPUT] 2026-07-22T00:53:43.663523 skip_listing [train]:   1,112/2,781 checked (40%)  —  2088 checks/s  —  ETA 1s  —  0 failed so far
[OUTPUT] 2026-07-22T00:53:43.810039 skip_listing [train]:   1,390/2,781 checked (50%)  —  2047 checks/s  —  ETA 1s  —  0 failed so far
[OUTPUT] 2026-07-22T00:53:43.960244 skip_listing [train]:   1,668/2,781 checked (60%)  —  2011 checks/s  —  ETA 1s  —  0 failed so far
[OUTPUT] 2026-07-22T00:53:44.124231 skip_listing [train]:   1,946/2,781 checked (70%)  —  1959 checks/s  —  ETA 0s  —  0 failed so far
[OUTPUT] 2026-07-22T00:53:44.257792 skip_listing [train]:   2,224/2,781 checked (80%)  —  1974 checks/s  —  ETA 0s  —  0 failed so far
[OUTPUT] 2026-07-22T00:53:44.384670 skip_listing [train]:   2,502/2,781 checked (90%)  —  1996 checks/s  —  ETA 0s  —  0 failed so far
[OUTPUT] 2026-07-22T00:53:44.506339 skip_listing [train]:   2,780/2,781 checked (100%)  —  2021 checks/s  —  ETA 0s  —  0 failed so far
[OUTPUT] 2026-07-22T00:53:44.506474 skip_listing [train]: validation complete — all 2,781 samples exist (1.4s, 2022 checks/s); 55,600 URIs ready for rank 0 (278,000 total across all ranks)
[OUTPUT] 2026-07-22T00:53:44.506852 File listing [train]: 278000 files discovered, 55600 assigned to rank 0, completed in 1.47s
[OUTPUT] 2026-07-22T00:53:44.506896 skip_listing [valid]: generated 0 file URIs deterministically (0 total — validation disabled)
[OUTPUT] 2026-07-22T00:53:44.506928 File listing [valid]: 0 files discovered, 0 assigned to rank 0, completed in 0.00s
[OUTPUT] 2026-07-22T00:53:44.506957 Streamed file sharding: 278000 train files across 5 ranks via round-robin (rank 0 shard: 55600 files)
[OUTPUT] 2026-07-22T00:53:45.521406 Max steps per epoch per rank: 39714 = 1 * 278000 / 7 (samples per file * local files / batch size)
[OUTPUT] 2026-07-22T00:53:45.553880 Reshard for epoch 1: 55600 train files, 0 eval files redistributed via alltoall in 0.03s
[OUTPUT] 2026-07-22T00:53:55.250484 Worker pre-warm complete (4 workers spawned)
[OUTPUT] 2026-07-22T00:53:56.284742 Starting epoch 1: 7942 steps expected
[OUTPUT] 2026-07-22T00:53:56.285246 Starting block 1
[OUTPUT] 2026-07-22T01:15:41.508261 Ending block 1 - 7940 steps completed in 1305.22 s
[OUTPUT] 2026-07-22T01:15:41.518022 Epoch 1 - Block 1 [Training] Accelerator Utilization [AU] (%): 98.8468
[OUTPUT] 2026-07-22T01:15:41.518061 Epoch 1 - Block 1 [Training] Throughput (samples/second): 213.4372
[OUTPUT] 2026-07-22T01:15:41.521502 Epoch 1 - Block 1 [Training] Computation time per step (second): 0.1621+/-0.0000 (set value: {'mean': 0.162})
[OUTPUT] 2026-07-22T01:15:41.522010 Ending epoch 1 - 7940 steps completed in 1305.24 s
[OUTPUT] 2026-07-22T01:15:41.546456 Reshard for epoch 2: 55600 train files, 0 eval files redistributed via alltoall in 0.02s
[OUTPUT] 2026-07-22T01:15:44.268276 Worker pre-warm complete for epoch 2 (4 workers spawned)
[OUTPUT] 2026-07-22T01:15:44.675490 Starting epoch 2: 7942 steps expected
[OUTPUT] 2026-07-22T01:15:44.675837 Starting block 1
[OUTPUT] 2026-07-22T01:37:29.947613 Ending block 1 - 7940 steps completed in 1305.27 s
[OUTPUT] 2026-07-22T01:37:29.949194 Epoch 2 - Block 1 [Training] Accelerator Utilization [AU] (%): 98.8351
[OUTPUT] 2026-07-22T01:37:29.949228 Epoch 2 - Block 1 [Training] Throughput (samples/second): 213.4147
[OUTPUT] 2026-07-22T01:37:29.949843 Epoch 2 - Block 1 [Training] Computation time per step (second): 0.1621+/-0.0000 (set value: {'mean': 0.162})
[OUTPUT] 2026-07-22T01:37:29.950306 Ending epoch 2 - 7940 steps completed in 1305.27 s
[OUTPUT] 2026-07-22T01:37:29.974527 Reshard for epoch 3: 55600 train files, 0 eval files redistributed via alltoall in 0.02s
[OUTPUT] 2026-07-22T01:37:32.906837 Worker pre-warm complete for epoch 3 (4 workers spawned)
[OUTPUT] 2026-07-22T01:37:33.379680 Starting epoch 3: 7942 steps expected
[OUTPUT] 2026-07-22T01:37:33.380575 Starting block 1
[OUTPUT] 2026-07-22T01:59:18.839321 Ending block 1 - 7940 steps completed in 1305.46 s
[OUTPUT] 2026-07-22T01:59:18.840871 Epoch 3 - Block 1 [Training] Accelerator Utilization [AU] (%): 98.8540
[OUTPUT] 2026-07-22T01:59:18.840906 Epoch 3 - Block 1 [Training] Throughput (samples/second): 213.4559
[OUTPUT] 2026-07-22T01:59:18.841520 Epoch 3 - Block 1 [Training] Computation time per step (second): 0.1621+/-0.0000 (set value: {'mean': 0.162})
[OUTPUT] 2026-07-22T01:59:18.842138 Ending epoch 3 - 7940 steps completed in 1305.46 s
[OUTPUT] 2026-07-22T01:59:18.865250 Reshard for epoch 4: 55600 train files, 0 eval files redistributed via alltoall in 0.02s
[OUTPUT] 2026-07-22T01:59:21.806558 Worker pre-warm complete for epoch 4 (4 workers spawned)
[OUTPUT] 2026-07-22T01:59:22.201277 Starting epoch 4: 7942 steps expected
[OUTPUT] 2026-07-22T01:59:22.202124 Starting block 1
[OUTPUT] 2026-07-22T02:21:07.197171 Ending block 1 - 7940 steps completed in 1305.00 s
[OUTPUT] 2026-07-22T02:21:07.198732 Epoch 4 - Block 1 [Training] Accelerator Utilization [AU] (%): 98.8564
[OUTPUT] 2026-07-22T02:21:07.198765 Epoch 4 - Block 1 [Training] Throughput (samples/second): 213.4596
[OUTPUT] 2026-07-22T02:21:07.199374 Epoch 4 - Block 1 [Training] Computation time per step (second): 0.1621+/-0.0000 (set value: {'mean': 0.162})
[OUTPUT] 2026-07-22T02:21:07.199829 Ending epoch 4 - 7940 steps completed in 1305.00 s
[OUTPUT] 2026-07-22T02:21:07.220896 Reshard for epoch 5: 55600 train files, 0 eval files redistributed via alltoall in 0.02s
[OUTPUT] 2026-07-22T02:21:09.857151 Worker pre-warm complete for epoch 5 (4 workers spawned)
[OUTPUT] 2026-07-22T02:21:10.290513 Starting epoch 5: 7942 steps expected
[OUTPUT] 2026-07-22T02:21:10.290860 Starting block 1
[OUTPUT] 2026-07-22T02:42:55.986170 Ending block 1 - 7940 steps completed in 1305.70 s
[OUTPUT] 2026-07-22T02:42:55.988268 Epoch 5 - Block 1 [Training] Accelerator Utilization [AU] (%): 98.8702
[OUTPUT] 2026-07-22T02:42:55.988307 Epoch 5 - Block 1 [Training] Throughput (samples/second): 213.4886
[OUTPUT] 2026-07-22T02:42:55.988918 Epoch 5 - Block 1 [Training] Computation time per step (second): 0.1621+/-0.0000 (set value: {'mean': 0.162})
[OUTPUT] 2026-07-22T02:42:55.989660 Ending epoch 5 - 7940 steps completed in 1305.70 s
[OUTPUT] 2026-07-22T02:42:56.010559 Reshard for epoch 6: 55600 train files, 0 eval files redistributed via alltoall in 0.02s
[OUTPUT] 2026-07-22T02:42:59.093263 Worker pre-warm complete for epoch 6 (4 workers spawned)
[OUTPUT] 2026-07-22T02:42:59.094356 Saved outputs in /home/opc/mlps-3n5-unet3d-v3046-submission-20260721/closed/nvidia/results/aistore-3n-oci-bm-denseio-e5-128-5client/training/unet3d/run/20260722_005332
[OUTPUT] Averaged metric over all steps/epochs
[METRIC] ==========================================================
[METRIC] Number of Simulated Accelerators: 5 
[METRIC] Training Accelerator Utilization [AU] (%): 98.8623 (0.0137)
[METRIC] Training Throughput (samples/second): 213.4694 (0.0300)
[METRIC] Training I/O Throughput (MiB/second): 29844.9943 (4.1894)
[METRIC] train_au_meet_expectation: success
[METRIC] ==========================================================

[OUTPUT] 2026-07-22T02:42:59.177491 outputs saved in RANKID_output.json
