[OUTPUT] [DEBUG DLIOBenchmark.__init__] After LoadConfig:
[OUTPUT]   storage_type   = <StorageType.LOCAL_FS: 'local_fs'>
[OUTPUT]   storage_root   = './'
[OUTPUT]   storage_options= None
[OUTPUT]   data_folder    = '/mnt/glfs/GalaxSphere-4Tier0/training/retinanet'
[OUTPUT]   framework      = <FrameworkType.PYTORCH: 'pytorch'>
[OUTPUT]   num_files_train= 21278212
[OUTPUT]   record_length  = 322957
[OUTPUT]   generate_data  = False
[OUTPUT]   do_train       = True
[OUTPUT]   do_checkpoint  = False
[OUTPUT]   epochs         = 8
[OUTPUT]   batch_size     = 24
[OUTPUT] 2026-07-16T22:55:37.671338 Running DLIO [Training] with 200 process(es)
[OUTPUT] 2026-07-16T22:55:37.924933 skip_listing [train]: validating 21,280 of 21,278,212 files (first, last, every 1,000) via HEAD requests ...
[OUTPUT] 2026-07-16T22:55:37.949676 skip_listing [train]:   500/21,280 checked (2%)  —  20372 checks/s  —  ETA 1s  —  0 failed so far
[OUTPUT] 2026-07-16T22:55:37.952311 skip_listing [train]:   1,000/21,280 checked (5%)  —  36788 checks/s  —  ETA 1s  —  0 failed so far
[OUTPUT] 2026-07-16T22:55:37.954860 skip_listing [train]:   1,500/21,280 checked (7%)  —  50451 checks/s  —  ETA 0s  —  0 failed so far
[OUTPUT] 2026-07-16T22:55:37.957382 skip_listing [train]:   2,000/21,280 checked (9%)  —  62007 checks/s  —  ETA 0s  —  0 failed so far
[OUTPUT] 2026-07-16T22:55:37.959902 skip_listing [train]:   2,500/21,280 checked (12%)  —  71892 checks/s  —  ETA 0s  —  0 failed so far
[OUTPUT] 2026-07-16T22:55:37.962405 skip_listing [train]:   3,000/21,280 checked (14%)  —  80477 checks/s  —  ETA 0s  —  0 failed so far
[OUTPUT] 2026-07-16T22:55:37.964927 skip_listing [train]:   3,500/21,280 checked (16%)  —  87941 checks/s  —  ETA 0s  —  0 failed so far
[OUTPUT] 2026-07-16T22:55:37.967428 skip_listing [train]:   4,000/21,280 checked (19%)  —  94559 checks/s  —  ETA 0s  —  0 failed so far
[OUTPUT] 2026-07-16T22:55:37.970045 skip_listing [train]:   4,500/21,280 checked (21%)  —  100184 checks/s  —  ETA 0s  —  0 failed so far
[OUTPUT] 2026-07-16T22:55:37.972663 skip_listing [train]:   5,000/21,280 checked (23%)  —  105183 checks/s  —  ETA 0s  —  0 failed so far
[OUTPUT] 2026-07-16T22:55:37.975284 skip_listing [train]:   5,500/21,280 checked (26%)  —  109657 checks/s  —  ETA 0s  —  0 failed so far
[OUTPUT] 2026-07-16T22:55:37.977893 skip_listing [train]:   6,000/21,280 checked (28%)  —  113710 checks/s  —  ETA 0s  —  0 failed so far
[OUTPUT] 2026-07-16T22:55:37.980509 skip_listing [train]:   6,500/21,280 checked (31%)  —  117367 checks/s  —  ETA 0s  —  0 failed so far
[OUTPUT] 2026-07-16T22:55:37.983125 skip_listing [train]:   7,000/21,280 checked (33%)  —  120693 checks/s  —  ETA 0s  —  0 failed so far
[OUTPUT] 2026-07-16T22:55:37.985743 skip_listing [train]:   7,500/21,280 checked (35%)  —  123731 checks/s  —  ETA 0s  —  0 failed so far
[OUTPUT] 2026-07-16T22:55:37.988359 skip_listing [train]:   8,000/21,280 checked (38%)  —  126518 checks/s  —  ETA 0s  —  0 failed so far
[OUTPUT] 2026-07-16T22:55:37.990980 skip_listing [train]:   8,500/21,280 checked (40%)  —  129076 checks/s  —  ETA 0s  —  0 failed so far
[OUTPUT] 2026-07-16T22:55:37.993590 skip_listing [train]:   9,000/21,280 checked (42%)  —  131457 checks/s  —  ETA 0s  —  0 failed so far
[OUTPUT] 2026-07-16T22:55:37.996189 skip_listing [train]:   9,500/21,280 checked (45%)  —  133686 checks/s  —  ETA 0s  —  0 failed so far
[OUTPUT] 2026-07-16T22:55:37.998804 skip_listing [train]:   10,000/21,280 checked (47%)  —  135727 checks/s  —  ETA 0s  —  0 failed so far
[OUTPUT] 2026-07-16T22:55:38.001389 skip_listing [train]:   10,500/21,280 checked (49%)  —  137684 checks/s  —  ETA 0s  —  0 failed so far
[OUTPUT] 2026-07-16T22:55:38.003982 skip_listing [train]:   11,000/21,280 checked (52%)  —  139498 checks/s  —  ETA 0s  —  0 failed so far
[OUTPUT] 2026-07-16T22:55:38.006570 skip_listing [train]:   11,500/21,280 checked (54%)  —  141203 checks/s  —  ETA 0s  —  0 failed so far
[OUTPUT] 2026-07-16T22:55:38.009158 skip_listing [train]:   12,000/21,280 checked (56%)  —  142804 checks/s  —  ETA 0s  —  0 failed so far
[OUTPUT] 2026-07-16T22:55:38.011772 skip_listing [train]:   12,500/21,280 checked (59%)  —  144267 checks/s  —  ETA 0s  —  0 failed so far
[OUTPUT] 2026-07-16T22:55:38.014340 skip_listing [train]:   13,000/21,280 checked (61%)  —  145719 checks/s  —  ETA 0s  —  0 failed so far
[OUTPUT] 2026-07-16T22:55:38.016903 skip_listing [train]:   13,500/21,280 checked (63%)  —  147097 checks/s  —  ETA 0s  —  0 failed so far
[OUTPUT] 2026-07-16T22:55:38.019457 skip_listing [train]:   14,000/21,280 checked (66%)  —  148415 checks/s  —  ETA 0s  —  0 failed so far
[OUTPUT] 2026-07-16T22:55:38.022013 skip_listing [train]:   14,500/21,280 checked (68%)  —  149661 checks/s  —  ETA 0s  —  0 failed so far
[OUTPUT] 2026-07-16T22:55:38.024547 skip_listing [train]:   15,000/21,280 checked (70%)  —  150875 checks/s  —  ETA 0s  —  0 failed so far
[OUTPUT] 2026-07-16T22:55:38.027101 skip_listing [train]:   15,500/21,280 checked (73%)  —  152000 checks/s  —  ETA 0s  —  0 failed so far
[OUTPUT] 2026-07-16T22:55:38.029650 skip_listing [train]:   16,000/21,280 checked (75%)  —  153077 checks/s  —  ETA 0s  —  0 failed so far
[OUTPUT] 2026-07-16T22:55:38.032191 skip_listing [train]:   16,500/21,280 checked (78%)  —  154114 checks/s  —  ETA 0s  —  0 failed so far
[OUTPUT] 2026-07-16T22:55:38.034748 skip_listing [train]:   17,000/21,280 checked (80%)  —  155080 checks/s  —  ETA 0s  —  0 failed so far
[OUTPUT] 2026-07-16T22:55:38.037303 skip_listing [train]:   17,500/21,280 checked (82%)  —  156005 checks/s  —  ETA 0s  —  0 failed so far
[OUTPUT] 2026-07-16T22:55:38.039868 skip_listing [train]:   18,000/21,280 checked (85%)  —  156876 checks/s  —  ETA 0s  —  0 failed so far
[OUTPUT] 2026-07-16T22:55:38.042418 skip_listing [train]:   18,500/21,280 checked (87%)  —  157728 checks/s  —  ETA 0s  —  0 failed so far
[OUTPUT] 2026-07-16T22:55:38.044976 skip_listing [train]:   19,000/21,280 checked (89%)  —  158533 checks/s  —  ETA 0s  —  0 failed so far
[OUTPUT] 2026-07-16T22:55:38.047532 skip_listing [train]:   19,500/21,280 checked (92%)  —  159308 checks/s  —  ETA 0s  —  0 failed so far
[OUTPUT] 2026-07-16T22:55:38.050108 skip_listing [train]:   20,000/21,280 checked (94%)  —  160024 checks/s  —  ETA 0s  —  0 failed so far
[OUTPUT] 2026-07-16T22:55:38.052683 skip_listing [train]:   20,500/21,280 checked (96%)  —  160714 checks/s  —  ETA 0s  —  0 failed so far
[OUTPUT] 2026-07-16T22:55:38.055228 skip_listing [train]:   21,000/21,280 checked (99%)  —  161413 checks/s  —  ETA 0s  —  0 failed so far
[OUTPUT] 2026-07-16T22:55:38.056833 skip_listing [train]: validation complete — all 21,280 samples exist (0.1s, 161573 checks/s); 106,392 URIs ready for rank 0 (21,278,212 total across all ranks)
[OUTPUT] 2026-07-16T22:55:38.057448 File listing [train]: 21278212 files discovered, 106391 assigned to rank 0, completed in 0.37s
[OUTPUT] 2026-07-16T22:55:38.057476 skip_listing [valid]: generated 0 file URIs deterministically (0 total — validation disabled)
[OUTPUT] 2026-07-16T22:55:38.057494 File listing [valid]: 0 files discovered, 0 assigned to rank 0, completed in 0.00s
[OUTPUT] 2026-07-16T22:55:38.057509 Streamed file sharding: 21278212 train files across 200 ranks via round-robin (rank 0 shard: 106391 files)
[OUTPUT] 2026-07-16T22:56:24.305667 Max steps per epoch per rank: 886592 = 1 * 21278212 / 24 (samples per file * local files / batch size)
[OUTPUT] 2026-07-16T22:56:26.221772 Reshard for epoch 1: 106391 train files, 0 eval files redistributed via alltoall in 1.92s
[OUTPUT] 2026-07-16T22:56:27.155466 Worker pre-warm complete (2 workers spawned)
[OUTPUT] 2026-07-16T22:56:33.312909 Starting epoch 1: 4432 steps expected
[OUTPUT] 2026-07-16T22:56:33.313388 Starting block 1
[OUTPUT] 2026-07-16T23:00:40.938132 Ending block 1 - 4432 steps completed in 247.62 s
[OUTPUT] 2026-07-16T23:00:40.940169 Epoch 1 - Block 1 [Training] Accelerator Utilization [AU] (%): 85.3679
[OUTPUT] 2026-07-16T23:00:40.940207 Epoch 1 - Block 1 [Training] Throughput (samples/second): 86041.4882
[OUTPUT] 2026-07-16T23:00:40.941474 Epoch 1 - Block 1 [Training] Computation time per step (second): 0.0476+/-0.0000 (set value: {'mean': 0.04755})
[OUTPUT] 2026-07-16T23:00:41.027782 Ending epoch 1 - 4432 steps completed in 247.71 s
[OUTPUT] 2026-07-16T23:00:42.804292 Reshard for epoch 2: 106391 train files, 0 eval files redistributed via alltoall in 1.78s
[OUTPUT] 2026-07-16T23:00:43.674281 Worker pre-warm complete for epoch 2 (2 workers spawned)
[OUTPUT] 2026-07-16T23:01:00.419067 Starting epoch 2: 4432 steps expected
[OUTPUT] 2026-07-16T23:01:00.419551 Starting block 1
[OUTPUT] 2026-07-16T23:05:08.053868 Ending block 1 - 4432 steps completed in 247.63 s
[OUTPUT] 2026-07-16T23:05:08.055137 Epoch 2 - Block 1 [Training] Accelerator Utilization [AU] (%): 85.3645
[OUTPUT] 2026-07-16T23:05:08.061135 Epoch 2 - Block 1 [Training] Throughput (samples/second): 86040.9748
[OUTPUT] 2026-07-16T23:05:08.061453 Epoch 2 - Block 1 [Training] Computation time per step (second): 0.0476+/-0.0000 (set value: {'mean': 0.04755})
[OUTPUT] 2026-07-16T23:05:08.149542 Ending epoch 2 - 4432 steps completed in 247.73 s
[OUTPUT] 2026-07-16T23:05:09.839441 Reshard for epoch 3: 106391 train files, 0 eval files redistributed via alltoall in 1.69s
[OUTPUT] 2026-07-16T23:05:10.692385 Worker pre-warm complete for epoch 3 (2 workers spawned)
[OUTPUT] 2026-07-16T23:05:27.221347 Starting epoch 3: 4432 steps expected
[OUTPUT] 2026-07-16T23:05:27.221809 Starting block 1
[OUTPUT] 2026-07-16T23:09:35.021549 Ending block 1 - 4432 steps completed in 247.80 s
[OUTPUT] 2026-07-16T23:09:35.022722 Epoch 3 - Block 1 [Training] Accelerator Utilization [AU] (%): 85.3118
[OUTPUT] 2026-07-16T23:09:35.022755 Epoch 3 - Block 1 [Training] Throughput (samples/second): 85986.9875
[OUTPUT] 2026-07-16T23:09:35.023056 Epoch 3 - Block 1 [Training] Computation time per step (second): 0.0476+/-0.0000 (set value: {'mean': 0.04755})
[OUTPUT] 2026-07-16T23:09:35.124718 Ending epoch 3 - 4432 steps completed in 247.90 s
[OUTPUT] 2026-07-16T23:09:36.904067 Reshard for epoch 4: 106391 train files, 0 eval files redistributed via alltoall in 1.78s
[OUTPUT] 2026-07-16T23:09:37.795899 Worker pre-warm complete for epoch 4 (2 workers spawned)
[OUTPUT] 2026-07-16T23:09:54.495874 Starting epoch 4: 4432 steps expected
[OUTPUT] 2026-07-16T23:09:54.496311 Starting block 1
[OUTPUT] 2026-07-16T23:14:02.171047 Ending block 1 - 4432 steps completed in 247.67 s
[OUTPUT] 2026-07-16T23:14:02.172204 Epoch 4 - Block 1 [Training] Accelerator Utilization [AU] (%): 85.3578
[OUTPUT] 2026-07-16T23:14:02.172239 Epoch 4 - Block 1 [Training] Throughput (samples/second): 86034.3091
[OUTPUT] 2026-07-16T23:14:02.172557 Epoch 4 - Block 1 [Training] Computation time per step (second): 0.0476+/-0.0000 (set value: {'mean': 0.04755})
[OUTPUT] 2026-07-16T23:14:02.282909 Ending epoch 4 - 4432 steps completed in 247.79 s
[OUTPUT] 2026-07-16T23:14:04.057659 Reshard for epoch 5: 106391 train files, 0 eval files redistributed via alltoall in 1.77s
[OUTPUT] 2026-07-16T23:14:04.964087 Worker pre-warm complete for epoch 5 (2 workers spawned)
[OUTPUT] 2026-07-16T23:14:21.605752 Starting epoch 5: 4432 steps expected
[OUTPUT] 2026-07-16T23:14:21.606162 Starting block 1
[OUTPUT] 2026-07-16T23:18:29.779866 Ending block 1 - 4432 steps completed in 248.17 s
[OUTPUT] 2026-07-16T23:18:29.781016 Epoch 5 - Block 1 [Training] Accelerator Utilization [AU] (%): 85.1787
[OUTPUT] 2026-07-16T23:18:29.781056 Epoch 5 - Block 1 [Training] Throughput (samples/second): 85853.6310
[OUTPUT] 2026-07-16T23:18:29.781384 Epoch 5 - Block 1 [Training] Computation time per step (second): 0.0476+/-0.0000 (set value: {'mean': 0.04755})
[OUTPUT] 2026-07-16T23:18:29.855838 Ending epoch 5 - 4432 steps completed in 248.25 s
[OUTPUT] 2026-07-16T23:18:31.591730 Reshard for epoch 6: 106391 train files, 0 eval files redistributed via alltoall in 1.74s
[OUTPUT] 2026-07-16T23:18:32.477830 Worker pre-warm complete for epoch 6 (2 workers spawned)
[OUTPUT] 2026-07-16T23:18:49.219310 Starting epoch 6: 4432 steps expected
[OUTPUT] 2026-07-16T23:18:49.219766 Starting block 1
[OUTPUT] 2026-07-16T23:22:57.396896 Ending block 1 - 4432 steps completed in 248.18 s
[OUTPUT] 2026-07-16T23:22:57.398038 Epoch 6 - Block 1 [Training] Accelerator Utilization [AU] (%): 85.1832
[OUTPUT] 2026-07-16T23:22:57.398072 Epoch 6 - Block 1 [Training] Throughput (samples/second): 85858.5430
[OUTPUT] 2026-07-16T23:22:57.398382 Epoch 6 - Block 1 [Training] Computation time per step (second): 0.0476+/-0.0000 (set value: {'mean': 0.04755})
[OUTPUT] 2026-07-16T23:22:57.435165 Ending epoch 6 - 4432 steps completed in 248.22 s
[OUTPUT] 2026-07-16T23:22:59.183399 Reshard for epoch 7: 106391 train files, 0 eval files redistributed via alltoall in 1.75s
[OUTPUT] 2026-07-16T23:23:00.042784 Worker pre-warm complete for epoch 7 (2 workers spawned)
[OUTPUT] 2026-07-16T23:23:18.340203 Starting epoch 7: 4432 steps expected
[OUTPUT] 2026-07-16T23:23:18.340599 Starting block 1
[OUTPUT] 2026-07-16T23:27:26.258349 Ending block 1 - 4432 steps completed in 247.92 s
[OUTPUT] 2026-07-16T23:27:26.259491 Epoch 7 - Block 1 [Training] Accelerator Utilization [AU] (%): 85.2680
[OUTPUT] 2026-07-16T23:27:26.259529 Epoch 7 - Block 1 [Training] Throughput (samples/second): 85943.5867
[OUTPUT] 2026-07-16T23:27:26.259862 Epoch 7 - Block 1 [Training] Computation time per step (second): 0.0476+/-0.0000 (set value: {'mean': 0.04755})
[OUTPUT] 2026-07-16T23:27:26.349901 Ending epoch 7 - 4432 steps completed in 248.01 s
[OUTPUT] 2026-07-16T23:27:28.079427 Reshard for epoch 8: 106391 train files, 0 eval files redistributed via alltoall in 1.73s
[OUTPUT] 2026-07-16T23:27:28.991947 Worker pre-warm complete for epoch 8 (2 workers spawned)
[OUTPUT] 2026-07-16T23:27:45.629734 Starting epoch 8: 4432 steps expected
[OUTPUT] 2026-07-16T23:27:45.630197 Starting block 1
[OUTPUT] 2026-07-16T23:31:53.710440 Ending block 1 - 4432 steps completed in 248.08 s
[OUTPUT] 2026-07-16T23:31:53.711650 Epoch 8 - Block 1 [Training] Accelerator Utilization [AU] (%): 85.2171
[OUTPUT] 2026-07-16T23:31:53.711697 Epoch 8 - Block 1 [Training] Throughput (samples/second): 85891.3485
[OUTPUT] 2026-07-16T23:31:53.711990 Epoch 8 - Block 1 [Training] Computation time per step (second): 0.0476+/-0.0001 (set value: {'mean': 0.04755})
[OUTPUT] 2026-07-16T23:31:53.839856 Ending epoch 8 - 4432 steps completed in 248.21 s
[OUTPUT] 2026-07-16T23:31:55.537802 Reshard for epoch 9: 106391 train files, 0 eval files redistributed via alltoall in 1.70s
[OUTPUT] 2026-07-16T23:31:56.370630 Worker pre-warm complete for epoch 9 (2 workers spawned)
[OUTPUT] 2026-07-16T23:31:56.436431 Saved outputs in /root/Suzhou_Zishan_Longlin/closed/Suzhou_Zishan_Longlin/results/GalaxSphere-4Tier0/training/retinanet/run/20260716_225511
[OUTPUT] Averaged metric over all steps/epochs
[METRIC] ==========================================================
[METRIC] Number of Simulated Accelerators: 200 
[METRIC] Training Accelerator Utilization [AU] (%): 85.2578 (0.0732)
[METRIC] Training Throughput (samples/second): 85936.2590 (73.4025)
[METRIC] Training I/O Throughput (MiB/second): 26468.0065 (22.6077)
[METRIC] train_au_meet_expectation: success
[METRIC] ==========================================================

[OUTPUT] 2026-07-16T23:31:56.927342 outputs saved in RANKID_output.json
