[OUTPUT] [DEBUG DLIOBenchmark.__init__] After LoadConfig:
[OUTPUT]   storage_type   = <StorageType.LOCAL_FS: 'local_fs'>
[OUTPUT]   storage_root   = './'
[OUTPUT]   storage_options= None
[OUTPUT]   data_folder    = '/mnt/mlperf-block/retinanet'
[OUTPUT]   framework      = <FrameworkType.PYTORCH: 'pytorch'>
[OUTPUT]   num_files_train= 4710038
[OUTPUT]   record_length  = 322957
[OUTPUT]   generate_data  = False
[OUTPUT]   do_train       = True
[OUTPUT]   do_checkpoint  = False
[OUTPUT]   epochs         = 8
[OUTPUT]   batch_size     = 24
[OUTPUT] 2026-06-28T19:13:48.934131 Running DLIO [Training] with 72 process(es)
[OUTPUT] 2026-06-28T19:13:49.205593 skip_listing [train]: validating 4,712 of 4,710,038 files (first, last, every 1,000) via HEAD requests ...
[OUTPUT] 2026-06-28T19:13:49.603792 skip_listing [train]:   471/4,712 checked (10%)  —  1183 checks/s  —  ETA 4s  —  0 failed so far
[OUTPUT] 2026-06-28T19:13:49.877105 skip_listing [train]:   942/4,712 checked (20%)  —  1403 checks/s  —  ETA 3s  —  0 failed so far
[OUTPUT] 2026-06-28T19:13:50.152055 skip_listing [train]:   1,413/4,712 checked (30%)  —  1493 checks/s  —  ETA 2s  —  0 failed so far
[OUTPUT] 2026-06-28T19:13:50.442300 skip_listing [train]:   1,884/4,712 checked (40%)  —  1524 checks/s  —  ETA 2s  —  0 failed so far
[OUTPUT] 2026-06-28T19:13:50.742091 skip_listing [train]:   2,355/4,712 checked (50%)  —  1533 checks/s  —  ETA 2s  —  0 failed so far
[OUTPUT] 2026-06-28T19:13:51.055943 skip_listing [train]:   2,826/4,712 checked (60%)  —  1527 checks/s  —  ETA 1s  —  0 failed so far
[OUTPUT] 2026-06-28T19:13:51.401780 skip_listing [train]:   3,297/4,712 checked (70%)  —  1501 checks/s  —  ETA 1s  —  0 failed so far
[OUTPUT] 2026-06-28T19:13:51.696851 skip_listing [train]:   3,768/4,712 checked (80%)  —  1513 checks/s  —  ETA 1s  —  0 failed so far
[OUTPUT] 2026-06-28T19:13:51.987054 skip_listing [train]:   4,239/4,712 checked (90%)  —  1524 checks/s  —  ETA 0s  —  0 failed so far
[OUTPUT] 2026-06-28T19:13:52.270609 skip_listing [train]:   4,710/4,712 checked (100%)  —  1537 checks/s  —  ETA 0s  —  0 failed so far
[OUTPUT] 2026-06-28T19:13:52.273912 skip_listing [train]: validation complete — all 4,712 samples exist (3.1s, 1536 checks/s); 65,418 URIs ready for rank 0 (4,710,038 total across all ranks)
[OUTPUT] 2026-06-28T19:13:52.275166 File listing [train]: 4710038 files discovered, 65417 assigned to rank 0, completed in 3.33s
[OUTPUT] 2026-06-28T19:13:52.275264 skip_listing [valid]: generated 0 file URIs deterministically (0 total — validation disabled)
[OUTPUT] 2026-06-28T19:13:52.275299 File listing [valid]: 0 files discovered, 0 assigned to rank 0, completed in 0.00s
[OUTPUT] 2026-06-28T19:13:52.275326 Streamed file sharding: 4710038 train files across 72 ranks via round-robin (rank 0 shard: 65417 files)
[WARNING] On host retina-net1.c.mayanas-testing.internal: reader.read_threads=6 x local_ranks=72 = 432 workers, estimated ~216 GB — exceeds 50% of available RAM on this node (255 GB). Consider reducing read_threads to avoid OOM.
[WARNING] On host retina-net1.c.mayanas-testing.internal: reader.read_threads=6 x local_ranks=72 = 432 workers, estimated ~216 GB — exceeds 50% of available RAM on this node (255 GB). Consider reducing read_threads to avoid OOM.
[WARNING] On host retina-net1.c.mayanas-testing.internal: reader.read_threads=6 x local_ranks=72 = 432 workers, estimated ~216 GB — exceeds 50% of available RAM on this node (255 GB). Consider reducing read_threads to avoid OOM.
[WARNING] On host retina-net1.c.mayanas-testing.internal: reader.read_threads=6 x local_ranks=72 = 432 workers, estimated ~216 GB — exceeds 50% of available RAM on this node (255 GB). Consider reducing read_threads to avoid OOM.
[WARNING] On host retina-net1.c.mayanas-testing.internal: reader.read_threads=6 x local_ranks=72 = 432 workers, estimated ~216 GB — exceeds 50% of available RAM on this node (255 GB). Consider reducing read_threads to avoid OOM.
[WARNING] On host retina-net1.c.mayanas-testing.internal: reader.read_threads=6 x local_ranks=72 = 432 workers, estimated ~216 GB — exceeds 50% of available RAM on this node (255 GB). Consider reducing read_threads to avoid OOM.
[WARNING] On host retina-net1.c.mayanas-testing.internal: reader.read_threads=6 x local_ranks=72 = 432 workers, estimated ~216 GB — exceeds 50% of available RAM on this node (255 GB). Consider reducing read_threads to avoid OOM.
[WARNING] On host retina-net1.c.mayanas-testing.internal: reader.read_threads=6 x local_ranks=72 = 432 workers, estimated ~216 GB — exceeds 50% of available RAM on this node (255 GB). Consider reducing read_threads to avoid OOM.
[WARNING] On host retina-net1.c.mayanas-testing.internal: reader.read_threads=6 x local_ranks=72 = 432 workers, estimated ~216 GB — exceeds 50% of available RAM on this node (255 GB). Consider reducing read_threads to avoid OOM.
[WARNING] On host retina-net1.c.mayanas-testing.internal: reader.read_threads=6 x local_ranks=72 = 432 workers, estimated ~216 GB — exceeds 50% of available RAM on this node (255 GB). Consider reducing read_threads to avoid OOM.
[WARNING] On host retina-net1.c.mayanas-testing.internal: reader.read_threads=6 x local_ranks=72 = 432 workers, estimated ~216 GB — exceeds 50% of available RAM on this node (255 GB). Consider reducing read_threads to avoid OOM.
[WARNING] On host retina-net1.c.mayanas-testing.internal: reader.read_threads=6 x local_ranks=72 = 432 workers, estimated ~216 GB — exceeds 50% of available RAM on this node (255 GB). Consider reducing read_threads to avoid OOM.
[WARNING] On host retina-net1.c.mayanas-testing.internal: reader.read_threads=6 x local_ranks=72 = 432 workers, estimated ~216 GB — exceeds 50% of available RAM on this node (255 GB). Consider reducing read_threads to avoid OOM.
[WARNING] On host retina-net1.c.mayanas-testing.internal: reader.read_threads=6 x local_ranks=72 = 432 workers, estimated ~216 GB — exceeds 50% of available RAM on this node (255 GB). Consider reducing read_threads to avoid OOM.
[WARNING] On host retina-net1.c.mayanas-testing.internal: reader.read_threads=6 x local_ranks=72 = 432 workers, estimated ~216 GB — exceeds 50% of available RAM on this node (255 GB). Consider reducing read_threads to avoid OOM.
[WARNING] On host retina-net1.c.mayanas-testing.internal: reader.read_threads=6 x local_ranks=72 = 432 workers, estimated ~216 GB — exceeds 50% of available RAM on this node (255 GB). Consider reducing read_threads to avoid OOM.
[WARNING] On host retina-net1.c.mayanas-testing.internal: reader.read_threads=6 x local_ranks=72 = 432 workers, estimated ~216 GB — exceeds 50% of available RAM on this node (255 GB). Consider reducing read_threads to avoid OOM.
[WARNING] On host retina-net1.c.mayanas-testing.internal: reader.read_threads=6 x local_ranks=72 = 432 workers, estimated ~216 GB — exceeds 50% of available RAM on this node (255 GB). Consider reducing read_threads to avoid OOM.
[WARNING] On host retina-net1.c.mayanas-testing.internal: reader.read_threads=6 x local_ranks=72 = 432 workers, estimated ~216 GB — exceeds 50% of available RAM on this node (255 GB). Consider reducing read_threads to avoid OOM.
[WARNING] On host retina-net1.c.mayanas-testing.internal: reader.read_threads=6 x local_ranks=72 = 432 workers, estimated ~216 GB — exceeds 50% of available RAM on this node (255 GB). Consider reducing read_threads to avoid OOM.
[WARNING] On host retina-net1.c.mayanas-testing.internal: reader.read_threads=6 x local_ranks=72 = 432 workers, estimated ~216 GB — exceeds 50% of available RAM on this node (255 GB). Consider reducing read_threads to avoid OOM.
[WARNING] On host retina-net1.c.mayanas-testing.internal: reader.read_threads=6 x local_ranks=72 = 432 workers, estimated ~216 GB — exceeds 50% of available RAM on this node (255 GB). Consider reducing read_threads to avoid OOM.
[WARNING] On host retina-net1.c.mayanas-testing.internal: reader.read_threads=6 x local_ranks=72 = 432 workers, estimated ~216 GB — exceeds 50% of available RAM on this node (255 GB). Consider reducing read_threads to avoid OOM.
[WARNING] On host retina-net1.c.mayanas-testing.internal: reader.read_threads=6 x local_ranks=72 = 432 workers, estimated ~216 GB — exceeds 50% of available RAM on this node (255 GB). Consider reducing read_threads to avoid OOM.
[WARNING] On host retina-net1.c.mayanas-testing.internal: reader.read_threads=6 x local_ranks=72 = 432 workers, estimated ~216 GB — exceeds 50% of available RAM on this node (255 GB). Consider reducing read_threads to avoid OOM.
[WARNING] On host retina-net1.c.mayanas-testing.internal: reader.read_threads=6 x local_ranks=72 = 432 workers, estimated ~216 GB — exceeds 50% of available RAM on this node (255 GB). Consider reducing read_threads to avoid OOM.
[WARNING] On host retina-net1.c.mayanas-testing.internal: reader.read_threads=6 x local_ranks=72 = 432 workers, estimated ~216 GB — exceeds 50% of available RAM on this node (255 GB). Consider reducing read_threads to avoid OOM.
[WARNING] On host retina-net1.c.mayanas-testing.internal: reader.read_threads=6 x local_ranks=72 = 432 workers, estimated ~216 GB — exceeds 50% of available RAM on this node (255 GB). Consider reducing read_threads to avoid OOM.
[WARNING] On host retina-net1.c.mayanas-testing.internal: reader.read_threads=6 x local_ranks=72 = 432 workers, estimated ~216 GB — exceeds 50% of available RAM on this node (255 GB). Consider reducing read_threads to avoid OOM.
[WARNING] On host retina-net1.c.mayanas-testing.internal: reader.read_threads=6 x local_ranks=72 = 432 workers, estimated ~216 GB — exceeds 50% of available RAM on this node (255 GB). Consider reducing read_threads to avoid OOM.
[WARNING] On host retina-net1.c.mayanas-testing.internal: reader.read_threads=6 x local_ranks=72 = 432 workers, estimated ~216 GB — exceeds 50% of available RAM on this node (255 GB). Consider reducing read_threads to avoid OOM.
[WARNING] On host retina-net1.c.mayanas-testing.internal: reader.read_threads=6 x local_ranks=72 = 432 workers, estimated ~216 GB — exceeds 50% of available RAM on this node (255 GB). Consider reducing read_threads to avoid OOM.
[WARNING] On host retina-net1.c.mayanas-testing.internal: reader.read_threads=6 x local_ranks=72 = 432 workers, estimated ~216 GB — exceeds 50% of available RAM on this node (255 GB). Consider reducing read_threads to avoid OOM.
[WARNING] On host retina-net1.c.mayanas-testing.internal: reader.read_threads=6 x local_ranks=72 = 432 workers, estimated ~216 GB — exceeds 50% of available RAM on this node (255 GB). Consider reducing read_threads to avoid OOM.
[WARNING] On host retina-net1.c.mayanas-testing.internal: reader.read_threads=6 x local_ranks=72 = 432 workers, estimated ~216 GB — exceeds 50% of available RAM on this node (255 GB). Consider reducing read_threads to avoid OOM.
[WARNING] On host retina-net1.c.mayanas-testing.internal: reader.read_threads=6 x local_ranks=72 = 432 workers, estimated ~216 GB — exceeds 50% of available RAM on this node (255 GB). Consider reducing read_threads to avoid OOM.
[WARNING] On host retina-net1.c.mayanas-testing.internal: reader.read_threads=6 x local_ranks=72 = 432 workers, estimated ~216 GB — exceeds 50% of available RAM on this node (255 GB). Consider reducing read_threads to avoid OOM.
[WARNING] On host retina-net1.c.mayanas-testing.internal: reader.read_threads=6 x local_ranks=72 = 432 workers, estimated ~216 GB — exceeds 50% of available RAM on this node (255 GB). Consider reducing read_threads to avoid OOM.
[WARNING] On host retina-net1.c.mayanas-testing.internal: reader.read_threads=6 x local_ranks=72 = 432 workers, estimated ~216 GB — exceeds 50% of available RAM on this node (255 GB). Consider reducing read_threads to avoid OOM.
[WARNING] On host retina-net1.c.mayanas-testing.internal: reader.read_threads=6 x local_ranks=72 = 432 workers, estimated ~216 GB — exceeds 50% of available RAM on this node (255 GB). Consider reducing read_threads to avoid OOM.
[WARNING] On host retina-net1.c.mayanas-testing.internal: reader.read_threads=6 x local_ranks=72 = 432 workers, estimated ~216 GB — exceeds 50% of available RAM on this node (255 GB). Consider reducing read_threads to avoid OOM.
[WARNING] On host retina-net1.c.mayanas-testing.internal: reader.read_threads=6 x local_ranks=72 = 432 workers, estimated ~216 GB — exceeds 50% of available RAM on this node (255 GB). Consider reducing read_threads to avoid OOM.
[WARNING] On host retina-net1.c.mayanas-testing.internal: reader.read_threads=6 x local_ranks=72 = 432 workers, estimated ~216 GB — exceeds 50% of available RAM on this node (255 GB). Consider reducing read_threads to avoid OOM.
[WARNING] On host retina-net1.c.mayanas-testing.internal: reader.read_threads=6 x local_ranks=72 = 432 workers, estimated ~216 GB — exceeds 50% of available RAM on this node (255 GB). Consider reducing read_threads to avoid OOM.
[WARNING] On host retina-net1.c.mayanas-testing.internal: reader.read_threads=6 x local_ranks=72 = 432 workers, estimated ~216 GB — exceeds 50% of available RAM on this node (255 GB). Consider reducing read_threads to avoid OOM.
[WARNING] On host retina-net1.c.mayanas-testing.internal: reader.read_threads=6 x local_ranks=72 = 432 workers, estimated ~216 GB — exceeds 50% of available RAM on this node (255 GB). Consider reducing read_threads to avoid OOM.
[WARNING] On host retina-net1.c.mayanas-testing.internal: reader.read_threads=6 x local_ranks=72 = 432 workers, estimated ~216 GB — exceeds 50% of available RAM on this node (255 GB). Consider reducing read_threads to avoid OOM.
[WARNING] On host retina-net1.c.mayanas-testing.internal: reader.read_threads=6 x local_ranks=72 = 432 workers, estimated ~216 GB — exceeds 50% of available RAM on this node (255 GB). Consider reducing read_threads to avoid OOM.
[WARNING] On host retina-net1.c.mayanas-testing.internal: reader.read_threads=6 x local_ranks=72 = 432 workers, estimated ~216 GB — exceeds 50% of available RAM on this node (255 GB). Consider reducing read_threads to avoid OOM.
[WARNING] On host retina-net1.c.mayanas-testing.internal: reader.read_threads=6 x local_ranks=72 = 432 workers, estimated ~216 GB — exceeds 50% of available RAM on this node (255 GB). Consider reducing read_threads to avoid OOM.
[WARNING] On host retina-net1.c.mayanas-testing.internal: reader.read_threads=6 x local_ranks=72 = 432 workers, estimated ~216 GB — exceeds 50% of available RAM on this node (255 GB). Consider reducing read_threads to avoid OOM.
[WARNING] On host retina-net1.c.mayanas-testing.internal: reader.read_threads=6 x local_ranks=72 = 432 workers, estimated ~216 GB — exceeds 50% of available RAM on this node (255 GB). Consider reducing read_threads to avoid OOM.
[WARNING] On host retina-net1.c.mayanas-testing.internal: reader.read_threads=6 x local_ranks=72 = 432 workers, estimated ~216 GB — exceeds 50% of available RAM on this node (255 GB). Consider reducing read_threads to avoid OOM.
[WARNING] On host retina-net1.c.mayanas-testing.internal: reader.read_threads=6 x local_ranks=72 = 432 workers, estimated ~216 GB — exceeds 50% of available RAM on this node (255 GB). Consider reducing read_threads to avoid OOM.
[WARNING] On host retina-net1.c.mayanas-testing.internal: reader.read_threads=6 x local_ranks=72 = 432 workers, estimated ~216 GB — exceeds 50% of available RAM on this node (255 GB). Consider reducing read_threads to avoid OOM.
[WARNING] On host retina-net1.c.mayanas-testing.internal: reader.read_threads=6 x local_ranks=72 = 432 workers, estimated ~216 GB — exceeds 50% of available RAM on this node (255 GB). Consider reducing read_threads to avoid OOM.
[WARNING] On host retina-net1.c.mayanas-testing.internal: reader.read_threads=6 x local_ranks=72 = 432 workers, estimated ~216 GB — exceeds 50% of available RAM on this node (255 GB). Consider reducing read_threads to avoid OOM.
[WARNING] On host retina-net1.c.mayanas-testing.internal: reader.read_threads=6 x local_ranks=72 = 432 workers, estimated ~216 GB — exceeds 50% of available RAM on this node (255 GB). Consider reducing read_threads to avoid OOM.
[WARNING] On host retina-net1.c.mayanas-testing.internal: reader.read_threads=6 x local_ranks=72 = 432 workers, estimated ~216 GB — exceeds 50% of available RAM on this node (255 GB). Consider reducing read_threads to avoid OOM.
[WARNING] On host retina-net1.c.mayanas-testing.internal: reader.read_threads=6 x local_ranks=72 = 432 workers, estimated ~216 GB — exceeds 50% of available RAM on this node (255 GB). Consider reducing read_threads to avoid OOM.
[WARNING] On host retina-net1.c.mayanas-testing.internal: reader.read_threads=6 x local_ranks=72 = 432 workers, estimated ~216 GB — exceeds 50% of available RAM on this node (255 GB). Consider reducing read_threads to avoid OOM.
[WARNING] On host retina-net1.c.mayanas-testing.internal: reader.read_threads=6 x local_ranks=72 = 432 workers, estimated ~216 GB — exceeds 50% of available RAM on this node (255 GB). Consider reducing read_threads to avoid OOM.
[WARNING] On host retina-net1.c.mayanas-testing.internal: reader.read_threads=6 x local_ranks=72 = 432 workers, estimated ~216 GB — exceeds 50% of available RAM on this node (255 GB). Consider reducing read_threads to avoid OOM.
[WARNING] On host retina-net1.c.mayanas-testing.internal: reader.read_threads=6 x local_ranks=72 = 432 workers, estimated ~216 GB — exceeds 50% of available RAM on this node (255 GB). Consider reducing read_threads to avoid OOM.
[WARNING] On host retina-net1.c.mayanas-testing.internal: reader.read_threads=6 x local_ranks=72 = 432 workers, estimated ~216 GB — exceeds 50% of available RAM on this node (255 GB). Consider reducing read_threads to avoid OOM.
[WARNING] On host retina-net1.c.mayanas-testing.internal: reader.read_threads=6 x local_ranks=72 = 432 workers, estimated ~216 GB — exceeds 50% of available RAM on this node (255 GB). Consider reducing read_threads to avoid OOM.
[WARNING] On host retina-net1.c.mayanas-testing.internal: reader.read_threads=6 x local_ranks=72 = 432 workers, estimated ~216 GB — exceeds 50% of available RAM on this node (255 GB). Consider reducing read_threads to avoid OOM.
[WARNING] On host retina-net1.c.mayanas-testing.internal: reader.read_threads=6 x local_ranks=72 = 432 workers, estimated ~216 GB — exceeds 50% of available RAM on this node (255 GB). Consider reducing read_threads to avoid OOM.
[WARNING] On host retina-net1.c.mayanas-testing.internal: reader.read_threads=6 x local_ranks=72 = 432 workers, estimated ~216 GB — exceeds 50% of available RAM on this node (255 GB). Consider reducing read_threads to avoid OOM.
[WARNING] On host retina-net1.c.mayanas-testing.internal: reader.read_threads=6 x local_ranks=72 = 432 workers, estimated ~216 GB — exceeds 50% of available RAM on this node (255 GB). Consider reducing read_threads to avoid OOM.
[WARNING] On host retina-net1.c.mayanas-testing.internal: reader.read_threads=6 x local_ranks=72 = 432 workers, estimated ~216 GB — exceeds 50% of available RAM on this node (255 GB). Consider reducing read_threads to avoid OOM.
[WARNING] On host retina-net1.c.mayanas-testing.internal: reader.read_threads=6 x local_ranks=72 = 432 workers, estimated ~216 GB — exceeds 50% of available RAM on this node (255 GB). Consider reducing read_threads to avoid OOM.
[OUTPUT] 2026-06-28T19:13:52.278891 Max steps per epoch per rank: 196251 = 1 * 4710038 / 24 (samples per file * local files / batch size)
[OUTPUT] 2026-06-28T19:13:52.340811 Reshard for epoch 1: 65417 train files, 0 eval files redistributed via alltoall in 0.06s
[OUTPUT] 2026-06-28T19:13:53.127167 Worker pre-warm complete (6 workers spawned)
[OUTPUT] 2026-06-28T19:13:53.479497 Starting epoch 1: 2725 steps expected
[OUTPUT] 2026-06-28T19:13:53.479940 Starting block 1
[OUTPUT] 2026-06-28T19:16:23.285931 Ending block 1 - 2725 steps completed in 149.81 s
[OUTPUT] 2026-06-28T19:16:23.290980 Epoch 1 - Block 1 [Training] Accelerator Utilization [AU] (%): 86.8647
[OUTPUT] 2026-06-28T19:16:23.291082 Epoch 1 - Block 1 [Training] Throughput (samples/second): 31503.2118
[OUTPUT] 2026-06-28T19:16:23.292462 Epoch 1 - Block 1 [Training] Computation time per step (second): 0.0476+/-0.0001 (set value: {'mean': 0.04755})
[OUTPUT] 2026-06-28T19:16:23.306282 Ending epoch 1 - 2725 steps completed in 149.83 s
[OUTPUT] 2026-06-28T19:16:23.376100 Reshard for epoch 2: 65417 train files, 0 eval files redistributed via alltoall in 0.07s
[OUTPUT] 2026-06-28T19:16:24.001970 Worker pre-warm complete for epoch 2 (6 workers spawned)
[WARNING] Page cache flush did not finish within 30s (epoch 2). The next epoch will retry. If this recurs, raise the ceiling with DLIO_DROP_CACHES_TIMEOUT=<seconds> (e.g. 300).
[OUTPUT] 2026-06-28T19:16:54.039036 Starting epoch 2: 2725 steps expected
[OUTPUT] 2026-06-28T19:16:54.039336 Starting block 1
[OUTPUT] 2026-06-28T19:19:23.874125 Ending block 1 - 2725 steps completed in 149.83 s
[OUTPUT] 2026-06-28T19:19:23.876711 Epoch 2 - Block 1 [Training] Accelerator Utilization [AU] (%): 86.9245
[OUTPUT] 2026-06-28T19:19:23.876782 Epoch 2 - Block 1 [Training] Throughput (samples/second): 31525.5190
[OUTPUT] 2026-06-28T19:19:23.877163 Epoch 2 - Block 1 [Training] Computation time per step (second): 0.0476+/-0.0001 (set value: {'mean': 0.04755})
[OUTPUT] 2026-06-28T19:19:23.901283 Ending epoch 2 - 2725 steps completed in 149.86 s
[OUTPUT] 2026-06-28T19:19:23.972569 Reshard for epoch 3: 65417 train files, 0 eval files redistributed via alltoall in 0.07s
[OUTPUT] 2026-06-28T19:19:24.670986 Worker pre-warm complete for epoch 3 (6 workers spawned)
[WARNING] Page cache flush timed out again at 30s (epoch 3); see earlier warning for remediation.
[OUTPUT] 2026-06-28T19:19:54.710036 Starting epoch 3: 2725 steps expected
[OUTPUT] 2026-06-28T19:19:54.710410 Starting block 1
[OUTPUT] 2026-06-28T19:22:24.782080 Ending block 1 - 2725 steps completed in 150.07 s
[OUTPUT] 2026-06-28T19:22:24.786713 Epoch 3 - Block 1 [Training] Accelerator Utilization [AU] (%): 86.7876
[OUTPUT] 2026-06-28T19:22:24.786775 Epoch 3 - Block 1 [Training] Throughput (samples/second): 31475.7496
[OUTPUT] 2026-06-28T19:22:24.787146 Epoch 3 - Block 1 [Training] Computation time per step (second): 0.0476+/-0.0001 (set value: {'mean': 0.04755})
[OUTPUT] 2026-06-28T19:22:24.814490 Ending epoch 3 - 2725 steps completed in 150.10 s
[OUTPUT] 2026-06-28T19:22:24.888472 Reshard for epoch 4: 65417 train files, 0 eval files redistributed via alltoall in 0.07s
[OUTPUT] 2026-06-28T19:22:25.439278 Worker pre-warm complete for epoch 4 (6 workers spawned)
[WARNING] Page cache flush timed out again at 30s (epoch 4); see earlier warning for remediation.
[OUTPUT] 2026-06-28T19:22:55.477422 Starting epoch 4: 2725 steps expected
[OUTPUT] 2026-06-28T19:22:55.477786 Starting block 1
[OUTPUT] 2026-06-28T19:25:25.461889 Ending block 1 - 2725 steps completed in 149.98 s
[OUTPUT] 2026-06-28T19:25:25.464282 Epoch 4 - Block 1 [Training] Accelerator Utilization [AU] (%): 86.8192
[OUTPUT] 2026-06-28T19:25:25.464407 Epoch 4 - Block 1 [Training] Throughput (samples/second): 31485.1642
[OUTPUT] 2026-06-28T19:25:25.464712 Epoch 4 - Block 1 [Training] Computation time per step (second): 0.0476+/-0.0001 (set value: {'mean': 0.04755})
[OUTPUT] 2026-06-28T19:25:25.532420 Ending epoch 4 - 2725 steps completed in 150.05 s
[OUTPUT] 2026-06-28T19:25:25.604592 Reshard for epoch 5: 65417 train files, 0 eval files redistributed via alltoall in 0.07s
[OUTPUT] 2026-06-28T19:25:26.203082 Worker pre-warm complete for epoch 5 (6 workers spawned)
[WARNING] Page cache flush timed out again at 30s (epoch 5); see earlier warning for remediation.
[OUTPUT] 2026-06-28T19:25:56.240360 Starting epoch 5: 2725 steps expected
[OUTPUT] 2026-06-28T19:25:56.240681 Starting block 1
[OUTPUT] 2026-06-28T19:28:26.587922 Ending block 1 - 2725 steps completed in 150.35 s
[OUTPUT] 2026-06-28T19:28:26.590914 Epoch 5 - Block 1 [Training] Accelerator Utilization [AU] (%): 86.5068
[OUTPUT] 2026-06-28T19:28:26.591036 Epoch 5 - Block 1 [Training] Throughput (samples/second): 31374.0610
[OUTPUT] 2026-06-28T19:28:26.591437 Epoch 5 - Block 1 [Training] Computation time per step (second): 0.0476+/-0.0001 (set value: {'mean': 0.04755})
[OUTPUT] 2026-06-28T19:28:26.603130 Ending epoch 5 - 2725 steps completed in 150.36 s
[OUTPUT] 2026-06-28T19:28:26.678163 Reshard for epoch 6: 65417 train files, 0 eval files redistributed via alltoall in 0.07s
[OUTPUT] 2026-06-28T19:28:27.313610 Worker pre-warm complete for epoch 6 (6 workers spawned)
[WARNING] Page cache flush timed out again at 30s (epoch 6); see earlier warning for remediation.
[OUTPUT] 2026-06-28T19:28:57.348978 Starting epoch 6: 2725 steps expected
[OUTPUT] 2026-06-28T19:28:57.349452 Starting block 1
[OUTPUT] 2026-06-28T19:31:27.981653 Ending block 1 - 2725 steps completed in 150.63 s
[OUTPUT] 2026-06-28T19:31:27.985071 Epoch 6 - Block 1 [Training] Accelerator Utilization [AU] (%): 86.4657
[OUTPUT] 2026-06-28T19:31:27.985131 Epoch 6 - Block 1 [Training] Throughput (samples/second): 31358.5737
[OUTPUT] 2026-06-28T19:31:27.985474 Epoch 6 - Block 1 [Training] Computation time per step (second): 0.0476+/-0.0001 (set value: {'mean': 0.04755})
[OUTPUT] 2026-06-28T19:31:27.993569 Ending epoch 6 - 2725 steps completed in 150.64 s
[OUTPUT] 2026-06-28T19:31:28.069864 Reshard for epoch 7: 65417 train files, 0 eval files redistributed via alltoall in 0.08s
[OUTPUT] 2026-06-28T19:31:28.746867 Worker pre-warm complete for epoch 7 (6 workers spawned)
[WARNING] Page cache flush timed out again at 30s (epoch 7); see earlier warning for remediation.
[OUTPUT] 2026-06-28T19:31:58.781977 Starting epoch 7: 2725 steps expected
[OUTPUT] 2026-06-28T19:31:58.782339 Starting block 1
[OUTPUT] 2026-06-28T19:34:28.877419 Ending block 1 - 2725 steps completed in 150.10 s
[OUTPUT] 2026-06-28T19:34:28.881710 Epoch 7 - Block 1 [Training] Accelerator Utilization [AU] (%): 86.7884
[OUTPUT] 2026-06-28T19:34:28.881805 Epoch 7 - Block 1 [Training] Throughput (samples/second): 31474.8996
[OUTPUT] 2026-06-28T19:34:28.882146 Epoch 7 - Block 1 [Training] Computation time per step (second): 0.0476+/-0.0001 (set value: {'mean': 0.04755})
[OUTPUT] 2026-06-28T19:34:28.900747 Ending epoch 7 - 2725 steps completed in 150.12 s
[OUTPUT] 2026-06-28T19:34:28.981785 Reshard for epoch 8: 65417 train files, 0 eval files redistributed via alltoall in 0.08s
[OUTPUT] 2026-06-28T19:34:29.534961 Worker pre-warm complete for epoch 8 (6 workers spawned)
[WARNING] Page cache flush timed out again at 30s (epoch 8); see earlier warning for remediation.
[OUTPUT] 2026-06-28T19:34:59.568963 Starting epoch 8: 2725 steps expected
[OUTPUT] 2026-06-28T19:34:59.569342 Starting block 1
[OUTPUT] 2026-06-28T19:37:30.008306 Ending block 1 - 2725 steps completed in 150.44 s
[OUTPUT] 2026-06-28T19:37:30.012520 Epoch 8 - Block 1 [Training] Accelerator Utilization [AU] (%): 86.5765
[OUTPUT] 2026-06-28T19:37:30.012625 Epoch 8 - Block 1 [Training] Throughput (samples/second): 31398.7712
[OUTPUT] 2026-06-28T19:37:30.013036 Epoch 8 - Block 1 [Training] Computation time per step (second): 0.0476+/-0.0001 (set value: {'mean': 0.04755})
[OUTPUT] 2026-06-28T19:37:30.031474 Ending epoch 8 - 2725 steps completed in 150.46 s
[OUTPUT] 2026-06-28T19:37:30.126408 Reshard for epoch 9: 65417 train files, 0 eval files redistributed via alltoall in 0.09s
[OUTPUT] 2026-06-28T19:37:30.689509 Worker pre-warm complete for epoch 9 (6 workers spawned)
[WARNING] Page cache flush timed out in 7 of 8 epochs. Reads in those epochs may have been served from the OS buffer cache; consider raising DLIO_DROP_CACHES_TIMEOUT for future runs.
[OUTPUT] 2026-06-28T19:37:30.845718 Saved outputs in /home/mayascale/mlperf-runs/retinanet-1cluster/closed/ZettaLane/results/mayascale-gcp_c4hc144_n2hc64_1c_2s/training/retinanet/run/20260628_191336
[OUTPUT] Averaged metric over all steps/epochs
[METRIC] ==========================================================
[METRIC] Number of Simulated Accelerators: 72 
[METRIC] Training Accelerator Utilization [AU] (%): 86.6854 (0.1677)
[METRIC] Training Throughput (samples/second): 31437.8309 (61.0389)
[METRIC] Training I/O Throughput (MiB/second): 9682.7198 (18.7997)
[METRIC] train_au_meet_expectation: success
[METRIC] ==========================================================

[OUTPUT] 2026-06-28T19:37:30.887438 outputs saved in RANKID_output.json
