[OUTPUT] [DEBUG DLIOBenchmark.__init__] After LoadConfig:
[OUTPUT]   storage_type   = <StorageType.LOCAL_FS: 'local_fs'>
[OUTPUT]   storage_root   = './'
[OUTPUT]   storage_options= None
[OUTPUT]   data_folder    = '/mnt/mlp/unet3d_data/unet3d'
[OUTPUT]   framework      = <FrameworkType.PYTORCH: 'pytorch'>
[OUTPUT]   num_files_train= 37500
[OUTPUT]   record_length  = 146600628
[OUTPUT]   generate_data  = False
[OUTPUT]   do_train       = True
[OUTPUT]   do_checkpoint  = False
[OUTPUT]   epochs         = 5
[OUTPUT]   batch_size     = 7
[OUTPUT] 2026-07-09T03:29:09.562153 Running DLIO [Training] with 4 process(es)
[OUTPUT] 2026-07-09T03:29:09.601151 skip_listing [train]: validating 37,500 of 37,500 files (first, last, every 1) via HEAD requests ...
[OUTPUT] 2026-07-09T03:29:09.718266 skip_listing [train]:   500/37,500 checked (1%)  —  4275 checks/s  —  ETA 9s  —  0 failed so far
[OUTPUT] 2026-07-09T03:29:09.840692 skip_listing [train]:   1,000/37,500 checked (3%)  —  4177 checks/s  —  ETA 9s  —  0 failed so far
[OUTPUT] 2026-07-09T03:29:09.967554 skip_listing [train]:   1,500/37,500 checked (4%)  —  4095 checks/s  —  ETA 9s  —  0 failed so far
[OUTPUT] 2026-07-09T03:29:10.100253 skip_listing [train]:   2,000/37,500 checked (5%)  —  4008 checks/s  —  ETA 9s  —  0 failed so far
[OUTPUT] 2026-07-09T03:29:10.218627 skip_listing [train]:   2,500/37,500 checked (7%)  —  4049 checks/s  —  ETA 9s  —  0 failed so far
[OUTPUT] 2026-07-09T03:29:10.336849 skip_listing [train]:   3,000/37,500 checked (8%)  —  4078 checks/s  —  ETA 8s  —  0 failed so far
[OUTPUT] 2026-07-09T03:29:10.450008 skip_listing [train]:   3,500/37,500 checked (9%)  —  4124 checks/s  —  ETA 8s  —  0 failed so far
[OUTPUT] 2026-07-09T03:29:10.563155 skip_listing [train]:   4,000/37,500 checked (11%)  —  4158 checks/s  —  ETA 8s  —  0 failed so far
[OUTPUT] 2026-07-09T03:29:10.680315 skip_listing [train]:   4,500/37,500 checked (12%)  —  4170 checks/s  —  ETA 8s  —  0 failed so far
[OUTPUT] 2026-07-09T03:29:10.802698 skip_listing [train]:   5,000/37,500 checked (13%)  —  4162 checks/s  —  ETA 8s  —  0 failed so far
[OUTPUT] 2026-07-09T03:29:10.922386 skip_listing [train]:   5,500/37,500 checked (15%)  —  4163 checks/s  —  ETA 8s  —  0 failed so far
[OUTPUT] 2026-07-09T03:29:11.039635 skip_listing [train]:   6,000/37,500 checked (16%)  —  4171 checks/s  —  ETA 8s  —  0 failed so far
[OUTPUT] 2026-07-09T03:29:11.156892 skip_listing [train]:   6,500/37,500 checked (17%)  —  4178 checks/s  —  ETA 7s  —  0 failed so far
[OUTPUT] 2026-07-09T03:29:11.273498 skip_listing [train]:   7,000/37,500 checked (19%)  —  4186 checks/s  —  ETA 7s  —  0 failed so far
[OUTPUT] 2026-07-09T03:29:11.389052 skip_listing [train]:   7,500/37,500 checked (20%)  —  4195 checks/s  —  ETA 7s  —  0 failed so far
[OUTPUT] 2026-07-09T03:29:11.504822 skip_listing [train]:   8,000/37,500 checked (21%)  —  4203 checks/s  —  ETA 7s  —  0 failed so far
[OUTPUT] 2026-07-09T03:29:11.621828 skip_listing [train]:   8,500/37,500 checked (23%)  —  4207 checks/s  —  ETA 7s  —  0 failed so far
[OUTPUT] 2026-07-09T03:29:11.738138 skip_listing [train]:   9,000/37,500 checked (24%)  —  4212 checks/s  —  ETA 7s  —  0 failed so far
[OUTPUT] 2026-07-09T03:29:11.854319 skip_listing [train]:   9,500/37,500 checked (25%)  —  4216 checks/s  —  ETA 7s  —  0 failed so far
[OUTPUT] 2026-07-09T03:29:11.969781 skip_listing [train]:   10,000/37,500 checked (27%)  —  4222 checks/s  —  ETA 7s  —  0 failed so far
[OUTPUT] 2026-07-09T03:29:12.085672 skip_listing [train]:   10,500/37,500 checked (28%)  —  4226 checks/s  —  ETA 6s  —  0 failed so far
[OUTPUT] 2026-07-09T03:29:12.200614 skip_listing [train]:   11,000/37,500 checked (29%)  —  4232 checks/s  —  ETA 6s  —  0 failed so far
[OUTPUT] 2026-07-09T03:29:12.316325 skip_listing [train]:   11,500/37,500 checked (31%)  —  4236 checks/s  —  ETA 6s  —  0 failed so far
[OUTPUT] 2026-07-09T03:29:12.431779 skip_listing [train]:   12,000/37,500 checked (32%)  —  4240 checks/s  —  ETA 6s  —  0 failed so far
[OUTPUT] 2026-07-09T03:29:12.546973 skip_listing [train]:   12,500/37,500 checked (33%)  —  4243 checks/s  —  ETA 6s  —  0 failed so far
[OUTPUT] 2026-07-09T03:29:12.660684 skip_listing [train]:   13,000/37,500 checked (35%)  —  4249 checks/s  —  ETA 6s  —  0 failed so far
[OUTPUT] 2026-07-09T03:29:12.775769 skip_listing [train]:   13,500/37,500 checked (36%)  —  4253 checks/s  —  ETA 6s  —  0 failed so far
[OUTPUT] 2026-07-09T03:29:12.891487 skip_listing [train]:   14,000/37,500 checked (37%)  —  4255 checks/s  —  ETA 6s  —  0 failed so far
[OUTPUT] 2026-07-09T03:29:13.007087 skip_listing [train]:   14,500/37,500 checked (39%)  —  4257 checks/s  —  ETA 5s  —  0 failed so far
[OUTPUT] 2026-07-09T03:29:13.126911 skip_listing [train]:   15,000/37,500 checked (40%)  —  4255 checks/s  —  ETA 5s  —  0 failed so far
[OUTPUT] 2026-07-09T03:29:13.242884 skip_listing [train]:   15,500/37,500 checked (41%)  —  4256 checks/s  —  ETA 5s  —  0 failed so far
[OUTPUT] 2026-07-09T03:29:13.359982 skip_listing [train]:   16,000/37,500 checked (43%)  —  4257 checks/s  —  ETA 5s  —  0 failed so far
[OUTPUT] 2026-07-09T03:29:13.477345 skip_listing [train]:   16,500/37,500 checked (44%)  —  4257 checks/s  —  ETA 5s  —  0 failed so far
[OUTPUT] 2026-07-09T03:29:13.595133 skip_listing [train]:   17,000/37,500 checked (45%)  —  4257 checks/s  —  ETA 5s  —  0 failed so far
[OUTPUT] 2026-07-09T03:29:13.711576 skip_listing [train]:   17,500/37,500 checked (47%)  —  4258 checks/s  —  ETA 5s  —  0 failed so far
[OUTPUT] 2026-07-09T03:29:13.827338 skip_listing [train]:   18,000/37,500 checked (48%)  —  4259 checks/s  —  ETA 5s  —  0 failed so far
[OUTPUT] 2026-07-09T03:29:13.942439 skip_listing [train]:   18,500/37,500 checked (49%)  —  4262 checks/s  —  ETA 4s  —  0 failed so far
[OUTPUT] 2026-07-09T03:29:14.058205 skip_listing [train]:   19,000/37,500 checked (51%)  —  4263 checks/s  —  ETA 4s  —  0 failed so far
[OUTPUT] 2026-07-09T03:29:14.173227 skip_listing [train]:   19,500/37,500 checked (52%)  —  4265 checks/s  —  ETA 4s  —  0 failed so far
[OUTPUT] 2026-07-09T03:29:14.288938 skip_listing [train]:   20,000/37,500 checked (53%)  —  4267 checks/s  —  ETA 4s  —  0 failed so far
[OUTPUT] 2026-07-09T03:29:14.405085 skip_listing [train]:   20,500/37,500 checked (55%)  —  4267 checks/s  —  ETA 4s  —  0 failed so far
[OUTPUT] 2026-07-09T03:29:14.521552 skip_listing [train]:   21,000/37,500 checked (56%)  —  4268 checks/s  —  ETA 4s  —  0 failed so far
[OUTPUT] 2026-07-09T03:29:14.637645 skip_listing [train]:   21,500/37,500 checked (57%)  —  4269 checks/s  —  ETA 4s  —  0 failed so far
[OUTPUT] 2026-07-09T03:29:14.753306 skip_listing [train]:   22,000/37,500 checked (59%)  —  4270 checks/s  —  ETA 4s  —  0 failed so far
[OUTPUT] 2026-07-09T03:29:14.868757 skip_listing [train]:   22,500/37,500 checked (60%)  —  4271 checks/s  —  ETA 4s  —  0 failed so far
[OUTPUT] 2026-07-09T03:29:14.984058 skip_listing [train]:   23,000/37,500 checked (61%)  —  4273 checks/s  —  ETA 3s  —  0 failed so far
[OUTPUT] 2026-07-09T03:29:15.099694 skip_listing [train]:   23,500/37,500 checked (63%)  —  4274 checks/s  —  ETA 3s  —  0 failed so far
[OUTPUT] 2026-07-09T03:29:15.214588 skip_listing [train]:   24,000/37,500 checked (64%)  —  4276 checks/s  —  ETA 3s  —  0 failed so far
[OUTPUT] 2026-07-09T03:29:15.330434 skip_listing [train]:   24,500/37,500 checked (65%)  —  4276 checks/s  —  ETA 3s  —  0 failed so far
[OUTPUT] 2026-07-09T03:29:15.446023 skip_listing [train]:   25,000/37,500 checked (67%)  —  4277 checks/s  —  ETA 3s  —  0 failed so far
[OUTPUT] 2026-07-09T03:29:15.562161 skip_listing [train]:   25,500/37,500 checked (68%)  —  4278 checks/s  —  ETA 3s  —  0 failed so far
[OUTPUT] 2026-07-09T03:29:15.677484 skip_listing [train]:   26,000/37,500 checked (69%)  —  4279 checks/s  —  ETA 3s  —  0 failed so far
[OUTPUT] 2026-07-09T03:29:15.794681 skip_listing [train]:   26,500/37,500 checked (71%)  —  4279 checks/s  —  ETA 3s  —  0 failed so far
[OUTPUT] 2026-07-09T03:29:15.909895 skip_listing [train]:   27,000/37,500 checked (72%)  —  4280 checks/s  —  ETA 2s  —  0 failed so far
[OUTPUT] 2026-07-09T03:29:16.025292 skip_listing [train]:   27,500/37,500 checked (73%)  —  4281 checks/s  —  ETA 2s  —  0 failed so far
[OUTPUT] 2026-07-09T03:29:16.140622 skip_listing [train]:   28,000/37,500 checked (75%)  —  4282 checks/s  —  ETA 2s  —  0 failed so far
[OUTPUT] 2026-07-09T03:29:16.257561 skip_listing [train]:   28,500/37,500 checked (76%)  —  4282 checks/s  —  ETA 2s  —  0 failed so far
[OUTPUT] 2026-07-09T03:29:16.377743 skip_listing [train]:   29,000/37,500 checked (77%)  —  4280 checks/s  —  ETA 2s  —  0 failed so far
[OUTPUT] 2026-07-09T03:29:16.497552 skip_listing [train]:   29,500/37,500 checked (79%)  —  4278 checks/s  —  ETA 2s  —  0 failed so far
[OUTPUT] 2026-07-09T03:29:16.610890 skip_listing [train]:   30,000/37,500 checked (80%)  —  4280 checks/s  —  ETA 2s  —  0 failed so far
[OUTPUT] 2026-07-09T03:29:16.736516 skip_listing [train]:   30,500/37,500 checked (81%)  —  4275 checks/s  —  ETA 2s  —  0 failed so far
[OUTPUT] 2026-07-09T03:29:16.865113 skip_listing [train]:   31,000/37,500 checked (83%)  —  4268 checks/s  —  ETA 2s  —  0 failed so far
[OUTPUT] 2026-07-09T03:29:16.978170 skip_listing [train]:   31,500/37,500 checked (84%)  —  4270 checks/s  —  ETA 1s  —  0 failed so far
[OUTPUT] 2026-07-09T03:29:17.089818 skip_listing [train]:   32,000/37,500 checked (85%)  —  4273 checks/s  —  ETA 1s  —  0 failed so far
[OUTPUT] 2026-07-09T03:29:17.194602 skip_listing [train]:   32,500/37,500 checked (87%)  —  4280 checks/s  —  ETA 1s  —  0 failed so far
[OUTPUT] 2026-07-09T03:29:17.291873 skip_listing [train]:   33,000/37,500 checked (88%)  —  4291 checks/s  —  ETA 1s  —  0 failed so far
[OUTPUT] 2026-07-09T03:29:17.390566 skip_listing [train]:   33,500/37,500 checked (89%)  —  4301 checks/s  —  ETA 1s  —  0 failed so far
[OUTPUT] 2026-07-09T03:29:17.490606 skip_listing [train]:   34,000/37,500 checked (91%)  —  4310 checks/s  —  ETA 1s  —  0 failed so far
[OUTPUT] 2026-07-09T03:29:17.588388 skip_listing [train]:   34,500/37,500 checked (92%)  —  4319 checks/s  —  ETA 1s  —  0 failed so far
[OUTPUT] 2026-07-09T03:29:17.686979 skip_listing [train]:   35,000/37,500 checked (93%)  —  4329 checks/s  —  ETA 1s  —  0 failed so far
[OUTPUT] 2026-07-09T03:29:17.785969 skip_listing [train]:   35,500/37,500 checked (95%)  —  4337 checks/s  —  ETA 0s  —  0 failed so far
[OUTPUT] 2026-07-09T03:29:17.884771 skip_listing [train]:   36,000/37,500 checked (96%)  —  4346 checks/s  —  ETA 0s  —  0 failed so far
[OUTPUT] 2026-07-09T03:29:17.982852 skip_listing [train]:   36,500/37,500 checked (97%)  —  4355 checks/s  —  ETA 0s  —  0 failed so far
[OUTPUT] 2026-07-09T03:29:18.090179 skip_listing [train]:   37,000/37,500 checked (99%)  —  4359 checks/s  —  ETA 0s  —  0 failed so far
[OUTPUT] 2026-07-09T03:29:18.189801 skip_listing [train]: validation complete — all 37,500 samples exist (8.6s, 4366 checks/s); 9,375 URIs ready for rank 0 (37,500 total across all ranks)
[OUTPUT] 2026-07-09T03:29:18.190521 File listing [train]: 37500 files discovered, 9375 assigned to rank 0, completed in 8.61s
[OUTPUT] 2026-07-09T03:29:18.190665 skip_listing [valid]: generated 0 file URIs deterministically (0 total — validation disabled)
[OUTPUT] 2026-07-09T03:29:18.190775 File listing [valid]: 0 files discovered, 0 assigned to rank 0, completed in 0.00s
[OUTPUT] 2026-07-09T03:29:18.190856 Streamed file sharding: 37500 train files across 4 ranks via round-robin (rank 0 shard: 9375 files)
[OUTPUT] 2026-07-09T03:29:18.209589 Max steps per epoch per rank: 5357 = 1 * 37500 / 7 (samples per file * local files / batch size)
[OUTPUT] 2026-07-09T03:29:18.220888 Reshard for epoch 1: 9375 train files, 0 eval files redistributed via alltoall in 0.01s
[OUTPUT] 2026-07-09T03:29:36.377610 Worker pre-warm complete (100 workers spawned)
[OUTPUT] 2026-07-09T03:29:36.819371 Starting epoch 1: 1339 steps expected
[OUTPUT] 2026-07-09T03:29:36.819668 Starting block 1
[OUTPUT] 2026-07-09T03:33:48.824271 Ending block 1 - 1339 steps completed in 252.00 s
[OUTPUT] 2026-07-09T03:33:48.827980 Epoch 1 - Block 1 [Training] Accelerator Utilization [AU] (%): 91.2821
[OUTPUT] 2026-07-09T03:33:48.828039 Epoch 1 - Block 1 [Training] Throughput (samples/second): 157.6663
[OUTPUT] 2026-07-09T03:33:48.828874 Epoch 1 - Block 1 [Training] Computation time per step (second): 0.1621+/-0.0000 (set value: {'mean': 0.162})
[OUTPUT] 2026-07-09T03:33:48.833571 Ending epoch 1 - 1339 steps completed in 252.01 s
[OUTPUT] 2026-07-09T03:33:48.840757 Reshard for epoch 2: 9375 train files, 0 eval files redistributed via alltoall in 0.01s
[OUTPUT] 2026-07-09T03:34:06.611236 Worker pre-warm complete for epoch 2 (100 workers spawned)
[OUTPUT] 2026-07-09T03:34:07.095158 Starting epoch 2: 1339 steps expected
[OUTPUT] 2026-07-09T03:34:07.095809 Starting block 1
[OUTPUT] 2026-07-09T03:38:19.035194 Ending block 1 - 1339 steps completed in 251.94 s
[OUTPUT] 2026-07-09T03:38:19.036903 Epoch 2 - Block 1 [Training] Accelerator Utilization [AU] (%): 91.0799
[OUTPUT] 2026-07-09T03:38:19.036952 Epoch 2 - Block 1 [Training] Throughput (samples/second): 157.3189
[OUTPUT] 2026-07-09T03:38:19.037210 Epoch 2 - Block 1 [Training] Computation time per step (second): 0.1621+/-0.0000 (set value: {'mean': 0.162})
[OUTPUT] 2026-07-09T03:38:19.041253 Ending epoch 2 - 1339 steps completed in 251.95 s
[OUTPUT] 2026-07-09T03:38:19.048542 Reshard for epoch 3: 9375 train files, 0 eval files redistributed via alltoall in 0.01s
[OUTPUT] 2026-07-09T03:38:37.041193 Worker pre-warm complete for epoch 3 (100 workers spawned)
[OUTPUT] 2026-07-09T03:38:37.399912 Starting epoch 3: 1339 steps expected
[OUTPUT] 2026-07-09T03:38:37.400169 Starting block 1
[OUTPUT] 2026-07-09T03:42:49.845656 Ending block 1 - 1339 steps completed in 252.45 s
[OUTPUT] 2026-07-09T03:42:49.847301 Epoch 3 - Block 1 [Training] Accelerator Utilization [AU] (%): 90.9202
[OUTPUT] 2026-07-09T03:42:49.847355 Epoch 3 - Block 1 [Training] Throughput (samples/second): 157.0413
[OUTPUT] 2026-07-09T03:42:49.847595 Epoch 3 - Block 1 [Training] Computation time per step (second): 0.1621+/-0.0000 (set value: {'mean': 0.162})
[OUTPUT] 2026-07-09T03:42:49.851488 Ending epoch 3 - 1339 steps completed in 252.45 s
[OUTPUT] 2026-07-09T03:42:49.860178 Reshard for epoch 4: 9375 train files, 0 eval files redistributed via alltoall in 0.01s
[OUTPUT] 2026-07-09T03:43:05.352149 Worker pre-warm complete for epoch 4 (100 workers spawned)
[OUTPUT] 2026-07-09T03:43:07.804213 Starting epoch 4: 1339 steps expected
[OUTPUT] 2026-07-09T03:43:07.805056 Starting block 1
[OUTPUT] 2026-07-09T03:47:20.716977 Ending block 1 - 1339 steps completed in 252.91 s
[OUTPUT] 2026-07-09T03:47:20.719167 Epoch 4 - Block 1 [Training] Accelerator Utilization [AU] (%): 91.2581
[OUTPUT] 2026-07-09T03:47:20.719217 Epoch 4 - Block 1 [Training] Throughput (samples/second): 157.6247
[OUTPUT] 2026-07-09T03:47:20.719507 Epoch 4 - Block 1 [Training] Computation time per step (second): 0.1621+/-0.0000 (set value: {'mean': 0.162})
[OUTPUT] 2026-07-09T03:47:20.724268 Ending epoch 4 - 1339 steps completed in 252.92 s
[OUTPUT] 2026-07-09T03:47:20.731341 Reshard for epoch 5: 9375 train files, 0 eval files redistributed via alltoall in 0.01s
[OUTPUT] 2026-07-09T03:47:37.502870 Worker pre-warm complete for epoch 5 (100 workers spawned)
[OUTPUT] 2026-07-09T03:47:38.020984 Starting epoch 5: 1339 steps expected
[OUTPUT] 2026-07-09T03:47:38.021377 Starting block 1
[OUTPUT] 2026-07-09T03:51:50.999862 Ending block 1 - 1339 steps completed in 252.98 s
[OUTPUT] 2026-07-09T03:51:51.002003 Epoch 5 - Block 1 [Training] Accelerator Utilization [AU] (%): 90.8382
[OUTPUT] 2026-07-09T03:51:51.002051 Epoch 5 - Block 1 [Training] Throughput (samples/second): 156.8971
[OUTPUT] 2026-07-09T03:51:51.002315 Epoch 5 - Block 1 [Training] Computation time per step (second): 0.1621+/-0.0000 (set value: {'mean': 0.162})
[OUTPUT] 2026-07-09T03:51:51.005263 Ending epoch 5 - 1339 steps completed in 252.98 s
[OUTPUT] 2026-07-09T03:51:51.014344 Reshard for epoch 6: 9375 train files, 0 eval files redistributed via alltoall in 0.01s
[OUTPUT] 2026-07-09T03:52:06.968497 Worker pre-warm complete for epoch 6 (100 workers spawned)
[OUTPUT] 2026-07-09T03:52:08.518527 Saved outputs in /tmp/mlperf_storage_results_1t_4acc_100reader_37500_new/closed/holmesai_limited/results/StorMeshAI/training/unet3d/run/20260709_032904
[OUTPUT] Averaged metric over all steps/epochs
[METRIC] ==========================================================
[METRIC] Number of Simulated Accelerators: 4 
[METRIC] Training Accelerator Utilization [AU] (%): 90.8520 (0.0824)
[METRIC] Training Throughput (samples/second): 156.9183 (0.1425)
[METRIC] Training I/O Throughput (MiB/second): 21938.6325 (19.9224)
[METRIC] train_au_meet_expectation: success
[METRIC] ==========================================================

[OUTPUT] 2026-07-09T03:52:08.538714 outputs saved in RANKID_output.json
