[OUTPUT] [DEBUG DLIOBenchmark.__init__] After LoadConfig:
[OUTPUT]   storage_type   = <StorageType.LOCAL_FS: 'local_fs'>
[OUTPUT]   storage_root   = './'
[OUTPUT]   storage_options= None
[OUTPUT]   data_folder    = '/mnt/glfs/GalaxSphere-3Tier0/training/retinanet'
[OUTPUT]   framework      = <FrameworkType.PYTORCH: 'pytorch'>
[OUTPUT]   num_files_train= 15958659
[OUTPUT]   record_length  = 322957
[OUTPUT]   generate_data  = False
[OUTPUT]   do_train       = True
[OUTPUT]   do_checkpoint  = False
[OUTPUT]   epochs         = 8
[OUTPUT]   batch_size     = 24
[OUTPUT] 2026-07-13T23:53:33.671868 Running DLIO [Training] with 153 process(es)
[OUTPUT] 2026-07-13T23:53:33.929169 skip_listing [train]: validating 15,960 of 15,958,659 files (first, last, every 1,000) via HEAD requests ...
[OUTPUT] 2026-07-13T23:53:33.933896 skip_listing [train]:   500/15,960 checked (3%)  —  109403 checks/s  —  ETA 0s  —  0 failed so far
[OUTPUT] 2026-07-13T23:53:33.936413 skip_listing [train]:   1,000/15,960 checked (6%)  —  141061 checks/s  —  ETA 0s  —  0 failed so far
[OUTPUT] 2026-07-13T23:53:33.938870 skip_listing [train]:   1,500/15,960 checked (9%)  —  157102 checks/s  —  ETA 0s  —  0 failed so far
[OUTPUT] 2026-07-13T23:53:33.941302 skip_listing [train]:   2,000/15,960 checked (13%)  —  166947 checks/s  —  ETA 0s  —  0 failed so far
[OUTPUT] 2026-07-13T23:53:33.943724 skip_listing [train]:   2,500/15,960 checked (16%)  —  173591 checks/s  —  ETA 0s  —  0 failed so far
[OUTPUT] 2026-07-13T23:53:33.946147 skip_listing [train]:   3,000/15,960 checked (19%)  —  178299 checks/s  —  ETA 0s  —  0 failed so far
[OUTPUT] 2026-07-13T23:53:33.948572 skip_listing [train]:   3,500/15,960 checked (22%)  —  181821 checks/s  —  ETA 0s  —  0 failed so far
[OUTPUT] 2026-07-13T23:53:33.950991 skip_listing [train]:   4,000/15,960 checked (25%)  —  184590 checks/s  —  ETA 0s  —  0 failed so far
[OUTPUT] 2026-07-13T23:53:33.953389 skip_listing [train]:   4,500/15,960 checked (28%)  —  186975 checks/s  —  ETA 0s  —  0 failed so far
[OUTPUT] 2026-07-13T23:53:33.955806 skip_listing [train]:   5,000/15,960 checked (31%)  —  188786 checks/s  —  ETA 0s  —  0 failed so far
[OUTPUT] 2026-07-13T23:53:33.958211 skip_listing [train]:   5,500/15,960 checked (34%)  —  190380 checks/s  —  ETA 0s  —  0 failed so far
[OUTPUT] 2026-07-13T23:53:33.960620 skip_listing [train]:   6,000/15,960 checked (38%)  —  191706 checks/s  —  ETA 0s  —  0 failed so far
[OUTPUT] 2026-07-13T23:53:33.963058 skip_listing [train]:   6,500/15,960 checked (41%)  —  192670 checks/s  —  ETA 0s  —  0 failed so far
[OUTPUT] 2026-07-13T23:53:33.965508 skip_listing [train]:   7,000/15,960 checked (44%)  —  193445 checks/s  —  ETA 0s  —  0 failed so far
[OUTPUT] 2026-07-13T23:53:33.967950 skip_listing [train]:   7,500/15,960 checked (47%)  —  194156 checks/s  —  ETA 0s  —  0 failed so far
[OUTPUT] 2026-07-13T23:53:33.970383 skip_listing [train]:   8,000/15,960 checked (50%)  —  194829 checks/s  —  ETA 0s  —  0 failed so far
[OUTPUT] 2026-07-13T23:53:33.972830 skip_listing [train]:   8,500/15,960 checked (53%)  —  195367 checks/s  —  ETA 0s  —  0 failed so far
[OUTPUT] 2026-07-13T23:53:33.975264 skip_listing [train]:   9,000/15,960 checked (56%)  —  195898 checks/s  —  ETA 0s  —  0 failed so far
[OUTPUT] 2026-07-13T23:53:33.977697 skip_listing [train]:   9,500/15,960 checked (60%)  —  196380 checks/s  —  ETA 0s  —  0 failed so far
[OUTPUT] 2026-07-13T23:53:33.980136 skip_listing [train]:   10,000/15,960 checked (63%)  —  196794 checks/s  —  ETA 0s  —  0 failed so far
[OUTPUT] 2026-07-13T23:53:33.982562 skip_listing [train]:   10,500/15,960 checked (66%)  —  197218 checks/s  —  ETA 0s  —  0 failed so far
[OUTPUT] 2026-07-13T23:53:33.984984 skip_listing [train]:   11,000/15,960 checked (69%)  —  197620 checks/s  —  ETA 0s  —  0 failed so far
[OUTPUT] 2026-07-13T23:53:33.987392 skip_listing [train]:   11,500/15,960 checked (72%)  —  198035 checks/s  —  ETA 0s  —  0 failed so far
[OUTPUT] 2026-07-13T23:53:33.989835 skip_listing [train]:   12,000/15,960 checked (75%)  —  198304 checks/s  —  ETA 0s  —  0 failed so far
[OUTPUT] 2026-07-13T23:53:33.992246 skip_listing [train]:   12,500/15,960 checked (78%)  —  198653 checks/s  —  ETA 0s  —  0 failed so far
[OUTPUT] 2026-07-13T23:53:33.994650 skip_listing [train]:   13,000/15,960 checked (81%)  —  198995 checks/s  —  ETA 0s  —  0 failed so far
[OUTPUT] 2026-07-13T23:53:33.997074 skip_listing [train]:   13,500/15,960 checked (85%)  —  199256 checks/s  —  ETA 0s  —  0 failed so far
[OUTPUT] 2026-07-13T23:53:33.999492 skip_listing [train]:   14,000/15,960 checked (88%)  —  199516 checks/s  —  ETA 0s  —  0 failed so far
[OUTPUT] 2026-07-13T23:53:34.001912 skip_listing [train]:   14,500/15,960 checked (91%)  —  199752 checks/s  —  ETA 0s  —  0 failed so far
[OUTPUT] 2026-07-13T23:53:34.004316 skip_listing [train]:   15,000/15,960 checked (94%)  —  200014 checks/s  —  ETA 0s  —  0 failed so far
[OUTPUT] 2026-07-13T23:53:34.006729 skip_listing [train]:   15,500/15,960 checked (97%)  —  200239 checks/s  —  ETA 0s  —  0 failed so far
[OUTPUT] 2026-07-13T23:53:34.009019 skip_listing [train]: validation complete — all 15,960 samples exist (0.1s, 200259 checks/s); 104,305 URIs ready for rank 0 (15,958,659 total across all ranks)
[OUTPUT] 2026-07-13T23:53:34.009665 File listing [train]: 15958659 files discovered, 104304 assigned to rank 0, completed in 0.31s
[OUTPUT] 2026-07-13T23:53:34.009691 skip_listing [valid]: generated 0 file URIs deterministically (0 total — validation disabled)
[OUTPUT] 2026-07-13T23:53:34.009708 File listing [valid]: 0 files discovered, 0 assigned to rank 0, completed in 0.00s
[OUTPUT] 2026-07-13T23:53:34.009725 Streamed file sharding: 15958659 train files across 153 ranks via round-robin (rank 0 shard: 104304 files)
[OUTPUT] 2026-07-13T23:54:10.816141 Max steps per epoch per rank: 664944 = 1 * 15958659 / 24 (samples per file * local files / batch size)
[OUTPUT] 2026-07-13T23:54:12.248527 Reshard for epoch 1: 104304 train files, 0 eval files redistributed via alltoall in 1.43s
[OUTPUT] 2026-07-13T23:54:13.736739 Worker pre-warm complete (4 workers spawned)
[OUTPUT] 2026-07-13T23:54:18.979371 Starting epoch 1: 4346 steps expected
[OUTPUT] 2026-07-13T23:54:18.979786 Starting block 1
[OUTPUT] 2026-07-13T23:58:22.615069 Ending block 1 - 4346 steps completed in 243.64 s
[OUTPUT] 2026-07-13T23:58:22.617202 Epoch 1 - Block 1 [Training] Accelerator Utilization [AU] (%): 85.2282
[OUTPUT] 2026-07-13T23:58:22.617263 Epoch 1 - Block 1 [Training] Throughput (samples/second): 65717.8302
[OUTPUT] 2026-07-13T23:58:22.618619 Epoch 1 - Block 1 [Training] Computation time per step (second): 0.0476+/-0.0000 (set value: {'mean': 0.04755})
[OUTPUT] 2026-07-13T23:58:22.987071 Ending epoch 1 - 4346 steps completed in 244.01 s
[OUTPUT] 2026-07-13T23:58:24.173068 Reshard for epoch 2: 104304 train files, 0 eval files redistributed via alltoall in 1.19s
[OUTPUT] 2026-07-13T23:58:25.593296 Worker pre-warm complete for epoch 2 (4 workers spawned)
[OUTPUT] 2026-07-13T23:58:56.122276 Starting epoch 2: 4346 steps expected
[OUTPUT] 2026-07-13T23:58:56.122795 Starting block 1
[OUTPUT] 2026-07-14T00:02:59.931516 Ending block 1 - 4346 steps completed in 243.81 s
[OUTPUT] 2026-07-14T00:02:59.932736 Epoch 2 - Block 1 [Training] Accelerator Utilization [AU] (%): 85.1718
[OUTPUT] 2026-07-14T00:02:59.932772 Epoch 2 - Block 1 [Training] Throughput (samples/second): 65675.3435
[OUTPUT] 2026-07-14T00:02:59.935648 Epoch 2 - Block 1 [Training] Computation time per step (second): 0.0476+/-0.0000 (set value: {'mean': 0.04755})
[OUTPUT] 2026-07-14T00:03:00.374591 Ending epoch 2 - 4346 steps completed in 244.25 s
[OUTPUT] 2026-07-14T00:03:01.560376 Reshard for epoch 3: 104304 train files, 0 eval files redistributed via alltoall in 1.19s
[OUTPUT] 2026-07-14T00:03:02.776237 Worker pre-warm complete for epoch 3 (4 workers spawned)
[OUTPUT] 2026-07-14T00:03:24.385291 Starting epoch 3: 4346 steps expected
[OUTPUT] 2026-07-14T00:03:24.385829 Starting block 1
[OUTPUT] 2026-07-14T00:07:28.341187 Ending block 1 - 4346 steps completed in 243.96 s
[OUTPUT] 2026-07-14T00:07:28.342481 Epoch 3 - Block 1 [Training] Accelerator Utilization [AU] (%): 85.1252
[OUTPUT] 2026-07-14T00:07:28.342523 Epoch 3 - Block 1 [Training] Throughput (samples/second): 65640.5243
[OUTPUT] 2026-07-14T00:07:28.342857 Epoch 3 - Block 1 [Training] Computation time per step (second): 0.0476+/-0.0000 (set value: {'mean': 0.04755})
[OUTPUT] 2026-07-14T00:07:28.820514 Ending epoch 3 - 4346 steps completed in 244.44 s
[OUTPUT] 2026-07-14T00:07:29.967217 Reshard for epoch 4: 104304 train files, 0 eval files redistributed via alltoall in 1.15s
[OUTPUT] 2026-07-14T00:07:31.497035 Worker pre-warm complete for epoch 4 (4 workers spawned)
[OUTPUT] 2026-07-14T00:07:46.669705 Starting epoch 4: 4346 steps expected
[OUTPUT] 2026-07-14T00:07:46.670330 Starting block 1
[OUTPUT] 2026-07-14T00:11:50.635047 Ending block 1 - 4346 steps completed in 243.96 s
[OUTPUT] 2026-07-14T00:11:50.636275 Epoch 4 - Block 1 [Training] Accelerator Utilization [AU] (%): 85.1180
[OUTPUT] 2026-07-14T00:11:50.636326 Epoch 4 - Block 1 [Training] Throughput (samples/second): 65634.4183
[OUTPUT] 2026-07-14T00:11:50.636642 Epoch 4 - Block 1 [Training] Computation time per step (second): 0.0476+/-0.0000 (set value: {'mean': 0.04755})
[OUTPUT] 2026-07-14T00:11:51.121262 Ending epoch 4 - 4346 steps completed in 244.45 s
[OUTPUT] 2026-07-14T00:11:52.314158 Reshard for epoch 5: 104304 train files, 0 eval files redistributed via alltoall in 1.19s
[OUTPUT] 2026-07-14T00:11:53.804106 Worker pre-warm complete for epoch 5 (4 workers spawned)
[OUTPUT] 2026-07-14T00:12:09.223355 Starting epoch 5: 4346 steps expected
[OUTPUT] 2026-07-14T00:12:09.223787 Starting block 1
[OUTPUT] 2026-07-14T00:16:13.156426 Ending block 1 - 4346 steps completed in 243.93 s
[OUTPUT] 2026-07-14T00:16:13.165695 Epoch 5 - Block 1 [Training] Accelerator Utilization [AU] (%): 85.1281
[OUTPUT] 2026-07-14T00:16:13.165750 Epoch 5 - Block 1 [Training] Throughput (samples/second): 65642.5498
[OUTPUT] 2026-07-14T00:16:13.171717 Epoch 5 - Block 1 [Training] Computation time per step (second): 0.0476+/-0.0000 (set value: {'mean': 0.04755})
[OUTPUT] 2026-07-14T00:16:13.713056 Ending epoch 5 - 4346 steps completed in 244.49 s
[OUTPUT] 2026-07-14T00:16:14.855415 Reshard for epoch 6: 104304 train files, 0 eval files redistributed via alltoall in 1.14s
[OUTPUT] 2026-07-14T00:16:16.361441 Worker pre-warm complete for epoch 6 (4 workers spawned)
[OUTPUT] 2026-07-14T00:16:31.639603 Starting epoch 6: 4346 steps expected
[OUTPUT] 2026-07-14T00:16:31.640029 Starting block 1
[OUTPUT] 2026-07-14T00:20:35.494537 Ending block 1 - 4346 steps completed in 243.85 s
[OUTPUT] 2026-07-14T00:20:35.503239 Epoch 6 - Block 1 [Training] Accelerator Utilization [AU] (%): 85.1598
[OUTPUT] 2026-07-14T00:20:35.503345 Epoch 6 - Block 1 [Training] Throughput (samples/second): 65666.8461
[OUTPUT] 2026-07-14T00:20:35.503728 Epoch 6 - Block 1 [Training] Computation time per step (second): 0.0476+/-0.0000 (set value: {'mean': 0.04755})
[OUTPUT] 2026-07-14T00:20:36.084525 Ending epoch 6 - 4346 steps completed in 244.44 s
[OUTPUT] 2026-07-14T00:20:37.266071 Reshard for epoch 7: 104304 train files, 0 eval files redistributed via alltoall in 1.18s
[OUTPUT] 2026-07-14T00:20:38.767420 Worker pre-warm complete for epoch 7 (4 workers spawned)
[OUTPUT] 2026-07-14T00:20:54.213698 Starting epoch 7: 4346 steps expected
[OUTPUT] 2026-07-14T00:20:54.214150 Starting block 1
[OUTPUT] 2026-07-14T00:24:58.309667 Ending block 1 - 4346 steps completed in 244.10 s
[OUTPUT] 2026-07-14T00:24:58.310750 Epoch 7 - Block 1 [Training] Accelerator Utilization [AU] (%): 85.0695
[OUTPUT] 2026-07-14T00:24:58.310781 Epoch 7 - Block 1 [Training] Throughput (samples/second): 65597.6022
[OUTPUT] 2026-07-14T00:24:58.311073 Epoch 7 - Block 1 [Training] Computation time per step (second): 0.0476+/-0.0000 (set value: {'mean': 0.04755})
[OUTPUT] 2026-07-14T00:24:58.821271 Ending epoch 7 - 4346 steps completed in 244.61 s
[OUTPUT] 2026-07-14T00:25:00.048494 Reshard for epoch 8: 104304 train files, 0 eval files redistributed via alltoall in 1.23s
[OUTPUT] 2026-07-14T00:25:01.345221 Worker pre-warm complete for epoch 8 (4 workers spawned)
[OUTPUT] 2026-07-14T00:25:17.019005 Starting epoch 8: 4346 steps expected
[OUTPUT] 2026-07-14T00:25:17.019428 Starting block 1
[OUTPUT] 2026-07-14T00:29:21.048410 Ending block 1 - 4346 steps completed in 244.03 s
[OUTPUT] 2026-07-14T00:29:21.049553 Epoch 8 - Block 1 [Training] Accelerator Utilization [AU] (%): 85.0911
[OUTPUT] 2026-07-14T00:29:21.049592 Epoch 8 - Block 1 [Training] Throughput (samples/second): 65613.7468
[OUTPUT] 2026-07-14T00:29:21.049905 Epoch 8 - Block 1 [Training] Computation time per step (second): 0.0476+/-0.0000 (set value: {'mean': 0.04755})
[OUTPUT] 2026-07-14T00:29:21.559512 Ending epoch 8 - 4346 steps completed in 244.54 s
[OUTPUT] 2026-07-14T00:29:22.761703 Reshard for epoch 9: 104304 train files, 0 eval files redistributed via alltoall in 1.20s
[OUTPUT] 2026-07-14T00:29:24.071177 Worker pre-warm complete for epoch 9 (4 workers spawned)
[OUTPUT] 2026-07-14T00:29:24.547209 Saved outputs in /root/Suzhou_Zishan_Longlin/closed/Suzhou_Zishan_Longlin/results/GalaxSphere-3Tier0/training/retinanet/run/20260713_235308
[OUTPUT] Averaged metric over all steps/epochs
[METRIC] ==========================================================
[METRIC] Number of Simulated Accelerators: 153 
[METRIC] Training Accelerator Utilization [AU] (%): 85.0208 (0.0528)
[METRIC] Training Throughput (samples/second): 65557.9473 (40.0247)
[METRIC] Training I/O Throughput (MiB/second): 20191.5722 (12.3274)
[METRIC] train_au_meet_expectation: success
[METRIC] ==========================================================

[OUTPUT] 2026-07-14T00:29:25.013203 outputs saved in RANKID_output.json
