[OUTPUT] [DEBUG DLIOBenchmark.__init__] After LoadConfig:
[OUTPUT]   storage_type   = <StorageType.LOCAL_FS: 'local_fs'>
[OUTPUT]   storage_root   = './'
[OUTPUT]   storage_options= None
[OUTPUT]   data_folder    = '/mnt/ubix/retinanet'
[OUTPUT]   framework      = <FrameworkType.PYTORCH: 'pytorch'>
[OUTPUT]   num_files_train= 68090280
[OUTPUT]   record_length  = 322957
[OUTPUT]   generate_data  = False
[OUTPUT]   do_train       = True
[OUTPUT]   do_checkpoint  = False
[OUTPUT]   epochs         = 8
[OUTPUT]   batch_size     = 24
[OUTPUT] 2026-07-23T19:20:33.810223 Running DLIO [Training] with 688 process(es)
[OUTPUT] 2026-07-23T19:20:34.005656 skip_listing [train]: validating 6,811 of 68,090,280 files (first, last, every 10,000) via HEAD requests ...
[OUTPUT] 2026-07-23T19:20:34.024744 skip_listing [train]:   500/6,811 checked (7%)  —  26338 checks/s  —  ETA 0s  —  0 failed so far
[OUTPUT] 2026-07-23T19:20:34.038389 skip_listing [train]:   1,000/6,811 checked (15%)  —  30646 checks/s  —  ETA 0s  —  0 failed so far
[OUTPUT] 2026-07-23T19:20:34.051409 skip_listing [train]:   1,500/6,811 checked (22%)  —  32857 checks/s  —  ETA 0s  —  0 failed so far
[OUTPUT] 2026-07-23T19:20:34.063528 skip_listing [train]:   2,000/6,811 checked (29%)  —  34619 checks/s  —  ETA 0s  —  0 failed so far
[OUTPUT] 2026-07-23T19:20:34.074746 skip_listing [train]:   2,500/6,811 checked (37%)  —  36238 checks/s  —  ETA 0s  —  0 failed so far
[OUTPUT] 2026-07-23T19:20:34.086000 skip_listing [train]:   3,000/6,811 checked (44%)  —  37386 checks/s  —  ETA 0s  —  0 failed so far
[OUTPUT] 2026-07-23T19:20:34.097335 skip_listing [train]:   3,500/6,811 checked (51%)  —  38218 checks/s  —  ETA 0s  —  0 failed so far
[OUTPUT] 2026-07-23T19:20:34.109808 skip_listing [train]:   4,000/6,811 checked (59%)  —  38443 checks/s  —  ETA 0s  —  0 failed so far
[OUTPUT] 2026-07-23T19:20:34.120707 skip_listing [train]:   4,500/6,811 checked (66%)  —  39147 checks/s  —  ETA 0s  —  0 failed so far
[OUTPUT] 2026-07-23T19:20:34.131563 skip_listing [train]:   5,000/6,811 checked (73%)  —  39743 checks/s  —  ETA 0s  —  0 failed so far
[OUTPUT] 2026-07-23T19:20:34.142374 skip_listing [train]:   5,500/6,811 checked (81%)  —  40258 checks/s  —  ETA 0s  —  0 failed so far
[OUTPUT] 2026-07-23T19:20:34.153103 skip_listing [train]:   6,000/6,811 checked (88%)  —  40720 checks/s  —  ETA 0s  —  0 failed so far
[OUTPUT] 2026-07-23T19:20:34.163756 skip_listing [train]:   6,500/6,811 checked (95%)  —  41139 checks/s  —  ETA 0s  —  0 failed so far
[OUTPUT] 2026-07-23T19:20:34.170338 skip_listing [train]: validation complete — all 6,811 samples exist (0.2s, 41384 checks/s); 98,969 URIs ready for rank 0 (68,090,280 total across all ranks)
[OUTPUT] 2026-07-23T19:20:34.171732 File listing [train]: 68090280 files discovered, 98968 assigned to rank 0, completed in 0.35s
[OUTPUT] 2026-07-23T19:20:34.171785 skip_listing [valid]: generated 0 file URIs deterministically (0 total — validation disabled)
[OUTPUT] 2026-07-23T19:20:34.171808 File listing [valid]: 0 files discovered, 0 assigned to rank 0, completed in 0.00s
[OUTPUT] 2026-07-23T19:20:34.171826 Streamed file sharding: 68090280 train files across 688 ranks via round-robin (rank 0 shard: 98968 files)
[WARNING] On host cn017: reader.read_threads=4 x local_ranks=43 = 172 workers, estimated ~86 GB — exceeds 50% of available RAM on this node (170 GB). Consider reducing read_threads to avoid OOM.
[WARNING] On host cn017: reader.read_threads=4 x local_ranks=43 = 172 workers, estimated ~86 GB — exceeds 50% of available RAM on this node (170 GB). Consider reducing read_threads to avoid OOM.
[WARNING] On host cn017: reader.read_threads=4 x local_ranks=43 = 172 workers, estimated ~86 GB — exceeds 50% of available RAM on this node (170 GB). Consider reducing read_threads to avoid OOM.
[WARNING] On host cn017: reader.read_threads=4 x local_ranks=43 = 172 workers, estimated ~86 GB — exceeds 50% of available RAM on this node (170 GB). Consider reducing read_threads to avoid OOM.
[WARNING] On host cn017: reader.read_threads=4 x local_ranks=43 = 172 workers, estimated ~86 GB — exceeds 50% of available RAM on this node (170 GB). Consider reducing read_threads to avoid OOM.
[WARNING] On host cn017: reader.read_threads=4 x local_ranks=43 = 172 workers, estimated ~86 GB — exceeds 50% of available RAM on this node (170 GB). Consider reducing read_threads to avoid OOM.
[WARNING] On host cn017: reader.read_threads=4 x local_ranks=43 = 172 workers, estimated ~86 GB — exceeds 50% of available RAM on this node (170 GB). Consider reducing read_threads to avoid OOM.
[WARNING] On host cn017: reader.read_threads=4 x local_ranks=43 = 172 workers, estimated ~86 GB — exceeds 50% of available RAM on this node (170 GB). Consider reducing read_threads to avoid OOM.
[WARNING] On host cn017: reader.read_threads=4 x local_ranks=43 = 172 workers, estimated ~86 GB — exceeds 50% of available RAM on this node (170 GB). Consider reducing read_threads to avoid OOM.
[WARNING] On host cn017: reader.read_threads=4 x local_ranks=43 = 172 workers, estimated ~86 GB — exceeds 50% of available RAM on this node (170 GB). Consider reducing read_threads to avoid OOM.
[WARNING] On host cn017: reader.read_threads=4 x local_ranks=43 = 172 workers, estimated ~86 GB — exceeds 50% of available RAM on this node (170 GB). Consider reducing read_threads to avoid OOM.
[WARNING] On host cn017: reader.read_threads=4 x local_ranks=43 = 172 workers, estimated ~86 GB — exceeds 50% of available RAM on this node (170 GB). Consider reducing read_threads to avoid OOM.
[WARNING] On host cn017: reader.read_threads=4 x local_ranks=43 = 172 workers, estimated ~86 GB — exceeds 50% of available RAM on this node (170 GB). Consider reducing read_threads to avoid OOM.
[WARNING] On host cn017: reader.read_threads=4 x local_ranks=43 = 172 workers, estimated ~86 GB — exceeds 50% of available RAM on this node (170 GB). Consider reducing read_threads to avoid OOM.
[WARNING] On host cn017: reader.read_threads=4 x local_ranks=43 = 172 workers, estimated ~86 GB — exceeds 50% of available RAM on this node (170 GB). Consider reducing read_threads to avoid OOM.
[WARNING] On host cn017: reader.read_threads=4 x local_ranks=43 = 172 workers, estimated ~86 GB — exceeds 50% of available RAM on this node (170 GB). Consider reducing read_threads to avoid OOM.
[WARNING] On host cn017: reader.read_threads=4 x local_ranks=43 = 172 workers, estimated ~86 GB — exceeds 50% of available RAM on this node (170 GB). Consider reducing read_threads to avoid OOM.
[WARNING] On host cn017: reader.read_threads=4 x local_ranks=43 = 172 workers, estimated ~86 GB — exceeds 50% of available RAM on this node (170 GB). Consider reducing read_threads to avoid OOM.
[WARNING] On host cn017: reader.read_threads=4 x local_ranks=43 = 172 workers, estimated ~86 GB — exceeds 50% of available RAM on this node (170 GB). Consider reducing read_threads to avoid OOM.
[WARNING] On host cn017: reader.read_threads=4 x local_ranks=43 = 172 workers, estimated ~86 GB — exceeds 50% of available RAM on this node (170 GB). Consider reducing read_threads to avoid OOM.
[WARNING] On host cn017: reader.read_threads=4 x local_ranks=43 = 172 workers, estimated ~86 GB — exceeds 50% of available RAM on this node (170 GB). Consider reducing read_threads to avoid OOM.
[WARNING] On host cn017: reader.read_threads=4 x local_ranks=43 = 172 workers, estimated ~86 GB — exceeds 50% of available RAM on this node (170 GB). Consider reducing read_threads to avoid OOM.
[WARNING] On host cn017: reader.read_threads=4 x local_ranks=43 = 172 workers, estimated ~86 GB — exceeds 50% of available RAM on this node (170 GB). Consider reducing read_threads to avoid OOM.
[WARNING] On host cn017: reader.read_threads=4 x local_ranks=43 = 172 workers, estimated ~86 GB — exceeds 50% of available RAM on this node (170 GB). Consider reducing read_threads to avoid OOM.
[WARNING] On host cn017: reader.read_threads=4 x local_ranks=43 = 172 workers, estimated ~86 GB — exceeds 50% of available RAM on this node (170 GB). Consider reducing read_threads to avoid OOM.
[WARNING] On host cn017: reader.read_threads=4 x local_ranks=43 = 172 workers, estimated ~86 GB — exceeds 50% of available RAM on this node (170 GB). Consider reducing read_threads to avoid OOM.
[WARNING] On host cn017: reader.read_threads=4 x local_ranks=43 = 172 workers, estimated ~86 GB — exceeds 50% of available RAM on this node (170 GB). Consider reducing read_threads to avoid OOM.
[WARNING] On host cn017: reader.read_threads=4 x local_ranks=43 = 172 workers, estimated ~86 GB — exceeds 50% of available RAM on this node (170 GB). Consider reducing read_threads to avoid OOM.
[WARNING] On host cn017: reader.read_threads=4 x local_ranks=43 = 172 workers, estimated ~86 GB — exceeds 50% of available RAM on this node (170 GB). Consider reducing read_threads to avoid OOM.
[WARNING] On host cn017: reader.read_threads=4 x local_ranks=43 = 172 workers, estimated ~86 GB — exceeds 50% of available RAM on this node (170 GB). Consider reducing read_threads to avoid OOM.
[WARNING] On host cn017: reader.read_threads=4 x local_ranks=43 = 172 workers, estimated ~86 GB — exceeds 50% of available RAM on this node (170 GB). Consider reducing read_threads to avoid OOM.
[WARNING] On host cn017: reader.read_threads=4 x local_ranks=43 = 172 workers, estimated ~86 GB — exceeds 50% of available RAM on this node (170 GB). Consider reducing read_threads to avoid OOM.
[WARNING] On host cn017: reader.read_threads=4 x local_ranks=43 = 172 workers, estimated ~86 GB — exceeds 50% of available RAM on this node (170 GB). Consider reducing read_threads to avoid OOM.
[WARNING] On host cn017: reader.read_threads=4 x local_ranks=43 = 172 workers, estimated ~86 GB — exceeds 50% of available RAM on this node (170 GB). Consider reducing read_threads to avoid OOM.
[WARNING] On host cn017: reader.read_threads=4 x local_ranks=43 = 172 workers, estimated ~86 GB — exceeds 50% of available RAM on this node (170 GB). Consider reducing read_threads to avoid OOM.
[WARNING] On host cn017: reader.read_threads=4 x local_ranks=43 = 172 workers, estimated ~86 GB — exceeds 50% of available RAM on this node (170 GB). Consider reducing read_threads to avoid OOM.
[WARNING] On host cn017: reader.read_threads=4 x local_ranks=43 = 172 workers, estimated ~86 GB — exceeds 50% of available RAM on this node (170 GB). Consider reducing read_threads to avoid OOM.
[WARNING] On host cn017: reader.read_threads=4 x local_ranks=43 = 172 workers, estimated ~86 GB — exceeds 50% of available RAM on this node (170 GB). Consider reducing read_threads to avoid OOM.
[WARNING] On host cn017: reader.read_threads=4 x local_ranks=43 = 172 workers, estimated ~86 GB — exceeds 50% of available RAM on this node (170 GB). Consider reducing read_threads to avoid OOM.
[WARNING] On host cn017: reader.read_threads=4 x local_ranks=43 = 172 workers, estimated ~86 GB — exceeds 50% of available RAM on this node (170 GB). Consider reducing read_threads to avoid OOM.
[WARNING] On host cn017: reader.read_threads=4 x local_ranks=43 = 172 workers, estimated ~86 GB — exceeds 50% of available RAM on this node (170 GB). Consider reducing read_threads to avoid OOM.
[WARNING] On host cn017: reader.read_threads=4 x local_ranks=43 = 172 workers, estimated ~86 GB — exceeds 50% of available RAM on this node (170 GB). Consider reducing read_threads to avoid OOM.
[WARNING] On host cn017: reader.read_threads=4 x local_ranks=43 = 172 workers, estimated ~86 GB — exceeds 50% of available RAM on this node (170 GB). Consider reducing read_threads to avoid OOM.
[OUTPUT] 2026-07-23T19:20:34.798200 Max steps per epoch per rank: 2837095 = 1 * 68090280 / 24 (samples per file * local files / batch size)
[OUTPUT] 2026-07-23T19:20:38.000881 Reshard for epoch 1: 98968 train files, 0 eval files redistributed via alltoall in 3.20s
[OUTPUT] 2026-07-23T19:20:38.871263 Worker pre-warm complete (4 workers spawned)
[OUTPUT] 2026-07-23T19:20:39.108406 Starting epoch 1: 4123 steps expected
[OUTPUT] 2026-07-23T19:20:39.108724 Starting block 1
[OUTPUT] 2026-07-23T19:24:29.866924 Ending block 1 - 4123 steps completed in 230.76 s
[OUTPUT] 2026-07-23T19:24:29.870281 Epoch 1 - Block 1 [Training] Accelerator Utilization [AU] (%): 85.2266
[OUTPUT] 2026-07-23T19:24:29.870349 Epoch 1 - Block 1 [Training] Throughput (samples/second): 295461.1304
[OUTPUT] 2026-07-23T19:24:29.871622 Epoch 1 - Block 1 [Training] Computation time per step (second): 0.0476+/-0.0000 (set value: {'mean': 0.04755})
[OUTPUT] 2026-07-23T19:24:29.904288 Ending epoch 1 - 4123 steps completed in 230.80 s
[OUTPUT] 2026-07-23T19:24:30.322346 Reshard for epoch 2: 98968 train files, 0 eval files redistributed via alltoall in 0.42s
[OUTPUT] 2026-07-23T19:24:31.625168 Worker pre-warm complete for epoch 2 (4 workers spawned)
[OUTPUT] 2026-07-23T19:24:53.248228 Starting epoch 2: 4123 steps expected
[OUTPUT] 2026-07-23T19:24:53.248721 Starting block 1
[OUTPUT] 2026-07-23T19:28:43.278251 Ending block 1 - 4123 steps completed in 230.03 s
[OUTPUT] 2026-07-23T19:28:43.280087 Epoch 2 - Block 1 [Training] Accelerator Utilization [AU] (%): 85.5088
[OUTPUT] 2026-07-23T19:28:43.280140 Epoch 2 - Block 1 [Training] Throughput (samples/second): 296439.0117
[OUTPUT] 2026-07-23T19:28:43.280552 Epoch 2 - Block 1 [Training] Computation time per step (second): 0.0476+/-0.0000 (set value: {'mean': 0.04755})
[OUTPUT] 2026-07-23T19:28:43.323005 Ending epoch 2 - 4123 steps completed in 230.07 s
[OUTPUT] 2026-07-23T19:28:43.756202 Reshard for epoch 3: 98968 train files, 0 eval files redistributed via alltoall in 0.43s
[OUTPUT] 2026-07-23T19:28:45.080800 Worker pre-warm complete for epoch 3 (4 workers spawned)
[OUTPUT] 2026-07-23T19:29:08.508876 Starting epoch 3: 4123 steps expected
[OUTPUT] 2026-07-23T19:29:08.509346 Starting block 1
[OUTPUT] 2026-07-23T19:32:58.114901 Ending block 1 - 4123 steps completed in 229.61 s
[OUTPUT] 2026-07-23T19:32:58.116506 Epoch 3 - Block 1 [Training] Accelerator Utilization [AU] (%): 85.6776
[OUTPUT] 2026-07-23T19:32:58.116562 Epoch 3 - Block 1 [Training] Throughput (samples/second): 297053.6144
[OUTPUT] 2026-07-23T19:32:58.116913 Epoch 3 - Block 1 [Training] Computation time per step (second): 0.0476+/-0.0000 (set value: {'mean': 0.04755})
[OUTPUT] 2026-07-23T19:32:58.184121 Ending epoch 3 - 4123 steps completed in 229.68 s
[OUTPUT] 2026-07-23T19:32:58.625477 Reshard for epoch 4: 98968 train files, 0 eval files redistributed via alltoall in 0.44s
[OUTPUT] 2026-07-23T19:33:00.288985 Worker pre-warm complete for epoch 4 (4 workers spawned)
[OUTPUT] 2026-07-23T19:33:23.686211 Starting epoch 4: 4123 steps expected
[OUTPUT] 2026-07-23T19:33:23.686554 Starting block 1
[OUTPUT] 2026-07-23T19:37:13.289862 Ending block 1 - 4123 steps completed in 229.60 s
[OUTPUT] 2026-07-23T19:37:13.291451 Epoch 4 - Block 1 [Training] Accelerator Utilization [AU] (%): 85.6255
[OUTPUT] 2026-07-23T19:37:13.291500 Epoch 4 - Block 1 [Training] Throughput (samples/second): 296882.1827
[OUTPUT] 2026-07-23T19:37:13.291877 Epoch 4 - Block 1 [Training] Computation time per step (second): 0.0476+/-0.0000 (set value: {'mean': 0.04755})
[OUTPUT] 2026-07-23T19:37:13.316510 Ending epoch 4 - 4123 steps completed in 229.63 s
[OUTPUT] 2026-07-23T19:37:13.747487 Reshard for epoch 5: 98968 train files, 0 eval files redistributed via alltoall in 0.43s
[OUTPUT] 2026-07-23T19:37:15.259713 Worker pre-warm complete for epoch 5 (4 workers spawned)
[OUTPUT] 2026-07-23T19:37:38.928246 Starting epoch 5: 4123 steps expected
[OUTPUT] 2026-07-23T19:37:38.928614 Starting block 1
[OUTPUT] 2026-07-23T19:41:28.330792 Ending block 1 - 4123 steps completed in 229.40 s
[OUTPUT] 2026-07-23T19:41:28.332540 Epoch 5 - Block 1 [Training] Accelerator Utilization [AU] (%): 85.7307
[OUTPUT] 2026-07-23T19:41:28.332591 Epoch 5 - Block 1 [Training] Throughput (samples/second): 297214.8919
[OUTPUT] 2026-07-23T19:41:28.333010 Epoch 5 - Block 1 [Training] Computation time per step (second): 0.0476+/-0.0000 (set value: {'mean': 0.04755})
[OUTPUT] 2026-07-23T19:41:28.362101 Ending epoch 5 - 4123 steps completed in 229.43 s
[OUTPUT] 2026-07-23T19:41:28.792899 Reshard for epoch 6: 98968 train files, 0 eval files redistributed via alltoall in 0.43s
[OUTPUT] 2026-07-23T19:41:30.124233 Worker pre-warm complete for epoch 6 (4 workers spawned)
[OUTPUT] 2026-07-23T19:41:54.057793 Starting epoch 6: 4123 steps expected
[OUTPUT] 2026-07-23T19:41:54.058107 Starting block 1
[OUTPUT] 2026-07-23T19:45:43.422208 Ending block 1 - 4123 steps completed in 229.36 s
[OUTPUT] 2026-07-23T19:45:43.424264 Epoch 6 - Block 1 [Training] Accelerator Utilization [AU] (%): 85.7289
[OUTPUT] 2026-07-23T19:45:43.424341 Epoch 6 - Block 1 [Training] Throughput (samples/second): 297212.4817
[OUTPUT] 2026-07-23T19:45:43.424750 Epoch 6 - Block 1 [Training] Computation time per step (second): 0.0476+/-0.0000 (set value: {'mean': 0.04755})
[OUTPUT] 2026-07-23T19:45:43.461952 Ending epoch 6 - 4123 steps completed in 229.40 s
[OUTPUT] 2026-07-23T19:45:43.883921 Reshard for epoch 7: 98968 train files, 0 eval files redistributed via alltoall in 0.42s
[OUTPUT] 2026-07-23T19:45:45.213776 Worker pre-warm complete for epoch 7 (4 workers spawned)
[OUTPUT] 2026-07-23T19:46:08.946047 Starting epoch 7: 4123 steps expected
[OUTPUT] 2026-07-23T19:46:08.946372 Starting block 1
[OUTPUT] 2026-07-23T19:49:58.219025 Ending block 1 - 4123 steps completed in 229.27 s
[OUTPUT] 2026-07-23T19:49:58.220523 Epoch 7 - Block 1 [Training] Accelerator Utilization [AU] (%): 85.7514
[OUTPUT] 2026-07-23T19:49:58.220572 Epoch 7 - Block 1 [Training] Throughput (samples/second): 297296.7533
[OUTPUT] 2026-07-23T19:49:58.220930 Epoch 7 - Block 1 [Training] Computation time per step (second): 0.0476+/-0.0000 (set value: {'mean': 0.04755})
[OUTPUT] 2026-07-23T19:49:58.249790 Ending epoch 7 - 4123 steps completed in 229.30 s
[OUTPUT] 2026-07-23T19:49:58.691602 Reshard for epoch 8: 98968 train files, 0 eval files redistributed via alltoall in 0.44s
[OUTPUT] 2026-07-23T19:50:00.129614 Worker pre-warm complete for epoch 8 (4 workers spawned)
[OUTPUT] 2026-07-23T19:50:23.619100 Starting epoch 8: 4123 steps expected
[OUTPUT] 2026-07-23T19:50:23.619499 Starting block 1
[OUTPUT] 2026-07-23T19:54:13.194631 Ending block 1 - 4123 steps completed in 229.58 s
[OUTPUT] 2026-07-23T19:54:13.196506 Epoch 8 - Block 1 [Training] Accelerator Utilization [AU] (%): 85.6960
[OUTPUT] 2026-07-23T19:54:13.196562 Epoch 8 - Block 1 [Training] Throughput (samples/second): 297091.8719
[OUTPUT] 2026-07-23T19:54:13.196958 Epoch 8 - Block 1 [Training] Computation time per step (second): 0.0476+/-0.0000 (set value: {'mean': 0.04755})
[OUTPUT] 2026-07-23T19:54:13.233489 Ending epoch 8 - 4123 steps completed in 229.61 s
[OUTPUT] 2026-07-23T19:54:13.664947 Reshard for epoch 9: 98968 train files, 0 eval files redistributed via alltoall in 0.43s
[OUTPUT] 2026-07-23T19:54:15.059278 Worker pre-warm complete for epoch 9 (4 workers spawned)
[OUTPUT] 2026-07-23T19:54:15.302034 Saved outputs in /mnt/share/storage_results_v3/closed/UBIX/results/UbiPower18000_16x15.36TB_NVMe_4xNDR400_3xStorageNode_16hosts256GBMem/training/retinanet/run/20260723_191957
[OUTPUT] Averaged metric over all steps/epochs
[METRIC] ==========================================================
[METRIC] Number of Simulated Accelerators: 688 
[METRIC] Training Accelerator Utilization [AU] (%): 85.6343 (0.1817)
[METRIC] Training Throughput (samples/second): 296900.9420 (630.8495)
[METRIC] Training I/O Throughput (MiB/second): 91444.2420 (194.2990)
[METRIC] train_au_meet_expectation: success
[METRIC] ==========================================================

[OUTPUT] 2026-07-23T19:54:23.598898 outputs saved in RANKID_output.json
