[OUTPUT] [DEBUG DLIOBenchmark.__init__] After LoadConfig:
[OUTPUT]   storage_type   = <StorageType.LOCAL_FS: 'local_fs'>
[OUTPUT]   storage_root   = './'
[OUTPUT]   storage_options= None
[OUTPUT]   data_folder    = '/mnt/ubix/unet3d'
[OUTPUT]   framework      = <FrameworkType.PYTORCH: 'pytorch'>
[OUTPUT]   num_files_train= 280000
[OUTPUT]   record_length  = 146600628
[OUTPUT]   generate_data  = False
[OUTPUT]   do_train       = True
[OUTPUT]   do_checkpoint  = False
[OUTPUT]   epochs         = 5
[OUTPUT]   batch_size     = 7
[OUTPUT] 2026-07-22T18:29:26.368746 Running DLIO [Training] with 80 process(es)
[OUTPUT] 2026-07-22T18:29:26.388864 skip_listing [train]: validating 2,801 of 280,000 files (first, last, every 100) via HEAD requests ...
[OUTPUT] 2026-07-22T18:29:26.418346 skip_listing [train]:   280/2,801 checked (10%)  —  9526 checks/s  —  ETA 0s  —  0 failed so far
[OUTPUT] 2026-07-22T18:29:26.441515 skip_listing [train]:   560/2,801 checked (20%)  —  10654 checks/s  —  ETA 0s  —  0 failed so far
[OUTPUT] 2026-07-22T18:29:26.464682 skip_listing [train]:   840/2,801 checked (30%)  —  11092 checks/s  —  ETA 0s  —  0 failed so far
[OUTPUT] 2026-07-22T18:29:26.488103 skip_listing [train]:   1,120/2,801 checked (40%)  —  11296 checks/s  —  ETA 0s  —  0 failed so far
[OUTPUT] 2026-07-22T18:29:26.511700 skip_listing [train]:   1,400/2,801 checked (50%)  —  11405 checks/s  —  ETA 0s  —  0 failed so far
[OUTPUT] 2026-07-22T18:29:26.535055 skip_listing [train]:   1,680/2,801 checked (60%)  —  11499 checks/s  —  ETA 0s  —  0 failed so far
[OUTPUT] 2026-07-22T18:29:26.558373 skip_listing [train]:   1,960/2,801 checked (70%)  —  11569 checks/s  —  ETA 0s  —  0 failed so far
[OUTPUT] 2026-07-22T18:29:26.579979 skip_listing [train]:   2,240/2,801 checked (80%)  —  11726 checks/s  —  ETA 0s  —  0 failed so far
[OUTPUT] 2026-07-22T18:29:26.602695 skip_listing [train]:   2,520/2,801 checked (90%)  —  11790 checks/s  —  ETA 0s  —  0 failed so far
[OUTPUT] 2026-07-22T18:29:26.624557 skip_listing [train]:   2,800/2,801 checked (100%)  —  11884 checks/s  —  ETA 0s  —  0 failed so far
[OUTPUT] 2026-07-22T18:29:26.624608 skip_listing [train]: validation complete — all 2,801 samples exist (0.2s, 11886 checks/s); 3,500 URIs ready for rank 0 (280,000 total across all ranks)
[OUTPUT] 2026-07-22T18:29:26.624690 File listing [train]: 280000 files discovered, 3500 assigned to rank 0, completed in 0.24s
[OUTPUT] 2026-07-22T18:29:26.624722 skip_listing [valid]: generated 0 file URIs deterministically (0 total — validation disabled)
[OUTPUT] 2026-07-22T18:29:26.624746 File listing [valid]: 0 files discovered, 0 assigned to rank 0, completed in 0.00s
[OUTPUT] 2026-07-22T18:29:26.624767 Streamed file sharding: 280000 train files across 80 ranks via round-robin (rank 0 shard: 3500 files)
[OUTPUT] 2026-07-22T18:29:27.251016 Max steps per epoch per rank: 40000 = 1 * 280000 / 7 (samples per file * local files / batch size)
[OUTPUT] 2026-07-22T18:29:27.274927 Reshard for epoch 1: 3500 train files, 0 eval files redistributed via alltoall in 0.02s
[OUTPUT] 2026-07-22T18:29:28.173021 Worker pre-warm complete (3 workers spawned)
[OUTPUT] 2026-07-22T18:29:28.330115 Starting epoch 1: 500 steps expected
[OUTPUT] 2026-07-22T18:29:28.330346 Starting block 1
[OUTPUT] 2026-07-22T18:30:52.882599 Ending block 1 - 500 steps completed in 84.55 s
[OUTPUT] 2026-07-22T18:30:52.886393 Epoch 1 - Block 1 [Training] Accelerator Utilization [AU] (%): 96.4012
[OUTPUT] 2026-07-22T18:30:52.886441 Epoch 1 - Block 1 [Training] Throughput (samples/second): 3331.0328
[OUTPUT] 2026-07-22T18:30:52.887271 Epoch 1 - Block 1 [Training] Computation time per step (second): 0.1621+/-0.0000 (set value: {'mean': 0.162})
[OUTPUT] 2026-07-22T18:30:52.894897 Ending epoch 1 - 500 steps completed in 84.56 s
[OUTPUT] 2026-07-22T18:30:52.906068 Reshard for epoch 2: 3500 train files, 0 eval files redistributed via alltoall in 0.01s
[OUTPUT] 2026-07-22T18:30:53.815150 Worker pre-warm complete for epoch 2 (3 workers spawned)
[OUTPUT] 2026-07-22T18:30:53.999674 Starting epoch 2: 500 steps expected
[OUTPUT] 2026-07-22T18:30:53.999895 Starting block 1
[OUTPUT] 2026-07-22T18:32:18.952066 Ending block 1 - 500 steps completed in 84.95 s
[OUTPUT] 2026-07-22T18:32:18.953562 Epoch 2 - Block 1 [Training] Accelerator Utilization [AU] (%): 96.0391
[OUTPUT] 2026-07-22T18:32:18.953606 Epoch 2 - Block 1 [Training] Throughput (samples/second): 3318.5414
[OUTPUT] 2026-07-22T18:32:18.953767 Epoch 2 - Block 1 [Training] Computation time per step (second): 0.1621+/-0.0000 (set value: {'mean': 0.162})
[OUTPUT] 2026-07-22T18:32:18.960229 Ending epoch 2 - 500 steps completed in 84.96 s
[OUTPUT] 2026-07-22T18:32:18.970225 Reshard for epoch 3: 3500 train files, 0 eval files redistributed via alltoall in 0.01s
[OUTPUT] 2026-07-22T18:32:19.790091 Worker pre-warm complete for epoch 3 (3 workers spawned)
[OUTPUT] 2026-07-22T18:32:19.998776 Starting epoch 3: 500 steps expected
[OUTPUT] 2026-07-22T18:32:19.999034 Starting block 1
[OUTPUT] 2026-07-22T18:33:44.657406 Ending block 1 - 500 steps completed in 84.66 s
[OUTPUT] 2026-07-22T18:33:44.658761 Epoch 3 - Block 1 [Training] Accelerator Utilization [AU] (%): 96.2077
[OUTPUT] 2026-07-22T18:33:44.658802 Epoch 3 - Block 1 [Training] Throughput (samples/second): 3324.3696
[OUTPUT] 2026-07-22T18:33:44.658951 Epoch 3 - Block 1 [Training] Computation time per step (second): 0.1621+/-0.0000 (set value: {'mean': 0.162})
[OUTPUT] 2026-07-22T18:33:44.667060 Ending epoch 3 - 500 steps completed in 84.67 s
[OUTPUT] 2026-07-22T18:33:44.678059 Reshard for epoch 4: 3500 train files, 0 eval files redistributed via alltoall in 0.01s
[OUTPUT] 2026-07-22T18:33:45.543124 Worker pre-warm complete for epoch 4 (3 workers spawned)
[OUTPUT] 2026-07-22T18:33:45.729350 Starting epoch 4: 500 steps expected
[OUTPUT] 2026-07-22T18:33:45.729595 Starting block 1
[OUTPUT] 2026-07-22T18:35:10.368613 Ending block 1 - 500 steps completed in 84.64 s
[OUTPUT] 2026-07-22T18:35:10.369994 Epoch 4 - Block 1 [Training] Accelerator Utilization [AU] (%): 96.3711
[OUTPUT] 2026-07-22T18:35:10.370036 Epoch 4 - Block 1 [Training] Throughput (samples/second): 3330.0043
[OUTPUT] 2026-07-22T18:35:10.370194 Epoch 4 - Block 1 [Training] Computation time per step (second): 0.1621+/-0.0000 (set value: {'mean': 0.162})
[OUTPUT] 2026-07-22T18:35:10.379787 Ending epoch 4 - 500 steps completed in 84.65 s
[OUTPUT] 2026-07-22T18:35:10.392237 Reshard for epoch 5: 3500 train files, 0 eval files redistributed via alltoall in 0.01s
[OUTPUT] 2026-07-22T18:35:11.239063 Worker pre-warm complete for epoch 5 (3 workers spawned)
[OUTPUT] 2026-07-22T18:35:11.415454 Starting epoch 5: 500 steps expected
[OUTPUT] 2026-07-22T18:35:11.415660 Starting block 1
[OUTPUT] 2026-07-22T18:36:36.107521 Ending block 1 - 500 steps completed in 84.69 s
[OUTPUT] 2026-07-22T18:36:36.108846 Epoch 5 - Block 1 [Training] Accelerator Utilization [AU] (%): 96.2404
[OUTPUT] 2026-07-22T18:36:36.108886 Epoch 5 - Block 1 [Training] Throughput (samples/second): 3325.4946
[OUTPUT] 2026-07-22T18:36:36.109026 Epoch 5 - Block 1 [Training] Computation time per step (second): 0.1621+/-0.0000 (set value: {'mean': 0.162})
[OUTPUT] 2026-07-22T18:36:36.119261 Ending epoch 5 - 500 steps completed in 84.70 s
[OUTPUT] 2026-07-22T18:36:36.131403 Reshard for epoch 6: 3500 train files, 0 eval files redistributed via alltoall in 0.01s
[OUTPUT] 2026-07-22T18:36:37.012320 Worker pre-warm complete for epoch 6 (3 workers spawned)
[OUTPUT] 2026-07-22T18:36:37.041968 Saved outputs in /mnt/share/storage_results_v3/closed/UBIX/results/UbiPower18000_16x15.36TB_NVMe_4xNDR400_3xStorageNode_16hosts256GBMem/training/unet3d/run/20260722_182851
[OUTPUT] Averaged metric over all steps/epochs
[METRIC] ==========================================================
[METRIC] Number of Simulated Accelerators: 80 
[METRIC] Training Accelerator Utilization [AU] (%): 96.2669 (0.1551)
[METRIC] Training Throughput (samples/second): 3326.3779 (5.3601)
[METRIC] Training I/O Throughput (MiB/second): 465058.4049 (749.3956)
[METRIC] train_au_meet_expectation: success
[METRIC] ==========================================================

[OUTPUT] 2026-07-22T18:36:37.352486 outputs saved in RANKID_output.json
