[OUTPUT] [DEBUG DLIOBenchmark.__init__] After LoadConfig:
[OUTPUT]   storage_type   = <StorageType.LOCAL_FS: 'local_fs'>
[OUTPUT]   storage_root   = './'
[OUTPUT]   storage_options= None
[OUTPUT]   data_folder    = '/mnt/mlp/unet3d_data/unet3d'
[OUTPUT]   framework      = <FrameworkType.PYTORCH: 'pytorch'>
[OUTPUT]   num_files_train= 37500
[OUTPUT]   record_length  = 146600628
[OUTPUT]   generate_data  = False
[OUTPUT]   do_train       = True
[OUTPUT]   do_checkpoint  = False
[OUTPUT]   epochs         = 5
[OUTPUT]   batch_size     = 7
[OUTPUT] 2026-07-09T04:15:23.769792 Running DLIO [Training] with 4 process(es)
[OUTPUT] 2026-07-09T04:15:23.808112 skip_listing [train]: validating 37,500 of 37,500 files (first, last, every 1) via HEAD requests ...
[OUTPUT] 2026-07-09T04:15:23.930622 skip_listing [train]:   500/37,500 checked (1%)  —  4085 checks/s  —  ETA 9s  —  0 failed so far
[OUTPUT] 2026-07-09T04:15:24.052415 skip_listing [train]:   1,000/37,500 checked (3%)  —  4095 checks/s  —  ETA 9s  —  0 failed so far
[OUTPUT] 2026-07-09T04:15:24.175541 skip_listing [train]:   1,500/37,500 checked (4%)  —  4084 checks/s  —  ETA 9s  —  0 failed so far
[OUTPUT] 2026-07-09T04:15:24.299466 skip_listing [train]:   2,000/37,500 checked (5%)  —  4071 checks/s  —  ETA 9s  —  0 failed so far
[OUTPUT] 2026-07-09T04:15:24.422592 skip_listing [train]:   2,500/37,500 checked (7%)  —  4069 checks/s  —  ETA 9s  —  0 failed so far
[OUTPUT] 2026-07-09T04:15:24.545018 skip_listing [train]:   3,000/37,500 checked (8%)  —  4072 checks/s  —  ETA 8s  —  0 failed so far
[OUTPUT] 2026-07-09T04:15:24.669436 skip_listing [train]:   3,500/37,500 checked (9%)  —  4064 checks/s  —  ETA 8s  —  0 failed so far
[OUTPUT] 2026-07-09T04:15:24.798005 skip_listing [train]:   4,000/37,500 checked (11%)  —  4041 checks/s  —  ETA 8s  —  0 failed so far
[OUTPUT] 2026-07-09T04:15:24.928258 skip_listing [train]:   4,500/37,500 checked (12%)  —  4018 checks/s  —  ETA 8s  —  0 failed so far
[OUTPUT] 2026-07-09T04:15:25.061306 skip_listing [train]:   5,000/37,500 checked (13%)  —  3990 checks/s  —  ETA 8s  —  0 failed so far
[OUTPUT] 2026-07-09T04:15:25.189419 skip_listing [train]:   5,500/37,500 checked (15%)  —  3982 checks/s  —  ETA 8s  —  0 failed so far
[OUTPUT] 2026-07-09T04:15:25.317641 skip_listing [train]:   6,000/37,500 checked (16%)  —  3975 checks/s  —  ETA 8s  —  0 failed so far
[OUTPUT] 2026-07-09T04:15:25.442243 skip_listing [train]:   6,500/37,500 checked (17%)  —  3978 checks/s  —  ETA 8s  —  0 failed so far
[OUTPUT] 2026-07-09T04:15:25.568968 skip_listing [train]:   7,000/37,500 checked (19%)  —  3976 checks/s  —  ETA 8s  —  0 failed so far
[OUTPUT] 2026-07-09T04:15:25.694666 skip_listing [train]:   7,500/37,500 checked (20%)  —  3976 checks/s  —  ETA 8s  —  0 failed so far
[OUTPUT] 2026-07-09T04:15:25.820772 skip_listing [train]:   8,000/37,500 checked (21%)  —  3975 checks/s  —  ETA 7s  —  0 failed so far
[OUTPUT] 2026-07-09T04:15:25.957554 skip_listing [train]:   8,500/37,500 checked (23%)  —  3955 checks/s  —  ETA 7s  —  0 failed so far
[OUTPUT] 2026-07-09T04:15:26.090321 skip_listing [train]:   9,000/37,500 checked (24%)  —  3944 checks/s  —  ETA 7s  —  0 failed so far
[OUTPUT] 2026-07-09T04:15:26.216176 skip_listing [train]:   9,500/37,500 checked (25%)  —  3945 checks/s  —  ETA 7s  —  0 failed so far
[OUTPUT] 2026-07-09T04:15:26.339896 skip_listing [train]:   10,000/37,500 checked (27%)  —  3950 checks/s  —  ETA 7s  —  0 failed so far
[OUTPUT] 2026-07-09T04:15:26.465425 skip_listing [train]:   10,500/37,500 checked (28%)  —  3952 checks/s  —  ETA 7s  —  0 failed so far
[OUTPUT] 2026-07-09T04:15:26.590789 skip_listing [train]:   11,000/37,500 checked (29%)  —  3953 checks/s  —  ETA 7s  —  0 failed so far
[OUTPUT] 2026-07-09T04:15:26.716492 skip_listing [train]:   11,500/37,500 checked (31%)  —  3954 checks/s  —  ETA 7s  —  0 failed so far
[OUTPUT] 2026-07-09T04:15:26.842624 skip_listing [train]:   12,000/37,500 checked (32%)  —  3955 checks/s  —  ETA 6s  —  0 failed so far
[OUTPUT] 2026-07-09T04:15:26.968428 skip_listing [train]:   12,500/37,500 checked (33%)  —  3955 checks/s  —  ETA 6s  —  0 failed so far
[OUTPUT] 2026-07-09T04:15:27.093065 skip_listing [train]:   13,000/37,500 checked (35%)  —  3958 checks/s  —  ETA 6s  —  0 failed so far
[OUTPUT] 2026-07-09T04:15:27.218298 skip_listing [train]:   13,500/37,500 checked (36%)  —  3959 checks/s  —  ETA 6s  —  0 failed so far
[OUTPUT] 2026-07-09T04:15:27.344561 skip_listing [train]:   14,000/37,500 checked (37%)  —  3959 checks/s  —  ETA 6s  —  0 failed so far
[OUTPUT] 2026-07-09T04:15:27.470642 skip_listing [train]:   14,500/37,500 checked (39%)  —  3959 checks/s  —  ETA 6s  —  0 failed so far
[OUTPUT] 2026-07-09T04:15:27.597661 skip_listing [train]:   15,000/37,500 checked (40%)  —  3958 checks/s  —  ETA 6s  —  0 failed so far
[OUTPUT] 2026-07-09T04:15:27.720884 skip_listing [train]:   15,500/37,500 checked (41%)  —  3961 checks/s  —  ETA 6s  —  0 failed so far
[OUTPUT] 2026-07-09T04:15:27.846566 skip_listing [train]:   16,000/37,500 checked (43%)  —  3962 checks/s  —  ETA 5s  —  0 failed so far
[OUTPUT] 2026-07-09T04:15:27.972330 skip_listing [train]:   16,500/37,500 checked (44%)  —  3962 checks/s  —  ETA 5s  —  0 failed so far
[OUTPUT] 2026-07-09T04:15:28.096638 skip_listing [train]:   17,000/37,500 checked (45%)  —  3964 checks/s  —  ETA 5s  —  0 failed so far
[OUTPUT] 2026-07-09T04:15:28.222592 skip_listing [train]:   17,500/37,500 checked (47%)  —  3964 checks/s  —  ETA 5s  —  0 failed so far
[OUTPUT] 2026-07-09T04:15:28.356537 skip_listing [train]:   18,000/37,500 checked (48%)  —  3958 checks/s  —  ETA 5s  —  0 failed so far
[OUTPUT] 2026-07-09T04:15:28.479622 skip_listing [train]:   18,500/37,500 checked (49%)  —  3960 checks/s  —  ETA 5s  —  0 failed so far
[OUTPUT] 2026-07-09T04:15:28.603238 skip_listing [train]:   19,000/37,500 checked (51%)  —  3962 checks/s  —  ETA 5s  —  0 failed so far
[OUTPUT] 2026-07-09T04:15:28.725488 skip_listing [train]:   19,500/37,500 checked (52%)  —  3966 checks/s  —  ETA 5s  —  0 failed so far
[OUTPUT] 2026-07-09T04:15:28.850724 skip_listing [train]:   20,000/37,500 checked (53%)  —  3966 checks/s  —  ETA 4s  —  0 failed so far
[OUTPUT] 2026-07-09T04:15:28.975656 skip_listing [train]:   20,500/37,500 checked (55%)  —  3967 checks/s  —  ETA 4s  —  0 failed so far
[OUTPUT] 2026-07-09T04:15:29.098938 skip_listing [train]:   21,000/37,500 checked (56%)  —  3969 checks/s  —  ETA 4s  —  0 failed so far
[OUTPUT] 2026-07-09T04:15:29.223330 skip_listing [train]:   21,500/37,500 checked (57%)  —  3970 checks/s  —  ETA 4s  —  0 failed so far
[OUTPUT] 2026-07-09T04:15:29.347626 skip_listing [train]:   22,000/37,500 checked (59%)  —  3972 checks/s  —  ETA 4s  —  0 failed so far
[OUTPUT] 2026-07-09T04:15:29.472516 skip_listing [train]:   22,500/37,500 checked (60%)  —  3972 checks/s  —  ETA 4s  —  0 failed so far
[OUTPUT] 2026-07-09T04:15:29.597016 skip_listing [train]:   23,000/37,500 checked (61%)  —  3973 checks/s  —  ETA 4s  —  0 failed so far
[OUTPUT] 2026-07-09T04:15:29.722367 skip_listing [train]:   23,500/37,500 checked (63%)  —  3974 checks/s  —  ETA 4s  —  0 failed so far
[OUTPUT] 2026-07-09T04:15:29.844686 skip_listing [train]:   24,000/37,500 checked (64%)  —  3976 checks/s  —  ETA 3s  —  0 failed so far
[OUTPUT] 2026-07-09T04:15:29.970592 skip_listing [train]:   24,500/37,500 checked (65%)  —  3976 checks/s  —  ETA 3s  —  0 failed so far
[OUTPUT] 2026-07-09T04:15:30.096510 skip_listing [train]:   25,000/37,500 checked (67%)  —  3976 checks/s  —  ETA 3s  —  0 failed so far
[OUTPUT] 2026-07-09T04:15:30.224079 skip_listing [train]:   25,500/37,500 checked (68%)  —  3975 checks/s  —  ETA 3s  —  0 failed so far
[OUTPUT] 2026-07-09T04:15:30.356341 skip_listing [train]:   26,000/37,500 checked (69%)  —  3971 checks/s  —  ETA 3s  —  0 failed so far
[OUTPUT] 2026-07-09T04:15:30.483305 skip_listing [train]:   26,500/37,500 checked (71%)  —  3970 checks/s  —  ETA 3s  —  0 failed so far
[OUTPUT] 2026-07-09T04:15:30.607335 skip_listing [train]:   27,000/37,500 checked (72%)  —  3971 checks/s  —  ETA 3s  —  0 failed so far
[OUTPUT] 2026-07-09T04:15:30.732925 skip_listing [train]:   27,500/37,500 checked (73%)  —  3971 checks/s  —  ETA 3s  —  0 failed so far
[OUTPUT] 2026-07-09T04:15:30.859226 skip_listing [train]:   28,000/37,500 checked (75%)  —  3971 checks/s  —  ETA 2s  —  0 failed so far
[OUTPUT] 2026-07-09T04:15:30.983708 skip_listing [train]:   28,500/37,500 checked (76%)  —  3972 checks/s  —  ETA 2s  —  0 failed so far
[OUTPUT] 2026-07-09T04:15:31.108575 skip_listing [train]:   29,000/37,500 checked (77%)  —  3972 checks/s  —  ETA 2s  —  0 failed so far
[OUTPUT] 2026-07-09T04:15:31.232461 skip_listing [train]:   29,500/37,500 checked (79%)  —  3973 checks/s  —  ETA 2s  —  0 failed so far
[OUTPUT] 2026-07-09T04:15:31.362931 skip_listing [train]:   30,000/37,500 checked (80%)  —  3971 checks/s  —  ETA 2s  —  0 failed so far
[OUTPUT] 2026-07-09T04:15:31.513751 skip_listing [train]:   30,500/37,500 checked (81%)  —  3958 checks/s  —  ETA 2s  —  0 failed so far
[OUTPUT] 2026-07-09T04:15:31.642612 skip_listing [train]:   31,000/37,500 checked (83%)  —  3957 checks/s  —  ETA 2s  —  0 failed so far
[OUTPUT] 2026-07-09T04:15:31.776562 skip_listing [train]:   31,500/37,500 checked (84%)  —  3953 checks/s  —  ETA 2s  —  0 failed so far
[OUTPUT] 2026-07-09T04:15:31.899230 skip_listing [train]:   32,000/37,500 checked (85%)  —  3955 checks/s  —  ETA 1s  —  0 failed so far
[OUTPUT] 2026-07-09T04:15:32.021885 skip_listing [train]:   32,500/37,500 checked (87%)  —  3957 checks/s  —  ETA 1s  —  0 failed so far
[OUTPUT] 2026-07-09T04:15:32.144507 skip_listing [train]:   33,000/37,500 checked (88%)  —  3959 checks/s  —  ETA 1s  —  0 failed so far
[OUTPUT] 2026-07-09T04:15:32.268069 skip_listing [train]:   33,500/37,500 checked (89%)  —  3960 checks/s  —  ETA 1s  —  0 failed so far
[OUTPUT] 2026-07-09T04:15:32.392280 skip_listing [train]:   34,000/37,500 checked (91%)  —  3961 checks/s  —  ETA 1s  —  0 failed so far
[OUTPUT] 2026-07-09T04:15:32.515070 skip_listing [train]:   34,500/37,500 checked (92%)  —  3962 checks/s  —  ETA 1s  —  0 failed so far
[OUTPUT] 2026-07-09T04:15:32.646383 skip_listing [train]:   35,000/37,500 checked (93%)  —  3960 checks/s  —  ETA 1s  —  0 failed so far
[OUTPUT] 2026-07-09T04:15:32.772129 skip_listing [train]:   35,500/37,500 checked (95%)  —  3960 checks/s  —  ETA 1s  —  0 failed so far
[OUTPUT] 2026-07-09T04:15:32.898203 skip_listing [train]:   36,000/37,500 checked (96%)  —  3960 checks/s  —  ETA 0s  —  0 failed so far
[OUTPUT] 2026-07-09T04:15:33.021622 skip_listing [train]:   36,500/37,500 checked (97%)  —  3962 checks/s  —  ETA 0s  —  0 failed so far
[OUTPUT] 2026-07-09T04:15:33.153999 skip_listing [train]:   37,000/37,500 checked (99%)  —  3959 checks/s  —  ETA 0s  —  0 failed so far
[OUTPUT] 2026-07-09T04:15:33.277813 skip_listing [train]: validation complete — all 37,500 samples exist (9.5s, 3960 checks/s); 9,375 URIs ready for rank 0 (37,500 total across all ranks)
[OUTPUT] 2026-07-09T04:15:33.278331 File listing [train]: 37500 files discovered, 9375 assigned to rank 0, completed in 9.49s
[OUTPUT] 2026-07-09T04:15:33.278513 skip_listing [valid]: generated 0 file URIs deterministically (0 total — validation disabled)
[OUTPUT] 2026-07-09T04:15:33.278642 File listing [valid]: 0 files discovered, 0 assigned to rank 0, completed in 0.00s
[OUTPUT] 2026-07-09T04:15:33.278738 Streamed file sharding: 37500 train files across 4 ranks via round-robin (rank 0 shard: 9375 files)
[OUTPUT] 2026-07-09T04:15:33.296828 Max steps per epoch per rank: 5357 = 1 * 37500 / 7 (samples per file * local files / batch size)
[OUTPUT] 2026-07-09T04:15:33.308096 Reshard for epoch 1: 9375 train files, 0 eval files redistributed via alltoall in 0.01s
[OUTPUT] 2026-07-09T04:15:50.634438 Worker pre-warm complete (100 workers spawned)
[OUTPUT] 2026-07-09T04:15:51.392925 Starting epoch 1: 1339 steps expected
[OUTPUT] 2026-07-09T04:15:51.393270 Starting block 1
[OUTPUT] 2026-07-09T04:20:03.596963 Ending block 1 - 1339 steps completed in 252.20 s
[OUTPUT] 2026-07-09T04:20:03.600571 Epoch 1 - Block 1 [Training] Accelerator Utilization [AU] (%): 91.1276
[OUTPUT] 2026-07-09T04:20:03.600624 Epoch 1 - Block 1 [Training] Throughput (samples/second): 157.3979
[OUTPUT] 2026-07-09T04:20:03.601339 Epoch 1 - Block 1 [Training] Computation time per step (second): 0.1621+/-0.0000 (set value: {'mean': 0.162})
[OUTPUT] 2026-07-09T04:20:03.604484 Ending epoch 1 - 1339 steps completed in 252.21 s
[OUTPUT] 2026-07-09T04:20:03.610386 Reshard for epoch 2: 9375 train files, 0 eval files redistributed via alltoall in 0.00s
[OUTPUT] 2026-07-09T04:20:20.893667 Worker pre-warm complete for epoch 2 (100 workers spawned)
[OUTPUT] 2026-07-09T04:20:22.055941 Starting epoch 2: 1339 steps expected
[OUTPUT] 2026-07-09T04:20:22.056708 Starting block 1
[OUTPUT] 2026-07-09T04:24:33.794159 Ending block 1 - 1339 steps completed in 251.74 s
[OUTPUT] 2026-07-09T04:24:33.797415 Epoch 2 - Block 1 [Training] Accelerator Utilization [AU] (%): 90.9132
[OUTPUT] 2026-07-09T04:24:33.797479 Epoch 2 - Block 1 [Training] Throughput (samples/second): 157.0284
[OUTPUT] 2026-07-09T04:24:33.797787 Epoch 2 - Block 1 [Training] Computation time per step (second): 0.1621+/-0.0000 (set value: {'mean': 0.162})
[OUTPUT] 2026-07-09T04:24:33.799613 Ending epoch 2 - 1339 steps completed in 251.74 s
[OUTPUT] 2026-07-09T04:24:33.808112 Reshard for epoch 3: 9375 train files, 0 eval files redistributed via alltoall in 0.01s
[OUTPUT] 2026-07-09T04:24:51.540322 Worker pre-warm complete for epoch 3 (100 workers spawned)
[OUTPUT] 2026-07-09T04:24:53.039933 Starting epoch 3: 1339 steps expected
[OUTPUT] 2026-07-09T04:24:53.041115 Starting block 1
[OUTPUT] 2026-07-09T04:29:05.425403 Ending block 1 - 1339 steps completed in 252.38 s
[OUTPUT] 2026-07-09T04:29:05.427492 Epoch 3 - Block 1 [Training] Accelerator Utilization [AU] (%): 90.7621
[OUTPUT] 2026-07-09T04:29:05.427546 Epoch 3 - Block 1 [Training] Throughput (samples/second): 156.7658
[OUTPUT] 2026-07-09T04:29:05.427818 Epoch 3 - Block 1 [Training] Computation time per step (second): 0.1621+/-0.0001 (set value: {'mean': 0.162})
[OUTPUT] 2026-07-09T04:29:05.430141 Ending epoch 3 - 1339 steps completed in 252.39 s
[OUTPUT] 2026-07-09T04:29:05.440315 Reshard for epoch 4: 9375 train files, 0 eval files redistributed via alltoall in 0.01s
[OUTPUT] 2026-07-09T04:29:23.030697 Worker pre-warm complete for epoch 4 (100 workers spawned)
[OUTPUT] 2026-07-09T04:29:23.405860 Starting epoch 4: 1339 steps expected
[OUTPUT] 2026-07-09T04:29:23.406154 Starting block 1
[OUTPUT] 2026-07-09T04:33:36.233780 Ending block 1 - 1339 steps completed in 252.83 s
[OUTPUT] 2026-07-09T04:33:36.235707 Epoch 4 - Block 1 [Training] Accelerator Utilization [AU] (%): 91.1547
[OUTPUT] 2026-07-09T04:33:36.235757 Epoch 4 - Block 1 [Training] Throughput (samples/second): 157.4440
[OUTPUT] 2026-07-09T04:33:36.236018 Epoch 4 - Block 1 [Training] Computation time per step (second): 0.1621+/-0.0000 (set value: {'mean': 0.162})
[OUTPUT] 2026-07-09T04:33:36.239165 Ending epoch 4 - 1339 steps completed in 252.83 s
[OUTPUT] 2026-07-09T04:33:36.248463 Reshard for epoch 5: 9375 train files, 0 eval files redistributed via alltoall in 0.01s
[OUTPUT] 2026-07-09T04:33:53.392498 Worker pre-warm complete for epoch 5 (100 workers spawned)
[OUTPUT] 2026-07-09T04:33:54.050872 Starting epoch 5: 1339 steps expected
[OUTPUT] 2026-07-09T04:33:54.051354 Starting block 1
[OUTPUT] 2026-07-09T04:38:06.827668 Ending block 1 - 1339 steps completed in 252.78 s
[OUTPUT] 2026-07-09T04:38:06.829391 Epoch 5 - Block 1 [Training] Accelerator Utilization [AU] (%): 90.6304
[OUTPUT] 2026-07-09T04:38:06.829441 Epoch 5 - Block 1 [Training] Throughput (samples/second): 156.5407
[OUTPUT] 2026-07-09T04:38:06.829696 Epoch 5 - Block 1 [Training] Computation time per step (second): 0.1621+/-0.0000 (set value: {'mean': 0.162})
[OUTPUT] 2026-07-09T04:38:06.834852 Ending epoch 5 - 1339 steps completed in 252.78 s
[OUTPUT] 2026-07-09T04:38:06.842667 Reshard for epoch 6: 9375 train files, 0 eval files redistributed via alltoall in 0.01s
[OUTPUT] 2026-07-09T04:38:24.276616 Worker pre-warm complete for epoch 6 (100 workers spawned)
[OUTPUT] 2026-07-09T04:38:25.393011 Saved outputs in /tmp/mlperf_storage_results_1t_4acc_100reader_37500_new/closed/holmesai_limited/results/StorMeshAI/training/unet3d/run/20260709_041519
[OUTPUT] Averaged metric over all steps/epochs
[METRIC] ==========================================================
[METRIC] Number of Simulated Accelerators: 4 
[METRIC] Training Accelerator Utilization [AU] (%): 90.8318 (0.1431)
[METRIC] Training Throughput (samples/second): 156.8820 (0.2476)
[METRIC] Training I/O Throughput (MiB/second): 21933.5611 (34.6194)
[METRIC] train_au_meet_expectation: success
[METRIC] ==========================================================

[OUTPUT] 2026-07-09T04:38:25.412784 outputs saved in RANKID_output.json
