[OUTPUT] [DEBUG DLIOBenchmark.__init__] After LoadConfig:
[OUTPUT]   storage_type   = <StorageType.S3: 's3'>
[OUTPUT]   storage_root   = 'mlp-unet3d-aws-5c'
[OUTPUT]   storage_options= {'storage_library': 's3dlio', 'uri_scheme': 's3', 'access_key_id': 'testing', 'secret_access_key': 'testing', 'endpoint_url': 'http://ip-100-64-177-85.ec2.internal:51080/s3/', 'region': 'us-east-1'}
[OUTPUT]   data_folder    = 'data/final/unet-n8-rt2-exact-v1/unet3d'
[OUTPUT]   framework      = <FrameworkType.PYTORCH: 'pytorch'>
[OUTPUT]   num_files_train= 56250
[OUTPUT]   record_length  = 146600628
[OUTPUT]   generate_data  = True
[OUTPUT]   do_train       = False
[OUTPUT]   do_checkpoint  = False
[OUTPUT]   epochs         = 1
[OUTPUT]   batch_size     = 1
[OUTPUT] 2026-07-17T06:47:00.650626 Running DLIO [Generating data] with 80 process(es)
[OUTPUT] ================================================================================
[OUTPUT] Data Generation Method: DGEN (default)
[OUTPUT]   dgen-py zero-copy BytesView — 155x faster than NumPy, 0 MiB overhead
[OUTPUT] ================================================================================
[OUTPUT] 2026-07-17T06:47:00.695911 Starting data generation
[OUTPUT] 2026-07-17T06:50:48.836748 Generation done
[OUTPUT] ================================================================================
[OUTPUT] Data Generation Method: DGEN (default)
[OUTPUT]   dgen-py zero-copy BytesView — 155x faster than NumPy, 0 MiB overhead
[OUTPUT] ================================================================================
