[OUTPUT] [DEBUG DLIOBenchmark.__init__] After LoadConfig:
[OUTPUT]   storage_type   = <StorageType.S3: 's3'>
[OUTPUT]   storage_root   = 'mlc-s3'
[OUTPUT]   storage_options= {'prefetch_window': 6, 'storage_library': 's3dlio', 'uri_scheme': 's3', 'access_key_id': '[REDACTED_AWS_ACCESS_KEY_ID]', 'secret_access_key': '[REDACTED_AWS_SECRET_ACCESS_KEY]', 'endpoint_url': 'https://storage.uk-south1.nebius.cloud', 'region': 'uk-south1'}
[OUTPUT]   data_folder    = 's3://mlc-s3/unet3d/submission/data_21n/unet3d'
[OUTPUT]   framework      = <FrameworkType.PYTORCH: 'pytorch'>
[OUTPUT]   num_files_train= 73500
[OUTPUT]   record_length  = 146600628
[OUTPUT]   generate_data  = False
[OUTPUT]   do_train       = True
[OUTPUT]   do_checkpoint  = False
[OUTPUT]   epochs         = 5
[OUTPUT]   batch_size     = 7
[OUTPUT] 2026-07-14T18:40:00.180444 Running DLIO [Training] with 21 process(es)
[OUTPUT] 2026-07-14T18:40:32.697000 skip_listing [train]: validating 7,351 of 73,500 files (first, last, every 10) via HEAD requests ...
[OUTPUT] 2026-07-14T18:40:33.574207 skip_listing [train]:   500/7,351 checked (7%)  —  571 checks/s  —  ETA 12s  —  0 failed so far
[OUTPUT] 2026-07-14T18:40:34.432368 skip_listing [train]:   1,000/7,351 checked (14%)  —  577 checks/s  —  ETA 11s  —  0 failed so far
[OUTPUT] 2026-07-14T18:40:35.339440 skip_listing [train]:   1,500/7,351 checked (20%)  —  568 checks/s  —  ETA 10s  —  0 failed so far
[OUTPUT] 2026-07-14T18:40:36.278828 skip_listing [train]:   2,000/7,351 checked (27%)  —  559 checks/s  —  ETA 10s  —  0 failed so far
[OUTPUT] 2026-07-14T18:40:37.188144 skip_listing [train]:   2,500/7,351 checked (34%)  —  557 checks/s  —  ETA 9s  —  0 failed so far
[OUTPUT] 2026-07-14T18:40:38.094110 skip_listing [train]:   3,000/7,351 checked (41%)  —  556 checks/s  —  ETA 8s  —  0 failed so far
[OUTPUT] 2026-07-14T18:40:38.956050 skip_listing [train]:   3,500/7,351 checked (48%)  —  559 checks/s  —  ETA 7s  —  0 failed so far
[OUTPUT] 2026-07-14T18:40:39.781925 skip_listing [train]:   4,000/7,351 checked (54%)  —  565 checks/s  —  ETA 6s  —  0 failed so far
[OUTPUT] 2026-07-14T18:40:40.663476 skip_listing [train]:   4,500/7,351 checked (61%)  —  565 checks/s  —  ETA 5s  —  0 failed so far
[OUTPUT] 2026-07-14T18:40:41.551187 skip_listing [train]:   5,000/7,351 checked (68%)  —  565 checks/s  —  ETA 4s  —  0 failed so far
[OUTPUT] 2026-07-14T18:40:42.444524 skip_listing [train]:   5,500/7,351 checked (75%)  —  564 checks/s  —  ETA 3s  —  0 failed so far
[OUTPUT] 2026-07-14T18:40:43.310948 skip_listing [train]:   6,000/7,351 checked (82%)  —  565 checks/s  —  ETA 2s  —  0 failed so far
[OUTPUT] 2026-07-14T18:40:44.162968 skip_listing [train]:   6,500/7,351 checked (88%)  —  567 checks/s  —  ETA 2s  —  0 failed so far
[OUTPUT] 2026-07-14T18:40:45.039702 skip_listing [train]:   7,000/7,351 checked (95%)  —  567 checks/s  —  ETA 1s  —  0 failed so far
[OUTPUT] 2026-07-14T18:40:45.616593 skip_listing [train]: validation complete — all 7,351 samples exist (12.9s, 569 checks/s); 3,500 URIs ready for rank 0 (73,500 total across all ranks)
[OUTPUT] 2026-07-14T18:40:45.618163 File listing [train]: 73500 files discovered, 3500 assigned to rank 0, completed in 12.93s
[OUTPUT] 2026-07-14T18:40:45.619216 skip_listing [valid]: generated 0 file URIs deterministically (0 total — validation disabled)
[OUTPUT] 2026-07-14T18:40:45.620473 File listing [valid]: 0 files discovered, 0 assigned to rank 0, completed in 0.00s
[OUTPUT] 2026-07-14T18:40:45.621386 Streamed file sharding: 73500 train files across 21 ranks via round-robin (rank 0 shard: 3500 files)
[OUTPUT] 2026-07-14T18:40:46.396225 Max steps per epoch per rank: 10500 = 1 * 73500 / 7 (samples per file * local files / batch size)
[OUTPUT] 2026-07-14T18:40:46.413306 Reshard for epoch 1: 3500 train files, 0 eval files redistributed via alltoall in 0.02s
[WARNING] NPZReaderS3Iterable[thread=2] [resource-probe] RAM projection: prefetch=6 x dataloader_workers=4 x ranks_per_node=21 x record_length=139 MiB = 70463 MiB of in-flight buffer memory, but only 18922 MiB (of 30056 MiB total) is currently available.  OOM / swap-thrash under load is likely.  Fix: reduce storage_options.prefetch_window, or reduce DataLoader worker count, or move the S3 target off-node.
[WARNING] NPZReaderS3Iterable[thread=1] [resource-probe] RAM projection: prefetch=6 x dataloader_workers=4 x ranks_per_node=21 x record_length=139 MiB = 70463 MiB of in-flight buffer memory, but only 18922 MiB (of 30056 MiB total) is currently available.  OOM / swap-thrash under load is likely.  Fix: reduce storage_options.prefetch_window, or reduce DataLoader worker count, or move the S3 target off-node.
[WARNING] NPZReaderS3Iterable[thread=0] [resource-probe] RAM projection: prefetch=6 x dataloader_workers=4 x ranks_per_node=21 x record_length=139 MiB = 70463 MiB of in-flight buffer memory, but only 18922 MiB (of 30056 MiB total) is currently available.  OOM / swap-thrash under load is likely.  Fix: reduce storage_options.prefetch_window, or reduce DataLoader worker count, or move the S3 target off-node.
[WARNING] NPZReaderS3Iterable[thread=2] [resource-probe] RAM projection: prefetch=6 x dataloader_workers=4 x ranks_per_node=21 x record_length=139 MiB = 70463 MiB of in-flight buffer memory, but only 18989 MiB (of 30056 MiB total) is currently available.  OOM / swap-thrash under load is likely.  Fix: reduce storage_options.prefetch_window, or reduce DataLoader worker count, or move the S3 target off-node.
[WARNING] NPZReaderS3Iterable[thread=1] [resource-probe] RAM projection: prefetch=6 x dataloader_workers=4 x ranks_per_node=21 x record_length=139 MiB = 70463 MiB of in-flight buffer memory, but only 14771 MiB (of 30056 MiB total) is currently available.  OOM / swap-thrash under load is likely.  Fix: reduce storage_options.prefetch_window, or reduce DataLoader worker count, or move the S3 target off-node.
[WARNING] NPZReaderS3Iterable[thread=0] [resource-probe] RAM projection: prefetch=6 x dataloader_workers=4 x ranks_per_node=21 x record_length=139 MiB = 70463 MiB of in-flight buffer memory, but only 14771 MiB (of 30056 MiB total) is currently available.  OOM / swap-thrash under load is likely.  Fix: reduce storage_options.prefetch_window, or reduce DataLoader worker count, or move the S3 target off-node.
[WARNING] NPZReaderS3Iterable[thread=2] [resource-probe] RAM projection: prefetch=6 x dataloader_workers=4 x ranks_per_node=21 x record_length=139 MiB = 70463 MiB of in-flight buffer memory, but only 14771 MiB (of 30056 MiB total) is currently available.  OOM / swap-thrash under load is likely.  Fix: reduce storage_options.prefetch_window, or reduce DataLoader worker count, or move the S3 target off-node.
[WARNING] NPZReaderS3Iterable[thread=3] [resource-probe] RAM projection: prefetch=6 x dataloader_workers=4 x ranks_per_node=21 x record_length=139 MiB = 70463 MiB of in-flight buffer memory, but only 14771 MiB (of 30056 MiB total) is currently available.  OOM / swap-thrash under load is likely.  Fix: reduce storage_options.prefetch_window, or reduce DataLoader worker count, or move the S3 target off-node.
[WARNING] NPZReaderS3Iterable[thread=1] [resource-probe] RAM projection: prefetch=6 x dataloader_workers=4 x ranks_per_node=21 x record_length=139 MiB = 70463 MiB of in-flight buffer memory, but only 12848 MiB (of 30056 MiB total) is currently available.  OOM / swap-thrash under load is likely.  Fix: reduce storage_options.prefetch_window, or reduce DataLoader worker count, or move the S3 target off-node.
[WARNING] NPZReaderS3Iterable[thread=2] [resource-probe] RAM projection: prefetch=6 x dataloader_workers=4 x ranks_per_node=21 x record_length=139 MiB = 70463 MiB of in-flight buffer memory, but only 12848 MiB (of 30056 MiB total) is currently available.  OOM / swap-thrash under load is likely.  Fix: reduce storage_options.prefetch_window, or reduce DataLoader worker count, or move the S3 target off-node.
[WARNING] NPZReaderS3Iterable[thread=0] [resource-probe] RAM projection: prefetch=6 x dataloader_workers=4 x ranks_per_node=21 x record_length=139 MiB = 70463 MiB of in-flight buffer memory, but only 12848 MiB (of 30056 MiB total) is currently available.  OOM / swap-thrash under load is likely.  Fix: reduce storage_options.prefetch_window, or reduce DataLoader worker count, or move the S3 target off-node.
[WARNING] NPZReaderS3Iterable[thread=3] [resource-probe] RAM projection: prefetch=6 x dataloader_workers=4 x ranks_per_node=21 x record_length=139 MiB = 70463 MiB of in-flight buffer memory, but only 12848 MiB (of 30056 MiB total) is currently available.  OOM / swap-thrash under load is likely.  Fix: reduce storage_options.prefetch_window, or reduce DataLoader worker count, or move the S3 target off-node.
[WARNING] NPZReaderS3Iterable[thread=0] [resource-probe] RAM projection: prefetch=6 x dataloader_workers=4 x ranks_per_node=21 x record_length=139 MiB = 70463 MiB of in-flight buffer memory, but only 12597 MiB (of 30056 MiB total) is currently available.  OOM / swap-thrash under load is likely.  Fix: reduce storage_options.prefetch_window, or reduce DataLoader worker count, or move the S3 target off-node.
[WARNING] NPZReaderS3Iterable[thread=3] [resource-probe] RAM projection: prefetch=6 x dataloader_workers=4 x ranks_per_node=21 x record_length=139 MiB = 70463 MiB of in-flight buffer memory, but only 12597 MiB (of 30056 MiB total) is currently available.  OOM / swap-thrash under load is likely.  Fix: reduce storage_options.prefetch_window, or reduce DataLoader worker count, or move the S3 target off-node.
[WARNING] NPZReaderS3Iterable[thread=1] [resource-probe] RAM projection: prefetch=6 x dataloader_workers=4 x ranks_per_node=21 x record_length=139 MiB = 70463 MiB of in-flight buffer memory, but only 12596 MiB (of 30056 MiB total) is currently available.  OOM / swap-thrash under load is likely.  Fix: reduce storage_options.prefetch_window, or reduce DataLoader worker count, or move the S3 target off-node.
[WARNING] NPZReaderS3Iterable[thread=2] [resource-probe] RAM projection: prefetch=6 x dataloader_workers=4 x ranks_per_node=21 x record_length=139 MiB = 70463 MiB of in-flight buffer memory, but only 12596 MiB (of 30056 MiB total) is currently available.  OOM / swap-thrash under load is likely.  Fix: reduce storage_options.prefetch_window, or reduce DataLoader worker count, or move the S3 target off-node.
[WARNING] NPZReaderS3Iterable[thread=0] [resource-probe] RAM projection: prefetch=6 x dataloader_workers=4 x ranks_per_node=21 x record_length=139 MiB = 70463 MiB of in-flight buffer memory, but only 12517 MiB (of 30056 MiB total) is currently available.  OOM / swap-thrash under load is likely.  Fix: reduce storage_options.prefetch_window, or reduce DataLoader worker count, or move the S3 target off-node.
[WARNING] NPZReaderS3Iterable[thread=2] [resource-probe] RAM projection: prefetch=6 x dataloader_workers=4 x ranks_per_node=21 x record_length=139 MiB = 70463 MiB of in-flight buffer memory, but only 12517 MiB (of 30056 MiB total) is currently available.  OOM / swap-thrash under load is likely.  Fix: reduce storage_options.prefetch_window, or reduce DataLoader worker count, or move the S3 target off-node.
[WARNING] NPZReaderS3Iterable[thread=1] [resource-probe] RAM projection: prefetch=6 x dataloader_workers=4 x ranks_per_node=21 x record_length=139 MiB = 70463 MiB of in-flight buffer memory, but only 12517 MiB (of 30056 MiB total) is currently available.  OOM / swap-thrash under load is likely.  Fix: reduce storage_options.prefetch_window, or reduce DataLoader worker count, or move the S3 target off-node.
[WARNING] NPZReaderS3Iterable[thread=3] [resource-probe] RAM projection: prefetch=6 x dataloader_workers=4 x ranks_per_node=21 x record_length=139 MiB = 70463 MiB of in-flight buffer memory, but only 12517 MiB (of 30056 MiB total) is currently available.  OOM / swap-thrash under load is likely.  Fix: reduce storage_options.prefetch_window, or reduce DataLoader worker count, or move the S3 target off-node.
[WARNING] NPZReaderS3Iterable[thread=0] [resource-probe] RAM projection: prefetch=6 x dataloader_workers=4 x ranks_per_node=21 x record_length=139 MiB = 70463 MiB of in-flight buffer memory, but only 12299 MiB (of 30056 MiB total) is currently available.  OOM / swap-thrash under load is likely.  Fix: reduce storage_options.prefetch_window, or reduce DataLoader worker count, or move the S3 target off-node.
[WARNING] NPZReaderS3Iterable[thread=2] [resource-probe] RAM projection: prefetch=6 x dataloader_workers=4 x ranks_per_node=21 x record_length=139 MiB = 70463 MiB of in-flight buffer memory, but only 12304 MiB (of 30056 MiB total) is currently available.  OOM / swap-thrash under load is likely.  Fix: reduce storage_options.prefetch_window, or reduce DataLoader worker count, or move the S3 target off-node.
[WARNING] NPZReaderS3Iterable[thread=1] [resource-probe] RAM projection: prefetch=6 x dataloader_workers=4 x ranks_per_node=21 x record_length=139 MiB = 70463 MiB of in-flight buffer memory, but only 12304 MiB (of 30056 MiB total) is currently available.  OOM / swap-thrash under load is likely.  Fix: reduce storage_options.prefetch_window, or reduce DataLoader worker count, or move the S3 target off-node.
[WARNING] NPZReaderS3Iterable[thread=3] [resource-probe] RAM projection: prefetch=6 x dataloader_workers=4 x ranks_per_node=21 x record_length=139 MiB = 70463 MiB of in-flight buffer memory, but only 12304 MiB (of 30056 MiB total) is currently available.  OOM / swap-thrash under load is likely.  Fix: reduce storage_options.prefetch_window, or reduce DataLoader worker count, or move the S3 target off-node.
[WARNING] NPZReaderS3Iterable[thread=0] [resource-probe] RAM projection: prefetch=6 x dataloader_workers=4 x ranks_per_node=21 x record_length=139 MiB = 70463 MiB of in-flight buffer memory, but only 12470 MiB (of 30056 MiB total) is currently available.  OOM / swap-thrash under load is likely.  Fix: reduce storage_options.prefetch_window, or reduce DataLoader worker count, or move the S3 target off-node.
[WARNING] NPZReaderS3Iterable[thread=3] [resource-probe] RAM projection: prefetch=6 x dataloader_workers=4 x ranks_per_node=21 x record_length=139 MiB = 70463 MiB of in-flight buffer memory, but only 12470 MiB (of 30056 MiB total) is currently available.  OOM / swap-thrash under load is likely.  Fix: reduce storage_options.prefetch_window, or reduce DataLoader worker count, or move the S3 target off-node.
[WARNING] NPZReaderS3Iterable[thread=1] [resource-probe] RAM projection: prefetch=6 x dataloader_workers=4 x ranks_per_node=21 x record_length=139 MiB = 70463 MiB of in-flight buffer memory, but only 12470 MiB (of 30056 MiB total) is currently available.  OOM / swap-thrash under load is likely.  Fix: reduce storage_options.prefetch_window, or reduce DataLoader worker count, or move the S3 target off-node.
[WARNING] NPZReaderS3Iterable[thread=2] [resource-probe] RAM projection: prefetch=6 x dataloader_workers=4 x ranks_per_node=21 x record_length=139 MiB = 70463 MiB of in-flight buffer memory, but only 12470 MiB (of 30056 MiB total) is currently available.  OOM / swap-thrash under load is likely.  Fix: reduce storage_options.prefetch_window, or reduce DataLoader worker count, or move the S3 target off-node.
[WARNING] NPZReaderS3Iterable[thread=0] [resource-probe] RAM projection: prefetch=6 x dataloader_workers=4 x ranks_per_node=21 x record_length=139 MiB = 70463 MiB of in-flight buffer memory, but only 12400 MiB (of 30056 MiB total) is currently available.  OOM / swap-thrash under load is likely.  Fix: reduce storage_options.prefetch_window, or reduce DataLoader worker count, or move the S3 target off-node.
[WARNING] NPZReaderS3Iterable[thread=3] [resource-probe] RAM projection: prefetch=6 x dataloader_workers=4 x ranks_per_node=21 x record_length=139 MiB = 70463 MiB of in-flight buffer memory, but only 12400 MiB (of 30056 MiB total) is currently available.  OOM / swap-thrash under load is likely.  Fix: reduce storage_options.prefetch_window, or reduce DataLoader worker count, or move the S3 target off-node.
[WARNING] NPZReaderS3Iterable[thread=1] [resource-probe] RAM projection: prefetch=6 x dataloader_workers=4 x ranks_per_node=21 x record_length=139 MiB = 70463 MiB of in-flight buffer memory, but only 12400 MiB (of 30056 MiB total) is currently available.  OOM / swap-thrash under load is likely.  Fix: reduce storage_options.prefetch_window, or reduce DataLoader worker count, or move the S3 target off-node.
[WARNING] NPZReaderS3Iterable[thread=2] [resource-probe] RAM projection: prefetch=6 x dataloader_workers=4 x ranks_per_node=21 x record_length=139 MiB = 70463 MiB of in-flight buffer memory, but only 12400 MiB (of 30056 MiB total) is currently available.  OOM / swap-thrash under load is likely.  Fix: reduce storage_options.prefetch_window, or reduce DataLoader worker count, or move the S3 target off-node.
[WARNING] NPZReaderS3Iterable[thread=1] [resource-probe] RAM projection: prefetch=6 x dataloader_workers=4 x ranks_per_node=21 x record_length=139 MiB = 70463 MiB of in-flight buffer memory, but only 12331 MiB (of 30056 MiB total) is currently available.  OOM / swap-thrash under load is likely.  Fix: reduce storage_options.prefetch_window, or reduce DataLoader worker count, or move the S3 target off-node.
[WARNING] NPZReaderS3Iterable[thread=2] [resource-probe] RAM projection: prefetch=6 x dataloader_workers=4 x ranks_per_node=21 x record_length=139 MiB = 70463 MiB of in-flight buffer memory, but only 12334 MiB (of 30056 MiB total) is currently available.  OOM / swap-thrash under load is likely.  Fix: reduce storage_options.prefetch_window, or reduce DataLoader worker count, or move the S3 target off-node.
[WARNING] NPZReaderS3Iterable[thread=3] [resource-probe] RAM projection: prefetch=6 x dataloader_workers=4 x ranks_per_node=21 x record_length=139 MiB = 70463 MiB of in-flight buffer memory, but only 12334 MiB (of 30056 MiB total) is currently available.  OOM / swap-thrash under load is likely.  Fix: reduce storage_options.prefetch_window, or reduce DataLoader worker count, or move the S3 target off-node.
[WARNING] NPZReaderS3Iterable[thread=0] [resource-probe] RAM projection: prefetch=6 x dataloader_workers=4 x ranks_per_node=21 x record_length=139 MiB = 70463 MiB of in-flight buffer memory, but only 12334 MiB (of 30056 MiB total) is currently available.  OOM / swap-thrash under load is likely.  Fix: reduce storage_options.prefetch_window, or reduce DataLoader worker count, or move the S3 target off-node.
[WARNING] NPZReaderS3Iterable[thread=0] [resource-probe] RAM projection: prefetch=6 x dataloader_workers=4 x ranks_per_node=21 x record_length=139 MiB = 70463 MiB of in-flight buffer memory, but only 12147 MiB (of 30056 MiB total) is currently available.  OOM / swap-thrash under load is likely.  Fix: reduce storage_options.prefetch_window, or reduce DataLoader worker count, or move the S3 target off-node.
[WARNING] NPZReaderS3Iterable[thread=2] [resource-probe] RAM projection: prefetch=6 x dataloader_workers=4 x ranks_per_node=21 x record_length=139 MiB = 70463 MiB of in-flight buffer memory, but only 12146 MiB (of 30056 MiB total) is currently available.  OOM / swap-thrash under load is likely.  Fix: reduce storage_options.prefetch_window, or reduce DataLoader worker count, or move the S3 target off-node.
[WARNING] NPZReaderS3Iterable[thread=3] [resource-probe] RAM projection: prefetch=6 x dataloader_workers=4 x ranks_per_node=21 x record_length=139 MiB = 70463 MiB of in-flight buffer memory, but only 12164 MiB (of 30056 MiB total) is currently available.  OOM / swap-thrash under load is likely.  Fix: reduce storage_options.prefetch_window, or reduce DataLoader worker count, or move the S3 target off-node.
[WARNING] NPZReaderS3Iterable[thread=1] [resource-probe] RAM projection: prefetch=6 x dataloader_workers=4 x ranks_per_node=21 x record_length=139 MiB = 70463 MiB of in-flight buffer memory, but only 12173 MiB (of 30056 MiB total) is currently available.  OOM / swap-thrash under load is likely.  Fix: reduce storage_options.prefetch_window, or reduce DataLoader worker count, or move the S3 target off-node.
[WARNING] NPZReaderS3Iterable[thread=0] [resource-probe] RAM projection: prefetch=6 x dataloader_workers=4 x ranks_per_node=21 x record_length=139 MiB = 70463 MiB of in-flight buffer memory, but only 12195 MiB (of 30056 MiB total) is currently available.  OOM / swap-thrash under load is likely.  Fix: reduce storage_options.prefetch_window, or reduce DataLoader worker count, or move the S3 target off-node.
[WARNING] NPZReaderS3Iterable[thread=1] [resource-probe] RAM projection: prefetch=6 x dataloader_workers=4 x ranks_per_node=21 x record_length=139 MiB = 70463 MiB of in-flight buffer memory, but only 12195 MiB (of 30056 MiB total) is currently available.  OOM / swap-thrash under load is likely.  Fix: reduce storage_options.prefetch_window, or reduce DataLoader worker count, or move the S3 target off-node.
[WARNING] NPZReaderS3Iterable[thread=3] [resource-probe] RAM projection: prefetch=6 x dataloader_workers=4 x ranks_per_node=21 x record_length=139 MiB = 70463 MiB of in-flight buffer memory, but only 12195 MiB (of 30056 MiB total) is currently available.  OOM / swap-thrash under load is likely.  Fix: reduce storage_options.prefetch_window, or reduce DataLoader worker count, or move the S3 target off-node.
[WARNING] NPZReaderS3Iterable[thread=2] [resource-probe] RAM projection: prefetch=6 x dataloader_workers=4 x ranks_per_node=21 x record_length=139 MiB = 70463 MiB of in-flight buffer memory, but only 12195 MiB (of 30056 MiB total) is currently available.  OOM / swap-thrash under load is likely.  Fix: reduce storage_options.prefetch_window, or reduce DataLoader worker count, or move the S3 target off-node.
[WARNING] NPZReaderS3Iterable[thread=1] [resource-probe] RAM projection: prefetch=6 x dataloader_workers=4 x ranks_per_node=21 x record_length=139 MiB = 70463 MiB of in-flight buffer memory, but only 11566 MiB (of 30056 MiB total) is currently available.  OOM / swap-thrash under load is likely.  Fix: reduce storage_options.prefetch_window, or reduce DataLoader worker count, or move the S3 target off-node.
[WARNING] NPZReaderS3Iterable[thread=0] [resource-probe] RAM projection: prefetch=6 x dataloader_workers=4 x ranks_per_node=21 x record_length=139 MiB = 70463 MiB of in-flight buffer memory, but only 11566 MiB (of 30056 MiB total) is currently available.  OOM / swap-thrash under load is likely.  Fix: reduce storage_options.prefetch_window, or reduce DataLoader worker count, or move the S3 target off-node.
[WARNING] NPZReaderS3Iterable[thread=3] [resource-probe] RAM projection: prefetch=6 x dataloader_workers=4 x ranks_per_node=21 x record_length=139 MiB = 70463 MiB of in-flight buffer memory, but only 11567 MiB (of 30056 MiB total) is currently available.  OOM / swap-thrash under load is likely.  Fix: reduce storage_options.prefetch_window, or reduce DataLoader worker count, or move the S3 target off-node.
[WARNING] NPZReaderS3Iterable[thread=1] [resource-probe] RAM projection: prefetch=6 x dataloader_workers=4 x ranks_per_node=21 x record_length=139 MiB = 70463 MiB of in-flight buffer memory, but only 19657 MiB (of 30056 MiB total) is currently available.  OOM / swap-thrash under load is likely.  Fix: reduce storage_options.prefetch_window, or reduce DataLoader worker count, or move the S3 target off-node.
[WARNING] NPZReaderS3Iterable[thread=2] [resource-probe] RAM projection: prefetch=6 x dataloader_workers=4 x ranks_per_node=21 x record_length=139 MiB = 70463 MiB of in-flight buffer memory, but only 19657 MiB (of 30056 MiB total) is currently available.  OOM / swap-thrash under load is likely.  Fix: reduce storage_options.prefetch_window, or reduce DataLoader worker count, or move the S3 target off-node.
[WARNING] NPZReaderS3Iterable[thread=3] [resource-probe] RAM projection: prefetch=6 x dataloader_workers=4 x ranks_per_node=21 x record_length=139 MiB = 70463 MiB of in-flight buffer memory, but only 19657 MiB (of 30056 MiB total) is currently available.  OOM / swap-thrash under load is likely.  Fix: reduce storage_options.prefetch_window, or reduce DataLoader worker count, or move the S3 target off-node.
[WARNING] NPZReaderS3Iterable[thread=0] [resource-probe] RAM projection: prefetch=6 x dataloader_workers=4 x ranks_per_node=21 x record_length=139 MiB = 70463 MiB of in-flight buffer memory, but only 19657 MiB (of 30056 MiB total) is currently available.  OOM / swap-thrash under load is likely.  Fix: reduce storage_options.prefetch_window, or reduce DataLoader worker count, or move the S3 target off-node.
[WARNING] NPZReaderS3Iterable[thread=1] [resource-probe] RAM projection: prefetch=6 x dataloader_workers=4 x ranks_per_node=21 x record_length=139 MiB = 70463 MiB of in-flight buffer memory, but only 19300 MiB (of 30056 MiB total) is currently available.  OOM / swap-thrash under load is likely.  Fix: reduce storage_options.prefetch_window, or reduce DataLoader worker count, or move the S3 target off-node.
[WARNING] NPZReaderS3Iterable[thread=2] [resource-probe] RAM projection: prefetch=6 x dataloader_workers=4 x ranks_per_node=21 x record_length=139 MiB = 70463 MiB of in-flight buffer memory, but only 19300 MiB (of 30056 MiB total) is currently available.  OOM / swap-thrash under load is likely.  Fix: reduce storage_options.prefetch_window, or reduce DataLoader worker count, or move the S3 target off-node.
[WARNING] NPZReaderS3Iterable[thread=0] [resource-probe] RAM projection: prefetch=6 x dataloader_workers=4 x ranks_per_node=21 x record_length=139 MiB = 70463 MiB of in-flight buffer memory, but only 19300 MiB (of 30056 MiB total) is currently available.  OOM / swap-thrash under load is likely.  Fix: reduce storage_options.prefetch_window, or reduce DataLoader worker count, or move the S3 target off-node.
[WARNING] NPZReaderS3Iterable[thread=3] [resource-probe] RAM projection: prefetch=6 x dataloader_workers=4 x ranks_per_node=21 x record_length=139 MiB = 70463 MiB of in-flight buffer memory, but only 20144 MiB (of 30056 MiB total) is currently available.  OOM / swap-thrash under load is likely.  Fix: reduce storage_options.prefetch_window, or reduce DataLoader worker count, or move the S3 target off-node.
[WARNING] NPZReaderS3Iterable[thread=2] [resource-probe] RAM projection: prefetch=6 x dataloader_workers=4 x ranks_per_node=21 x record_length=139 MiB = 70463 MiB of in-flight buffer memory, but only 20144 MiB (of 30056 MiB total) is currently available.  OOM / swap-thrash under load is likely.  Fix: reduce storage_options.prefetch_window, or reduce DataLoader worker count, or move the S3 target off-node.
[WARNING] NPZReaderS3Iterable[thread=0] [resource-probe] RAM projection: prefetch=6 x dataloader_workers=4 x ranks_per_node=21 x record_length=139 MiB = 70463 MiB of in-flight buffer memory, but only 20144 MiB (of 30056 MiB total) is currently available.  OOM / swap-thrash under load is likely.  Fix: reduce storage_options.prefetch_window, or reduce DataLoader worker count, or move the S3 target off-node.
[WARNING] NPZReaderS3Iterable[thread=1] [resource-probe] RAM projection: prefetch=6 x dataloader_workers=4 x ranks_per_node=21 x record_length=139 MiB = 70463 MiB of in-flight buffer memory, but only 20144 MiB (of 30056 MiB total) is currently available.  OOM / swap-thrash under load is likely.  Fix: reduce storage_options.prefetch_window, or reduce DataLoader worker count, or move the S3 target off-node.
[WARNING] NPZReaderS3Iterable[thread=2] [resource-probe] RAM projection: prefetch=6 x dataloader_workers=4 x ranks_per_node=21 x record_length=139 MiB = 70463 MiB of in-flight buffer memory, but only 15108 MiB (of 30056 MiB total) is currently available.  OOM / swap-thrash under load is likely.  Fix: reduce storage_options.prefetch_window, or reduce DataLoader worker count, or move the S3 target off-node.
[WARNING] NPZReaderS3Iterable[thread=0] [resource-probe] RAM projection: prefetch=6 x dataloader_workers=4 x ranks_per_node=21 x record_length=139 MiB = 70463 MiB of in-flight buffer memory, but only 15108 MiB (of 30056 MiB total) is currently available.  OOM / swap-thrash under load is likely.  Fix: reduce storage_options.prefetch_window, or reduce DataLoader worker count, or move the S3 target off-node.
[WARNING] NPZReaderS3Iterable[thread=1] [resource-probe] RAM projection: prefetch=6 x dataloader_workers=4 x ranks_per_node=21 x record_length=139 MiB = 70463 MiB of in-flight buffer memory, but only 15108 MiB (of 30056 MiB total) is currently available.  OOM / swap-thrash under load is likely.  Fix: reduce storage_options.prefetch_window, or reduce DataLoader worker count, or move the S3 target off-node.
[WARNING] NPZReaderS3Iterable[thread=3] [resource-probe] RAM projection: prefetch=6 x dataloader_workers=4 x ranks_per_node=21 x record_length=139 MiB = 70463 MiB of in-flight buffer memory, but only 15108 MiB (of 30056 MiB total) is currently available.  OOM / swap-thrash under load is likely.  Fix: reduce storage_options.prefetch_window, or reduce DataLoader worker count, or move the S3 target off-node.
[WARNING] NPZReaderS3Iterable[thread=0] [resource-probe] RAM projection: prefetch=6 x dataloader_workers=4 x ranks_per_node=21 x record_length=139 MiB = 70463 MiB of in-flight buffer memory, but only 16105 MiB (of 30056 MiB total) is currently available.  OOM / swap-thrash under load is likely.  Fix: reduce storage_options.prefetch_window, or reduce DataLoader worker count, or move the S3 target off-node.
[WARNING] NPZReaderS3Iterable[thread=3] [resource-probe] RAM projection: prefetch=6 x dataloader_workers=4 x ranks_per_node=21 x record_length=139 MiB = 70463 MiB of in-flight buffer memory, but only 16105 MiB (of 30056 MiB total) is currently available.  OOM / swap-thrash under load is likely.  Fix: reduce storage_options.prefetch_window, or reduce DataLoader worker count, or move the S3 target off-node.
[WARNING] NPZReaderS3Iterable[thread=1] [resource-probe] RAM projection: prefetch=6 x dataloader_workers=4 x ranks_per_node=21 x record_length=139 MiB = 70463 MiB of in-flight buffer memory, but only 16105 MiB (of 30056 MiB total) is currently available.  OOM / swap-thrash under load is likely.  Fix: reduce storage_options.prefetch_window, or reduce DataLoader worker count, or move the S3 target off-node.
[WARNING] NPZReaderS3Iterable[thread=2] [resource-probe] RAM projection: prefetch=6 x dataloader_workers=4 x ranks_per_node=21 x record_length=139 MiB = 70463 MiB of in-flight buffer memory, but only 16105 MiB (of 30056 MiB total) is currently available.  OOM / swap-thrash under load is likely.  Fix: reduce storage_options.prefetch_window, or reduce DataLoader worker count, or move the S3 target off-node.
[WARNING] NPZReaderS3Iterable[thread=2] [resource-probe] RAM projection: prefetch=6 x dataloader_workers=4 x ranks_per_node=21 x record_length=139 MiB = 70463 MiB of in-flight buffer memory, but only 20425 MiB (of 30056 MiB total) is currently available.  OOM / swap-thrash under load is likely.  Fix: reduce storage_options.prefetch_window, or reduce DataLoader worker count, or move the S3 target off-node.
[WARNING] NPZReaderS3Iterable[thread=1] [resource-probe] RAM projection: prefetch=6 x dataloader_workers=4 x ranks_per_node=21 x record_length=139 MiB = 70463 MiB of in-flight buffer memory, but only 20425 MiB (of 30056 MiB total) is currently available.  OOM / swap-thrash under load is likely.  Fix: reduce storage_options.prefetch_window, or reduce DataLoader worker count, or move the S3 target off-node.
[WARNING] NPZReaderS3Iterable[thread=3] [resource-probe] RAM projection: prefetch=6 x dataloader_workers=4 x ranks_per_node=21 x record_length=139 MiB = 70463 MiB of in-flight buffer memory, but only 20425 MiB (of 30056 MiB total) is currently available.  OOM / swap-thrash under load is likely.  Fix: reduce storage_options.prefetch_window, or reduce DataLoader worker count, or move the S3 target off-node.
[WARNING] NPZReaderS3Iterable[thread=0] [resource-probe] RAM projection: prefetch=6 x dataloader_workers=4 x ranks_per_node=21 x record_length=139 MiB = 70463 MiB of in-flight buffer memory, but only 20425 MiB (of 30056 MiB total) is currently available.  OOM / swap-thrash under load is likely.  Fix: reduce storage_options.prefetch_window, or reduce DataLoader worker count, or move the S3 target off-node.
[WARNING] NPZReaderS3Iterable[thread=3] [resource-probe] RAM projection: prefetch=6 x dataloader_workers=4 x ranks_per_node=21 x record_length=139 MiB = 70463 MiB of in-flight buffer memory, but only 19845 MiB (of 30056 MiB total) is currently available.  OOM / swap-thrash under load is likely.  Fix: reduce storage_options.prefetch_window, or reduce DataLoader worker count, or move the S3 target off-node.
[WARNING] NPZReaderS3Iterable[thread=1] [resource-probe] RAM projection: prefetch=6 x dataloader_workers=4 x ranks_per_node=21 x record_length=139 MiB = 70463 MiB of in-flight buffer memory, but only 19845 MiB (of 30056 MiB total) is currently available.  OOM / swap-thrash under load is likely.  Fix: reduce storage_options.prefetch_window, or reduce DataLoader worker count, or move the S3 target off-node.
[WARNING] NPZReaderS3Iterable[thread=0] [resource-probe] RAM projection: prefetch=6 x dataloader_workers=4 x ranks_per_node=21 x record_length=139 MiB = 70463 MiB of in-flight buffer memory, but only 19845 MiB (of 30056 MiB total) is currently available.  OOM / swap-thrash under load is likely.  Fix: reduce storage_options.prefetch_window, or reduce DataLoader worker count, or move the S3 target off-node.
[WARNING] NPZReaderS3Iterable[thread=2] [resource-probe] RAM projection: prefetch=6 x dataloader_workers=4 x ranks_per_node=21 x record_length=139 MiB = 70463 MiB of in-flight buffer memory, but only 19845 MiB (of 30056 MiB total) is currently available.  OOM / swap-thrash under load is likely.  Fix: reduce storage_options.prefetch_window, or reduce DataLoader worker count, or move the S3 target off-node.
buffer memory, but only 19925 MiB (of 30056 MiB total) is currently available.  OOM / swap-thrash under load is likely.  Fix: reduce storage_options.prefetch_window, or reduce DataLoader worker count, or move the S3 target off-node.
[WARNING] NPZReaderS3Iterable[thread=2] [resource-probe] RAM projection: prefetch=6 x dataloader_workers=4 x ranks_per_node=21 x record_length=139 MiB = 70463 MiB of in-flight buffer memory, but only 19925 MiB (of 30056 MiB total) is currently available.  OOM / swap-thrash under load is likely.  Fix: reduce storage_options.prefetch_window, or reduce DataLoader worker count, or move the S3 target off-node.
[WARNING] NPZReaderS3Iterable[thread=1] [resource-probe] RAM projection: prefetch=6 x dataloader_workers=4 x ranks_per_node=21 x record_length=139 MiB = 70463 MiB of in-flight buffer memory, but only 19925 MiB (of 30056 MiB total) is currently available.  OOM / swap-thrash under load is likely.  Fix: reduce storage_options.prefetch_window, or reduce DataLoader worker count, or move the S3 target off-node.
[OUTPUT] 2026-07-14T18:48:51.198925 Worker pre-warm complete for epoch 6 (4 workers spawned)
[OUTPUT] 2026-07-14T18:48:51.466322 Saved outputs in /data/results-submission-final/closed/Nebius/results/nebius-s3-unet3d-21n/training/unet3d/run/20260714_183837
[OUTPUT] Averaged metric over all steps/epochs
[METRIC] ==========================================================
[METRIC] Number of Simulated Accelerators: 21 
[METRIC] Training Accelerator Utilization [AU] (%): 92.9697 (0.7124)
[METRIC] Training Throughput (samples/second): 842.7329 (6.4510)
[METRIC] Training I/O Throughput (MiB/second): 117821.8603 (901.9161)
[METRIC] train_au_meet_expectation: success
[METRIC] ==========================================================

[OUTPUT] 2026-07-14T18:48:51.493627 outputs saved in RANKID_output.json
B total) is currently available.  OOM / swap-thrash under load is likely.  Fix: reduce storage_options.prefetch_window, or reduce DataLoader worker count, or move the S3 target off-node.
[WARNING] NPZReaderS3Iterable[thread=2] [resource-probe] RAM projection: prefetch=6 x dataloader_workers=4 x ranks_per_node=21 x record_length=139 MiB = 70463 MiB of in-flight buffer memory, but only 20357 MiB (of 30056 MiB total) is currently available.  OOM / swap-thrash under load is likely.  Fix: reduce storage_options.prefetch_window, or reduce DataLoader worker count, or move the S3 target off-node.
[WARNING] NPZReaderS3Iterable[thread=3] [resource-probe] RAM projection: prefetch=6 x dataloader_workers=4 x ranks_per_node=21 x record_length=139 MiB = 70463 MiB of in-flight buffer memory, but only 20357 MiB (of 30056 MiB total) is currently available.  OOM / swap-thrash under load is likely.  Fix: reduce storage_options.prefetch_window, or reduce DataLoader worker count, or move the S3 target off-node.
[WARNING] NPZReaderS3Iterable[thread=0] [resource-probe] RAM projection: prefetch=6 x dataloader_workers=4 x ranks_per_node=21 x record_length=139 MiB = 70463 MiB of in-flight buffer memory, but only 20357 MiB (of 30056 MiB total) is currently available.  OOM / swap-thrash under load is likely.  Fix: reduce storage_options.prefetch_window, or reduce DataLoader worker count, or move the S3 target off-node.
[WARNING] NPZReaderS3Iterable[thread=1] [resource-probe] RAM projection: prefetch=6 x dataloader_workers=4 x ranks_per_node=21 x record_length=139 MiB = 70463 MiB of in-flight buffer memory, but only 19645 MiB (of 30056 MiB total) is currently available.  OOM / swap-thrash under load is likely.  Fix: reduce storage_options.prefetch_window, or reduce DataLoader worker count, or move the S3 target off-node.
[WARNING] NPZReaderS3Iterable[thread=2] [resource-probe] RAM projection: prefetch=6 x dataloader_workers=4 x ranks_per_node=21 x record_length=139 MiB = 70463 MiB of in-flight buffer memory, but only 19645 MiB (of 30056 MiB total) is currently available.  OOM / swap-thrash under load is likely.  Fix: reduce storage_options.prefetch_window, or reduce DataLoader worker count, or move the S3 target off-node.
[WARNING] NPZReaderS3Iterable[thread=0] [resource-probe] RAM projection: prefetch=6 x dataloader_workers=4 x ranks_per_node=21 x record_length=139 MiB = 70463 MiB of in-flight buffer memory, but only 19645 MiB (of 30056 MiB total) is currently available.  OOM / swap-thrash under load is likely.  Fix: reduce storage_options.prefetch_window, or reduce DataLoader worker count, or move the S3 target off-node.
[WARNING] NPZReaderS3Iterable[thread=3] [resource-probe] RAM projection: prefetch=6 x dataloader_workers=4 x ranks_per_node=21 x record_length=139 MiB = 70463 MiB of in-flight buffer memory, but only 19645 MiB (of 30056 MiB total) is currently available.  OOM / swap-thrash under load is likely.  Fix: reduce storage_options.prefetch_window, or reduce DataLoader worker count, or move the S3 target off-node.
[WARNING] NPZReaderS3Iterable[thread=3] [resource-probe] RAM projection: prefetch=6 x dataloader_workers=4 x ranks_per_node=21 x record_length=139 MiB = 70463 MiB of in-flight buffer memory, but only 19783 MiB (of 30056 MiB total) is currently available.  OOM / swap-thrash under load is likely.  Fix: reduce storage_options.prefetch_window, or reduce DataLoader worker count, or move the S3 target off-node.
[WARNING] NPZReaderS3Iterable[thread=1] [resource-probe] RAM projection: prefetch=6 x dataloader_workers=4 x ranks_per_node=21 x record_length=139 MiB = 70463 MiB of in-flight buffer memory, but only 19783 MiB (of 30056 MiB total) is currently available.  OOM / swap-thrash under load is likely.  Fix: reduce storage_options.prefetch_window, or reduce DataLoader worker count, or move the S3 target off-node.
[WARNING] NPZReaderS3Iterable[thread=0] [resource-probe] RAM projection: prefetch=6 x dataloader_workers=4 x ranks_per_node=21 x record_length=139 MiB = 70463 MiB of in-flight buffer memory, but only 19783 MiB (of 30056 MiB total) is currently available.  OOM / swap-thrash under load is likely.  Fix: reduce storage_options.prefetch_window, or reduce DataLoader worker count, or move the S3 target off-node.
[WARNING] NPZReaderS3Iterable[thread=2] [resource-probe] RAM projection: prefetch=6 x dataloader_workers=4 x ranks_per_node=21 x record_length=139 MiB = 70463 MiB of in-flight buffer memory, but only 19783 MiB (of 30056 MiB total) is currently available.  OOM / swap-thrash under load is likely.  Fix: reduce storage_options.prefetch_window, or reduce DataLoader worker count, or move the S3 target off-node.
[WARNING] NPZReaderS3Iterable[thread=0] [resource-probe] RAM projection: prefetch=6 x dataloader_workers=4 x ranks_per_node=21 x record_length=139 MiB = 70463 MiB of in-flight buffer memory, but only 15547 MiB (of 30056 MiB total) is currently available.  OOM / swap-thrash under load is likely.  Fix: reduce storage_options.prefetch_window, or reduce DataLoader worker count, or move the S3 target off-node.
[WARNING] NPZReaderS3Iterable[thread=1] [resource-probe] RAM projection: prefetch=6 x dataloader_workers=4 x ranks_per_node=21 x record_length=139 MiB = 70463 MiB of in-flight buffer memory, but only 15548 MiB (of 30056 MiB total) is currently available.  OOM / swap-thrash under load is likely.  Fix: reduce storage_options.prefetch_window, or reduce DataLoader worker count, or move the S3 target off-node.
[WARNING] NPZReaderS3Iterable[thread=3] [resource-probe] RAM projection: prefetch=6 x dataloader_workers=4 x ranks_per_node=21 x record_length=139 MiB = 70463 MiB of in-flight buffer memory, but only 15548 MiB (of 30056 MiB total) is currently available.  OOM / swap-thrash under load is likely.  Fix: reduce storage_options.prefetch_window, or reduce DataLoader worker count, or move the S3 target off-node.
[WARNING] NPZReaderS3Iterable[thread=0] [resource-probe] RAM projection: prefetch=6 x dataloader_workers=4 x ranks_per_node=21 x record_length=139 MiB = 70463 MiB of in-flight buffer memory, but only 15812 MiB (of 30056 MiB total) is currently available.  OOM / swap-thrash under load is likely.  Fix: reduce storage_options.prefetch_window, or reduce DataLoader worker count, or move the S3 target off-node.
[WARNING] NPZReaderS3Iterable[thread=1] [resource-probe] RAM projection: prefetch=6 x dataloader_workers=4 x ranks_per_node=21 x record_length=139 MiB = 70463 MiB of in-flight buffer memory, but only 15812 MiB (of 30056 MiB total) is currently available.  OOM / swap-thrash under load is likely.  Fix: reduce storage_options.prefetch_window, or reduce DataLoader worker count, or move the S3 target off-node.
[WARNING] NPZReaderS3Iterable[thread=3] [resource-probe] RAM projection: prefetch=6 x dataloader_workers=4 x ranks_per_node=21 x record_length=139 MiB = 70463 MiB of in-flight buffer memory, but only 15812 MiB (of 30056 MiB total) is currently available.  OOM / swap-thrash under load is likely.  Fix: reduce storage_options.prefetch_window, or reduce DataLoader worker count, or move the S3 target off-node.
[WARNING] NPZReaderS3Iterable[thread=1] [resource-probe] RAM projection: prefetch=6 x dataloader_workers=4 x ranks_per_node=21 x record_length=139 MiB = 70463 MiB of in-flight buffer memory, but only 19698 MiB (of 30056 MiB total) is currently available.  OOM / swap-thrash under load is likely.  Fix: reduce storage_options.prefetch_window, or reduce DataLoader worker count, or move the S3 target off-node.
[WARNING] NPZReaderS3Iterable[thread=2] [resource-probe] RAM projection: prefetch=6 x dataloader_workers=4 x ranks_per_node=21 x record_length=139 MiB = 70463 MiB of in-flight buffer memory, but only 19698 MiB (of 30056 MiB total) is currently available.  OOM / swap-thrash under load is likely.  Fix: reduce storage_options.prefetch_window, or reduce DataLoader worker count, or move the S3 target off-node.
[WARNING] NPZReaderS3Iterable[thread=3] [resource-probe] RAM projection: prefetch=6 x dataloader_workers=4 x ranks_per_node=21 x record_length=139 MiB = 70463 MiB of in-flight buffer memory, but only 19698 MiB (of 30056 MiB total) is currently available.  OOM / swap-thrash under load is likely.  Fix: reduce storage_options.prefetch_window, or reduce DataLoader worker count, or move the S3 target off-node.
[WARNING] NPZReaderS3Iterable[thread=0] [resource-probe] RAM projection: prefetch=6 x dataloader_workers=4 x ranks_per_node=21 x record_length=139 MiB = 70463 MiB of in-flight buffer memory, but only 19698 MiB (of 30056 MiB total) is currently available.  OOM / swap-thrash under load is likely.  Fix: reduce storage_options.prefetch_window, or reduce DataLoader worker count, or move the S3 target off-node.
[WARNING] NPZReaderS3Iterable[thread=1] [resource-probe] RAM projection: prefetch=6 x dataloader_workers=4 x ranks_per_node=21 x record_length=139 MiB = 70463 MiB of in-flight buffer memory, but only 20126 MiB (of 30056 MiB total) is currently available.  OOM / swap-thrash under load is likely.  Fix: reduce storage_options.prefetch_window, or reduce DataLoader worker count, or move the S3 target off-node.
[WARNING] NPZReaderS3Iterable[thread=0] [resource-probe] RAM projection: prefetch=6 x dataloader_workers=4 x ranks_per_node=21 x record_length=139 MiB = 70463 MiB of in-flight buffer memory, but only 20131 MiB (of 30056 MiB total) is currently available.  OOM / swap-thrash under load is likely.  Fix: reduce storage_options.prefetch_window, or reduce DataLoader worker count, or move the S3 target off-node.
[WARNING] NPZReaderS3Iterable[thread=2] [resource-probe] RAM projection: prefetch=6 x dataloader_workers=4 x ranks_per_node=21 x record_length=139 MiB = 70463 MiB of in-flight buffer memory, but only 20131 MiB (of 30056 MiB total) is currently available.  OOM / swap-thrash under load is likely.  Fix: reduce storage_options.prefetch_window, or reduce DataLoader worker count, or move the S3 target off-node.
[WARNING] NPZReaderS3Iterable[thread=3] [resource-probe] RAM projection: prefetch=6 x dataloader_workers=4 x ranks_per_node=21 x record_length=139 MiB = 70463 MiB of in-flight buffer memory, but only 20131 MiB (of 30056 MiB total) is currently available.  OOM / swap-thrash under load is likely.  Fix: reduce storage_options.prefetch_window, or reduce DataLoader worker count, or move the S3 target off-node.
