[OUTPUT] [DEBUG DLIOBenchmark.__init__] After LoadConfig:
[OUTPUT]   storage_type   = <StorageType.LOCAL_FS: 'local_fs'>
[OUTPUT]   storage_root   = './'
[OUTPUT]   storage_options= None
[OUTPUT]   data_folder    = '/mnt/xpc/mlperf/data/formal/unet3d_closed_7client_a70_20260721_095215/unet3d'
[OUTPUT]   framework      = <FrameworkType.PYTORCH: 'pytorch'>
[OUTPUT]   num_files_train= 245000
[OUTPUT]   record_length  = 146600628
[OUTPUT]   generate_data  = False
[OUTPUT]   do_train       = True
[OUTPUT]   do_checkpoint  = False
[OUTPUT]   epochs         = 5
[OUTPUT]   batch_size     = 7
[OUTPUT] 2026-07-21T11:41:28.138050 Running DLIO [Training] with 70 process(es)
[OUTPUT] 2026-07-21T11:41:28.177981 skip_listing [train]: validating 24,501 of 245,000 files (first, last, every 10) via HEAD requests ...
[OUTPUT] 2026-07-21T11:41:28.201774 skip_listing [train]:   500/24,501 checked (2%)  —  21112 checks/s  —  ETA 1s  —  0 failed so far
[OUTPUT] 2026-07-21T11:41:28.220989 skip_listing [train]:   1,000/24,501 checked (4%)  —  23311 checks/s  —  ETA 1s  —  0 failed so far
[OUTPUT] 2026-07-21T11:41:28.240077 skip_listing [train]:   1,500/24,501 checked (6%)  —  24198 checks/s  —  ETA 1s  —  0 failed so far
[OUTPUT] 2026-07-21T11:41:28.258671 skip_listing [train]:   2,000/24,501 checked (8%)  —  24820 checks/s  —  ETA 1s  —  0 failed so far
[OUTPUT] 2026-07-21T11:41:28.277980 skip_listing [train]:   2,500/24,501 checked (10%)  —  25027 checks/s  —  ETA 1s  —  0 failed so far
[OUTPUT] 2026-07-21T11:41:28.296487 skip_listing [train]:   3,000/24,501 checked (12%)  —  25338 checks/s  —  ETA 1s  —  0 failed so far
[OUTPUT] 2026-07-21T11:41:28.315067 skip_listing [train]:   3,500/24,501 checked (14%)  —  25552 checks/s  —  ETA 1s  —  0 failed so far
[OUTPUT] 2026-07-21T11:41:28.333346 skip_listing [train]:   4,000/24,501 checked (16%)  —  25764 checks/s  —  ETA 1s  —  0 failed so far
[OUTPUT] 2026-07-21T11:41:28.360743 skip_listing [train]:   4,500/24,501 checked (18%)  —  24637 checks/s  —  ETA 1s  —  0 failed so far
[OUTPUT] 2026-07-21T11:41:28.411243 skip_listing [train]:   5,000/24,501 checked (20%)  —  21445 checks/s  —  ETA 1s  —  0 failed so far
[OUTPUT] 2026-07-21T11:41:28.429977 skip_listing [train]:   5,500/24,501 checked (22%)  —  21835 checks/s  —  ETA 1s  —  0 failed so far
[OUTPUT] 2026-07-21T11:41:28.448796 skip_listing [train]:   6,000/24,501 checked (24%)  —  22164 checks/s  —  ETA 1s  —  0 failed so far
[OUTPUT] 2026-07-21T11:41:28.468314 skip_listing [train]:   6,500/24,501 checked (27%)  —  22396 checks/s  —  ETA 1s  —  0 failed so far
[OUTPUT] 2026-07-21T11:41:28.486477 skip_listing [train]:   7,000/24,501 checked (29%)  —  22699 checks/s  —  ETA 1s  —  0 failed so far
[OUTPUT] 2026-07-21T11:41:28.504762 skip_listing [train]:   7,500/24,501 checked (31%)  —  22959 checks/s  —  ETA 1s  —  0 failed so far
[OUTPUT] 2026-07-21T11:41:28.523360 skip_listing [train]:   8,000/24,501 checked (33%)  —  23170 checks/s  —  ETA 1s  —  0 failed so far
[OUTPUT] 2026-07-21T11:41:28.542639 skip_listing [train]:   8,500/24,501 checked (35%)  —  23316 checks/s  —  ETA 1s  —  0 failed so far
[OUTPUT] 2026-07-21T11:41:28.560862 skip_listing [train]:   9,000/24,501 checked (37%)  —  23513 checks/s  —  ETA 1s  —  0 failed so far
[OUTPUT] 2026-07-21T11:41:28.580633 skip_listing [train]:   9,500/24,501 checked (39%)  —  23600 checks/s  —  ETA 1s  —  0 failed so far
[OUTPUT] 2026-07-21T11:41:28.598409 skip_listing [train]:   10,000/24,501 checked (41%)  —  23791 checks/s  —  ETA 1s  —  0 failed so far
[OUTPUT] 2026-07-21T11:41:28.617136 skip_listing [train]:   10,500/24,501 checked (43%)  —  23915 checks/s  —  ETA 1s  —  0 failed so far
[OUTPUT] 2026-07-21T11:41:28.634873 skip_listing [train]:   11,000/24,501 checked (45%)  —  24081 checks/s  —  ETA 1s  —  0 failed so far
[OUTPUT] 2026-07-21T11:41:28.672221 skip_listing [train]:   11,500/24,501 checked (47%)  —  23273 checks/s  —  ETA 1s  —  0 failed so far
[OUTPUT] 2026-07-21T11:41:28.701745 skip_listing [train]:   12,000/24,501 checked (49%)  —  22916 checks/s  —  ETA 1s  —  0 failed so far
[OUTPUT] 2026-07-21T11:41:28.719780 skip_listing [train]:   12,500/24,501 checked (51%)  —  23076 checks/s  —  ETA 1s  —  0 failed so far
[OUTPUT] 2026-07-21T11:41:28.738001 skip_listing [train]:   13,000/24,501 checked (53%)  —  23218 checks/s  —  ETA 0s  —  0 failed so far
[OUTPUT] 2026-07-21T11:41:28.758580 skip_listing [train]:   13,500/24,501 checked (55%)  —  23256 checks/s  —  ETA 0s  —  0 failed so far
[OUTPUT] 2026-07-21T11:41:28.780489 skip_listing [train]:   14,000/24,501 checked (57%)  —  23240 checks/s  —  ETA 0s  —  0 failed so far
[OUTPUT] 2026-07-21T11:41:28.799047 skip_listing [train]:   14,500/24,501 checked (59%)  —  23351 checks/s  —  ETA 0s  —  0 failed so far
[OUTPUT] 2026-07-21T11:41:28.816667 skip_listing [train]:   15,000/24,501 checked (61%)  —  23490 checks/s  —  ETA 0s  —  0 failed so far
[OUTPUT] 2026-07-21T11:41:28.835005 skip_listing [train]:   15,500/24,501 checked (63%)  —  23595 checks/s  —  ETA 0s  —  0 failed so far
[OUTPUT] 2026-07-21T11:41:28.852785 skip_listing [train]:   16,000/24,501 checked (65%)  —  23714 checks/s  —  ETA 0s  —  0 failed so far
[OUTPUT] 2026-07-21T11:41:28.870510 skip_listing [train]:   16,500/24,501 checked (67%)  —  23829 checks/s  —  ETA 0s  —  0 failed so far
[OUTPUT] 2026-07-21T11:41:28.889010 skip_listing [train]:   17,000/24,501 checked (69%)  —  23913 checks/s  —  ETA 0s  —  0 failed so far
[OUTPUT] 2026-07-21T11:41:28.907911 skip_listing [train]:   17,500/24,501 checked (71%)  —  23978 checks/s  —  ETA 0s  —  0 failed so far
[OUTPUT] 2026-07-21T11:41:28.925395 skip_listing [train]:   18,000/24,501 checked (73%)  —  24087 checks/s  —  ETA 0s  —  0 failed so far
[OUTPUT] 2026-07-21T11:41:28.946385 skip_listing [train]:   18,500/24,501 checked (76%)  —  24079 checks/s  —  ETA 0s  —  0 failed so far
[OUTPUT] 2026-07-21T11:41:28.964067 skip_listing [train]:   19,000/24,501 checked (78%)  —  24174 checks/s  —  ETA 0s  —  0 failed so far
[OUTPUT] 2026-07-21T11:41:28.981760 skip_listing [train]:   19,500/24,501 checked (80%)  —  24264 checks/s  —  ETA 0s  —  0 failed so far
[OUTPUT] 2026-07-21T11:41:28.999597 skip_listing [train]:   20,000/24,501 checked (82%)  —  24345 checks/s  —  ETA 0s  —  0 failed so far
[OUTPUT] 2026-07-21T11:41:29.018270 skip_listing [train]:   20,500/24,501 checked (84%)  —  24400 checks/s  —  ETA 0s  —  0 failed so far
[OUTPUT] 2026-07-21T11:41:29.035896 skip_listing [train]:   21,000/24,501 checked (86%)  —  24481 checks/s  —  ETA 0s  —  0 failed so far
[OUTPUT] 2026-07-21T11:41:29.054302 skip_listing [train]:   21,500/24,501 checked (88%)  —  24537 checks/s  —  ETA 0s  —  0 failed so far
[OUTPUT] 2026-07-21T11:41:29.071810 skip_listing [train]:   22,000/24,501 checked (90%)  —  24616 checks/s  —  ETA 0s  —  0 failed so far
[OUTPUT] 2026-07-21T11:41:29.089171 skip_listing [train]:   22,500/24,501 checked (92%)  —  24696 checks/s  —  ETA 0s  —  0 failed so far
[OUTPUT] 2026-07-21T11:41:29.107205 skip_listing [train]:   23,000/24,501 checked (94%)  —  24755 checks/s  —  ETA 0s  —  0 failed so far
[OUTPUT] 2026-07-21T11:41:29.125887 skip_listing [train]:   23,500/24,501 checked (96%)  —  24794 checks/s  —  ETA 0s  —  0 failed so far
[OUTPUT] 2026-07-21T11:41:29.144349 skip_listing [train]:   24,000/24,501 checked (98%)  —  24838 checks/s  —  ETA 0s  —  0 failed so far
[OUTPUT] 2026-07-21T11:41:29.162207 skip_listing [train]:   24,500/24,501 checked (100%)  —  24895 checks/s  —  ETA 0s  —  0 failed so far
[OUTPUT] 2026-07-21T11:41:29.162242 skip_listing [train]: validation complete — all 24,501 samples exist (1.0s, 24896 checks/s); 3,500 URIs ready for rank 0 (245,000 total across all ranks)
[OUTPUT] 2026-07-21T11:41:29.162308 File listing [train]: 245000 files discovered, 3500 assigned to rank 0, completed in 1.00s
[OUTPUT] 2026-07-21T11:41:29.162339 skip_listing [valid]: generated 0 file URIs deterministically (0 total — validation disabled)
[OUTPUT] 2026-07-21T11:41:29.162369 File listing [valid]: 0 files discovered, 0 assigned to rank 0, completed in 0.00s
[OUTPUT] 2026-07-21T11:41:29.162393 Streamed file sharding: 245000 train files across 70 ranks via round-robin (rank 0 shard: 3500 files)
[OUTPUT] 2026-07-21T11:41:29.592420 Max steps per epoch per rank: 35000 = 1 * 245000 / 7 (samples per file * local files / batch size)
[OUTPUT] 2026-07-21T11:41:29.663452 Reshard for epoch 1: 3500 train files, 0 eval files redistributed via alltoall in 0.07s
[OUTPUT] 2026-07-21T11:41:32.395259 Worker pre-warm complete (13 workers spawned)
[OUTPUT] 2026-07-21T11:41:33.681887 Starting epoch 1: 500 steps expected
[OUTPUT] 2026-07-21T11:41:33.682215 Starting block 1
[OUTPUT] 2026-07-21T11:43:03.609549 Ending block 1 - 500 steps completed in 89.93 s
[OUTPUT] 2026-07-21T11:43:03.612924 Epoch 1 - Block 1 [Training] Accelerator Utilization [AU] (%): 92.5596
[OUTPUT] 2026-07-21T11:43:03.612985 Epoch 1 - Block 1 [Training] Throughput (samples/second): 2793.4150
[OUTPUT] 2026-07-21T11:43:03.613888 Epoch 1 - Block 1 [Training] Computation time per step (second): 0.1624+/-0.0005 (set value: {'mean': 0.162})
[OUTPUT] 2026-07-21T11:43:03.661284 Ending epoch 1 - 500 steps completed in 89.98 s
[OUTPUT] 2026-07-21T11:43:03.680445 Reshard for epoch 2: 3500 train files, 0 eval files redistributed via alltoall in 0.02s
[OUTPUT] 2026-07-21T11:43:06.296220 Worker pre-warm complete for epoch 2 (13 workers spawned)
[OUTPUT] 2026-07-21T11:43:07.178143 Starting epoch 2: 500 steps expected
[OUTPUT] 2026-07-21T11:43:07.178499 Starting block 1
[OUTPUT] 2026-07-21T11:44:37.195531 Ending block 1 - 500 steps completed in 90.02 s
[OUTPUT] 2026-07-21T11:44:37.197834 Epoch 2 - Block 1 [Training] Accelerator Utilization [AU] (%): 92.4309
[OUTPUT] 2026-07-21T11:44:37.197886 Epoch 2 - Block 1 [Training] Throughput (samples/second): 2789.4159
[OUTPUT] 2026-07-21T11:44:37.198077 Epoch 2 - Block 1 [Training] Computation time per step (second): 0.1624+/-0.0006 (set value: {'mean': 0.162})
[OUTPUT] 2026-07-21T11:44:37.246138 Ending epoch 2 - 500 steps completed in 90.07 s
[OUTPUT] 2026-07-21T11:44:37.274390 Reshard for epoch 3: 3500 train files, 0 eval files redistributed via alltoall in 0.03s
[OUTPUT] 2026-07-21T11:44:39.864623 Worker pre-warm complete for epoch 3 (13 workers spawned)
[OUTPUT] 2026-07-21T11:44:40.964221 Starting epoch 3: 500 steps expected
[OUTPUT] 2026-07-21T11:44:40.964516 Starting block 1
[OUTPUT] 2026-07-21T11:46:10.847758 Ending block 1 - 500 steps completed in 89.88 s
[OUTPUT] 2026-07-21T11:46:10.849687 Epoch 3 - Block 1 [Training] Accelerator Utilization [AU] (%): 92.5492
[OUTPUT] 2026-07-21T11:46:10.849741 Epoch 3 - Block 1 [Training] Throughput (samples/second): 2793.4376
[OUTPUT] 2026-07-21T11:46:10.849934 Epoch 3 - Block 1 [Training] Computation time per step (second): 0.1623+/-0.0005 (set value: {'mean': 0.162})
[OUTPUT] 2026-07-21T11:46:10.891029 Ending epoch 3 - 500 steps completed in 89.93 s
[OUTPUT] 2026-07-21T11:46:10.908475 Reshard for epoch 4: 3500 train files, 0 eval files redistributed via alltoall in 0.02s
[OUTPUT] 2026-07-21T11:46:14.203426 Worker pre-warm complete for epoch 4 (13 workers spawned)
[OUTPUT] 2026-07-21T11:46:14.478473 Starting epoch 4: 500 steps expected
[OUTPUT] 2026-07-21T11:46:14.478757 Starting block 1
[OUTPUT] 2026-07-21T11:47:44.738612 Ending block 1 - 500 steps completed in 90.26 s
[OUTPUT] 2026-07-21T11:47:44.740657 Epoch 4 - Block 1 [Training] Accelerator Utilization [AU] (%): 92.2264
[OUTPUT] 2026-07-21T11:47:44.740715 Epoch 4 - Block 1 [Training] Throughput (samples/second): 2783.1747
[OUTPUT] 2026-07-21T11:47:44.740906 Epoch 4 - Block 1 [Training] Computation time per step (second): 0.1624+/-0.0006 (set value: {'mean': 0.162})
[OUTPUT] 2026-07-21T11:47:44.787907 Ending epoch 4 - 500 steps completed in 90.31 s
[OUTPUT] 2026-07-21T11:47:44.809399 Reshard for epoch 5: 3500 train files, 0 eval files redistributed via alltoall in 0.02s
[OUTPUT] 2026-07-21T11:47:47.393908 Worker pre-warm complete for epoch 5 (13 workers spawned)
[OUTPUT] 2026-07-21T11:47:48.274448 Starting epoch 5: 500 steps expected
[OUTPUT] 2026-07-21T11:47:48.274796 Starting block 1
[OUTPUT] 2026-07-21T11:49:18.766648 Ending block 1 - 500 steps completed in 90.49 s
[OUTPUT] 2026-07-21T11:49:18.768657 Epoch 5 - Block 1 [Training] Accelerator Utilization [AU] (%): 91.6305
[OUTPUT] 2026-07-21T11:49:18.768710 Epoch 5 - Block 1 [Training] Throughput (samples/second): 2765.3210
[OUTPUT] 2026-07-21T11:49:18.768889 Epoch 5 - Block 1 [Training] Computation time per step (second): 0.1624+/-0.0005 (set value: {'mean': 0.162})
[OUTPUT] 2026-07-21T11:49:18.802713 Ending epoch 5 - 500 steps completed in 90.53 s
[OUTPUT] 2026-07-21T11:49:18.827214 Reshard for epoch 6: 3500 train files, 0 eval files redistributed via alltoall in 0.02s
[OUTPUT] 2026-07-21T11:49:21.392193 Worker pre-warm complete for epoch 6 (13 workers spawned)
[OUTPUT] 2026-07-21T11:49:22.325562 Saved outputs in /mnt/mlperf-results-nfs/mlps-results-training-unet3d-7client-a70-closed-20260721_105151/closed/XSKY/results/AIMesh-7-node/training/unet3d/run/20260721_114105
[OUTPUT] Averaged metric over all steps/epochs
[METRIC] ==========================================================
[METRIC] Number of Simulated Accelerators: 70 
[METRIC] Training Accelerator Utilization [AU] (%): 92.1529 (0.2486)
[METRIC] Training Throughput (samples/second): 2784.3324 (7.4783)
[METRIC] Training I/O Throughput (MiB/second): 389275.4396 (1045.5301)
[METRIC] train_au_meet_expectation: success
[METRIC] ==========================================================

[OUTPUT] 2026-07-21T11:49:22.478003 outputs saved in RANKID_output.json
