[OUTPUT] [DEBUG DLIOBenchmark.__init__] After LoadConfig:
[OUTPUT]   storage_type   = <StorageType.LOCAL_FS: 'local_fs'>
[OUTPUT]   storage_root   = './'
[OUTPUT]   storage_options= None
[OUTPUT]   data_folder    = '/mnt/mlp/retinanet_data/retinanet'
[OUTPUT]   framework      = <FrameworkType.PYTORCH: 'pytorch'>
[OUTPUT]   num_files_train= 17023000
[OUTPUT]   record_length  = 322957
[OUTPUT]   generate_data  = False
[OUTPUT]   do_train       = True
[OUTPUT]   do_checkpoint  = False
[OUTPUT]   epochs         = 8
[OUTPUT]   batch_size     = 24
[OUTPUT] 2026-07-13T13:51:07.433944 Running DLIO [Training] with 20 process(es)
[OUTPUT] 2026-07-13T13:51:09.864779 skip_listing [train]: validating 17,024 of 17,023,000 files (first, last, every 1,000) via HEAD requests ...
[OUTPUT] 2026-07-13T13:51:10.321456 skip_listing [train]:   500/17,024 checked (3%)  —  1096 checks/s  —  ETA 15s  —  0 failed so far
[OUTPUT] 2026-07-13T13:51:10.644097 skip_listing [train]:   1,000/17,024 checked (6%)  —  1284 checks/s  —  ETA 12s  —  0 failed so far
[OUTPUT] 2026-07-13T13:51:10.845248 skip_listing [train]:   1,500/17,024 checked (9%)  —  1530 checks/s  —  ETA 10s  —  0 failed so far
[OUTPUT] 2026-07-13T13:51:11.049511 skip_listing [train]:   2,000/17,024 checked (12%)  —  1689 checks/s  —  ETA 9s  —  0 failed so far
[OUTPUT] 2026-07-13T13:51:11.254652 skip_listing [train]:   2,500/17,024 checked (15%)  —  1799 checks/s  —  ETA 8s  —  0 failed so far
[OUTPUT] 2026-07-13T13:51:11.462503 skip_listing [train]:   3,000/17,024 checked (18%)  —  1878 checks/s  —  ETA 7s  —  0 failed so far
[OUTPUT] 2026-07-13T13:51:11.661411 skip_listing [train]:   3,500/17,024 checked (21%)  —  1948 checks/s  —  ETA 7s  —  0 failed so far
[OUTPUT] 2026-07-13T13:51:11.861767 skip_listing [train]:   4,000/17,024 checked (23%)  —  2003 checks/s  —  ETA 7s  —  0 failed so far
[OUTPUT] 2026-07-13T13:51:12.054736 skip_listing [train]:   4,500/17,024 checked (26%)  —  2055 checks/s  —  ETA 6s  —  0 failed so far
[OUTPUT] 2026-07-13T13:51:12.254553 skip_listing [train]:   5,000/17,024 checked (29%)  —  2092 checks/s  —  ETA 6s  —  0 failed so far
[OUTPUT] 2026-07-13T13:51:12.459311 skip_listing [train]:   5,500/17,024 checked (32%)  —  2120 checks/s  —  ETA 5s  —  0 failed so far
[OUTPUT] 2026-07-13T13:51:12.653994 skip_listing [train]:   6,000/17,024 checked (35%)  —  2151 checks/s  —  ETA 5s  —  0 failed so far
[OUTPUT] 2026-07-13T13:51:12.850562 skip_listing [train]:   6,500/17,024 checked (38%)  —  2177 checks/s  —  ETA 5s  —  0 failed so far
[OUTPUT] 2026-07-13T13:51:13.043684 skip_listing [train]:   7,000/17,024 checked (41%)  —  2202 checks/s  —  ETA 5s  —  0 failed so far
[OUTPUT] 2026-07-13T13:51:13.234585 skip_listing [train]:   7,500/17,024 checked (44%)  —  2226 checks/s  —  ETA 4s  —  0 failed so far
[OUTPUT] 2026-07-13T13:51:13.420665 skip_listing [train]:   8,000/17,024 checked (47%)  —  2250 checks/s  —  ETA 4s  —  0 failed so far
[OUTPUT] 2026-07-13T13:51:13.628562 skip_listing [train]:   8,500/17,024 checked (50%)  —  2259 checks/s  —  ETA 4s  —  0 failed so far
[OUTPUT] 2026-07-13T13:51:13.824775 skip_listing [train]:   9,000/17,024 checked (53%)  —  2273 checks/s  —  ETA 4s  —  0 failed so far
[OUTPUT] 2026-07-13T13:51:14.018379 skip_listing [train]:   9,500/17,024 checked (56%)  —  2287 checks/s  —  ETA 3s  —  0 failed so far
[OUTPUT] 2026-07-13T13:51:14.212053 skip_listing [train]:   10,000/17,024 checked (59%)  —  2300 checks/s  —  ETA 3s  —  0 failed so far
[OUTPUT] 2026-07-13T13:51:14.405567 skip_listing [train]:   10,500/17,024 checked (62%)  —  2313 checks/s  —  ETA 3s  —  0 failed so far
[OUTPUT] 2026-07-13T13:51:14.594337 skip_listing [train]:   11,000/17,024 checked (65%)  —  2326 checks/s  —  ETA 3s  —  0 failed so far
[OUTPUT] 2026-07-13T13:51:14.789114 skip_listing [train]:   11,500/17,024 checked (68%)  —  2335 checks/s  —  ETA 2s  —  0 failed so far
[OUTPUT] 2026-07-13T13:51:15.010125 skip_listing [train]:   12,000/17,024 checked (70%)  —  2332 checks/s  —  ETA 2s  —  0 failed so far
[OUTPUT] 2026-07-13T13:51:15.237514 skip_listing [train]:   12,500/17,024 checked (73%)  —  2327 checks/s  —  ETA 2s  —  0 failed so far
[OUTPUT] 2026-07-13T13:51:15.449419 skip_listing [train]:   13,000/17,024 checked (76%)  —  2328 checks/s  —  ETA 2s  —  0 failed so far
[OUTPUT] 2026-07-13T13:51:15.740716 skip_listing [train]:   13,500/17,024 checked (79%)  —  2298 checks/s  —  ETA 2s  —  0 failed so far
[OUTPUT] 2026-07-13T13:51:15.954228 skip_listing [train]:   14,000/17,024 checked (82%)  —  2299 checks/s  —  ETA 1s  —  0 failed so far
[OUTPUT] 2026-07-13T13:51:16.135845 skip_listing [train]:   14,500/17,024 checked (85%)  —  2312 checks/s  —  ETA 1s  —  0 failed so far
[OUTPUT] 2026-07-13T13:51:16.313824 skip_listing [train]:   15,000/17,024 checked (88%)  —  2326 checks/s  —  ETA 1s  —  0 failed so far
[OUTPUT] 2026-07-13T13:51:16.488336 skip_listing [train]:   15,500/17,024 checked (91%)  —  2340 checks/s  —  ETA 1s  —  0 failed so far
[OUTPUT] 2026-07-13T13:51:16.665782 skip_listing [train]:   16,000/17,024 checked (94%)  —  2353 checks/s  —  ETA 0s  —  0 failed so far
[OUTPUT] 2026-07-13T13:51:16.848416 skip_listing [train]:   16,500/17,024 checked (97%)  —  2363 checks/s  —  ETA 0s  —  0 failed so far
[OUTPUT] 2026-07-13T13:51:17.038380 skip_listing [train]:   17,000/17,024 checked (100%)  —  2370 checks/s  —  ETA 0s  —  0 failed so far
[OUTPUT] 2026-07-13T13:51:17.047325 skip_listing [train]: validation complete — all 17,024 samples exist (7.2s, 2370 checks/s); 851,150 URIs ready for rank 0 (17,023,000 total across all ranks)
[OUTPUT] 2026-07-13T13:51:17.065838 File listing [train]: 17023000 files discovered, 851150 assigned to rank 0, completed in 9.61s
[OUTPUT] 2026-07-13T13:51:17.065971 skip_listing [valid]: generated 0 file URIs deterministically (0 total — validation disabled)
[OUTPUT] 2026-07-13T13:51:17.066009 File listing [valid]: 0 files discovered, 0 assigned to rank 0, completed in 0.00s
[OUTPUT] 2026-07-13T13:51:17.066043 Streamed file sharding: 17023000 train files across 20 ranks via round-robin (rank 0 shard: 851150 files)
[OUTPUT] 2026-07-13T13:53:33.908467 Max steps per epoch per rank: 709291 = 1 * 17023000 / 24 (samples per file * local files / batch size)
[OUTPUT] 2026-07-13T13:53:34.750165 Reshard for epoch 1: 851150 train files, 0 eval files redistributed via alltoall in 0.84s
[OUTPUT] 2026-07-13T13:53:38.822258 Worker pre-warm complete (15 workers spawned)
[OUTPUT] 2026-07-13T13:53:38.947517 Starting epoch 1: 35464 steps expected
[OUTPUT] 2026-07-13T13:53:38.948268 Starting block 1
[OUTPUT] 2026-07-13T14:26:33.341488 Ending block 1 - 35464 steps completed in 1974.39 s
[OUTPUT] 2026-07-13T14:26:33.345049 Epoch 1 - Block 1 [Training] Accelerator Utilization [AU] (%): 85.6581
[OUTPUT] 2026-07-13T14:26:33.345102 Epoch 1 - Block 1 [Training] Throughput (samples/second): 8626.7072
[OUTPUT] 2026-07-13T14:26:33.348045 Epoch 1 - Block 1 [Training] Computation time per step (second): 0.0477+/-0.0000 (set value: {'mean': 0.04755})
[OUTPUT] 2026-07-13T14:26:33.352522 Ending epoch 1 - 35464 steps completed in 1974.41 s
[OUTPUT] 2026-07-13T14:26:34.215149 Reshard for epoch 2: 851150 train files, 0 eval files redistributed via alltoall in 0.86s
[OUTPUT] 2026-07-13T14:26:38.348719 Worker pre-warm complete for epoch 2 (15 workers spawned)
[OUTPUT] 2026-07-13T14:28:43.070869 Starting epoch 2: 35464 steps expected
[OUTPUT] 2026-07-13T14:28:43.071901 Starting block 1
[OUTPUT] 2026-07-13T15:01:40.392983 Ending block 1 - 35464 steps completed in 1977.32 s
[OUTPUT] 2026-07-13T15:01:40.395875 Epoch 2 - Block 1 [Training] Accelerator Utilization [AU] (%): 85.5409
[OUTPUT] 2026-07-13T15:01:40.395932 Epoch 2 - Block 1 [Training] Throughput (samples/second): 8614.8330
[OUTPUT] 2026-07-13T15:01:40.399046 Epoch 2 - Block 1 [Training] Computation time per step (second): 0.0477+/-0.0000 (set value: {'mean': 0.04755})
[OUTPUT] 2026-07-13T15:01:40.432575 Ending epoch 2 - 35464 steps completed in 1977.36 s
[OUTPUT] 2026-07-13T15:01:41.384998 Reshard for epoch 3: 851150 train files, 0 eval files redistributed via alltoall in 0.95s
[OUTPUT] 2026-07-13T15:01:45.416743 Worker pre-warm complete for epoch 3 (15 workers spawned)
[OUTPUT] 2026-07-13T15:04:05.863228 Starting epoch 3: 35464 steps expected
[OUTPUT] 2026-07-13T15:04:05.863692 Starting block 1
[OUTPUT] 2026-07-13T15:37:01.181681 Ending block 1 - 35464 steps completed in 1975.32 s
[OUTPUT] 2026-07-13T15:37:01.183861 Epoch 3 - Block 1 [Training] Accelerator Utilization [AU] (%): 85.6070
[OUTPUT] 2026-07-13T15:37:01.183910 Epoch 3 - Block 1 [Training] Throughput (samples/second): 8621.4607
[OUTPUT] 2026-07-13T15:37:01.186317 Epoch 3 - Block 1 [Training] Computation time per step (second): 0.0477+/-0.0000 (set value: {'mean': 0.04755})
[OUTPUT] 2026-07-13T15:37:01.209338 Ending epoch 3 - 35464 steps completed in 1975.35 s
[OUTPUT] 2026-07-13T15:37:02.184055 Reshard for epoch 4: 851150 train files, 0 eval files redistributed via alltoall in 0.97s
[OUTPUT] 2026-07-13T15:37:06.467828 Worker pre-warm complete for epoch 4 (15 workers spawned)
[OUTPUT] 2026-07-13T15:39:16.207260 Starting epoch 4: 35464 steps expected
[OUTPUT] 2026-07-13T15:39:16.207733 Starting block 1
[OUTPUT] 2026-07-13T16:12:11.465106 Ending block 1 - 35464 steps completed in 1975.26 s
[OUTPUT] 2026-07-13T16:12:11.467037 Epoch 4 - Block 1 [Training] Accelerator Utilization [AU] (%): 85.6210
[OUTPUT] 2026-07-13T16:12:11.467091 Epoch 4 - Block 1 [Training] Throughput (samples/second): 8623.2023
[OUTPUT] 2026-07-13T16:12:11.469517 Epoch 4 - Block 1 [Training] Computation time per step (second): 0.0477+/-0.0000 (set value: {'mean': 0.04755})
[OUTPUT] 2026-07-13T16:12:11.482579 Ending epoch 4 - 35464 steps completed in 1975.28 s
[OUTPUT] 2026-07-13T16:12:12.519038 Reshard for epoch 5: 851150 train files, 0 eval files redistributed via alltoall in 1.04s
[OUTPUT] 2026-07-13T16:12:16.958825 Worker pre-warm complete for epoch 5 (15 workers spawned)
[OUTPUT] 2026-07-13T16:14:27.810054 Starting epoch 5: 35464 steps expected
[OUTPUT] 2026-07-13T16:14:27.811085 Starting block 1
[OUTPUT] 2026-07-13T16:47:25.149828 Ending block 1 - 35464 steps completed in 1977.34 s
[OUTPUT] 2026-07-13T16:47:25.151724 Epoch 5 - Block 1 [Training] Accelerator Utilization [AU] (%): 85.5187
[OUTPUT] 2026-07-13T16:47:25.151776 Epoch 5 - Block 1 [Training] Throughput (samples/second): 8612.9073
[OUTPUT] 2026-07-13T16:47:25.154217 Epoch 5 - Block 1 [Training] Computation time per step (second): 0.0477+/-0.0000 (set value: {'mean': 0.04755})
[OUTPUT] 2026-07-13T16:47:25.182998 Ending epoch 5 - 35464 steps completed in 1977.37 s
[OUTPUT] 2026-07-13T16:47:26.236133 Reshard for epoch 6: 851150 train files, 0 eval files redistributed via alltoall in 1.05s
[OUTPUT] 2026-07-13T16:47:30.752090 Worker pre-warm complete for epoch 6 (15 workers spawned)
[OUTPUT] 2026-07-13T16:49:47.649881 Starting epoch 6: 35464 steps expected
[OUTPUT] 2026-07-13T16:49:47.650284 Starting block 1
[OUTPUT] 2026-07-13T17:22:45.852493 Ending block 1 - 35464 steps completed in 1978.20 s
[OUTPUT] 2026-07-13T17:22:45.855102 Epoch 6 - Block 1 [Training] Accelerator Utilization [AU] (%): 85.4976
[OUTPUT] 2026-07-13T17:22:45.855172 Epoch 6 - Block 1 [Training] Throughput (samples/second): 8610.8536
[OUTPUT] 2026-07-13T17:22:45.859292 Epoch 6 - Block 1 [Training] Computation time per step (second): 0.0477+/-0.0000 (set value: {'mean': 0.04755})
[OUTPUT] 2026-07-13T17:22:45.861774 Ending epoch 6 - 35464 steps completed in 1978.21 s
[OUTPUT] 2026-07-13T17:22:46.864319 Reshard for epoch 7: 851150 train files, 0 eval files redistributed via alltoall in 1.00s
[OUTPUT] 2026-07-13T17:22:51.131088 Worker pre-warm complete for epoch 7 (15 workers spawned)
[OUTPUT] 2026-07-13T17:24:54.680292 Starting epoch 7: 35464 steps expected
[OUTPUT] 2026-07-13T17:24:54.680728 Starting block 1
[OUTPUT] 2026-07-13T17:57:54.980912 Ending block 1 - 35464 steps completed in 1980.30 s
[OUTPUT] 2026-07-13T17:57:54.984284 Epoch 7 - Block 1 [Training] Accelerator Utilization [AU] (%): 85.3961
[OUTPUT] 2026-07-13T17:57:54.984465 Epoch 7 - Block 1 [Training] Throughput (samples/second): 8600.4659
[OUTPUT] 2026-07-13T17:57:54.988536 Epoch 7 - Block 1 [Training] Computation time per step (second): 0.0477+/-0.0000 (set value: {'mean': 0.04755})
[OUTPUT] 2026-07-13T17:57:54.992970 Ending epoch 7 - 35464 steps completed in 1980.31 s
[OUTPUT] 2026-07-13T17:57:56.016789 Reshard for epoch 8: 851150 train files, 0 eval files redistributed via alltoall in 1.02s
[OUTPUT] 2026-07-13T17:58:00.343523 Worker pre-warm complete for epoch 8 (15 workers spawned)
[OUTPUT] 2026-07-13T18:00:14.609935 Starting epoch 8: 35464 steps expected
[OUTPUT] 2026-07-13T18:00:14.610785 Starting block 1
[OUTPUT] 2026-07-13T18:33:13.929469 Ending block 1 - 35464 steps completed in 1979.32 s
[OUTPUT] 2026-07-13T18:33:13.931753 Epoch 8 - Block 1 [Training] Accelerator Utilization [AU] (%): 85.4346
[OUTPUT] 2026-07-13T18:33:13.931806 Epoch 8 - Block 1 [Training] Throughput (samples/second): 8604.4473
[OUTPUT] 2026-07-13T18:33:13.934975 Epoch 8 - Block 1 [Training] Computation time per step (second): 0.0477+/-0.0000 (set value: {'mean': 0.04755})
[OUTPUT] 2026-07-13T18:33:13.939415 Ending epoch 8 - 35464 steps completed in 1979.33 s
[OUTPUT] 2026-07-13T18:33:14.904513 Reshard for epoch 9: 851150 train files, 0 eval files redistributed via alltoall in 0.96s
[OUTPUT] 2026-07-13T18:33:18.880852 Worker pre-warm complete for epoch 9 (15 workers spawned)
[OUTPUT] 2026-07-13T18:33:19.207948 Saved outputs in /tmp/mlperf_storage_results_retinanet_b200_1t_20acc_15reader/closed/holmesai_limited/results/StorMeshAI/training/retinanet/run/20260713_135100
[OUTPUT] Averaged metric over all steps/epochs
[METRIC] ==========================================================
[METRIC] Number of Simulated Accelerators: 20 
[METRIC] Training Accelerator Utilization [AU] (%): 85.5373 (0.0800)
[METRIC] Training Throughput (samples/second): 8615.7608 (8.0430)
[METRIC] Training I/O Throughput (MiB/second): 2653.6181 (2.4772)
[METRIC] train_au_meet_expectation: success
[METRIC] ==========================================================

[OUTPUT] 2026-07-13T18:33:19.830793 outputs saved in RANKID_output.json
