[OUTPUT] [DEBUG DLIOBenchmark.__init__] After LoadConfig:
[OUTPUT]   storage_type   = <StorageType.S3: 's3'>
[OUTPUT]   storage_root   = 'mlp-unet3d-gcp-3n8c'
[OUTPUT]   storage_options= {'storage_library': 's3dlio', 'uri_scheme': 's3', 'access_key_id': 'ais', 'secret_access_key': 'ais', 'endpoint_url': 'http://10.20.0.25:51080/s3/', 'region': 'us-east-1'}
[OUTPUT]   data_folder    = 'data/gcp3n8c-unet/unet3d'
[OUTPUT]   framework      = <FrameworkType.PYTORCH: 'pytorch'>
[OUTPUT]   num_files_train= 112501
[OUTPUT]   record_length  = 146600628
[OUTPUT]   generate_data  = False
[OUTPUT]   do_train       = True
[OUTPUT]   do_checkpoint  = False
[OUTPUT]   epochs         = 5
[OUTPUT]   batch_size     = 7
[OUTPUT] 2026-07-23T05:34:36.846736 Running DLIO [Training] with 8 process(es)
[OUTPUT] 2026-07-23T05:34:36.892450 skip_listing [train]: validating 1,126 of 112,501 files (first, last, every 100) via HEAD requests ...
[OUTPUT] 2026-07-23T05:34:37.041769 skip_listing [train]:   112/1,126 checked (10%)  —  751 checks/s  —  ETA 1s  —  0 failed so far
[OUTPUT] 2026-07-23T05:34:37.182542 skip_listing [train]:   224/1,126 checked (20%)  —  772 checks/s  —  ETA 1s  —  0 failed so far
[OUTPUT] 2026-07-23T05:34:37.320195 skip_listing [train]:   336/1,126 checked (30%)  —  786 checks/s  —  ETA 1s  —  0 failed so far
[OUTPUT] 2026-07-23T05:34:37.454213 skip_listing [train]:   448/1,126 checked (40%)  —  798 checks/s  —  ETA 1s  —  0 failed so far
[OUTPUT] 2026-07-23T05:34:37.585863 skip_listing [train]:   560/1,126 checked (50%)  —  808 checks/s  —  ETA 1s  —  0 failed so far
[OUTPUT] 2026-07-23T05:34:37.720418 skip_listing [train]:   672/1,126 checked (60%)  —  812 checks/s  —  ETA 1s  —  0 failed so far
[OUTPUT] 2026-07-23T05:34:37.853514 skip_listing [train]:   784/1,126 checked (70%)  —  816 checks/s  —  ETA 0s  —  0 failed so far
[OUTPUT] 2026-07-23T05:34:37.988948 skip_listing [train]:   896/1,126 checked (80%)  —  817 checks/s  —  ETA 0s  —  0 failed so far
[OUTPUT] 2026-07-23T05:34:38.123938 skip_listing [train]:   1,008/1,126 checked (90%)  —  819 checks/s  —  ETA 0s  —  0 failed so far
[OUTPUT] 2026-07-23T05:34:38.256101 skip_listing [train]:   1,120/1,126 checked (99%)  —  821 checks/s  —  ETA 0s  —  0 failed so far
[OUTPUT] 2026-07-23T05:34:38.262449 skip_listing [train]: validation complete — all 1,126 samples exist (1.4s, 822 checks/s); 14,063 URIs ready for rank 0 (112,501 total across all ranks)
[OUTPUT] 2026-07-23T05:34:38.262805 File listing [train]: 112501 files discovered, 14062 assigned to rank 0, completed in 1.41s
[OUTPUT] 2026-07-23T05:34:38.262889 skip_listing [valid]: generated 0 file URIs deterministically (0 total — validation disabled)
[OUTPUT] 2026-07-23T05:34:38.262948 File listing [valid]: 0 files discovered, 0 assigned to rank 0, completed in 0.00s
[OUTPUT] 2026-07-23T05:34:38.262988 Streamed file sharding: 112501 train files across 8 ranks via round-robin (rank 0 shard: 14062 files)
[OUTPUT] 2026-07-23T05:34:38.559669 Max steps per epoch per rank: 16071 = 1 * 112501 / 7 (samples per file * local files / batch size)
[OUTPUT] 2026-07-23T05:34:38.574167 Reshard for epoch 1: 14062 train files, 0 eval files redistributed via alltoall in 0.01s
[WARNING] NPZReaderS3Iterable[thread=1] [resource-probe] RAM projection: prefetch=64 x dataloader_workers=4 x ranks_per_node=8 x record_length=139 MiB = 286329 MiB of in-flight buffer memory, but only 370754 MiB (of 386919 MiB total) is currently available.  OOM / swap-thrash under load is likely.  Fix: reduce storage_options.prefetch_window, or reduce DataLoader worker count, or move the S3 target off-node.
[WARNING] NPZReaderS3Iterable[thread=0] [resource-probe] RAM projection: prefetch=64 x dataloader_workers=4 x ranks_per_node=8 x record_length=139 MiB = 286329 MiB of in-flight buffer memory, but only 370754 MiB (of 386919 MiB total) is currently available.  OOM / swap-thrash under load is likely.  Fix: reduce storage_options.prefetch_window, or reduce DataLoader worker count, or move the S3 target off-node.
[WARNING] NPZReaderS3Iterable[thread=2] [resource-probe] RAM projection: prefetch=64 x dataloader_workers=4 x ranks_per_node=8 x record_length=139 MiB = 286329 MiB of in-flight buffer memory, but only 370754 MiB (of 386919 MiB total) is currently available.  OOM / swap-thrash under load is likely.  Fix: reduce storage_options.prefetch_window, or reduce DataLoader worker count, or move the S3 target off-node.
[WARNING] NPZReaderS3Iterable[thread=3] [resource-probe] RAM projection: prefetch=64 x dataloader_workers=4 x ranks_per_node=8 x record_length=139 MiB = 286329 MiB of in-flight buffer memory, but only 370756 MiB (of 386919 MiB total) is currently available.  OOM / swap-thrash under load is likely.  Fix: reduce storage_options.prefetch_window, or reduce DataLoader worker count, or move the S3 target off-node.
[OUTPUT] 2026-07-23T05:34:51.073355 Worker pre-warm complete (4 workers spawned)
[OUTPUT] 2026-07-23T05:34:51.829262 Starting epoch 1: 2008 steps expected
[OUTPUT] 2026-07-23T05:34:51.829949 Starting block 1
[WARNING] NPZReaderS3Iterable[thread=0] [resource-probe] RAM projection: prefetch=64 x dataloader_workers=4 x ranks_per_node=8 x record_length=139 MiB = 286329 MiB of in-flight buffer memory, but only 344608 MiB (of 386919 MiB total) is currently available.  OOM / swap-thrash under load is likely.  Fix: reduce storage_options.prefetch_window, or reduce DataLoader worker count, or move the S3 target off-node.
[WARNING] NPZReaderS3Iterable[thread=2] [resource-probe] RAM projection: prefetch=64 x dataloader_workers=4 x ranks_per_node=8 x record_length=139 MiB = 286329 MiB of in-flight buffer memory, but only 344608 MiB (of 386919 MiB total) is currently available.  OOM / swap-thrash under load is likely.  Fix: reduce storage_options.prefetch_window, or reduce DataLoader worker count, or move the S3 target off-node.
[WARNING] NPZReaderS3Iterable[thread=3] [resource-probe] RAM projection: prefetch=64 x dataloader_workers=4 x ranks_per_node=8 x record_length=139 MiB = 286329 MiB of in-flight buffer memory, but only 344602 MiB (of 386919 MiB total) is currently available.  OOM / swap-thrash under load is likely.  Fix: reduce storage_options.prefetch_window, or reduce DataLoader worker count, or move the S3 target off-node.
[WARNING] NPZReaderS3Iterable[thread=1] [resource-probe] RAM projection: prefetch=64 x dataloader_workers=4 x ranks_per_node=8 x record_length=139 MiB = 286329 MiB of in-flight buffer memory, but only 344601 MiB (of 386919 MiB total) is currently available.  OOM / swap-thrash under load is likely.  Fix: reduce storage_options.prefetch_window, or reduce DataLoader worker count, or move the S3 target off-node.
[OUTPUT] 2026-07-23T05:40:27.532585 Ending block 1 - 2008 steps completed in 335.70 s
[OUTPUT] 2026-07-23T05:40:27.545616 Epoch 1 - Block 1 [Training] Accelerator Utilization [AU] (%): 97.9521
[OUTPUT] 2026-07-23T05:40:27.545698 Epoch 1 - Block 1 [Training] Throughput (samples/second): 338.3086
[OUTPUT] 2026-07-23T05:40:27.547337 Epoch 1 - Block 1 [Training] Computation time per step (second): 0.1621+/-0.0000 (set value: {'mean': 0.162})
[OUTPUT] 2026-07-23T05:40:27.547926 Ending epoch 1 - 2008 steps completed in 335.72 s
[OUTPUT] 2026-07-23T05:40:27.561631 Reshard for epoch 2: 14062 train files, 0 eval files redistributed via alltoall in 0.01s
[WARNING] NPZReaderS3Iterable[thread=3] [resource-probe] RAM projection: prefetch=64 x dataloader_workers=4 x ranks_per_node=8 x record_length=139 MiB = 286329 MiB of in-flight buffer memory, but only 330943 MiB (of 386919 MiB total) is currently available.  OOM / swap-thrash under load is likely.  Fix: reduce storage_options.prefetch_window, or reduce DataLoader worker count, or move the S3 target off-node.
[WARNING] NPZReaderS3Iterable[thread=0] [resource-probe] RAM projection: prefetch=64 x dataloader_workers=4 x ranks_per_node=8 x record_length=139 MiB = 286329 MiB of in-flight buffer memory, but only 330943 MiB (of 386919 MiB total) is currently available.  OOM / swap-thrash under load is likely.  Fix: reduce storage_options.prefetch_window, or reduce DataLoader worker count, or move the S3 target off-node.
[WARNING] NPZReaderS3Iterable[thread=2] [resource-probe] RAM projection: prefetch=64 x dataloader_workers=4 x ranks_per_node=8 x record_length=139 MiB = 286329 MiB of in-flight buffer memory, but only 330943 MiB (of 386919 MiB total) is currently available.  OOM / swap-thrash under load is likely.  Fix: reduce storage_options.prefetch_window, or reduce DataLoader worker count, or move the S3 target off-node.
[WARNING] NPZReaderS3Iterable[thread=1] [resource-probe] RAM projection: prefetch=64 x dataloader_workers=4 x ranks_per_node=8 x record_length=139 MiB = 286329 MiB of in-flight buffer memory, but only 330943 MiB (of 386919 MiB total) is currently available.  OOM / swap-thrash under load is likely.  Fix: reduce storage_options.prefetch_window, or reduce DataLoader worker count, or move the S3 target off-node.
[OUTPUT] 2026-07-23T05:40:30.919216 Worker pre-warm complete for epoch 2 (4 workers spawned)
[OUTPUT] 2026-07-23T05:40:31.554096 Starting epoch 2: 2008 steps expected
[OUTPUT] 2026-07-23T05:40:31.554598 Starting block 1
[WARNING] NPZReaderS3Iterable[thread=3] [resource-probe] RAM projection: prefetch=64 x dataloader_workers=4 x ranks_per_node=8 x record_length=139 MiB = 286329 MiB of in-flight buffer memory, but only 328582 MiB (of 386919 MiB total) is currently available.  OOM / swap-thrash under load is likely.  Fix: reduce storage_options.prefetch_window, or reduce DataLoader worker count, or move the S3 target off-node.
[WARNING] NPZReaderS3Iterable[thread=1] [resource-probe] RAM projection: prefetch=64 x dataloader_workers=4 x ranks_per_node=8 x record_length=139 MiB = 286329 MiB of in-flight buffer memory, but only 328578 MiB (of 386919 MiB total) is currently available.  OOM / swap-thrash under load is likely.  Fix: reduce storage_options.prefetch_window, or reduce DataLoader worker count, or move the S3 target off-node.
[WARNING] NPZReaderS3Iterable[thread=2] [resource-probe] RAM projection: prefetch=64 x dataloader_workers=4 x ranks_per_node=8 x record_length=139 MiB = 286329 MiB of in-flight buffer memory, but only 328574 MiB (of 386919 MiB total) is currently available.  OOM / swap-thrash under load is likely.  Fix: reduce storage_options.prefetch_window, or reduce DataLoader worker count, or move the S3 target off-node.
[WARNING] NPZReaderS3Iterable[thread=0] [resource-probe] RAM projection: prefetch=64 x dataloader_workers=4 x ranks_per_node=8 x record_length=139 MiB = 286329 MiB of in-flight buffer memory, but only 328566 MiB (of 386919 MiB total) is currently available.  OOM / swap-thrash under load is likely.  Fix: reduce storage_options.prefetch_window, or reduce DataLoader worker count, or move the S3 target off-node.
[OUTPUT] 2026-07-23T05:46:06.712631 Ending block 1 - 2008 steps completed in 335.16 s
[OUTPUT] 2026-07-23T05:46:06.715284 Epoch 2 - Block 1 [Training] Accelerator Utilization [AU] (%): 98.1280
[OUTPUT] 2026-07-23T05:46:06.715382 Epoch 2 - Block 1 [Training] Throughput (samples/second): 338.9232
[OUTPUT] 2026-07-23T05:46:06.715900 Epoch 2 - Block 1 [Training] Computation time per step (second): 0.1621+/-0.0000 (set value: {'mean': 0.162})
[OUTPUT] 2026-07-23T05:46:06.716675 Ending epoch 2 - 2008 steps completed in 335.16 s
[OUTPUT] 2026-07-23T05:46:06.729500 Reshard for epoch 3: 14062 train files, 0 eval files redistributed via alltoall in 0.01s
[WARNING] NPZReaderS3Iterable[thread=1] [resource-probe] RAM projection: prefetch=64 x dataloader_workers=4 x ranks_per_node=8 x record_length=139 MiB = 286329 MiB of in-flight buffer memory, but only 329204 MiB (of 386919 MiB total) is currently available.  OOM / swap-thrash under load is likely.  Fix: reduce storage_options.prefetch_window, or reduce DataLoader worker count, or move the S3 target off-node.
[WARNING] NPZReaderS3Iterable[thread=3] [resource-probe] RAM projection: prefetch=64 x dataloader_workers=4 x ranks_per_node=8 x record_length=139 MiB = 286329 MiB of in-flight buffer memory, but only 329204 MiB (of 386919 MiB total) is currently available.  OOM / swap-thrash under load is likely.  Fix: reduce storage_options.prefetch_window, or reduce DataLoader worker count, or move the S3 target off-node.
[WARNING] NPZReaderS3Iterable[thread=2] [resource-probe] RAM projection: prefetch=64 x dataloader_workers=4 x ranks_per_node=8 x record_length=139 MiB = 286329 MiB of in-flight buffer memory, but only 329204 MiB (of 386919 MiB total) is currently available.  OOM / swap-thrash under load is likely.  Fix: reduce storage_options.prefetch_window, or reduce DataLoader worker count, or move the S3 target off-node.
[WARNING] NPZReaderS3Iterable[thread=0] [resource-probe] RAM projection: prefetch=64 x dataloader_workers=4 x ranks_per_node=8 x record_length=139 MiB = 286329 MiB of in-flight buffer memory, but only 329204 MiB (of 386919 MiB total) is currently available.  OOM / swap-thrash under load is likely.  Fix: reduce storage_options.prefetch_window, or reduce DataLoader worker count, or move the S3 target off-node.
[OUTPUT] 2026-07-23T05:46:10.252780 Worker pre-warm complete for epoch 3 (4 workers spawned)
[OUTPUT] 2026-07-23T05:46:10.907928 Starting epoch 3: 2008 steps expected
[OUTPUT] 2026-07-23T05:46:10.908510 Starting block 1
[WARNING] NPZReaderS3Iterable[thread=1] [resource-probe] RAM projection: prefetch=64 x dataloader_workers=4 x ranks_per_node=8 x record_length=139 MiB = 286329 MiB of in-flight buffer memory, but only 327143 MiB (of 386919 MiB total) is currently available.  OOM / swap-thrash under load is likely.  Fix: reduce storage_options.prefetch_window, or reduce DataLoader worker count, or move the S3 target off-node.
[WARNING] NPZReaderS3Iterable[thread=3] [resource-probe] RAM projection: prefetch=64 x dataloader_workers=4 x ranks_per_node=8 x record_length=139 MiB = 286329 MiB of in-flight buffer memory, but only 327143 MiB (of 386919 MiB total) is currently available.  OOM / swap-thrash under load is likely.  Fix: reduce storage_options.prefetch_window, or reduce DataLoader worker count, or move the S3 target off-node.
[WARNING] NPZReaderS3Iterable[thread=2] [resource-probe] RAM projection: prefetch=64 x dataloader_workers=4 x ranks_per_node=8 x record_length=139 MiB = 286329 MiB of in-flight buffer memory, but only 327143 MiB (of 386919 MiB total) is currently available.  OOM / swap-thrash under load is likely.  Fix: reduce storage_options.prefetch_window, or reduce DataLoader worker count, or move the S3 target off-node.
[WARNING] NPZReaderS3Iterable[thread=0] [resource-probe] RAM projection: prefetch=64 x dataloader_workers=4 x ranks_per_node=8 x record_length=139 MiB = 286329 MiB of in-flight buffer memory, but only 327143 MiB (of 386919 MiB total) is currently available.  OOM / swap-thrash under load is likely.  Fix: reduce storage_options.prefetch_window, or reduce DataLoader worker count, or move the S3 target off-node.
[OUTPUT] 2026-07-23T05:51:46.127536 Ending block 1 - 2008 steps completed in 335.22 s
[OUTPUT] 2026-07-23T05:51:46.130306 Epoch 3 - Block 1 [Training] Accelerator Utilization [AU] (%): 98.1785
[OUTPUT] 2026-07-23T05:51:46.130447 Epoch 3 - Block 1 [Training] Throughput (samples/second): 339.0988
[OUTPUT] 2026-07-23T05:51:46.130933 Epoch 3 - Block 1 [Training] Computation time per step (second): 0.1621+/-0.0000 (set value: {'mean': 0.162})
[OUTPUT] 2026-07-23T05:51:46.131595 Ending epoch 3 - 2008 steps completed in 335.22 s
[OUTPUT] 2026-07-23T05:51:46.144038 Reshard for epoch 4: 14062 train files, 0 eval files redistributed via alltoall in 0.01s
[WARNING] NPZReaderS3Iterable[thread=1] [resource-probe] RAM projection: prefetch=64 x dataloader_workers=4 x ranks_per_node=8 x record_length=139 MiB = 286329 MiB of in-flight buffer memory, but only 328844 MiB (of 386919 MiB total) is currently available.  OOM / swap-thrash under load is likely.  Fix: reduce storage_options.prefetch_window, or reduce DataLoader worker count, or move the S3 target off-node.
[WARNING] NPZReaderS3Iterable[thread=3] [resource-probe] RAM projection: prefetch=64 x dataloader_workers=4 x ranks_per_node=8 x record_length=139 MiB = 286329 MiB of in-flight buffer memory, but only 328844 MiB (of 386919 MiB total) is currently available.  OOM / swap-thrash under load is likely.  Fix: reduce storage_options.prefetch_window, or reduce DataLoader worker count, or move the S3 target off-node.
[WARNING] NPZReaderS3Iterable[thread=0] [resource-probe] RAM projection: prefetch=64 x dataloader_workers=4 x ranks_per_node=8 x record_length=139 MiB = 286329 MiB of in-flight buffer memory, but only 328844 MiB (of 386919 MiB total) is currently available.  OOM / swap-thrash under load is likely.  Fix: reduce storage_options.prefetch_window, or reduce DataLoader worker count, or move the S3 target off-node.
[WARNING] NPZReaderS3Iterable[thread=2] [resource-probe] RAM projection: prefetch=64 x dataloader_workers=4 x ranks_per_node=8 x record_length=139 MiB = 286329 MiB of in-flight buffer memory, but only 328845 MiB (of 386919 MiB total) is currently available.  OOM / swap-thrash under load is likely.  Fix: reduce storage_options.prefetch_window, or reduce DataLoader worker count, or move the S3 target off-node.
[OUTPUT] 2026-07-23T05:51:49.617110 Worker pre-warm complete for epoch 4 (4 workers spawned)
[OUTPUT] 2026-07-23T05:51:50.123391 Starting epoch 4: 2008 steps expected
[OUTPUT] 2026-07-23T05:51:50.123910 Starting block 1
[WARNING] NPZReaderS3Iterable[thread=3] [resource-probe] RAM projection: prefetch=64 x dataloader_workers=4 x ranks_per_node=8 x record_length=139 MiB = 286329 MiB of in-flight buffer memory, but only 326679 MiB (of 386919 MiB total) is currently available.  OOM / swap-thrash under load is likely.  Fix: reduce storage_options.prefetch_window, or reduce DataLoader worker count, or move the S3 target off-node.
[WARNING] NPZReaderS3Iterable[thread=1] [resource-probe] RAM projection: prefetch=64 x dataloader_workers=4 x ranks_per_node=8 x record_length=139 MiB = 286329 MiB of in-flight buffer memory, but only 326679 MiB (of 386919 MiB total) is currently available.  OOM / swap-thrash under load is likely.  Fix: reduce storage_options.prefetch_window, or reduce DataLoader worker count, or move the S3 target off-node.
[WARNING] NPZReaderS3Iterable[thread=0] [resource-probe] RAM projection: prefetch=64 x dataloader_workers=4 x ranks_per_node=8 x record_length=139 MiB = 286329 MiB of in-flight buffer memory, but only 326654 MiB (of 386919 MiB total) is currently available.  OOM / swap-thrash under load is likely.  Fix: reduce storage_options.prefetch_window, or reduce DataLoader worker count, or move the S3 target off-node.
[WARNING] NPZReaderS3Iterable[thread=2] [resource-probe] RAM projection: prefetch=64 x dataloader_workers=4 x ranks_per_node=8 x record_length=139 MiB = 286329 MiB of in-flight buffer memory, but only 326635 MiB (of 386919 MiB total) is currently available.  OOM / swap-thrash under load is likely.  Fix: reduce storage_options.prefetch_window, or reduce DataLoader worker count, or move the S3 target off-node.
[OUTPUT] 2026-07-23T05:57:27.192683 Ending block 1 - 2008 steps completed in 337.07 s
[OUTPUT] 2026-07-23T05:57:27.195300 Epoch 4 - Block 1 [Training] Accelerator Utilization [AU] (%): 97.6029
[OUTPUT] 2026-07-23T05:57:27.195396 Epoch 4 - Block 1 [Training] Throughput (samples/second): 337.1025
[OUTPUT] 2026-07-23T05:57:27.195931 Epoch 4 - Block 1 [Training] Computation time per step (second): 0.1621+/-0.0000 (set value: {'mean': 0.162})
[OUTPUT] 2026-07-23T05:57:27.196757 Ending epoch 4 - 2008 steps completed in 337.07 s
[OUTPUT] 2026-07-23T05:57:27.209081 Reshard for epoch 5: 14062 train files, 0 eval files redistributed via alltoall in 0.01s
[WARNING] NPZReaderS3Iterable[thread=1] [resource-probe] RAM projection: prefetch=64 x dataloader_workers=4 x ranks_per_node=8 x record_length=139 MiB = 286329 MiB of in-flight buffer memory, but only 329335 MiB (of 386919 MiB total) is currently available.  OOM / swap-thrash under load is likely.  Fix: reduce storage_options.prefetch_window, or reduce DataLoader worker count, or move the S3 target off-node.
[WARNING] NPZReaderS3Iterable[thread=3] [resource-probe] RAM projection: prefetch=64 x dataloader_workers=4 x ranks_per_node=8 x record_length=139 MiB = 286329 MiB of in-flight buffer memory, but only 329335 MiB (of 386919 MiB total) is currently available.  OOM / swap-thrash under load is likely.  Fix: reduce storage_options.prefetch_window, or reduce DataLoader worker count, or move the S3 target off-node.
[WARNING] NPZReaderS3Iterable[thread=2] [resource-probe] RAM projection: prefetch=64 x dataloader_workers=4 x ranks_per_node=8 x record_length=139 MiB = 286329 MiB of in-flight buffer memory, but only 329335 MiB (of 386919 MiB total) is currently available.  OOM / swap-thrash under load is likely.  Fix: reduce storage_options.prefetch_window, or reduce DataLoader worker count, or move the S3 target off-node.
[WARNING] NPZReaderS3Iterable[thread=0] [resource-probe] RAM projection: prefetch=64 x dataloader_workers=4 x ranks_per_node=8 x record_length=139 MiB = 286329 MiB of in-flight buffer memory, but only 329336 MiB (of 386919 MiB total) is currently available.  OOM / swap-thrash under load is likely.  Fix: reduce storage_options.prefetch_window, or reduce DataLoader worker count, or move the S3 target off-node.
[OUTPUT] 2026-07-23T05:57:30.514440 Worker pre-warm complete for epoch 5 (4 workers spawned)
[OUTPUT] 2026-07-23T05:57:31.163809 Starting epoch 5: 2008 steps expected
[OUTPUT] 2026-07-23T05:57:31.164289 Starting block 1
[WARNING] NPZReaderS3Iterable[thread=2] [resource-probe] RAM projection: prefetch=64 x dataloader_workers=4 x ranks_per_node=8 x record_length=139 MiB = 286329 MiB of in-flight buffer memory, but only 326710 MiB (of 386919 MiB total) is currently available.  OOM / swap-thrash under load is likely.  Fix: reduce storage_options.prefetch_window, or reduce DataLoader worker count, or move the S3 target off-node.
[WARNING] NPZReaderS3Iterable[thread=3] [resource-probe] RAM projection: prefetch=64 x dataloader_workers=4 x ranks_per_node=8 x record_length=139 MiB = 286329 MiB of in-flight buffer memory, but only 326690 MiB (of 386919 MiB total) is currently available.  OOM / swap-thrash under load is likely.  Fix: reduce storage_options.prefetch_window, or reduce DataLoader worker count, or move the S3 target off-node.
[WARNING] NPZReaderS3Iterable[thread=1] [resource-probe] RAM projection: prefetch=64 x dataloader_workers=4 x ranks_per_node=8 x record_length=139 MiB = 286329 MiB of in-flight buffer memory, but only 326683 MiB (of 386919 MiB total) is currently available.  OOM / swap-thrash under load is likely.  Fix: reduce storage_options.prefetch_window, or reduce DataLoader worker count, or move the S3 target off-node.
[WARNING] NPZReaderS3Iterable[thread=0] [resource-probe] RAM projection: prefetch=64 x dataloader_workers=4 x ranks_per_node=8 x record_length=139 MiB = 286329 MiB of in-flight buffer memory, but only 326675 MiB (of 386919 MiB total) is currently available.  OOM / swap-thrash under load is likely.  Fix: reduce storage_options.prefetch_window, or reduce DataLoader worker count, or move the S3 target off-node.
[OUTPUT] 2026-07-23T06:03:07.577583 Ending block 1 - 2008 steps completed in 336.41 s
[OUTPUT] 2026-07-23T06:03:07.579133 Epoch 5 - Block 1 [Training] Accelerator Utilization [AU] (%): 97.9921
[OUTPUT] 2026-07-23T06:03:07.579205 Epoch 5 - Block 1 [Training] Throughput (samples/second): 338.4420
[OUTPUT] 2026-07-23T06:03:07.579520 Epoch 5 - Block 1 [Training] Computation time per step (second): 0.1621+/-0.0000 (set value: {'mean': 0.162})
[OUTPUT] 2026-07-23T06:03:07.580924 Ending epoch 5 - 2008 steps completed in 336.42 s
[OUTPUT] 2026-07-23T06:03:07.593833 Reshard for epoch 6: 14062 train files, 0 eval files redistributed via alltoall in 0.01s
[WARNING] NPZReaderS3Iterable[thread=3] [resource-probe] RAM projection: prefetch=64 x dataloader_workers=4 x ranks_per_node=8 x record_length=139 MiB = 286329 MiB of in-flight buffer memory, but only 329081 MiB (of 386919 MiB total) is currently available.  OOM / swap-thrash under load is likely.  Fix: reduce storage_options.prefetch_window, or reduce DataLoader worker count, or move the S3 target off-node.
[WARNING] NPZReaderS3Iterable[thread=1] [resource-probe] RAM projection: prefetch=64 x dataloader_workers=4 x ranks_per_node=8 x record_length=139 MiB = 286329 MiB of in-flight buffer memory, but only 329081 MiB (of 386919 MiB total) is currently available.  OOM / swap-thrash under load is likely.  Fix: reduce storage_options.prefetch_window, or reduce DataLoader worker count, or move the S3 target off-node.
[WARNING] NPZReaderS3Iterable[thread=2] [resource-probe] RAM projection: prefetch=64 x dataloader_workers=4 x ranks_per_node=8 x record_length=139 MiB = 286329 MiB of in-flight buffer memory, but only 329082 MiB (of 386919 MiB total) is currently available.  OOM / swap-thrash under load is likely.  Fix: reduce storage_options.prefetch_window, or reduce DataLoader worker count, or move the S3 target off-node.
[WARNING] NPZReaderS3Iterable[thread=0] [resource-probe] RAM projection: prefetch=64 x dataloader_workers=4 x ranks_per_node=8 x record_length=139 MiB = 286329 MiB of in-flight buffer memory, but only 329084 MiB (of 386919 MiB total) is currently available.  OOM / swap-thrash under load is likely.  Fix: reduce storage_options.prefetch_window, or reduce DataLoader worker count, or move the S3 target off-node.
[OUTPUT] 2026-07-23T06:03:10.964720 Worker pre-warm complete for epoch 6 (4 workers spawned)
[OUTPUT] 2026-07-23T06:03:11.920109 Saved outputs in /home/abhgaikwad/mlps-gcp-unet-submission/closed/nvidia/results/aistore-3n-gcp-z3-200g-8client-n2d96/training/unet3d/run/20260723_053421
[OUTPUT] Averaged metric over all steps/epochs
[METRIC] ==========================================================
[METRIC] Number of Simulated Accelerators: 8 
[METRIC] Training Accelerator Utilization [AU] (%): 97.9436 (0.1698)
[METRIC] Training Throughput (samples/second): 338.2707 (0.5874)
[METRIC] Training I/O Throughput (MiB/second): 47293.3728 (82.1308)
[METRIC] train_au_meet_expectation: success
[METRIC] ==========================================================

[OUTPUT] 2026-07-23T06:03:11.957690 outputs saved in RANKID_output.json
