[OUTPUT] [DEBUG DLIOBenchmark.__init__] After LoadConfig:
[OUTPUT]   storage_type   = <StorageType.LOCAL_FS: 'local_fs'>
[OUTPUT]   storage_root   = './'
[OUTPUT]   storage_options= None
[OUTPUT]   data_folder    = '/mnt/pfs/unet3d'
[OUTPUT]   framework      = <FrameworkType.PYTORCH: 'pytorch'>
[OUTPUT]   num_files_train= 380000
[OUTPUT]   record_length  = 146600628
[OUTPUT]   generate_data  = False
[OUTPUT]   do_train       = True
[OUTPUT]   do_checkpoint  = False
[OUTPUT]   epochs         = 5
[OUTPUT]   batch_size     = 7
[OUTPUT] 2026-07-24T12:16:24.629523 Running DLIO [Training] with 96 process(es)
[OUTPUT] 2026-07-24T12:16:26.186548 File listing [train]: 420000 files discovered, 3958 assigned to rank 0, completed in 1.53s
[OUTPUT] 2026-07-24T12:16:26.187143 File listing [valid]: 0 files discovered, 0 assigned to rank 0, completed in 0.00s
[OUTPUT] 2026-07-24T12:16:26.187200 Streamed file sharding: 420000 train files across 96 ranks via round-robin (rank 0 shard: 3958 files)
[OUTPUT] 2026-07-24T12:16:28.009176 Max steps per epoch per rank: 54285 = 1 * 380000 / 7 (samples per file * local files / batch size)
[OUTPUT] 2026-07-24T12:16:28.176664 Reshard for epoch 1: 3958 train files, 0 eval files redistributed via alltoall in 0.17s
[OUTPUT] 2026-07-24T12:16:31.011358 Worker pre-warm complete (12 workers spawned)
[OUTPUT] 2026-07-24T12:16:31.324414 Starting epoch 1: 565 steps expected
[OUTPUT] 2026-07-24T12:16:31.324709 Starting block 1
[OUTPUT] 2026-07-24T12:18:08.938478 Ending block 1 - 565 steps completed in 97.61 s
[OUTPUT] 2026-07-24T12:18:08.942156 Epoch 1 - Block 1 [Training] Accelerator Utilization [AU] (%): 95.9473
[OUTPUT] 2026-07-24T12:18:08.942212 Epoch 1 - Block 1 [Training] Throughput (samples/second): 3978.1515
[OUTPUT] 2026-07-24T12:18:08.942994 Epoch 1 - Block 1 [Training] Computation time per step (second): 0.1621+/-0.0000 (set value: {'mean': 0.162})
[OUTPUT] 2026-07-24T12:18:09.126717 Ending epoch 1 - 565 steps completed in 97.80 s
[OUTPUT] 2026-07-24T12:18:09.232837 Reshard for epoch 2: 3958 train files, 0 eval files redistributed via alltoall in 0.11s
[OUTPUT] 2026-07-24T12:18:12.084589 Worker pre-warm complete for epoch 2 (12 workers spawned)
[OUTPUT] 2026-07-24T12:18:12.395909 Starting epoch 2: 565 steps expected
[OUTPUT] 2026-07-24T12:18:12.396226 Starting block 1
[OUTPUT] 2026-07-24T12:19:50.135404 Ending block 1 - 565 steps completed in 97.74 s
[OUTPUT] 2026-07-24T12:19:50.137325 Epoch 2 - Block 1 [Training] Accelerator Utilization [AU] (%): 95.7644
[OUTPUT] 2026-07-24T12:19:50.137377 Epoch 2 - Block 1 [Training] Throughput (samples/second): 3970.5860
[OUTPUT] 2026-07-24T12:19:50.137621 Epoch 2 - Block 1 [Training] Computation time per step (second): 0.1621+/-0.0000 (set value: {'mean': 0.162})
[OUTPUT] 2026-07-24T12:19:50.368460 Ending epoch 2 - 565 steps completed in 97.97 s
[OUTPUT] 2026-07-24T12:19:50.389342 Reshard for epoch 3: 3958 train files, 0 eval files redistributed via alltoall in 0.02s
[OUTPUT] 2026-07-24T12:19:53.216443 Worker pre-warm complete for epoch 3 (12 workers spawned)
[OUTPUT] 2026-07-24T12:19:53.488825 Starting epoch 3: 565 steps expected
[OUTPUT] 2026-07-24T12:19:53.489202 Starting block 1
[OUTPUT] 2026-07-24T12:21:31.195624 Ending block 1 - 565 steps completed in 97.71 s
[OUTPUT] 2026-07-24T12:21:31.199124 Epoch 3 - Block 1 [Training] Accelerator Utilization [AU] (%): 95.8046
[OUTPUT] 2026-07-24T12:21:31.199192 Epoch 3 - Block 1 [Training] Throughput (samples/second): 3972.2483
[OUTPUT] 2026-07-24T12:21:31.199439 Epoch 3 - Block 1 [Training] Computation time per step (second): 0.1621+/-0.0000 (set value: {'mean': 0.162})
[OUTPUT] 2026-07-24T12:21:31.359876 Ending epoch 3 - 565 steps completed in 97.87 s
[OUTPUT] 2026-07-24T12:21:31.382747 Reshard for epoch 4: 3958 train files, 0 eval files redistributed via alltoall in 0.02s
[OUTPUT] 2026-07-24T12:21:34.212798 Worker pre-warm complete for epoch 4 (12 workers spawned)
[OUTPUT] 2026-07-24T12:21:34.482854 Starting epoch 4: 565 steps expected
[OUTPUT] 2026-07-24T12:21:34.483203 Starting block 1
[OUTPUT] 2026-07-24T12:23:12.258590 Ending block 1 - 565 steps completed in 97.78 s
[OUTPUT] 2026-07-24T12:23:12.260734 Epoch 4 - Block 1 [Training] Accelerator Utilization [AU] (%): 95.6215
[OUTPUT] 2026-07-24T12:23:12.260792 Epoch 4 - Block 1 [Training] Throughput (samples/second): 3964.6766
[OUTPUT] 2026-07-24T12:23:12.261010 Epoch 4 - Block 1 [Training] Computation time per step (second): 0.1621+/-0.0000 (set value: {'mean': 0.162})
[OUTPUT] 2026-07-24T12:23:12.433099 Ending epoch 4 - 565 steps completed in 97.95 s
[OUTPUT] 2026-07-24T12:23:12.488197 Reshard for epoch 5: 3958 train files, 0 eval files redistributed via alltoall in 0.05s
[OUTPUT] 2026-07-24T12:23:15.379652 Worker pre-warm complete for epoch 5 (12 workers spawned)
[OUTPUT] 2026-07-24T12:23:15.654203 Starting epoch 5: 565 steps expected
[OUTPUT] 2026-07-24T12:23:15.654515 Starting block 1
[OUTPUT] 2026-07-24T12:24:53.268409 Ending block 1 - 565 steps completed in 97.61 s
[OUTPUT] 2026-07-24T12:24:53.275122 Epoch 5 - Block 1 [Training] Accelerator Utilization [AU] (%): 95.9369
[OUTPUT] 2026-07-24T12:24:53.275229 Epoch 5 - Block 1 [Training] Throughput (samples/second): 3977.7369
[OUTPUT] 2026-07-24T12:24:53.275632 Epoch 5 - Block 1 [Training] Computation time per step (second): 0.1621+/-0.0000 (set value: {'mean': 0.162})
[OUTPUT] 2026-07-24T12:24:53.550646 Ending epoch 5 - 565 steps completed in 97.90 s
[OUTPUT] 2026-07-24T12:24:53.576134 Reshard for epoch 6: 3958 train files, 0 eval files redistributed via alltoall in 0.02s
[OUTPUT] 2026-07-24T12:24:56.455621 Worker pre-warm complete for epoch 6 (12 workers spawned)
[OUTPUT] 2026-07-24T12:24:56.652401 Saved outputs in /home/mlperf/results/TuringData/closed/TuringData/results/TuringData_F9200_8_Clients/training/unet3d/run/20260724_121559
[OUTPUT] Averaged metric over all steps/epochs
[METRIC] ==========================================================
[METRIC] Number of Simulated Accelerators: 96 
[METRIC] Training Accelerator Utilization [AU] (%): 95.6786 (0.0542)
[METRIC] Training Throughput (samples/second): 3967.0463 (2.2409)
[METRIC] Training I/O Throughput (MiB/second): 554629.7761 (313.2931)
[METRIC] train_au_meet_expectation: success
[METRIC] ==========================================================

[OUTPUT] 2026-07-24T12:24:56.831937 outputs saved in RANKID_output.json
