[OUTPUT] [DEBUG DLIOBenchmark.__init__] After LoadConfig:
[OUTPUT]   storage_type   = <StorageType.LOCAL_FS: 'local_fs'>
[OUTPUT]   storage_root   = './'
[OUTPUT]   storage_options= None
[OUTPUT]   data_folder    = '/mlperf-storage/mlpstorage_run/unet3d_data/unet3d'
[OUTPUT]   framework      = <FrameworkType.PYTORCH: 'pytorch'>
[OUTPUT]   num_files_train= 1968762
[OUTPUT]   record_length  = 146600628
[OUTPUT]   generate_data  = False
[OUTPUT]   do_train       = True
[OUTPUT]   do_checkpoint  = False
[OUTPUT]   epochs         = 5
[OUTPUT]   batch_size     = 7
[OUTPUT] 2026-07-24T14:39:36.125657 Running DLIO [Training] with 70 process(es)
[OUTPUT] 2026-07-24T14:39:36.331228 skip_listing [train]: validating 1,970 of 1,968,762 files (first, last, every 1,000) via HEAD requests ...
[OUTPUT] 2026-07-24T14:39:36.765588 skip_listing [train]:   197/1,970 checked (10%)  —  454 checks/s  —  ETA 4s  —  0 failed so far
[OUTPUT] 2026-07-24T14:39:37.166635 skip_listing [train]:   394/1,970 checked (20%)  —  472 checks/s  —  ETA 3s  —  0 failed so far
[OUTPUT] 2026-07-24T14:39:37.565178 skip_listing [train]:   591/1,970 checked (30%)  —  479 checks/s  —  ETA 3s  —  0 failed so far
[OUTPUT] 2026-07-24T14:39:37.971881 skip_listing [train]:   788/1,970 checked (40%)  —  480 checks/s  —  ETA 2s  —  0 failed so far
[OUTPUT] 2026-07-24T14:39:38.364174 skip_listing [train]:   985/1,970 checked (50%)  —  485 checks/s  —  ETA 2s  —  0 failed so far
[OUTPUT] 2026-07-24T14:39:38.770083 skip_listing [train]:   1,182/1,970 checked (60%)  —  485 checks/s  —  ETA 2s  —  0 failed so far
[OUTPUT] 2026-07-24T14:39:39.175451 skip_listing [train]:   1,379/1,970 checked (70%)  —  485 checks/s  —  ETA 1s  —  0 failed so far
[OUTPUT] 2026-07-24T14:39:39.565863 skip_listing [train]:   1,576/1,970 checked (80%)  —  487 checks/s  —  ETA 1s  —  0 failed so far
[OUTPUT] 2026-07-24T14:39:39.957602 skip_listing [train]:   1,773/1,970 checked (90%)  —  489 checks/s  —  ETA 0s  —  0 failed so far
[OUTPUT] 2026-07-24T14:39:40.355431 skip_listing [train]: validation complete — all 1,970 samples exist (4.0s, 490 checks/s); 28,126 URIs ready for rank 0 (1,968,762 total across all ranks)
[OUTPUT] 2026-07-24T14:39:40.355887 File listing [train]: 1968762 files discovered, 28125 assigned to rank 0, completed in 4.08s
[OUTPUT] 2026-07-24T14:39:40.355964 skip_listing [valid]: generated 0 file URIs deterministically (0 total — validation disabled)
[OUTPUT] 2026-07-24T14:39:40.356002 File listing [valid]: 0 files discovered, 0 assigned to rank 0, completed in 0.00s
[OUTPUT] 2026-07-24T14:39:40.356031 Streamed file sharding: 1968762 train files across 70 ranks via round-robin (rank 0 shard: 28125 files)
[OUTPUT] 2026-07-24T14:39:41.619659 Max steps per epoch per rank: 281251 = 1 * 1968762 / 7 (samples per file * local files / batch size)
[OUTPUT] 2026-07-24T14:39:41.993514 Reshard for epoch 1: 28125 train files, 0 eval files redistributed via alltoall in 0.37s
Traceback (most recent call last):
  File "/usr/lib/python3.12/multiprocessing/util.py", line 303, in _run_finalizers
    finalizer()
  File "/usr/lib/python3.12/multiprocessing/util.py", line 227, in __call__
    res = self._callback(*self._args, **self._kwargs)
          ^^^^^^^^^^^^^^^^^^^^^^^^^^^^^^^^^^^^^^^^^^^
  File "/usr/lib/python3.12/multiprocessing/util.py", line 136, in _remove_temp_dir
    rmtree(tempdir, onerror=onerror)
  File "/usr/lib/python3.12/shutil.py", line 796, in rmtree
    onexc(os.rmdir, path, err)
  File "/usr/lib/python3.12/shutil.py", line 764, in onexc
    return onerror(func, path, exc_info)
           ^^^^^^^^^^^^^^^^^^^^^^^^^^^^^
  File "/usr/lib/python3.12/shutil.py", line 794, in rmtree
    os.rmdir(path, dir_fd=dir_fd)
OSError: [Errno 39] Directory not empty: '/tmp/pymp-9akk1_31'
[OUTPUT] 2026-07-24T14:39:58.361990 Worker pre-warm complete (96 workers spawned)
[OUTPUT] 2026-07-24T14:39:59.377541 Starting epoch 1: 4017 steps expected
[OUTPUT] 2026-07-24T14:39:59.377899 Starting block 1
[OUTPUT] 2026-07-24T14:51:56.406239 Ending block 1 - 4017 steps completed in 717.03 s
[OUTPUT] 2026-07-24T14:51:56.429189 Epoch 1 - Block 1 [Training] Accelerator Utilization [AU] (%): 92.5804
[OUTPUT] 2026-07-24T14:51:56.429242 Epoch 1 - Block 1 [Training] Throughput (samples/second): 2798.2452
[OUTPUT] 2026-07-24T14:51:56.430604 Epoch 1 - Block 1 [Training] Computation time per step (second): 0.1621+/-0.0000 (set value: {'mean': 0.162})
[OUTPUT] 2026-07-24T14:51:56.431961 Ending epoch 1 - 4017 steps completed in 717.05 s
[OUTPUT] 2026-07-24T14:51:56.468170 Reshard for epoch 2: 28125 train files, 0 eval files redistributed via alltoall in 0.04s
[OUTPUT] 2026-07-24T14:52:11.260733 Worker pre-warm complete for epoch 2 (96 workers spawned)
[OUTPUT] 2026-07-24T14:52:21.167907 Starting epoch 2: 4017 steps expected
[OUTPUT] 2026-07-24T14:52:21.168268 Starting block 1
[OUTPUT] 2026-07-24T15:04:18.419111 Ending block 1 - 4017 steps completed in 717.25 s
[OUTPUT] 2026-07-24T15:04:18.423824 Epoch 2 - Block 1 [Training] Accelerator Utilization [AU] (%): 92.4262
[OUTPUT] 2026-07-24T15:04:18.423896 Epoch 2 - Block 1 [Training] Throughput (samples/second): 2793.5828
[OUTPUT] 2026-07-24T15:04:18.424367 Epoch 2 - Block 1 [Training] Computation time per step (second): 0.1621+/-0.0000 (set value: {'mean': 0.162})
[OUTPUT] 2026-07-24T15:04:18.425700 Ending epoch 2 - 4017 steps completed in 717.26 s
[OUTPUT] 2026-07-24T15:04:18.466341 Reshard for epoch 3: 28125 train files, 0 eval files redistributed via alltoall in 0.04s
[OUTPUT] 2026-07-24T15:04:33.235586 Worker pre-warm complete for epoch 3 (96 workers spawned)
[OUTPUT] 2026-07-24T15:04:43.306316 Starting epoch 3: 4017 steps expected
[OUTPUT] 2026-07-24T15:04:43.306759 Starting block 1
[OUTPUT] 2026-07-24T15:16:44.363818 Ending block 1 - 4017 steps completed in 721.06 s
[OUTPUT] 2026-07-24T15:16:44.370136 Epoch 3 - Block 1 [Training] Accelerator Utilization [AU] (%): 91.7085
[OUTPUT] 2026-07-24T15:16:44.370204 Epoch 3 - Block 1 [Training] Throughput (samples/second): 2771.8357
[OUTPUT] 2026-07-24T15:16:44.370666 Epoch 3 - Block 1 [Training] Computation time per step (second): 0.1621+/-0.0000 (set value: {'mean': 0.162})
[OUTPUT] 2026-07-24T15:16:44.398979 Ending epoch 3 - 4017 steps completed in 721.09 s
[OUTPUT] 2026-07-24T15:16:44.437849 Reshard for epoch 4: 28125 train files, 0 eval files redistributed via alltoall in 0.04s
Traceback (most recent call last):
  File "/usr/lib/python3.12/multiprocessing/util.py", line 303, in _run_finalizers
    finalizer()
  File "/usr/lib/python3.12/multiprocessing/util.py", line 227, in __call__
    res = self._callback(*self._args, **self._kwargs)
          ^^^^^^^^^^^^^^^^^^^^^^^^^^^^^^^^^^^^^^^^^^^
  File "/usr/lib/python3.12/multiprocessing/util.py", line 136, in _remove_temp_dir
    rmtree(tempdir, onerror=onerror)
  File "/usr/lib/python3.12/shutil.py", line 796, in rmtree
    onexc(os.rmdir, path, err)
  File "/usr/lib/python3.12/shutil.py", line 764, in onexc
    return onerror(func, path, exc_info)
           ^^^^^^^^^^^^^^^^^^^^^^^^^^^^^
  File "/usr/lib/python3.12/shutil.py", line 794, in rmtree
    os.rmdir(path, dir_fd=dir_fd)
OSError: [Errno 39] Directory not empty: '/tmp/pymp-d075rrq_'
[OUTPUT] 2026-07-24T15:16:59.813360 Worker pre-warm complete for epoch 4 (96 workers spawned)
[OUTPUT] 2026-07-24T15:17:08.963449 Starting epoch 4: 4017 steps expected
[OUTPUT] 2026-07-24T15:17:08.963885 Starting block 1
[OUTPUT] 2026-07-24T15:29:11.838008 Ending block 1 - 4017 steps completed in 722.87 s
[OUTPUT] 2026-07-24T15:29:11.844971 Epoch 4 - Block 1 [Training] Accelerator Utilization [AU] (%): 91.9550
[OUTPUT] 2026-07-24T15:29:11.845037 Epoch 4 - Block 1 [Training] Throughput (samples/second): 2779.2200
[OUTPUT] 2026-07-24T15:29:11.845464 Epoch 4 - Block 1 [Training] Computation time per step (second): 0.1621+/-0.0000 (set value: {'mean': 0.162})
[OUTPUT] 2026-07-24T15:29:11.884717 Ending epoch 4 - 4017 steps completed in 722.92 s
[OUTPUT] 2026-07-24T15:29:11.928432 Reshard for epoch 5: 28125 train files, 0 eval files redistributed via alltoall in 0.04s
Traceback (most recent call last):
  File "/usr/lib/python3.12/multiprocessing/util.py", line 303, in _run_finalizers
    finalizer()
  File "/usr/lib/python3.12/multiprocessing/util.py", line 227, in __call__
    res = self._callback(*self._args, **self._kwargs)
          ^^^^^^^^^^^^^^^^^^^^^^^^^^^^^^^^^^^^^^^^^^^
  File "/usr/lib/python3.12/multiprocessing/util.py", line 136, in _remove_temp_dir
    rmtree(tempdir, onerror=onerror)
  File "/usr/lib/python3.12/shutil.py", line 796, in rmtree
    onexc(os.rmdir, path, err)
  File "/usr/lib/python3.12/shutil.py", line 764, in onexc
    return onerror(func, path, exc_info)
           ^^^^^^^^^^^^^^^^^^^^^^^^^^^^^
  File "/usr/lib/python3.12/shutil.py", line 794, in rmtree
    os.rmdir(path, dir_fd=dir_fd)
OSError: [Errno 39] Directory not empty: '/tmp/pymp-ofvrcnh0'
[OUTPUT] 2026-07-24T15:29:26.732425 Worker pre-warm complete for epoch 5 (96 workers spawned)
[OUTPUT] 2026-07-24T15:29:36.891328 Starting epoch 5: 4017 steps expected
[OUTPUT] 2026-07-24T15:29:36.891697 Starting block 1
[OUTPUT] 2026-07-24T15:41:42.971088 Ending block 1 - 4017 steps completed in 726.08 s
[OUTPUT] 2026-07-24T15:41:42.975776 Epoch 5 - Block 1 [Training] Accelerator Utilization [AU] (%): 91.0184
[OUTPUT] 2026-07-24T15:41:42.975839 Epoch 5 - Block 1 [Training] Throughput (samples/second): 2750.8289
[OUTPUT] 2026-07-24T15:41:42.976266 Epoch 5 - Block 1 [Training] Computation time per step (second): 0.1621+/-0.0000 (set value: {'mean': 0.162})
[OUTPUT] 2026-07-24T15:41:42.987610 Ending epoch 5 - 4017 steps completed in 726.10 s
[OUTPUT] 2026-07-24T15:41:43.031627 Reshard for epoch 6: 28125 train files, 0 eval files redistributed via alltoall in 0.04s
Traceback (most recent call last):
  File "/usr/lib/python3.12/multiprocessing/util.py", line 303, in _run_finalizers
    finalizer()
  File "/usr/lib/python3.12/multiprocessing/util.py", line 227, in __call__
    res = self._callback(*self._args, **self._kwargs)
          ^^^^^^^^^^^^^^^^^^^^^^^^^^^^^^^^^^^^^^^^^^^
  File "/usr/lib/python3.12/multiprocessing/util.py", line 136, in _remove_temp_dir
    rmtree(tempdir, onerror=onerror)
  File "/usr/lib/python3.12/shutil.py", line 796, in rmtree
    onexc(os.rmdir, path, err)
  File "/usr/lib/python3.12/shutil.py", line 764, in onexc
    return onerror(func, path, exc_info)
           ^^^^^^^^^^^^^^^^^^^^^^^^^^^^^
  File "/usr/lib/python3.12/shutil.py", line 794, in rmtree
    os.rmdir(path, dir_fd=dir_fd)
OSError: [Errno 39] Directory not empty: '/tmp/pymp-j0ap2uvo'
[OUTPUT] 2026-07-24T15:41:57.774137 Worker pre-warm complete for epoch 6 (96 workers spawned)
[OUTPUT] 2026-07-24T15:41:58.767223 Saved outputs in /submission/submission_Microsoft_training/closed/Microsoft/results/AMLFS-Durable-Premium-20-25632TiB-70-Standard_D192ds_v6/training/unet3d/run/20260724_143806
[OUTPUT] Averaged metric over all steps/epochs
[METRIC] ==========================================================
[METRIC] Number of Simulated Accelerators: 70 
[METRIC] Training Accelerator Utilization [AU] (%): 91.9057 (0.4331)
[METRIC] Training Throughput (samples/second): 2777.8039 (13.1199)
[METRIC] Training I/O Throughput (MiB/second): 388362.6898 (1834.2882)
[METRIC] train_au_meet_expectation: success
[METRIC] ==========================================================

[OUTPUT] 2026-07-24T15:41:59.417844 outputs saved in RANKID_output.json
