[OUTPUT] [DEBUG DLIOBenchmark.__init__] After LoadConfig:
[OUTPUT]   storage_type   = <StorageType.LOCAL_FS: 'local_fs'>
[OUTPUT]   storage_root   = './'
[OUTPUT]   storage_options= None
[OUTPUT]   data_folder    = '/mnt/alluxio/mlperf/unet3d'
[OUTPUT]   framework      = <FrameworkType.PYTORCH: 'pytorch'>
[OUTPUT]   num_files_train= 55500
[OUTPUT]   record_length  = 146600628
[OUTPUT]   generate_data  = False
[OUTPUT]   do_train       = True
[OUTPUT]   do_checkpoint  = False
[OUTPUT]   epochs         = 5
[OUTPUT]   batch_size     = 7
[OUTPUT] 2026-07-04T05:01:06.695869 Running DLIO [Training] with 8 process(es)
[OUTPUT] 2026-07-04T05:01:06.736043 skip_listing [train]: validating 55,500 of 55,500 files (first, last, every 1) via HEAD requests ...
[OUTPUT] 2026-07-04T05:01:07.665858 skip_listing [train]:   500/55,500 checked (1%)  —  538 checks/s  —  ETA 102s  —  0 failed so far
[OUTPUT] 2026-07-04T05:01:08.559288 skip_listing [train]:   1,000/55,500 checked (2%)  —  549 checks/s  —  ETA 99s  —  0 failed so far
[OUTPUT] 2026-07-04T05:01:09.450696 skip_listing [train]:   1,500/55,500 checked (3%)  —  553 checks/s  —  ETA 98s  —  0 failed so far
[OUTPUT] 2026-07-04T05:01:10.355900 skip_listing [train]:   2,000/55,500 checked (4%)  —  553 checks/s  —  ETA 97s  —  0 failed so far
[OUTPUT] 2026-07-04T05:01:11.263063 skip_listing [train]:   2,500/55,500 checked (5%)  —  552 checks/s  —  ETA 96s  —  0 failed so far
[OUTPUT] 2026-07-04T05:01:12.151447 skip_listing [train]:   3,000/55,500 checked (5%)  —  554 checks/s  —  ETA 95s  —  0 failed so far
[OUTPUT] 2026-07-04T05:01:12.960381 skip_listing [train]:   3,500/55,500 checked (6%)  —  562 checks/s  —  ETA 92s  —  0 failed so far
[OUTPUT] 2026-07-04T05:01:13.874273 skip_listing [train]:   4,000/55,500 checked (7%)  —  560 checks/s  —  ETA 92s  —  0 failed so far
[OUTPUT] 2026-07-04T05:01:14.785583 skip_listing [train]:   4,500/55,500 checked (8%)  —  559 checks/s  —  ETA 91s  —  0 failed so far
[OUTPUT] 2026-07-04T05:01:15.698185 skip_listing [train]:   5,000/55,500 checked (9%)  —  558 checks/s  —  ETA 91s  —  0 failed so far
[OUTPUT] 2026-07-04T05:01:16.603542 skip_listing [train]:   5,500/55,500 checked (10%)  —  557 checks/s  —  ETA 90s  —  0 failed so far
[OUTPUT] 2026-07-04T05:01:17.520088 skip_listing [train]:   6,000/55,500 checked (11%)  —  556 checks/s  —  ETA 89s  —  0 failed so far
[OUTPUT] 2026-07-04T05:01:18.434257 skip_listing [train]:   6,500/55,500 checked (12%)  —  556 checks/s  —  ETA 88s  —  0 failed so far
[OUTPUT] 2026-07-04T05:01:19.365342 skip_listing [train]:   7,000/55,500 checked (13%)  —  554 checks/s  —  ETA 88s  —  0 failed so far
[OUTPUT] 2026-07-04T05:01:20.271127 skip_listing [train]:   7,500/55,500 checked (14%)  —  554 checks/s  —  ETA 87s  —  0 failed so far
[OUTPUT] 2026-07-04T05:01:21.171879 skip_listing [train]:   8,000/55,500 checked (14%)  —  554 checks/s  —  ETA 86s  —  0 failed so far
[OUTPUT] 2026-07-04T05:01:22.088333 skip_listing [train]:   8,500/55,500 checked (15%)  —  554 checks/s  —  ETA 85s  —  0 failed so far
[OUTPUT] 2026-07-04T05:01:22.916313 skip_listing [train]:   9,000/55,500 checked (16%)  —  556 checks/s  —  ETA 84s  —  0 failed so far
[OUTPUT] 2026-07-04T05:01:23.818072 skip_listing [train]:   9,500/55,500 checked (17%)  —  556 checks/s  —  ETA 83s  —  0 failed so far
[OUTPUT] 2026-07-04T05:01:24.742318 skip_listing [train]:   10,000/55,500 checked (18%)  —  555 checks/s  —  ETA 82s  —  0 failed so far
[OUTPUT] 2026-07-04T05:01:25.665059 skip_listing [train]:   10,500/55,500 checked (19%)  —  555 checks/s  —  ETA 81s  —  0 failed so far
[OUTPUT] 2026-07-04T05:01:26.574456 skip_listing [train]:   11,000/55,500 checked (20%)  —  554 checks/s  —  ETA 80s  —  0 failed so far
[OUTPUT] 2026-07-04T05:01:27.486098 skip_listing [train]:   11,500/55,500 checked (21%)  —  554 checks/s  —  ETA 79s  —  0 failed so far
[OUTPUT] 2026-07-04T05:01:28.405896 skip_listing [train]:   12,000/55,500 checked (22%)  —  554 checks/s  —  ETA 79s  —  0 failed so far
[OUTPUT] 2026-07-04T05:01:29.308687 skip_listing [train]:   12,500/55,500 checked (23%)  —  554 checks/s  —  ETA 78s  —  0 failed so far
[OUTPUT] 2026-07-04T05:01:30.214821 skip_listing [train]:   13,000/55,500 checked (23%)  —  554 checks/s  —  ETA 77s  —  0 failed so far
[OUTPUT] 2026-07-04T05:01:31.139074 skip_listing [train]:   13,500/55,500 checked (24%)  —  553 checks/s  —  ETA 76s  —  0 failed so far
[OUTPUT] 2026-07-04T05:01:32.072418 skip_listing [train]:   14,000/55,500 checked (25%)  —  553 checks/s  —  ETA 75s  —  0 failed so far
[OUTPUT] 2026-07-04T05:01:32.941202 skip_listing [train]:   14,500/55,500 checked (26%)  —  553 checks/s  —  ETA 74s  —  0 failed so far
[OUTPUT] 2026-07-04T05:01:33.810054 skip_listing [train]:   15,000/55,500 checked (27%)  —  554 checks/s  —  ETA 73s  —  0 failed so far
[OUTPUT] 2026-07-04T05:01:34.729967 skip_listing [train]:   15,500/55,500 checked (28%)  —  554 checks/s  —  ETA 72s  —  0 failed so far
[OUTPUT] 2026-07-04T05:01:35.637670 skip_listing [train]:   16,000/55,500 checked (29%)  —  554 checks/s  —  ETA 71s  —  0 failed so far
[OUTPUT] 2026-07-04T05:01:36.531739 skip_listing [train]:   16,500/55,500 checked (30%)  —  554 checks/s  —  ETA 70s  —  0 failed so far
[OUTPUT] 2026-07-04T05:01:37.426643 skip_listing [train]:   17,000/55,500 checked (31%)  —  554 checks/s  —  ETA 70s  —  0 failed so far
[OUTPUT] 2026-07-04T05:01:38.327665 skip_listing [train]:   17,500/55,500 checked (32%)  —  554 checks/s  —  ETA 69s  —  0 failed so far
[OUTPUT] 2026-07-04T05:01:39.243344 skip_listing [train]:   18,000/55,500 checked (32%)  —  554 checks/s  —  ETA 68s  —  0 failed so far
[OUTPUT] 2026-07-04T05:01:40.152359 skip_listing [train]:   18,500/55,500 checked (33%)  —  554 checks/s  —  ETA 67s  —  0 failed so far
[OUTPUT] 2026-07-04T05:01:41.064168 skip_listing [train]:   19,000/55,500 checked (34%)  —  553 checks/s  —  ETA 66s  —  0 failed so far
[OUTPUT] 2026-07-04T05:01:41.951798 skip_listing [train]:   19,500/55,500 checked (35%)  —  554 checks/s  —  ETA 65s  —  0 failed so far
[OUTPUT] 2026-07-04T05:01:42.851097 skip_listing [train]:   20,000/55,500 checked (36%)  —  554 checks/s  —  ETA 64s  —  0 failed so far
[OUTPUT] 2026-07-04T05:01:43.625032 skip_listing [train]:   20,500/55,500 checked (37%)  —  556 checks/s  —  ETA 63s  —  0 failed so far
[OUTPUT] 2026-07-04T05:01:44.510240 skip_listing [train]:   21,000/55,500 checked (38%)  —  556 checks/s  —  ETA 62s  —  0 failed so far
[OUTPUT] 2026-07-04T05:01:45.427853 skip_listing [train]:   21,500/55,500 checked (39%)  —  556 checks/s  —  ETA 61s  —  0 failed so far
[OUTPUT] 2026-07-04T05:01:46.346426 skip_listing [train]:   22,000/55,500 checked (40%)  —  555 checks/s  —  ETA 60s  —  0 failed so far
[OUTPUT] 2026-07-04T05:01:47.274884 skip_listing [train]:   22,500/55,500 checked (41%)  —  555 checks/s  —  ETA 59s  —  0 failed so far
[OUTPUT] 2026-07-04T05:01:48.187696 skip_listing [train]:   23,000/55,500 checked (41%)  —  555 checks/s  —  ETA 59s  —  0 failed so far
[OUTPUT] 2026-07-04T05:01:49.118634 skip_listing [train]:   23,500/55,500 checked (42%)  —  554 checks/s  —  ETA 58s  —  0 failed so far
[OUTPUT] 2026-07-04T05:01:50.028347 skip_listing [train]:   24,000/55,500 checked (43%)  —  554 checks/s  —  ETA 57s  —  0 failed so far
[OUTPUT] 2026-07-04T05:01:50.954263 skip_listing [train]:   24,500/55,500 checked (44%)  —  554 checks/s  —  ETA 56s  —  0 failed so far
[OUTPUT] 2026-07-04T05:01:51.891717 skip_listing [train]:   25,000/55,500 checked (45%)  —  554 checks/s  —  ETA 55s  —  0 failed so far
[OUTPUT] 2026-07-04T05:01:52.826277 skip_listing [train]:   25,500/55,500 checked (46%)  —  553 checks/s  —  ETA 54s  —  0 failed so far
[OUTPUT] 2026-07-04T05:01:53.725124 skip_listing [train]:   26,000/55,500 checked (47%)  —  553 checks/s  —  ETA 53s  —  0 failed so far
[OUTPUT] 2026-07-04T05:01:54.527849 skip_listing [train]:   26,500/55,500 checked (48%)  —  554 checks/s  —  ETA 52s  —  0 failed so far
[OUTPUT] 2026-07-04T05:01:55.427525 skip_listing [train]:   27,000/55,500 checked (49%)  —  555 checks/s  —  ETA 51s  —  0 failed so far
[OUTPUT] 2026-07-04T05:01:56.322708 skip_listing [train]:   27,500/55,500 checked (50%)  —  555 checks/s  —  ETA 50s  —  0 failed so far
[OUTPUT] 2026-07-04T05:01:57.220441 skip_listing [train]:   28,000/55,500 checked (50%)  —  555 checks/s  —  ETA 50s  —  0 failed so far
[OUTPUT] 2026-07-04T05:01:58.141424 skip_listing [train]:   28,500/55,500 checked (51%)  —  554 checks/s  —  ETA 49s  —  0 failed so far
[OUTPUT] 2026-07-04T05:01:59.052194 skip_listing [train]:   29,000/55,500 checked (52%)  —  554 checks/s  —  ETA 48s  —  0 failed so far
[OUTPUT] 2026-07-04T05:01:59.961087 skip_listing [train]:   29,500/55,500 checked (53%)  —  554 checks/s  —  ETA 47s  —  0 failed so far
[OUTPUT] 2026-07-04T05:02:00.885998 skip_listing [train]:   30,000/55,500 checked (54%)  —  554 checks/s  —  ETA 46s  —  0 failed so far
[OUTPUT] 2026-07-04T05:02:01.803192 skip_listing [train]:   30,500/55,500 checked (55%)  —  554 checks/s  —  ETA 45s  —  0 failed so far
[OUTPUT] 2026-07-04T05:02:02.712581 skip_listing [train]:   31,000/55,500 checked (56%)  —  554 checks/s  —  ETA 44s  —  0 failed so far
[OUTPUT] 2026-07-04T05:02:03.617374 skip_listing [train]:   31,500/55,500 checked (57%)  —  554 checks/s  —  ETA 43s  —  0 failed so far
[OUTPUT] 2026-07-04T05:02:04.489232 skip_listing [train]:   32,000/55,500 checked (58%)  —  554 checks/s  —  ETA 42s  —  0 failed so far
[OUTPUT] 2026-07-04T05:02:05.324649 skip_listing [train]:   32,500/55,500 checked (59%)  —  555 checks/s  —  ETA 41s  —  0 failed so far
[OUTPUT] 2026-07-04T05:02:06.246471 skip_listing [train]:   33,000/55,500 checked (59%)  —  555 checks/s  —  ETA 41s  —  0 failed so far
[OUTPUT] 2026-07-04T05:02:07.160263 skip_listing [train]:   33,500/55,500 checked (60%)  —  554 checks/s  —  ETA 40s  —  0 failed so far
[OUTPUT] 2026-07-04T05:02:08.053176 skip_listing [train]:   34,000/55,500 checked (61%)  —  554 checks/s  —  ETA 39s  —  0 failed so far
[OUTPUT] 2026-07-04T05:02:08.957232 skip_listing [train]:   34,500/55,500 checked (62%)  —  554 checks/s  —  ETA 38s  —  0 failed so far
[OUTPUT] 2026-07-04T05:02:09.867913 skip_listing [train]:   35,000/55,500 checked (63%)  —  554 checks/s  —  ETA 37s  —  0 failed so far
[OUTPUT] 2026-07-04T05:02:10.774749 skip_listing [train]:   35,500/55,500 checked (64%)  —  554 checks/s  —  ETA 36s  —  0 failed so far
[OUTPUT] 2026-07-04T05:02:11.668597 skip_listing [train]:   36,000/55,500 checked (65%)  —  554 checks/s  —  ETA 35s  —  0 failed so far
[OUTPUT] 2026-07-04T05:02:12.581806 skip_listing [train]:   36,500/55,500 checked (66%)  —  554 checks/s  —  ETA 34s  —  0 failed so far
[OUTPUT] 2026-07-04T05:02:13.488647 skip_listing [train]:   37,000/55,500 checked (67%)  —  554 checks/s  —  ETA 33s  —  0 failed so far
[OUTPUT] 2026-07-04T05:02:14.413130 skip_listing [train]:   37,500/55,500 checked (68%)  —  554 checks/s  —  ETA 32s  —  0 failed so far
[OUTPUT] 2026-07-04T05:02:15.223240 skip_listing [train]:   38,000/55,500 checked (68%)  —  555 checks/s  —  ETA 32s  —  0 failed so far
[OUTPUT] 2026-07-04T05:02:16.122231 skip_listing [train]:   38,500/55,500 checked (69%)  —  555 checks/s  —  ETA 31s  —  0 failed so far
[OUTPUT] 2026-07-04T05:02:17.023511 skip_listing [train]:   39,000/55,500 checked (70%)  —  555 checks/s  —  ETA 30s  —  0 failed so far
[OUTPUT] 2026-07-04T05:02:17.910934 skip_listing [train]:   39,500/55,500 checked (71%)  —  555 checks/s  —  ETA 29s  —  0 failed so far
[OUTPUT] 2026-07-04T05:02:18.811212 skip_listing [train]:   40,000/55,500 checked (72%)  —  555 checks/s  —  ETA 28s  —  0 failed so far
[OUTPUT] 2026-07-04T05:02:19.720715 skip_listing [train]:   40,500/55,500 checked (73%)  —  555 checks/s  —  ETA 27s  —  0 failed so far
[OUTPUT] 2026-07-04T05:02:20.607810 skip_listing [train]:   41,000/55,500 checked (74%)  —  555 checks/s  —  ETA 26s  —  0 failed so far
[OUTPUT] 2026-07-04T05:02:21.512041 skip_listing [train]:   41,500/55,500 checked (75%)  —  555 checks/s  —  ETA 25s  —  0 failed so far
[OUTPUT] 2026-07-04T05:02:22.420288 skip_listing [train]:   42,000/55,500 checked (76%)  —  555 checks/s  —  ETA 24s  —  0 failed so far
[OUTPUT] 2026-07-04T05:02:23.318309 skip_listing [train]:   42,500/55,500 checked (77%)  —  555 checks/s  —  ETA 23s  —  0 failed so far
[OUTPUT] 2026-07-04T05:02:24.222583 skip_listing [train]:   43,000/55,500 checked (77%)  —  555 checks/s  —  ETA 23s  —  0 failed so far
[OUTPUT] 2026-07-04T05:02:25.098423 skip_listing [train]:   43,500/55,500 checked (78%)  —  555 checks/s  —  ETA 22s  —  0 failed so far
[OUTPUT] 2026-07-04T05:02:25.898630 skip_listing [train]:   44,000/55,500 checked (79%)  —  556 checks/s  —  ETA 21s  —  0 failed so far
[OUTPUT] 2026-07-04T05:02:26.814222 skip_listing [train]:   44,500/55,500 checked (80%)  —  556 checks/s  —  ETA 20s  —  0 failed so far
[OUTPUT] 2026-07-04T05:02:27.739498 skip_listing [train]:   45,000/55,500 checked (81%)  —  556 checks/s  —  ETA 19s  —  0 failed so far
[OUTPUT] 2026-07-04T05:02:28.648517 skip_listing [train]:   45,500/55,500 checked (82%)  —  555 checks/s  —  ETA 18s  —  0 failed so far
[OUTPUT] 2026-07-04T05:02:29.554749 skip_listing [train]:   46,000/55,500 checked (83%)  —  555 checks/s  —  ETA 17s  —  0 failed so far
[OUTPUT] 2026-07-04T05:02:30.479179 skip_listing [train]:   46,500/55,500 checked (84%)  —  555 checks/s  —  ETA 16s  —  0 failed so far
[OUTPUT] 2026-07-04T05:02:31.404600 skip_listing [train]:   47,000/55,500 checked (85%)  —  555 checks/s  —  ETA 15s  —  0 failed so far
[OUTPUT] 2026-07-04T05:02:32.325806 skip_listing [train]:   47,500/55,500 checked (86%)  —  555 checks/s  —  ETA 14s  —  0 failed so far
[OUTPUT] 2026-07-04T05:02:33.245862 skip_listing [train]:   48,000/55,500 checked (86%)  —  555 checks/s  —  ETA 14s  —  0 failed so far
[OUTPUT] 2026-07-04T05:02:34.164844 skip_listing [train]:   48,500/55,500 checked (87%)  —  555 checks/s  —  ETA 13s  —  0 failed so far
[OUTPUT] 2026-07-04T05:02:35.081127 skip_listing [train]:   49,000/55,500 checked (88%)  —  555 checks/s  —  ETA 12s  —  0 failed so far
[OUTPUT] 2026-07-04T05:02:35.892401 skip_listing [train]:   49,500/55,500 checked (89%)  —  555 checks/s  —  ETA 11s  —  0 failed so far
[OUTPUT] 2026-07-04T05:02:36.809835 skip_listing [train]:   50,000/55,500 checked (90%)  —  555 checks/s  —  ETA 10s  —  0 failed so far
[OUTPUT] 2026-07-04T05:02:37.728271 skip_listing [train]:   50,500/55,500 checked (91%)  —  555 checks/s  —  ETA 9s  —  0 failed so far
[OUTPUT] 2026-07-04T05:02:38.644304 skip_listing [train]:   51,000/55,500 checked (92%)  —  555 checks/s  —  ETA 8s  —  0 failed so far
[OUTPUT] 2026-07-04T05:02:39.569719 skip_listing [train]:   51,500/55,500 checked (93%)  —  555 checks/s  —  ETA 7s  —  0 failed so far
[OUTPUT] 2026-07-04T05:02:40.492843 skip_listing [train]:   52,000/55,500 checked (94%)  —  555 checks/s  —  ETA 6s  —  0 failed so far
[OUTPUT] 2026-07-04T05:02:41.418173 skip_listing [train]:   52,500/55,500 checked (95%)  —  554 checks/s  —  ETA 5s  —  0 failed so far
[OUTPUT] 2026-07-04T05:02:42.338813 skip_listing [train]:   53,000/55,500 checked (95%)  —  554 checks/s  —  ETA 5s  —  0 failed so far
[OUTPUT] 2026-07-04T05:02:43.277377 skip_listing [train]:   53,500/55,500 checked (96%)  —  554 checks/s  —  ETA 4s  —  0 failed so far
[OUTPUT] 2026-07-04T05:02:44.208188 skip_listing [train]:   54,000/55,500 checked (97%)  —  554 checks/s  —  ETA 3s  —  0 failed so far
[OUTPUT] 2026-07-04T05:02:45.153851 skip_listing [train]:   54,500/55,500 checked (98%)  —  554 checks/s  —  ETA 2s  —  0 failed so far
[OUTPUT] 2026-07-04T05:02:45.999035 skip_listing [train]:   55,000/55,500 checked (99%)  —  554 checks/s  —  ETA 1s  —  0 failed so far
[OUTPUT] 2026-07-04T05:02:46.828718 skip_listing [train]: validation complete — all 55,500 samples exist (100.1s, 554 checks/s); 6,938 URIs ready for rank 0 (55,500 total across all ranks)
[OUTPUT] 2026-07-04T05:02:46.829255 File listing [train]: 55500 files discovered, 6937 assigned to rank 0, completed in 100.12s
[OUTPUT] 2026-07-04T05:02:46.829368 skip_listing [valid]: generated 0 file URIs deterministically (0 total — validation disabled)
[OUTPUT] 2026-07-04T05:02:46.829424 File listing [valid]: 0 files discovered, 0 assigned to rank 0, completed in 0.00s
[OUTPUT] 2026-07-04T05:02:46.829463 Streamed file sharding: 55500 train files across 8 ranks via round-robin (rank 0 shard: 6937 files)
[OUTPUT] 2026-07-04T05:02:46.842401 Max steps per epoch per rank: 7928 = 1 * 55500 / 7 (samples per file * local files / batch size)
[OUTPUT] 2026-07-04T05:02:46.848079 Reshard for epoch 1: 6937 train files, 0 eval files redistributed via alltoall in 0.01s
[OUTPUT] 2026-07-04T05:02:51.386396 Worker pre-warm complete (24 workers spawned)
[OUTPUT] 2026-07-04T05:02:55.876692 Starting epoch 1: 991 steps expected
[OUTPUT] 2026-07-04T05:02:55.877338 Starting block 1
[OUTPUT] 2026-07-04T05:05:50.768480 Ending block 1 - 991 steps completed in 174.89 s
[OUTPUT] 2026-07-04T05:05:50.787018 Epoch 1 - Block 1 [Training] Accelerator Utilization [AU] (%): 93.6388
[OUTPUT] 2026-07-04T05:05:50.787188 Epoch 1 - Block 1 [Training] Throughput (samples/second): 323.4525
[OUTPUT] 2026-07-04T05:05:50.789111 Epoch 1 - Block 1 [Training] Computation time per step (second): 0.1621+/-0.0001 (set value: {'mean': 0.162})
[OUTPUT] 2026-07-04T05:05:50.791179 Ending epoch 1 - 991 steps completed in 174.91 s
[OUTPUT] 2026-07-04T05:05:50.798704 Reshard for epoch 2: 6937 train files, 0 eval files redistributed via alltoall in 0.01s
[OUTPUT] 2026-07-04T05:05:55.073998 Worker pre-warm complete for epoch 2 (24 workers spawned)
[OUTPUT] 2026-07-04T05:06:34.032759 Starting epoch 2: 991 steps expected
[OUTPUT] 2026-07-04T05:06:34.033153 Starting block 1
[OUTPUT] 2026-07-04T05:09:28.677840 Ending block 1 - 991 steps completed in 174.64 s
[OUTPUT] 2026-07-04T05:09:28.681019 Epoch 2 - Block 1 [Training] Accelerator Utilization [AU] (%): 93.7293
[OUTPUT] 2026-07-04T05:09:28.681142 Epoch 2 - Block 1 [Training] Throughput (samples/second): 323.7702
[OUTPUT] 2026-07-04T05:09:28.681535 Epoch 2 - Block 1 [Training] Computation time per step (second): 0.1621+/-0.0001 (set value: {'mean': 0.162})
[OUTPUT] 2026-07-04T05:09:28.683303 Ending epoch 2 - 991 steps completed in 174.65 s
[OUTPUT] 2026-07-04T05:09:28.693265 Reshard for epoch 3: 6937 train files, 0 eval files redistributed via alltoall in 0.01s
[OUTPUT] 2026-07-04T05:09:33.721483 Worker pre-warm complete for epoch 3 (24 workers spawned)
[OUTPUT] 2026-07-04T05:10:12.938419 Starting epoch 3: 991 steps expected
[OUTPUT] 2026-07-04T05:10:12.938820 Starting block 1
[OUTPUT] 2026-07-04T05:13:07.898479 Ending block 1 - 991 steps completed in 174.96 s
[OUTPUT] 2026-07-04T05:13:07.901498 Epoch 3 - Block 1 [Training] Accelerator Utilization [AU] (%): 93.3733
[OUTPUT] 2026-07-04T05:13:07.901711 Epoch 3 - Block 1 [Training] Throughput (samples/second): 322.5337
[OUTPUT] 2026-07-04T05:13:07.902410 Epoch 3 - Block 1 [Training] Computation time per step (second): 0.1621+/-0.0001 (set value: {'mean': 0.162})
[OUTPUT] 2026-07-04T05:13:07.911404 Ending epoch 3 - 991 steps completed in 174.97 s
[OUTPUT] 2026-07-04T05:13:07.925912 Reshard for epoch 4: 6937 train files, 0 eval files redistributed via alltoall in 0.01s
[OUTPUT] 2026-07-04T05:13:13.131624 Worker pre-warm complete for epoch 4 (24 workers spawned)
[OUTPUT] 2026-07-04T05:13:52.080705 Starting epoch 4: 991 steps expected
[OUTPUT] 2026-07-04T05:13:52.081055 Starting block 1
[OUTPUT] 2026-07-04T05:16:52.595664 Ending block 1 - 991 steps completed in 180.51 s
[OUTPUT] 2026-07-04T05:16:52.598496 Epoch 4 - Block 1 [Training] Accelerator Utilization [AU] (%): 90.5445
[OUTPUT] 2026-07-04T05:16:52.598706 Epoch 4 - Block 1 [Training] Throughput (samples/second): 312.7676
[OUTPUT] 2026-07-04T05:16:52.599062 Epoch 4 - Block 1 [Training] Computation time per step (second): 0.1621+/-0.0001 (set value: {'mean': 0.162})
[OUTPUT] 2026-07-04T05:16:52.611638 Ending epoch 4 - 991 steps completed in 180.53 s
[OUTPUT] 2026-07-04T05:16:52.629993 Reshard for epoch 5: 6937 train files, 0 eval files redistributed via alltoall in 0.02s
[OUTPUT] 2026-07-04T05:16:57.989186 Worker pre-warm complete for epoch 5 (24 workers spawned)
[OUTPUT] 2026-07-04T05:17:36.977386 Starting epoch 5: 991 steps expected
[OUTPUT] 2026-07-04T05:17:36.977877 Starting block 1
[OUTPUT] 2026-07-04T05:20:34.961145 Ending block 1 - 991 steps completed in 177.98 s
[OUTPUT] 2026-07-04T05:20:34.963677 Epoch 5 - Block 1 [Training] Accelerator Utilization [AU] (%): 91.9279
[OUTPUT] 2026-07-04T05:20:34.963740 Epoch 5 - Block 1 [Training] Throughput (samples/second): 317.5281
[OUTPUT] 2026-07-04T05:20:34.964025 Epoch 5 - Block 1 [Training] Computation time per step (second): 0.1621+/-0.0001 (set value: {'mean': 0.162})
[OUTPUT] 2026-07-04T05:20:34.967004 Ending epoch 5 - 991 steps completed in 177.99 s
[OUTPUT] 2026-07-04T05:20:34.976903 Reshard for epoch 6: 6937 train files, 0 eval files redistributed via alltoall in 0.01s
[OUTPUT] 2026-07-04T05:20:40.095764 Worker pre-warm complete for epoch 6 (24 workers spawned)
[OUTPUT] 2026-07-04T05:20:40.419473 Saved outputs in /home/ubuntu/mlps_na8/closed/Alluxio/results/aws_c5n18xlarge_i3en24xlarge_8c_10s_8a/training/unet3d/run/20260704_050040
[OUTPUT] Averaged metric over all steps/epochs
[METRIC] ==========================================================
[METRIC] Number of Simulated Accelerators: 8 
[METRIC] Training Accelerator Utilization [AU] (%): 91.7871 (1.2147)
[METRIC] Training Throughput (samples/second): 317.0332 (4.1993)
[METRIC] Training I/O Throughput (MiB/second): 44324.1694 (587.1069)
[METRIC] train_au_meet_expectation: success
[METRIC] ==========================================================

[OUTPUT] 2026-07-04T05:20:40.440943 outputs saved in RANKID_output.json
