[OUTPUT] [DEBUG DLIOBenchmark.__init__] After LoadConfig:
[OUTPUT]   storage_type   = <StorageType.S3: 's3'>
[OUTPUT]   storage_root   = 'mlp-retinanet'
[OUTPUT]   storage_options= {'storage_library': 's3dlio', 'uri_scheme': 's3', 'access_key_id': 'ais', 'secret_access_key': 'ais', 'endpoint_url': 'http://10.49.42.215:51080/s3/', 'region': 'us-east-1'}
[OUTPUT]   data_folder    = 'data/r10-6n/retinanet'
[OUTPUT]   framework      = <FrameworkType.PYTORCH: 'pytorch'>
[OUTPUT]   num_files_train= 252000000
[OUTPUT]   record_length  = 322957
[OUTPUT]   generate_data  = False
[OUTPUT]   do_train       = True
[OUTPUT]   do_checkpoint  = False
[OUTPUT]   epochs         = 8
[OUTPUT]   batch_size     = 24
[OUTPUT] 2026-07-12T00:17:59.911719 Running DLIO [Training] with 370 process(es)
[OUTPUT] 2026-07-12T00:18:01.491575 skip_listing [train]: validating 25,201 of 252,000,000 files (first, last, every 10,000) via HEAD requests ...
[OUTPUT] 2026-07-12T00:18:01.755819 skip_listing [train]:   500/25,201 checked (2%)  —  1901 checks/s  —  ETA 13s  —  0 failed so far
[OUTPUT] 2026-07-12T00:18:01.995267 skip_listing [train]:   1,000/25,201 checked (4%)  —  1990 checks/s  —  ETA 12s  —  0 failed so far
[OUTPUT] 2026-07-12T00:18:02.224420 skip_listing [train]:   1,500/25,201 checked (6%)  —  2050 checks/s  —  ETA 12s  —  0 failed so far
[OUTPUT] 2026-07-12T00:18:02.461877 skip_listing [train]:   2,000/25,201 checked (8%)  —  2064 checks/s  —  ETA 11s  —  0 failed so far
[OUTPUT] 2026-07-12T00:18:02.691278 skip_listing [train]:   2,500/25,201 checked (10%)  —  2086 checks/s  —  ETA 11s  —  0 failed so far
[OUTPUT] 2026-07-12T00:18:02.919877 skip_listing [train]:   3,000/25,201 checked (12%)  —  2102 checks/s  —  ETA 11s  —  0 failed so far
[OUTPUT] 2026-07-12T00:18:03.150817 skip_listing [train]:   3,500/25,201 checked (14%)  —  2111 checks/s  —  ETA 10s  —  0 failed so far
[OUTPUT] 2026-07-12T00:18:03.384773 skip_listing [train]:   4,000/25,201 checked (16%)  —  2114 checks/s  —  ETA 10s  —  0 failed so far
[OUTPUT] 2026-07-12T00:18:03.611014 skip_listing [train]:   4,500/25,201 checked (18%)  —  2124 checks/s  —  ETA 10s  —  0 failed so far
[OUTPUT] 2026-07-12T00:18:03.837480 skip_listing [train]:   5,000/25,201 checked (20%)  —  2132 checks/s  —  ETA 9s  —  0 failed so far
[OUTPUT] 2026-07-12T00:18:04.074564 skip_listing [train]:   5,500/25,201 checked (22%)  —  2130 checks/s  —  ETA 9s  —  0 failed so far
[OUTPUT] 2026-07-12T00:18:04.293468 skip_listing [train]:   6,000/25,201 checked (24%)  —  2142 checks/s  —  ETA 9s  —  0 failed so far
[OUTPUT] 2026-07-12T00:18:04.518030 skip_listing [train]:   6,500/25,201 checked (26%)  —  2149 checks/s  —  ETA 9s  —  0 failed so far
[OUTPUT] 2026-07-12T00:18:04.741616 skip_listing [train]:   7,000/25,201 checked (28%)  —  2155 checks/s  —  ETA 8s  —  0 failed so far
[OUTPUT] 2026-07-12T00:18:04.974012 skip_listing [train]:   7,500/25,201 checked (30%)  —  2154 checks/s  —  ETA 8s  —  0 failed so far
[OUTPUT] 2026-07-12T00:18:05.206865 skip_listing [train]:   8,000/25,201 checked (32%)  —  2154 checks/s  —  ETA 8s  —  0 failed so far
[OUTPUT] 2026-07-12T00:18:05.449422 skip_listing [train]:   8,500/25,201 checked (34%)  —  2148 checks/s  —  ETA 8s  —  0 failed so far
[OUTPUT] 2026-07-12T00:18:05.673059 skip_listing [train]:   9,000/25,201 checked (36%)  —  2153 checks/s  —  ETA 8s  —  0 failed so far
[OUTPUT] 2026-07-12T00:18:05.898899 skip_listing [train]:   9,500/25,201 checked (38%)  —  2156 checks/s  —  ETA 7s  —  0 failed so far
[OUTPUT] 2026-07-12T00:18:06.131245 skip_listing [train]:   10,000/25,201 checked (40%)  —  2156 checks/s  —  ETA 7s  —  0 failed so far
[OUTPUT] 2026-07-12T00:18:06.364192 skip_listing [train]:   10,500/25,201 checked (42%)  —  2155 checks/s  —  ETA 7s  —  0 failed so far
[OUTPUT] 2026-07-12T00:18:06.597109 skip_listing [train]:   11,000/25,201 checked (44%)  —  2155 checks/s  —  ETA 7s  —  0 failed so far
[OUTPUT] 2026-07-12T00:18:06.826986 skip_listing [train]:   11,500/25,201 checked (46%)  —  2156 checks/s  —  ETA 6s  —  0 failed so far
[OUTPUT] 2026-07-12T00:18:07.056104 skip_listing [train]:   12,000/25,201 checked (48%)  —  2157 checks/s  —  ETA 6s  —  0 failed so far
[OUTPUT] 2026-07-12T00:18:07.280449 skip_listing [train]:   12,500/25,201 checked (50%)  —  2160 checks/s  —  ETA 6s  —  0 failed so far
[OUTPUT] 2026-07-12T00:18:07.503074 skip_listing [train]:   13,000/25,201 checked (52%)  —  2163 checks/s  —  ETA 6s  —  0 failed so far
[OUTPUT] 2026-07-12T00:18:07.721796 skip_listing [train]:   13,500/25,201 checked (54%)  —  2167 checks/s  —  ETA 5s  —  0 failed so far
[OUTPUT] 2026-07-12T00:18:07.948463 skip_listing [train]:   14,000/25,201 checked (56%)  —  2169 checks/s  —  ETA 5s  —  0 failed so far
[OUTPUT] 2026-07-12T00:18:08.182353 skip_listing [train]:   14,500/25,201 checked (58%)  —  2168 checks/s  —  ETA 5s  —  0 failed so far
[OUTPUT] 2026-07-12T00:18:08.406380 skip_listing [train]:   15,000/25,201 checked (60%)  —  2170 checks/s  —  ETA 5s  —  0 failed so far
[OUTPUT] 2026-07-12T00:18:08.634531 skip_listing [train]:   15,500/25,201 checked (62%)  —  2170 checks/s  —  ETA 4s  —  0 failed so far
[OUTPUT] 2026-07-12T00:18:08.865102 skip_listing [train]:   16,000/25,201 checked (63%)  —  2170 checks/s  —  ETA 4s  —  0 failed so far
[OUTPUT] 2026-07-12T00:18:09.091384 skip_listing [train]:   16,500/25,201 checked (65%)  —  2171 checks/s  —  ETA 4s  —  0 failed so far
[OUTPUT] 2026-07-12T00:18:09.321740 skip_listing [train]:   17,000/25,201 checked (67%)  —  2171 checks/s  —  ETA 4s  —  0 failed so far
[OUTPUT] 2026-07-12T00:18:09.561765 skip_listing [train]:   17,500/25,201 checked (69%)  —  2169 checks/s  —  ETA 4s  —  0 failed so far
[OUTPUT] 2026-07-12T00:18:09.809581 skip_listing [train]:   18,000/25,201 checked (71%)  —  2164 checks/s  —  ETA 3s  —  0 failed so far
[OUTPUT] 2026-07-12T00:18:10.061663 skip_listing [train]:   18,500/25,201 checked (73%)  —  2159 checks/s  —  ETA 3s  —  0 failed so far
[OUTPUT] 2026-07-12T00:18:10.310883 skip_listing [train]:   19,000/25,201 checked (75%)  —  2155 checks/s  —  ETA 3s  —  0 failed so far
[OUTPUT] 2026-07-12T00:18:10.567844 skip_listing [train]:   19,500/25,201 checked (77%)  —  2149 checks/s  —  ETA 3s  —  0 failed so far
[OUTPUT] 2026-07-12T00:18:10.806993 skip_listing [train]:   20,000/25,201 checked (79%)  —  2147 checks/s  —  ETA 2s  —  0 failed so far
[OUTPUT] 2026-07-12T00:18:11.042009 skip_listing [train]:   20,500/25,201 checked (81%)  —  2147 checks/s  —  ETA 2s  —  0 failed so far
[OUTPUT] 2026-07-12T00:18:11.281870 skip_listing [train]:   21,000/25,201 checked (83%)  —  2145 checks/s  —  ETA 2s  —  0 failed so far
[OUTPUT] 2026-07-12T00:18:11.526963 skip_listing [train]:   21,500/25,201 checked (85%)  —  2143 checks/s  —  ETA 2s  —  0 failed so far
[OUTPUT] 2026-07-12T00:18:11.759657 skip_listing [train]:   22,000/25,201 checked (87%)  —  2143 checks/s  —  ETA 1s  —  0 failed so far
[OUTPUT] 2026-07-12T00:18:11.991602 skip_listing [train]:   22,500/25,201 checked (89%)  —  2143 checks/s  —  ETA 1s  —  0 failed so far
[OUTPUT] 2026-07-12T00:18:12.216137 skip_listing [train]:   23,000/25,201 checked (91%)  —  2145 checks/s  —  ETA 1s  —  0 failed so far
[OUTPUT] 2026-07-12T00:18:12.448262 skip_listing [train]:   23,500/25,201 checked (93%)  —  2145 checks/s  —  ETA 1s  —  0 failed so far
[OUTPUT] 2026-07-12T00:18:12.678626 skip_listing [train]:   24,000/25,201 checked (95%)  —  2146 checks/s  —  ETA 1s  —  0 failed so far
[OUTPUT] 2026-07-12T00:18:12.913600 skip_listing [train]:   24,500/25,201 checked (97%)  —  2145 checks/s  —  ETA 0s  —  0 failed so far
[OUTPUT] 2026-07-12T00:18:13.155556 skip_listing [train]:   25,000/25,201 checked (99%)  —  2144 checks/s  —  ETA 0s  —  0 failed so far
[OUTPUT] 2026-07-12T00:18:13.249440 skip_listing [train]: validation complete — all 25,201 samples exist (11.8s, 2144 checks/s); 681,082 URIs ready for rank 0 (252,000,000 total across all ranks)
[OUTPUT] 2026-07-12T00:18:13.287657 File listing [train]: 252000000 files discovered, 681081 assigned to rank 0, completed in 13.33s
[OUTPUT] 2026-07-12T00:18:13.287900 skip_listing [valid]: generated 0 file URIs deterministically (0 total — validation disabled)
[OUTPUT] 2026-07-12T00:18:13.287965 File listing [valid]: 0 files discovered, 0 assigned to rank 0, completed in 0.00s
[OUTPUT] 2026-07-12T00:18:13.288001 Streamed file sharding: 252000000 train files across 370 ranks via round-robin (rank 0 shard: 681081 files)
[OUTPUT] 2026-07-12T00:18:13.306565 Max steps per epoch per rank: 10500000 = 1 * 252000000 / 24 (samples per file * local files / batch size)
[OUTPUT] 2026-07-12T00:18:16.208811 Reshard for epoch 1: 681081 train files, 0 eval files redistributed via alltoall in 2.90s
[OUTPUT] 2026-07-12T00:18:17.412263 Worker pre-warm complete (0 workers spawned)
[OUTPUT] 2026-07-12T00:18:18.551785 Starting epoch 1: 28378 steps expected
[OUTPUT] 2026-07-12T00:18:18.552480 Starting block 1
[OUTPUT] 2026-07-12T00:43:37.233193 Ending block 1 - 28378 steps completed in 1518.68 s
[OUTPUT] 2026-07-12T00:43:37.242747 Epoch 1 - Block 1 [Training] Accelerator Utilization [AU] (%): 89.0506
[OUTPUT] 2026-07-12T00:43:37.242802 Epoch 1 - Block 1 [Training] Throughput (samples/second): 165997.8319
[OUTPUT] 2026-07-12T00:43:37.247000 Epoch 1 - Block 1 [Training] Computation time per step (second): 0.0476+/-0.0000 (set value: {'mean': 0.04755})
[OUTPUT] 2026-07-12T00:43:37.429758 Ending epoch 1 - 28378 steps completed in 1518.88 s
[OUTPUT] 2026-07-12T00:43:37.732832 Reshard for epoch 2: 681081 train files, 0 eval files redistributed via alltoall in 0.30s
[OUTPUT] 2026-07-12T00:43:38.833533 Worker pre-warm complete for epoch 2 (0 workers spawned)
[OUTPUT] 2026-07-12T00:43:39.284482 Starting epoch 2: 28378 steps expected
[OUTPUT] 2026-07-12T00:43:39.285255 Starting block 1
[OUTPUT] 2026-07-12T01:08:59.643415 Ending block 1 - 28378 steps completed in 1520.36 s
[OUTPUT] 2026-07-12T01:08:59.645517 Epoch 2 - Block 1 [Training] Accelerator Utilization [AU] (%): 88.9473
[OUTPUT] 2026-07-12T01:08:59.645555 Epoch 2 - Block 1 [Training] Throughput (samples/second): 165804.6192
[OUTPUT] 2026-07-12T01:08:59.647462 Epoch 2 - Block 1 [Training] Computation time per step (second): 0.0476+/-0.0000 (set value: {'mean': 0.04755})
[OUTPUT] 2026-07-12T01:08:59.763923 Ending epoch 2 - 28378 steps completed in 1520.48 s
[OUTPUT] 2026-07-12T01:09:00.052513 Reshard for epoch 3: 681081 train files, 0 eval files redistributed via alltoall in 0.29s
[OUTPUT] 2026-07-12T01:09:01.024611 Worker pre-warm complete for epoch 3 (0 workers spawned)
[OUTPUT] 2026-07-12T01:09:01.483699 Starting epoch 3: 28378 steps expected
[OUTPUT] 2026-07-12T01:09:01.484612 Starting block 1
[OUTPUT] 2026-07-12T01:34:20.771581 Ending block 1 - 28378 steps completed in 1519.29 s
[OUTPUT] 2026-07-12T01:34:20.773630 Epoch 3 - Block 1 [Training] Accelerator Utilization [AU] (%): 89.0046
[OUTPUT] 2026-07-12T01:34:20.773669 Epoch 3 - Block 1 [Training] Throughput (samples/second): 165913.8516
[OUTPUT] 2026-07-12T01:34:20.775532 Epoch 3 - Block 1 [Training] Computation time per step (second): 0.0476+/-0.0000 (set value: {'mean': 0.04755})
[OUTPUT] 2026-07-12T01:34:22.767714 Ending epoch 3 - 28378 steps completed in 1521.28 s
[OUTPUT] 2026-07-12T01:34:23.075166 Reshard for epoch 4: 681081 train files, 0 eval files redistributed via alltoall in 0.31s
[OUTPUT] 2026-07-12T01:34:24.095494 Worker pre-warm complete for epoch 4 (0 workers spawned)
[OUTPUT] 2026-07-12T01:34:24.486794 Starting epoch 4: 28378 steps expected
[OUTPUT] 2026-07-12T01:34:24.487628 Starting block 1
[OUTPUT] 2026-07-12T01:59:29.891664 Ending block 1 - 28378 steps completed in 1505.40 s
[OUTPUT] 2026-07-12T01:59:29.893439 Epoch 4 - Block 1 [Training] Accelerator Utilization [AU] (%): 89.8275
[OUTPUT] 2026-07-12T01:59:29.893478 Epoch 4 - Block 1 [Training] Throughput (samples/second): 167448.8551
[OUTPUT] 2026-07-12T01:59:29.895335 Epoch 4 - Block 1 [Training] Computation time per step (second): 0.0476+/-0.0000 (set value: {'mean': 0.04755})
[OUTPUT] 2026-07-12T01:59:31.030207 Ending epoch 4 - 28378 steps completed in 1506.54 s
[OUTPUT] 2026-07-12T01:59:31.303628 Reshard for epoch 5: 681081 train files, 0 eval files redistributed via alltoall in 0.27s
[OUTPUT] 2026-07-12T01:59:32.278733 Worker pre-warm complete for epoch 5 (0 workers spawned)
[OUTPUT] 2026-07-12T01:59:32.777957 Starting epoch 5: 28378 steps expected
[OUTPUT] 2026-07-12T01:59:32.778955 Starting block 1
[OUTPUT] 2026-07-12T02:24:52.726616 Ending block 1 - 28378 steps completed in 1519.95 s
[OUTPUT] 2026-07-12T02:24:52.728327 Epoch 5 - Block 1 [Training] Accelerator Utilization [AU] (%): 88.9624
[OUTPUT] 2026-07-12T02:24:52.728363 Epoch 5 - Block 1 [Training] Throughput (samples/second): 165836.7314
[OUTPUT] 2026-07-12T02:24:52.730214 Epoch 5 - Block 1 [Training] Computation time per step (second): 0.0476+/-0.0000 (set value: {'mean': 0.04755})
[OUTPUT] 2026-07-12T02:24:54.585969 Ending epoch 5 - 28378 steps completed in 1521.81 s
[OUTPUT] 2026-07-12T02:24:54.851900 Reshard for epoch 6: 681081 train files, 0 eval files redistributed via alltoall in 0.26s
[OUTPUT] 2026-07-12T02:24:55.834740 Worker pre-warm complete for epoch 6 (0 workers spawned)
[OUTPUT] 2026-07-12T02:24:56.349048 Starting epoch 6: 28378 steps expected
[OUTPUT] 2026-07-12T02:24:56.349983 Starting block 1
[OUTPUT] 2026-07-12T02:50:09.120322 Ending block 1 - 28378 steps completed in 1512.77 s
[OUTPUT] 2026-07-12T02:50:09.122073 Epoch 6 - Block 1 [Training] Accelerator Utilization [AU] (%): 89.3829
[OUTPUT] 2026-07-12T02:50:09.122112 Epoch 6 - Block 1 [Training] Throughput (samples/second): 166626.4639
[OUTPUT] 2026-07-12T02:50:09.124082 Epoch 6 - Block 1 [Training] Computation time per step (second): 0.0476+/-0.0000 (set value: {'mean': 0.04755})
[OUTPUT] 2026-07-12T02:50:10.628261 Ending epoch 6 - 28378 steps completed in 1514.28 s
[OUTPUT] 2026-07-12T02:50:10.874498 Reshard for epoch 7: 681081 train files, 0 eval files redistributed via alltoall in 0.25s
[OUTPUT] 2026-07-12T02:50:11.833589 Worker pre-warm complete for epoch 7 (0 workers spawned)
[OUTPUT] 2026-07-12T02:50:12.374591 Starting epoch 7: 28378 steps expected
[OUTPUT] 2026-07-12T02:50:12.375413 Starting block 1
[OUTPUT] 2026-07-12T03:15:25.650616 Ending block 1 - 28378 steps completed in 1513.28 s
[OUTPUT] 2026-07-12T03:15:25.652354 Epoch 7 - Block 1 [Training] Accelerator Utilization [AU] (%): 89.3530
[OUTPUT] 2026-07-12T03:15:25.652392 Epoch 7 - Block 1 [Training] Throughput (samples/second): 166568.0808
[OUTPUT] 2026-07-12T03:15:25.654246 Epoch 7 - Block 1 [Training] Computation time per step (second): 0.0476+/-0.0000 (set value: {'mean': 0.04755})
[OUTPUT] 2026-07-12T03:15:25.878479 Ending epoch 7 - 28378 steps completed in 1513.50 s
[OUTPUT] 2026-07-12T03:15:26.122734 Reshard for epoch 8: 681081 train files, 0 eval files redistributed via alltoall in 0.24s
[OUTPUT] 2026-07-12T03:15:27.098682 Worker pre-warm complete for epoch 8 (0 workers spawned)
[OUTPUT] 2026-07-12T03:15:27.605484 Starting epoch 8: 28378 steps expected
[OUTPUT] 2026-07-12T03:15:27.606316 Starting block 1
[OUTPUT] 2026-07-12T03:40:30.040751 Ending block 1 - 28378 steps completed in 1502.43 s
[OUTPUT] 2026-07-12T03:40:30.042469 Epoch 8 - Block 1 [Training] Accelerator Utilization [AU] (%): 90.0019
[OUTPUT] 2026-07-12T03:40:30.042505 Epoch 8 - Block 1 [Training] Throughput (samples/second): 167775.9416
[OUTPUT] 2026-07-12T03:40:30.044354 Epoch 8 - Block 1 [Training] Computation time per step (second): 0.0476+/-0.0000 (set value: {'mean': 0.04755})
[OUTPUT] 2026-07-12T03:40:30.745105 Ending epoch 8 - 28378 steps completed in 1503.14 s
[OUTPUT] 2026-07-12T03:40:30.991909 Reshard for epoch 9: 681081 train files, 0 eval files redistributed via alltoall in 0.25s
[OUTPUT] 2026-07-12T03:40:31.924987 Worker pre-warm complete for epoch 9 (0 workers spawned)
[OUTPUT] 2026-07-12T03:40:32.426570 Saved outputs in /home/opc/mlps-6n10-retinanet-submission/closed/nvidia/results/aistore-6n-oci-bm-denseio-e5-128-10client/training/retinanet/run/20260712_001744
[OUTPUT] Averaged metric over all steps/epochs
[METRIC] ==========================================================
[METRIC] Number of Simulated Accelerators: 370 
[METRIC] Training Accelerator Utilization [AU] (%): 89.2998 (0.3863)
[METRIC] Training Throughput (samples/second): 166471.1032 (720.3516)
[METRIC] Training I/O Throughput (MiB/second): 51272.4000 (221.8653)
[METRIC] train_au_meet_expectation: success
[METRIC] ==========================================================

[OUTPUT] 2026-07-12T03:40:32.876321 outputs saved in RANKID_output.json
