[WARNING] On host cn030: reader.read_threads=4 x local_ranks=46 = 184 workers, estimated ~92 GB — exceeds 50% of available RAM on this node (163 GB). Consider reducing read_threads to avoid OOM.
[WARNING] On host cn030: reader.read_threads=4 x local_ranks=46 = 184 workers, estimated ~92 GB — exceeds 50% of available RAM on this node (163 GB). Consider reducing read_threads to avoid OOM.
[WARNING] On host cn030: reader.read_threads=4 x local_ranks=46 = 184 workers, estimated ~92 GB — exceeds 50% of available RAM on this node (163 GB). Consider reducing read_threads to avoid OOM.
[WARNING] On host cn030: reader.read_threads=4 x local_ranks=46 = 184 workers, estimated ~92 GB — exceeds 50% of available RAM on this node (163 GB). Consider reducing read_threads to avoid OOM.
[WARNING] On host cn030: reader.read_threads=4 x local_ranks=46 = 184 workers, estimated ~92 GB — exceeds 50% of available RAM on this node (163 GB). Consider reducing read_threads to avoid OOM.
[WARNING] On host cn030: reader.read_threads=4 x local_ranks=46 = 184 workers, estimated ~92 GB — exceeds 50% of available RAM on this node (163 GB). Consider reducing read_threads to avoid OOM.
[WARNING] On host cn030: reader.read_threads=4 x local_ranks=46 = 184 workers, estimated ~92 GB — exceeds 50% of available RAM on this node (163 GB). Consider reducing read_threads to avoid OOM.
[WARNING] On host cn030: reader.read_threads=4 x local_ranks=46 = 184 workers, estimated ~92 GB — exceeds 50% of available RAM on this node (163 GB). Consider reducing read_threads to avoid OOM.
[WARNING] On host cn030: reader.read_threads=4 x local_ranks=46 = 184 workers, estimated ~92 GB — exceeds 50% of available RAM on this node (163 GB). Consider reducing read_threads to avoid OOM.
[WARNING] On host cn030: reader.read_threads=4 x local_ranks=46 = 184 workers, estimated ~92 GB — exceeds 50% of available RAM on this node (163 GB). Consider reducing read_threads to avoid OOM.
[WARNING] On host cn030: reader.read_threads=4 x local_ranks=46 = 184 workers, estimated ~92 GB — exceeds 50% of available RAM on this node (163 GB). Consider reducing read_threads to avoid OOM.
[WARNING] On host cn030: reader.read_threads=4 x local_ranks=46 = 184 workers, estimated ~92 GB — exceeds 50% of available RAM on this node (163 GB). Consider reducing read_threads to avoid OOM.
[WARNING] On host cn030: reader.read_threads=4 x local_ranks=46 = 184 workers, estimated ~92 GB — exceeds 50% of available RAM on this node (163 GB). Consider reducing read_threads to avoid OOM.
[WARNING] On host cn030: reader.read_threads=4 x local_ranks=46 = 184 workers, estimated ~92 GB — exceeds 50% of available RAM on this node (163 GB). Consider reducing read_threads to avoid OOM.
[WARNING] On host cn030: reader.read_threads=4 x local_ranks=46 = 184 workers, estimated ~92 GB — exceeds 50% of available RAM on this node (163 GB). Consider reducing read_threads to avoid OOM.
[WARNING] On host cn030: reader.read_threads=4 x local_ranks=46 = 184 workers, estimated ~92 GB — exceeds 50% of available RAM on this node (163 GB). Consider reducing read_threads to avoid OOM.
[WARNING] On host cn030: reader.read_threads=4 x local_ranks=46 = 184 workers, estimated ~92 GB — exceeds 50% of available RAM on this node (163 GB). Consider reducing read_threads to avoid OOM.
[WARNING] On host cn030: reader.read_threads=4 x local_ranks=46 = 184 workers, estimated ~92 GB — exceeds 50% of available RAM on this node (163 GB). Consider reducing read_threads to avoid OOM.
[WARNING] On host cn030: reader.read_threads=4 x local_ranks=46 = 184 workers, estimated ~92 GB — exceeds 50% of available RAM on this node (163 GB). Consider reducing read_threads to avoid OOM.
[WARNING] On host cn030: reader.read_threads=4 x local_ranks=46 = 184 workers, estimated ~92 GB — exceeds 50% of available RAM on this node (163 GB). Consider reducing read_threads to avoid OOM.
[WARNING] On host cn030: reader.read_threads=4 x local_ranks=46 = 184 workers, estimated ~92 GB — exceeds 50% of available RAM on this node (163 GB). Consider reducing read_threads to avoid OOM.
[WARNING] On host cn030: reader.read_threads=4 x local_ranks=46 = 184 workers, estimated ~92 GB — exceeds 50% of available RAM on this node (163 GB). Consider reducing read_threads to avoid OOM.
[WARNING] On host cn030: reader.read_threads=4 x local_ranks=46 = 184 workers, estimated ~92 GB — exceeds 50% of available RAM on this node (163 GB). Consider reducing read_threads to avoid OOM.
[WARNING] On host cn030: reader.read_threads=4 x local_ranks=46 = 184 workers, estimated ~92 GB — exceeds 50% of available RAM on this node (163 GB). Consider reducing read_threads to avoid OOM.
[WARNING] On host cn030: reader.read_threads=4 x local_ranks=46 = 184 workers, estimated ~92 GB — exceeds 50% of available RAM on this node (163 GB). Consider reducing read_threads to avoid OOM.
[WARNING] On host cn030: reader.read_threads=4 x local_ranks=46 = 184 workers, estimated ~92 GB — exceeds 50% of available RAM on this node (163 GB). Consider reducing read_threads to avoid OOM.
[WARNING] On host cn030: reader.read_threads=4 x local_ranks=46 = 184 workers, estimated ~92 GB — exceeds 50% of available RAM on this node (163 GB). Consider reducing read_threads to avoid OOM.
[WARNING] On host cn030: reader.read_threads=4 x local_ranks=46 = 184 workers, estimated ~92 GB — exceeds 50% of available RAM on this node (163 GB). Consider reducing read_threads to avoid OOM.
[WARNING] On host cn030: reader.read_threads=4 x local_ranks=46 = 184 workers, estimated ~92 GB — exceeds 50% of available RAM on this node (163 GB). Consider reducing read_threads to avoid OOM.
[WARNING] On host cn030: reader.read_threads=4 x local_ranks=46 = 184 workers, estimated ~92 GB — exceeds 50% of available RAM on this node (163 GB). Consider reducing read_threads to avoid OOM.
[WARNING] On host cn030: reader.read_threads=4 x local_ranks=46 = 184 workers, estimated ~92 GB — exceeds 50% of available RAM on this node (163 GB). Consider reducing read_threads to avoid OOM.
[WARNING] On host cn030: reader.read_threads=4 x local_ranks=46 = 184 workers, estimated ~92 GB — exceeds 50% of available RAM on this node (163 GB). Consider reducing read_threads to avoid OOM.
[WARNING] On host cn030: reader.read_threads=4 x local_ranks=46 = 184 workers, estimated ~92 GB — exceeds 50% of available RAM on this node (163 GB). Consider reducing read_threads to avoid OOM.
[WARNING] On host cn030: reader.read_threads=4 x local_ranks=46 = 184 workers, estimated ~92 GB — exceeds 50% of available RAM on this node (163 GB). Consider reducing read_threads to avoid OOM.
[WARNING] On host cn030: reader.read_threads=4 x local_ranks=46 = 184 workers, estimated ~92 GB — exceeds 50% of available RAM on this node (163 GB). Consider reducing read_threads to avoid OOM.
[WARNING] On host cn030: reader.read_threads=4 x local_ranks=46 = 184 workers, estimated ~92 GB — exceeds 50% of available RAM on this node (163 GB). Consider reducing read_threads to avoid OOM.
[WARNING] On host cn030: reader.read_threads=4 x local_ranks=46 = 184 workers, estimated ~92 GB — exceeds 50% of available RAM on this node (163 GB). Consider reducing read_threads to avoid OOM.
[WARNING] On host cn030: reader.read_threads=4 x local_ranks=46 = 184 workers, estimated ~92 GB — exceeds 50% of available RAM on this node (163 GB). Consider reducing read_threads to avoid OOM.
[WARNING] On host cn030: reader.read_threads=4 x local_ranks=46 = 184 workers, estimated ~92 GB — exceeds 50% of available RAM on this node (163 GB). Consider reducing read_threads to avoid OOM.
[WARNING] On host cn030: reader.read_threads=4 x local_ranks=46 = 184 workers, estimated ~92 GB — exceeds 50% of available RAM on this node (163 GB). Consider reducing read_threads to avoid OOM.
[WARNING] On host cn030: reader.read_threads=4 x local_ranks=46 = 184 workers, estimated ~92 GB — exceeds 50% of available RAM on this node (163 GB). Consider reducing read_threads to avoid OOM.
[WARNING] On host cn030: reader.read_threads=4 x local_ranks=46 = 184 workers, estimated ~92 GB — exceeds 50% of available RAM on this node (163 GB). Consider reducing read_threads to avoid OOM.
[WARNING] On host cn030: reader.read_threads=4 x local_ranks=46 = 184 workers, estimated ~92 GB — exceeds 50% of available RAM on this node (163 GB). Consider reducing read_threads to avoid OOM.
[WARNING] On host cn030: reader.read_threads=4 x local_ranks=46 = 184 workers, estimated ~92 GB — exceeds 50% of available RAM on this node (163 GB). Consider reducing read_threads to avoid OOM.
[WARNING] On host cn030: reader.read_threads=4 x local_ranks=46 = 184 workers, estimated ~92 GB — exceeds 50% of available RAM on this node (163 GB). Consider reducing read_threads to avoid OOM.
[WARNING] On host cn030: reader.read_threads=4 x local_ranks=46 = 184 workers, estimated ~92 GB — exceeds 50% of available RAM on this node (163 GB). Consider reducing read_threads to avoid OOM.
der.read_threads=4 x local_ranks=46 = 184 workers, estimated ~92 GB — exceeds 50% of available RAM on this node (162 GB). Consider reducing read_threads to avoid OOM.
[WARNING] On host cn017: reader.read_threads=4 x local_ranks=46 = 184 workers, estimated ~92 GB — exceeds 50% of available RAM on this node (162 GB). Consider reducing read_threads to avoid OOM.
[WARNING] On host cn017: reader.read_threads=4 x local_ranks=46 = 184 workers, estimated ~92 GB — exceeds 50% of available RAM on this node (162 GB). Consider reducing read_threads to avoid OOM.
[WARNING] On host cn017: reader.read_threads=4 x local_ranks=46 = 184 workers, estimated ~92 GB — exceeds 50% of available RAM on this node (162 GB). Consider reducing read_threads to avoid OOM.
[WARNING] On host cn017: reader.read_threads=4 x local_ranks=46 = 184 workers, estimated ~92 GB — exceeds 50% of available RAM on this node (162 GB). Consider reducing read_threads to avoid OOM.
[WARNING] On host cn017: reader.read_threads=4 x local_ranks=46 = 184 workers, estimated ~92 GB — exceeds 50% of available RAM on this node (162 GB). Consider reducing read_threads to avoid OOM.
[WARNING] On host cn017: reader.read_threads=4 x local_ranks=46 = 184 workers, estimated ~92 GB — exceeds 50% of available RAM on this node (162 GB). Consider reducing read_threads to avoid OOM.
[WARNING] On host cn017: reader.read_threads=4 x local_ranks=46 = 184 workers, estimated ~92 GB — exceeds 50% of available RAM on this node (162 GB). Consider reducing read_threads to avoid OOM.
[WARNING] On host cn017: reader.read_threads=4 x local_ranks=46 = 184 workers, estimated ~92 GB — exceeds 50% of available RAM on this node (162 GB). Consider reducing read_threads to avoid OOM.
[WARNING] On host cn017: reader.read_threads=4 x local_ranks=46 = 184 workers, estimated ~92 GB — exceeds 50% of available RAM on this node (162 GB). Consider reducing read_threads to avoid OOM.
[WARNING] On host cn017: reader.read_threads=4 x local_ranks=46 = 184 workers, estimated ~92 GB — exceeds 50% of available RAM on this node (162 GB). Consider reducing read_threads to avoid OOM.
[WARNING] On host cn017: reader.read_threads=4 x local_ranks=46 = 184 workers, estimated ~92 GB — exceeds 50% of available RAM on this node (162 GB). Consider reducing read_threads to avoid OOM.
[WARNING] On host cn017: reader.read_threads=4 x local_ranks=46 = 184 workers, estimated ~92 GB — exceeds 50% of available RAM on this node (162 GB). Consider reducing read_threads to avoid OOM.
[WARNING] On host cn017: reader.read_threads=4 x local_ranks=46 = 184 workers, estimated ~92 GB — exceeds 50% of available RAM on this node (162 GB). Consider reducing read_threads to avoid OOM.
[WARNING] On host cn017: reader.read_threads=4 x local_ranks=46 = 184 workers, estimated ~92 GB — exceeds 50% of available RAM on this node (162 GB). Consider reducing read_threads to avoid OOM.
[WARNING] On host cn017: reader.read_threads=4 x local_ranks=46 = 184 workers, estimated ~92 GB — exceeds 50% of available RAM on this node (162 GB). Consider reducing read_threads to avoid OOM.
[WARNING] On host cn017: reader.read_threads=4 x local_ranks=46 = 184 workers, estimated ~92 GB — exceeds 50% of available RAM on this node (162 GB). Consider reducing read_threads to avoid OOM.
[OUTPUT] 2026-07-24T14:05:31.150440 Max steps per epoch per rank: 1891396 = 1 * 68090280 / 36 (samples per file * local files / batch size)
[OUTPUT] 2026-07-24T14:05:33.890584 Reshard for epoch 1: 92513 train files, 0 eval files redistributed via alltoall in 2.74s
[OUTPUT] 2026-07-24T14:05:34.920294 Worker pre-warm complete (4 workers spawned)
[OUTPUT] 2026-07-24T14:05:35.189309 Starting epoch 1: 2569 steps expected
[OUTPUT] 2026-07-24T14:05:35.189656 Starting block 1
[OUTPUT] 2026-07-24T14:09:10.052013 Ending block 1 - 2569 steps completed in 214.86 s
[OUTPUT] 2026-07-24T14:09:10.055684 Epoch 1 - Block 1 [Training] Accelerator Utilization [AU] (%): 85.5440
[OUTPUT] 2026-07-24T14:09:10.055741 Epoch 1 - Block 1 [Training] Throughput (samples/second): 317386.1549
[OUTPUT] 2026-07-24T14:09:10.061644 Epoch 1 - Block 1 [Training] Computation time per step (second): 0.0714+/-0.0000 (set value: {'mean': 0.071325})
[OUTPUT] 2026-07-24T14:09:10.116130 Ending epoch 1 - 2569 steps completed in 214.93 s
[OUTPUT] 2026-07-24T14:09:10.587146 Reshard for epoch 2: 92513 train files, 0 eval files redistributed via alltoall in 0.47s
[OUTPUT] 2026-07-24T14:09:12.085215 Worker pre-warm complete for epoch 2 (4 workers spawned)
[OUTPUT] 2026-07-24T14:09:35.824624 Starting epoch 2: 2569 steps expected
[OUTPUT] 2026-07-24T14:09:35.825147 Starting block 1
[OUTPUT] 2026-07-24T14:13:09.426722 Ending block 1 - 2569 steps completed in 213.60 s
[OUTPUT] 2026-07-24T14:13:09.428897 Epoch 2 - Block 1 [Training] Accelerator Utilization [AU] (%): 86.0684
[OUTPUT] 2026-07-24T14:13:09.428955 Epoch 2 - Block 1 [Training] Throughput (samples/second): 319338.0750
[OUTPUT] 2026-07-24T14:13:09.431974 Epoch 2 - Block 1 [Training] Computation time per step (second): 0.0714+/-0.0000 (set value: {'mean': 0.071325})
[OUTPUT] 2026-07-24T14:13:09.489706 Ending epoch 2 - 2569 steps completed in 213.67 s
[OUTPUT] 2026-07-24T14:13:09.959096 Reshard for epoch 3: 92513 train files, 0 eval files redistributed via alltoall in 0.47s
[OUTPUT] 2026-07-24T14:13:11.448733 Worker pre-warm complete for epoch 3 (4 workers spawned)
[OUTPUT] 2026-07-24T14:13:34.990548 Starting epoch 3: 2569 steps expected
[OUTPUT] 2026-07-24T14:13:34.991030 Starting block 1
[OUTPUT] 2026-07-24T14:17:08.483287 Ending block 1 - 2569 steps completed in 213.49 s
[OUTPUT] 2026-07-24T14:17:08.485141 Epoch 3 - Block 1 [Training] Accelerator Utilization [AU] (%): 86.1531
[OUTPUT] 2026-07-24T14:17:08.487159 Epoch 3 - Block 1 [Training] Throughput (samples/second): 319649.6740
[OUTPUT] 2026-07-24T14:17:08.487485 Epoch 3 - Block 1 [Training] Computation time per step (second): 0.0714+/-0.0000 (set value: {'mean': 0.071325})
[OUTPUT] 2026-07-24T14:17:08.559840 Ending epoch 3 - 2569 steps completed in 213.57 s
[OUTPUT] 2026-07-24T14:17:09.039423 Reshard for epoch 4: 92513 train files, 0 eval files redistributed via alltoall in 0.48s
[OUTPUT] 2026-07-24T14:17:10.418784 Worker pre-warm complete for epoch 4 (4 workers spawned)
[OUTPUT] 2026-07-24T14:17:33.779226 Starting epoch 4: 2569 steps expected
[OUTPUT] 2026-07-24T14:17:33.779650 Starting block 1
[OUTPUT] 2026-07-24T14:21:07.887732 Ending block 1 - 2569 steps completed in 214.11 s
[OUTPUT] 2026-07-24T14:21:07.893653 Epoch 4 - Block 1 [Training] Accelerator Utilization [AU] (%): 85.8832
[OUTPUT] 2026-07-24T14:21:07.893700 Epoch 4 - Block 1 [Training] Throughput (samples/second): 318659.3101
[OUTPUT] 2026-07-24T14:21:07.893951 Epoch 4 - Block 1 [Training] Computation time per step (second): 0.0714+/-0.0000 (set value: {'mean': 0.071325})
[OUTPUT] 2026-07-24T14:21:07.927228 Ending epoch 4 - 2569 steps completed in 214.15 s
[OUTPUT] 2026-07-24T14:21:08.385010 Reshard for epoch 5: 92513 train files, 0 eval files redistributed via alltoall in 0.46s
[OUTPUT] 2026-07-24T14:21:10.074423 Worker pre-warm complete for epoch 5 (4 workers spawned)
[OUTPUT] 2026-07-24T14:21:33.372507 Starting epoch 5: 2569 steps expected
[OUTPUT] 2026-07-24T14:21:33.372826 Starting block 1
[OUTPUT] 2026-07-24T14:25:06.657107 Ending block 1 - 2569 steps completed in 213.28 s
[OUTPUT] 2026-07-24T14:25:06.658993 Epoch 5 - Block 1 [Training] Accelerator Utilization [AU] (%): 86.2397
[OUTPUT] 2026-07-24T14:25:06.659047 Epoch 5 - Block 1 [Training] Throughput (samples/second): 319975.0733
[OUTPUT] 2026-07-24T14:25:06.659354 Epoch 5 - Block 1 [Training] Computation time per step (second): 0.0714+/-0.0000 (set value: {'mean': 0.071325})
[OUTPUT] 2026-07-24T14:25:06.684956 Ending epoch 5 - 2569 steps completed in 213.31 s
[OUTPUT] 2026-07-24T14:25:07.167700 Reshard for epoch 6: 92513 train files, 0 eval files redistributed via alltoall in 0.48s
[OUTPUT] 2026-07-24T14:25:08.682529 Worker pre-warm complete for epoch 6 (4 workers spawned)
[OUTPUT] 2026-07-24T14:25:32.344086 Starting epoch 6: 2569 steps expected
[OUTPUT] 2026-07-24T14:25:32.344459 Starting block 1
[OUTPUT] 2026-07-24T14:29:05.488640 Ending block 1 - 2569 steps completed in 213.14 s
[OUTPUT] 2026-07-24T14:29:05.490737 Epoch 6 - Block 1 [Training] Accelerator Utilization [AU] (%): 86.2544
[OUTPUT] 2026-07-24T14:29:05.490789 Epoch 6 - Block 1 [Training] Throughput (samples/second): 320053.3432
[OUTPUT] 2026-07-24T14:29:05.491702 Epoch 6 - Block 1 [Training] Computation time per step (second): 0.0714+/-0.0000 (set value: {'mean': 0.071325})
[OUTPUT] 2026-07-24T14:29:05.507098 Ending epoch 6 - 2569 steps completed in 213.16 s
[OUTPUT] 2026-07-24T14:29:05.965435 Reshard for epoch 7: 92513 train files, 0 eval files redistributed via alltoall in 0.46s
[OUTPUT] 2026-07-24T14:29:07.740812 Worker pre-warm complete for epoch 7 (4 workers spawned)
[OUTPUT] 2026-07-24T14:29:31.277194 Starting epoch 7: 2569 steps expected
[OUTPUT] 2026-07-24T14:29:31.277519 Starting block 1
[OUTPUT] 2026-07-24T14:33:04.428161 Ending block 1 - 2569 steps completed in 213.15 s
[OUTPUT] 2026-07-24T14:33:04.429921 Epoch 7 - Block 1 [Training] Accelerator Utilization [AU] (%): 86.2562
[OUTPUT] 2026-07-24T14:33:04.429964 Epoch 7 - Block 1 [Training] Throughput (samples/second): 320058.6652
[OUTPUT] 2026-07-24T14:33:04.430235 Epoch 7 - Block 1 [Training] Computation time per step (second): 0.0714+/-0.0000 (set value: {'mean': 0.071325})
[OUTPUT] 2026-07-24T14:33:04.468228 Ending epoch 7 - 2569 steps completed in 213.19 s
[OUTPUT] 2026-07-24T14:33:04.942019 Reshard for epoch 8: 92513 train files, 0 eval files redistributed via alltoall in 0.47s
[OUTPUT] 2026-07-24T14:33:06.623240 Worker pre-warm complete for epoch 8 (4 workers spawned)
[OUTPUT] 2026-07-24T14:33:29.734701 Starting epoch 8: 2569 steps expected
[OUTPUT] 2026-07-24T14:33:29.734997 Starting block 1
[OUTPUT] 2026-07-24T14:37:02.962512 Ending block 1 - 2569 steps completed in 213.23 s
[OUTPUT] 2026-07-24T14:37:02.965003 Epoch 8 - Block 1 [Training] Accelerator Utilization [AU] (%): 86.2530
[OUTPUT] 2026-07-24T14:37:02.965050 Epoch 8 - Block 1 [Training] Throughput (samples/second): 320028.0317
[OUTPUT] 2026-07-24T14:37:02.965335 Epoch 8 - Block 1 [Training] Computation time per step (second): 0.0714+/-0.0000 (set value: {'mean': 0.071325})
[OUTPUT] 2026-07-24T14:37:02.997452 Ending epoch 8 - 2569 steps completed in 213.26 s
[OUTPUT] 2026-07-24T14:37:03.475729 Reshard for epoch 9: 92513 train files, 0 eval files redistributed via alltoall in 0.48s
[OUTPUT] 2026-07-24T14:37:04.909568 Worker pre-warm complete for epoch 9 (4 workers spawned)
[OUTPUT] 2026-07-24T14:37:05.077680 Saved outputs in /mnt/share/storage_results_v3/closed/UBIX/results/UbiPower18000_16x15.36TB_NVMe_4xNDR400_3xStorageNode_16hosts256GBMem_MI355/training/retinanet/run/20260724_140450
[OUTPUT] Averaged metric over all steps/epochs
[METRIC] ==========================================================
[METRIC] Number of Simulated Accelerators: 736 
[METRIC] Training Accelerator Utilization [AU] (%): 86.0754 (0.2474)
[METRIC] Training Throughput (samples/second): 319376.6872 (919.8954)
[METRIC] Training I/O Throughput (MiB/second): 98366.6771 (283.3239)
[METRIC] train_au_meet_expectation: success
[METRIC] ==========================================================

[OUTPUT] 2026-07-24T14:37:11.826130 outputs saved in RANKID_output.json
