[OUTPUT] [DEBUG DLIOBenchmark.__init__] After LoadConfig:
[OUTPUT]   storage_type   = <StorageType.LOCAL_FS: 'local_fs'>
[OUTPUT]   storage_root   = './'
[OUTPUT]   storage_options= None
[OUTPUT]   data_folder    = '/mnt/glfs/GalaxSphere-3Tier0/training/unet3d'
[OUTPUT]   framework      = <FrameworkType.PYTORCH: 'pytorch'>
[OUTPUT]   num_files_train= 262500
[OUTPUT]   record_length  = 146600628
[OUTPUT]   generate_data  = False
[OUTPUT]   do_train       = True
[OUTPUT]   do_checkpoint  = False
[OUTPUT]   epochs         = 5
[OUTPUT]   batch_size     = 7
[OUTPUT] 2026-07-13T14:58:35.323101 Running DLIO [Training] with 60 process(es)
[OUTPUT] 2026-07-13T14:58:35.350751 skip_listing [train]: validating 262,500 of 262,500 files (first, last, every 1) via HEAD requests ...
[OUTPUT] 2026-07-13T14:58:35.355929 skip_listing [train]:   500/262,500 checked (0%)  —  99358 checks/s  —  ETA 3s  —  0 failed so far
[OUTPUT] 2026-07-13T14:58:35.359580 skip_listing [train]:   1,000/262,500 checked (0%)  —  115152 checks/s  —  ETA 2s  —  0 failed so far
[OUTPUT] 2026-07-13T14:58:35.363446 skip_listing [train]:   1,500/262,500 checked (1%)  —  119512 checks/s  —  ETA 2s  —  0 failed so far
[OUTPUT] 2026-07-13T14:58:35.368433 skip_listing [train]:   2,000/262,500 checked (1%)  —  114036 checks/s  —  ETA 2s  —  0 failed so far
[OUTPUT] 2026-07-13T14:58:35.371478 skip_listing [train]:   2,500/262,500 checked (1%)  —  121460 checks/s  —  ETA 2s  —  0 failed so far
[OUTPUT] 2026-07-13T14:58:35.374429 skip_listing [train]:   3,000/262,500 checked (1%)  —  127475 checks/s  —  ETA 2s  —  0 failed so far
[OUTPUT] 2026-07-13T14:58:35.377758 skip_listing [train]:   3,500/262,500 checked (1%)  —  130288 checks/s  —  ETA 2s  —  0 failed so far
[OUTPUT] 2026-07-13T14:58:35.379747 skip_listing [train]:   4,000/262,500 checked (2%)  —  138635 checks/s  —  ETA 2s  —  0 failed so far
[OUTPUT] 2026-07-13T14:58:35.383578 skip_listing [train]:   4,500/262,500 checked (2%)  —  137683 checks/s  —  ETA 2s  —  0 failed so far
[OUTPUT] 2026-07-13T14:58:35.387060 skip_listing [train]:   5,000/262,500 checked (2%)  —  138254 checks/s  —  ETA 2s  —  0 failed so far
[OUTPUT] 2026-07-13T14:58:35.390267 skip_listing [train]:   5,500/262,500 checked (2%)  —  139692 checks/s  —  ETA 2s  —  0 failed so far
[OUTPUT] 2026-07-13T14:58:35.393059 skip_listing [train]:   6,000/262,500 checked (2%)  —  142300 checks/s  —  ETA 2s  —  0 failed so far
[OUTPUT] 2026-07-13T14:58:35.396682 skip_listing [train]:   6,500/262,500 checked (2%)  —  141961 checks/s  —  ETA 2s  —  0 failed so far
[OUTPUT] 2026-07-13T14:58:35.398668 skip_listing [train]:   7,000/262,500 checked (3%)  —  146525 checks/s  —  ETA 2s  —  0 failed so far
[OUTPUT] 2026-07-13T14:58:35.401747 skip_listing [train]:   7,500/262,500 checked (3%)  —  147485 checks/s  —  ETA 2s  —  0 failed so far
[OUTPUT] 2026-07-13T14:58:35.404383 skip_listing [train]:   8,000/262,500 checked (3%)  —  149565 checks/s  —  ETA 2s  —  0 failed so far
[OUTPUT] 2026-07-13T14:58:35.409067 skip_listing [train]:   8,500/262,500 checked (3%)  —  146119 checks/s  —  ETA 2s  —  0 failed so far
[OUTPUT] 2026-07-13T14:58:35.412832 skip_listing [train]:   9,000/262,500 checked (3%)  —  145308 checks/s  —  ETA 2s  —  0 failed so far
[OUTPUT] 2026-07-13T14:58:35.415425 skip_listing [train]:   9,500/262,500 checked (4%)  —  147218 checks/s  —  ETA 2s  —  0 failed so far
[OUTPUT] 2026-07-13T14:58:35.417731 skip_listing [train]:   10,000/262,500 checked (4%)  —  149618 checks/s  —  ETA 2s  —  0 failed so far
[OUTPUT] 2026-07-13T14:58:35.421242 skip_listing [train]:   10,500/262,500 checked (4%)  —  149260 checks/s  —  ETA 2s  —  0 failed so far
[OUTPUT] 2026-07-13T14:58:35.423838 skip_listing [train]:   11,000/262,500 checked (4%)  —  150802 checks/s  —  ETA 2s  —  0 failed so far
[OUTPUT] 2026-07-13T14:58:35.426540 skip_listing [train]:   11,500/262,500 checked (4%)  —  152025 checks/s  —  ETA 2s  —  0 failed so far
[OUTPUT] 2026-07-13T14:58:35.429350 skip_listing [train]:   12,000/262,500 checked (5%)  —  152954 checks/s  —  ETA 2s  —  0 failed so far
[OUTPUT] 2026-07-13T14:58:35.431582 skip_listing [train]:   12,500/262,500 checked (5%)  —  154919 checks/s  —  ETA 2s  —  0 failed so far
[OUTPUT] 2026-07-13T14:58:35.435312 skip_listing [train]:   13,000/262,500 checked (5%)  —  153997 checks/s  —  ETA 2s  —  0 failed so far
[OUTPUT] 2026-07-13T14:58:35.438497 skip_listing [train]:   13,500/262,500 checked (5%)  —  154106 checks/s  —  ETA 2s  —  0 failed so far
[OUTPUT] 2026-07-13T14:58:35.442504 skip_listing [train]:   14,000/262,500 checked (5%)  —  152822 checks/s  —  ETA 2s  —  0 failed so far
[OUTPUT] 2026-07-13T14:58:35.445599 skip_listing [train]:   14,500/262,500 checked (6%)  —  153108 checks/s  —  ETA 2s  —  0 failed so far
[OUTPUT] 2026-07-13T14:58:35.448910 skip_listing [train]:   15,000/262,500 checked (6%)  —  153038 checks/s  —  ETA 2s  —  0 failed so far
[OUTPUT] 2026-07-13T14:58:35.451434 skip_listing [train]:   15,500/262,500 checked (6%)  —  154169 checks/s  —  ETA 2s  —  0 failed so far
[OUTPUT] 2026-07-13T14:58:35.454847 skip_listing [train]:   16,000/262,500 checked (6%)  —  153916 checks/s  —  ETA 2s  —  0 failed so far
[OUTPUT] 2026-07-13T14:58:35.458111 skip_listing [train]:   16,500/262,500 checked (6%)  —  153894 checks/s  —  ETA 2s  —  0 failed so far
[OUTPUT] 2026-07-13T14:58:35.460451 skip_listing [train]:   17,000/262,500 checked (6%)  —  155172 checks/s  —  ETA 2s  —  0 failed so far
[OUTPUT] 2026-07-13T14:58:35.462610 skip_listing [train]:   17,500/262,500 checked (7%)  —  156649 checks/s  —  ETA 2s  —  0 failed so far
[OUTPUT] 2026-07-13T14:58:35.464989 skip_listing [train]:   18,000/262,500 checked (7%)  —  157765 checks/s  —  ETA 2s  —  0 failed so far
[OUTPUT] 2026-07-13T14:58:35.467662 skip_listing [train]:   18,500/262,500 checked (7%)  —  158435 checks/s  —  ETA 2s  —  0 failed so far
[OUTPUT] 2026-07-13T14:58:35.470490 skip_listing [train]:   19,000/262,500 checked (7%)  —  158869 checks/s  —  ETA 2s  —  0 failed so far
[OUTPUT] 2026-07-13T14:58:35.473338 skip_listing [train]:   19,500/262,500 checked (7%)  —  159258 checks/s  —  ETA 2s  —  0 failed so far
[OUTPUT] 2026-07-13T14:58:35.477318 skip_listing [train]:   20,000/262,500 checked (8%)  —  158200 checks/s  —  ETA 2s  —  0 failed so far
[OUTPUT] 2026-07-13T14:58:35.480890 skip_listing [train]:   20,500/262,500 checked (8%)  —  157698 checks/s  —  ETA 2s  —  0 failed so far
[OUTPUT] 2026-07-13T14:58:35.484766 skip_listing [train]:   21,000/262,500 checked (8%)  —  156867 checks/s  —  ETA 2s  —  0 failed so far
[OUTPUT] 2026-07-13T14:58:35.489203 skip_listing [train]:   21,500/262,500 checked (8%)  —  155449 checks/s  —  ETA 2s  —  0 failed so far
[OUTPUT] 2026-07-13T14:58:35.493157 skip_listing [train]:   22,000/262,500 checked (8%)  —  154644 checks/s  —  ETA 2s  —  0 failed so far
[OUTPUT] 2026-07-13T14:58:35.495306 skip_listing [train]:   22,500/262,500 checked (9%)  —  155805 checks/s  —  ETA 2s  —  0 failed so far
[OUTPUT] 2026-07-13T14:58:35.498315 skip_listing [train]:   23,000/262,500 checked (9%)  —  156017 checks/s  —  ETA 2s  —  0 failed so far
[OUTPUT] 2026-07-13T14:58:35.501161 skip_listing [train]:   23,500/262,500 checked (9%)  —  156389 checks/s  —  ETA 2s  —  0 failed so far
[OUTPUT] 2026-07-13T14:58:35.503308 skip_listing [train]:   24,000/262,500 checked (9%)  —  157467 checks/s  —  ETA 2s  —  0 failed so far
[OUTPUT] 2026-07-13T14:58:35.506356 skip_listing [train]:   24,500/262,500 checked (9%)  —  157595 checks/s  —  ETA 2s  —  0 failed so far
[OUTPUT] 2026-07-13T14:58:35.509358 skip_listing [train]:   25,000/262,500 checked (10%)  —  157765 checks/s  —  ETA 2s  —  0 failed so far
[OUTPUT] 2026-07-13T14:58:35.511557 skip_listing [train]:   25,500/262,500 checked (10%)  —  158718 checks/s  —  ETA 1s  —  0 failed so far
[OUTPUT] 2026-07-13T14:58:35.514567 skip_listing [train]:   26,000/262,500 checked (10%)  —  158854 checks/s  —  ETA 1s  —  0 failed so far
[OUTPUT] 2026-07-13T14:58:35.517559 skip_listing [train]:   26,500/262,500 checked (10%)  —  159002 checks/s  —  ETA 1s  —  0 failed so far
[OUTPUT] 2026-07-13T14:58:35.521226 skip_listing [train]:   27,000/262,500 checked (10%)  —  158514 checks/s  —  ETA 1s  —  0 failed so far
[OUTPUT] 2026-07-13T14:58:35.524879 skip_listing [train]:   27,500/262,500 checked (10%)  —  158060 checks/s  —  ETA 1s  —  0 failed so far
[OUTPUT] 2026-07-13T14:58:35.529030 skip_listing [train]:   28,000/262,500 checked (11%)  —  157184 checks/s  —  ETA 1s  —  0 failed so far
[OUTPUT] 2026-07-13T14:58:35.533966 skip_listing [train]:   28,500/262,500 checked (11%)  —  155677 checks/s  —  ETA 2s  —  0 failed so far
[OUTPUT] 2026-07-13T14:58:35.535950 skip_listing [train]:   29,000/262,500 checked (11%)  —  156710 checks/s  —  ETA 1s  —  0 failed so far
[OUTPUT] 2026-07-13T14:58:35.538950 skip_listing [train]:   29,500/262,500 checked (11%)  —  156868 checks/s  —  ETA 1s  —  0 failed so far
[OUTPUT] 2026-07-13T14:58:35.541729 skip_listing [train]:   30,000/262,500 checked (11%)  —  157204 checks/s  —  ETA 1s  —  0 failed so far
[OUTPUT] 2026-07-13T14:58:35.545086 skip_listing [train]:   30,500/262,500 checked (12%)  —  157061 checks/s  —  ETA 1s  —  0 failed so far
[OUTPUT] 2026-07-13T14:58:35.548024 skip_listing [train]:   31,000/262,500 checked (12%)  —  157257 checks/s  —  ETA 1s  —  0 failed so far
[OUTPUT] 2026-07-13T14:58:35.550980 skip_listing [train]:   31,500/262,500 checked (12%)  —  157433 checks/s  —  ETA 1s  —  0 failed so far
[OUTPUT] 2026-07-13T14:58:35.555087 skip_listing [train]:   32,000/262,500 checked (12%)  —  156715 checks/s  —  ETA 1s  —  0 failed so far
[OUTPUT] 2026-07-13T14:58:35.557400 skip_listing [train]:   32,500/262,500 checked (12%)  —  157381 checks/s  —  ETA 1s  —  0 failed so far
[OUTPUT] 2026-07-13T14:58:35.560228 skip_listing [train]:   33,000/262,500 checked (13%)  —  157643 checks/s  —  ETA 1s  —  0 failed so far
[OUTPUT] 2026-07-13T14:58:35.562217 skip_listing [train]:   33,500/262,500 checked (13%)  —  158526 checks/s  —  ETA 1s  —  0 failed so far
[OUTPUT] 2026-07-13T14:58:35.565180 skip_listing [train]:   34,000/262,500 checked (13%)  —  158667 checks/s  —  ETA 1s  —  0 failed so far
[OUTPUT] 2026-07-13T14:58:35.568135 skip_listing [train]:   34,500/262,500 checked (13%)  —  158810 checks/s  —  ETA 1s  —  0 failed so far
[OUTPUT] 2026-07-13T14:58:35.570939 skip_listing [train]:   35,000/262,500 checked (13%)  —  159059 checks/s  —  ETA 1s  —  0 failed so far
[OUTPUT] 2026-07-13T14:58:35.573904 skip_listing [train]:   35,500/262,500 checked (14%)  —  159186 checks/s  —  ETA 1s  —  0 failed so far
[OUTPUT] 2026-07-13T14:58:35.576270 skip_listing [train]:   36,000/262,500 checked (14%)  —  159734 checks/s  —  ETA 1s  —  0 failed so far
[OUTPUT] 2026-07-13T14:58:35.579187 skip_listing [train]:   36,500/262,500 checked (14%)  —  159882 checks/s  —  ETA 1s  —  0 failed so far
[OUTPUT] 2026-07-13T14:58:35.582499 skip_listing [train]:   37,000/262,500 checked (14%)  —  159755 checks/s  —  ETA 1s  —  0 failed so far
[OUTPUT] 2026-07-13T14:58:35.584479 skip_listing [train]:   37,500/262,500 checked (14%)  —  160541 checks/s  —  ETA 1s  —  0 failed so far
[OUTPUT] 2026-07-13T14:58:35.588261 skip_listing [train]:   38,000/262,500 checked (14%)  —  160090 checks/s  —  ETA 1s  —  0 failed so far
[OUTPUT] 2026-07-13T14:58:35.590246 skip_listing [train]:   38,500/262,500 checked (15%)  —  160851 checks/s  —  ETA 1s  —  0 failed so far
[OUTPUT] 2026-07-13T14:58:35.592433 skip_listing [train]:   39,000/262,500 checked (15%)  —  161465 checks/s  —  ETA 1s  —  0 failed so far
[OUTPUT] 2026-07-13T14:58:35.596342 skip_listing [train]:   39,500/262,500 checked (15%)  —  160931 checks/s  —  ETA 1s  —  0 failed so far
[OUTPUT] 2026-07-13T14:58:35.598937 skip_listing [train]:   40,000/262,500 checked (15%)  —  161263 checks/s  —  ETA 1s  —  0 failed so far
[OUTPUT] 2026-07-13T14:58:35.602295 skip_listing [train]:   40,500/262,500 checked (15%)  —  161098 checks/s  —  ETA 1s  —  0 failed so far
[OUTPUT] 2026-07-13T14:58:35.605587 skip_listing [train]:   41,000/262,500 checked (16%)  —  160979 checks/s  —  ETA 1s  —  0 failed so far
[OUTPUT] 2026-07-13T14:58:35.608953 skip_listing [train]:   41,500/262,500 checked (16%)  —  160817 checks/s  —  ETA 1s  —  0 failed so far
[OUTPUT] 2026-07-13T14:58:35.611575 skip_listing [train]:   42,000/262,500 checked (16%)  —  161117 checks/s  —  ETA 1s  —  0 failed so far
[OUTPUT] 2026-07-13T14:58:35.614373 skip_listing [train]:   42,500/262,500 checked (16%)  —  161303 checks/s  —  ETA 1s  —  0 failed so far
[OUTPUT] 2026-07-13T14:58:35.617223 skip_listing [train]:   43,000/262,500 checked (16%)  —  161455 checks/s  —  ETA 1s  —  0 failed so far
[OUTPUT] 2026-07-13T14:58:35.620363 skip_listing [train]:   43,500/262,500 checked (17%)  —  161429 checks/s  —  ETA 1s  —  0 failed so far
[OUTPUT] 2026-07-13T14:58:35.623065 skip_listing [train]:   44,000/262,500 checked (17%)  —  161663 checks/s  —  ETA 1s  —  0 failed so far
[OUTPUT] 2026-07-13T14:58:35.626374 skip_listing [train]:   44,500/262,500 checked (17%)  —  161536 checks/s  —  ETA 1s  —  0 failed so far
[OUTPUT] 2026-07-13T14:58:35.629225 skip_listing [train]:   45,000/262,500 checked (17%)  —  161678 checks/s  —  ETA 1s  —  0 failed so far
[OUTPUT] 2026-07-13T14:58:35.631383 skip_listing [train]:   45,500/262,500 checked (17%)  —  162217 checks/s  —  ETA 1s  —  0 failed so far
[OUTPUT] 2026-07-13T14:58:35.635318 skip_listing [train]:   46,000/262,500 checked (18%)  —  161731 checks/s  —  ETA 1s  —  0 failed so far
[OUTPUT] 2026-07-13T14:58:35.637504 skip_listing [train]:   46,500/262,500 checked (18%)  —  162242 checks/s  —  ETA 1s  —  0 failed so far
[OUTPUT] 2026-07-13T14:58:35.640289 skip_listing [train]:   47,000/262,500 checked (18%)  —  162408 checks/s  —  ETA 1s  —  0 failed so far
[OUTPUT] 2026-07-13T14:58:35.642694 skip_listing [train]:   47,500/262,500 checked (18%)  —  162783 checks/s  —  ETA 1s  —  0 failed so far
[OUTPUT] 2026-07-13T14:58:35.645794 skip_listing [train]:   48,000/262,500 checked (18%)  —  162767 checks/s  —  ETA 1s  —  0 failed so far
[OUTPUT] 2026-07-13T14:58:35.648228 skip_listing [train]:   48,500/262,500 checked (18%)  —  163116 checks/s  —  ETA 1s  —  0 failed so far
[OUTPUT] 2026-07-13T14:58:35.651011 skip_listing [train]:   49,000/262,500 checked (19%)  —  163270 checks/s  —  ETA 1s  —  0 failed so far
[OUTPUT] 2026-07-13T14:58:35.654799 skip_listing [train]:   49,500/262,500 checked (19%)  —  162880 checks/s  —  ETA 1s  —  0 failed so far
[OUTPUT] 2026-07-13T14:58:35.658663 skip_listing [train]:   50,000/262,500 checked (19%)  —  162460 checks/s  —  ETA 1s  —  0 failed so far
[OUTPUT] 2026-07-13T14:58:35.662759 skip_listing [train]:   50,500/262,500 checked (19%)  —  161929 checks/s  —  ETA 1s  —  0 failed so far
[OUTPUT] 2026-07-13T14:58:35.665339 skip_listing [train]:   51,000/262,500 checked (19%)  —  162191 checks/s  —  ETA 1s  —  0 failed so far
[OUTPUT] 2026-07-13T14:58:35.668664 skip_listing [train]:   51,500/262,500 checked (20%)  —  162067 checks/s  —  ETA 1s  —  0 failed so far
[OUTPUT] 2026-07-13T14:58:35.671005 skip_listing [train]:   52,000/262,500 checked (20%)  —  162444 checks/s  —  ETA 1s  —  0 failed so far
[OUTPUT] 2026-07-13T14:58:35.673934 skip_listing [train]:   52,500/262,500 checked (20%)  —  162519 checks/s  —  ETA 1s  —  0 failed so far
[OUTPUT] 2026-07-13T14:58:35.676474 skip_listing [train]:   53,000/262,500 checked (20%)  —  162787 checks/s  —  ETA 1s  —  0 failed so far
[OUTPUT] 2026-07-13T14:58:35.678650 skip_listing [train]:   53,500/262,500 checked (20%)  —  163232 checks/s  —  ETA 1s  —  0 failed so far
[OUTPUT] 2026-07-13T14:58:35.682355 skip_listing [train]:   54,000/262,500 checked (21%)  —  162916 checks/s  —  ETA 1s  —  0 failed so far
[OUTPUT] 2026-07-13T14:58:35.685475 skip_listing [train]:   54,500/262,500 checked (21%)  —  162891 checks/s  —  ETA 1s  —  0 failed so far
[OUTPUT] 2026-07-13T14:58:35.689471 skip_listing [train]:   55,000/262,500 checked (21%)  —  162445 checks/s  —  ETA 1s  —  0 failed so far
[OUTPUT] 2026-07-13T14:58:35.691825 skip_listing [train]:   55,500/262,500 checked (21%)  —  162790 checks/s  —  ETA 1s  —  0 failed so far
[OUTPUT] 2026-07-13T14:58:35.694016 skip_listing [train]:   56,000/262,500 checked (21%)  —  163207 checks/s  —  ETA 1s  —  0 failed so far
[OUTPUT] 2026-07-13T14:58:35.696690 skip_listing [train]:   56,500/262,500 checked (22%)  —  163392 checks/s  —  ETA 1s  —  0 failed so far
[OUTPUT] 2026-07-13T14:58:35.699802 skip_listing [train]:   57,000/262,500 checked (22%)  —  163367 checks/s  —  ETA 1s  —  0 failed so far
[OUTPUT] 2026-07-13T14:58:35.702709 skip_listing [train]:   57,500/262,500 checked (22%)  —  163439 checks/s  —  ETA 1s  —  0 failed so far
[OUTPUT] 2026-07-13T14:58:35.705732 skip_listing [train]:   58,000/262,500 checked (22%)  —  163455 checks/s  —  ETA 1s  —  0 failed so far
[OUTPUT] 2026-07-13T14:58:35.709543 skip_listing [train]:   58,500/262,500 checked (22%)  —  163112 checks/s  —  ETA 1s  —  0 failed so far
[OUTPUT] 2026-07-13T14:58:35.714183 skip_listing [train]:   59,000/262,500 checked (22%)  —  162405 checks/s  —  ETA 1s  —  0 failed so far
[OUTPUT] 2026-07-13T14:58:35.718566 skip_listing [train]:   59,500/262,500 checked (23%)  —  161829 checks/s  —  ETA 1s  —  0 failed so far
[OUTPUT] 2026-07-13T14:58:35.721454 skip_listing [train]:   60,000/262,500 checked (23%)  —  161918 checks/s  —  ETA 1s  —  0 failed so far
[OUTPUT] 2026-07-13T14:58:35.725706 skip_listing [train]:   60,500/262,500 checked (23%)  —  161414 checks/s  —  ETA 1s  —  0 failed so far
[OUTPUT] 2026-07-13T14:58:35.727697 skip_listing [train]:   61,000/262,500 checked (23%)  —  161888 checks/s  —  ETA 1s  —  0 failed so far
[OUTPUT] 2026-07-13T14:58:35.730020 skip_listing [train]:   61,500/262,500 checked (23%)  —  162216 checks/s  —  ETA 1s  —  0 failed so far
[OUTPUT] 2026-07-13T14:58:35.733541 skip_listing [train]:   62,000/262,500 checked (24%)  —  162029 checks/s  —  ETA 1s  —  0 failed so far
[OUTPUT] 2026-07-13T14:58:35.736136 skip_listing [train]:   62,500/262,500 checked (24%)  —  162236 checks/s  —  ETA 1s  —  0 failed so far
[OUTPUT] 2026-07-13T14:58:35.738126 skip_listing [train]:   63,000/262,500 checked (24%)  —  162693 checks/s  —  ETA 1s  —  0 failed so far
[OUTPUT] 2026-07-13T14:58:35.740974 skip_listing [train]:   63,500/262,500 checked (24%)  —  162787 checks/s  —  ETA 1s  —  0 failed so far
[OUTPUT] 2026-07-13T14:58:35.743355 skip_listing [train]:   64,000/262,500 checked (24%)  —  163074 checks/s  —  ETA 1s  —  0 failed so far
[OUTPUT] 2026-07-13T14:58:35.745680 skip_listing [train]:   64,500/262,500 checked (25%)  —  163380 checks/s  —  ETA 1s  —  0 failed so far
[OUTPUT] 2026-07-13T14:58:35.749510 skip_listing [train]:   65,000/262,500 checked (25%)  —  163064 checks/s  —  ETA 1s  —  0 failed so far
[OUTPUT] 2026-07-13T14:58:35.752867 skip_listing [train]:   65,500/262,500 checked (25%)  —  162946 checks/s  —  ETA 1s  —  0 failed so far
[OUTPUT] 2026-07-13T14:58:35.755469 skip_listing [train]:   66,000/262,500 checked (25%)  —  163134 checks/s  —  ETA 1s  —  0 failed so far
[OUTPUT] 2026-07-13T14:58:35.757848 skip_listing [train]:   66,500/262,500 checked (25%)  —  163409 checks/s  —  ETA 1s  —  0 failed so far
[OUTPUT] 2026-07-13T14:58:35.760597 skip_listing [train]:   67,000/262,500 checked (26%)  —  163533 checks/s  —  ETA 1s  —  0 failed so far
[OUTPUT] 2026-07-13T14:58:35.763381 skip_listing [train]:   67,500/262,500 checked (26%)  —  163642 checks/s  —  ETA 1s  —  0 failed so far
[OUTPUT] 2026-07-13T14:58:35.766909 skip_listing [train]:   68,000/262,500 checked (26%)  —  163456 checks/s  —  ETA 1s  —  0 failed so far
[OUTPUT] 2026-07-13T14:58:35.769686 skip_listing [train]:   68,500/262,500 checked (26%)  —  163566 checks/s  —  ETA 1s  —  0 failed so far
[OUTPUT] 2026-07-13T14:58:35.772588 skip_listing [train]:   69,000/262,500 checked (26%)  —  163626 checks/s  —  ETA 1s  —  0 failed so far
[OUTPUT] 2026-07-13T14:58:35.775968 skip_listing [train]:   69,500/262,500 checked (26%)  —  163501 checks/s  —  ETA 1s  —  0 failed so far
[OUTPUT] 2026-07-13T14:58:35.778752 skip_listing [train]:   70,000/262,500 checked (27%)  —  163606 checks/s  —  ETA 1s  —  0 failed so far
[OUTPUT] 2026-07-13T14:58:35.780903 skip_listing [train]:   70,500/262,500 checked (27%)  —  163950 checks/s  —  ETA 1s  —  0 failed so far
[OUTPUT] 2026-07-13T14:58:35.783507 skip_listing [train]:   71,000/262,500 checked (27%)  —  164119 checks/s  —  ETA 1s  —  0 failed so far
[OUTPUT] 2026-07-13T14:58:35.786661 skip_listing [train]:   71,500/262,500 checked (27%)  —  164079 checks/s  —  ETA 1s  —  0 failed so far
[OUTPUT] 2026-07-13T14:58:35.789375 skip_listing [train]:   72,000/262,500 checked (27%)  —  164203 checks/s  —  ETA 1s  —  0 failed so far
[OUTPUT] 2026-07-13T14:58:35.792451 skip_listing [train]:   72,500/262,500 checked (28%)  —  164192 checks/s  —  ETA 1s  —  0 failed so far
[OUTPUT] 2026-07-13T14:58:35.795109 skip_listing [train]:   73,000/262,500 checked (28%)  —  164335 checks/s  —  ETA 1s  —  0 failed so far
[OUTPUT] 2026-07-13T14:58:35.800599 skip_listing [train]:   73,500/262,500 checked (28%)  —  163441 checks/s  —  ETA 1s  —  0 failed so far
[OUTPUT] 2026-07-13T14:58:35.803048 skip_listing [train]:   74,000/262,500 checked (28%)  —  163661 checks/s  —  ETA 1s  —  0 failed so far
[OUTPUT] 2026-07-13T14:58:35.805423 skip_listing [train]:   74,500/262,500 checked (28%)  —  163906 checks/s  —  ETA 1s  —  0 failed so far
[OUTPUT] 2026-07-13T14:58:35.808354 skip_listing [train]:   75,000/262,500 checked (29%)  —  163949 checks/s  —  ETA 1s  —  0 failed so far
[OUTPUT] 2026-07-13T14:58:35.811733 skip_listing [train]:   75,500/262,500 checked (29%)  —  163832 checks/s  —  ETA 1s  —  0 failed so far
[OUTPUT] 2026-07-13T14:58:35.814446 skip_listing [train]:   76,000/262,500 checked (29%)  —  163952 checks/s  —  ETA 1s  —  0 failed so far
[OUTPUT] 2026-07-13T14:58:35.817256 skip_listing [train]:   76,500/262,500 checked (29%)  —  164036 checks/s  —  ETA 1s  —  0 failed so far
[OUTPUT] 2026-07-13T14:58:35.820712 skip_listing [train]:   77,000/262,500 checked (29%)  —  163894 checks/s  —  ETA 1s  —  0 failed so far
[OUTPUT] 2026-07-13T14:58:35.823771 skip_listing [train]:   77,500/262,500 checked (30%)  —  163891 checks/s  —  ETA 1s  —  0 failed so far
[OUTPUT] 2026-07-13T14:58:35.826370 skip_listing [train]:   78,000/262,500 checked (30%)  —  164046 checks/s  —  ETA 1s  —  0 failed so far
[OUTPUT] 2026-07-13T14:58:35.829143 skip_listing [train]:   78,500/262,500 checked (30%)  —  164140 checks/s  —  ETA 1s  —  0 failed so far
[OUTPUT] 2026-07-13T14:58:35.831300 skip_listing [train]:   79,000/262,500 checked (30%)  —  164444 checks/s  —  ETA 1s  —  0 failed so far
[OUTPUT] 2026-07-13T14:58:35.833814 skip_listing [train]:   79,500/262,500 checked (30%)  —  164624 checks/s  —  ETA 1s  —  0 failed so far
[OUTPUT] 2026-07-13T14:58:35.837598 skip_listing [train]:   80,000/262,500 checked (30%)  —  164371 checks/s  —  ETA 1s  —  0 failed so far
[OUTPUT] 2026-07-13T14:58:35.840991 skip_listing [train]:   80,500/262,500 checked (31%)  —  164253 checks/s  —  ETA 1s  —  0 failed so far
[OUTPUT] 2026-07-13T14:58:35.843291 skip_listing [train]:   81,000/262,500 checked (31%)  —  164502 checks/s  —  ETA 1s  —  0 failed so far
[OUTPUT] 2026-07-13T14:58:35.845837 skip_listing [train]:   81,500/262,500 checked (31%)  —  164666 checks/s  —  ETA 1s  —  0 failed so far
[OUTPUT] 2026-07-13T14:58:35.847995 skip_listing [train]:   82,000/262,500 checked (31%)  —  164957 checks/s  —  ETA 1s  —  0 failed so far
[OUTPUT] 2026-07-13T14:58:35.851093 skip_listing [train]:   82,500/262,500 checked (31%)  —  164934 checks/s  —  ETA 1s  —  0 failed so far
[OUTPUT] 2026-07-13T14:58:35.853252 skip_listing [train]:   83,000/262,500 checked (32%)  —  165221 checks/s  —  ETA 1s  —  0 failed so far
[OUTPUT] 2026-07-13T14:58:35.856356 skip_listing [train]:   83,500/262,500 checked (32%)  —  165195 checks/s  —  ETA 1s  —  0 failed so far
[OUTPUT] 2026-07-13T14:58:35.858963 skip_listing [train]:   84,000/262,500 checked (32%)  —  165332 checks/s  —  ETA 1s  —  0 failed so far
[OUTPUT] 2026-07-13T14:58:35.861188 skip_listing [train]:   84,500/262,500 checked (32%)  —  165591 checks/s  —  ETA 1s  —  0 failed so far
[OUTPUT] 2026-07-13T14:58:35.864723 skip_listing [train]:   85,000/262,500 checked (32%)  —  165425 checks/s  —  ETA 1s  —  0 failed so far
[OUTPUT] 2026-07-13T14:58:35.867205 skip_listing [train]:   85,500/262,500 checked (33%)  —  165598 checks/s  —  ETA 1s  —  0 failed so far
[OUTPUT] 2026-07-13T14:58:35.870217 skip_listing [train]:   86,000/262,500 checked (33%)  —  165600 checks/s  —  ETA 1s  —  0 failed so far
[OUTPUT] 2026-07-13T14:58:35.872931 skip_listing [train]:   86,500/262,500 checked (33%)  —  165697 checks/s  —  ETA 1s  —  0 failed so far
[OUTPUT] 2026-07-13T14:58:35.875618 skip_listing [train]:   87,000/262,500 checked (33%)  —  165802 checks/s  —  ETA 1s  —  0 failed so far
[OUTPUT] 2026-07-13T14:58:35.878858 skip_listing [train]:   87,500/262,500 checked (33%)  —  165731 checks/s  —  ETA 1s  —  0 failed so far
[OUTPUT] 2026-07-13T14:58:35.882338 skip_listing [train]:   88,000/262,500 checked (34%)  —  165587 checks/s  —  ETA 1s  —  0 failed so far
[OUTPUT] 2026-07-13T14:58:35.885249 skip_listing [train]:   88,500/262,500 checked (34%)  —  165621 checks/s  —  ETA 1s  —  0 failed so far
[OUTPUT] 2026-07-13T14:58:35.888655 skip_listing [train]:   89,000/262,500 checked (34%)  —  165501 checks/s  —  ETA 1s  —  0 failed so far
[OUTPUT] 2026-07-13T14:58:35.892944 skip_listing [train]:   89,500/262,500 checked (34%)  —  165114 checks/s  —  ETA 1s  —  0 failed so far
[OUTPUT] 2026-07-13T14:58:35.894937 skip_listing [train]:   90,000/262,500 checked (34%)  —  165428 checks/s  —  ETA 1s  —  0 failed so far
[OUTPUT] 2026-07-13T14:58:35.898029 skip_listing [train]:   90,500/262,500 checked (34%)  —  165407 checks/s  —  ETA 1s  —  0 failed so far
[OUTPUT] 2026-07-13T14:58:35.901014 skip_listing [train]:   91,000/262,500 checked (35%)  —  165419 checks/s  —  ETA 1s  —  0 failed so far
[OUTPUT] 2026-07-13T14:58:35.903543 skip_listing [train]:   91,500/262,500 checked (35%)  —  165566 checks/s  —  ETA 1s  —  0 failed so far
[OUTPUT] 2026-07-13T14:58:35.906344 skip_listing [train]:   92,000/262,500 checked (35%)  —  165632 checks/s  —  ETA 1s  —  0 failed so far
[OUTPUT] 2026-07-13T14:58:35.909653 skip_listing [train]:   92,500/262,500 checked (35%)  —  165546 checks/s  —  ETA 1s  —  0 failed so far
[OUTPUT] 2026-07-13T14:58:35.912744 skip_listing [train]:   93,000/262,500 checked (35%)  —  165525 checks/s  —  ETA 1s  —  0 failed so far
[OUTPUT] 2026-07-13T14:58:35.916350 skip_listing [train]:   93,500/262,500 checked (36%)  —  165354 checks/s  —  ETA 1s  —  0 failed so far
[OUTPUT] 2026-07-13T14:58:35.919361 skip_listing [train]:   94,000/262,500 checked (36%)  —  165357 checks/s  —  ETA 1s  —  0 failed so far
[OUTPUT] 2026-07-13T14:58:35.921693 skip_listing [train]:   94,500/262,500 checked (36%)  —  165558 checks/s  —  ETA 1s  —  0 failed so far
[OUTPUT] 2026-07-13T14:58:35.924649 skip_listing [train]:   95,000/262,500 checked (36%)  —  165576 checks/s  —  ETA 1s  —  0 failed so far
[OUTPUT] 2026-07-13T14:58:35.927446 skip_listing [train]:   95,500/262,500 checked (36%)  —  165640 checks/s  —  ETA 1s  —  0 failed so far
[OUTPUT] 2026-07-13T14:58:35.929963 skip_listing [train]:   96,000/262,500 checked (37%)  —  165784 checks/s  —  ETA 1s  —  0 failed so far
[OUTPUT] 2026-07-13T14:58:35.933533 skip_listing [train]:   96,500/262,500 checked (37%)  —  165626 checks/s  —  ETA 1s  —  0 failed so far
[OUTPUT] 2026-07-13T14:58:35.936518 skip_listing [train]:   97,000/262,500 checked (37%)  —  165635 checks/s  —  ETA 1s  —  0 failed so far
[OUTPUT] 2026-07-13T14:58:35.939974 skip_listing [train]:   97,500/262,500 checked (37%)  —  165512 checks/s  —  ETA 1s  —  0 failed so far
[OUTPUT] 2026-07-13T14:58:35.943668 skip_listing [train]:   98,000/262,500 checked (37%)  —  165325 checks/s  —  ETA 1s  —  0 failed so far
[OUTPUT] 2026-07-13T14:58:35.947384 skip_listing [train]:   98,500/262,500 checked (38%)  —  165133 checks/s  —  ETA 1s  —  0 failed so far
[OUTPUT] 2026-07-13T14:58:35.950082 skip_listing [train]:   99,000/262,500 checked (38%)  —  165224 checks/s  —  ETA 1s  —  0 failed so far
[OUTPUT] 2026-07-13T14:58:35.953447 skip_listing [train]:   99,500/262,500 checked (38%)  —  165131 checks/s  —  ETA 1s  —  0 failed so far
[OUTPUT] 2026-07-13T14:58:35.956599 skip_listing [train]:   100,000/262,500 checked (38%)  —  165097 checks/s  —  ETA 1s  —  0 failed so far
[OUTPUT] 2026-07-13T14:58:35.959526 skip_listing [train]:   100,500/262,500 checked (38%)  —  165125 checks/s  —  ETA 1s  —  0 failed so far
[OUTPUT] 2026-07-13T14:58:35.963377 skip_listing [train]:   101,000/262,500 checked (38%)  —  164903 checks/s  —  ETA 1s  —  0 failed so far
[OUTPUT] 2026-07-13T14:58:35.966022 skip_listing [train]:   101,500/262,500 checked (39%)  —  165007 checks/s  —  ETA 1s  —  0 failed so far
[OUTPUT] 2026-07-13T14:58:35.968701 skip_listing [train]:   102,000/262,500 checked (39%)  —  165100 checks/s  —  ETA 1s  —  0 failed so far
[OUTPUT] 2026-07-13T14:58:35.971071 skip_listing [train]:   102,500/262,500 checked (39%)  —  165276 checks/s  —  ETA 1s  —  0 failed so far
[OUTPUT] 2026-07-13T14:58:35.973553 skip_listing [train]:   103,000/262,500 checked (39%)  —  165420 checks/s  —  ETA 1s  —  0 failed so far
[OUTPUT] 2026-07-13T14:58:35.976264 skip_listing [train]:   103,500/262,500 checked (39%)  —  165502 checks/s  —  ETA 1s  —  0 failed so far
[OUTPUT] 2026-07-13T14:58:35.979202 skip_listing [train]:   104,000/262,500 checked (40%)  —  165524 checks/s  —  ETA 1s  —  0 failed so far
[OUTPUT] 2026-07-13T14:58:35.983111 skip_listing [train]:   104,500/262,500 checked (40%)  —  165292 checks/s  —  ETA 1s  —  0 failed so far
[OUTPUT] 2026-07-13T14:58:35.985760 skip_listing [train]:   105,000/262,500 checked (40%)  —  165389 checks/s  —  ETA 1s  —  0 failed so far
[OUTPUT] 2026-07-13T14:58:35.990284 skip_listing [train]:   105,500/262,500 checked (40%)  —  165001 checks/s  —  ETA 1s  —  0 failed so far
[OUTPUT] 2026-07-13T14:58:35.992265 skip_listing [train]:   106,000/262,500 checked (40%)  —  165271 checks/s  —  ETA 1s  —  0 failed so far
[OUTPUT] 2026-07-13T14:58:35.994452 skip_listing [train]:   106,500/262,500 checked (41%)  —  165486 checks/s  —  ETA 1s  —  0 failed so far
[OUTPUT] 2026-07-13T14:58:35.998876 skip_listing [train]:   107,000/262,500 checked (41%)  —  165128 checks/s  —  ETA 1s  —  0 failed so far
[OUTPUT] 2026-07-13T14:58:36.001241 skip_listing [train]:   107,500/262,500 checked (41%)  —  165296 checks/s  —  ETA 1s  —  0 failed so far
[OUTPUT] 2026-07-13T14:58:36.004115 skip_listing [train]:   108,000/262,500 checked (41%)  —  165335 checks/s  —  ETA 1s  —  0 failed so far
[OUTPUT] 2026-07-13T14:58:36.006289 skip_listing [train]:   108,500/262,500 checked (41%)  —  165549 checks/s  —  ETA 1s  —  0 failed so far
[OUTPUT] 2026-07-13T14:58:36.009301 skip_listing [train]:   109,000/262,500 checked (42%)  —  165551 checks/s  —  ETA 1s  —  0 failed so far
[OUTPUT] 2026-07-13T14:58:36.011629 skip_listing [train]:   109,500/262,500 checked (42%)  —  165725 checks/s  —  ETA 1s  —  0 failed so far
[OUTPUT] 2026-07-13T14:58:36.013816 skip_listing [train]:   110,000/262,500 checked (42%)  —  165932 checks/s  —  ETA 1s  —  0 failed so far
[OUTPUT] 2026-07-13T14:58:36.015966 skip_listing [train]:   110,500/262,500 checked (42%)  —  166147 checks/s  —  ETA 1s  —  0 failed so far
[OUTPUT] 2026-07-13T14:58:36.019308 skip_listing [train]:   111,000/262,500 checked (42%)  —  166065 checks/s  —  ETA 1s  —  0 failed so far
[OUTPUT] 2026-07-13T14:58:36.021613 skip_listing [train]:   111,500/262,500 checked (42%)  —  166240 checks/s  —  ETA 1s  —  0 failed so far
[OUTPUT] 2026-07-13T14:58:36.023925 skip_listing [train]:   112,000/262,500 checked (43%)  —  166412 checks/s  —  ETA 1s  —  0 failed so far
[OUTPUT] 2026-07-13T14:58:36.027183 skip_listing [train]:   112,500/262,500 checked (43%)  —  166349 checks/s  —  ETA 1s  —  0 failed so far
[OUTPUT] 2026-07-13T14:58:36.029499 skip_listing [train]:   113,000/262,500 checked (43%)  —  166518 checks/s  —  ETA 1s  —  0 failed so far
[OUTPUT] 2026-07-13T14:58:36.032730 skip_listing [train]:   113,500/262,500 checked (43%)  —  166462 checks/s  —  ETA 1s  —  0 failed so far
[OUTPUT] 2026-07-13T14:58:36.036179 skip_listing [train]:   114,000/262,500 checked (43%)  —  166354 checks/s  —  ETA 1s  —  0 failed so far
[OUTPUT] 2026-07-13T14:58:36.039012 skip_listing [train]:   114,500/262,500 checked (44%)  —  166396 checks/s  —  ETA 1s  —  0 failed so far
[OUTPUT] 2026-07-13T14:58:36.042244 skip_listing [train]:   115,000/262,500 checked (44%)  —  166341 checks/s  —  ETA 1s  —  0 failed so far
[OUTPUT] 2026-07-13T14:58:36.045505 skip_listing [train]:   115,500/262,500 checked (44%)  —  166280 checks/s  —  ETA 1s  —  0 failed so far
[OUTPUT] 2026-07-13T14:58:36.050250 skip_listing [train]:   116,000/262,500 checked (44%)  —  165867 checks/s  —  ETA 1s  —  0 failed so far
[OUTPUT] 2026-07-13T14:58:36.052924 skip_listing [train]:   116,500/262,500 checked (44%)  —  165947 checks/s  —  ETA 1s  —  0 failed so far
[OUTPUT] 2026-07-13T14:58:36.055401 skip_listing [train]:   117,000/262,500 checked (45%)  —  166074 checks/s  —  ETA 1s  —  0 failed so far
[OUTPUT] 2026-07-13T14:58:36.057542 skip_listing [train]:   117,500/262,500 checked (45%)  —  166278 checks/s  —  ETA 1s  —  0 failed so far
[OUTPUT] 2026-07-13T14:58:36.060950 skip_listing [train]:   118,000/262,500 checked (45%)  —  166184 checks/s  —  ETA 1s  —  0 failed so far
[OUTPUT] 2026-07-13T14:58:36.064171 skip_listing [train]:   118,500/262,500 checked (45%)  —  166135 checks/s  —  ETA 1s  —  0 failed so far
[OUTPUT] 2026-07-13T14:58:36.066149 skip_listing [train]:   119,000/262,500 checked (45%)  —  166375 checks/s  —  ETA 1s  —  0 failed so far
[OUTPUT] 2026-07-13T14:58:36.069882 skip_listing [train]:   119,500/262,500 checked (46%)  —  166206 checks/s  —  ETA 1s  —  0 failed so far
[OUTPUT] 2026-07-13T14:58:36.072890 skip_listing [train]:   120,000/262,500 checked (46%)  —  166206 checks/s  —  ETA 1s  —  0 failed so far
[OUTPUT] 2026-07-13T14:58:36.075538 skip_listing [train]:   120,500/262,500 checked (46%)  —  166289 checks/s  —  ETA 1s  —  0 failed so far
[OUTPUT] 2026-07-13T14:58:36.078566 skip_listing [train]:   121,000/262,500 checked (46%)  —  166284 checks/s  —  ETA 1s  —  0 failed so far
[OUTPUT] 2026-07-13T14:58:36.081367 skip_listing [train]:   121,500/262,500 checked (46%)  —  166331 checks/s  —  ETA 1s  —  0 failed so far
[OUTPUT] 2026-07-13T14:58:36.084304 skip_listing [train]:   122,000/262,500 checked (46%)  —  166346 checks/s  —  ETA 1s  —  0 failed so far
[OUTPUT] 2026-07-13T14:58:36.086927 skip_listing [train]:   122,500/262,500 checked (47%)  —  166433 checks/s  —  ETA 1s  —  0 failed so far
[OUTPUT] 2026-07-13T14:58:36.089625 skip_listing [train]:   123,000/262,500 checked (47%)  —  166502 checks/s  —  ETA 1s  —  0 failed so far
[OUTPUT] 2026-07-13T14:58:36.091817 skip_listing [train]:   123,500/262,500 checked (47%)  —  166684 checks/s  —  ETA 1s  —  0 failed so far
[OUTPUT] 2026-07-13T14:58:36.094973 skip_listing [train]:   124,000/262,500 checked (47%)  —  166649 checks/s  —  ETA 1s  —  0 failed so far
[OUTPUT] 2026-07-13T14:58:36.097934 skip_listing [train]:   124,500/262,500 checked (47%)  —  166658 checks/s  —  ETA 1s  —  0 failed so far
[OUTPUT] 2026-07-13T14:58:36.100443 skip_listing [train]:   125,000/262,500 checked (48%)  —  166767 checks/s  —  ETA 1s  —  0 failed so far
[OUTPUT] 2026-07-13T14:58:36.103301 skip_listing [train]:   125,500/262,500 checked (48%)  —  166798 checks/s  —  ETA 1s  —  0 failed so far
[OUTPUT] 2026-07-13T14:58:36.105274 skip_listing [train]:   126,000/262,500 checked (48%)  —  167025 checks/s  —  ETA 1s  —  0 failed so far
[OUTPUT] 2026-07-13T14:58:36.108295 skip_listing [train]:   126,500/262,500 checked (48%)  —  167019 checks/s  —  ETA 1s  —  0 failed so far
[OUTPUT] 2026-07-13T14:58:36.111601 skip_listing [train]:   127,000/262,500 checked (48%)  —  166950 checks/s  —  ETA 1s  —  0 failed so far
[OUTPUT] 2026-07-13T14:58:36.113753 skip_listing [train]:   127,500/262,500 checked (49%)  —  167134 checks/s  —  ETA 1s  —  0 failed so far
[OUTPUT] 2026-07-13T14:58:36.116736 skip_listing [train]:   128,000/262,500 checked (49%)  —  167136 checks/s  —  ETA 1s  —  0 failed so far
[OUTPUT] 2026-07-13T14:58:36.120603 skip_listing [train]:   128,500/262,500 checked (49%)  —  166946 checks/s  —  ETA 1s  —  0 failed so far
[OUTPUT] 2026-07-13T14:58:36.123623 skip_listing [train]:   129,000/262,500 checked (49%)  —  166941 checks/s  —  ETA 1s  —  0 failed so far
[OUTPUT] 2026-07-13T14:58:36.125762 skip_listing [train]:   129,500/262,500 checked (49%)  —  167125 checks/s  —  ETA 1s  —  0 failed so far
[OUTPUT] 2026-07-13T14:58:36.129836 skip_listing [train]:   130,000/262,500 checked (50%)  —  166893 checks/s  —  ETA 1s  —  0 failed so far
[OUTPUT] 2026-07-13T14:58:36.132708 skip_listing [train]:   130,500/262,500 checked (50%)  —  166920 checks/s  —  ETA 1s  —  0 failed so far
[OUTPUT] 2026-07-13T14:58:36.135742 skip_listing [train]:   131,000/262,500 checked (50%)  —  166912 checks/s  —  ETA 1s  —  0 failed so far
[OUTPUT] 2026-07-13T14:58:36.138281 skip_listing [train]:   131,500/262,500 checked (50%)  —  167008 checks/s  —  ETA 1s  —  0 failed so far
[OUTPUT] 2026-07-13T14:58:36.140789 skip_listing [train]:   132,000/262,500 checked (50%)  —  167111 checks/s  —  ETA 1s  —  0 failed so far
[OUTPUT] 2026-07-13T14:58:36.142948 skip_listing [train]:   132,500/262,500 checked (50%)  —  167287 checks/s  —  ETA 1s  —  0 failed so far
[OUTPUT] 2026-07-13T14:58:36.145860 skip_listing [train]:   133,000/262,500 checked (51%)  —  167303 checks/s  —  ETA 1s  —  0 failed so far
[OUTPUT] 2026-07-13T14:58:36.148008 skip_listing [train]:   133,500/262,500 checked (51%)  —  167479 checks/s  —  ETA 1s  —  0 failed so far
[OUTPUT] 2026-07-13T14:58:36.151004 skip_listing [train]:   134,000/262,500 checked (51%)  —  167477 checks/s  —  ETA 1s  —  0 failed so far
[OUTPUT] 2026-07-13T14:58:36.154153 skip_listing [train]:   134,500/262,500 checked (51%)  —  167443 checks/s  —  ETA 1s  —  0 failed so far
[OUTPUT] 2026-07-13T14:58:36.157583 skip_listing [train]:   135,000/262,500 checked (51%)  —  167351 checks/s  —  ETA 1s  —  0 failed so far
[OUTPUT] 2026-07-13T14:58:36.160106 skip_listing [train]:   135,500/262,500 checked (52%)  —  167447 checks/s  —  ETA 1s  —  0 failed so far
[OUTPUT] 2026-07-13T14:58:36.162994 skip_listing [train]:   136,000/262,500 checked (52%)  —  167467 checks/s  —  ETA 1s  —  0 failed so far
[OUTPUT] 2026-07-13T14:58:36.165502 skip_listing [train]:   136,500/262,500 checked (52%)  —  167565 checks/s  —  ETA 1s  —  0 failed so far
[OUTPUT] 2026-07-13T14:58:36.169138 skip_listing [train]:   137,000/262,500 checked (52%)  —  167432 checks/s  —  ETA 1s  —  0 failed so far
[OUTPUT] 2026-07-13T14:58:36.171668 skip_listing [train]:   137,500/262,500 checked (52%)  —  167525 checks/s  —  ETA 1s  —  0 failed so far
[OUTPUT] 2026-07-13T14:58:36.173998 skip_listing [train]:   138,000/262,500 checked (53%)  —  167658 checks/s  —  ETA 1s  —  0 failed so far
[OUTPUT] 2026-07-13T14:58:36.176697 skip_listing [train]:   138,500/262,500 checked (53%)  —  167716 checks/s  —  ETA 1s  —  0 failed so far
[OUTPUT] 2026-07-13T14:58:36.178669 skip_listing [train]:   139,000/262,500 checked (53%)  —  167920 checks/s  —  ETA 1s  —  0 failed so far
[OUTPUT] 2026-07-13T14:58:36.181294 skip_listing [train]:   139,500/262,500 checked (53%)  —  167991 checks/s  —  ETA 1s  —  0 failed so far
[OUTPUT] 2026-07-13T14:58:36.184184 skip_listing [train]:   140,000/262,500 checked (53%)  —  168009 checks/s  —  ETA 1s  —  0 failed so far
[OUTPUT] 2026-07-13T14:58:36.186713 skip_listing [train]:   140,500/262,500 checked (54%)  —  168099 checks/s  —  ETA 1s  —  0 failed so far
[OUTPUT] 2026-07-13T14:58:36.189076 skip_listing [train]:   141,000/262,500 checked (54%)  —  168221 checks/s  —  ETA 1s  —  0 failed so far
[OUTPUT] 2026-07-13T14:58:36.191669 skip_listing [train]:   141,500/262,500 checked (54%)  —  168297 checks/s  —  ETA 1s  —  0 failed so far
[OUTPUT] 2026-07-13T14:58:36.195006 skip_listing [train]:   142,000/262,500 checked (54%)  —  168224 checks/s  —  ETA 1s  —  0 failed so far
[OUTPUT] 2026-07-13T14:58:36.199101 skip_listing [train]:   142,500/262,500 checked (54%)  —  168001 checks/s  —  ETA 1s  —  0 failed so far
[OUTPUT] 2026-07-13T14:58:36.203184 skip_listing [train]:   143,000/262,500 checked (54%)  —  167783 checks/s  —  ETA 1s  —  0 failed so far
[OUTPUT] 2026-07-13T14:58:36.206136 skip_listing [train]:   143,500/262,500 checked (55%)  —  167789 checks/s  —  ETA 1s  —  0 failed so far
[OUTPUT] 2026-07-13T14:58:36.208806 skip_listing [train]:   144,000/262,500 checked (55%)  —  167850 checks/s  —  ETA 1s  —  0 failed so far
[OUTPUT] 2026-07-13T14:58:36.211313 skip_listing [train]:   144,500/262,500 checked (55%)  —  167941 checks/s  —  ETA 1s  —  0 failed so far
[OUTPUT] 2026-07-13T14:58:36.213465 skip_listing [train]:   145,000/262,500 checked (55%)  —  168102 checks/s  —  ETA 1s  —  0 failed so far
[OUTPUT] 2026-07-13T14:58:36.215955 skip_listing [train]:   145,500/262,500 checked (55%)  —  168196 checks/s  —  ETA 1s  —  0 failed so far
[OUTPUT] 2026-07-13T14:58:36.220581 skip_listing [train]:   146,000/262,500 checked (56%)  —  167877 checks/s  —  ETA 1s  —  0 failed so far
[OUTPUT] 2026-07-13T14:58:36.223058 skip_listing [train]:   146,500/262,500 checked (56%)  —  167973 checks/s  —  ETA 1s  —  0 failed so far
[OUTPUT] 2026-07-13T14:58:36.226156 skip_listing [train]:   147,000/262,500 checked (56%)  —  167950 checks/s  —  ETA 1s  —  0 failed so far
[OUTPUT] 2026-07-13T14:58:36.228300 skip_listing [train]:   147,500/262,500 checked (56%)  —  168109 checks/s  —  ETA 1s  —  0 failed so far
[OUTPUT] 2026-07-13T14:58:36.231152 skip_listing [train]:   148,000/262,500 checked (56%)  —  168133 checks/s  —  ETA 1s  —  0 failed so far
[OUTPUT] 2026-07-13T14:58:36.235754 skip_listing [train]:   148,500/262,500 checked (57%)  —  167823 checks/s  —  ETA 1s  —  0 failed so far
[OUTPUT] 2026-07-13T14:58:36.239932 skip_listing [train]:   149,000/262,500 checked (57%)  —  167597 checks/s  —  ETA 1s  —  0 failed so far
[OUTPUT] 2026-07-13T14:58:36.243156 skip_listing [train]:   149,500/262,500 checked (57%)  —  167552 checks/s  —  ETA 1s  —  0 failed so far
[OUTPUT] 2026-07-13T14:58:36.246976 skip_listing [train]:   150,000/262,500 checked (57%)  —  167396 checks/s  —  ETA 1s  —  0 failed so far
[OUTPUT] 2026-07-13T14:58:36.251037 skip_listing [train]:   150,500/262,500 checked (57%)  —  167196 checks/s  —  ETA 1s  —  0 failed so far
[OUTPUT] 2026-07-13T14:58:36.253379 skip_listing [train]:   151,000/262,500 checked (58%)  —  167316 checks/s  —  ETA 1s  —  0 failed so far
[OUTPUT] 2026-07-13T14:58:36.256257 skip_listing [train]:   151,500/262,500 checked (58%)  —  167336 checks/s  —  ETA 1s  —  0 failed so far
[OUTPUT] 2026-07-13T14:58:36.258894 skip_listing [train]:   152,000/262,500 checked (58%)  —  167401 checks/s  —  ETA 1s  —  0 failed so far
[OUTPUT] 2026-07-13T14:58:36.262543 skip_listing [train]:   152,500/262,500 checked (58%)  —  167279 checks/s  —  ETA 1s  —  0 failed so far
[OUTPUT] 2026-07-13T14:58:36.265582 skip_listing [train]:   153,000/262,500 checked (58%)  —  167270 checks/s  —  ETA 1s  —  0 failed so far
[OUTPUT] 2026-07-13T14:58:36.268244 skip_listing [train]:   153,500/262,500 checked (58%)  —  167330 checks/s  —  ETA 1s  —  0 failed so far
[OUTPUT] 2026-07-13T14:58:36.271146 skip_listing [train]:   154,000/262,500 checked (59%)  —  167346 checks/s  —  ETA 1s  —  0 failed so far
[OUTPUT] 2026-07-13T14:58:36.273729 skip_listing [train]:   154,500/262,500 checked (59%)  —  167419 checks/s  —  ETA 1s  —  0 failed so far
[OUTPUT] 2026-07-13T14:58:36.276250 skip_listing [train]:   155,000/262,500 checked (59%)  —  167503 checks/s  —  ETA 1s  —  0 failed so far
[OUTPUT] 2026-07-13T14:58:36.279138 skip_listing [train]:   155,500/262,500 checked (59%)  —  167521 checks/s  —  ETA 1s  —  0 failed so far
[OUTPUT] 2026-07-13T14:58:36.282675 skip_listing [train]:   156,000/262,500 checked (59%)  —  167421 checks/s  —  ETA 1s  —  0 failed so far
[OUTPUT] 2026-07-13T14:58:36.285639 skip_listing [train]:   156,500/262,500 checked (60%)  —  167426 checks/s  —  ETA 1s  —  0 failed so far
[OUTPUT] 2026-07-13T14:58:36.288613 skip_listing [train]:   157,000/262,500 checked (60%)  —  167428 checks/s  —  ETA 1s  —  0 failed so far
[OUTPUT] 2026-07-13T14:58:36.290960 skip_listing [train]:   157,500/262,500 checked (60%)  —  167541 checks/s  —  ETA 1s  —  0 failed so far
[OUTPUT] 2026-07-13T14:58:36.293705 skip_listing [train]:   158,000/262,500 checked (60%)  —  167584 checks/s  —  ETA 1s  —  0 failed so far
[OUTPUT] 2026-07-13T14:58:36.296412 skip_listing [train]:   158,500/262,500 checked (60%)  —  167633 checks/s  —  ETA 1s  —  0 failed so far
[OUTPUT] 2026-07-13T14:58:36.300748 skip_listing [train]:   159,000/262,500 checked (61%)  —  167394 checks/s  —  ETA 1s  —  0 failed so far
[OUTPUT] 2026-07-13T14:58:36.303583 skip_listing [train]:   159,500/262,500 checked (61%)  —  167421 checks/s  —  ETA 1s  —  0 failed so far
[OUTPUT] 2026-07-13T14:58:36.306748 skip_listing [train]:   160,000/262,500 checked (61%)  —  167390 checks/s  —  ETA 1s  —  0 failed so far
[OUTPUT] 2026-07-13T14:58:36.309633 skip_listing [train]:   160,500/262,500 checked (61%)  —  167408 checks/s  —  ETA 1s  —  0 failed so far
[OUTPUT] 2026-07-13T14:58:36.311798 skip_listing [train]:   161,000/262,500 checked (61%)  —  167551 checks/s  —  ETA 1s  —  0 failed so far
[OUTPUT] 2026-07-13T14:58:36.314302 skip_listing [train]:   161,500/262,500 checked (62%)  —  167634 checks/s  —  ETA 1s  —  0 failed so far
[OUTPUT] 2026-07-13T14:58:36.316820 skip_listing [train]:   162,000/262,500 checked (62%)  —  167715 checks/s  —  ETA 1s  —  0 failed so far
[OUTPUT] 2026-07-13T14:58:36.319323 skip_listing [train]:   162,500/262,500 checked (62%)  —  167798 checks/s  —  ETA 1s  —  0 failed so far
[OUTPUT] 2026-07-13T14:58:36.321845 skip_listing [train]:   163,000/262,500 checked (62%)  —  167877 checks/s  —  ETA 1s  —  0 failed so far
[OUTPUT] 2026-07-13T14:58:36.325949 skip_listing [train]:   163,500/262,500 checked (62%)  —  167683 checks/s  —  ETA 1s  —  0 failed so far
[OUTPUT] 2026-07-13T14:58:36.329811 skip_listing [train]:   164,000/262,500 checked (62%)  —  167532 checks/s  —  ETA 1s  —  0 failed so far
[OUTPUT] 2026-07-13T14:58:36.332175 skip_listing [train]:   164,500/262,500 checked (63%)  —  167638 checks/s  —  ETA 1s  —  0 failed so far
[OUTPUT] 2026-07-13T14:58:36.334497 skip_listing [train]:   165,000/262,500 checked (63%)  —  167751 checks/s  —  ETA 1s  —  0 failed so far
[OUTPUT] 2026-07-13T14:58:36.336984 skip_listing [train]:   165,500/262,500 checked (63%)  —  167835 checks/s  —  ETA 1s  —  0 failed so far
[OUTPUT] 2026-07-13T14:58:36.339315 skip_listing [train]:   166,000/262,500 checked (63%)  —  167945 checks/s  —  ETA 1s  —  0 failed so far
[OUTPUT] 2026-07-13T14:58:36.342189 skip_listing [train]:   166,500/262,500 checked (63%)  —  167962 checks/s  —  ETA 1s  —  0 failed so far
[OUTPUT] 2026-07-13T14:58:36.344537 skip_listing [train]:   167,000/262,500 checked (64%)  —  168069 checks/s  —  ETA 1s  —  0 failed so far
[OUTPUT] 2026-07-13T14:58:36.348227 skip_listing [train]:   167,500/262,500 checked (64%)  —  167948 checks/s  —  ETA 1s  —  0 failed so far
[OUTPUT] 2026-07-13T14:58:36.350249 skip_listing [train]:   168,000/262,500 checked (64%)  —  168109 checks/s  —  ETA 1s  —  0 failed so far
[OUTPUT] 2026-07-13T14:58:36.354266 skip_listing [train]:   168,500/262,500 checked (64%)  —  167934 checks/s  —  ETA 1s  —  0 failed so far
[OUTPUT] 2026-07-13T14:58:36.356940 skip_listing [train]:   169,000/262,500 checked (64%)  —  167985 checks/s  —  ETA 1s  —  0 failed so far
[OUTPUT] 2026-07-13T14:58:36.359478 skip_listing [train]:   169,500/262,500 checked (65%)  —  168058 checks/s  —  ETA 1s  —  0 failed so far
[OUTPUT] 2026-07-13T14:58:36.361660 skip_listing [train]:   170,000/262,500 checked (65%)  —  168189 checks/s  —  ETA 1s  —  0 failed so far
[OUTPUT] 2026-07-13T14:58:36.363825 skip_listing [train]:   170,500/262,500 checked (65%)  —  168324 checks/s  —  ETA 1s  —  0 failed so far
[OUTPUT] 2026-07-13T14:58:36.365797 skip_listing [train]:   171,000/262,500 checked (65%)  —  168489 checks/s  —  ETA 1s  —  0 failed so far
[OUTPUT] 2026-07-13T14:58:36.369347 skip_listing [train]:   171,500/262,500 checked (65%)  —  168393 checks/s  —  ETA 1s  —  0 failed so far
[OUTPUT] 2026-07-13T14:58:36.372408 skip_listing [train]:   172,000/262,500 checked (66%)  —  168378 checks/s  —  ETA 1s  —  0 failed so far
[OUTPUT] 2026-07-13T14:58:36.374804 skip_listing [train]:   172,500/262,500 checked (66%)  —  168472 checks/s  —  ETA 1s  —  0 failed so far
[OUTPUT] 2026-07-13T14:58:36.379669 skip_listing [train]:   173,000/262,500 checked (66%)  —  168161 checks/s  —  ETA 1s  —  0 failed so far
[OUTPUT] 2026-07-13T14:58:36.383083 skip_listing [train]:   173,500/262,500 checked (66%)  —  168090 checks/s  —  ETA 1s  —  0 failed so far
[OUTPUT] 2026-07-13T14:58:36.386499 skip_listing [train]:   174,000/262,500 checked (66%)  —  168018 checks/s  —  ETA 1s  —  0 failed so far
[OUTPUT] 2026-07-13T14:58:36.389839 skip_listing [train]:   174,500/262,500 checked (66%)  —  167959 checks/s  —  ETA 1s  —  0 failed so far
[OUTPUT] 2026-07-13T14:58:36.392995 skip_listing [train]:   175,000/262,500 checked (67%)  —  167930 checks/s  —  ETA 1s  —  0 failed so far
[OUTPUT] 2026-07-13T14:58:36.395645 skip_listing [train]:   175,500/262,500 checked (67%)  —  167983 checks/s  —  ETA 1s  —  0 failed so far
[OUTPUT] 2026-07-13T14:58:36.398433 skip_listing [train]:   176,000/262,500 checked (67%)  —  168013 checks/s  —  ETA 1s  —  0 failed so far
[OUTPUT] 2026-07-13T14:58:36.401454 skip_listing [train]:   176,500/262,500 checked (67%)  —  168006 checks/s  —  ETA 1s  —  0 failed so far
[OUTPUT] 2026-07-13T14:58:36.403579 skip_listing [train]:   177,000/262,500 checked (67%)  —  168142 checks/s  —  ETA 1s  —  0 failed so far
[OUTPUT] 2026-07-13T14:58:36.406068 skip_listing [train]:   177,500/262,500 checked (68%)  —  168219 checks/s  —  ETA 1s  —  0 failed so far
[OUTPUT] 2026-07-13T14:58:36.408397 skip_listing [train]:   178,000/262,500 checked (68%)  —  168321 checks/s  —  ETA 1s  —  0 failed so far
[OUTPUT] 2026-07-13T14:58:36.410883 skip_listing [train]:   178,500/262,500 checked (68%)  —  168398 checks/s  —  ETA 0s  —  0 failed so far
[OUTPUT] 2026-07-13T14:58:36.413044 skip_listing [train]:   179,000/262,500 checked (68%)  —  168527 checks/s  —  ETA 0s  —  0 failed so far
[OUTPUT] 2026-07-13T14:58:36.415572 skip_listing [train]:   179,500/262,500 checked (68%)  —  168596 checks/s  —  ETA 0s  —  0 failed so far
[OUTPUT] 2026-07-13T14:58:36.418266 skip_listing [train]:   180,000/262,500 checked (69%)  —  168639 checks/s  —  ETA 0s  —  0 failed so far
[OUTPUT] 2026-07-13T14:58:36.420964 skip_listing [train]:   180,500/262,500 checked (69%)  —  168681 checks/s  —  ETA 0s  —  0 failed so far
[OUTPUT] 2026-07-13T14:58:36.423562 skip_listing [train]:   181,000/262,500 checked (69%)  —  168738 checks/s  —  ETA 0s  —  0 failed so far
[OUTPUT] 2026-07-13T14:58:36.425901 skip_listing [train]:   181,500/262,500 checked (69%)  —  168836 checks/s  —  ETA 0s  —  0 failed so far
[OUTPUT] 2026-07-13T14:58:36.428414 skip_listing [train]:   182,000/262,500 checked (69%)  —  168907 checks/s  —  ETA 0s  —  0 failed so far
[OUTPUT] 2026-07-13T14:58:36.431491 skip_listing [train]:   182,500/262,500 checked (70%)  —  168888 checks/s  —  ETA 0s  —  0 failed so far
[OUTPUT] 2026-07-13T14:58:36.435753 skip_listing [train]:   183,000/262,500 checked (70%)  —  168686 checks/s  —  ETA 0s  —  0 failed so far
[OUTPUT] 2026-07-13T14:58:36.438098 skip_listing [train]:   183,500/262,500 checked (70%)  —  168782 checks/s  —  ETA 0s  —  0 failed so far
[OUTPUT] 2026-07-13T14:58:36.441177 skip_listing [train]:   184,000/262,500 checked (70%)  —  168764 checks/s  —  ETA 0s  —  0 failed so far
[OUTPUT] 2026-07-13T14:58:36.443504 skip_listing [train]:   184,500/262,500 checked (70%)  —  168862 checks/s  —  ETA 0s  —  0 failed so far
[OUTPUT] 2026-07-13T14:58:36.446587 skip_listing [train]:   185,000/262,500 checked (70%)  —  168843 checks/s  —  ETA 0s  —  0 failed so far
[OUTPUT] 2026-07-13T14:58:36.449761 skip_listing [train]:   185,500/262,500 checked (71%)  —  168810 checks/s  —  ETA 0s  —  0 failed so far
[OUTPUT] 2026-07-13T14:58:36.452092 skip_listing [train]:   186,000/262,500 checked (71%)  —  168907 checks/s  —  ETA 0s  —  0 failed so far
[OUTPUT] 2026-07-13T14:58:36.454787 skip_listing [train]:   186,500/262,500 checked (71%)  —  168948 checks/s  —  ETA 0s  —  0 failed so far
[OUTPUT] 2026-07-13T14:58:36.458185 skip_listing [train]:   187,000/262,500 checked (71%)  —  168881 checks/s  —  ETA 0s  —  0 failed so far
[OUTPUT] 2026-07-13T14:58:36.461281 skip_listing [train]:   187,500/262,500 checked (71%)  —  168860 checks/s  —  ETA 0s  —  0 failed so far
[OUTPUT] 2026-07-13T14:58:36.464423 skip_listing [train]:   188,000/262,500 checked (72%)  —  168833 checks/s  —  ETA 0s  —  0 failed so far
[OUTPUT] 2026-07-13T14:58:36.466932 skip_listing [train]:   188,500/262,500 checked (72%)  —  168901 checks/s  —  ETA 0s  —  0 failed so far
[OUTPUT] 2026-07-13T14:58:36.469270 skip_listing [train]:   189,000/262,500 checked (72%)  —  168995 checks/s  —  ETA 0s  —  0 failed so far
[OUTPUT] 2026-07-13T14:58:36.472357 skip_listing [train]:   189,500/262,500 checked (72%)  —  168976 checks/s  —  ETA 0s  —  0 failed so far
[OUTPUT] 2026-07-13T14:58:36.475210 skip_listing [train]:   190,000/262,500 checked (72%)  —  168992 checks/s  —  ETA 0s  —  0 failed so far
[OUTPUT] 2026-07-13T14:58:36.478755 skip_listing [train]:   190,500/262,500 checked (73%)  —  168904 checks/s  —  ETA 0s  —  0 failed so far
[OUTPUT] 2026-07-13T14:58:36.480908 skip_listing [train]:   191,000/262,500 checked (73%)  —  169024 checks/s  —  ETA 0s  —  0 failed so far
[OUTPUT] 2026-07-13T14:58:36.483619 skip_listing [train]:   191,500/262,500 checked (73%)  —  169061 checks/s  —  ETA 0s  —  0 failed so far
[OUTPUT] 2026-07-13T14:58:36.486999 skip_listing [train]:   192,000/262,500 checked (73%)  —  168999 checks/s  —  ETA 0s  —  0 failed so far
[OUTPUT] 2026-07-13T14:58:36.490833 skip_listing [train]:   192,500/262,500 checked (73%)  —  168869 checks/s  —  ETA 0s  —  0 failed so far
[OUTPUT] 2026-07-13T14:58:36.494021 skip_listing [train]:   193,000/262,500 checked (74%)  —  168835 checks/s  —  ETA 0s  —  0 failed so far
[OUTPUT] 2026-07-13T14:58:36.497038 skip_listing [train]:   193,500/262,500 checked (74%)  —  168827 checks/s  —  ETA 0s  —  0 failed so far
[OUTPUT] 2026-07-13T14:58:36.499856 skip_listing [train]:   194,000/262,500 checked (74%)  —  168848 checks/s  —  ETA 0s  —  0 failed so far
[OUTPUT] 2026-07-13T14:58:36.502921 skip_listing [train]:   194,500/262,500 checked (74%)  —  168833 checks/s  —  ETA 0s  —  0 failed so far
[OUTPUT] 2026-07-13T14:58:36.505796 skip_listing [train]:   195,000/262,500 checked (74%)  —  168846 checks/s  —  ETA 0s  —  0 failed so far
[OUTPUT] 2026-07-13T14:58:36.508953 skip_listing [train]:   195,500/262,500 checked (74%)  —  168817 checks/s  —  ETA 0s  —  0 failed so far
[OUTPUT] 2026-07-13T14:58:36.511628 skip_listing [train]:   196,000/262,500 checked (75%)  —  168859 checks/s  —  ETA 0s  —  0 failed so far
[OUTPUT] 2026-07-13T14:58:36.514433 skip_listing [train]:   196,500/262,500 checked (75%)  —  168881 checks/s  —  ETA 0s  —  0 failed so far
[OUTPUT] 2026-07-13T14:58:36.517444 skip_listing [train]:   197,000/262,500 checked (75%)  —  168874 checks/s  —  ETA 0s  —  0 failed so far
[OUTPUT] 2026-07-13T14:58:36.520708 skip_listing [train]:   197,500/262,500 checked (75%)  —  168830 checks/s  —  ETA 0s  —  0 failed so far
[OUTPUT] 2026-07-13T14:58:36.523033 skip_listing [train]:   198,000/262,500 checked (75%)  —  168922 checks/s  —  ETA 0s  —  0 failed so far
[OUTPUT] 2026-07-13T14:58:36.526280 skip_listing [train]:   198,500/262,500 checked (76%)  —  168881 checks/s  —  ETA 0s  —  0 failed so far
[OUTPUT] 2026-07-13T14:58:36.528746 skip_listing [train]:   199,000/262,500 checked (76%)  —  168952 checks/s  —  ETA 0s  —  0 failed so far
[OUTPUT] 2026-07-13T14:58:36.531767 skip_listing [train]:   199,500/262,500 checked (76%)  —  168943 checks/s  —  ETA 0s  —  0 failed so far
[OUTPUT] 2026-07-13T14:58:36.534119 skip_listing [train]:   200,000/262,500 checked (76%)  —  169030 checks/s  —  ETA 0s  —  0 failed so far
[OUTPUT] 2026-07-13T14:58:36.537859 skip_listing [train]:   200,500/262,500 checked (76%)  —  168918 checks/s  —  ETA 0s  —  0 failed so far
[OUTPUT] 2026-07-13T14:58:36.540335 skip_listing [train]:   201,000/262,500 checked (77%)  —  168987 checks/s  —  ETA 0s  —  0 failed so far
[OUTPUT] 2026-07-13T14:58:36.543421 skip_listing [train]:   201,500/262,500 checked (77%)  —  168969 checks/s  —  ETA 0s  —  0 failed so far
[OUTPUT] 2026-07-13T14:58:36.547247 skip_listing [train]:   202,000/262,500 checked (77%)  —  168846 checks/s  —  ETA 0s  —  0 failed so far
[OUTPUT] 2026-07-13T14:58:36.549406 skip_listing [train]:   202,500/262,500 checked (77%)  —  168960 checks/s  —  ETA 0s  —  0 failed so far
[OUTPUT] 2026-07-13T14:58:36.553148 skip_listing [train]:   203,000/262,500 checked (77%)  —  168850 checks/s  —  ETA 0s  —  0 failed so far
[OUTPUT] 2026-07-13T14:58:36.555645 skip_listing [train]:   203,500/262,500 checked (78%)  —  168915 checks/s  —  ETA 0s  —  0 failed so far
[OUTPUT] 2026-07-13T14:58:36.560357 skip_listing [train]:   204,000/262,500 checked (78%)  —  168670 checks/s  —  ETA 0s  —  0 failed so far
[OUTPUT] 2026-07-13T14:58:36.563203 skip_listing [train]:   204,500/262,500 checked (78%)  —  168686 checks/s  —  ETA 0s  —  0 failed so far
[OUTPUT] 2026-07-13T14:58:36.565854 skip_listing [train]:   205,000/262,500 checked (78%)  —  168730 checks/s  —  ETA 0s  —  0 failed so far
[OUTPUT] 2026-07-13T14:58:36.568363 skip_listing [train]:   205,500/262,500 checked (78%)  —  168793 checks/s  —  ETA 0s  —  0 failed so far
[OUTPUT] 2026-07-13T14:58:36.571684 skip_listing [train]:   206,000/262,500 checked (78%)  —  168743 checks/s  —  ETA 0s  —  0 failed so far
[OUTPUT] 2026-07-13T14:58:36.574545 skip_listing [train]:   206,500/262,500 checked (79%)  —  168757 checks/s  —  ETA 0s  —  0 failed so far
[OUTPUT] 2026-07-13T14:58:36.577118 skip_listing [train]:   207,000/262,500 checked (79%)  —  168811 checks/s  —  ETA 0s  —  0 failed so far
[OUTPUT] 2026-07-13T14:58:36.581000 skip_listing [train]:   207,500/262,500 checked (79%)  —  168685 checks/s  —  ETA 0s  —  0 failed so far
[OUTPUT] 2026-07-13T14:58:36.583540 skip_listing [train]:   208,000/262,500 checked (79%)  —  168743 checks/s  —  ETA 0s  —  0 failed so far
[OUTPUT] 2026-07-13T14:58:36.586188 skip_listing [train]:   208,500/262,500 checked (79%)  —  168786 checks/s  —  ETA 0s  —  0 failed so far
[OUTPUT] 2026-07-13T14:58:36.589022 skip_listing [train]:   209,000/262,500 checked (80%)  —  168803 checks/s  —  ETA 0s  —  0 failed so far
[OUTPUT] 2026-07-13T14:58:36.591838 skip_listing [train]:   209,500/262,500 checked (80%)  —  168823 checks/s  —  ETA 0s  —  0 failed so far
[OUTPUT] 2026-07-13T14:58:36.594538 skip_listing [train]:   210,000/262,500 checked (80%)  —  168859 checks/s  —  ETA 0s  —  0 failed so far
[OUTPUT] 2026-07-13T14:58:36.597929 skip_listing [train]:   210,500/262,500 checked (80%)  —  168800 checks/s  —  ETA 0s  —  0 failed so far
[OUTPUT] 2026-07-13T14:58:36.600779 skip_listing [train]:   211,000/262,500 checked (80%)  —  168816 checks/s  —  ETA 0s  —  0 failed so far
[OUTPUT] 2026-07-13T14:58:36.603584 skip_listing [train]:   211,500/262,500 checked (81%)  —  168837 checks/s  —  ETA 0s  —  0 failed so far
[OUTPUT] 2026-07-13T14:58:36.606290 skip_listing [train]:   212,000/262,500 checked (81%)  —  168871 checks/s  —  ETA 0s  —  0 failed so far
[OUTPUT] 2026-07-13T14:58:36.608990 skip_listing [train]:   212,500/262,500 checked (81%)  —  168906 checks/s  —  ETA 0s  —  0 failed so far
[OUTPUT] 2026-07-13T14:58:36.611339 skip_listing [train]:   213,000/262,500 checked (81%)  —  168988 checks/s  —  ETA 0s  —  0 failed so far
[OUTPUT] 2026-07-13T14:58:36.614671 skip_listing [train]:   213,500/262,500 checked (81%)  —  168938 checks/s  —  ETA 0s  —  0 failed so far
[OUTPUT] 2026-07-13T14:58:36.617491 skip_listing [train]:   214,000/262,500 checked (82%)  —  168957 checks/s  —  ETA 0s  —  0 failed so far
[OUTPUT] 2026-07-13T14:58:36.619799 skip_listing [train]:   214,500/262,500 checked (82%)  —  169043 checks/s  —  ETA 0s  —  0 failed so far
[OUTPUT] 2026-07-13T14:58:36.623136 skip_listing [train]:   215,000/262,500 checked (82%)  —  168993 checks/s  —  ETA 0s  —  0 failed so far
[OUTPUT] 2026-07-13T14:58:36.626458 skip_listing [train]:   215,500/262,500 checked (82%)  —  168945 checks/s  —  ETA 0s  —  0 failed so far
[OUTPUT] 2026-07-13T14:58:36.629419 skip_listing [train]:   216,000/262,500 checked (82%)  —  168945 checks/s  —  ETA 0s  —  0 failed so far
[OUTPUT] 2026-07-13T14:58:36.632642 skip_listing [train]:   216,500/262,500 checked (82%)  —  168910 checks/s  —  ETA 0s  —  0 failed so far
[OUTPUT] 2026-07-13T14:58:36.635356 skip_listing [train]:   217,000/262,500 checked (83%)  —  168942 checks/s  —  ETA 0s  —  0 failed so far
[OUTPUT] 2026-07-13T14:58:36.638436 skip_listing [train]:   217,500/262,500 checked (83%)  —  168927 checks/s  —  ETA 0s  —  0 failed so far
[OUTPUT] 2026-07-13T14:58:36.641143 skip_listing [train]:   218,000/262,500 checked (83%)  —  168960 checks/s  —  ETA 0s  —  0 failed so far
[OUTPUT] 2026-07-13T14:58:36.643702 skip_listing [train]:   218,500/262,500 checked (83%)  —  169012 checks/s  —  ETA 0s  —  0 failed so far
[OUTPUT] 2026-07-13T14:58:36.645675 skip_listing [train]:   219,000/262,500 checked (83%)  —  169141 checks/s  —  ETA 0s  —  0 failed so far
[OUTPUT] 2026-07-13T14:58:36.649410 skip_listing [train]:   219,500/262,500 checked (84%)  —  169039 checks/s  —  ETA 0s  —  0 failed so far
[OUTPUT] 2026-07-13T14:58:36.652146 skip_listing [train]:   220,000/262,500 checked (84%)  —  169068 checks/s  —  ETA 0s  —  0 failed so far
[OUTPUT] 2026-07-13T14:58:36.654479 skip_listing [train]:   220,500/262,500 checked (84%)  —  169149 checks/s  —  ETA 0s  —  0 failed so far
[OUTPUT] 2026-07-13T14:58:36.656864 skip_listing [train]:   221,000/262,500 checked (84%)  —  169223 checks/s  —  ETA 0s  —  0 failed so far
[OUTPUT] 2026-07-13T14:58:36.659551 skip_listing [train]:   221,500/262,500 checked (84%)  —  169258 checks/s  —  ETA 0s  —  0 failed so far
[OUTPUT] 2026-07-13T14:58:36.662370 skip_listing [train]:   222,000/262,500 checked (85%)  —  169275 checks/s  —  ETA 0s  —  0 failed so far
[OUTPUT] 2026-07-13T14:58:36.665192 skip_listing [train]:   222,500/262,500 checked (85%)  —  169292 checks/s  —  ETA 0s  —  0 failed so far
[OUTPUT] 2026-07-13T14:58:36.667913 skip_listing [train]:   223,000/262,500 checked (85%)  —  169322 checks/s  —  ETA 0s  —  0 failed so far
[OUTPUT] 2026-07-13T14:58:36.670897 skip_listing [train]:   223,500/262,500 checked (85%)  —  169318 checks/s  —  ETA 0s  —  0 failed so far
[OUTPUT] 2026-07-13T14:58:36.673941 skip_listing [train]:   224,000/262,500 checked (85%)  —  169306 checks/s  —  ETA 0s  —  0 failed so far
[OUTPUT] 2026-07-13T14:58:36.676823 skip_listing [train]:   224,500/262,500 checked (86%)  —  169315 checks/s  —  ETA 0s  —  0 failed so far
[OUTPUT] 2026-07-13T14:58:36.679850 skip_listing [train]:   225,000/262,500 checked (86%)  —  169306 checks/s  —  ETA 0s  —  0 failed so far
[OUTPUT] 2026-07-13T14:58:36.682952 skip_listing [train]:   225,500/262,500 checked (86%)  —  169287 checks/s  —  ETA 0s  —  0 failed so far
[OUTPUT] 2026-07-13T14:58:36.686206 skip_listing [train]:   226,000/262,500 checked (86%)  —  169249 checks/s  —  ETA 0s  —  0 failed so far
[OUTPUT] 2026-07-13T14:58:36.689211 skip_listing [train]:   226,500/262,500 checked (86%)  —  169242 checks/s  —  ETA 0s  —  0 failed so far
[OUTPUT] 2026-07-13T14:58:36.691550 skip_listing [train]:   227,000/262,500 checked (86%)  —  169320 checks/s  —  ETA 0s  —  0 failed so far
[OUTPUT] 2026-07-13T14:58:36.693867 skip_listing [train]:   227,500/262,500 checked (87%)  —  169400 checks/s  —  ETA 0s  —  0 failed so far
[OUTPUT] 2026-07-13T14:58:36.696749 skip_listing [train]:   228,000/262,500 checked (87%)  —  169409 checks/s  —  ETA 0s  —  0 failed so far
[OUTPUT] 2026-07-13T14:58:36.699834 skip_listing [train]:   228,500/262,500 checked (87%)  —  169392 checks/s  —  ETA 0s  —  0 failed so far
[OUTPUT] 2026-07-13T14:58:36.703315 skip_listing [train]:   229,000/262,500 checked (87%)  —  169326 checks/s  —  ETA 0s  —  0 failed so far
[OUTPUT] 2026-07-13T14:58:36.706057 skip_listing [train]:   229,500/262,500 checked (87%)  —  169352 checks/s  —  ETA 0s  —  0 failed so far
[OUTPUT] 2026-07-13T14:58:36.708900 skip_listing [train]:   230,000/262,500 checked (88%)  —  169366 checks/s  —  ETA 0s  —  0 failed so far
[OUTPUT] 2026-07-13T14:58:36.711756 skip_listing [train]:   230,500/262,500 checked (88%)  —  169378 checks/s  —  ETA 0s  —  0 failed so far
[OUTPUT] 2026-07-13T14:58:36.714894 skip_listing [train]:   231,000/262,500 checked (88%)  —  169355 checks/s  —  ETA 0s  —  0 failed so far
[OUTPUT] 2026-07-13T14:58:36.717117 skip_listing [train]:   231,500/262,500 checked (88%)  —  169445 checks/s  —  ETA 0s  —  0 failed so far
[OUTPUT] 2026-07-13T14:58:36.719821 skip_listing [train]:   232,000/262,500 checked (88%)  —  169476 checks/s  —  ETA 0s  —  0 failed so far
[OUTPUT] 2026-07-13T14:58:36.722695 skip_listing [train]:   232,500/262,500 checked (89%)  —  169485 checks/s  —  ETA 0s  —  0 failed so far
[OUTPUT] 2026-07-13T14:58:36.725511 skip_listing [train]:   233,000/262,500 checked (89%)  —  169502 checks/s  —  ETA 0s  —  0 failed so far
[OUTPUT] 2026-07-13T14:58:36.728061 skip_listing [train]:   233,500/262,500 checked (89%)  —  169551 checks/s  —  ETA 0s  —  0 failed so far
[OUTPUT] 2026-07-13T14:58:36.732251 skip_listing [train]:   234,000/262,500 checked (89%)  —  169399 checks/s  —  ETA 0s  —  0 failed so far
[OUTPUT] 2026-07-13T14:58:36.734935 skip_listing [train]:   234,500/262,500 checked (89%)  —  169431 checks/s  —  ETA 0s  —  0 failed so far
[OUTPUT] 2026-07-13T14:58:36.736906 skip_listing [train]:   235,000/262,500 checked (90%)  —  169551 checks/s  —  ETA 0s  —  0 failed so far
[OUTPUT] 2026-07-13T14:58:36.740392 skip_listing [train]:   235,500/262,500 checked (90%)  —  169486 checks/s  —  ETA 0s  —  0 failed so far
[OUTPUT] 2026-07-13T14:58:36.744063 skip_listing [train]:   236,000/262,500 checked (90%)  —  169398 checks/s  —  ETA 0s  —  0 failed so far
[OUTPUT] 2026-07-13T14:58:36.746280 skip_listing [train]:   236,500/262,500 checked (90%)  —  169487 checks/s  —  ETA 0s  —  0 failed so far
[OUTPUT] 2026-07-13T14:58:36.749435 skip_listing [train]:   237,000/262,500 checked (90%)  —  169462 checks/s  —  ETA 0s  —  0 failed so far
[OUTPUT] 2026-07-13T14:58:36.752435 skip_listing [train]:   237,500/262,500 checked (90%)  —  169456 checks/s  —  ETA 0s  —  0 failed so far
[OUTPUT] 2026-07-13T14:58:36.755982 skip_listing [train]:   238,000/262,500 checked (91%)  —  169384 checks/s  —  ETA 0s  —  0 failed so far
[OUTPUT] 2026-07-13T14:58:36.759205 skip_listing [train]:   238,500/262,500 checked (91%)  —  169352 checks/s  —  ETA 0s  —  0 failed so far
[OUTPUT] 2026-07-13T14:58:36.762379 skip_listing [train]:   239,000/262,500 checked (91%)  —  169325 checks/s  —  ETA 0s  —  0 failed so far
[OUTPUT] 2026-07-13T14:58:36.765723 skip_listing [train]:   239,500/262,500 checked (91%)  —  169278 checks/s  —  ETA 0s  —  0 failed so far
[OUTPUT] 2026-07-13T14:58:36.767891 skip_listing [train]:   240,000/262,500 checked (91%)  —  169372 checks/s  —  ETA 0s  —  0 failed so far
[OUTPUT] 2026-07-13T14:58:36.770377 skip_listing [train]:   240,500/262,500 checked (92%)  —  169428 checks/s  —  ETA 0s  —  0 failed so far
[OUTPUT] 2026-07-13T14:58:36.773562 skip_listing [train]:   241,000/262,500 checked (92%)  —  169400 checks/s  —  ETA 0s  —  0 failed so far
[OUTPUT] 2026-07-13T14:58:36.776523 skip_listing [train]:   241,500/262,500 checked (92%)  —  169399 checks/s  —  ETA 0s  —  0 failed so far
[OUTPUT] 2026-07-13T14:58:36.778491 skip_listing [train]:   242,000/262,500 checked (92%)  —  169516 checks/s  —  ETA 0s  —  0 failed so far
[OUTPUT] 2026-07-13T14:58:36.781655 skip_listing [train]:   242,500/262,500 checked (92%)  —  169490 checks/s  —  ETA 0s  —  0 failed so far
[OUTPUT] 2026-07-13T14:58:36.785407 skip_listing [train]:   243,000/262,500 checked (93%)  —  169395 checks/s  —  ETA 0s  —  0 failed so far
[OUTPUT] 2026-07-13T14:58:36.788467 skip_listing [train]:   243,500/262,500 checked (93%)  —  169383 checks/s  —  ETA 0s  —  0 failed so far
[OUTPUT] 2026-07-13T14:58:36.790607 skip_listing [train]:   244,000/262,500 checked (93%)  —  169478 checks/s  —  ETA 0s  —  0 failed so far
[OUTPUT] 2026-07-13T14:58:36.793326 skip_listing [train]:   244,500/262,500 checked (93%)  —  169505 checks/s  —  ETA 0s  —  0 failed so far
[OUTPUT] 2026-07-13T14:58:36.795688 skip_listing [train]:   245,000/262,500 checked (93%)  —  169574 checks/s  —  ETA 0s  —  0 failed so far
[OUTPUT] 2026-07-13T14:58:36.797835 skip_listing [train]:   245,500/262,500 checked (94%)  —  169668 checks/s  —  ETA 0s  —  0 failed so far
[OUTPUT] 2026-07-13T14:58:36.800211 skip_listing [train]:   246,000/262,500 checked (94%)  —  169735 checks/s  —  ETA 0s  —  0 failed so far
[OUTPUT] 2026-07-13T14:58:36.802397 skip_listing [train]:   246,500/262,500 checked (94%)  —  169824 checks/s  —  ETA 0s  —  0 failed so far
[OUTPUT] 2026-07-13T14:58:36.804378 skip_listing [train]:   247,000/262,500 checked (94%)  —  169937 checks/s  —  ETA 0s  —  0 failed so far
[OUTPUT] 2026-07-13T14:58:36.807516 skip_listing [train]:   247,500/262,500 checked (94%)  —  169914 checks/s  —  ETA 0s  —  0 failed so far
[OUTPUT] 2026-07-13T14:58:36.809673 skip_listing [train]:   248,000/262,500 checked (94%)  —  170005 checks/s  —  ETA 0s  —  0 failed so far
[OUTPUT] 2026-07-13T14:58:36.811900 skip_listing [train]:   248,500/262,500 checked (95%)  —  170088 checks/s  —  ETA 0s  —  0 failed so far
[OUTPUT] 2026-07-13T14:58:36.814244 skip_listing [train]:   249,000/262,500 checked (95%)  —  170158 checks/s  —  ETA 0s  —  0 failed so far
[OUTPUT] 2026-07-13T14:58:36.817637 skip_listing [train]:   249,500/262,500 checked (95%)  —  170105 checks/s  —  ETA 0s  —  0 failed so far
[OUTPUT] 2026-07-13T14:58:36.820530 skip_listing [train]:   250,000/262,500 checked (95%)  —  170110 checks/s  —  ETA 0s  —  0 failed so far
[OUTPUT] 2026-07-13T14:58:36.823604 skip_listing [train]:   250,500/262,500 checked (95%)  —  170095 checks/s  —  ETA 0s  —  0 failed so far
[OUTPUT] 2026-07-13T14:58:36.825768 skip_listing [train]:   251,000/262,500 checked (96%)  —  170184 checks/s  —  ETA 0s  —  0 failed so far
[OUTPUT] 2026-07-13T14:58:36.829210 skip_listing [train]:   251,500/262,500 checked (96%)  —  170126 checks/s  —  ETA 0s  —  0 failed so far
[OUTPUT] 2026-07-13T14:58:36.831960 skip_listing [train]:   252,000/262,500 checked (96%)  —  170148 checks/s  —  ETA 0s  —  0 failed so far
[OUTPUT] 2026-07-13T14:58:36.835271 skip_listing [train]:   252,500/262,500 checked (96%)  —  170105 checks/s  —  ETA 0s  —  0 failed so far
[OUTPUT] 2026-07-13T14:58:36.838385 skip_listing [train]:   253,000/262,500 checked (96%)  —  170085 checks/s  —  ETA 0s  —  0 failed so far
[OUTPUT] 2026-07-13T14:58:36.841348 skip_listing [train]:   253,500/262,500 checked (97%)  —  170082 checks/s  —  ETA 0s  —  0 failed so far
[OUTPUT] 2026-07-13T14:58:36.843865 skip_listing [train]:   254,000/262,500 checked (97%)  —  170131 checks/s  —  ETA 0s  —  0 failed so far
[OUTPUT] 2026-07-13T14:58:36.846159 skip_listing [train]:   254,500/262,500 checked (97%)  —  170204 checks/s  —  ETA 0s  —  0 failed so far
[OUTPUT] 2026-07-13T14:58:36.848132 skip_listing [train]:   255,000/262,500 checked (97%)  —  170314 checks/s  —  ETA 0s  —  0 failed so far
[OUTPUT] 2026-07-13T14:58:36.851007 skip_listing [train]:   255,500/262,500 checked (97%)  —  170321 checks/s  —  ETA 0s  —  0 failed so far
[OUTPUT] 2026-07-13T14:58:36.854183 skip_listing [train]:   256,000/262,500 checked (98%)  —  170293 checks/s  —  ETA 0s  —  0 failed so far
[OUTPUT] 2026-07-13T14:58:36.857586 skip_listing [train]:   256,500/262,500 checked (98%)  —  170241 checks/s  —  ETA 0s  —  0 failed so far
[OUTPUT] 2026-07-13T14:58:36.859557 skip_listing [train]:   257,000/262,500 checked (98%)  —  170350 checks/s  —  ETA 0s  —  0 failed so far
[OUTPUT] 2026-07-13T14:58:36.862126 skip_listing [train]:   257,500/262,500 checked (98%)  —  170391 checks/s  —  ETA 0s  —  0 failed so far
[OUTPUT] 2026-07-13T14:58:36.865412 skip_listing [train]:   258,000/262,500 checked (98%)  —  170351 checks/s  —  ETA 0s  —  0 failed so far
[OUTPUT] 2026-07-13T14:58:36.867733 skip_listing [train]:   258,500/262,500 checked (98%)  —  170420 checks/s  —  ETA 0s  —  0 failed so far
[OUTPUT] 2026-07-13T14:58:36.871013 skip_listing [train]:   259,000/262,500 checked (99%)  —  170382 checks/s  —  ETA 0s  —  0 failed so far
[OUTPUT] 2026-07-13T14:58:36.873171 skip_listing [train]:   259,500/262,500 checked (99%)  —  170468 checks/s  —  ETA 0s  —  0 failed so far
[OUTPUT] 2026-07-13T14:58:36.875861 skip_listing [train]:   260,000/262,500 checked (99%)  —  170496 checks/s  —  ETA 0s  —  0 failed so far
[OUTPUT] 2026-07-13T14:58:36.878421 skip_listing [train]:   260,500/262,500 checked (99%)  —  170537 checks/s  —  ETA 0s  —  0 failed so far
[OUTPUT] 2026-07-13T14:58:36.881935 skip_listing [train]:   261,000/262,500 checked (99%)  —  170472 checks/s  —  ETA 0s  —  0 failed so far
[OUTPUT] 2026-07-13T14:58:36.885350 skip_listing [train]:   261,500/262,500 checked (100%)  —  170419 checks/s  —  ETA 0s  —  0 failed so far
[OUTPUT] 2026-07-13T14:58:36.889358 skip_listing [train]:   262,000/262,500 checked (100%)  —  170300 checks/s  —  ETA 0s  —  0 failed so far
[OUTPUT] 2026-07-13T14:58:36.893073 skip_listing [train]: validation complete — all 262,500 samples exist (1.5s, 170214 checks/s); 4,375 URIs ready for rank 0 (262,500 total across all ranks)
[OUTPUT] 2026-07-13T14:58:36.893120 File listing [train]: 262500 files discovered, 4375 assigned to rank 0, completed in 1.56s
[OUTPUT] 2026-07-13T14:58:36.893141 skip_listing [valid]: generated 0 file URIs deterministically (0 total — validation disabled)
[OUTPUT] 2026-07-13T14:58:36.893156 File listing [valid]: 0 files discovered, 0 assigned to rank 0, completed in 0.00s
[OUTPUT] 2026-07-13T14:58:36.893167 Streamed file sharding: 262500 train files across 60 ranks via round-robin (rank 0 shard: 4375 files)
[OUTPUT] 2026-07-13T14:58:46.352799 Max steps per epoch per rank: 37500 = 1 * 262500 / 7 (samples per file * local files / batch size)
[OUTPUT] 2026-07-13T14:58:46.464773 Reshard for epoch 1: 4375 train files, 0 eval files redistributed via alltoall in 0.11s
[OUTPUT] 2026-07-13T14:58:47.218658 Worker pre-warm complete (2 workers spawned)
[OUTPUT] 2026-07-13T14:58:47.563511 Starting epoch 1: 625 steps expected
[OUTPUT] 2026-07-13T14:58:47.563821 Starting block 1
[OUTPUT] 2026-07-13T15:00:38.633641 Ending block 1 - 625 steps completed in 111.07 s
[OUTPUT] 2026-07-13T15:00:38.635591 Epoch 1 - Block 1 [Training] Accelerator Utilization [AU] (%): 91.5729
[OUTPUT] 2026-07-13T15:00:38.635621 Epoch 1 - Block 1 [Training] Throughput (samples/second): 2372.7413
[OUTPUT] 2026-07-13T15:00:38.636039 Epoch 1 - Block 1 [Training] Computation time per step (second): 0.1621+/-0.0000 (set value: {'mean': 0.162})
[OUTPUT] 2026-07-13T15:00:38.671686 Ending epoch 1 - 625 steps completed in 111.11 s
[OUTPUT] 2026-07-13T15:00:38.732246 Reshard for epoch 2: 4375 train files, 0 eval files redistributed via alltoall in 0.06s
[OUTPUT] 2026-07-13T15:00:39.332825 Worker pre-warm complete for epoch 2 (2 workers spawned)
[OUTPUT] 2026-07-13T15:00:40.304728 Starting epoch 2: 625 steps expected
[OUTPUT] 2026-07-13T15:00:40.305022 Starting block 1
[OUTPUT] 2026-07-13T15:02:31.724111 Ending block 1 - 625 steps completed in 111.42 s
[OUTPUT] 2026-07-13T15:02:31.725171 Epoch 2 - Block 1 [Training] Accelerator Utilization [AU] (%): 91.2787
[OUTPUT] 2026-07-13T15:02:31.725201 Epoch 2 - Block 1 [Training] Throughput (samples/second): 2365.1125
[OUTPUT] 2026-07-13T15:02:31.725323 Epoch 2 - Block 1 [Training] Computation time per step (second): 0.1621+/-0.0000 (set value: {'mean': 0.162})
[OUTPUT] 2026-07-13T15:02:31.733307 Ending epoch 2 - 625 steps completed in 111.43 s
[OUTPUT] 2026-07-13T15:02:31.793685 Reshard for epoch 3: 4375 train files, 0 eval files redistributed via alltoall in 0.06s
[OUTPUT] 2026-07-13T15:02:32.398091 Worker pre-warm complete for epoch 3 (2 workers spawned)
[OUTPUT] 2026-07-13T15:02:33.457627 Starting epoch 3: 625 steps expected
[OUTPUT] 2026-07-13T15:02:33.457832 Starting block 1
[OUTPUT] 2026-07-13T15:04:25.186386 Ending block 1 - 625 steps completed in 111.73 s
[OUTPUT] 2026-07-13T15:04:25.187471 Epoch 3 - Block 1 [Training] Accelerator Utilization [AU] (%): 91.0684
[OUTPUT] 2026-07-13T15:04:25.187502 Epoch 3 - Block 1 [Training] Throughput (samples/second): 2359.5968
[OUTPUT] 2026-07-13T15:04:25.187619 Epoch 3 - Block 1 [Training] Computation time per step (second): 0.1621+/-0.0000 (set value: {'mean': 0.162})
[OUTPUT] 2026-07-13T15:04:25.197924 Ending epoch 3 - 625 steps completed in 111.74 s
[OUTPUT] 2026-07-13T15:04:25.259197 Reshard for epoch 4: 4375 train files, 0 eval files redistributed via alltoall in 0.06s
[OUTPUT] 2026-07-13T15:04:25.810254 Worker pre-warm complete for epoch 4 (2 workers spawned)
[OUTPUT] 2026-07-13T15:04:26.762208 Starting epoch 4: 625 steps expected
[OUTPUT] 2026-07-13T15:04:26.762430 Starting block 1
[OUTPUT] 2026-07-13T15:06:18.265545 Ending block 1 - 625 steps completed in 111.50 s
[OUTPUT] 2026-07-13T15:06:18.266679 Epoch 4 - Block 1 [Training] Accelerator Utilization [AU] (%): 91.2809
[OUTPUT] 2026-07-13T15:06:18.266708 Epoch 4 - Block 1 [Training] Throughput (samples/second): 2365.1452
[OUTPUT] 2026-07-13T15:06:18.266827 Epoch 4 - Block 1 [Training] Computation time per step (second): 0.1621+/-0.0000 (set value: {'mean': 0.162})
[OUTPUT] 2026-07-13T15:06:18.277241 Ending epoch 4 - 625 steps completed in 111.52 s
[OUTPUT] 2026-07-13T15:06:18.339025 Reshard for epoch 5: 4375 train files, 0 eval files redistributed via alltoall in 0.06s
[OUTPUT] 2026-07-13T15:06:18.956893 Worker pre-warm complete for epoch 5 (2 workers spawned)
[OUTPUT] 2026-07-13T15:06:20.012055 Starting epoch 5: 625 steps expected
[OUTPUT] 2026-07-13T15:06:20.012358 Starting block 1
[OUTPUT] 2026-07-13T15:08:11.250207 Ending block 1 - 625 steps completed in 111.24 s
[OUTPUT] 2026-07-13T15:08:11.251370 Epoch 5 - Block 1 [Training] Accelerator Utilization [AU] (%): 91.4091
[OUTPUT] 2026-07-13T15:08:11.251400 Epoch 5 - Block 1 [Training] Throughput (samples/second): 2368.4831
[OUTPUT] 2026-07-13T15:08:11.251520 Epoch 5 - Block 1 [Training] Computation time per step (second): 0.1621+/-0.0000 (set value: {'mean': 0.162})
[OUTPUT] 2026-07-13T15:08:11.257893 Ending epoch 5 - 625 steps completed in 111.25 s
[OUTPUT] 2026-07-13T15:08:11.319191 Reshard for epoch 6: 4375 train files, 0 eval files redistributed via alltoall in 0.06s
[OUTPUT] 2026-07-13T15:08:11.915286 Worker pre-warm complete for epoch 6 (2 workers spawned)
[OUTPUT] 2026-07-13T15:08:11.926681 Saved outputs in /root/Suzhou_Zishan_Longlin/closed/Suzhou_Zishan_Longlin/results/GalaxSphere-3Tier0/training/unet3d/run/20260713_145811
[OUTPUT] Averaged metric over all steps/epochs
[METRIC] ==========================================================
[METRIC] Number of Simulated Accelerators: 60 
[METRIC] Training Accelerator Utilization [AU] (%): 91.3030 (0.1821)
[METRIC] Training Throughput (samples/second): 2365.7570 (4.7165)
[METRIC] Training I/O Throughput (MiB/second): 330754.7257 (659.4130)
[METRIC] train_au_meet_expectation: success
[METRIC] ==========================================================

[OUTPUT] 2026-07-13T15:08:12.020873 outputs saved in RANKID_output.json
