[OUTPUT] [DEBUG DLIOBenchmark.__init__] After LoadConfig:
[OUTPUT]   storage_type   = <StorageType.LOCAL_FS: 'local_fs'>
[OUTPUT]   storage_root   = './'
[OUTPUT]   storage_options= None
[OUTPUT]   data_folder    = '/mnt/glfs/GalaxSphere-2Tier0/training/unet3d'
[OUTPUT]   framework      = <FrameworkType.PYTORCH: 'pytorch'>
[OUTPUT]   num_files_train= 196000
[OUTPUT]   record_length  = 146600628
[OUTPUT]   generate_data  = False
[OUTPUT]   do_train       = True
[OUTPUT]   do_checkpoint  = False
[OUTPUT]   epochs         = 5
[OUTPUT]   batch_size     = 7
[OUTPUT] 2026-07-13T12:18:06.602914 Running DLIO [Training] with 48 process(es)
[OUTPUT] 2026-07-13T12:18:06.626003 skip_listing [train]: validating 196,000 of 196,000 files (first, last, every 1) via HEAD requests ...
[OUTPUT] 2026-07-13T12:18:06.629588 skip_listing [train]:   500/196,000 checked (0%)  —  145818 checks/s  —  ETA 1s  —  0 failed so far
[OUTPUT] 2026-07-13T12:18:06.631682 skip_listing [train]:   1,000/196,000 checked (1%)  —  181023 checks/s  —  ETA 1s  —  0 failed so far
[OUTPUT] 2026-07-13T12:18:06.633737 skip_listing [train]:   1,500/196,000 checked (1%)  —  197869 checks/s  —  ETA 1s  —  0 failed so far
[OUTPUT] 2026-07-13T12:18:06.635782 skip_listing [train]:   2,000/196,000 checked (1%)  —  207773 checks/s  —  ETA 1s  —  0 failed so far
[OUTPUT] 2026-07-13T12:18:06.637824 skip_listing [train]:   2,500/196,000 checked (1%)  —  214262 checks/s  —  ETA 1s  —  0 failed so far
[OUTPUT] 2026-07-13T12:18:06.639861 skip_listing [train]:   3,000/196,000 checked (2%)  —  218913 checks/s  —  ETA 1s  —  0 failed so far
[OUTPUT] 2026-07-13T12:18:06.641903 skip_listing [train]:   3,500/196,000 checked (2%)  —  222277 checks/s  —  ETA 1s  —  0 failed so far
[OUTPUT] 2026-07-13T12:18:06.643936 skip_listing [train]:   4,000/196,000 checked (2%)  —  224977 checks/s  —  ETA 1s  —  0 failed so far
[OUTPUT] 2026-07-13T12:18:06.645966 skip_listing [train]:   4,500/196,000 checked (2%)  —  227169 checks/s  —  ETA 1s  —  0 failed so far
[OUTPUT] 2026-07-13T12:18:06.647996 skip_listing [train]:   5,000/196,000 checked (3%)  —  228947 checks/s  —  ETA 1s  —  0 failed so far
[OUTPUT] 2026-07-13T12:18:06.650022 skip_listing [train]:   5,500/196,000 checked (3%)  —  230463 checks/s  —  ETA 1s  —  0 failed so far
[OUTPUT] 2026-07-13T12:18:06.652033 skip_listing [train]:   6,000/196,000 checked (3%)  —  231868 checks/s  —  ETA 1s  —  0 failed so far
[OUTPUT] 2026-07-13T12:18:06.654054 skip_listing [train]:   6,500/196,000 checked (3%)  —  232993 checks/s  —  ETA 1s  —  0 failed so far
[OUTPUT] 2026-07-13T12:18:06.656075 skip_listing [train]:   7,000/196,000 checked (4%)  —  233969 checks/s  —  ETA 1s  —  0 failed so far
[OUTPUT] 2026-07-13T12:18:06.658091 skip_listing [train]:   7,500/196,000 checked (4%)  —  234857 checks/s  —  ETA 1s  —  0 failed so far
[OUTPUT] 2026-07-13T12:18:06.660104 skip_listing [train]:   8,000/196,000 checked (4%)  —  235657 checks/s  —  ETA 1s  —  0 failed so far
[OUTPUT] 2026-07-13T12:18:06.662115 skip_listing [train]:   8,500/196,000 checked (4%)  —  236380 checks/s  —  ETA 1s  —  0 failed so far
[OUTPUT] 2026-07-13T12:18:06.664129 skip_listing [train]:   9,000/196,000 checked (5%)  —  237011 checks/s  —  ETA 1s  —  0 failed so far
[OUTPUT] 2026-07-13T12:18:06.666141 skip_listing [train]:   9,500/196,000 checked (5%)  —  237589 checks/s  —  ETA 1s  —  0 failed so far
[OUTPUT] 2026-07-13T12:18:06.668155 skip_listing [train]:   10,000/196,000 checked (5%)  —  238104 checks/s  —  ETA 1s  —  0 failed so far
[OUTPUT] 2026-07-13T12:18:06.670160 skip_listing [train]:   10,500/196,000 checked (5%)  —  238619 checks/s  —  ETA 1s  —  0 failed so far
[OUTPUT] 2026-07-13T12:18:06.672170 skip_listing [train]:   11,000/196,000 checked (6%)  —  239061 checks/s  —  ETA 1s  —  0 failed so far
[OUTPUT] 2026-07-13T12:18:06.674180 skip_listing [train]:   11,500/196,000 checked (6%)  —  239467 checks/s  —  ETA 1s  —  0 failed so far
[OUTPUT] 2026-07-13T12:18:06.676195 skip_listing [train]:   12,000/196,000 checked (6%)  —  239813 checks/s  —  ETA 1s  —  0 failed so far
[OUTPUT] 2026-07-13T12:18:06.678213 skip_listing [train]:   12,500/196,000 checked (6%)  —  240123 checks/s  —  ETA 1s  —  0 failed so far
[OUTPUT] 2026-07-13T12:18:06.680226 skip_listing [train]:   13,000/196,000 checked (7%)  —  240429 checks/s  —  ETA 1s  —  0 failed so far
[OUTPUT] 2026-07-13T12:18:06.684318 skip_listing [train]:   13,500/196,000 checked (7%)  —  232115 checks/s  —  ETA 1s  —  0 failed so far
[OUTPUT] 2026-07-13T12:18:06.686337 skip_listing [train]:   14,000/196,000 checked (7%)  —  232635 checks/s  —  ETA 1s  —  0 failed so far
[OUTPUT] 2026-07-13T12:18:06.688350 skip_listing [train]:   14,500/196,000 checked (7%)  —  233144 checks/s  —  ETA 1s  —  0 failed so far
[OUTPUT] 2026-07-13T12:18:06.690363 skip_listing [train]:   15,000/196,000 checked (8%)  —  233621 checks/s  —  ETA 1s  —  0 failed so far
[OUTPUT] 2026-07-13T12:18:06.692380 skip_listing [train]:   15,500/196,000 checked (8%)  —  234057 checks/s  —  ETA 1s  —  0 failed so far
[OUTPUT] 2026-07-13T12:18:06.694398 skip_listing [train]:   16,000/196,000 checked (8%)  —  234460 checks/s  —  ETA 1s  —  0 failed so far
[OUTPUT] 2026-07-13T12:18:06.696419 skip_listing [train]:   16,500/196,000 checked (8%)  —  234834 checks/s  —  ETA 1s  —  0 failed so far
[OUTPUT] 2026-07-13T12:18:06.698444 skip_listing [train]:   17,000/196,000 checked (9%)  —  235173 checks/s  —  ETA 1s  —  0 failed so far
[OUTPUT] 2026-07-13T12:18:06.700464 skip_listing [train]:   17,500/196,000 checked (9%)  —  235508 checks/s  —  ETA 1s  —  0 failed so far
[OUTPUT] 2026-07-13T12:18:06.702485 skip_listing [train]:   18,000/196,000 checked (9%)  —  235822 checks/s  —  ETA 1s  —  0 failed so far
[OUTPUT] 2026-07-13T12:18:06.704509 skip_listing [train]:   18,500/196,000 checked (9%)  —  236112 checks/s  —  ETA 1s  —  0 failed so far
[OUTPUT] 2026-07-13T12:18:06.706535 skip_listing [train]:   19,000/196,000 checked (10%)  —  236383 checks/s  —  ETA 1s  —  0 failed so far
[OUTPUT] 2026-07-13T12:18:06.708558 skip_listing [train]:   19,500/196,000 checked (10%)  —  236645 checks/s  —  ETA 1s  —  0 failed so far
[OUTPUT] 2026-07-13T12:18:06.711493 skip_listing [train]:   20,000/196,000 checked (10%)  —  234365 checks/s  —  ETA 1s  —  0 failed so far
[OUTPUT] 2026-07-13T12:18:06.713512 skip_listing [train]:   20,500/196,000 checked (10%)  —  234674 checks/s  —  ETA 1s  —  0 failed so far
[OUTPUT] 2026-07-13T12:18:06.715526 skip_listing [train]:   21,000/196,000 checked (11%)  —  234981 checks/s  —  ETA 1s  —  0 failed so far
[OUTPUT] 2026-07-13T12:18:06.717541 skip_listing [train]:   21,500/196,000 checked (11%)  —  235269 checks/s  —  ETA 1s  —  0 failed so far
[OUTPUT] 2026-07-13T12:18:06.719561 skip_listing [train]:   22,000/196,000 checked (11%)  —  235535 checks/s  —  ETA 1s  —  0 failed so far
[OUTPUT] 2026-07-13T12:18:06.721580 skip_listing [train]:   22,500/196,000 checked (11%)  —  235790 checks/s  —  ETA 1s  —  0 failed so far
[OUTPUT] 2026-07-13T12:18:06.723596 skip_listing [train]:   23,000/196,000 checked (12%)  —  236043 checks/s  —  ETA 1s  —  0 failed so far
[OUTPUT] 2026-07-13T12:18:06.725615 skip_listing [train]:   23,500/196,000 checked (12%)  —  236279 checks/s  —  ETA 1s  —  0 failed so far
[OUTPUT] 2026-07-13T12:18:06.727629 skip_listing [train]:   24,000/196,000 checked (12%)  —  236516 checks/s  —  ETA 1s  —  0 failed so far
[OUTPUT] 2026-07-13T12:18:06.729647 skip_listing [train]:   24,500/196,000 checked (12%)  —  236736 checks/s  —  ETA 1s  —  0 failed so far
[OUTPUT] 2026-07-13T12:18:06.731667 skip_listing [train]:   25,000/196,000 checked (13%)  —  236943 checks/s  —  ETA 1s  —  0 failed so far
[OUTPUT] 2026-07-13T12:18:06.733690 skip_listing [train]:   25,500/196,000 checked (13%)  —  237136 checks/s  —  ETA 1s  —  0 failed so far
[OUTPUT] 2026-07-13T12:18:06.735713 skip_listing [train]:   26,000/196,000 checked (13%)  —  237321 checks/s  —  ETA 1s  —  0 failed so far
[OUTPUT] 2026-07-13T12:18:06.737726 skip_listing [train]:   26,500/196,000 checked (14%)  —  237520 checks/s  —  ETA 1s  —  0 failed so far
[OUTPUT] 2026-07-13T12:18:06.739743 skip_listing [train]:   27,000/196,000 checked (14%)  —  237704 checks/s  —  ETA 1s  —  0 failed so far
[OUTPUT] 2026-07-13T12:18:06.741752 skip_listing [train]:   27,500/196,000 checked (14%)  —  237898 checks/s  —  ETA 1s  —  0 failed so far
[OUTPUT] 2026-07-13T12:18:06.743760 skip_listing [train]:   28,000/196,000 checked (14%)  —  238088 checks/s  —  ETA 1s  —  0 failed so far
[OUTPUT] 2026-07-13T12:18:06.745768 skip_listing [train]:   28,500/196,000 checked (15%)  —  238270 checks/s  —  ETA 1s  —  0 failed so far
[OUTPUT] 2026-07-13T12:18:06.747773 skip_listing [train]:   29,000/196,000 checked (15%)  —  238455 checks/s  —  ETA 1s  —  0 failed so far
[OUTPUT] 2026-07-13T12:18:06.749779 skip_listing [train]:   29,500/196,000 checked (15%)  —  238629 checks/s  —  ETA 1s  —  0 failed so far
[OUTPUT] 2026-07-13T12:18:06.751792 skip_listing [train]:   30,000/196,000 checked (15%)  —  238786 checks/s  —  ETA 1s  —  0 failed so far
[OUTPUT] 2026-07-13T12:18:06.753806 skip_listing [train]:   30,500/196,000 checked (16%)  —  238935 checks/s  —  ETA 1s  —  0 failed so far
[OUTPUT] 2026-07-13T12:18:06.755820 skip_listing [train]:   31,000/196,000 checked (16%)  —  239080 checks/s  —  ETA 1s  —  0 failed so far
[OUTPUT] 2026-07-13T12:18:06.757842 skip_listing [train]:   31,500/196,000 checked (16%)  —  239207 checks/s  —  ETA 1s  —  0 failed so far
[OUTPUT] 2026-07-13T12:18:06.759870 skip_listing [train]:   32,000/196,000 checked (16%)  —  239316 checks/s  —  ETA 1s  —  0 failed so far
[OUTPUT] 2026-07-13T12:18:06.761892 skip_listing [train]:   32,500/196,000 checked (17%)  —  239436 checks/s  —  ETA 1s  —  0 failed so far
[OUTPUT] 2026-07-13T12:18:06.763912 skip_listing [train]:   33,000/196,000 checked (17%)  —  239555 checks/s  —  ETA 1s  —  0 failed so far
[OUTPUT] 2026-07-13T12:18:06.765935 skip_listing [train]:   33,500/196,000 checked (17%)  —  239664 checks/s  —  ETA 1s  —  0 failed so far
[OUTPUT] 2026-07-13T12:18:06.769032 skip_listing [train]:   34,000/196,000 checked (17%)  —  237970 checks/s  —  ETA 1s  —  0 failed so far
[OUTPUT] 2026-07-13T12:18:06.771052 skip_listing [train]:   34,500/196,000 checked (18%)  —  238102 checks/s  —  ETA 1s  —  0 failed so far
[OUTPUT] 2026-07-13T12:18:06.773072 skip_listing [train]:   35,000/196,000 checked (18%)  —  238232 checks/s  —  ETA 1s  —  0 failed so far
[OUTPUT] 2026-07-13T12:18:06.775093 skip_listing [train]:   35,500/196,000 checked (18%)  —  238356 checks/s  —  ETA 1s  —  0 failed so far
[OUTPUT] 2026-07-13T12:18:06.777113 skip_listing [train]:   36,000/196,000 checked (18%)  —  238480 checks/s  —  ETA 1s  —  0 failed so far
[OUTPUT] 2026-07-13T12:18:06.779125 skip_listing [train]:   36,500/196,000 checked (19%)  —  238611 checks/s  —  ETA 1s  —  0 failed so far
[OUTPUT] 2026-07-13T12:18:06.781143 skip_listing [train]:   37,000/196,000 checked (19%)  —  238731 checks/s  —  ETA 1s  —  0 failed so far
[OUTPUT] 2026-07-13T12:18:06.783163 skip_listing [train]:   37,500/196,000 checked (19%)  —  238843 checks/s  —  ETA 1s  —  0 failed so far
[OUTPUT] 2026-07-13T12:18:06.785185 skip_listing [train]:   38,000/196,000 checked (19%)  —  238950 checks/s  —  ETA 1s  —  0 failed so far
[OUTPUT] 2026-07-13T12:18:06.787202 skip_listing [train]:   38,500/196,000 checked (20%)  —  239062 checks/s  —  ETA 1s  —  0 failed so far
[OUTPUT] 2026-07-13T12:18:06.789220 skip_listing [train]:   39,000/196,000 checked (20%)  —  239170 checks/s  —  ETA 1s  —  0 failed so far
[OUTPUT] 2026-07-13T12:18:06.791234 skip_listing [train]:   39,500/196,000 checked (20%)  —  239282 checks/s  —  ETA 1s  —  0 failed so far
[OUTPUT] 2026-07-13T12:18:06.793253 skip_listing [train]:   40,000/196,000 checked (20%)  —  239382 checks/s  —  ETA 1s  —  0 failed so far
[OUTPUT] 2026-07-13T12:18:06.795272 skip_listing [train]:   40,500/196,000 checked (21%)  —  239481 checks/s  —  ETA 1s  —  0 failed so far
[OUTPUT] 2026-07-13T12:18:06.797292 skip_listing [train]:   41,000/196,000 checked (21%)  —  239577 checks/s  —  ETA 1s  —  0 failed so far
[OUTPUT] 2026-07-13T12:18:06.799309 skip_listing [train]:   41,500/196,000 checked (21%)  —  239673 checks/s  —  ETA 1s  —  0 failed so far
[OUTPUT] 2026-07-13T12:18:06.801325 skip_listing [train]:   42,000/196,000 checked (21%)  —  239769 checks/s  —  ETA 1s  —  0 failed so far
[OUTPUT] 2026-07-13T12:18:06.803340 skip_listing [train]:   42,500/196,000 checked (22%)  —  239864 checks/s  —  ETA 1s  —  0 failed so far
[OUTPUT] 2026-07-13T12:18:06.805353 skip_listing [train]:   43,000/196,000 checked (22%)  —  239960 checks/s  —  ETA 1s  —  0 failed so far
[OUTPUT] 2026-07-13T12:18:06.807362 skip_listing [train]:   43,500/196,000 checked (22%)  —  240059 checks/s  —  ETA 1s  —  0 failed so far
[OUTPUT] 2026-07-13T12:18:06.809372 skip_listing [train]:   44,000/196,000 checked (22%)  —  240154 checks/s  —  ETA 1s  —  0 failed so far
[OUTPUT] 2026-07-13T12:18:06.811382 skip_listing [train]:   44,500/196,000 checked (23%)  —  240247 checks/s  —  ETA 1s  —  0 failed so far
[OUTPUT] 2026-07-13T12:18:06.813397 skip_listing [train]:   45,000/196,000 checked (23%)  —  240333 checks/s  —  ETA 1s  —  0 failed so far
[OUTPUT] 2026-07-13T12:18:06.815415 skip_listing [train]:   45,500/196,000 checked (23%)  —  240412 checks/s  —  ETA 1s  —  0 failed so far
[OUTPUT] 2026-07-13T12:18:06.817465 skip_listing [train]:   46,000/196,000 checked (23%)  —  240449 checks/s  —  ETA 1s  —  0 failed so far
[OUTPUT] 2026-07-13T12:18:06.819484 skip_listing [train]:   46,500/196,000 checked (24%)  —  240524 checks/s  —  ETA 1s  —  0 failed so far
[OUTPUT] 2026-07-13T12:18:06.821507 skip_listing [train]:   47,000/196,000 checked (24%)  —  240593 checks/s  —  ETA 1s  —  0 failed so far
[OUTPUT] 2026-07-13T12:18:06.823525 skip_listing [train]:   47,500/196,000 checked (24%)  —  240666 checks/s  —  ETA 1s  —  0 failed so far
[OUTPUT] 2026-07-13T12:18:06.825541 skip_listing [train]:   48,000/196,000 checked (24%)  —  240741 checks/s  —  ETA 1s  —  0 failed so far
[OUTPUT] 2026-07-13T12:18:06.827561 skip_listing [train]:   48,500/196,000 checked (25%)  —  240809 checks/s  —  ETA 1s  —  0 failed so far
[OUTPUT] 2026-07-13T12:18:06.829582 skip_listing [train]:   49,000/196,000 checked (25%)  —  240875 checks/s  —  ETA 1s  —  0 failed so far
[OUTPUT] 2026-07-13T12:18:06.831598 skip_listing [train]:   49,500/196,000 checked (25%)  —  240944 checks/s  —  ETA 1s  —  0 failed so far
[OUTPUT] 2026-07-13T12:18:06.833621 skip_listing [train]:   50,000/196,000 checked (26%)  —  241005 checks/s  —  ETA 1s  —  0 failed so far
[OUTPUT] 2026-07-13T12:18:06.835642 skip_listing [train]:   50,500/196,000 checked (26%)  —  241067 checks/s  —  ETA 1s  —  0 failed so far
[OUTPUT] 2026-07-13T12:18:06.837668 skip_listing [train]:   51,000/196,000 checked (26%)  —  241121 checks/s  —  ETA 1s  —  0 failed so far
[OUTPUT] 2026-07-13T12:18:06.839695 skip_listing [train]:   51,500/196,000 checked (26%)  —  241174 checks/s  —  ETA 1s  —  0 failed so far
[OUTPUT] 2026-07-13T12:18:06.841713 skip_listing [train]:   52,000/196,000 checked (27%)  —  241236 checks/s  —  ETA 1s  —  0 failed so far
[OUTPUT] 2026-07-13T12:18:06.843731 skip_listing [train]:   52,500/196,000 checked (27%)  —  241297 checks/s  —  ETA 1s  —  0 failed so far
[OUTPUT] 2026-07-13T12:18:06.845752 skip_listing [train]:   53,000/196,000 checked (27%)  —  241353 checks/s  —  ETA 1s  —  0 failed so far
[OUTPUT] 2026-07-13T12:18:06.847777 skip_listing [train]:   53,500/196,000 checked (27%)  —  241404 checks/s  —  ETA 1s  —  0 failed so far
[OUTPUT] 2026-07-13T12:18:06.849798 skip_listing [train]:   54,000/196,000 checked (28%)  —  241458 checks/s  —  ETA 1s  —  0 failed so far
[OUTPUT] 2026-07-13T12:18:06.851816 skip_listing [train]:   54,500/196,000 checked (28%)  —  241515 checks/s  —  ETA 1s  —  0 failed so far
[OUTPUT] 2026-07-13T12:18:06.853835 skip_listing [train]:   55,000/196,000 checked (28%)  —  241568 checks/s  —  ETA 1s  —  0 failed so far
[OUTPUT] 2026-07-13T12:18:06.855850 skip_listing [train]:   55,500/196,000 checked (28%)  —  241626 checks/s  —  ETA 1s  —  0 failed so far
[OUTPUT] 2026-07-13T12:18:06.857869 skip_listing [train]:   56,000/196,000 checked (29%)  —  241679 checks/s  —  ETA 1s  —  0 failed so far
[OUTPUT] 2026-07-13T12:18:06.859882 skip_listing [train]:   56,500/196,000 checked (29%)  —  241736 checks/s  —  ETA 1s  —  0 failed so far
[OUTPUT] 2026-07-13T12:18:06.861896 skip_listing [train]:   57,000/196,000 checked (29%)  —  241792 checks/s  —  ETA 1s  —  0 failed so far
[OUTPUT] 2026-07-13T12:18:06.863910 skip_listing [train]:   57,500/196,000 checked (29%)  —  241847 checks/s  —  ETA 1s  —  0 failed so far
[OUTPUT] 2026-07-13T12:18:06.865928 skip_listing [train]:   58,000/196,000 checked (30%)  —  241897 checks/s  —  ETA 1s  —  0 failed so far
[OUTPUT] 2026-07-13T12:18:06.867946 skip_listing [train]:   58,500/196,000 checked (30%)  —  241946 checks/s  —  ETA 1s  —  0 failed so far
[OUTPUT] 2026-07-13T12:18:06.870522 skip_listing [train]:   59,000/196,000 checked (30%)  —  241442 checks/s  —  ETA 1s  —  0 failed so far
[OUTPUT] 2026-07-13T12:18:06.872539 skip_listing [train]:   59,500/196,000 checked (30%)  —  241494 checks/s  —  ETA 1s  —  0 failed so far
[OUTPUT] 2026-07-13T12:18:06.874558 skip_listing [train]:   60,000/196,000 checked (31%)  —  241544 checks/s  —  ETA 1s  —  0 failed so far
[OUTPUT] 2026-07-13T12:18:06.876578 skip_listing [train]:   60,500/196,000 checked (31%)  —  241593 checks/s  —  ETA 1s  —  0 failed so far
[OUTPUT] 2026-07-13T12:18:06.878600 skip_listing [train]:   61,000/196,000 checked (31%)  —  241638 checks/s  —  ETA 1s  —  0 failed so far
[OUTPUT] 2026-07-13T12:18:06.880619 skip_listing [train]:   61,500/196,000 checked (31%)  —  241686 checks/s  —  ETA 1s  —  0 failed so far
[OUTPUT] 2026-07-13T12:18:06.882638 skip_listing [train]:   62,000/196,000 checked (32%)  —  241733 checks/s  —  ETA 1s  —  0 failed so far
[OUTPUT] 2026-07-13T12:18:06.884650 skip_listing [train]:   62,500/196,000 checked (32%)  —  241785 checks/s  —  ETA 1s  —  0 failed so far
[OUTPUT] 2026-07-13T12:18:06.886665 skip_listing [train]:   63,000/196,000 checked (32%)  —  241835 checks/s  —  ETA 1s  —  0 failed so far
[OUTPUT] 2026-07-13T12:18:06.888670 skip_listing [train]:   63,500/196,000 checked (32%)  —  241892 checks/s  —  ETA 1s  —  0 failed so far
[OUTPUT] 2026-07-13T12:18:06.890681 skip_listing [train]:   64,000/196,000 checked (33%)  —  241943 checks/s  —  ETA 1s  —  0 failed so far
[OUTPUT] 2026-07-13T12:18:06.892691 skip_listing [train]:   64,500/196,000 checked (33%)  —  241995 checks/s  —  ETA 1s  —  0 failed so far
[OUTPUT] 2026-07-13T12:18:06.895312 skip_listing [train]:   65,000/196,000 checked (33%)  —  241496 checks/s  —  ETA 1s  —  0 failed so far
[OUTPUT] 2026-07-13T12:18:06.897331 skip_listing [train]:   65,500/196,000 checked (33%)  —  241542 checks/s  —  ETA 1s  —  0 failed so far
[OUTPUT] 2026-07-13T12:18:06.899354 skip_listing [train]:   66,000/196,000 checked (34%)  —  241584 checks/s  —  ETA 1s  —  0 failed so far
[OUTPUT] 2026-07-13T12:18:06.901373 skip_listing [train]:   66,500/196,000 checked (34%)  —  241628 checks/s  —  ETA 1s  —  0 failed so far
[OUTPUT] 2026-07-13T12:18:06.903398 skip_listing [train]:   67,000/196,000 checked (34%)  —  241667 checks/s  —  ETA 1s  —  0 failed so far
[OUTPUT] 2026-07-13T12:18:06.905419 skip_listing [train]:   67,500/196,000 checked (34%)  —  241708 checks/s  —  ETA 1s  —  0 failed so far
[OUTPUT] 2026-07-13T12:18:06.907445 skip_listing [train]:   68,000/196,000 checked (35%)  —  241744 checks/s  —  ETA 1s  —  0 failed so far
[OUTPUT] 2026-07-13T12:18:06.909466 skip_listing [train]:   68,500/196,000 checked (35%)  —  241785 checks/s  —  ETA 1s  —  0 failed so far
[OUTPUT] 2026-07-13T12:18:06.911485 skip_listing [train]:   69,000/196,000 checked (35%)  —  241826 checks/s  —  ETA 1s  —  0 failed so far
[OUTPUT] 2026-07-13T12:18:06.913506 skip_listing [train]:   69,500/196,000 checked (35%)  —  241866 checks/s  —  ETA 1s  —  0 failed so far
[OUTPUT] 2026-07-13T12:18:06.915531 skip_listing [train]:   70,000/196,000 checked (36%)  —  241901 checks/s  —  ETA 1s  —  0 failed so far
[OUTPUT] 2026-07-13T12:18:06.917550 skip_listing [train]:   70,500/196,000 checked (36%)  —  241941 checks/s  —  ETA 1s  —  0 failed so far
[OUTPUT] 2026-07-13T12:18:06.919574 skip_listing [train]:   71,000/196,000 checked (36%)  —  241976 checks/s  —  ETA 1s  —  0 failed so far
[OUTPUT] 2026-07-13T12:18:06.921617 skip_listing [train]:   71,500/196,000 checked (36%)  —  241995 checks/s  —  ETA 1s  —  0 failed so far
[OUTPUT] 2026-07-13T12:18:06.923641 skip_listing [train]:   72,000/196,000 checked (37%)  —  242029 checks/s  —  ETA 1s  —  0 failed so far
[OUTPUT] 2026-07-13T12:18:06.925662 skip_listing [train]:   72,500/196,000 checked (37%)  —  242065 checks/s  —  ETA 1s  —  0 failed so far
[OUTPUT] 2026-07-13T12:18:06.927691 skip_listing [train]:   73,000/196,000 checked (37%)  —  242095 checks/s  —  ETA 1s  —  0 failed so far
[OUTPUT] 2026-07-13T12:18:06.929744 skip_listing [train]:   73,500/196,000 checked (38%)  —  242105 checks/s  —  ETA 1s  —  0 failed so far
[OUTPUT] 2026-07-13T12:18:06.931768 skip_listing [train]:   74,000/196,000 checked (38%)  —  242137 checks/s  —  ETA 1s  —  0 failed so far
[OUTPUT] 2026-07-13T12:18:06.933789 skip_listing [train]:   74,500/196,000 checked (38%)  —  242172 checks/s  —  ETA 1s  —  0 failed so far
[OUTPUT] 2026-07-13T12:18:06.935808 skip_listing [train]:   75,000/196,000 checked (38%)  —  242207 checks/s  —  ETA 0s  —  0 failed so far
[OUTPUT] 2026-07-13T12:18:06.937828 skip_listing [train]:   75,500/196,000 checked (39%)  —  242242 checks/s  —  ETA 0s  —  0 failed so far
[OUTPUT] 2026-07-13T12:18:06.939848 skip_listing [train]:   76,000/196,000 checked (39%)  —  242276 checks/s  —  ETA 0s  —  0 failed so far
[OUTPUT] 2026-07-13T12:18:06.941867 skip_listing [train]:   76,500/196,000 checked (39%)  —  242310 checks/s  —  ETA 0s  —  0 failed so far
[OUTPUT] 2026-07-13T12:18:06.943890 skip_listing [train]:   77,000/196,000 checked (39%)  —  242341 checks/s  —  ETA 0s  —  0 failed so far
[OUTPUT] 2026-07-13T12:18:06.945908 skip_listing [train]:   77,500/196,000 checked (40%)  —  242376 checks/s  —  ETA 0s  —  0 failed so far
[OUTPUT] 2026-07-13T12:18:06.947933 skip_listing [train]:   78,000/196,000 checked (40%)  —  242404 checks/s  —  ETA 0s  —  0 failed so far
[OUTPUT] 2026-07-13T12:18:06.949958 skip_listing [train]:   78,500/196,000 checked (40%)  —  242433 checks/s  —  ETA 0s  —  0 failed so far
[OUTPUT] 2026-07-13T12:18:06.951986 skip_listing [train]:   79,000/196,000 checked (40%)  —  242458 checks/s  —  ETA 0s  —  0 failed so far
[OUTPUT] 2026-07-13T12:18:06.954002 skip_listing [train]:   79,500/196,000 checked (41%)  —  242492 checks/s  —  ETA 0s  —  0 failed so far
[OUTPUT] 2026-07-13T12:18:06.956024 skip_listing [train]:   80,000/196,000 checked (41%)  —  242522 checks/s  —  ETA 0s  —  0 failed so far
[OUTPUT] 2026-07-13T12:18:06.958045 skip_listing [train]:   80,500/196,000 checked (41%)  —  242551 checks/s  —  ETA 0s  —  0 failed so far
[OUTPUT] 2026-07-13T12:18:06.960070 skip_listing [train]:   81,000/196,000 checked (41%)  —  242577 checks/s  —  ETA 0s  —  0 failed so far
[OUTPUT] 2026-07-13T12:18:06.962101 skip_listing [train]:   81,500/196,000 checked (42%)  —  242599 checks/s  —  ETA 0s  —  0 failed so far
[OUTPUT] 2026-07-13T12:18:06.964131 skip_listing [train]:   82,000/196,000 checked (42%)  —  242622 checks/s  —  ETA 0s  —  0 failed so far
[OUTPUT] 2026-07-13T12:18:06.966156 skip_listing [train]:   82,500/196,000 checked (42%)  —  242647 checks/s  —  ETA 0s  —  0 failed so far
[OUTPUT] 2026-07-13T12:18:06.968178 skip_listing [train]:   83,000/196,000 checked (42%)  —  242675 checks/s  —  ETA 0s  —  0 failed so far
[OUTPUT] 2026-07-13T12:18:06.970200 skip_listing [train]:   83,500/196,000 checked (43%)  —  242702 checks/s  —  ETA 0s  —  0 failed so far
[OUTPUT] 2026-07-13T12:18:06.972220 skip_listing [train]:   84,000/196,000 checked (43%)  —  242730 checks/s  —  ETA 0s  —  0 failed so far
[OUTPUT] 2026-07-13T12:18:06.974244 skip_listing [train]:   84,500/196,000 checked (43%)  —  242755 checks/s  —  ETA 0s  —  0 failed so far
[OUTPUT] 2026-07-13T12:18:06.976266 skip_listing [train]:   85,000/196,000 checked (43%)  —  242781 checks/s  —  ETA 0s  —  0 failed so far
[OUTPUT] 2026-07-13T12:18:06.978284 skip_listing [train]:   85,500/196,000 checked (44%)  —  242810 checks/s  —  ETA 0s  —  0 failed so far
[OUTPUT] 2026-07-13T12:18:06.980308 skip_listing [train]:   86,000/196,000 checked (44%)  —  242834 checks/s  —  ETA 0s  —  0 failed so far
[OUTPUT] 2026-07-13T12:18:06.982327 skip_listing [train]:   86,500/196,000 checked (44%)  —  242861 checks/s  —  ETA 0s  —  0 failed so far
[OUTPUT] 2026-07-13T12:18:06.984347 skip_listing [train]:   87,000/196,000 checked (44%)  —  242887 checks/s  —  ETA 0s  —  0 failed so far
[OUTPUT] 2026-07-13T12:18:06.986365 skip_listing [train]:   87,500/196,000 checked (45%)  —  242915 checks/s  —  ETA 0s  —  0 failed so far
[OUTPUT] 2026-07-13T12:18:06.988379 skip_listing [train]:   88,000/196,000 checked (45%)  —  242944 checks/s  —  ETA 0s  —  0 failed so far
[OUTPUT] 2026-07-13T12:18:06.990393 skip_listing [train]:   88,500/196,000 checked (45%)  —  242974 checks/s  —  ETA 0s  —  0 failed so far
[OUTPUT] 2026-07-13T12:18:06.992409 skip_listing [train]:   89,000/196,000 checked (45%)  —  243002 checks/s  —  ETA 0s  —  0 failed so far
[OUTPUT] 2026-07-13T12:18:06.994426 skip_listing [train]:   89,500/196,000 checked (46%)  —  243029 checks/s  —  ETA 0s  —  0 failed so far
[OUTPUT] 2026-07-13T12:18:06.996444 skip_listing [train]:   90,000/196,000 checked (46%)  —  243054 checks/s  —  ETA 0s  —  0 failed so far
[OUTPUT] 2026-07-13T12:18:06.998462 skip_listing [train]:   90,500/196,000 checked (46%)  —  243080 checks/s  —  ETA 0s  —  0 failed so far
[OUTPUT] 2026-07-13T12:18:07.000479 skip_listing [train]:   91,000/196,000 checked (46%)  —  243105 checks/s  —  ETA 0s  —  0 failed so far
[OUTPUT] 2026-07-13T12:18:07.002493 skip_listing [train]:   91,500/196,000 checked (47%)  —  243133 checks/s  —  ETA 0s  —  0 failed so far
[OUTPUT] 2026-07-13T12:18:07.004513 skip_listing [train]:   92,000/196,000 checked (47%)  —  243157 checks/s  —  ETA 0s  —  0 failed so far
[OUTPUT] 2026-07-13T12:18:07.006531 skip_listing [train]:   92,500/196,000 checked (47%)  —  243181 checks/s  —  ETA 0s  —  0 failed so far
[OUTPUT] 2026-07-13T12:18:07.008551 skip_listing [train]:   93,000/196,000 checked (47%)  —  243204 checks/s  —  ETA 0s  —  0 failed so far
[OUTPUT] 2026-07-13T12:18:07.010570 skip_listing [train]:   93,500/196,000 checked (48%)  —  243228 checks/s  —  ETA 0s  —  0 failed so far
[OUTPUT] 2026-07-13T12:18:07.012590 skip_listing [train]:   94,000/196,000 checked (48%)  —  243250 checks/s  —  ETA 0s  —  0 failed so far
[OUTPUT] 2026-07-13T12:18:07.014615 skip_listing [train]:   94,500/196,000 checked (48%)  —  243269 checks/s  —  ETA 0s  —  0 failed so far
[OUTPUT] 2026-07-13T12:18:07.016637 skip_listing [train]:   95,000/196,000 checked (48%)  —  243290 checks/s  —  ETA 0s  —  0 failed so far
[OUTPUT] 2026-07-13T12:18:07.018655 skip_listing [train]:   95,500/196,000 checked (49%)  —  243313 checks/s  —  ETA 0s  —  0 failed so far
[OUTPUT] 2026-07-13T12:18:07.020683 skip_listing [train]:   96,000/196,000 checked (49%)  —  243330 checks/s  —  ETA 0s  —  0 failed so far
[OUTPUT] 2026-07-13T12:18:07.022706 skip_listing [train]:   96,500/196,000 checked (49%)  —  243350 checks/s  —  ETA 0s  —  0 failed so far
[OUTPUT] 2026-07-13T12:18:07.024730 skip_listing [train]:   97,000/196,000 checked (49%)  —  243368 checks/s  —  ETA 0s  —  0 failed so far
[OUTPUT] 2026-07-13T12:18:07.026751 skip_listing [train]:   97,500/196,000 checked (50%)  —  243388 checks/s  —  ETA 0s  —  0 failed so far
[OUTPUT] 2026-07-13T12:18:07.028773 skip_listing [train]:   98,000/196,000 checked (50%)  —  243408 checks/s  —  ETA 0s  —  0 failed so far
[OUTPUT] 2026-07-13T12:18:07.030792 skip_listing [train]:   98,500/196,000 checked (50%)  —  243429 checks/s  —  ETA 0s  —  0 failed so far
[OUTPUT] 2026-07-13T12:18:07.032810 skip_listing [train]:   99,000/196,000 checked (51%)  —  243451 checks/s  —  ETA 0s  —  0 failed so far
[OUTPUT] 2026-07-13T12:18:07.034827 skip_listing [train]:   99,500/196,000 checked (51%)  —  243472 checks/s  —  ETA 0s  —  0 failed so far
[OUTPUT] 2026-07-13T12:18:07.036845 skip_listing [train]:   100,000/196,000 checked (51%)  —  243494 checks/s  —  ETA 0s  —  0 failed so far
[OUTPUT] 2026-07-13T12:18:07.038857 skip_listing [train]:   100,500/196,000 checked (51%)  —  243518 checks/s  —  ETA 0s  —  0 failed so far
[OUTPUT] 2026-07-13T12:18:07.040866 skip_listing [train]:   101,000/196,000 checked (52%)  —  243544 checks/s  —  ETA 0s  —  0 failed so far
[OUTPUT] 2026-07-13T12:18:07.042880 skip_listing [train]:   101,500/196,000 checked (52%)  —  243567 checks/s  —  ETA 0s  —  0 failed so far
[OUTPUT] 2026-07-13T12:18:07.044887 skip_listing [train]:   102,000/196,000 checked (52%)  —  243593 checks/s  —  ETA 0s  —  0 failed so far
[OUTPUT] 2026-07-13T12:18:07.048000 skip_listing [train]:   102,500/196,000 checked (52%)  —  242984 checks/s  —  ETA 0s  —  0 failed so far
[OUTPUT] 2026-07-13T12:18:07.050181 skip_listing [train]:   103,000/196,000 checked (53%)  —  242911 checks/s  —  ETA 0s  —  0 failed so far
[OUTPUT] 2026-07-13T12:18:07.052225 skip_listing [train]:   103,500/196,000 checked (53%)  —  242919 checks/s  —  ETA 0s  —  0 failed so far
[OUTPUT] 2026-07-13T12:18:07.054258 skip_listing [train]:   104,000/196,000 checked (53%)  —  242933 checks/s  —  ETA 0s  —  0 failed so far
[OUTPUT] 2026-07-13T12:18:07.056277 skip_listing [train]:   104,500/196,000 checked (53%)  —  242955 checks/s  —  ETA 0s  —  0 failed so far
[OUTPUT] 2026-07-13T12:18:07.058293 skip_listing [train]:   105,000/196,000 checked (54%)  —  242979 checks/s  —  ETA 0s  —  0 failed so far
[OUTPUT] 2026-07-13T12:18:07.060301 skip_listing [train]:   105,500/196,000 checked (54%)  —  243007 checks/s  —  ETA 0s  —  0 failed so far
[OUTPUT] 2026-07-13T12:18:07.062314 skip_listing [train]:   106,000/196,000 checked (54%)  —  243031 checks/s  —  ETA 0s  —  0 failed so far
[OUTPUT] 2026-07-13T12:18:07.064328 skip_listing [train]:   106,500/196,000 checked (54%)  —  243056 checks/s  —  ETA 0s  —  0 failed so far
[OUTPUT] 2026-07-13T12:18:07.066341 skip_listing [train]:   107,000/196,000 checked (55%)  —  243080 checks/s  —  ETA 0s  —  0 failed so far
[OUTPUT] 2026-07-13T12:18:07.068350 skip_listing [train]:   107,500/196,000 checked (55%)  —  243106 checks/s  —  ETA 0s  —  0 failed so far
[OUTPUT] 2026-07-13T12:18:07.070365 skip_listing [train]:   108,000/196,000 checked (55%)  —  243129 checks/s  —  ETA 0s  —  0 failed so far
[OUTPUT] 2026-07-13T12:18:07.072373 skip_listing [train]:   108,500/196,000 checked (55%)  —  243155 checks/s  —  ETA 0s  —  0 failed so far
[OUTPUT] 2026-07-13T12:18:07.075298 skip_listing [train]:   109,000/196,000 checked (56%)  —  242685 checks/s  —  ETA 0s  —  0 failed so far
[OUTPUT] 2026-07-13T12:18:07.077320 skip_listing [train]:   109,500/196,000 checked (56%)  —  242706 checks/s  —  ETA 0s  —  0 failed so far
[OUTPUT] 2026-07-13T12:18:07.079368 skip_listing [train]:   110,000/196,000 checked (56%)  —  242712 checks/s  —  ETA 0s  —  0 failed so far
[OUTPUT] 2026-07-13T12:18:07.081387 skip_listing [train]:   110,500/196,000 checked (56%)  —  242734 checks/s  —  ETA 0s  —  0 failed so far
[OUTPUT] 2026-07-13T12:18:07.083404 skip_listing [train]:   111,000/196,000 checked (57%)  —  242757 checks/s  —  ETA 0s  —  0 failed so far
[OUTPUT] 2026-07-13T12:18:07.085408 skip_listing [train]:   111,500/196,000 checked (57%)  —  242786 checks/s  —  ETA 0s  —  0 failed so far
[OUTPUT] 2026-07-13T12:18:07.087419 skip_listing [train]:   112,000/196,000 checked (57%)  —  242812 checks/s  —  ETA 0s  —  0 failed so far
[OUTPUT] 2026-07-13T12:18:07.089424 skip_listing [train]:   112,500/196,000 checked (57%)  —  242840 checks/s  —  ETA 0s  —  0 failed so far
[OUTPUT] 2026-07-13T12:18:07.091435 skip_listing [train]:   113,000/196,000 checked (58%)  —  242865 checks/s  —  ETA 0s  —  0 failed so far
[OUTPUT] 2026-07-13T12:18:07.093441 skip_listing [train]:   113,500/196,000 checked (58%)  —  242893 checks/s  —  ETA 0s  —  0 failed so far
[OUTPUT] 2026-07-13T12:18:07.095445 skip_listing [train]:   114,000/196,000 checked (58%)  —  242921 checks/s  —  ETA 0s  —  0 failed so far
[OUTPUT] 2026-07-13T12:18:07.097445 skip_listing [train]:   114,500/196,000 checked (58%)  —  242951 checks/s  —  ETA 0s  —  0 failed so far
[OUTPUT] 2026-07-13T12:18:07.099456 skip_listing [train]:   115,000/196,000 checked (59%)  —  242975 checks/s  —  ETA 0s  —  0 failed so far
[OUTPUT] 2026-07-13T12:18:07.101467 skip_listing [train]:   115,500/196,000 checked (59%)  —  242999 checks/s  —  ETA 0s  —  0 failed so far
[OUTPUT] 2026-07-13T12:18:07.103560 skip_listing [train]:   116,000/196,000 checked (59%)  —  242981 checks/s  —  ETA 0s  —  0 failed so far
[OUTPUT] 2026-07-13T12:18:07.105564 skip_listing [train]:   116,500/196,000 checked (59%)  —  243008 checks/s  —  ETA 0s  —  0 failed so far
[OUTPUT] 2026-07-13T12:18:07.107574 skip_listing [train]:   117,000/196,000 checked (60%)  —  243032 checks/s  —  ETA 0s  —  0 failed so far
[OUTPUT] 2026-07-13T12:18:07.109582 skip_listing [train]:   117,500/196,000 checked (60%)  —  243057 checks/s  —  ETA 0s  —  0 failed so far
[OUTPUT] 2026-07-13T12:18:07.111591 skip_listing [train]:   118,000/196,000 checked (60%)  —  243081 checks/s  —  ETA 0s  —  0 failed so far
[OUTPUT] 2026-07-13T12:18:07.113594 skip_listing [train]:   118,500/196,000 checked (60%)  —  243108 checks/s  —  ETA 0s  —  0 failed so far
[OUTPUT] 2026-07-13T12:18:07.115606 skip_listing [train]:   119,000/196,000 checked (61%)  —  243130 checks/s  —  ETA 0s  —  0 failed so far
[OUTPUT] 2026-07-13T12:18:07.117616 skip_listing [train]:   119,500/196,000 checked (61%)  —  243153 checks/s  —  ETA 0s  —  0 failed so far
[OUTPUT] 2026-07-13T12:18:07.119625 skip_listing [train]:   120,000/196,000 checked (61%)  —  243177 checks/s  —  ETA 0s  —  0 failed so far
[OUTPUT] 2026-07-13T12:18:07.121627 skip_listing [train]:   120,500/196,000 checked (61%)  —  243203 checks/s  —  ETA 0s  —  0 failed so far
[OUTPUT] 2026-07-13T12:18:07.123639 skip_listing [train]:   121,000/196,000 checked (62%)  —  243225 checks/s  —  ETA 0s  —  0 failed so far
[OUTPUT] 2026-07-13T12:18:07.125643 skip_listing [train]:   121,500/196,000 checked (62%)  —  243250 checks/s  —  ETA 0s  —  0 failed so far
[OUTPUT] 2026-07-13T12:18:07.127655 skip_listing [train]:   122,000/196,000 checked (62%)  —  243271 checks/s  —  ETA 0s  —  0 failed so far
[OUTPUT] 2026-07-13T12:18:07.129657 skip_listing [train]:   122,500/196,000 checked (62%)  —  243296 checks/s  —  ETA 0s  —  0 failed so far
[OUTPUT] 2026-07-13T12:18:07.131666 skip_listing [train]:   123,000/196,000 checked (63%)  —  243319 checks/s  —  ETA 0s  —  0 failed so far
[OUTPUT] 2026-07-13T12:18:07.133669 skip_listing [train]:   123,500/196,000 checked (63%)  —  243344 checks/s  —  ETA 0s  —  0 failed so far
[OUTPUT] 2026-07-13T12:18:07.135677 skip_listing [train]:   124,000/196,000 checked (63%)  —  243366 checks/s  —  ETA 0s  —  0 failed so far
[OUTPUT] 2026-07-13T12:18:07.137685 skip_listing [train]:   124,500/196,000 checked (64%)  —  243388 checks/s  —  ETA 0s  —  0 failed so far
[OUTPUT] 2026-07-13T12:18:07.139697 skip_listing [train]:   125,000/196,000 checked (64%)  —  243408 checks/s  —  ETA 0s  —  0 failed so far
[OUTPUT] 2026-07-13T12:18:07.141697 skip_listing [train]:   125,500/196,000 checked (64%)  —  243434 checks/s  —  ETA 0s  —  0 failed so far
[OUTPUT] 2026-07-13T12:18:07.143707 skip_listing [train]:   126,000/196,000 checked (64%)  —  243455 checks/s  —  ETA 0s  —  0 failed so far
[OUTPUT] 2026-07-13T12:18:07.145710 skip_listing [train]:   126,500/196,000 checked (65%)  —  243478 checks/s  —  ETA 0s  —  0 failed so far
[OUTPUT] 2026-07-13T12:18:07.147717 skip_listing [train]:   127,000/196,000 checked (65%)  —  243500 checks/s  —  ETA 0s  —  0 failed so far
[OUTPUT] 2026-07-13T12:18:07.149724 skip_listing [train]:   127,500/196,000 checked (65%)  —  243521 checks/s  —  ETA 0s  —  0 failed so far
[OUTPUT] 2026-07-13T12:18:07.151733 skip_listing [train]:   128,000/196,000 checked (65%)  —  243542 checks/s  —  ETA 0s  —  0 failed so far
[OUTPUT] 2026-07-13T12:18:07.153736 skip_listing [train]:   128,500/196,000 checked (66%)  —  243565 checks/s  —  ETA 0s  —  0 failed so far
[OUTPUT] 2026-07-13T12:18:07.155738 skip_listing [train]:   129,000/196,000 checked (66%)  —  243588 checks/s  —  ETA 0s  —  0 failed so far
[OUTPUT] 2026-07-13T12:18:07.157740 skip_listing [train]:   129,500/196,000 checked (66%)  —  243612 checks/s  —  ETA 0s  —  0 failed so far
[OUTPUT] 2026-07-13T12:18:07.159752 skip_listing [train]:   130,000/196,000 checked (66%)  —  243630 checks/s  —  ETA 0s  —  0 failed so far
[OUTPUT] 2026-07-13T12:18:07.162368 skip_listing [train]:   130,500/196,000 checked (67%)  —  243374 checks/s  —  ETA 0s  —  0 failed so far
[OUTPUT] 2026-07-13T12:18:07.164382 skip_listing [train]:   131,000/196,000 checked (67%)  —  243393 checks/s  —  ETA 0s  —  0 failed so far
[OUTPUT] 2026-07-13T12:18:07.166396 skip_listing [train]:   131,500/196,000 checked (67%)  —  243410 checks/s  —  ETA 0s  —  0 failed so far
[OUTPUT] 2026-07-13T12:18:07.168406 skip_listing [train]:   132,000/196,000 checked (67%)  —  243430 checks/s  —  ETA 0s  —  0 failed so far
[OUTPUT] 2026-07-13T12:18:07.170429 skip_listing [train]:   132,500/196,000 checked (68%)  —  243444 checks/s  —  ETA 0s  —  0 failed so far
[OUTPUT] 2026-07-13T12:18:07.172454 skip_listing [train]:   133,000/196,000 checked (68%)  —  243457 checks/s  —  ETA 0s  —  0 failed so far
[OUTPUT] 2026-07-13T12:18:07.174477 skip_listing [train]:   133,500/196,000 checked (68%)  —  243471 checks/s  —  ETA 0s  —  0 failed so far
[OUTPUT] 2026-07-13T12:18:07.176487 skip_listing [train]:   134,000/196,000 checked (68%)  —  243490 checks/s  —  ETA 0s  —  0 failed so far
[OUTPUT] 2026-07-13T12:18:07.178510 skip_listing [train]:   134,500/196,000 checked (69%)  —  243503 checks/s  —  ETA 0s  —  0 failed so far
[OUTPUT] 2026-07-13T12:18:07.180570 skip_listing [train]:   135,000/196,000 checked (69%)  —  243501 checks/s  —  ETA 0s  —  0 failed so far
[OUTPUT] 2026-07-13T12:18:07.182593 skip_listing [train]:   135,500/196,000 checked (69%)  —  243514 checks/s  —  ETA 0s  —  0 failed so far
[OUTPUT] 2026-07-13T12:18:07.184610 skip_listing [train]:   136,000/196,000 checked (69%)  —  243530 checks/s  —  ETA 0s  —  0 failed so far
[OUTPUT] 2026-07-13T12:18:07.186663 skip_listing [train]:   136,500/196,000 checked (70%)  —  243530 checks/s  —  ETA 0s  —  0 failed so far
[OUTPUT] 2026-07-13T12:18:07.188685 skip_listing [train]:   137,000/196,000 checked (70%)  —  243543 checks/s  —  ETA 0s  —  0 failed so far
[OUTPUT] 2026-07-13T12:18:07.190684 skip_listing [train]:   137,500/196,000 checked (70%)  —  243566 checks/s  —  ETA 0s  —  0 failed so far
[OUTPUT] 2026-07-13T12:18:07.192700 skip_listing [train]:   138,000/196,000 checked (70%)  —  243582 checks/s  —  ETA 0s  —  0 failed so far
[OUTPUT] 2026-07-13T12:18:07.194720 skip_listing [train]:   138,500/196,000 checked (71%)  —  243596 checks/s  —  ETA 0s  —  0 failed so far
[OUTPUT] 2026-07-13T12:18:07.196738 skip_listing [train]:   139,000/196,000 checked (71%)  —  243611 checks/s  —  ETA 0s  —  0 failed so far
[OUTPUT] 2026-07-13T12:18:07.198750 skip_listing [train]:   139,500/196,000 checked (71%)  —  243628 checks/s  —  ETA 0s  —  0 failed so far
[OUTPUT] 2026-07-13T12:18:07.200770 skip_listing [train]:   140,000/196,000 checked (71%)  —  243642 checks/s  —  ETA 0s  —  0 failed so far
[OUTPUT] 2026-07-13T12:18:07.202788 skip_listing [train]:   140,500/196,000 checked (72%)  —  243656 checks/s  —  ETA 0s  —  0 failed so far
[OUTPUT] 2026-07-13T12:18:07.204812 skip_listing [train]:   141,000/196,000 checked (72%)  —  243668 checks/s  —  ETA 0s  —  0 failed so far
[OUTPUT] 2026-07-13T12:18:07.206830 skip_listing [train]:   141,500/196,000 checked (72%)  —  243683 checks/s  —  ETA 0s  —  0 failed so far
[OUTPUT] 2026-07-13T12:18:07.208853 skip_listing [train]:   142,000/196,000 checked (72%)  —  243694 checks/s  —  ETA 0s  —  0 failed so far
[OUTPUT] 2026-07-13T12:18:07.210873 skip_listing [train]:   142,500/196,000 checked (73%)  —  243708 checks/s  —  ETA 0s  —  0 failed so far
[OUTPUT] 2026-07-13T12:18:07.212891 skip_listing [train]:   143,000/196,000 checked (73%)  —  243722 checks/s  —  ETA 0s  —  0 failed so far
[OUTPUT] 2026-07-13T12:18:07.214917 skip_listing [train]:   143,500/196,000 checked (73%)  —  243732 checks/s  —  ETA 0s  —  0 failed so far
[OUTPUT] 2026-07-13T12:18:07.216925 skip_listing [train]:   144,000/196,000 checked (73%)  —  243750 checks/s  —  ETA 0s  —  0 failed so far
[OUTPUT] 2026-07-13T12:18:07.218946 skip_listing [train]:   144,500/196,000 checked (74%)  —  243763 checks/s  —  ETA 0s  —  0 failed so far
[OUTPUT] 2026-07-13T12:18:07.220972 skip_listing [train]:   145,000/196,000 checked (74%)  —  243773 checks/s  —  ETA 0s  —  0 failed so far
[OUTPUT] 2026-07-13T12:18:07.222991 skip_listing [train]:   145,500/196,000 checked (74%)  —  243786 checks/s  —  ETA 0s  —  0 failed so far
[OUTPUT] 2026-07-13T12:18:07.225003 skip_listing [train]:   146,000/196,000 checked (74%)  —  243802 checks/s  —  ETA 0s  —  0 failed so far
[OUTPUT] 2026-07-13T12:18:07.227027 skip_listing [train]:   146,500/196,000 checked (75%)  —  243813 checks/s  —  ETA 0s  —  0 failed so far
[OUTPUT] 2026-07-13T12:18:07.229046 skip_listing [train]:   147,000/196,000 checked (75%)  —  243826 checks/s  —  ETA 0s  —  0 failed so far
[OUTPUT] 2026-07-13T12:18:07.231065 skip_listing [train]:   147,500/196,000 checked (75%)  —  243838 checks/s  —  ETA 0s  —  0 failed so far
[OUTPUT] 2026-07-13T12:18:07.233097 skip_listing [train]:   148,000/196,000 checked (76%)  —  243846 checks/s  —  ETA 0s  —  0 failed so far
[OUTPUT] 2026-07-13T12:18:07.235133 skip_listing [train]:   148,500/196,000 checked (76%)  —  243852 checks/s  —  ETA 0s  —  0 failed so far
[OUTPUT] 2026-07-13T12:18:07.237157 skip_listing [train]:   149,000/196,000 checked (76%)  —  243862 checks/s  —  ETA 0s  —  0 failed so far
[OUTPUT] 2026-07-13T12:18:07.239186 skip_listing [train]:   149,500/196,000 checked (76%)  —  243871 checks/s  —  ETA 0s  —  0 failed so far
[OUTPUT] 2026-07-13T12:18:07.241208 skip_listing [train]:   150,000/196,000 checked (77%)  —  243882 checks/s  —  ETA 0s  —  0 failed so far
[OUTPUT] 2026-07-13T12:18:07.243234 skip_listing [train]:   150,500/196,000 checked (77%)  —  243892 checks/s  —  ETA 0s  —  0 failed so far
[OUTPUT] 2026-07-13T12:18:07.245255 skip_listing [train]:   151,000/196,000 checked (77%)  —  243903 checks/s  —  ETA 0s  —  0 failed so far
[OUTPUT] 2026-07-13T12:18:07.247269 skip_listing [train]:   151,500/196,000 checked (77%)  —  243917 checks/s  —  ETA 0s  —  0 failed so far
[OUTPUT] 2026-07-13T12:18:07.249291 skip_listing [train]:   152,000/196,000 checked (78%)  —  243928 checks/s  —  ETA 0s  —  0 failed so far
[OUTPUT] 2026-07-13T12:18:07.251317 skip_listing [train]:   152,500/196,000 checked (78%)  —  243937 checks/s  —  ETA 0s  —  0 failed so far
[OUTPUT] 2026-07-13T12:18:07.253342 skip_listing [train]:   153,000/196,000 checked (78%)  —  243947 checks/s  —  ETA 0s  —  0 failed so far
[OUTPUT] 2026-07-13T12:18:07.255392 skip_listing [train]:   153,500/196,000 checked (78%)  —  243947 checks/s  —  ETA 0s  —  0 failed so far
[OUTPUT] 2026-07-13T12:18:07.257453 skip_listing [train]:   154,000/196,000 checked (79%)  —  243942 checks/s  —  ETA 0s  —  0 failed so far
[OUTPUT] 2026-07-13T12:18:07.259510 skip_listing [train]:   154,500/196,000 checked (79%)  —  243940 checks/s  —  ETA 0s  —  0 failed so far
[OUTPUT] 2026-07-13T12:18:07.261569 skip_listing [train]:   155,000/196,000 checked (79%)  —  243936 checks/s  —  ETA 0s  —  0 failed so far
[OUTPUT] 2026-07-13T12:18:07.263627 skip_listing [train]:   155,500/196,000 checked (79%)  —  243933 checks/s  —  ETA 0s  —  0 failed so far
[OUTPUT] 2026-07-13T12:18:07.265668 skip_listing [train]:   156,000/196,000 checked (80%)  —  243936 checks/s  —  ETA 0s  —  0 failed so far
[OUTPUT] 2026-07-13T12:18:07.267725 skip_listing [train]:   156,500/196,000 checked (80%)  —  243933 checks/s  —  ETA 0s  —  0 failed so far
[OUTPUT] 2026-07-13T12:18:07.269779 skip_listing [train]:   157,000/196,000 checked (80%)  —  243932 checks/s  —  ETA 0s  —  0 failed so far
[OUTPUT] 2026-07-13T12:18:07.271839 skip_listing [train]:   157,500/196,000 checked (80%)  —  243928 checks/s  —  ETA 0s  —  0 failed so far
[OUTPUT] 2026-07-13T12:18:07.273882 skip_listing [train]:   158,000/196,000 checked (81%)  —  243931 checks/s  —  ETA 0s  —  0 failed so far
[OUTPUT] 2026-07-13T12:18:07.275934 skip_listing [train]:   158,500/196,000 checked (81%)  —  243930 checks/s  —  ETA 0s  —  0 failed so far
[OUTPUT] 2026-07-13T12:18:07.277997 skip_listing [train]:   159,000/196,000 checked (81%)  —  243925 checks/s  —  ETA 0s  —  0 failed so far
[OUTPUT] 2026-07-13T12:18:07.280076 skip_listing [train]:   159,500/196,000 checked (81%)  —  243914 checks/s  —  ETA 0s  —  0 failed so far
[OUTPUT] 2026-07-13T12:18:07.282142 skip_listing [train]:   160,000/196,000 checked (82%)  —  243908 checks/s  —  ETA 0s  —  0 failed so far
[OUTPUT] 2026-07-13T12:18:07.284203 skip_listing [train]:   160,500/196,000 checked (82%)  —  243904 checks/s  —  ETA 0s  —  0 failed so far
[OUTPUT] 2026-07-13T12:18:07.286259 skip_listing [train]:   161,000/196,000 checked (82%)  —  243901 checks/s  —  ETA 0s  —  0 failed so far
[OUTPUT] 2026-07-13T12:18:07.288319 skip_listing [train]:   161,500/196,000 checked (82%)  —  243898 checks/s  —  ETA 0s  —  0 failed so far
[OUTPUT] 2026-07-13T12:18:07.290362 skip_listing [train]:   162,000/196,000 checked (83%)  —  243900 checks/s  —  ETA 0s  —  0 failed so far
[OUTPUT] 2026-07-13T12:18:07.292400 skip_listing [train]:   162,500/196,000 checked (83%)  —  243905 checks/s  —  ETA 0s  —  0 failed so far
[OUTPUT] 2026-07-13T12:18:07.294437 skip_listing [train]:   163,000/196,000 checked (83%)  —  243910 checks/s  —  ETA 0s  —  0 failed so far
[OUTPUT] 2026-07-13T12:18:07.296485 skip_listing [train]:   163,500/196,000 checked (83%)  —  243910 checks/s  —  ETA 0s  —  0 failed so far
[OUTPUT] 2026-07-13T12:18:07.298539 skip_listing [train]:   164,000/196,000 checked (84%)  —  243909 checks/s  —  ETA 0s  —  0 failed so far
[OUTPUT] 2026-07-13T12:18:07.300591 skip_listing [train]:   164,500/196,000 checked (84%)  —  243908 checks/s  —  ETA 0s  —  0 failed so far
[OUTPUT] 2026-07-13T12:18:07.302634 skip_listing [train]:   165,000/196,000 checked (84%)  —  243910 checks/s  —  ETA 0s  —  0 failed so far
[OUTPUT] 2026-07-13T12:18:07.304692 skip_listing [train]:   165,500/196,000 checked (84%)  —  243907 checks/s  —  ETA 0s  —  0 failed so far
[OUTPUT] 2026-07-13T12:18:07.306758 skip_listing [train]:   166,000/196,000 checked (85%)  —  243902 checks/s  —  ETA 0s  —  0 failed so far
[OUTPUT] 2026-07-13T12:18:07.308822 skip_listing [train]:   166,500/196,000 checked (85%)  —  243897 checks/s  —  ETA 0s  —  0 failed so far
[OUTPUT] 2026-07-13T12:18:07.310868 skip_listing [train]:   167,000/196,000 checked (85%)  —  243898 checks/s  —  ETA 0s  —  0 failed so far
[OUTPUT] 2026-07-13T12:18:07.312924 skip_listing [train]:   167,500/196,000 checked (85%)  —  243896 checks/s  —  ETA 0s  —  0 failed so far
[OUTPUT] 2026-07-13T12:18:07.314983 skip_listing [train]:   168,000/196,000 checked (86%)  —  243893 checks/s  —  ETA 0s  —  0 failed so far
[OUTPUT] 2026-07-13T12:18:07.317047 skip_listing [train]:   168,500/196,000 checked (86%)  —  243888 checks/s  —  ETA 0s  —  0 failed so far
[OUTPUT] 2026-07-13T12:18:07.319117 skip_listing [train]:   169,000/196,000 checked (86%)  —  243881 checks/s  —  ETA 0s  —  0 failed so far
[OUTPUT] 2026-07-13T12:18:07.321181 skip_listing [train]:   169,500/196,000 checked (86%)  —  243876 checks/s  —  ETA 0s  —  0 failed so far
[OUTPUT] 2026-07-13T12:18:07.323236 skip_listing [train]:   170,000/196,000 checked (87%)  —  243874 checks/s  —  ETA 0s  —  0 failed so far
[OUTPUT] 2026-07-13T12:18:07.325420 skip_listing [train]:   170,500/196,000 checked (87%)  —  243830 checks/s  —  ETA 0s  —  0 failed so far
[OUTPUT] 2026-07-13T12:18:07.327611 skip_listing [train]:   171,000/196,000 checked (87%)  —  243780 checks/s  —  ETA 0s  —  0 failed so far
[OUTPUT] 2026-07-13T12:18:07.329675 skip_listing [train]:   171,500/196,000 checked (88%)  —  243775 checks/s  —  ETA 0s  —  0 failed so far
[OUTPUT] 2026-07-13T12:18:07.331718 skip_listing [train]:   172,000/196,000 checked (88%)  —  243777 checks/s  —  ETA 0s  —  0 failed so far
[OUTPUT] 2026-07-13T12:18:07.333762 skip_listing [train]:   172,500/196,000 checked (88%)  —  243780 checks/s  —  ETA 0s  —  0 failed so far
[OUTPUT] 2026-07-13T12:18:07.335798 skip_listing [train]:   173,000/196,000 checked (88%)  —  243785 checks/s  —  ETA 0s  —  0 failed so far
[OUTPUT] 2026-07-13T12:18:07.337828 skip_listing [train]:   173,500/196,000 checked (89%)  —  243792 checks/s  —  ETA 0s  —  0 failed so far
[OUTPUT] 2026-07-13T12:18:07.339864 skip_listing [train]:   174,000/196,000 checked (89%)  —  243797 checks/s  —  ETA 0s  —  0 failed so far
[OUTPUT] 2026-07-13T12:18:07.341888 skip_listing [train]:   174,500/196,000 checked (89%)  —  243806 checks/s  —  ETA 0s  —  0 failed so far
[OUTPUT] 2026-07-13T12:18:07.343917 skip_listing [train]:   175,000/196,000 checked (89%)  —  243814 checks/s  —  ETA 0s  —  0 failed so far
[OUTPUT] 2026-07-13T12:18:07.345944 skip_listing [train]:   175,500/196,000 checked (90%)  —  243822 checks/s  —  ETA 0s  —  0 failed so far
[OUTPUT] 2026-07-13T12:18:07.348626 skip_listing [train]:   176,000/196,000 checked (90%)  —  243609 checks/s  —  ETA 0s  —  0 failed so far
[OUTPUT] 2026-07-13T12:18:07.350654 skip_listing [train]:   176,500/196,000 checked (90%)  —  243617 checks/s  —  ETA 0s  —  0 failed so far
[OUTPUT] 2026-07-13T12:18:07.352677 skip_listing [train]:   177,000/196,000 checked (90%)  —  243627 checks/s  —  ETA 0s  —  0 failed so far
[OUTPUT] 2026-07-13T12:18:07.354707 skip_listing [train]:   177,500/196,000 checked (91%)  —  243634 checks/s  —  ETA 0s  —  0 failed so far
[OUTPUT] 2026-07-13T12:18:07.356740 skip_listing [train]:   178,000/196,000 checked (91%)  —  243641 checks/s  —  ETA 0s  —  0 failed so far
[OUTPUT] 2026-07-13T12:18:07.358769 skip_listing [train]:   178,500/196,000 checked (91%)  —  243649 checks/s  —  ETA 0s  —  0 failed so far
[OUTPUT] 2026-07-13T12:18:07.360795 skip_listing [train]:   179,000/196,000 checked (91%)  —  243657 checks/s  —  ETA 0s  —  0 failed so far
[OUTPUT] 2026-07-13T12:18:07.362813 skip_listing [train]:   179,500/196,000 checked (92%)  —  243668 checks/s  —  ETA 0s  —  0 failed so far
[OUTPUT] 2026-07-13T12:18:07.364839 skip_listing [train]:   180,000/196,000 checked (92%)  —  243677 checks/s  —  ETA 0s  —  0 failed so far
[OUTPUT] 2026-07-13T12:18:07.366862 skip_listing [train]:   180,500/196,000 checked (92%)  —  243687 checks/s  —  ETA 0s  —  0 failed so far
[OUTPUT] 2026-07-13T12:18:07.368885 skip_listing [train]:   181,000/196,000 checked (92%)  —  243696 checks/s  —  ETA 0s  —  0 failed so far
[OUTPUT] 2026-07-13T12:18:07.371504 skip_listing [train]:   181,500/196,000 checked (93%)  —  243511 checks/s  —  ETA 0s  —  0 failed so far
[OUTPUT] 2026-07-13T12:18:07.373531 skip_listing [train]:   182,000/196,000 checked (93%)  —  243519 checks/s  —  ETA 0s  —  0 failed so far
[OUTPUT] 2026-07-13T12:18:07.375555 skip_listing [train]:   182,500/196,000 checked (93%)  —  243529 checks/s  —  ETA 0s  —  0 failed so far
[OUTPUT] 2026-07-13T12:18:07.377578 skip_listing [train]:   183,000/196,000 checked (93%)  —  243538 checks/s  —  ETA 0s  —  0 failed so far
[OUTPUT] 2026-07-13T12:18:07.379609 skip_listing [train]:   183,500/196,000 checked (94%)  —  243545 checks/s  —  ETA 0s  —  0 failed so far
[OUTPUT] 2026-07-13T12:18:07.381632 skip_listing [train]:   184,000/196,000 checked (94%)  —  243555 checks/s  —  ETA 0s  —  0 failed so far
[OUTPUT] 2026-07-13T12:18:07.383652 skip_listing [train]:   184,500/196,000 checked (94%)  —  243566 checks/s  —  ETA 0s  —  0 failed so far
[OUTPUT] 2026-07-13T12:18:07.385674 skip_listing [train]:   185,000/196,000 checked (94%)  —  243576 checks/s  —  ETA 0s  —  0 failed so far
[OUTPUT] 2026-07-13T12:18:07.387694 skip_listing [train]:   185,500/196,000 checked (95%)  —  243586 checks/s  —  ETA 0s  —  0 failed so far
[OUTPUT] 2026-07-13T12:18:07.389716 skip_listing [train]:   186,000/196,000 checked (95%)  —  243596 checks/s  —  ETA 0s  —  0 failed so far
[OUTPUT] 2026-07-13T12:18:07.391734 skip_listing [train]:   186,500/196,000 checked (95%)  —  243607 checks/s  —  ETA 0s  —  0 failed so far
[OUTPUT] 2026-07-13T12:18:07.393750 skip_listing [train]:   187,000/196,000 checked (95%)  —  243619 checks/s  —  ETA 0s  —  0 failed so far
[OUTPUT] 2026-07-13T12:18:07.395771 skip_listing [train]:   187,500/196,000 checked (96%)  —  243628 checks/s  —  ETA 0s  —  0 failed so far
[OUTPUT] 2026-07-13T12:18:07.397790 skip_listing [train]:   188,000/196,000 checked (96%)  —  243639 checks/s  —  ETA 0s  —  0 failed so far
[OUTPUT] 2026-07-13T12:18:07.399810 skip_listing [train]:   188,500/196,000 checked (96%)  —  243649 checks/s  —  ETA 0s  —  0 failed so far
[OUTPUT] 2026-07-13T12:18:07.401835 skip_listing [train]:   189,000/196,000 checked (96%)  —  243658 checks/s  —  ETA 0s  —  0 failed so far
[OUTPUT] 2026-07-13T12:18:07.403854 skip_listing [train]:   189,500/196,000 checked (97%)  —  243668 checks/s  —  ETA 0s  —  0 failed so far
[OUTPUT] 2026-07-13T12:18:07.405874 skip_listing [train]:   190,000/196,000 checked (97%)  —  243678 checks/s  —  ETA 0s  —  0 failed so far
[OUTPUT] 2026-07-13T12:18:07.407885 skip_listing [train]:   190,500/196,000 checked (97%)  —  243691 checks/s  —  ETA 0s  —  0 failed so far
[OUTPUT] 2026-07-13T12:18:07.409901 skip_listing [train]:   191,000/196,000 checked (97%)  —  243702 checks/s  —  ETA 0s  —  0 failed so far
[OUTPUT] 2026-07-13T12:18:07.411936 skip_listing [train]:   191,500/196,000 checked (98%)  —  243707 checks/s  —  ETA 0s  —  0 failed so far
[OUTPUT] 2026-07-13T12:18:07.413998 skip_listing [train]:   192,000/196,000 checked (98%)  —  243704 checks/s  —  ETA 0s  —  0 failed so far
[OUTPUT] 2026-07-13T12:18:07.416024 skip_listing [train]:   192,500/196,000 checked (98%)  —  243712 checks/s  —  ETA 0s  —  0 failed so far
[OUTPUT] 2026-07-13T12:18:07.418040 skip_listing [train]:   193,000/196,000 checked (98%)  —  243723 checks/s  —  ETA 0s  —  0 failed so far
[OUTPUT] 2026-07-13T12:18:07.420055 skip_listing [train]:   193,500/196,000 checked (99%)  —  243734 checks/s  —  ETA 0s  —  0 failed so far
[OUTPUT] 2026-07-13T12:18:07.422071 skip_listing [train]:   194,000/196,000 checked (99%)  —  243745 checks/s  —  ETA 0s  —  0 failed so far
[OUTPUT] 2026-07-13T12:18:07.424083 skip_listing [train]:   194,500/196,000 checked (99%)  —  243757 checks/s  —  ETA 0s  —  0 failed so far
[OUTPUT] 2026-07-13T12:18:07.426095 skip_listing [train]:   195,000/196,000 checked (99%)  —  243769 checks/s  —  ETA 0s  —  0 failed so far
[OUTPUT] 2026-07-13T12:18:07.428100 skip_listing [train]:   195,500/196,000 checked (100%)  —  243783 checks/s  —  ETA 0s  —  0 failed so far
[OUTPUT] 2026-07-13T12:18:07.430103 skip_listing [train]: validation complete — all 196,000 samples exist (0.8s, 243798 checks/s); 4,084 URIs ready for rank 0 (196,000 total across all ranks)
[OUTPUT] 2026-07-13T12:18:07.430151 File listing [train]: 196000 files discovered, 4083 assigned to rank 0, completed in 0.82s
[OUTPUT] 2026-07-13T12:18:07.430169 skip_listing [valid]: generated 0 file URIs deterministically (0 total — validation disabled)
[OUTPUT] 2026-07-13T12:18:07.430184 File listing [valid]: 0 files discovered, 0 assigned to rank 0, completed in 0.00s
[OUTPUT] 2026-07-13T12:18:07.430196 Streamed file sharding: 196000 train files across 48 ranks via round-robin (rank 0 shard: 4083 files)
[OUTPUT] 2026-07-13T12:18:09.483045 Max steps per epoch per rank: 28000 = 1 * 196000 / 7 (samples per file * local files / batch size)
[OUTPUT] 2026-07-13T12:18:09.630385 Reshard for epoch 1: 4083 train files, 0 eval files redistributed via alltoall in 0.15s
[OUTPUT] 2026-07-13T12:18:10.503483 Worker pre-warm complete (2 workers spawned)
[OUTPUT] 2026-07-13T12:18:10.834352 Starting epoch 1: 583 steps expected
[OUTPUT] 2026-07-13T12:18:10.834594 Starting block 1
[OUTPUT] 2026-07-13T12:19:55.409392 Ending block 1 - 583 steps completed in 104.57 s
[OUTPUT] 2026-07-13T12:19:55.411396 Epoch 1 - Block 1 [Training] Accelerator Utilization [AU] (%): 90.7958
[OUTPUT] 2026-07-13T12:19:55.411432 Epoch 1 - Block 1 [Training] Throughput (samples/second): 1882.0541
[OUTPUT] 2026-07-13T12:19:55.411923 Epoch 1 - Block 1 [Training] Computation time per step (second): 0.1621+/-0.0000 (set value: {'mean': 0.162})
[OUTPUT] 2026-07-13T12:19:55.418101 Ending epoch 1 - 583 steps completed in 104.58 s
[OUTPUT] 2026-07-13T12:19:55.461935 Reshard for epoch 2: 4083 train files, 0 eval files redistributed via alltoall in 0.04s
[OUTPUT] 2026-07-13T12:19:56.215672 Worker pre-warm complete for epoch 2 (2 workers spawned)
[OUTPUT] 2026-07-13T12:19:57.445252 Starting epoch 2: 583 steps expected
[OUTPUT] 2026-07-13T12:19:57.445539 Starting block 1
[OUTPUT] 2026-07-13T12:21:41.988771 Ending block 1 - 583 steps completed in 104.54 s
[OUTPUT] 2026-07-13T12:21:41.989851 Epoch 2 - Block 1 [Training] Accelerator Utilization [AU] (%): 90.8999
[OUTPUT] 2026-07-13T12:21:41.989884 Epoch 2 - Block 1 [Training] Throughput (samples/second): 1884.2127
[OUTPUT] 2026-07-13T12:21:41.990019 Epoch 2 - Block 1 [Training] Computation time per step (second): 0.1621+/-0.0000 (set value: {'mean': 0.162})
[OUTPUT] 2026-07-13T12:21:42.005142 Ending epoch 2 - 583 steps completed in 104.56 s
[OUTPUT] 2026-07-13T12:21:42.049290 Reshard for epoch 3: 4083 train files, 0 eval files redistributed via alltoall in 0.04s
[OUTPUT] 2026-07-13T12:21:42.803076 Worker pre-warm complete for epoch 3 (2 workers spawned)
[OUTPUT] 2026-07-13T12:21:44.209535 Starting epoch 3: 583 steps expected
[OUTPUT] 2026-07-13T12:21:44.209857 Starting block 1
[OUTPUT] 2026-07-13T12:23:28.866506 Ending block 1 - 583 steps completed in 104.66 s
[OUTPUT] 2026-07-13T12:23:28.867593 Epoch 3 - Block 1 [Training] Accelerator Utilization [AU] (%): 90.7299
[OUTPUT] 2026-07-13T12:23:28.867646 Epoch 3 - Block 1 [Training] Throughput (samples/second): 1880.6805
[OUTPUT] 2026-07-13T12:23:28.867776 Epoch 3 - Block 1 [Training] Computation time per step (second): 0.1621+/-0.0000 (set value: {'mean': 0.162})
[OUTPUT] 2026-07-13T12:23:28.871840 Ending epoch 3 - 583 steps completed in 104.66 s
[OUTPUT] 2026-07-13T12:23:28.917245 Reshard for epoch 4: 4083 train files, 0 eval files redistributed via alltoall in 0.04s
[OUTPUT] 2026-07-13T12:23:29.613361 Worker pre-warm complete for epoch 4 (2 workers spawned)
[OUTPUT] 2026-07-13T12:23:30.831443 Starting epoch 4: 583 steps expected
[OUTPUT] 2026-07-13T12:23:30.831732 Starting block 1
[OUTPUT] 2026-07-13T12:25:15.315335 Ending block 1 - 583 steps completed in 104.48 s
[OUTPUT] 2026-07-13T12:25:15.316500 Epoch 4 - Block 1 [Training] Accelerator Utilization [AU] (%): 90.9037
[OUTPUT] 2026-07-13T12:25:15.316533 Epoch 4 - Block 1 [Training] Throughput (samples/second): 1884.2700
[OUTPUT] 2026-07-13T12:25:15.316653 Epoch 4 - Block 1 [Training] Computation time per step (second): 0.1621+/-0.0000 (set value: {'mean': 0.162})
[OUTPUT] 2026-07-13T12:25:15.331730 Ending epoch 4 - 583 steps completed in 104.50 s
[OUTPUT] 2026-07-13T12:25:15.376397 Reshard for epoch 5: 4083 train files, 0 eval files redistributed via alltoall in 0.04s
[OUTPUT] 2026-07-13T12:25:16.152319 Worker pre-warm complete for epoch 5 (2 workers spawned)
[OUTPUT] 2026-07-13T12:25:17.326444 Starting epoch 5: 583 steps expected
[OUTPUT] 2026-07-13T12:25:17.326656 Starting block 1
[OUTPUT] 2026-07-13T12:27:01.981275 Ending block 1 - 583 steps completed in 104.65 s
[OUTPUT] 2026-07-13T12:27:01.982411 Epoch 5 - Block 1 [Training] Accelerator Utilization [AU] (%): 90.8533
[OUTPUT] 2026-07-13T12:27:01.982441 Epoch 5 - Block 1 [Training] Throughput (samples/second): 1883.2461
[OUTPUT] 2026-07-13T12:27:01.982555 Epoch 5 - Block 1 [Training] Computation time per step (second): 0.1621+/-0.0000 (set value: {'mean': 0.162})
[OUTPUT] 2026-07-13T12:27:02.026900 Ending epoch 5 - 583 steps completed in 104.70 s
[OUTPUT] 2026-07-13T12:27:02.071861 Reshard for epoch 6: 4083 train files, 0 eval files redistributed via alltoall in 0.04s
[OUTPUT] 2026-07-13T12:27:02.759167 Worker pre-warm complete for epoch 6 (2 workers spawned)
[OUTPUT] 2026-07-13T12:27:02.948083 Saved outputs in /root/Suzhou_Zishan_Longlin/closed/Suzhou_Zishan_Longlin/results/GalaxSphere-2Tier0/training/unet3d/run/20260713_121727
[OUTPUT] Averaged metric over all steps/epochs
[METRIC] ==========================================================
[METRIC] Number of Simulated Accelerators: 48 
[METRIC] Training Accelerator Utilization [AU] (%): 90.8539 (0.0633)
[METRIC] Training Throughput (samples/second): 1883.1909 (1.3154)
[METRIC] Training I/O Throughput (MiB/second): 263287.5121 (183.9042)
[METRIC] train_au_meet_expectation: success
[METRIC] ==========================================================

[OUTPUT] 2026-07-13T12:27:03.031688 outputs saved in RANKID_output.json
