[OUTPUT] [DEBUG DLIOBenchmark.__init__] After LoadConfig:
[OUTPUT]   storage_type   = <StorageType.LOCAL_FS: 'local_fs'>
[OUTPUT]   storage_root   = './'
[OUTPUT]   storage_options= None
[OUTPUT]   data_folder    = '/mnt/glfs/GalaxSphere-2Tier0/training/unet3d'
[OUTPUT]   framework      = <FrameworkType.PYTORCH: 'pytorch'>
[OUTPUT]   num_files_train= 196000
[OUTPUT]   record_length  = 146600628
[OUTPUT]   generate_data  = False
[OUTPUT]   do_train       = True
[OUTPUT]   do_checkpoint  = False
[OUTPUT]   epochs         = 5
[OUTPUT]   batch_size     = 7
[OUTPUT] 2026-07-13T12:47:19.890204 Running DLIO [Training] with 48 process(es)
[OUTPUT] 2026-07-13T12:47:19.913260 skip_listing [train]: validating 196,000 of 196,000 files (first, last, every 1) via HEAD requests ...
[OUTPUT] 2026-07-13T12:47:19.917085 skip_listing [train]:   500/196,000 checked (0%)  —  135519 checks/s  —  ETA 1s  —  0 failed so far
[OUTPUT] 2026-07-13T12:47:19.919225 skip_listing [train]:   1,000/196,000 checked (1%)  —  171553 checks/s  —  ETA 1s  —  0 failed so far
[OUTPUT] 2026-07-13T12:47:19.921342 skip_listing [train]:   1,500/196,000 checked (1%)  —  188740 checks/s  —  ETA 1s  —  0 failed so far
[OUTPUT] 2026-07-13T12:47:19.923456 skip_listing [train]:   2,000/196,000 checked (1%)  —  198777 checks/s  —  ETA 1s  —  0 failed so far
[OUTPUT] 2026-07-13T12:47:19.925558 skip_listing [train]:   2,500/196,000 checked (1%)  —  205535 checks/s  —  ETA 1s  —  0 failed so far
[OUTPUT] 2026-07-13T12:47:19.927661 skip_listing [train]:   3,000/196,000 checked (2%)  —  210286 checks/s  —  ETA 1s  —  0 failed so far
[OUTPUT] 2026-07-13T12:47:19.929762 skip_listing [train]:   3,500/196,000 checked (2%)  —  213842 checks/s  —  ETA 1s  —  0 failed so far
[OUTPUT] 2026-07-13T12:47:19.931848 skip_listing [train]:   4,000/196,000 checked (2%)  —  216760 checks/s  —  ETA 1s  —  0 failed so far
[OUTPUT] 2026-07-13T12:47:19.933933 skip_listing [train]:   4,500/196,000 checked (2%)  —  219100 checks/s  —  ETA 1s  —  0 failed so far
[OUTPUT] 2026-07-13T12:47:19.936016 skip_listing [train]:   5,000/196,000 checked (3%)  —  221030 checks/s  —  ETA 1s  —  0 failed so far
[OUTPUT] 2026-07-13T12:47:19.938096 skip_listing [train]:   5,500/196,000 checked (3%)  —  222656 checks/s  —  ETA 1s  —  0 failed so far
[OUTPUT] 2026-07-13T12:47:19.940169 skip_listing [train]:   6,000/196,000 checked (3%)  —  224089 checks/s  —  ETA 1s  —  0 failed so far
[OUTPUT] 2026-07-13T12:47:19.942242 skip_listing [train]:   6,500/196,000 checked (3%)  —  225319 checks/s  —  ETA 1s  —  0 failed so far
[OUTPUT] 2026-07-13T12:47:19.944322 skip_listing [train]:   7,000/196,000 checked (4%)  —  226331 checks/s  —  ETA 1s  —  0 failed so far
[OUTPUT] 2026-07-13T12:47:19.946397 skip_listing [train]:   7,500/196,000 checked (4%)  —  227250 checks/s  —  ETA 1s  —  0 failed so far
[OUTPUT] 2026-07-13T12:47:19.948469 skip_listing [train]:   8,000/196,000 checked (4%)  —  228085 checks/s  —  ETA 1s  —  0 failed so far
[OUTPUT] 2026-07-13T12:47:19.950541 skip_listing [train]:   8,500/196,000 checked (4%)  —  228825 checks/s  —  ETA 1s  —  0 failed so far
[OUTPUT] 2026-07-13T12:47:19.952615 skip_listing [train]:   9,000/196,000 checked (5%)  —  229471 checks/s  —  ETA 1s  —  0 failed so far
[OUTPUT] 2026-07-13T12:47:19.954688 skip_listing [train]:   9,500/196,000 checked (5%)  —  230058 checks/s  —  ETA 1s  —  0 failed so far
[OUTPUT] 2026-07-13T12:47:19.956756 skip_listing [train]:   10,000/196,000 checked (5%)  —  230618 checks/s  —  ETA 1s  —  0 failed so far
[OUTPUT] 2026-07-13T12:47:19.958825 skip_listing [train]:   10,500/196,000 checked (5%)  —  231119 checks/s  —  ETA 1s  —  0 failed so far
[OUTPUT] 2026-07-13T12:47:19.960895 skip_listing [train]:   11,000/196,000 checked (6%)  —  231575 checks/s  —  ETA 1s  —  0 failed so far
[OUTPUT] 2026-07-13T12:47:19.962961 skip_listing [train]:   11,500/196,000 checked (6%)  —  232012 checks/s  —  ETA 1s  —  0 failed so far
[OUTPUT] 2026-07-13T12:47:19.965031 skip_listing [train]:   12,000/196,000 checked (6%)  —  232394 checks/s  —  ETA 1s  —  0 failed so far
[OUTPUT] 2026-07-13T12:47:19.967103 skip_listing [train]:   12,500/196,000 checked (6%)  —  232738 checks/s  —  ETA 1s  —  0 failed so far
[OUTPUT] 2026-07-13T12:47:19.969176 skip_listing [train]:   13,000/196,000 checked (7%)  —  233053 checks/s  —  ETA 1s  —  0 failed so far
[OUTPUT] 2026-07-13T12:47:19.972135 skip_listing [train]:   13,500/196,000 checked (7%)  —  229823 checks/s  —  ETA 1s  —  0 failed so far
[OUTPUT] 2026-07-13T12:47:19.974206 skip_listing [train]:   14,000/196,000 checked (7%)  —  230220 checks/s  —  ETA 1s  —  0 failed so far
[OUTPUT] 2026-07-13T12:47:19.976287 skip_listing [train]:   14,500/196,000 checked (7%)  —  230553 checks/s  —  ETA 1s  —  0 failed so far
[OUTPUT] 2026-07-13T12:47:19.978360 skip_listing [train]:   15,000/196,000 checked (8%)  —  230893 checks/s  —  ETA 1s  —  0 failed so far
[OUTPUT] 2026-07-13T12:47:19.980431 skip_listing [train]:   15,500/196,000 checked (8%)  —  231218 checks/s  —  ETA 1s  —  0 failed so far
[OUTPUT] 2026-07-13T12:47:19.982505 skip_listing [train]:   16,000/196,000 checked (8%)  —  231512 checks/s  —  ETA 1s  —  0 failed so far
[OUTPUT] 2026-07-13T12:47:19.984572 skip_listing [train]:   16,500/196,000 checked (8%)  —  231813 checks/s  —  ETA 1s  —  0 failed so far
[OUTPUT] 2026-07-13T12:47:19.986642 skip_listing [train]:   17,000/196,000 checked (9%)  —  232089 checks/s  —  ETA 1s  —  0 failed so far
[OUTPUT] 2026-07-13T12:47:19.988710 skip_listing [train]:   17,500/196,000 checked (9%)  —  232354 checks/s  —  ETA 1s  —  0 failed so far
[OUTPUT] 2026-07-13T12:47:19.990779 skip_listing [train]:   18,000/196,000 checked (9%)  —  232605 checks/s  —  ETA 1s  —  0 failed so far
[OUTPUT] 2026-07-13T12:47:19.992846 skip_listing [train]:   18,500/196,000 checked (9%)  —  232846 checks/s  —  ETA 1s  —  0 failed so far
[OUTPUT] 2026-07-13T12:47:19.994920 skip_listing [train]:   19,000/196,000 checked (10%)  —  233054 checks/s  —  ETA 1s  —  0 failed so far
[OUTPUT] 2026-07-13T12:47:19.996989 skip_listing [train]:   19,500/196,000 checked (10%)  —  233268 checks/s  —  ETA 1s  —  0 failed so far
[OUTPUT] 2026-07-13T12:47:20.000011 skip_listing [train]:   20,000/196,000 checked (10%)  —  230903 checks/s  —  ETA 1s  —  0 failed so far
[OUTPUT] 2026-07-13T12:47:20.002086 skip_listing [train]:   20,500/196,000 checked (10%)  —  231138 checks/s  —  ETA 1s  —  0 failed so far
[OUTPUT] 2026-07-13T12:47:20.004156 skip_listing [train]:   21,000/196,000 checked (11%)  —  231374 checks/s  —  ETA 1s  —  0 failed so far
[OUTPUT] 2026-07-13T12:47:20.006230 skip_listing [train]:   21,500/196,000 checked (11%)  —  231591 checks/s  —  ETA 1s  —  0 failed so far
[OUTPUT] 2026-07-13T12:47:20.008304 skip_listing [train]:   22,000/196,000 checked (11%)  —  231799 checks/s  —  ETA 1s  —  0 failed so far
[OUTPUT] 2026-07-13T12:47:20.010374 skip_listing [train]:   22,500/196,000 checked (11%)  —  232008 checks/s  —  ETA 1s  —  0 failed so far
[OUTPUT] 2026-07-13T12:47:20.012446 skip_listing [train]:   23,000/196,000 checked (12%)  —  232202 checks/s  —  ETA 1s  —  0 failed so far
[OUTPUT] 2026-07-13T12:47:20.014520 skip_listing [train]:   23,500/196,000 checked (12%)  —  232383 checks/s  —  ETA 1s  —  0 failed so far
[OUTPUT] 2026-07-13T12:47:20.016593 skip_listing [train]:   24,000/196,000 checked (12%)  —  232560 checks/s  —  ETA 1s  —  0 failed so far
[OUTPUT] 2026-07-13T12:47:20.018663 skip_listing [train]:   24,500/196,000 checked (12%)  —  232739 checks/s  —  ETA 1s  —  0 failed so far
[OUTPUT] 2026-07-13T12:47:20.020735 skip_listing [train]:   25,000/196,000 checked (13%)  —  232904 checks/s  —  ETA 1s  —  0 failed so far
[OUTPUT] 2026-07-13T12:47:20.022807 skip_listing [train]:   25,500/196,000 checked (13%)  —  233063 checks/s  —  ETA 1s  —  0 failed so far
[OUTPUT] 2026-07-13T12:47:20.024877 skip_listing [train]:   26,000/196,000 checked (13%)  —  233221 checks/s  —  ETA 1s  —  0 failed so far
[OUTPUT] 2026-07-13T12:47:20.026946 skip_listing [train]:   26,500/196,000 checked (14%)  —  233374 checks/s  —  ETA 1s  —  0 failed so far
[OUTPUT] 2026-07-13T12:47:20.029015 skip_listing [train]:   27,000/196,000 checked (14%)  —  233521 checks/s  —  ETA 1s  —  0 failed so far
[OUTPUT] 2026-07-13T12:47:20.031081 skip_listing [train]:   27,500/196,000 checked (14%)  —  233671 checks/s  —  ETA 1s  —  0 failed so far
[OUTPUT] 2026-07-13T12:47:20.033153 skip_listing [train]:   28,000/196,000 checked (14%)  —  233803 checks/s  —  ETA 1s  —  0 failed so far
[OUTPUT] 2026-07-13T12:47:20.035220 skip_listing [train]:   28,500/196,000 checked (15%)  —  233942 checks/s  —  ETA 1s  —  0 failed so far
[OUTPUT] 2026-07-13T12:47:20.037285 skip_listing [train]:   29,000/196,000 checked (15%)  —  234078 checks/s  —  ETA 1s  —  0 failed so far
[OUTPUT] 2026-07-13T12:47:20.039358 skip_listing [train]:   29,500/196,000 checked (15%)  —  234195 checks/s  —  ETA 1s  —  0 failed so far
[OUTPUT] 2026-07-13T12:47:20.041424 skip_listing [train]:   30,000/196,000 checked (15%)  —  234320 checks/s  —  ETA 1s  —  0 failed so far
[OUTPUT] 2026-07-13T12:47:20.043485 skip_listing [train]:   30,500/196,000 checked (16%)  —  234452 checks/s  —  ETA 1s  —  0 failed so far
[OUTPUT] 2026-07-13T12:47:20.045550 skip_listing [train]:   31,000/196,000 checked (16%)  —  234571 checks/s  —  ETA 1s  —  0 failed so far
[OUTPUT] 2026-07-13T12:47:20.047618 skip_listing [train]:   31,500/196,000 checked (16%)  —  234682 checks/s  —  ETA 1s  —  0 failed so far
[OUTPUT] 2026-07-13T12:47:20.049689 skip_listing [train]:   32,000/196,000 checked (16%)  —  234786 checks/s  —  ETA 1s  —  0 failed so far
[OUTPUT] 2026-07-13T12:47:20.051759 skip_listing [train]:   32,500/196,000 checked (17%)  —  234886 checks/s  —  ETA 1s  —  0 failed so far
[OUTPUT] 2026-07-13T12:47:20.053826 skip_listing [train]:   33,000/196,000 checked (17%)  —  234989 checks/s  —  ETA 1s  —  0 failed so far
[OUTPUT] 2026-07-13T12:47:20.055891 skip_listing [train]:   33,500/196,000 checked (17%)  —  235093 checks/s  —  ETA 1s  —  0 failed so far
[OUTPUT] 2026-07-13T12:47:20.058804 skip_listing [train]:   34,000/196,000 checked (17%)  —  233822 checks/s  —  ETA 1s  —  0 failed so far
[OUTPUT] 2026-07-13T12:47:20.060876 skip_listing [train]:   34,500/196,000 checked (18%)  —  233927 checks/s  —  ETA 1s  —  0 failed so far
[OUTPUT] 2026-07-13T12:47:20.062945 skip_listing [train]:   35,000/196,000 checked (18%)  —  234035 checks/s  —  ETA 1s  —  0 failed so far
[OUTPUT] 2026-07-13T12:47:20.065014 skip_listing [train]:   35,500/196,000 checked (18%)  —  234138 checks/s  —  ETA 1s  —  0 failed so far
[OUTPUT] 2026-07-13T12:47:20.067084 skip_listing [train]:   36,000/196,000 checked (18%)  —  234238 checks/s  —  ETA 1s  —  0 failed so far
[OUTPUT] 2026-07-13T12:47:20.069151 skip_listing [train]:   36,500/196,000 checked (19%)  —  234340 checks/s  —  ETA 1s  —  0 failed so far
[OUTPUT] 2026-07-13T12:47:20.071222 skip_listing [train]:   37,000/196,000 checked (19%)  —  234432 checks/s  —  ETA 1s  —  0 failed so far
[OUTPUT] 2026-07-13T12:47:20.073288 skip_listing [train]:   37,500/196,000 checked (19%)  —  234531 checks/s  —  ETA 1s  —  0 failed so far
[OUTPUT] 2026-07-13T12:47:20.075355 skip_listing [train]:   38,000/196,000 checked (19%)  —  234625 checks/s  —  ETA 1s  —  0 failed so far
[OUTPUT] 2026-07-13T12:47:20.077430 skip_listing [train]:   38,500/196,000 checked (20%)  —  234705 checks/s  —  ETA 1s  —  0 failed so far
[OUTPUT] 2026-07-13T12:47:20.079497 skip_listing [train]:   39,000/196,000 checked (20%)  —  234795 checks/s  —  ETA 1s  —  0 failed so far
[OUTPUT] 2026-07-13T12:47:20.081560 skip_listing [train]:   39,500/196,000 checked (20%)  —  234887 checks/s  —  ETA 1s  —  0 failed so far
[OUTPUT] 2026-07-13T12:47:20.083629 skip_listing [train]:   40,000/196,000 checked (20%)  —  234969 checks/s  —  ETA 1s  —  0 failed so far
[OUTPUT] 2026-07-13T12:47:20.085704 skip_listing [train]:   40,500/196,000 checked (21%)  —  235042 checks/s  —  ETA 1s  —  0 failed so far
[OUTPUT] 2026-07-13T12:47:20.087771 skip_listing [train]:   41,000/196,000 checked (21%)  —  235123 checks/s  —  ETA 1s  —  0 failed so far
[OUTPUT] 2026-07-13T12:47:20.089837 skip_listing [train]:   41,500/196,000 checked (21%)  —  235204 checks/s  —  ETA 1s  —  0 failed so far
[OUTPUT] 2026-07-13T12:47:20.091903 skip_listing [train]:   42,000/196,000 checked (21%)  —  235283 checks/s  —  ETA 1s  —  0 failed so far
[OUTPUT] 2026-07-13T12:47:20.093973 skip_listing [train]:   42,500/196,000 checked (22%)  —  235355 checks/s  —  ETA 1s  —  0 failed so far
[OUTPUT] 2026-07-13T12:47:20.096037 skip_listing [train]:   43,000/196,000 checked (22%)  —  235432 checks/s  —  ETA 1s  —  0 failed so far
[OUTPUT] 2026-07-13T12:47:20.098097 skip_listing [train]:   43,500/196,000 checked (22%)  —  235513 checks/s  —  ETA 1s  —  0 failed so far
[OUTPUT] 2026-07-13T12:47:20.100162 skip_listing [train]:   44,000/196,000 checked (22%)  —  235587 checks/s  —  ETA 1s  —  0 failed so far
[OUTPUT] 2026-07-13T12:47:20.102233 skip_listing [train]:   44,500/196,000 checked (23%)  —  235651 checks/s  —  ETA 1s  —  0 failed so far
[OUTPUT] 2026-07-13T12:47:20.104306 skip_listing [train]:   45,000/196,000 checked (23%)  —  235711 checks/s  —  ETA 1s  —  0 failed so far
[OUTPUT] 2026-07-13T12:47:20.106372 skip_listing [train]:   45,500/196,000 checked (23%)  —  235778 checks/s  —  ETA 1s  —  0 failed so far
[OUTPUT] 2026-07-13T12:47:20.108443 skip_listing [train]:   46,000/196,000 checked (23%)  —  235839 checks/s  —  ETA 1s  —  0 failed so far
[OUTPUT] 2026-07-13T12:47:20.110511 skip_listing [train]:   46,500/196,000 checked (24%)  —  235901 checks/s  —  ETA 1s  —  0 failed so far
[OUTPUT] 2026-07-13T12:47:20.112582 skip_listing [train]:   47,000/196,000 checked (24%)  —  235959 checks/s  —  ETA 1s  —  0 failed so far
[OUTPUT] 2026-07-13T12:47:20.114653 skip_listing [train]:   47,500/196,000 checked (24%)  —  236015 checks/s  —  ETA 1s  —  0 failed so far
[OUTPUT] 2026-07-13T12:47:20.116725 skip_listing [train]:   48,000/196,000 checked (24%)  —  236068 checks/s  —  ETA 1s  —  0 failed so far
[OUTPUT] 2026-07-13T12:47:20.118793 skip_listing [train]:   48,500/196,000 checked (25%)  —  236126 checks/s  —  ETA 1s  —  0 failed so far
[OUTPUT] 2026-07-13T12:47:20.120863 skip_listing [train]:   49,000/196,000 checked (25%)  —  236180 checks/s  —  ETA 1s  —  0 failed so far
[OUTPUT] 2026-07-13T12:47:20.122930 skip_listing [train]:   49,500/196,000 checked (25%)  —  236237 checks/s  —  ETA 1s  —  0 failed so far
[OUTPUT] 2026-07-13T12:47:20.124996 skip_listing [train]:   50,000/196,000 checked (26%)  —  236293 checks/s  —  ETA 1s  —  0 failed so far
[OUTPUT] 2026-07-13T12:47:20.127066 skip_listing [train]:   50,500/196,000 checked (26%)  —  236344 checks/s  —  ETA 1s  —  0 failed so far
[OUTPUT] 2026-07-13T12:47:20.129134 skip_listing [train]:   51,000/196,000 checked (26%)  —  236396 checks/s  —  ETA 1s  —  0 failed so far
[OUTPUT] 2026-07-13T12:47:20.131202 skip_listing [train]:   51,500/196,000 checked (26%)  —  236447 checks/s  —  ETA 1s  —  0 failed so far
[OUTPUT] 2026-07-13T12:47:20.133271 skip_listing [train]:   52,000/196,000 checked (27%)  —  236496 checks/s  —  ETA 1s  —  0 failed so far
[OUTPUT] 2026-07-13T12:47:20.135340 skip_listing [train]:   52,500/196,000 checked (27%)  —  236545 checks/s  —  ETA 1s  —  0 failed so far
[OUTPUT] 2026-07-13T12:47:20.137411 skip_listing [train]:   53,000/196,000 checked (27%)  —  236590 checks/s  —  ETA 1s  —  0 failed so far
[OUTPUT] 2026-07-13T12:47:20.139480 skip_listing [train]:   53,500/196,000 checked (27%)  —  236635 checks/s  —  ETA 1s  —  0 failed so far
[OUTPUT] 2026-07-13T12:47:20.141548 skip_listing [train]:   54,000/196,000 checked (28%)  —  236682 checks/s  —  ETA 1s  —  0 failed so far
[OUTPUT] 2026-07-13T12:47:20.143616 skip_listing [train]:   54,500/196,000 checked (28%)  —  236728 checks/s  —  ETA 1s  —  0 failed so far
[OUTPUT] 2026-07-13T12:47:20.145681 skip_listing [train]:   55,000/196,000 checked (28%)  —  236776 checks/s  —  ETA 1s  —  0 failed so far
[OUTPUT] 2026-07-13T12:47:20.147747 skip_listing [train]:   55,500/196,000 checked (28%)  —  236823 checks/s  —  ETA 1s  —  0 failed so far
[OUTPUT] 2026-07-13T12:47:20.149815 skip_listing [train]:   56,000/196,000 checked (29%)  —  236866 checks/s  —  ETA 1s  —  0 failed so far
[OUTPUT] 2026-07-13T12:47:20.151888 skip_listing [train]:   56,500/196,000 checked (29%)  —  236903 checks/s  —  ETA 1s  —  0 failed so far
[OUTPUT] 2026-07-13T12:47:20.153957 skip_listing [train]:   57,000/196,000 checked (29%)  —  236945 checks/s  —  ETA 1s  —  0 failed so far
[OUTPUT] 2026-07-13T12:47:20.156027 skip_listing [train]:   57,500/196,000 checked (29%)  —  236983 checks/s  —  ETA 1s  —  0 failed so far
[OUTPUT] 2026-07-13T12:47:20.158100 skip_listing [train]:   58,000/196,000 checked (30%)  —  237020 checks/s  —  ETA 1s  —  0 failed so far
[OUTPUT] 2026-07-13T12:47:20.160166 skip_listing [train]:   58,500/196,000 checked (30%)  —  237061 checks/s  —  ETA 1s  —  0 failed so far
[OUTPUT] 2026-07-13T12:47:20.162794 skip_listing [train]:   59,000/196,000 checked (30%)  —  236568 checks/s  —  ETA 1s  —  0 failed so far
[OUTPUT] 2026-07-13T12:47:20.164873 skip_listing [train]:   59,500/196,000 checked (30%)  —  236601 checks/s  —  ETA 1s  —  0 failed so far
[OUTPUT] 2026-07-13T12:47:20.166945 skip_listing [train]:   60,000/196,000 checked (31%)  —  236639 checks/s  —  ETA 1s  —  0 failed so far
[OUTPUT] 2026-07-13T12:47:20.169015 skip_listing [train]:   60,500/196,000 checked (31%)  —  236679 checks/s  —  ETA 1s  —  0 failed so far
[OUTPUT] 2026-07-13T12:47:20.171086 skip_listing [train]:   61,000/196,000 checked (31%)  —  236717 checks/s  —  ETA 1s  —  0 failed so far
[OUTPUT] 2026-07-13T12:47:20.173157 skip_listing [train]:   61,500/196,000 checked (31%)  —  236754 checks/s  —  ETA 1s  —  0 failed so far
[OUTPUT] 2026-07-13T12:47:20.175226 skip_listing [train]:   62,000/196,000 checked (32%)  —  236793 checks/s  —  ETA 1s  —  0 failed so far
[OUTPUT] 2026-07-13T12:47:20.177298 skip_listing [train]:   62,500/196,000 checked (32%)  —  236829 checks/s  —  ETA 1s  —  0 failed so far
[OUTPUT] 2026-07-13T12:47:20.179366 skip_listing [train]:   63,000/196,000 checked (32%)  —  236867 checks/s  —  ETA 1s  —  0 failed so far
[OUTPUT] 2026-07-13T12:47:20.181435 skip_listing [train]:   63,500/196,000 checked (32%)  —  236904 checks/s  —  ETA 1s  —  0 failed so far
[OUTPUT] 2026-07-13T12:47:20.183508 skip_listing [train]:   64,000/196,000 checked (33%)  —  236938 checks/s  —  ETA 1s  —  0 failed so far
[OUTPUT] 2026-07-13T12:47:20.185573 skip_listing [train]:   64,500/196,000 checked (33%)  —  236977 checks/s  —  ETA 1s  —  0 failed so far
[OUTPUT] 2026-07-13T12:47:20.188119 skip_listing [train]:   65,000/196,000 checked (33%)  —  236600 checks/s  —  ETA 1s  —  0 failed so far
[OUTPUT] 2026-07-13T12:47:20.190182 skip_listing [train]:   65,500/196,000 checked (33%)  —  236643 checks/s  —  ETA 1s  —  0 failed so far
[OUTPUT] 2026-07-13T12:47:20.192243 skip_listing [train]:   66,000/196,000 checked (34%)  —  236688 checks/s  —  ETA 1s  —  0 failed so far
[OUTPUT] 2026-07-13T12:47:20.194300 skip_listing [train]:   66,500/196,000 checked (34%)  —  236734 checks/s  —  ETA 1s  —  0 failed so far
[OUTPUT] 2026-07-13T12:47:20.196352 skip_listing [train]:   67,000/196,000 checked (34%)  —  236784 checks/s  —  ETA 1s  —  0 failed so far
[OUTPUT] 2026-07-13T12:47:20.198395 skip_listing [train]:   67,500/196,000 checked (34%)  —  236842 checks/s  —  ETA 1s  —  0 failed so far
[OUTPUT] 2026-07-13T12:47:20.200436 skip_listing [train]:   68,000/196,000 checked (35%)  —  236899 checks/s  —  ETA 1s  —  0 failed so far
[OUTPUT] 2026-07-13T12:47:20.202485 skip_listing [train]:   68,500/196,000 checked (35%)  —  236950 checks/s  —  ETA 1s  —  0 failed so far
[OUTPUT] 2026-07-13T12:47:20.204524 skip_listing [train]:   69,000/196,000 checked (35%)  —  237008 checks/s  —  ETA 1s  —  0 failed so far
[OUTPUT] 2026-07-13T12:47:20.206564 skip_listing [train]:   69,500/196,000 checked (35%)  —  237064 checks/s  —  ETA 1s  —  0 failed so far
[OUTPUT] 2026-07-13T12:47:20.208599 skip_listing [train]:   70,000/196,000 checked (36%)  —  237124 checks/s  —  ETA 1s  —  0 failed so far
[OUTPUT] 2026-07-13T12:47:20.210629 skip_listing [train]:   70,500/196,000 checked (36%)  —  237186 checks/s  —  ETA 1s  —  0 failed so far
[OUTPUT] 2026-07-13T12:47:20.212661 skip_listing [train]:   71,000/196,000 checked (36%)  —  237246 checks/s  —  ETA 1s  —  0 failed so far
[OUTPUT] 2026-07-13T12:47:20.214696 skip_listing [train]:   71,500/196,000 checked (36%)  —  237304 checks/s  —  ETA 1s  —  0 failed so far
[OUTPUT] 2026-07-13T12:47:20.216727 skip_listing [train]:   72,000/196,000 checked (37%)  —  237363 checks/s  —  ETA 1s  —  0 failed so far
[OUTPUT] 2026-07-13T12:47:20.218757 skip_listing [train]:   72,500/196,000 checked (37%)  —  237423 checks/s  —  ETA 1s  —  0 failed so far
[OUTPUT] 2026-07-13T12:47:20.220786 skip_listing [train]:   73,000/196,000 checked (37%)  —  237482 checks/s  —  ETA 1s  —  0 failed so far
[OUTPUT] 2026-07-13T12:47:20.222808 skip_listing [train]:   73,500/196,000 checked (38%)  —  237546 checks/s  —  ETA 1s  —  0 failed so far
[OUTPUT] 2026-07-13T12:47:20.224826 skip_listing [train]:   74,000/196,000 checked (38%)  —  237612 checks/s  —  ETA 1s  —  0 failed so far
[OUTPUT] 2026-07-13T12:47:20.226840 skip_listing [train]:   74,500/196,000 checked (38%)  —  237681 checks/s  —  ETA 1s  —  0 failed so far
[OUTPUT] 2026-07-13T12:47:20.228847 skip_listing [train]:   75,000/196,000 checked (38%)  —  237753 checks/s  —  ETA 1s  —  0 failed so far
[OUTPUT] 2026-07-13T12:47:20.230854 skip_listing [train]:   75,500/196,000 checked (39%)  —  237825 checks/s  —  ETA 1s  —  0 failed so far
[OUTPUT] 2026-07-13T12:47:20.232861 skip_listing [train]:   76,000/196,000 checked (39%)  —  237896 checks/s  —  ETA 1s  —  0 failed so far
[OUTPUT] 2026-07-13T12:47:20.234869 skip_listing [train]:   76,500/196,000 checked (39%)  —  237966 checks/s  —  ETA 1s  —  0 failed so far
[OUTPUT] 2026-07-13T12:47:20.236871 skip_listing [train]:   77,000/196,000 checked (39%)  —  238039 checks/s  —  ETA 0s  —  0 failed so far
[OUTPUT] 2026-07-13T12:47:20.238872 skip_listing [train]:   77,500/196,000 checked (40%)  —  238112 checks/s  —  ETA 0s  —  0 failed so far
[OUTPUT] 2026-07-13T12:47:20.240877 skip_listing [train]:   78,000/196,000 checked (40%)  —  238180 checks/s  —  ETA 0s  —  0 failed so far
[OUTPUT] 2026-07-13T12:47:20.242884 skip_listing [train]:   78,500/196,000 checked (40%)  —  238247 checks/s  —  ETA 0s  —  0 failed so far
[OUTPUT] 2026-07-13T12:47:20.244888 skip_listing [train]:   79,000/196,000 checked (40%)  —  238315 checks/s  —  ETA 0s  —  0 failed so far
[OUTPUT] 2026-07-13T12:47:20.246887 skip_listing [train]:   79,500/196,000 checked (41%)  —  238386 checks/s  —  ETA 0s  —  0 failed so far
[OUTPUT] 2026-07-13T12:47:20.248884 skip_listing [train]:   80,000/196,000 checked (41%)  —  238457 checks/s  —  ETA 0s  —  0 failed so far
[OUTPUT] 2026-07-13T12:47:20.250883 skip_listing [train]:   80,500/196,000 checked (41%)  —  238526 checks/s  —  ETA 0s  —  0 failed so far
[OUTPUT] 2026-07-13T12:47:20.252886 skip_listing [train]:   81,000/196,000 checked (41%)  —  238592 checks/s  —  ETA 0s  —  0 failed so far
[OUTPUT] 2026-07-13T12:47:20.254886 skip_listing [train]:   81,500/196,000 checked (42%)  —  238659 checks/s  —  ETA 0s  —  0 failed so far
[OUTPUT] 2026-07-13T12:47:20.256890 skip_listing [train]:   82,000/196,000 checked (42%)  —  238722 checks/s  —  ETA 0s  —  0 failed so far
[OUTPUT] 2026-07-13T12:47:20.258894 skip_listing [train]:   82,500/196,000 checked (42%)  —  238785 checks/s  —  ETA 0s  —  0 failed so far
[OUTPUT] 2026-07-13T12:47:20.260895 skip_listing [train]:   83,000/196,000 checked (42%)  —  238848 checks/s  —  ETA 0s  —  0 failed so far
[OUTPUT] 2026-07-13T12:47:20.262895 skip_listing [train]:   83,500/196,000 checked (43%)  —  238912 checks/s  —  ETA 0s  —  0 failed so far
[OUTPUT] 2026-07-13T12:47:20.264889 skip_listing [train]:   84,000/196,000 checked (43%)  —  238979 checks/s  —  ETA 0s  —  0 failed so far
[OUTPUT] 2026-07-13T12:47:20.266886 skip_listing [train]:   84,500/196,000 checked (43%)  —  239044 checks/s  —  ETA 0s  —  0 failed so far
[OUTPUT] 2026-07-13T12:47:20.268884 skip_listing [train]:   85,000/196,000 checked (43%)  —  239107 checks/s  —  ETA 0s  —  0 failed so far
[OUTPUT] 2026-07-13T12:47:20.270882 skip_listing [train]:   85,500/196,000 checked (44%)  —  239169 checks/s  —  ETA 0s  —  0 failed so far
[OUTPUT] 2026-07-13T12:47:20.272879 skip_listing [train]:   86,000/196,000 checked (44%)  —  239231 checks/s  —  ETA 0s  —  0 failed so far
[OUTPUT] 2026-07-13T12:47:20.274881 skip_listing [train]:   86,500/196,000 checked (44%)  —  239289 checks/s  —  ETA 0s  —  0 failed so far
[OUTPUT] 2026-07-13T12:47:20.276883 skip_listing [train]:   87,000/196,000 checked (44%)  —  239347 checks/s  —  ETA 0s  —  0 failed so far
[OUTPUT] 2026-07-13T12:47:20.278884 skip_listing [train]:   87,500/196,000 checked (45%)  —  239405 checks/s  —  ETA 0s  —  0 failed so far
[OUTPUT] 2026-07-13T12:47:20.280878 skip_listing [train]:   88,000/196,000 checked (45%)  —  239466 checks/s  —  ETA 0s  —  0 failed so far
[OUTPUT] 2026-07-13T12:47:20.282870 skip_listing [train]:   88,500/196,000 checked (45%)  —  239529 checks/s  —  ETA 0s  —  0 failed so far
[OUTPUT] 2026-07-13T12:47:20.284868 skip_listing [train]:   89,000/196,000 checked (45%)  —  239586 checks/s  —  ETA 0s  —  0 failed so far
[OUTPUT] 2026-07-13T12:47:20.286870 skip_listing [train]:   89,500/196,000 checked (46%)  —  239641 checks/s  —  ETA 0s  —  0 failed so far
[OUTPUT] 2026-07-13T12:47:20.288865 skip_listing [train]:   90,000/196,000 checked (46%)  —  239699 checks/s  —  ETA 0s  —  0 failed so far
[OUTPUT] 2026-07-13T12:47:20.290862 skip_listing [train]:   90,500/196,000 checked (46%)  —  239756 checks/s  —  ETA 0s  —  0 failed so far
[OUTPUT] 2026-07-13T12:47:20.292858 skip_listing [train]:   91,000/196,000 checked (46%)  —  239812 checks/s  —  ETA 0s  —  0 failed so far
[OUTPUT] 2026-07-13T12:47:20.294860 skip_listing [train]:   91,500/196,000 checked (47%)  —  239864 checks/s  —  ETA 0s  —  0 failed so far
[OUTPUT] 2026-07-13T12:47:20.296859 skip_listing [train]:   92,000/196,000 checked (47%)  —  239918 checks/s  —  ETA 0s  —  0 failed so far
[OUTPUT] 2026-07-13T12:47:20.298857 skip_listing [train]:   92,500/196,000 checked (47%)  —  239971 checks/s  —  ETA 0s  —  0 failed so far
[OUTPUT] 2026-07-13T12:47:20.300853 skip_listing [train]:   93,000/196,000 checked (47%)  —  240026 checks/s  —  ETA 0s  —  0 failed so far
[OUTPUT] 2026-07-13T12:47:20.302853 skip_listing [train]:   93,500/196,000 checked (48%)  —  240077 checks/s  —  ETA 0s  —  0 failed so far
[OUTPUT] 2026-07-13T12:47:20.304855 skip_listing [train]:   94,000/196,000 checked (48%)  —  240126 checks/s  —  ETA 0s  —  0 failed so far
[OUTPUT] 2026-07-13T12:47:20.306854 skip_listing [train]:   94,500/196,000 checked (48%)  —  240177 checks/s  —  ETA 0s  —  0 failed so far
[OUTPUT] 2026-07-13T12:47:20.308855 skip_listing [train]:   95,000/196,000 checked (48%)  —  240226 checks/s  —  ETA 0s  —  0 failed so far
[OUTPUT] 2026-07-13T12:47:20.310850 skip_listing [train]:   95,500/196,000 checked (49%)  —  240278 checks/s  —  ETA 0s  —  0 failed so far
[OUTPUT] 2026-07-13T12:47:20.312848 skip_listing [train]:   96,000/196,000 checked (49%)  —  240328 checks/s  —  ETA 0s  —  0 failed so far
[OUTPUT] 2026-07-13T12:47:20.314849 skip_listing [train]:   96,500/196,000 checked (49%)  —  240376 checks/s  —  ETA 0s  —  0 failed so far
[OUTPUT] 2026-07-13T12:47:20.316843 skip_listing [train]:   97,000/196,000 checked (49%)  —  240427 checks/s  —  ETA 0s  —  0 failed so far
[OUTPUT] 2026-07-13T12:47:20.318844 skip_listing [train]:   97,500/196,000 checked (50%)  —  240474 checks/s  —  ETA 0s  —  0 failed so far
[OUTPUT] 2026-07-13T12:47:20.320841 skip_listing [train]:   98,000/196,000 checked (50%)  —  240522 checks/s  —  ETA 0s  —  0 failed so far
[OUTPUT] 2026-07-13T12:47:20.322840 skip_listing [train]:   98,500/196,000 checked (50%)  —  240569 checks/s  —  ETA 0s  —  0 failed so far
[OUTPUT] 2026-07-13T12:47:20.324841 skip_listing [train]:   99,000/196,000 checked (51%)  —  240614 checks/s  —  ETA 0s  —  0 failed so far
[OUTPUT] 2026-07-13T12:47:20.326841 skip_listing [train]:   99,500/196,000 checked (51%)  —  240660 checks/s  —  ETA 0s  —  0 failed so far
[OUTPUT] 2026-07-13T12:47:20.328844 skip_listing [train]:   100,000/196,000 checked (51%)  —  240703 checks/s  —  ETA 0s  —  0 failed so far
[OUTPUT] 2026-07-13T12:47:20.330838 skip_listing [train]:   100,500/196,000 checked (51%)  —  240751 checks/s  —  ETA 0s  —  0 failed so far
[OUTPUT] 2026-07-13T12:47:20.332825 skip_listing [train]:   101,000/196,000 checked (52%)  —  240802 checks/s  —  ETA 0s  —  0 failed so far
[OUTPUT] 2026-07-13T12:47:20.334815 skip_listing [train]:   101,500/196,000 checked (52%)  —  240852 checks/s  —  ETA 0s  —  0 failed so far
[OUTPUT] 2026-07-13T12:47:20.336801 skip_listing [train]:   102,000/196,000 checked (52%)  —  240903 checks/s  —  ETA 0s  —  0 failed so far
[OUTPUT] 2026-07-13T12:47:20.339593 skip_listing [train]:   102,500/196,000 checked (52%)  —  240498 checks/s  —  ETA 0s  —  0 failed so far
[OUTPUT] 2026-07-13T12:47:20.341590 skip_listing [train]:   103,000/196,000 checked (53%)  —  240544 checks/s  —  ETA 0s  —  0 failed so far
[OUTPUT] 2026-07-13T12:47:20.343579 skip_listing [train]:   103,500/196,000 checked (53%)  —  240595 checks/s  —  ETA 0s  —  0 failed so far
[OUTPUT] 2026-07-13T12:47:20.345567 skip_listing [train]:   104,000/196,000 checked (53%)  —  240645 checks/s  —  ETA 0s  —  0 failed so far
[OUTPUT] 2026-07-13T12:47:20.347556 skip_listing [train]:   104,500/196,000 checked (53%)  —  240694 checks/s  —  ETA 0s  —  0 failed so far
[OUTPUT] 2026-07-13T12:47:20.349546 skip_listing [train]:   105,000/196,000 checked (54%)  —  240742 checks/s  —  ETA 0s  —  0 failed so far
[OUTPUT] 2026-07-13T12:47:20.351538 skip_listing [train]:   105,500/196,000 checked (54%)  —  240789 checks/s  —  ETA 0s  —  0 failed so far
[OUTPUT] 2026-07-13T12:47:20.353531 skip_listing [train]:   106,000/196,000 checked (54%)  —  240834 checks/s  —  ETA 0s  —  0 failed so far
[OUTPUT] 2026-07-13T12:47:20.355527 skip_listing [train]:   106,500/196,000 checked (54%)  —  240878 checks/s  —  ETA 0s  —  0 failed so far
[OUTPUT] 2026-07-13T12:47:20.357514 skip_listing [train]:   107,000/196,000 checked (55%)  —  240926 checks/s  —  ETA 0s  —  0 failed so far
[OUTPUT] 2026-07-13T12:47:20.359503 skip_listing [train]:   107,500/196,000 checked (55%)  —  240973 checks/s  —  ETA 0s  —  0 failed so far
[OUTPUT] 2026-07-13T12:47:20.361495 skip_listing [train]:   108,000/196,000 checked (55%)  —  241017 checks/s  —  ETA 0s  —  0 failed so far
[OUTPUT] 2026-07-13T12:47:20.363483 skip_listing [train]:   108,500/196,000 checked (55%)  —  241063 checks/s  —  ETA 0s  —  0 failed so far
[OUTPUT] 2026-07-13T12:47:20.366256 skip_listing [train]:   109,000/196,000 checked (56%)  —  240691 checks/s  —  ETA 0s  —  0 failed so far
[OUTPUT] 2026-07-13T12:47:20.368250 skip_listing [train]:   109,500/196,000 checked (56%)  —  240736 checks/s  —  ETA 0s  —  0 failed so far
[OUTPUT] 2026-07-13T12:47:20.370235 skip_listing [train]:   110,000/196,000 checked (56%)  —  240784 checks/s  —  ETA 0s  —  0 failed so far
[OUTPUT] 2026-07-13T12:47:20.372226 skip_listing [train]:   110,500/196,000 checked (56%)  —  240829 checks/s  —  ETA 0s  —  0 failed so far
[OUTPUT] 2026-07-13T12:47:20.374214 skip_listing [train]:   111,000/196,000 checked (57%)  —  240875 checks/s  —  ETA 0s  —  0 failed so far
[OUTPUT] 2026-07-13T12:47:20.376197 skip_listing [train]:   111,500/196,000 checked (57%)  —  240924 checks/s  —  ETA 0s  —  0 failed so far
[OUTPUT] 2026-07-13T12:47:20.378189 skip_listing [train]:   112,000/196,000 checked (57%)  —  240967 checks/s  —  ETA 0s  —  0 failed so far
[OUTPUT] 2026-07-13T12:47:20.380178 skip_listing [train]:   112,500/196,000 checked (57%)  —  241011 checks/s  —  ETA 0s  —  0 failed so far
[OUTPUT] 2026-07-13T12:47:20.382167 skip_listing [train]:   113,000/196,000 checked (58%)  —  241055 checks/s  —  ETA 0s  —  0 failed so far
[OUTPUT] 2026-07-13T12:47:20.384155 skip_listing [train]:   113,500/196,000 checked (58%)  —  241099 checks/s  —  ETA 0s  —  0 failed so far
[OUTPUT] 2026-07-13T12:47:20.386143 skip_listing [train]:   114,000/196,000 checked (58%)  —  241143 checks/s  —  ETA 0s  —  0 failed so far
[OUTPUT] 2026-07-13T12:47:20.388128 skip_listing [train]:   114,500/196,000 checked (58%)  —  241188 checks/s  —  ETA 0s  —  0 failed so far
[OUTPUT] 2026-07-13T12:47:20.390111 skip_listing [train]:   115,000/196,000 checked (59%)  —  241233 checks/s  —  ETA 0s  —  0 failed so far
[OUTPUT] 2026-07-13T12:47:20.392097 skip_listing [train]:   115,500/196,000 checked (59%)  —  241277 checks/s  —  ETA 0s  —  0 failed so far
[OUTPUT] 2026-07-13T12:47:20.394080 skip_listing [train]:   116,000/196,000 checked (59%)  —  241322 checks/s  —  ETA 0s  —  0 failed so far
[OUTPUT] 2026-07-13T12:47:20.396068 skip_listing [train]:   116,500/196,000 checked (59%)  —  241364 checks/s  —  ETA 0s  —  0 failed so far
[OUTPUT] 2026-07-13T12:47:20.398057 skip_listing [train]:   117,000/196,000 checked (60%)  —  241405 checks/s  —  ETA 0s  —  0 failed so far
[OUTPUT] 2026-07-13T12:47:20.400044 skip_listing [train]:   117,500/196,000 checked (60%)  —  241447 checks/s  —  ETA 0s  —  0 failed so far
[OUTPUT] 2026-07-13T12:47:20.402031 skip_listing [train]:   118,000/196,000 checked (60%)  —  241488 checks/s  —  ETA 0s  —  0 failed so far
[OUTPUT] 2026-07-13T12:47:20.404019 skip_listing [train]:   118,500/196,000 checked (60%)  —  241529 checks/s  —  ETA 0s  —  0 failed so far
[OUTPUT] 2026-07-13T12:47:20.406005 skip_listing [train]:   119,000/196,000 checked (61%)  —  241570 checks/s  —  ETA 0s  —  0 failed so far
[OUTPUT] 2026-07-13T12:47:20.407988 skip_listing [train]:   119,500/196,000 checked (61%)  —  241612 checks/s  —  ETA 0s  —  0 failed so far
[OUTPUT] 2026-07-13T12:47:20.409971 skip_listing [train]:   120,000/196,000 checked (61%)  —  241654 checks/s  —  ETA 0s  —  0 failed so far
[OUTPUT] 2026-07-13T12:47:20.411954 skip_listing [train]:   120,500/196,000 checked (61%)  —  241696 checks/s  —  ETA 0s  —  0 failed so far
[OUTPUT] 2026-07-13T12:47:20.413939 skip_listing [train]:   121,000/196,000 checked (62%)  —  241737 checks/s  —  ETA 0s  —  0 failed so far
[OUTPUT] 2026-07-13T12:47:20.415920 skip_listing [train]:   121,500/196,000 checked (62%)  —  241778 checks/s  —  ETA 0s  —  0 failed so far
[OUTPUT] 2026-07-13T12:47:20.417904 skip_listing [train]:   122,000/196,000 checked (62%)  —  241819 checks/s  —  ETA 0s  —  0 failed so far
[OUTPUT] 2026-07-13T12:47:20.419884 skip_listing [train]:   122,500/196,000 checked (62%)  —  241861 checks/s  —  ETA 0s  —  0 failed so far
[OUTPUT] 2026-07-13T12:47:20.421867 skip_listing [train]:   123,000/196,000 checked (63%)  —  241901 checks/s  —  ETA 0s  —  0 failed so far
[OUTPUT] 2026-07-13T12:47:20.423853 skip_listing [train]:   123,500/196,000 checked (63%)  —  241939 checks/s  —  ETA 0s  —  0 failed so far
[OUTPUT] 2026-07-13T12:47:20.425840 skip_listing [train]:   124,000/196,000 checked (63%)  —  241977 checks/s  —  ETA 0s  —  0 failed so far
[OUTPUT] 2026-07-13T12:47:20.427821 skip_listing [train]:   124,500/196,000 checked (64%)  —  242017 checks/s  —  ETA 0s  —  0 failed so far
[OUTPUT] 2026-07-13T12:47:20.429801 skip_listing [train]:   125,000/196,000 checked (64%)  —  242057 checks/s  —  ETA 0s  —  0 failed so far
[OUTPUT] 2026-07-13T12:47:20.431784 skip_listing [train]:   125,500/196,000 checked (64%)  —  242096 checks/s  —  ETA 0s  —  0 failed so far
[OUTPUT] 2026-07-13T12:47:20.433777 skip_listing [train]:   126,000/196,000 checked (64%)  —  242129 checks/s  —  ETA 0s  —  0 failed so far
[OUTPUT] 2026-07-13T12:47:20.435765 skip_listing [train]:   126,500/196,000 checked (65%)  —  242165 checks/s  —  ETA 0s  —  0 failed so far
[OUTPUT] 2026-07-13T12:47:20.437753 skip_listing [train]:   127,000/196,000 checked (65%)  —  242200 checks/s  —  ETA 0s  —  0 failed so far
[OUTPUT] 2026-07-13T12:47:20.439732 skip_listing [train]:   127,500/196,000 checked (65%)  —  242240 checks/s  —  ETA 0s  —  0 failed so far
[OUTPUT] 2026-07-13T12:47:20.441718 skip_listing [train]:   128,000/196,000 checked (65%)  —  242276 checks/s  —  ETA 0s  —  0 failed so far
[OUTPUT] 2026-07-13T12:47:20.443702 skip_listing [train]:   128,500/196,000 checked (66%)  —  242312 checks/s  —  ETA 0s  —  0 failed so far
[OUTPUT] 2026-07-13T12:47:20.445685 skip_listing [train]:   129,000/196,000 checked (66%)  —  242348 checks/s  —  ETA 0s  —  0 failed so far
[OUTPUT] 2026-07-13T12:47:20.447671 skip_listing [train]:   129,500/196,000 checked (66%)  —  242384 checks/s  —  ETA 0s  —  0 failed so far
[OUTPUT] 2026-07-13T12:47:20.449662 skip_listing [train]:   130,000/196,000 checked (66%)  —  242416 checks/s  —  ETA 0s  —  0 failed so far
[OUTPUT] 2026-07-13T12:47:20.452194 skip_listing [train]:   130,500/196,000 checked (67%)  —  242205 checks/s  —  ETA 0s  —  0 failed so far
[OUTPUT] 2026-07-13T12:47:20.454189 skip_listing [train]:   131,000/196,000 checked (67%)  —  242236 checks/s  —  ETA 0s  —  0 failed so far
[OUTPUT] 2026-07-13T12:47:20.456173 skip_listing [train]:   131,500/196,000 checked (67%)  —  242272 checks/s  —  ETA 0s  —  0 failed so far
[OUTPUT] 2026-07-13T12:47:20.458156 skip_listing [train]:   132,000/196,000 checked (67%)  —  242308 checks/s  —  ETA 0s  —  0 failed so far
[OUTPUT] 2026-07-13T12:47:20.460140 skip_listing [train]:   132,500/196,000 checked (68%)  —  242343 checks/s  —  ETA 0s  —  0 failed so far
[OUTPUT] 2026-07-13T12:47:20.462126 skip_listing [train]:   133,000/196,000 checked (68%)  —  242377 checks/s  —  ETA 0s  —  0 failed so far
[OUTPUT] 2026-07-13T12:47:20.464108 skip_listing [train]:   133,500/196,000 checked (68%)  —  242413 checks/s  —  ETA 0s  —  0 failed so far
[OUTPUT] 2026-07-13T12:47:20.466092 skip_listing [train]:   134,000/196,000 checked (68%)  —  242447 checks/s  —  ETA 0s  —  0 failed so far
[OUTPUT] 2026-07-13T12:47:20.468076 skip_listing [train]:   134,500/196,000 checked (69%)  —  242481 checks/s  —  ETA 0s  —  0 failed so far
[OUTPUT] 2026-07-13T12:47:20.470063 skip_listing [train]:   135,000/196,000 checked (69%)  —  242514 checks/s  —  ETA 0s  —  0 failed so far
[OUTPUT] 2026-07-13T12:47:20.472049 skip_listing [train]:   135,500/196,000 checked (69%)  —  242547 checks/s  —  ETA 0s  —  0 failed so far
[OUTPUT] 2026-07-13T12:47:20.474035 skip_listing [train]:   136,000/196,000 checked (69%)  —  242579 checks/s  —  ETA 0s  —  0 failed so far
[OUTPUT] 2026-07-13T12:47:20.476023 skip_listing [train]:   136,500/196,000 checked (70%)  —  242611 checks/s  —  ETA 0s  —  0 failed so far
[OUTPUT] 2026-07-13T12:47:20.478003 skip_listing [train]:   137,000/196,000 checked (70%)  —  242646 checks/s  —  ETA 0s  —  0 failed so far
[OUTPUT] 2026-07-13T12:47:20.479991 skip_listing [train]:   137,500/196,000 checked (70%)  —  242677 checks/s  —  ETA 0s  —  0 failed so far
[OUTPUT] 2026-07-13T12:47:20.481980 skip_listing [train]:   138,000/196,000 checked (70%)  —  242708 checks/s  —  ETA 0s  —  0 failed so far
[OUTPUT] 2026-07-13T12:47:20.483967 skip_listing [train]:   138,500/196,000 checked (71%)  —  242739 checks/s  —  ETA 0s  —  0 failed so far
[OUTPUT] 2026-07-13T12:47:20.485962 skip_listing [train]:   139,000/196,000 checked (71%)  —  242766 checks/s  —  ETA 0s  —  0 failed so far
[OUTPUT] 2026-07-13T12:47:20.487949 skip_listing [train]:   139,500/196,000 checked (71%)  —  242797 checks/s  —  ETA 0s  —  0 failed so far
[OUTPUT] 2026-07-13T12:47:20.489931 skip_listing [train]:   140,000/196,000 checked (71%)  —  242829 checks/s  —  ETA 0s  —  0 failed so far
[OUTPUT] 2026-07-13T12:47:20.491916 skip_listing [train]:   140,500/196,000 checked (72%)  —  242860 checks/s  —  ETA 0s  —  0 failed so far
[OUTPUT] 2026-07-13T12:47:20.493905 skip_listing [train]:   141,000/196,000 checked (72%)  —  242890 checks/s  —  ETA 0s  —  0 failed so far
[OUTPUT] 2026-07-13T12:47:20.495888 skip_listing [train]:   141,500/196,000 checked (72%)  —  242921 checks/s  —  ETA 0s  —  0 failed so far
[OUTPUT] 2026-07-13T12:47:20.497874 skip_listing [train]:   142,000/196,000 checked (72%)  —  242951 checks/s  —  ETA 0s  —  0 failed so far
[OUTPUT] 2026-07-13T12:47:20.499856 skip_listing [train]:   142,500/196,000 checked (73%)  —  242982 checks/s  —  ETA 0s  —  0 failed so far
[OUTPUT] 2026-07-13T12:47:20.501838 skip_listing [train]:   143,000/196,000 checked (73%)  —  243014 checks/s  —  ETA 0s  —  0 failed so far
[OUTPUT] 2026-07-13T12:47:20.503825 skip_listing [train]:   143,500/196,000 checked (73%)  —  243043 checks/s  —  ETA 0s  —  0 failed so far
[OUTPUT] 2026-07-13T12:47:20.505807 skip_listing [train]:   144,000/196,000 checked (73%)  —  243074 checks/s  —  ETA 0s  —  0 failed so far
[OUTPUT] 2026-07-13T12:47:20.507788 skip_listing [train]:   144,500/196,000 checked (74%)  —  243105 checks/s  —  ETA 0s  —  0 failed so far
[OUTPUT] 2026-07-13T12:47:20.509774 skip_listing [train]:   145,000/196,000 checked (74%)  —  243134 checks/s  —  ETA 0s  —  0 failed so far
[OUTPUT] 2026-07-13T12:47:20.511759 skip_listing [train]:   145,500/196,000 checked (74%)  —  243163 checks/s  —  ETA 0s  —  0 failed so far
[OUTPUT] 2026-07-13T12:47:20.513744 skip_listing [train]:   146,000/196,000 checked (74%)  —  243192 checks/s  —  ETA 0s  —  0 failed so far
[OUTPUT] 2026-07-13T12:47:20.515724 skip_listing [train]:   146,500/196,000 checked (75%)  —  243222 checks/s  —  ETA 0s  —  0 failed so far
[OUTPUT] 2026-07-13T12:47:20.517706 skip_listing [train]:   147,000/196,000 checked (75%)  —  243252 checks/s  —  ETA 0s  —  0 failed so far
[OUTPUT] 2026-07-13T12:47:20.519690 skip_listing [train]:   147,500/196,000 checked (75%)  —  243281 checks/s  —  ETA 0s  —  0 failed so far
[OUTPUT] 2026-07-13T12:47:20.521669 skip_listing [train]:   148,000/196,000 checked (76%)  —  243311 checks/s  —  ETA 0s  —  0 failed so far
[OUTPUT] 2026-07-13T12:47:20.523648 skip_listing [train]:   148,500/196,000 checked (76%)  —  243341 checks/s  —  ETA 0s  —  0 failed so far
[OUTPUT] 2026-07-13T12:47:20.525631 skip_listing [train]:   149,000/196,000 checked (76%)  —  243370 checks/s  —  ETA 0s  —  0 failed so far
[OUTPUT] 2026-07-13T12:47:20.527609 skip_listing [train]:   149,500/196,000 checked (76%)  —  243400 checks/s  —  ETA 0s  —  0 failed so far
[OUTPUT] 2026-07-13T12:47:20.529593 skip_listing [train]:   150,000/196,000 checked (77%)  —  243428 checks/s  —  ETA 0s  —  0 failed so far
[OUTPUT] 2026-07-13T12:47:20.531586 skip_listing [train]:   150,500/196,000 checked (77%)  —  243452 checks/s  —  ETA 0s  —  0 failed so far
[OUTPUT] 2026-07-13T12:47:20.533565 skip_listing [train]:   151,000/196,000 checked (77%)  —  243481 checks/s  —  ETA 0s  —  0 failed so far
[OUTPUT] 2026-07-13T12:47:20.535543 skip_listing [train]:   151,500/196,000 checked (77%)  —  243511 checks/s  —  ETA 0s  —  0 failed so far
[OUTPUT] 2026-07-13T12:47:20.537526 skip_listing [train]:   152,000/196,000 checked (78%)  —  243539 checks/s  —  ETA 0s  —  0 failed so far
[OUTPUT] 2026-07-13T12:47:20.539505 skip_listing [train]:   152,500/196,000 checked (78%)  —  243567 checks/s  —  ETA 0s  —  0 failed so far
[OUTPUT] 2026-07-13T12:47:20.541491 skip_listing [train]:   153,000/196,000 checked (78%)  —  243593 checks/s  —  ETA 0s  —  0 failed so far
[OUTPUT] 2026-07-13T12:47:20.543473 skip_listing [train]:   153,500/196,000 checked (78%)  —  243620 checks/s  —  ETA 0s  —  0 failed so far
[OUTPUT] 2026-07-13T12:47:20.545462 skip_listing [train]:   154,000/196,000 checked (79%)  —  243645 checks/s  —  ETA 0s  —  0 failed so far
[OUTPUT] 2026-07-13T12:47:20.547454 skip_listing [train]:   154,500/196,000 checked (79%)  —  243668 checks/s  —  ETA 0s  —  0 failed so far
[OUTPUT] 2026-07-13T12:47:20.549437 skip_listing [train]:   155,000/196,000 checked (79%)  —  243694 checks/s  —  ETA 0s  —  0 failed so far
[OUTPUT] 2026-07-13T12:47:20.551442 skip_listing [train]:   155,500/196,000 checked (79%)  —  243712 checks/s  —  ETA 0s  —  0 failed so far
[OUTPUT] 2026-07-13T12:47:20.553433 skip_listing [train]:   156,000/196,000 checked (80%)  —  243735 checks/s  —  ETA 0s  —  0 failed so far
[OUTPUT] 2026-07-13T12:47:20.555417 skip_listing [train]:   156,500/196,000 checked (80%)  —  243761 checks/s  —  ETA 0s  —  0 failed so far
[OUTPUT] 2026-07-13T12:47:20.557406 skip_listing [train]:   157,000/196,000 checked (80%)  —  243784 checks/s  —  ETA 0s  —  0 failed so far
[OUTPUT] 2026-07-13T12:47:20.559393 skip_listing [train]:   157,500/196,000 checked (80%)  —  243808 checks/s  —  ETA 0s  —  0 failed so far
[OUTPUT] 2026-07-13T12:47:20.561382 skip_listing [train]:   158,000/196,000 checked (81%)  —  243832 checks/s  —  ETA 0s  —  0 failed so far
[OUTPUT] 2026-07-13T12:47:20.563372 skip_listing [train]:   158,500/196,000 checked (81%)  —  243855 checks/s  —  ETA 0s  —  0 failed so far
[OUTPUT] 2026-07-13T12:47:20.565365 skip_listing [train]:   159,000/196,000 checked (81%)  —  243876 checks/s  —  ETA 0s  —  0 failed so far
[OUTPUT] 2026-07-13T12:47:20.567356 skip_listing [train]:   159,500/196,000 checked (81%)  —  243898 checks/s  —  ETA 0s  —  0 failed so far
[OUTPUT] 2026-07-13T12:47:20.569341 skip_listing [train]:   160,000/196,000 checked (82%)  —  243922 checks/s  —  ETA 0s  —  0 failed so far
[OUTPUT] 2026-07-13T12:47:20.571326 skip_listing [train]:   160,500/196,000 checked (82%)  —  243946 checks/s  —  ETA 0s  —  0 failed so far
[OUTPUT] 2026-07-13T12:47:20.573313 skip_listing [train]:   161,000/196,000 checked (82%)  —  243969 checks/s  —  ETA 0s  —  0 failed so far
[OUTPUT] 2026-07-13T12:47:20.575294 skip_listing [train]:   161,500/196,000 checked (82%)  —  243994 checks/s  —  ETA 0s  —  0 failed so far
[OUTPUT] 2026-07-13T12:47:20.577281 skip_listing [train]:   162,000/196,000 checked (83%)  —  244018 checks/s  —  ETA 0s  —  0 failed so far
[OUTPUT] 2026-07-13T12:47:20.579273 skip_listing [train]:   162,500/196,000 checked (83%)  —  244038 checks/s  —  ETA 0s  —  0 failed so far
[OUTPUT] 2026-07-13T12:47:20.581258 skip_listing [train]:   163,000/196,000 checked (83%)  —  244062 checks/s  —  ETA 0s  —  0 failed so far
[OUTPUT] 2026-07-13T12:47:20.583245 skip_listing [train]:   163,500/196,000 checked (83%)  —  244084 checks/s  —  ETA 0s  —  0 failed so far
[OUTPUT] 2026-07-13T12:47:20.585234 skip_listing [train]:   164,000/196,000 checked (84%)  —  244106 checks/s  —  ETA 0s  —  0 failed so far
[OUTPUT] 2026-07-13T12:47:20.587220 skip_listing [train]:   164,500/196,000 checked (84%)  —  244128 checks/s  —  ETA 0s  —  0 failed so far
[OUTPUT] 2026-07-13T12:47:20.589206 skip_listing [train]:   165,000/196,000 checked (84%)  —  244151 checks/s  —  ETA 0s  —  0 failed so far
[OUTPUT] 2026-07-13T12:47:20.591192 skip_listing [train]:   165,500/196,000 checked (84%)  —  244173 checks/s  —  ETA 0s  —  0 failed so far
[OUTPUT] 2026-07-13T12:47:20.593182 skip_listing [train]:   166,000/196,000 checked (85%)  —  244194 checks/s  —  ETA 0s  —  0 failed so far
[OUTPUT] 2026-07-13T12:47:20.595167 skip_listing [train]:   166,500/196,000 checked (85%)  —  244216 checks/s  —  ETA 0s  —  0 failed so far
[OUTPUT] 2026-07-13T12:47:20.597156 skip_listing [train]:   167,000/196,000 checked (85%)  —  244237 checks/s  —  ETA 0s  —  0 failed so far
[OUTPUT] 2026-07-13T12:47:20.599142 skip_listing [train]:   167,500/196,000 checked (85%)  —  244259 checks/s  —  ETA 0s  —  0 failed so far
[OUTPUT] 2026-07-13T12:47:20.601126 skip_listing [train]:   168,000/196,000 checked (86%)  —  244281 checks/s  —  ETA 0s  —  0 failed so far
[OUTPUT] 2026-07-13T12:47:20.603107 skip_listing [train]:   168,500/196,000 checked (86%)  —  244304 checks/s  —  ETA 0s  —  0 failed so far
[OUTPUT] 2026-07-13T12:47:20.605089 skip_listing [train]:   169,000/196,000 checked (86%)  —  244328 checks/s  —  ETA 0s  —  0 failed so far
[OUTPUT] 2026-07-13T12:47:20.607074 skip_listing [train]:   169,500/196,000 checked (86%)  —  244349 checks/s  —  ETA 0s  —  0 failed so far
[OUTPUT] 2026-07-13T12:47:20.609059 skip_listing [train]:   170,000/196,000 checked (87%)  —  244370 checks/s  —  ETA 0s  —  0 failed so far
[OUTPUT] 2026-07-13T12:47:20.611042 skip_listing [train]:   170,500/196,000 checked (87%)  —  244393 checks/s  —  ETA 0s  —  0 failed so far
[OUTPUT] 2026-07-13T12:47:20.613028 skip_listing [train]:   171,000/196,000 checked (87%)  —  244414 checks/s  —  ETA 0s  —  0 failed so far
[OUTPUT] 2026-07-13T12:47:20.615017 skip_listing [train]:   171,500/196,000 checked (88%)  —  244433 checks/s  —  ETA 0s  —  0 failed so far
[OUTPUT] 2026-07-13T12:47:20.617001 skip_listing [train]:   172,000/196,000 checked (88%)  —  244455 checks/s  —  ETA 0s  —  0 failed so far
[OUTPUT] 2026-07-13T12:47:20.618983 skip_listing [train]:   172,500/196,000 checked (88%)  —  244477 checks/s  —  ETA 0s  —  0 failed so far
[OUTPUT] 2026-07-13T12:47:20.620968 skip_listing [train]:   173,000/196,000 checked (88%)  —  244498 checks/s  —  ETA 0s  —  0 failed so far
[OUTPUT] 2026-07-13T12:47:20.622958 skip_listing [train]:   173,500/196,000 checked (89%)  —  244516 checks/s  —  ETA 0s  —  0 failed so far
[OUTPUT] 2026-07-13T12:47:20.624943 skip_listing [train]:   174,000/196,000 checked (89%)  —  244537 checks/s  —  ETA 0s  —  0 failed so far
[OUTPUT] 2026-07-13T12:47:20.626931 skip_listing [train]:   174,500/196,000 checked (89%)  —  244556 checks/s  —  ETA 0s  —  0 failed so far
[OUTPUT] 2026-07-13T12:47:20.628919 skip_listing [train]:   175,000/196,000 checked (89%)  —  244576 checks/s  —  ETA 0s  —  0 failed so far
[OUTPUT] 2026-07-13T12:47:20.630911 skip_listing [train]:   175,500/196,000 checked (90%)  —  244594 checks/s  —  ETA 0s  —  0 failed so far
[OUTPUT] 2026-07-13T12:47:20.633478 skip_listing [train]:   176,000/196,000 checked (90%)  —  244416 checks/s  —  ETA 0s  —  0 failed so far
[OUTPUT] 2026-07-13T12:47:20.635468 skip_listing [train]:   176,500/196,000 checked (90%)  —  244435 checks/s  —  ETA 0s  —  0 failed so far
[OUTPUT] 2026-07-13T12:47:20.637452 skip_listing [train]:   177,000/196,000 checked (90%)  —  244456 checks/s  —  ETA 0s  —  0 failed so far
[OUTPUT] 2026-07-13T12:47:20.639435 skip_listing [train]:   177,500/196,000 checked (91%)  —  244477 checks/s  —  ETA 0s  —  0 failed so far
[OUTPUT] 2026-07-13T12:47:20.641423 skip_listing [train]:   178,000/196,000 checked (91%)  —  244496 checks/s  —  ETA 0s  —  0 failed so far
[OUTPUT] 2026-07-13T12:47:20.643404 skip_listing [train]:   178,500/196,000 checked (91%)  —  244517 checks/s  —  ETA 0s  —  0 failed so far
[OUTPUT] 2026-07-13T12:47:20.645388 skip_listing [train]:   179,000/196,000 checked (91%)  —  244538 checks/s  —  ETA 0s  —  0 failed so far
[OUTPUT] 2026-07-13T12:47:20.647375 skip_listing [train]:   179,500/196,000 checked (92%)  —  244557 checks/s  —  ETA 0s  —  0 failed so far
[OUTPUT] 2026-07-13T12:47:20.649359 skip_listing [train]:   180,000/196,000 checked (92%)  —  244577 checks/s  —  ETA 0s  —  0 failed so far
[OUTPUT] 2026-07-13T12:47:20.651346 skip_listing [train]:   180,500/196,000 checked (92%)  —  244596 checks/s  —  ETA 0s  —  0 failed so far
[OUTPUT] 2026-07-13T12:47:20.653334 skip_listing [train]:   181,000/196,000 checked (92%)  —  244615 checks/s  —  ETA 0s  —  0 failed so far
[OUTPUT] 2026-07-13T12:47:20.655854 skip_listing [train]:   181,500/196,000 checked (93%)  —  244458 checks/s  —  ETA 0s  —  0 failed so far
[OUTPUT] 2026-07-13T12:47:20.657845 skip_listing [train]:   182,000/196,000 checked (93%)  —  244476 checks/s  —  ETA 0s  —  0 failed so far
[OUTPUT] 2026-07-13T12:47:20.659828 skip_listing [train]:   182,500/196,000 checked (93%)  —  244496 checks/s  —  ETA 0s  —  0 failed so far
[OUTPUT] 2026-07-13T12:47:20.661818 skip_listing [train]:   183,000/196,000 checked (93%)  —  244514 checks/s  —  ETA 0s  —  0 failed so far
[OUTPUT] 2026-07-13T12:47:20.663807 skip_listing [train]:   183,500/196,000 checked (94%)  —  244532 checks/s  —  ETA 0s  —  0 failed so far
[OUTPUT] 2026-07-13T12:47:20.665791 skip_listing [train]:   184,000/196,000 checked (94%)  —  244552 checks/s  —  ETA 0s  —  0 failed so far
[OUTPUT] 2026-07-13T12:47:20.667773 skip_listing [train]:   184,500/196,000 checked (94%)  —  244572 checks/s  —  ETA 0s  —  0 failed so far
[OUTPUT] 2026-07-13T12:47:20.669759 skip_listing [train]:   185,000/196,000 checked (94%)  —  244591 checks/s  —  ETA 0s  —  0 failed so far
[OUTPUT] 2026-07-13T12:47:20.671743 skip_listing [train]:   185,500/196,000 checked (95%)  —  244610 checks/s  —  ETA 0s  —  0 failed so far
[OUTPUT] 2026-07-13T12:47:20.673733 skip_listing [train]:   186,000/196,000 checked (95%)  —  244628 checks/s  —  ETA 0s  —  0 failed so far
[OUTPUT] 2026-07-13T12:47:20.675717 skip_listing [train]:   186,500/196,000 checked (95%)  —  244647 checks/s  —  ETA 0s  —  0 failed so far
[OUTPUT] 2026-07-13T12:47:20.677705 skip_listing [train]:   187,000/196,000 checked (95%)  —  244665 checks/s  —  ETA 0s  —  0 failed so far
[OUTPUT] 2026-07-13T12:47:20.679688 skip_listing [train]:   187,500/196,000 checked (96%)  —  244684 checks/s  —  ETA 0s  —  0 failed so far
[OUTPUT] 2026-07-13T12:47:20.681672 skip_listing [train]:   188,000/196,000 checked (96%)  —  244703 checks/s  —  ETA 0s  —  0 failed so far
[OUTPUT] 2026-07-13T12:47:20.683652 skip_listing [train]:   188,500/196,000 checked (96%)  —  244723 checks/s  —  ETA 0s  —  0 failed so far
[OUTPUT] 2026-07-13T12:47:20.685634 skip_listing [train]:   189,000/196,000 checked (96%)  —  244743 checks/s  —  ETA 0s  —  0 failed so far
[OUTPUT] 2026-07-13T12:47:20.687615 skip_listing [train]:   189,500/196,000 checked (97%)  —  244762 checks/s  —  ETA 0s  —  0 failed so far
[OUTPUT] 2026-07-13T12:47:20.689604 skip_listing [train]:   190,000/196,000 checked (97%)  —  244779 checks/s  —  ETA 0s  —  0 failed so far
[OUTPUT] 2026-07-13T12:47:20.691584 skip_listing [train]:   190,500/196,000 checked (97%)  —  244799 checks/s  —  ETA 0s  —  0 failed so far
[OUTPUT] 2026-07-13T12:47:20.693569 skip_listing [train]:   191,000/196,000 checked (97%)  —  244817 checks/s  —  ETA 0s  —  0 failed so far
[OUTPUT] 2026-07-13T12:47:20.695557 skip_listing [train]:   191,500/196,000 checked (98%)  —  244834 checks/s  —  ETA 0s  —  0 failed so far
[OUTPUT] 2026-07-13T12:47:20.697541 skip_listing [train]:   192,000/196,000 checked (98%)  —  244852 checks/s  —  ETA 0s  —  0 failed so far
[OUTPUT] 2026-07-13T12:47:20.699522 skip_listing [train]:   192,500/196,000 checked (98%)  —  244871 checks/s  —  ETA 0s  —  0 failed so far
[OUTPUT] 2026-07-13T12:47:20.701502 skip_listing [train]:   193,000/196,000 checked (98%)  —  244890 checks/s  —  ETA 0s  —  0 failed so far
[OUTPUT] 2026-07-13T12:47:20.703487 skip_listing [train]:   193,500/196,000 checked (99%)  —  244908 checks/s  —  ETA 0s  —  0 failed so far
[OUTPUT] 2026-07-13T12:47:20.705472 skip_listing [train]:   194,000/196,000 checked (99%)  —  244925 checks/s  —  ETA 0s  —  0 failed so far
[OUTPUT] 2026-07-13T12:47:20.707458 skip_listing [train]:   194,500/196,000 checked (99%)  —  244943 checks/s  —  ETA 0s  —  0 failed so far
[OUTPUT] 2026-07-13T12:47:20.709445 skip_listing [train]:   195,000/196,000 checked (99%)  —  244959 checks/s  —  ETA 0s  —  0 failed so far
[OUTPUT] 2026-07-13T12:47:20.711439 skip_listing [train]:   195,500/196,000 checked (100%)  —  244974 checks/s  —  ETA 0s  —  0 failed so far
[OUTPUT] 2026-07-13T12:47:20.713421 skip_listing [train]: validation complete — all 196,000 samples exist (0.8s, 244992 checks/s); 4,084 URIs ready for rank 0 (196,000 total across all ranks)
[OUTPUT] 2026-07-13T12:47:20.713465 File listing [train]: 196000 files discovered, 4083 assigned to rank 0, completed in 0.82s
[OUTPUT] 2026-07-13T12:47:20.713483 skip_listing [valid]: generated 0 file URIs deterministically (0 total — validation disabled)
[OUTPUT] 2026-07-13T12:47:20.713497 File listing [valid]: 0 files discovered, 0 assigned to rank 0, completed in 0.00s
[OUTPUT] 2026-07-13T12:47:20.713509 Streamed file sharding: 196000 train files across 48 ranks via round-robin (rank 0 shard: 4083 files)
[OUTPUT] 2026-07-13T12:47:22.913952 Max steps per epoch per rank: 28000 = 1 * 196000 / 7 (samples per file * local files / batch size)
[OUTPUT] 2026-07-13T12:47:23.063238 Reshard for epoch 1: 4083 train files, 0 eval files redistributed via alltoall in 0.15s
[OUTPUT] 2026-07-13T12:47:23.947202 Worker pre-warm complete (2 workers spawned)
[OUTPUT] 2026-07-13T12:47:24.298978 Starting epoch 1: 583 steps expected
[OUTPUT] 2026-07-13T12:47:24.299274 Starting block 1
[OUTPUT] 2026-07-13T12:49:08.777593 Ending block 1 - 583 steps completed in 104.48 s
[OUTPUT] 2026-07-13T12:49:08.779613 Epoch 1 - Block 1 [Training] Accelerator Utilization [AU] (%): 90.8944
[OUTPUT] 2026-07-13T12:49:08.779642 Epoch 1 - Block 1 [Training] Throughput (samples/second): 1884.0464
[OUTPUT] 2026-07-13T12:49:08.780211 Epoch 1 - Block 1 [Training] Computation time per step (second): 0.1621+/-0.0000 (set value: {'mean': 0.162})
[OUTPUT] 2026-07-13T12:49:08.787487 Ending epoch 1 - 583 steps completed in 104.49 s
[OUTPUT] 2026-07-13T12:49:08.832954 Reshard for epoch 2: 4083 train files, 0 eval files redistributed via alltoall in 0.04s
[OUTPUT] 2026-07-13T12:49:09.618740 Worker pre-warm complete for epoch 2 (2 workers spawned)
[OUTPUT] 2026-07-13T12:49:10.897770 Starting epoch 2: 583 steps expected
[OUTPUT] 2026-07-13T12:49:10.898093 Starting block 1
[OUTPUT] 2026-07-13T12:50:55.388765 Ending block 1 - 583 steps completed in 104.49 s
[OUTPUT] 2026-07-13T12:50:55.389911 Epoch 2 - Block 1 [Training] Accelerator Utilization [AU] (%): 90.9491
[OUTPUT] 2026-07-13T12:50:55.389944 Epoch 2 - Block 1 [Training] Throughput (samples/second): 1885.1864
[OUTPUT] 2026-07-13T12:50:55.390075 Epoch 2 - Block 1 [Training] Computation time per step (second): 0.1621+/-0.0000 (set value: {'mean': 0.162})
[OUTPUT] 2026-07-13T12:50:55.427243 Ending epoch 2 - 583 steps completed in 104.53 s
[OUTPUT] 2026-07-13T12:50:55.471134 Reshard for epoch 3: 4083 train files, 0 eval files redistributed via alltoall in 0.04s
[OUTPUT] 2026-07-13T12:50:56.195638 Worker pre-warm complete for epoch 3 (2 workers spawned)
[OUTPUT] 2026-07-13T12:50:57.564134 Starting epoch 3: 583 steps expected
[OUTPUT] 2026-07-13T12:50:57.564466 Starting block 1
[OUTPUT] 2026-07-13T12:52:42.335572 Ending block 1 - 583 steps completed in 104.77 s
[OUTPUT] 2026-07-13T12:52:42.336724 Epoch 3 - Block 1 [Training] Accelerator Utilization [AU] (%): 90.4023
[OUTPUT] 2026-07-13T12:52:42.336755 Epoch 3 - Block 1 [Training] Throughput (samples/second): 1873.8434
[OUTPUT] 2026-07-13T12:52:42.336870 Epoch 3 - Block 1 [Training] Computation time per step (second): 0.1621+/-0.0000 (set value: {'mean': 0.162})
[OUTPUT] 2026-07-13T12:52:42.356299 Ending epoch 3 - 583 steps completed in 104.79 s
[OUTPUT] 2026-07-13T12:52:42.401598 Reshard for epoch 4: 4083 train files, 0 eval files redistributed via alltoall in 0.04s
[OUTPUT] 2026-07-13T12:52:42.976133 Worker pre-warm complete for epoch 4 (2 workers spawned)
[OUTPUT] 2026-07-13T12:52:44.352484 Starting epoch 4: 583 steps expected
[OUTPUT] 2026-07-13T12:52:44.352794 Starting block 1
[OUTPUT] 2026-07-13T12:54:28.799948 Ending block 1 - 583 steps completed in 104.45 s
[OUTPUT] 2026-07-13T12:54:28.800959 Epoch 4 - Block 1 [Training] Accelerator Utilization [AU] (%): 90.9494
[OUTPUT] 2026-07-13T12:54:28.800987 Epoch 4 - Block 1 [Training] Throughput (samples/second): 1885.1701
[OUTPUT] 2026-07-13T12:54:28.801106 Epoch 4 - Block 1 [Training] Computation time per step (second): 0.1621+/-0.0000 (set value: {'mean': 0.162})
[OUTPUT] 2026-07-13T12:54:28.818606 Ending epoch 4 - 583 steps completed in 104.47 s
[OUTPUT] 2026-07-13T12:54:28.862630 Reshard for epoch 5: 4083 train files, 0 eval files redistributed via alltoall in 0.04s
[OUTPUT] 2026-07-13T12:54:29.628261 Worker pre-warm complete for epoch 5 (2 workers spawned)
[OUTPUT] 2026-07-13T12:54:46.097166 Starting epoch 5: 583 steps expected
[OUTPUT] 2026-07-13T12:54:46.097485 Starting block 1
[OUTPUT] 2026-07-13T12:56:30.794419 Ending block 1 - 583 steps completed in 104.70 s
[OUTPUT] 2026-07-13T12:56:30.795537 Epoch 5 - Block 1 [Training] Accelerator Utilization [AU] (%): 90.8143
[OUTPUT] 2026-07-13T12:56:30.795566 Epoch 5 - Block 1 [Training] Throughput (samples/second): 1882.4345
[OUTPUT] 2026-07-13T12:56:30.795681 Epoch 5 - Block 1 [Training] Computation time per step (second): 0.1621+/-0.0000 (set value: {'mean': 0.162})
[OUTPUT] 2026-07-13T12:56:30.825398 Ending epoch 5 - 583 steps completed in 104.73 s
[OUTPUT] 2026-07-13T12:56:30.869494 Reshard for epoch 6: 4083 train files, 0 eval files redistributed via alltoall in 0.04s
[OUTPUT] 2026-07-13T12:56:31.663392 Worker pre-warm complete for epoch 6 (2 workers spawned)
[OUTPUT] 2026-07-13T12:56:31.725506 Saved outputs in /root/Suzhou_Zishan_Longlin/closed/Suzhou_Zishan_Longlin/results/GalaxSphere-2Tier0/training/unet3d/run/20260713_124656
[OUTPUT] Averaged metric over all steps/epochs
[METRIC] ==========================================================
[METRIC] Number of Simulated Accelerators: 48 
[METRIC] Training Accelerator Utilization [AU] (%): 90.8659 (0.1122)
[METRIC] Training Throughput (samples/second): 1883.4330 (2.3319)
[METRIC] Training I/O Throughput (MiB/second): 263321.3564 (326.0275)
[METRIC] train_au_meet_expectation: success
[METRIC] ==========================================================

[OUTPUT] 2026-07-13T12:56:31.810161 outputs saved in RANKID_output.json
