[OUTPUT] [DEBUG DLIOBenchmark.__init__] After LoadConfig:
[OUTPUT]   storage_type   = <StorageType.LOCAL_FS: 'local_fs'>
[OUTPUT]   storage_root   = './'
[OUTPUT]   storage_options= None
[OUTPUT]   data_folder    = '/mlperf-storage/mlpstorage_run/unet3d_data/unet3d'
[OUTPUT]   framework      = <FrameworkType.PYTORCH: 'pytorch'>
[OUTPUT]   num_files_train= 450002
[OUTPUT]   record_length  = 146600628
[OUTPUT]   generate_data  = False
[OUTPUT]   do_train       = True
[OUTPUT]   do_checkpoint  = False
[OUTPUT]   epochs         = 5
[OUTPUT]   batch_size     = 7
[OUTPUT] 2026-07-22T09:54:00.271467 Running DLIO [Training] with 16 process(es)
[OUTPUT] 2026-07-22T09:54:00.495008 skip_listing [train]: validating 4,502 of 450,002 files (first, last, every 100) via HEAD requests ...
[OUTPUT] 2026-07-22T09:54:00.920781 skip_listing [train]:   450/4,502 checked (10%)  —  1057 checks/s  —  ETA 4s  —  0 failed so far
[OUTPUT] 2026-07-22T09:54:01.348124 skip_listing [train]:   900/4,502 checked (20%)  —  1055 checks/s  —  ETA 3s  —  0 failed so far
[OUTPUT] 2026-07-22T09:54:01.758299 skip_listing [train]:   1,350/4,502 checked (30%)  —  1069 checks/s  —  ETA 3s  —  0 failed so far
[OUTPUT] 2026-07-22T09:54:02.163242 skip_listing [train]:   1,800/4,502 checked (40%)  —  1079 checks/s  —  ETA 3s  —  0 failed so far
[OUTPUT] 2026-07-22T09:54:02.626068 skip_listing [train]:   2,250/4,502 checked (50%)  —  1056 checks/s  —  ETA 2s  —  0 failed so far
[OUTPUT] 2026-07-22T09:54:03.092309 skip_listing [train]:   2,700/4,502 checked (60%)  —  1040 checks/s  —  ETA 2s  —  0 failed so far
[OUTPUT] 2026-07-22T09:54:03.558026 skip_listing [train]:   3,150/4,502 checked (70%)  —  1028 checks/s  —  ETA 1s  —  0 failed so far
[OUTPUT] 2026-07-22T09:54:04.195449 skip_listing [train]:   3,600/4,502 checked (80%)  —  973 checks/s  —  ETA 1s  —  0 failed so far
[OUTPUT] 2026-07-22T09:54:04.669426 skip_listing [train]:   4,050/4,502 checked (90%)  —  970 checks/s  —  ETA 0s  —  0 failed so far
[OUTPUT] 2026-07-22T09:54:05.134264 skip_listing [train]:   4,500/4,502 checked (100%)  —  970 checks/s  —  ETA 0s  —  0 failed so far
[OUTPUT] 2026-07-22T09:54:05.135425 skip_listing [train]: validation complete — all 4,502 samples exist (4.6s, 970 checks/s); 28,126 URIs ready for rank 0 (450,002 total across all ranks)
[OUTPUT] 2026-07-22T09:54:05.136728 File listing [train]: 450002 files discovered, 28125 assigned to rank 0, completed in 4.70s
[OUTPUT] 2026-07-22T09:54:05.136819 skip_listing [valid]: generated 0 file URIs deterministically (0 total — validation disabled)
[OUTPUT] 2026-07-22T09:54:05.136860 File listing [valid]: 0 files discovered, 0 assigned to rank 0, completed in 0.00s
[OUTPUT] 2026-07-22T09:54:05.136895 Streamed file sharding: 450002 train files across 16 ranks via round-robin (rank 0 shard: 28125 files)
[OUTPUT] 2026-07-22T09:54:06.167068 Max steps per epoch per rank: 64286 = 1 * 450002 / 7 (samples per file * local files / batch size)
[OUTPUT] 2026-07-22T09:54:06.249420 Reshard for epoch 1: 28125 train files, 0 eval files redistributed via alltoall in 0.08s
[OUTPUT] 2026-07-22T09:54:23.586482 Worker pre-warm complete (96 workers spawned)
[OUTPUT] 2026-07-22T09:54:24.856529 Starting epoch 1: 4017 steps expected
[OUTPUT] 2026-07-22T09:54:24.856811 Starting block 1
[OUTPUT] 2026-07-22T10:05:50.657557 Ending block 1 - 4017 steps completed in 685.80 s
[OUTPUT] 2026-07-22T10:05:50.819799 Epoch 1 - Block 1 [Training] Accelerator Utilization [AU] (%): 96.8114
[OUTPUT] 2026-07-22T10:05:50.819861 Epoch 1 - Block 1 [Training] Throughput (samples/second): 668.8527
[OUTPUT] 2026-07-22T10:05:50.821251 Epoch 1 - Block 1 [Training] Computation time per step (second): 0.1621+/-0.0000 (set value: {'mean': 0.162})
[OUTPUT] 2026-07-22T10:05:50.822477 Ending epoch 1 - 4017 steps completed in 685.97 s
[OUTPUT] 2026-07-22T10:05:50.846253 Reshard for epoch 2: 28125 train files, 0 eval files redistributed via alltoall in 0.02s
[OUTPUT] 2026-07-22T10:06:06.915700 Worker pre-warm complete for epoch 2 (96 workers spawned)
[OUTPUT] 2026-07-22T10:06:11.450623 Starting epoch 2: 4017 steps expected
[OUTPUT] 2026-07-22T10:06:11.450998 Starting block 1
[OUTPUT] 2026-07-22T10:17:41.667217 Ending block 1 - 4017 steps completed in 690.22 s
[OUTPUT] 2026-07-22T10:17:41.822517 Epoch 2 - Block 1 [Training] Accelerator Utilization [AU] (%): 96.1804
[OUTPUT] 2026-07-22T10:17:41.822582 Epoch 2 - Block 1 [Training] Throughput (samples/second): 664.4950
[OUTPUT] 2026-07-22T10:17:41.823019 Epoch 2 - Block 1 [Training] Computation time per step (second): 0.1621+/-0.0000 (set value: {'mean': 0.162})
[OUTPUT] 2026-07-22T10:17:41.824262 Ending epoch 2 - 4017 steps completed in 690.37 s
[OUTPUT] 2026-07-22T10:17:41.854198 Reshard for epoch 3: 28125 train files, 0 eval files redistributed via alltoall in 0.03s
[OUTPUT] 2026-07-22T10:17:57.451720 Worker pre-warm complete for epoch 3 (96 workers spawned)
[OUTPUT] 2026-07-22T10:18:02.755520 Starting epoch 3: 4017 steps expected
[OUTPUT] 2026-07-22T10:18:02.755904 Starting block 1
[OUTPUT] 2026-07-22T10:29:33.238515 Ending block 1 - 4017 steps completed in 690.48 s
[OUTPUT] 2026-07-22T10:29:33.392810 Epoch 3 - Block 1 [Training] Accelerator Utilization [AU] (%): 96.1303
[OUTPUT] 2026-07-22T10:29:33.392897 Epoch 3 - Block 1 [Training] Throughput (samples/second): 664.1458
[OUTPUT] 2026-07-22T10:29:33.393319 Epoch 3 - Block 1 [Training] Computation time per step (second): 0.1621+/-0.0000 (set value: {'mean': 0.162})
[OUTPUT] 2026-07-22T10:29:33.394498 Ending epoch 3 - 4017 steps completed in 690.64 s
[OUTPUT] 2026-07-22T10:29:33.425638 Reshard for epoch 4: 28125 train files, 0 eval files redistributed via alltoall in 0.03s
[OUTPUT] 2026-07-22T10:29:48.830537 Worker pre-warm complete for epoch 4 (96 workers spawned)
[OUTPUT] 2026-07-22T10:29:53.337197 Starting epoch 4: 4017 steps expected
[OUTPUT] 2026-07-22T10:29:53.337561 Starting block 1
[OUTPUT] 2026-07-22T10:41:20.688266 Ending block 1 - 4017 steps completed in 687.35 s
[OUTPUT] 2026-07-22T10:41:20.841823 Epoch 4 - Block 1 [Training] Accelerator Utilization [AU] (%): 96.5953
[OUTPUT] 2026-07-22T10:41:20.841891 Epoch 4 - Block 1 [Training] Throughput (samples/second): 667.3599
[OUTPUT] 2026-07-22T10:41:20.842298 Epoch 4 - Block 1 [Training] Computation time per step (second): 0.1621+/-0.0000 (set value: {'mean': 0.162})
[OUTPUT] 2026-07-22T10:41:20.843493 Ending epoch 4 - 4017 steps completed in 687.51 s
[OUTPUT] 2026-07-22T10:41:20.875190 Reshard for epoch 5: 28125 train files, 0 eval files redistributed via alltoall in 0.03s
[OUTPUT] 2026-07-22T10:41:37.514376 Worker pre-warm complete for epoch 5 (96 workers spawned)
[OUTPUT] 2026-07-22T10:41:42.096329 Starting epoch 5: 4017 steps expected
[OUTPUT] 2026-07-22T10:41:42.096715 Starting block 1
[OUTPUT] 2026-07-22T10:53:11.707888 Ending block 1 - 4017 steps completed in 689.61 s
[OUTPUT] 2026-07-22T10:53:11.861063 Epoch 5 - Block 1 [Training] Accelerator Utilization [AU] (%): 96.2677
[OUTPUT] 2026-07-22T10:53:11.861149 Epoch 5 - Block 1 [Training] Throughput (samples/second): 665.0910
[OUTPUT] 2026-07-22T10:53:11.861570 Epoch 5 - Block 1 [Training] Computation time per step (second): 0.1621+/-0.0000 (set value: {'mean': 0.162})
[OUTPUT] 2026-07-22T10:53:11.862904 Ending epoch 5 - 4017 steps completed in 689.77 s
[OUTPUT] 2026-07-22T10:53:11.894054 Reshard for epoch 6: 28125 train files, 0 eval files redistributed via alltoall in 0.03s
[OUTPUT] 2026-07-22T10:53:27.903730 Worker pre-warm complete for epoch 6 (96 workers spawned)
[OUTPUT] 2026-07-22T10:53:27.988123 Saved outputs in /submission/submission_Microsoft_training/closed/Microsoft/results/AMLFS-Durable-Premium-20-4800TiB-16-Standard_D192ds_v6/training/unet3d/run/20260722_095231
[OUTPUT] Averaged metric over all steps/epochs
[METRIC] ==========================================================
[METRIC] Number of Simulated Accelerators: 16 
[METRIC] Training Accelerator Utilization [AU] (%): 96.1438 (0.2544)
[METRIC] Training Throughput (samples/second): 664.2244 (1.7619)
[METRIC] Training I/O Throughput (MiB/second): 92864.7145 (246.3314)
[METRIC] train_au_meet_expectation: success
[METRIC] ==========================================================

[OUTPUT] 2026-07-22T10:53:30.616236 outputs saved in RANKID_output.json
