[OUTPUT] [DEBUG DLIOBenchmark.__init__] After LoadConfig:
[OUTPUT]   storage_type   = <StorageType.LOCAL_FS: 'local_fs'>
[OUTPUT]   storage_root   = './'
[OUTPUT]   storage_options= None
[OUTPUT]   data_folder    = '/mnt/mlperf/data/i24_10client/unet3d'
[OUTPUT]   framework      = <FrameworkType.PYTORCH: 'pytorch'>
[OUTPUT]   num_files_train= 280000
[OUTPUT]   record_length  = 146600628
[OUTPUT]   generate_data  = False
[OUTPUT]   do_train       = True
[OUTPUT]   do_checkpoint  = False
[OUTPUT]   epochs         = 5
[OUTPUT]   batch_size     = 7
[OUTPUT] 2026-07-21T19:12:08.293409 Running DLIO [Training] with 50 process(es)
[OUTPUT] 2026-07-21T19:12:08.380600 skip_listing [train]: validating 2,801 of 280,000 files (first, last, every 100) via HEAD requests ...
[OUTPUT] 2026-07-21T19:12:08.395834 skip_listing [train]:   280/2,801 checked (10%)  —  18484 checks/s  —  ETA 0s  —  0 failed so far
[OUTPUT] 2026-07-21T19:12:08.456522 skip_listing [train]:   560/2,801 checked (20%)  —  7384 checks/s  —  ETA 0s  —  0 failed so far
[OUTPUT] 2026-07-21T19:12:08.707434 skip_listing [train]:   840/2,801 checked (30%)  —  2571 checks/s  —  ETA 1s  —  0 failed so far
[OUTPUT] 2026-07-21T19:12:09.048407 skip_listing [train]:   1,120/2,801 checked (40%)  —  1677 checks/s  —  ETA 1s  —  0 failed so far
[OUTPUT] 2026-07-21T19:12:09.225563 skip_listing [train]:   1,400/2,801 checked (50%)  —  1657 checks/s  —  ETA 1s  —  0 failed so far
[OUTPUT] 2026-07-21T19:12:09.263897 skip_listing [train]:   1,680/2,801 checked (60%)  —  1902 checks/s  —  ETA 1s  —  0 failed so far
[OUTPUT] 2026-07-21T19:12:09.284900 skip_listing [train]:   1,960/2,801 checked (70%)  —  2168 checks/s  —  ETA 0s  —  0 failed so far
[OUTPUT] 2026-07-21T19:12:09.303983 skip_listing [train]:   2,240/2,801 checked (80%)  —  2426 checks/s  —  ETA 0s  —  0 failed so far
[OUTPUT] 2026-07-21T19:12:09.323338 skip_listing [train]:   2,520/2,801 checked (90%)  —  2673 checks/s  —  ETA 0s  —  0 failed so far
[OUTPUT] 2026-07-21T19:12:09.343796 skip_listing [train]:   2,800/2,801 checked (100%)  —  2907 checks/s  —  ETA 0s  —  0 failed so far
[OUTPUT] 2026-07-21T19:12:09.343847 skip_listing [train]: validation complete — all 2,801 samples exist (1.0s, 2908 checks/s); 5,600 URIs ready for rank 0 (280,000 total across all ranks)
[OUTPUT] 2026-07-21T19:12:09.343928 File listing [train]: 280000 files discovered, 5600 assigned to rank 0, completed in 0.97s
[OUTPUT] 2026-07-21T19:12:09.343985 skip_listing [valid]: generated 0 file URIs deterministically (0 total — validation disabled)
[OUTPUT] 2026-07-21T19:12:09.344022 File listing [valid]: 0 files discovered, 0 assigned to rank 0, completed in 0.00s
[OUTPUT] 2026-07-21T19:12:09.344057 Streamed file sharding: 280000 train files across 50 ranks via round-robin (rank 0 shard: 5600 files)
[OUTPUT] 2026-07-21T19:12:09.496154 Max steps per epoch per rank: 40000 = 1 * 280000 / 7 (samples per file * local files / batch size)
[OUTPUT] 2026-07-21T19:12:09.607292 Reshard for epoch 1: 5600 train files, 0 eval files redistributed via alltoall in 0.11s
[OUTPUT] 2026-07-21T19:12:11.030592 Worker pre-warm complete (6 workers spawned)
[OUTPUT] 2026-07-21T19:12:11.429337 Starting epoch 1: 800 steps expected
[OUTPUT] 2026-07-21T19:12:11.429681 Starting block 1
[OUTPUT] 2026-07-21T19:14:34.523038 Ending block 1 - 800 steps completed in 143.09 s
[OUTPUT] 2026-07-21T19:14:34.525647 Epoch 1 - Block 1 [Training] Accelerator Utilization [AU] (%): 91.1785
[OUTPUT] 2026-07-21T19:14:34.525674 Epoch 1 - Block 1 [Training] Throughput (samples/second): 1968.5919
[OUTPUT] 2026-07-21T19:14:34.526507 Epoch 1 - Block 1 [Training] Computation time per step (second): 0.1621+/-0.0002 (set value: {'mean': 0.162})
[OUTPUT] 2026-07-21T19:14:34.679065 Ending epoch 1 - 800 steps completed in 143.25 s
[OUTPUT] 2026-07-21T19:14:34.743701 Reshard for epoch 2: 5600 train files, 0 eval files redistributed via alltoall in 0.06s
[OUTPUT] 2026-07-21T19:14:35.931834 Worker pre-warm complete for epoch 2 (6 workers spawned)
[OUTPUT] 2026-07-21T19:14:36.232910 Starting epoch 2: 800 steps expected
[OUTPUT] 2026-07-21T19:14:36.233153 Starting block 1
[OUTPUT] 2026-07-21T19:16:59.733939 Ending block 1 - 800 steps completed in 143.50 s
[OUTPUT] 2026-07-21T19:16:59.735374 Epoch 2 - Block 1 [Training] Accelerator Utilization [AU] (%): 90.9311
[OUTPUT] 2026-07-21T19:16:59.735400 Epoch 2 - Block 1 [Training] Throughput (samples/second): 1963.3524
[OUTPUT] 2026-07-21T19:16:59.735531 Epoch 2 - Block 1 [Training] Computation time per step (second): 0.1621+/-0.0000 (set value: {'mean': 0.162})
[OUTPUT] 2026-07-21T19:16:59.913769 Ending epoch 2 - 800 steps completed in 143.68 s
[OUTPUT] 2026-07-21T19:16:59.981412 Reshard for epoch 3: 5600 train files, 0 eval files redistributed via alltoall in 0.07s
[OUTPUT] 2026-07-21T19:17:01.367472 Worker pre-warm complete for epoch 3 (6 workers spawned)
[OUTPUT] 2026-07-21T19:17:01.519258 Starting epoch 3: 800 steps expected
[OUTPUT] 2026-07-21T19:17:01.519439 Starting block 1
[OUTPUT] 2026-07-21T19:19:23.719587 Ending block 1 - 800 steps completed in 142.20 s
[OUTPUT] 2026-07-21T19:19:23.720986 Epoch 3 - Block 1 [Training] Accelerator Utilization [AU] (%): 92.0237
[OUTPUT] 2026-07-21T19:19:23.721015 Epoch 3 - Block 1 [Training] Throughput (samples/second): 1986.9265
[OUTPUT] 2026-07-21T19:19:23.721145 Epoch 3 - Block 1 [Training] Computation time per step (second): 0.1621+/-0.0000 (set value: {'mean': 0.162})
[OUTPUT] 2026-07-21T19:19:23.909071 Ending epoch 3 - 800 steps completed in 142.39 s
[OUTPUT] 2026-07-21T19:19:23.973731 Reshard for epoch 4: 5600 train files, 0 eval files redistributed via alltoall in 0.06s
[OUTPUT] 2026-07-21T19:19:25.120042 Worker pre-warm complete for epoch 4 (6 workers spawned)
[OUTPUT] 2026-07-21T19:19:25.401225 Starting epoch 4: 800 steps expected
[OUTPUT] 2026-07-21T19:19:25.401484 Starting block 1
[OUTPUT] 2026-07-21T19:21:48.372339 Ending block 1 - 800 steps completed in 142.97 s
[OUTPUT] 2026-07-21T19:21:48.373723 Epoch 4 - Block 1 [Training] Accelerator Utilization [AU] (%): 91.2282
[OUTPUT] 2026-07-21T19:21:48.373748 Epoch 4 - Block 1 [Training] Throughput (samples/second): 1969.7866
[OUTPUT] 2026-07-21T19:21:48.373866 Epoch 4 - Block 1 [Training] Computation time per step (second): 0.1621+/-0.0000 (set value: {'mean': 0.162})
[OUTPUT] 2026-07-21T19:21:48.526485 Ending epoch 4 - 800 steps completed in 143.13 s
[OUTPUT] 2026-07-21T19:21:48.591004 Reshard for epoch 5: 5600 train files, 0 eval files redistributed via alltoall in 0.06s
[OUTPUT] 2026-07-21T19:21:49.810011 Worker pre-warm complete for epoch 5 (6 workers spawned)
[OUTPUT] 2026-07-21T19:21:50.112841 Starting epoch 5: 800 steps expected
[OUTPUT] 2026-07-21T19:21:50.113321 Starting block 1
[OUTPUT] 2026-07-21T19:24:12.263928 Ending block 1 - 800 steps completed in 142.15 s
[OUTPUT] 2026-07-21T19:24:12.265273 Epoch 5 - Block 1 [Training] Accelerator Utilization [AU] (%): 91.7795
[OUTPUT] 2026-07-21T19:24:12.265301 Epoch 5 - Block 1 [Training] Throughput (samples/second): 1981.6648
[OUTPUT] 2026-07-21T19:24:12.265422 Epoch 5 - Block 1 [Training] Computation time per step (second): 0.1621+/-0.0000 (set value: {'mean': 0.162})
[OUTPUT] 2026-07-21T19:24:12.414156 Ending epoch 5 - 800 steps completed in 142.30 s
[OUTPUT] 2026-07-21T19:24:12.478384 Reshard for epoch 6: 5600 train files, 0 eval files redistributed via alltoall in 0.06s
[OUTPUT] 2026-07-21T19:24:13.630882 Worker pre-warm complete for epoch 6 (6 workers spawned)
[OUTPUT] 2026-07-21T19:24:13.960243 Saved outputs in /mnt/mlperf/result/i24_10client/closed/InspurData/results/InspurData_InDataOS_AS13000G7_10clients/training/unet3d/run/20260721_191141
[OUTPUT] Averaged metric over all steps/epochs
[METRIC] ==========================================================
[METRIC] Number of Simulated Accelerators: 50 
[METRIC] Training Accelerator Utilization [AU] (%): 91.4475 (0.3644)
[METRIC] Training Throughput (samples/second): 1974.4215 (7.8693)
[METRIC] Training I/O Throughput (MiB/second): 276042.4012 (1100.2006)
[METRIC] train_au_meet_expectation: success
[METRIC] ==========================================================

[OUTPUT] 2026-07-21T19:24:14.156657 outputs saved in RANKID_output.json
