[OUTPUT] [DEBUG DLIOBenchmark.__init__] After LoadConfig:
[OUTPUT]   storage_type   = <StorageType.LOCAL_FS: 'local_fs'>
[OUTPUT]   storage_root   = './'
[OUTPUT]   storage_options= None
[OUTPUT]   data_folder    = '/mnt/glfs/GalaxSphere-3Tier0/training/retinanet'
[OUTPUT]   framework      = <FrameworkType.PYTORCH: 'pytorch'>
[OUTPUT]   num_files_train= 15958659
[OUTPUT]   record_length  = 322957
[OUTPUT]   generate_data  = False
[OUTPUT]   do_train       = True
[OUTPUT]   do_checkpoint  = False
[OUTPUT]   epochs         = 8
[OUTPUT]   batch_size     = 24
[OUTPUT] 2026-07-13T22:04:25.249185 Running DLIO [Training] with 153 process(es)
[OUTPUT] 2026-07-13T22:04:25.528822 skip_listing [train]: validating 15,960 of 15,958,659 files (first, last, every 1,000) via HEAD requests ...
[OUTPUT] 2026-07-13T22:04:25.533335 skip_listing [train]:   500/15,960 checked (3%)  —  114411 checks/s  —  ETA 0s  —  0 failed so far
[OUTPUT] 2026-07-13T22:04:25.535882 skip_listing [train]:   1,000/15,960 checked (6%)  —  144556 checks/s  —  ETA 0s  —  0 failed so far
[OUTPUT] 2026-07-13T22:04:25.538364 skip_listing [train]:   1,500/15,960 checked (9%)  —  159564 checks/s  —  ETA 0s  —  0 failed so far
[OUTPUT] 2026-07-13T22:04:25.540830 skip_listing [train]:   2,000/15,960 checked (13%)  —  168534 checks/s  —  ETA 0s  —  0 failed so far
[OUTPUT] 2026-07-13T22:04:25.543283 skip_listing [train]:   2,500/15,960 checked (16%)  —  174588 checks/s  —  ETA 0s  —  0 failed so far
[OUTPUT] 2026-07-13T22:04:25.545743 skip_listing [train]:   3,000/15,960 checked (19%)  —  178788 checks/s  —  ETA 0s  —  0 failed so far
[OUTPUT] 2026-07-13T22:04:25.548198 skip_listing [train]:   3,500/15,960 checked (22%)  —  181959 checks/s  —  ETA 0s  —  0 failed so far
[OUTPUT] 2026-07-13T22:04:25.550652 skip_listing [train]:   4,000/15,960 checked (25%)  —  184424 checks/s  —  ETA 0s  —  0 failed so far
[OUTPUT] 2026-07-13T22:04:25.553084 skip_listing [train]:   4,500/15,960 checked (28%)  —  186557 checks/s  —  ETA 0s  —  0 failed so far
[OUTPUT] 2026-07-13T22:04:25.555535 skip_listing [train]:   5,000/15,960 checked (31%)  —  188168 checks/s  —  ETA 0s  —  0 failed so far
[OUTPUT] 2026-07-13T22:04:25.557985 skip_listing [train]:   5,500/15,960 checked (34%)  —  189508 checks/s  —  ETA 0s  —  0 failed so far
[OUTPUT] 2026-07-13T22:04:25.560441 skip_listing [train]:   6,000/15,960 checked (38%)  —  190611 checks/s  —  ETA 0s  —  0 failed so far
[OUTPUT] 2026-07-13T22:04:25.562918 skip_listing [train]:   6,500/15,960 checked (41%)  —  191432 checks/s  —  ETA 0s  —  0 failed so far
[OUTPUT] 2026-07-13T22:04:25.565404 skip_listing [train]:   7,000/15,960 checked (44%)  —  192093 checks/s  —  ETA 0s  —  0 failed so far
[OUTPUT] 2026-07-13T22:04:25.567883 skip_listing [train]:   7,500/15,960 checked (47%)  —  192703 checks/s  —  ETA 0s  —  0 failed so far
[OUTPUT] 2026-07-13T22:04:25.570351 skip_listing [train]:   8,000/15,960 checked (50%)  —  193293 checks/s  —  ETA 0s  —  0 failed so far
[OUTPUT] 2026-07-13T22:04:25.572835 skip_listing [train]:   8,500/15,960 checked (53%)  —  193743 checks/s  —  ETA 0s  —  0 failed so far
[OUTPUT] 2026-07-13T22:04:25.575301 skip_listing [train]:   9,000/15,960 checked (56%)  —  194224 checks/s  —  ETA 0s  —  0 failed so far
[OUTPUT] 2026-07-13T22:04:25.577771 skip_listing [train]:   9,500/15,960 checked (60%)  —  194640 checks/s  —  ETA 0s  —  0 failed so far
[OUTPUT] 2026-07-13T22:04:25.580274 skip_listing [train]:   10,000/15,960 checked (63%)  —  194890 checks/s  —  ETA 0s  —  0 failed so far
[OUTPUT] 2026-07-13T22:04:25.582760 skip_listing [train]:   10,500/15,960 checked (66%)  —  195180 checks/s  —  ETA 0s  —  0 failed so far
[OUTPUT] 2026-07-13T22:04:25.585223 skip_listing [train]:   11,000/15,960 checked (69%)  —  195520 checks/s  —  ETA 0s  —  0 failed so far
[OUTPUT] 2026-07-13T22:04:25.587681 skip_listing [train]:   11,500/15,960 checked (72%)  —  195852 checks/s  —  ETA 0s  —  0 failed so far
[OUTPUT] 2026-07-13T22:04:25.590156 skip_listing [train]:   12,000/15,960 checked (75%)  —  196101 checks/s  —  ETA 0s  —  0 failed so far
[OUTPUT] 2026-07-13T22:04:25.592604 skip_listing [train]:   12,500/15,960 checked (78%)  —  196416 checks/s  —  ETA 0s  —  0 failed so far
[OUTPUT] 2026-07-13T22:04:25.595049 skip_listing [train]:   13,000/15,960 checked (81%)  —  196714 checks/s  —  ETA 0s  —  0 failed so far
[OUTPUT] 2026-07-13T22:04:25.597519 skip_listing [train]:   13,500/15,960 checked (85%)  —  196918 checks/s  —  ETA 0s  —  0 failed so far
[OUTPUT] 2026-07-13T22:04:25.599988 skip_listing [train]:   14,000/15,960 checked (88%)  —  197113 checks/s  —  ETA 0s  —  0 failed so far
[OUTPUT] 2026-07-13T22:04:25.602452 skip_listing [train]:   14,500/15,960 checked (91%)  —  197309 checks/s  —  ETA 0s  —  0 failed so far
[OUTPUT] 2026-07-13T22:04:25.604909 skip_listing [train]:   15,000/15,960 checked (94%)  —  197510 checks/s  —  ETA 0s  —  0 failed so far
[OUTPUT] 2026-07-13T22:04:25.607369 skip_listing [train]:   15,500/15,960 checked (97%)  —  197688 checks/s  —  ETA 0s  —  0 failed so far
[OUTPUT] 2026-07-13T22:04:25.609719 skip_listing [train]: validation complete — all 15,960 samples exist (0.1s, 197633 checks/s); 104,305 URIs ready for rank 0 (15,958,659 total across all ranks)
[OUTPUT] 2026-07-13T22:04:25.610347 File listing [train]: 15958659 files discovered, 104304 assigned to rank 0, completed in 0.32s
[OUTPUT] 2026-07-13T22:04:25.610375 skip_listing [valid]: generated 0 file URIs deterministically (0 total — validation disabled)
[OUTPUT] 2026-07-13T22:04:25.610392 File listing [valid]: 0 files discovered, 0 assigned to rank 0, completed in 0.00s
[OUTPUT] 2026-07-13T22:04:25.610409 Streamed file sharding: 15958659 train files across 153 ranks via round-robin (rank 0 shard: 104304 files)
[OUTPUT] 2026-07-13T22:05:02.709281 Max steps per epoch per rank: 664944 = 1 * 15958659 / 24 (samples per file * local files / batch size)
[OUTPUT] 2026-07-13T22:05:04.151218 Reshard for epoch 1: 104304 train files, 0 eval files redistributed via alltoall in 1.44s
[OUTPUT] 2026-07-13T22:05:06.047814 Worker pre-warm complete (4 workers spawned)
[OUTPUT] 2026-07-13T22:05:10.892534 Starting epoch 1: 4346 steps expected
[OUTPUT] 2026-07-13T22:05:10.892945 Starting block 1
[OUTPUT] 2026-07-13T22:09:14.710256 Ending block 1 - 4346 steps completed in 243.82 s
[OUTPUT] 2026-07-13T22:09:14.712309 Epoch 1 - Block 1 [Training] Accelerator Utilization [AU] (%): 85.1617
[OUTPUT] 2026-07-13T22:09:14.712366 Epoch 1 - Block 1 [Training] Throughput (samples/second): 65665.4310
[OUTPUT] 2026-07-13T22:09:14.714493 Epoch 1 - Block 1 [Training] Computation time per step (second): 0.0476+/-0.0000 (set value: {'mean': 0.04755})
[OUTPUT] 2026-07-13T22:09:15.093401 Ending epoch 1 - 4346 steps completed in 244.20 s
[OUTPUT] 2026-07-13T22:09:16.296405 Reshard for epoch 2: 104304 train files, 0 eval files redistributed via alltoall in 1.20s
[OUTPUT] 2026-07-13T22:09:17.706747 Worker pre-warm complete for epoch 2 (4 workers spawned)
[OUTPUT] 2026-07-13T22:09:33.022081 Starting epoch 2: 4346 steps expected
[OUTPUT] 2026-07-13T22:09:33.022559 Starting block 1
[OUTPUT] 2026-07-13T22:13:36.842881 Ending block 1 - 4346 steps completed in 243.82 s
[OUTPUT] 2026-07-13T22:13:36.844033 Epoch 2 - Block 1 [Training] Accelerator Utilization [AU] (%): 85.1717
[OUTPUT] 2026-07-13T22:13:36.844086 Epoch 2 - Block 1 [Training] Throughput (samples/second): 65676.8257
[OUTPUT] 2026-07-13T22:13:36.844414 Epoch 2 - Block 1 [Training] Computation time per step (second): 0.0476+/-0.0000 (set value: {'mean': 0.04755})
[OUTPUT] 2026-07-13T22:13:37.301185 Ending epoch 2 - 4346 steps completed in 244.28 s
[OUTPUT] 2026-07-13T22:13:38.499274 Reshard for epoch 3: 104304 train files, 0 eval files redistributed via alltoall in 1.20s
[OUTPUT] 2026-07-13T22:13:39.909980 Worker pre-warm complete for epoch 3 (4 workers spawned)
[OUTPUT] 2026-07-13T22:13:54.932347 Starting epoch 3: 4346 steps expected
[OUTPUT] 2026-07-13T22:13:54.932884 Starting block 1
[OUTPUT] 2026-07-13T22:17:58.874561 Ending block 1 - 4346 steps completed in 243.94 s
[OUTPUT] 2026-07-13T22:17:58.875779 Epoch 3 - Block 1 [Training] Accelerator Utilization [AU] (%): 85.1230
[OUTPUT] 2026-07-13T22:17:58.875819 Epoch 3 - Block 1 [Training] Throughput (samples/second): 65639.0570
[OUTPUT] 2026-07-13T22:17:58.876152 Epoch 3 - Block 1 [Training] Computation time per step (second): 0.0476+/-0.0000 (set value: {'mean': 0.04755})
[OUTPUT] 2026-07-13T22:17:59.329850 Ending epoch 3 - 4346 steps completed in 244.40 s
[OUTPUT] 2026-07-13T22:18:00.497243 Reshard for epoch 4: 104304 train files, 0 eval files redistributed via alltoall in 1.17s
[OUTPUT] 2026-07-13T22:18:01.979241 Worker pre-warm complete for epoch 4 (4 workers spawned)
[OUTPUT] 2026-07-13T22:18:21.391270 Starting epoch 4: 4346 steps expected
[OUTPUT] 2026-07-13T22:18:21.391702 Starting block 1
[OUTPUT] 2026-07-13T22:22:25.124153 Ending block 1 - 4346 steps completed in 243.73 s
[OUTPUT] 2026-07-13T22:22:25.125488 Epoch 4 - Block 1 [Training] Accelerator Utilization [AU] (%): 85.1988
[OUTPUT] 2026-07-13T22:22:25.125531 Epoch 4 - Block 1 [Training] Throughput (samples/second): 65696.8613
[OUTPUT] 2026-07-13T22:22:25.125868 Epoch 4 - Block 1 [Training] Computation time per step (second): 0.0476+/-0.0000 (set value: {'mean': 0.04755})
[OUTPUT] 2026-07-13T22:22:25.624600 Ending epoch 4 - 4346 steps completed in 244.23 s
[OUTPUT] 2026-07-13T22:22:26.793925 Reshard for epoch 5: 104304 train files, 0 eval files redistributed via alltoall in 1.17s
[OUTPUT] 2026-07-13T22:22:28.280132 Worker pre-warm complete for epoch 5 (4 workers spawned)
[OUTPUT] 2026-07-13T22:22:43.878934 Starting epoch 5: 4346 steps expected
[OUTPUT] 2026-07-13T22:22:43.879394 Starting block 1
[OUTPUT] 2026-07-13T22:26:47.861225 Ending block 1 - 4346 steps completed in 243.98 s
[OUTPUT] 2026-07-13T22:26:47.862478 Epoch 5 - Block 1 [Training] Accelerator Utilization [AU] (%): 85.1132
[OUTPUT] 2026-07-13T22:26:47.862538 Epoch 5 - Block 1 [Training] Throughput (samples/second): 65631.4568
[OUTPUT] 2026-07-13T22:26:47.862869 Epoch 5 - Block 1 [Training] Computation time per step (second): 0.0476+/-0.0000 (set value: {'mean': 0.04755})
[OUTPUT] 2026-07-13T22:26:48.376807 Ending epoch 5 - 4346 steps completed in 244.50 s
[OUTPUT] 2026-07-13T22:26:49.587645 Reshard for epoch 6: 104304 train files, 0 eval files redistributed via alltoall in 1.21s
[OUTPUT] 2026-07-13T22:26:51.095908 Worker pre-warm complete for epoch 6 (4 workers spawned)
[OUTPUT] 2026-07-13T22:27:06.585395 Starting epoch 6: 4346 steps expected
[OUTPUT] 2026-07-13T22:27:06.585870 Starting block 1
[OUTPUT] 2026-07-13T22:31:10.306182 Ending block 1 - 4346 steps completed in 243.72 s
[OUTPUT] 2026-07-13T22:31:10.308684 Epoch 6 - Block 1 [Training] Accelerator Utilization [AU] (%): 85.1769
[OUTPUT] 2026-07-13T22:31:10.308735 Epoch 6 - Block 1 [Training] Throughput (samples/second): 65679.6587
[OUTPUT] 2026-07-13T22:31:10.309054 Epoch 6 - Block 1 [Training] Computation time per step (second): 0.0476+/-0.0000 (set value: {'mean': 0.04755})
[OUTPUT] 2026-07-13T22:31:10.868789 Ending epoch 6 - 4346 steps completed in 244.28 s
[OUTPUT] 2026-07-13T22:31:12.040053 Reshard for epoch 7: 104304 train files, 0 eval files redistributed via alltoall in 1.17s
[OUTPUT] 2026-07-13T22:31:13.108883 Worker pre-warm complete for epoch 7 (4 workers spawned)
[OUTPUT] 2026-07-13T22:31:28.578810 Starting epoch 7: 4346 steps expected
[OUTPUT] 2026-07-13T22:31:28.579274 Starting block 1
[OUTPUT] 2026-07-13T22:35:32.909891 Ending block 1 - 4346 steps completed in 244.33 s
[OUTPUT] 2026-07-13T22:35:32.911052 Epoch 7 - Block 1 [Training] Accelerator Utilization [AU] (%): 84.9927
[OUTPUT] 2026-07-13T22:35:32.911090 Epoch 7 - Block 1 [Training] Throughput (samples/second): 65538.2608
[OUTPUT] 2026-07-13T22:35:32.911399 Epoch 7 - Block 1 [Training] Computation time per step (second): 0.0476+/-0.0000 (set value: {'mean': 0.04755})
[OUTPUT] 2026-07-13T22:35:33.408195 Ending epoch 7 - 4346 steps completed in 244.83 s
[OUTPUT] 2026-07-13T22:35:34.619930 Reshard for epoch 8: 104304 train files, 0 eval files redistributed via alltoall in 1.21s
[OUTPUT] 2026-07-13T22:35:35.995214 Worker pre-warm complete for epoch 8 (4 workers spawned)
[OUTPUT] 2026-07-13T22:35:51.601355 Starting epoch 8: 4346 steps expected
[OUTPUT] 2026-07-13T22:35:51.601765 Starting block 1
[OUTPUT] 2026-07-13T22:39:55.541862 Ending block 1 - 4346 steps completed in 243.94 s
[OUTPUT] 2026-07-13T22:39:55.543070 Epoch 8 - Block 1 [Training] Accelerator Utilization [AU] (%): 85.1265
[OUTPUT] 2026-07-13T22:39:55.545176 Epoch 8 - Block 1 [Training] Throughput (samples/second): 65640.5949
[OUTPUT] 2026-07-13T22:39:55.545492 Epoch 8 - Block 1 [Training] Computation time per step (second): 0.0476+/-0.0000 (set value: {'mean': 0.04755})
[OUTPUT] 2026-07-13T22:39:56.072140 Ending epoch 8 - 4346 steps completed in 244.47 s
[OUTPUT] 2026-07-13T22:39:57.251990 Reshard for epoch 9: 104304 train files, 0 eval files redistributed via alltoall in 1.18s
[OUTPUT] 2026-07-13T22:39:58.750725 Worker pre-warm complete for epoch 9 (4 workers spawned)
[OUTPUT] 2026-07-13T22:39:59.096325 Saved outputs in /root/Suzhou_Zishan_Longlin/closed/Suzhou_Zishan_Longlin/results/GalaxSphere-3Tier0/training/retinanet/run/20260713_220344
[OUTPUT] Averaged metric over all steps/epochs
[METRIC] ==========================================================
[METRIC] Number of Simulated Accelerators: 153 
[METRIC] Training Accelerator Utilization [AU] (%): 85.0217 (0.0614)
[METRIC] Training Throughput (samples/second): 65558.6098 (47.1150)
[METRIC] Training I/O Throughput (MiB/second): 20191.7762 (14.5112)
[METRIC] train_au_meet_expectation: success
[METRIC] ==========================================================

[OUTPUT] 2026-07-13T22:39:59.552709 outputs saved in RANKID_output.json
