[OUTPUT] [DEBUG DLIOBenchmark.__init__] After LoadConfig:
[OUTPUT]   storage_type   = <StorageType.LOCAL_FS: 'local_fs'>
[OUTPUT]   storage_root   = './'
[OUTPUT]   storage_options= None
[OUTPUT]   data_folder    = '/mnt/glfs/GalaxSphere-3Tier0/training/retinanet'
[OUTPUT]   framework      = <FrameworkType.PYTORCH: 'pytorch'>
[OUTPUT]   num_files_train= 15958659
[OUTPUT]   record_length  = 322957
[OUTPUT]   generate_data  = False
[OUTPUT]   do_train       = True
[OUTPUT]   do_checkpoint  = False
[OUTPUT]   epochs         = 8
[OUTPUT]   batch_size     = 24
[OUTPUT] 2026-07-13T23:16:59.749157 Running DLIO [Training] with 153 process(es)
[OUTPUT] 2026-07-13T23:17:00.017212 skip_listing [train]: validating 15,960 of 15,958,659 files (first, last, every 1,000) via HEAD requests ...
[OUTPUT] 2026-07-13T23:17:00.021971 skip_listing [train]:   500/15,960 checked (3%)  —  109971 checks/s  —  ETA 0s  —  0 failed so far
[OUTPUT] 2026-07-13T23:17:00.024499 skip_listing [train]:   1,000/15,960 checked (6%)  —  141318 checks/s  —  ETA 0s  —  0 failed so far
[OUTPUT] 2026-07-13T23:17:00.026962 skip_listing [train]:   1,500/15,960 checked (9%)  —  157243 checks/s  —  ETA 0s  —  0 failed so far
[OUTPUT] 2026-07-13T23:17:00.029392 skip_listing [train]:   2,000/15,960 checked (13%)  —  167087 checks/s  —  ETA 0s  —  0 failed so far
[OUTPUT] 2026-07-13T23:17:00.031815 skip_listing [train]:   2,500/15,960 checked (16%)  —  173697 checks/s  —  ETA 0s  —  0 failed so far
[OUTPUT] 2026-07-13T23:17:00.034236 skip_listing [train]:   3,000/15,960 checked (19%)  —  178423 checks/s  —  ETA 0s  —  0 failed so far
[OUTPUT] 2026-07-13T23:17:00.036662 skip_listing [train]:   3,500/15,960 checked (22%)  —  181911 checks/s  —  ETA 0s  —  0 failed so far
[OUTPUT] 2026-07-13T23:17:00.039069 skip_listing [train]:   4,000/15,960 checked (25%)  —  184781 checks/s  —  ETA 0s  —  0 failed so far
[OUTPUT] 2026-07-13T23:17:00.041468 skip_listing [train]:   4,500/15,960 checked (28%)  —  187136 checks/s  —  ETA 0s  —  0 failed so far
[OUTPUT] 2026-07-13T23:17:00.043883 skip_listing [train]:   5,000/15,960 checked (31%)  —  188956 checks/s  —  ETA 0s  —  0 failed so far
[OUTPUT] 2026-07-13T23:17:00.046292 skip_listing [train]:   5,500/15,960 checked (34%)  —  190505 checks/s  —  ETA 0s  —  0 failed so far
[OUTPUT] 2026-07-13T23:17:00.048711 skip_listing [train]:   6,000/15,960 checked (38%)  —  191756 checks/s  —  ETA 0s  —  0 failed so far
[OUTPUT] 2026-07-13T23:17:00.051141 skip_listing [train]:   6,500/15,960 checked (41%)  —  192771 checks/s  —  ETA 0s  —  0 failed so far
[OUTPUT] 2026-07-13T23:17:00.053582 skip_listing [train]:   7,000/15,960 checked (44%)  —  193585 checks/s  —  ETA 0s  —  0 failed so far
[OUTPUT] 2026-07-13T23:17:00.056023 skip_listing [train]:   7,500/15,960 checked (47%)  —  194293 checks/s  —  ETA 0s  —  0 failed so far
[OUTPUT] 2026-07-13T23:17:00.058449 skip_listing [train]:   8,000/15,960 checked (50%)  —  194993 checks/s  —  ETA 0s  —  0 failed so far
[OUTPUT] 2026-07-13T23:17:00.060883 skip_listing [train]:   8,500/15,960 checked (53%)  —  195575 checks/s  —  ETA 0s  —  0 failed so far
[OUTPUT] 2026-07-13T23:17:00.063313 skip_listing [train]:   9,000/15,960 checked (56%)  —  196114 checks/s  —  ETA 0s  —  0 failed so far
[OUTPUT] 2026-07-13T23:17:00.065736 skip_listing [train]:   9,500/15,960 checked (60%)  —  196631 checks/s  —  ETA 0s  —  0 failed so far
[OUTPUT] 2026-07-13T23:17:00.068167 skip_listing [train]:   10,000/15,960 checked (63%)  —  197061 checks/s  —  ETA 0s  —  0 failed so far
[OUTPUT] 2026-07-13T23:17:00.070587 skip_listing [train]:   10,500/15,960 checked (66%)  —  197499 checks/s  —  ETA 0s  —  0 failed so far
[OUTPUT] 2026-07-13T23:17:00.073008 skip_listing [train]:   11,000/15,960 checked (69%)  —  197890 checks/s  —  ETA 0s  —  0 failed so far
[OUTPUT] 2026-07-13T23:17:00.075419 skip_listing [train]:   11,500/15,960 checked (72%)  —  198284 checks/s  —  ETA 0s  —  0 failed so far
[OUTPUT] 2026-07-13T23:17:00.077856 skip_listing [train]:   12,000/15,960 checked (75%)  —  198563 checks/s  —  ETA 0s  —  0 failed so far
[OUTPUT] 2026-07-13T23:17:00.080264 skip_listing [train]:   12,500/15,960 checked (78%)  —  198910 checks/s  —  ETA 0s  —  0 failed so far
[OUTPUT] 2026-07-13T23:17:00.082662 skip_listing [train]:   13,000/15,960 checked (81%)  —  199265 checks/s  —  ETA 0s  —  0 failed so far
[OUTPUT] 2026-07-13T23:17:00.085078 skip_listing [train]:   13,500/15,960 checked (85%)  —  199537 checks/s  —  ETA 0s  —  0 failed so far
[OUTPUT] 2026-07-13T23:17:00.087491 skip_listing [train]:   14,000/15,960 checked (88%)  —  199802 checks/s  —  ETA 0s  —  0 failed so far
[OUTPUT] 2026-07-13T23:17:00.089911 skip_listing [train]:   14,500/15,960 checked (91%)  —  200029 checks/s  —  ETA 0s  —  0 failed so far
[OUTPUT] 2026-07-13T23:17:00.092320 skip_listing [train]:   15,000/15,960 checked (94%)  —  200270 checks/s  —  ETA 0s  —  0 failed so far
[OUTPUT] 2026-07-13T23:17:00.094735 skip_listing [train]:   15,500/15,960 checked (97%)  —  200483 checks/s  —  ETA 0s  —  0 failed so far
[OUTPUT] 2026-07-13T23:17:00.097100 skip_listing [train]: validation complete — all 15,960 samples exist (0.1s, 200307 checks/s); 104,305 URIs ready for rank 0 (15,958,659 total across all ranks)
[OUTPUT] 2026-07-13T23:17:00.097776 File listing [train]: 15958659 files discovered, 104304 assigned to rank 0, completed in 0.31s
[OUTPUT] 2026-07-13T23:17:00.097807 skip_listing [valid]: generated 0 file URIs deterministically (0 total — validation disabled)
[OUTPUT] 2026-07-13T23:17:00.097824 File listing [valid]: 0 files discovered, 0 assigned to rank 0, completed in 0.00s
[OUTPUT] 2026-07-13T23:17:00.097841 Streamed file sharding: 15958659 train files across 153 ranks via round-robin (rank 0 shard: 104304 files)
[OUTPUT] 2026-07-13T23:17:37.011851 Max steps per epoch per rank: 664944 = 1 * 15958659 / 24 (samples per file * local files / batch size)
[OUTPUT] 2026-07-13T23:17:38.451006 Reshard for epoch 1: 104304 train files, 0 eval files redistributed via alltoall in 1.44s
[OUTPUT] 2026-07-13T23:17:40.045526 Worker pre-warm complete (4 workers spawned)
[OUTPUT] 2026-07-13T23:18:00.347999 Starting epoch 1: 4346 steps expected
[OUTPUT] 2026-07-13T23:18:00.348623 Starting block 1
[OUTPUT] 2026-07-13T23:22:04.071845 Ending block 1 - 4346 steps completed in 243.72 s
[OUTPUT] 2026-07-13T23:22:04.074026 Epoch 1 - Block 1 [Training] Accelerator Utilization [AU] (%): 85.1980
[OUTPUT] 2026-07-13T23:22:04.074065 Epoch 1 - Block 1 [Training] Throughput (samples/second): 65692.6620
[OUTPUT] 2026-07-13T23:22:04.074801 Epoch 1 - Block 1 [Training] Computation time per step (second): 0.0476+/-0.0000 (set value: {'mean': 0.04755})
[OUTPUT] 2026-07-13T23:22:04.485160 Ending epoch 1 - 4346 steps completed in 244.14 s
[OUTPUT] 2026-07-13T23:22:05.653683 Reshard for epoch 2: 104304 train files, 0 eval files redistributed via alltoall in 1.17s
[OUTPUT] 2026-07-13T23:22:07.103737 Worker pre-warm complete for epoch 2 (4 workers spawned)
[OUTPUT] 2026-07-13T23:22:37.740583 Starting epoch 2: 4346 steps expected
[OUTPUT] 2026-07-13T23:22:37.741092 Starting block 1
[OUTPUT] 2026-07-13T23:26:41.500386 Ending block 1 - 4346 steps completed in 243.76 s
[OUTPUT] 2026-07-13T23:26:41.501687 Epoch 2 - Block 1 [Training] Accelerator Utilization [AU] (%): 85.1961
[OUTPUT] 2026-07-13T23:26:41.501735 Epoch 2 - Block 1 [Training] Throughput (samples/second): 65693.8599
[OUTPUT] 2026-07-13T23:26:41.502060 Epoch 2 - Block 1 [Training] Computation time per step (second): 0.0476+/-0.0000 (set value: {'mean': 0.04755})
[OUTPUT] 2026-07-13T23:26:41.989092 Ending epoch 2 - 4346 steps completed in 244.25 s
[OUTPUT] 2026-07-13T23:26:43.166700 Reshard for epoch 3: 104304 train files, 0 eval files redistributed via alltoall in 1.18s
[OUTPUT] 2026-07-13T23:26:44.393416 Worker pre-warm complete for epoch 3 (4 workers spawned)
[OUTPUT] 2026-07-13T23:26:59.678590 Starting epoch 3: 4346 steps expected
[OUTPUT] 2026-07-13T23:26:59.679101 Starting block 1
[OUTPUT] 2026-07-13T23:31:03.514332 Ending block 1 - 4346 steps completed in 243.84 s
[OUTPUT] 2026-07-13T23:31:03.515543 Epoch 3 - Block 1 [Training] Accelerator Utilization [AU] (%): 85.1545
[OUTPUT] 2026-07-13T23:31:03.515581 Epoch 3 - Block 1 [Training] Throughput (samples/second): 65661.7552
[OUTPUT] 2026-07-13T23:31:03.515910 Epoch 3 - Block 1 [Training] Computation time per step (second): 0.0476+/-0.0000 (set value: {'mean': 0.04755})
[OUTPUT] 2026-07-13T23:31:03.977728 Ending epoch 3 - 4346 steps completed in 244.30 s
[OUTPUT] 2026-07-13T23:31:05.149036 Reshard for epoch 4: 104304 train files, 0 eval files redistributed via alltoall in 1.17s
[OUTPUT] 2026-07-13T23:31:06.539094 Worker pre-warm complete for epoch 4 (4 workers spawned)
[OUTPUT] 2026-07-13T23:31:22.075721 Starting epoch 4: 4346 steps expected
[OUTPUT] 2026-07-13T23:31:22.076315 Starting block 1
[OUTPUT] 2026-07-13T23:35:26.018514 Ending block 1 - 4346 steps completed in 243.94 s
[OUTPUT] 2026-07-13T23:35:26.019860 Epoch 4 - Block 1 [Training] Accelerator Utilization [AU] (%): 85.1305
[OUTPUT] 2026-07-13T23:35:26.019898 Epoch 4 - Block 1 [Training] Throughput (samples/second): 65643.0674
[OUTPUT] 2026-07-13T23:35:26.020207 Epoch 4 - Block 1 [Training] Computation time per step (second): 0.0476+/-0.0000 (set value: {'mean': 0.04755})
[OUTPUT] 2026-07-13T23:35:26.515658 Ending epoch 4 - 4346 steps completed in 244.44 s
[OUTPUT] 2026-07-13T23:35:27.660357 Reshard for epoch 5: 104304 train files, 0 eval files redistributed via alltoall in 1.14s
[OUTPUT] 2026-07-13T23:35:28.965324 Worker pre-warm complete for epoch 5 (4 workers spawned)
[OUTPUT] 2026-07-13T23:35:44.412229 Starting epoch 5: 4346 steps expected
[OUTPUT] 2026-07-13T23:35:44.412632 Starting block 1
[OUTPUT] 2026-07-13T23:39:48.359650 Ending block 1 - 4346 steps completed in 243.95 s
[OUTPUT] 2026-07-13T23:39:48.360888 Epoch 5 - Block 1 [Training] Accelerator Utilization [AU] (%): 85.1246
[OUTPUT] 2026-07-13T23:39:48.360925 Epoch 5 - Block 1 [Training] Throughput (samples/second): 65638.6949
[OUTPUT] 2026-07-13T23:39:48.361239 Epoch 5 - Block 1 [Training] Computation time per step (second): 0.0476+/-0.0000 (set value: {'mean': 0.04755})
[OUTPUT] 2026-07-13T23:39:48.851714 Ending epoch 5 - 4346 steps completed in 244.44 s
[OUTPUT] 2026-07-13T23:39:50.008790 Reshard for epoch 6: 104304 train files, 0 eval files redistributed via alltoall in 1.16s
[OUTPUT] 2026-07-13T23:39:51.423928 Worker pre-warm complete for epoch 6 (4 workers spawned)
[OUTPUT] 2026-07-13T23:40:06.945890 Starting epoch 6: 4346 steps expected
[OUTPUT] 2026-07-13T23:40:06.946301 Starting block 1
[OUTPUT] 2026-07-13T23:44:11.015999 Ending block 1 - 4346 steps completed in 244.07 s
[OUTPUT] 2026-07-13T23:44:11.017184 Epoch 6 - Block 1 [Training] Accelerator Utilization [AU] (%): 85.0970
[OUTPUT] 2026-07-13T23:44:11.017219 Epoch 6 - Block 1 [Training] Throughput (samples/second): 65616.6666
[OUTPUT] 2026-07-13T23:44:11.017533 Epoch 6 - Block 1 [Training] Computation time per step (second): 0.0476+/-0.0000 (set value: {'mean': 0.04755})
[OUTPUT] 2026-07-13T23:44:11.538322 Ending epoch 6 - 4346 steps completed in 244.59 s
[OUTPUT] 2026-07-13T23:44:12.710722 Reshard for epoch 7: 104304 train files, 0 eval files redistributed via alltoall in 1.17s
[OUTPUT] 2026-07-13T23:44:14.138646 Worker pre-warm complete for epoch 7 (4 workers spawned)
[OUTPUT] 2026-07-13T23:44:29.624764 Starting epoch 7: 4346 steps expected
[OUTPUT] 2026-07-13T23:44:29.625148 Starting block 1
[OUTPUT] 2026-07-13T23:48:33.563160 Ending block 1 - 4346 steps completed in 243.94 s
[OUTPUT] 2026-07-13T23:48:33.564387 Epoch 7 - Block 1 [Training] Accelerator Utilization [AU] (%): 85.1334
[OUTPUT] 2026-07-13T23:48:33.564444 Epoch 7 - Block 1 [Training] Throughput (samples/second): 65645.1732
[OUTPUT] 2026-07-13T23:48:33.564797 Epoch 7 - Block 1 [Training] Computation time per step (second): 0.0476+/-0.0000 (set value: {'mean': 0.04755})
[OUTPUT] 2026-07-13T23:48:34.076004 Ending epoch 7 - 4346 steps completed in 244.45 s
[OUTPUT] 2026-07-13T23:48:35.234975 Reshard for epoch 8: 104304 train files, 0 eval files redistributed via alltoall in 1.16s
[OUTPUT] 2026-07-13T23:48:36.698649 Worker pre-warm complete for epoch 8 (4 workers spawned)
[OUTPUT] 2026-07-13T23:48:52.068701 Starting epoch 8: 4346 steps expected
[OUTPUT] 2026-07-13T23:48:52.069167 Starting block 1
[OUTPUT] 2026-07-13T23:52:56.175956 Ending block 1 - 4346 steps completed in 244.11 s
[OUTPUT] 2026-07-13T23:52:56.177177 Epoch 8 - Block 1 [Training] Accelerator Utilization [AU] (%): 85.0649
[OUTPUT] 2026-07-13T23:52:56.177223 Epoch 8 - Block 1 [Training] Throughput (samples/second): 65592.5342
[OUTPUT] 2026-07-13T23:52:56.177535 Epoch 8 - Block 1 [Training] Computation time per step (second): 0.0476+/-0.0000 (set value: {'mean': 0.04755})
[OUTPUT] 2026-07-13T23:52:56.688693 Ending epoch 8 - 4346 steps completed in 244.62 s
[OUTPUT] 2026-07-13T23:52:57.890072 Reshard for epoch 9: 104304 train files, 0 eval files redistributed via alltoall in 1.20s
[OUTPUT] 2026-07-13T23:52:59.136645 Worker pre-warm complete for epoch 9 (4 workers spawned)
[OUTPUT] 2026-07-13T23:52:59.672092 Saved outputs in /root/Suzhou_Zishan_Longlin/closed/Suzhou_Zishan_Longlin/results/GalaxSphere-3Tier0/training/retinanet/run/20260713_231634
[OUTPUT] Averaged metric over all steps/epochs
[METRIC] ==========================================================
[METRIC] Number of Simulated Accelerators: 153 
[METRIC] Training Accelerator Utilization [AU] (%): 85.0255 (0.0493)
[METRIC] Training Throughput (samples/second): 65561.4827 (37.5141)
[METRIC] Training I/O Throughput (MiB/second): 20192.6611 (11.5542)
[METRIC] train_au_meet_expectation: success
[METRIC] ==========================================================

[OUTPUT] 2026-07-13T23:53:00.128209 outputs saved in RANKID_output.json
