[OUTPUT] [DEBUG DLIOBenchmark.__init__] After LoadConfig:
[OUTPUT]   storage_type   = <StorageType.LOCAL_FS: 'local_fs'>
[OUTPUT]   storage_root   = './'
[OUTPUT]   storage_options= None
[OUTPUT]   data_folder    = '/mnt/mlperf/data/i24_10client/unet3d'
[OUTPUT]   framework      = <FrameworkType.PYTORCH: 'pytorch'>
[OUTPUT]   num_files_train= 280000
[OUTPUT]   record_length  = 146600628
[OUTPUT]   generate_data  = False
[OUTPUT]   do_train       = True
[OUTPUT]   do_checkpoint  = False
[OUTPUT]   epochs         = 5
[OUTPUT]   batch_size     = 7
[OUTPUT] 2026-07-21T19:24:46.864580 Running DLIO [Training] with 50 process(es)
[OUTPUT] 2026-07-21T19:24:46.961885 skip_listing [train]: validating 2,801 of 280,000 files (first, last, every 100) via HEAD requests ...
[OUTPUT] 2026-07-21T19:24:48.610170 skip_listing [train]:   280/2,801 checked (10%)  —  170 checks/s  —  ETA 15s  —  0 failed so far
[OUTPUT] 2026-07-21T19:24:53.796131 skip_listing [train]:   560/2,801 checked (20%)  —  82 checks/s  —  ETA 27s  —  0 failed so far
[OUTPUT] 2026-07-21T19:24:57.822700 skip_listing [train]:   840/2,801 checked (30%)  —  77 checks/s  —  ETA 25s  —  0 failed so far
[OUTPUT] 2026-07-21T19:24:58.711095 skip_listing [train]:   1,120/2,801 checked (40%)  —  95 checks/s  —  ETA 18s  —  0 failed so far
[OUTPUT] 2026-07-21T19:24:58.908826 skip_listing [train]:   1,400/2,801 checked (50%)  —  117 checks/s  —  ETA 12s  —  0 failed so far
[OUTPUT] 2026-07-21T19:24:59.131744 skip_listing [train]:   1,680/2,801 checked (60%)  —  138 checks/s  —  ETA 8s  —  0 failed so far
[OUTPUT] 2026-07-21T19:24:59.515180 skip_listing [train]:   1,960/2,801 checked (70%)  —  156 checks/s  —  ETA 5s  —  0 failed so far
[OUTPUT] 2026-07-21T19:24:59.789193 skip_listing [train]:   2,240/2,801 checked (80%)  —  175 checks/s  —  ETA 3s  —  0 failed so far
[OUTPUT] 2026-07-21T19:25:00.014107 skip_listing [train]:   2,520/2,801 checked (90%)  —  193 checks/s  —  ETA 1s  —  0 failed so far
[OUTPUT] 2026-07-21T19:25:00.330493 skip_listing [train]:   2,800/2,801 checked (100%)  —  209 checks/s  —  ETA 0s  —  0 failed so far
[OUTPUT] 2026-07-21T19:25:00.330596 skip_listing [train]: validation complete — all 2,801 samples exist (13.4s, 210 checks/s); 5,600 URIs ready for rank 0 (280,000 total across all ranks)
[OUTPUT] 2026-07-21T19:25:00.330695 File listing [train]: 280000 files discovered, 5600 assigned to rank 0, completed in 13.38s
[OUTPUT] 2026-07-21T19:25:00.330754 skip_listing [valid]: generated 0 file URIs deterministically (0 total — validation disabled)
[OUTPUT] 2026-07-21T19:25:00.330797 File listing [valid]: 0 files discovered, 0 assigned to rank 0, completed in 0.00s
[OUTPUT] 2026-07-21T19:25:00.330833 Streamed file sharding: 280000 train files across 50 ranks via round-robin (rank 0 shard: 5600 files)
[OUTPUT] 2026-07-21T19:25:00.554361 Max steps per epoch per rank: 40000 = 1 * 280000 / 7 (samples per file * local files / batch size)
[OUTPUT] 2026-07-21T19:25:00.669766 Reshard for epoch 1: 5600 train files, 0 eval files redistributed via alltoall in 0.12s
[OUTPUT] 2026-07-21T19:25:02.383760 Worker pre-warm complete (6 workers spawned)
[OUTPUT] 2026-07-21T19:25:02.861041 Starting epoch 1: 800 steps expected
[OUTPUT] 2026-07-21T19:25:02.861413 Starting block 1
[OUTPUT] 2026-07-21T19:27:25.205629 Ending block 1 - 800 steps completed in 142.34 s
[OUTPUT] 2026-07-21T19:27:25.209760 Epoch 1 - Block 1 [Training] Accelerator Utilization [AU] (%): 91.7272
[OUTPUT] 2026-07-21T19:27:25.209830 Epoch 1 - Block 1 [Training] Throughput (samples/second): 1980.5442
[OUTPUT] 2026-07-21T19:27:25.210885 Epoch 1 - Block 1 [Training] Computation time per step (second): 0.1621+/-0.0000 (set value: {'mean': 0.162})
[OUTPUT] 2026-07-21T19:27:25.367046 Ending epoch 1 - 800 steps completed in 142.51 s
[OUTPUT] 2026-07-21T19:27:25.432571 Reshard for epoch 2: 5600 train files, 0 eval files redistributed via alltoall in 0.07s
[OUTPUT] 2026-07-21T19:27:26.583108 Worker pre-warm complete for epoch 2 (6 workers spawned)
[OUTPUT] 2026-07-21T19:27:26.937475 Starting epoch 2: 800 steps expected
[OUTPUT] 2026-07-21T19:27:26.937751 Starting block 1
[OUTPUT] 2026-07-21T19:29:49.356446 Ending block 1 - 800 steps completed in 142.42 s
[OUTPUT] 2026-07-21T19:29:49.358871 Epoch 2 - Block 1 [Training] Accelerator Utilization [AU] (%): 91.6440
[OUTPUT] 2026-07-21T19:29:49.358940 Epoch 2 - Block 1 [Training] Throughput (samples/second): 1978.7394
[OUTPUT] 2026-07-21T19:29:49.359243 Epoch 2 - Block 1 [Training] Computation time per step (second): 0.1621+/-0.0000 (set value: {'mean': 0.162})
[OUTPUT] 2026-07-21T19:29:49.496055 Ending epoch 2 - 800 steps completed in 142.56 s
[OUTPUT] 2026-07-21T19:29:49.560143 Reshard for epoch 3: 5600 train files, 0 eval files redistributed via alltoall in 0.06s
[OUTPUT] 2026-07-21T19:29:50.852639 Worker pre-warm complete for epoch 3 (6 workers spawned)
[OUTPUT] 2026-07-21T19:29:51.024761 Starting epoch 3: 800 steps expected
[OUTPUT] 2026-07-21T19:29:51.024943 Starting block 1
[OUTPUT] 2026-07-21T19:32:13.000352 Ending block 1 - 800 steps completed in 141.98 s
[OUTPUT] 2026-07-21T19:32:13.001768 Epoch 3 - Block 1 [Training] Accelerator Utilization [AU] (%): 92.0229
[OUTPUT] 2026-07-21T19:32:13.001798 Epoch 3 - Block 1 [Training] Throughput (samples/second): 1986.9529
[OUTPUT] 2026-07-21T19:32:13.001927 Epoch 3 - Block 1 [Training] Computation time per step (second): 0.1621+/-0.0000 (set value: {'mean': 0.162})
[OUTPUT] 2026-07-21T19:32:13.161948 Ending epoch 3 - 800 steps completed in 142.14 s
[OUTPUT] 2026-07-21T19:32:13.230849 Reshard for epoch 4: 5600 train files, 0 eval files redistributed via alltoall in 0.07s
[OUTPUT] 2026-07-21T19:32:14.470259 Worker pre-warm complete for epoch 4 (6 workers spawned)
[OUTPUT] 2026-07-21T19:32:14.642055 Starting epoch 4: 800 steps expected
[OUTPUT] 2026-07-21T19:32:14.642238 Starting block 1
[OUTPUT] 2026-07-21T19:34:37.263729 Ending block 1 - 800 steps completed in 142.62 s
[OUTPUT] 2026-07-21T19:34:37.265542 Epoch 4 - Block 1 [Training] Accelerator Utilization [AU] (%): 91.4219
[OUTPUT] 2026-07-21T19:34:37.265567 Epoch 4 - Block 1 [Training] Throughput (samples/second): 1973.9870
[OUTPUT] 2026-07-21T19:34:37.265688 Epoch 4 - Block 1 [Training] Computation time per step (second): 0.1621+/-0.0000 (set value: {'mean': 0.162})
[OUTPUT] 2026-07-21T19:34:37.387236 Ending epoch 4 - 800 steps completed in 142.75 s
[OUTPUT] 2026-07-21T19:34:37.453756 Reshard for epoch 5: 5600 train files, 0 eval files redistributed via alltoall in 0.07s
[OUTPUT] 2026-07-21T19:34:38.661887 Worker pre-warm complete for epoch 5 (6 workers spawned)
[OUTPUT] 2026-07-21T19:34:38.917425 Starting epoch 5: 800 steps expected
[OUTPUT] 2026-07-21T19:34:38.917636 Starting block 1
[OUTPUT] 2026-07-21T19:37:01.882386 Ending block 1 - 800 steps completed in 142.96 s
[OUTPUT] 2026-07-21T19:37:01.883778 Epoch 5 - Block 1 [Training] Accelerator Utilization [AU] (%): 91.2133
[OUTPUT] 2026-07-21T19:37:01.883804 Epoch 5 - Block 1 [Training] Throughput (samples/second): 1969.4432
[OUTPUT] 2026-07-21T19:37:01.883925 Epoch 5 - Block 1 [Training] Computation time per step (second): 0.1621+/-0.0000 (set value: {'mean': 0.162})
[OUTPUT] 2026-07-21T19:37:02.021883 Ending epoch 5 - 800 steps completed in 143.10 s
[OUTPUT] 2026-07-21T19:37:02.085977 Reshard for epoch 6: 5600 train files, 0 eval files redistributed via alltoall in 0.06s
[OUTPUT] 2026-07-21T19:37:03.350949 Worker pre-warm complete for epoch 6 (6 workers spawned)
[OUTPUT] 2026-07-21T19:37:03.553754 Saved outputs in /mnt/mlperf/result/i24_10client/closed/InspurData/results/InspurData_InDataOS_AS13000G7_10clients/training/unet3d/run/20260721_192421
[OUTPUT] Averaged metric over all steps/epochs
[METRIC] ==========================================================
[METRIC] Number of Simulated Accelerators: 50 
[METRIC] Training Accelerator Utilization [AU] (%): 91.6494 (0.2094)
[METRIC] Training Throughput (samples/second): 1978.7865 (4.5160)
[METRIC] Training I/O Throughput (MiB/second): 276652.6578 (631.3794)
[METRIC] train_au_meet_expectation: success
[METRIC] ==========================================================

[OUTPUT] 2026-07-21T19:37:03.743884 outputs saved in RANKID_output.json
