[WARNING] On host cn021: reader.read_threads=4 x local_ranks=46 = 184 workers, estimated ~92 GB — exceeds 50% of available RAM on this node (163 GB). Consider reducing read_threads to avoid OOM.
[WARNING] On host cn021: reader.read_threads=4 x local_ranks=46 = 184 workers, estimated ~92 GB — exceeds 50% of available RAM on this node (163 GB). Consider reducing read_threads to avoid OOM.
[WARNING] On host cn021: reader.read_threads=4 x local_ranks=46 = 184 workers, estimated ~92 GB — exceeds 50% of available RAM on this node (163 GB). Consider reducing read_threads to avoid OOM.
[WARNING] On host cn021: reader.read_threads=4 x local_ranks=46 = 184 workers, estimated ~92 GB — exceeds 50% of available RAM on this node (163 GB). Consider reducing read_threads to avoid OOM.
[WARNING] On host cn021: reader.read_threads=4 x local_ranks=46 = 184 workers, estimated ~92 GB — exceeds 50% of available RAM on this node (163 GB). Consider reducing read_threads to avoid OOM.
[WARNING] On host cn021: reader.read_threads=4 x local_ranks=46 = 184 workers, estimated ~92 GB — exceeds 50% of available RAM on this node (163 GB). Consider reducing read_threads to avoid OOM.
[WARNING] On host cn021: reader.read_threads=4 x local_ranks=46 = 184 workers, estimated ~92 GB — exceeds 50% of available RAM on this node (163 GB). Consider reducing read_threads to avoid OOM.
[WARNING] On host cn021: reader.read_threads=4 x local_ranks=46 = 184 workers, estimated ~92 GB — exceeds 50% of available RAM on this node (163 GB). Consider reducing read_threads to avoid OOM.
[WARNING] On host cn021: reader.read_threads=4 x local_ranks=46 = 184 workers, estimated ~92 GB — exceeds 50% of available RAM on this node (163 GB). Consider reducing read_threads to avoid OOM.
[WARNING] On host cn021: reader.read_threads=4 x local_ranks=46 = 184 workers, estimated ~92 GB — exceeds 50% of available RAM on this node (163 GB). Consider reducing read_threads to avoid OOM.
[WARNING] On host cn021: reader.read_threads=4 x local_ranks=46 = 184 workers, estimated ~92 GB — exceeds 50% of available RAM on this node (163 GB). Consider reducing read_threads to avoid OOM.
[WARNING] On host cn021: reader.read_threads=4 x local_ranks=46 = 184 workers, estimated ~92 GB — exceeds 50% of available RAM on this node (163 GB). Consider reducing read_threads to avoid OOM.
[WARNING] On host cn021: reader.read_threads=4 x local_ranks=46 = 184 workers, estimated ~92 GB — exceeds 50% of available RAM on this node (163 GB). Consider reducing read_threads to avoid OOM.
[WARNING] On host cn021: reader.read_threads=4 x local_ranks=46 = 184 workers, estimated ~92 GB — exceeds 50% of available RAM on this node (163 GB). Consider reducing read_threads to avoid OOM.
[WARNING] On host cn021: reader.read_threads=4 x local_ranks=46 = 184 workers, estimated ~92 GB — exceeds 50% of available RAM on this node (163 GB). Consider reducing read_threads to avoid OOM.
[WARNING] On host cn021: reader.read_threads=4 x local_ranks=46 = 184 workers, estimated ~92 GB — exceeds 50% of available RAM on this node (163 GB). Consider reducing read_threads to avoid OOM.
[WARNING] On host cn021: reader.read_threads=4 x local_ranks=46 = 184 workers, estimated ~92 GB — exceeds 50% of available RAM on this node (163 GB). Consider reducing read_threads to avoid OOM.
[WARNING] On host cn021: reader.read_threads=4 x local_ranks=46 = 184 workers, estimated ~92 GB — exceeds 50% of available RAM on this node (163 GB). Consider reducing read_threads to avoid OOM.
[WARNING] On host cn021: reader.read_threads=4 x local_ranks=46 = 184 workers, estimated ~92 GB — exceeds 50% of available RAM on this node (163 GB). Consider reducing read_threads to avoid OOM.
[WARNING] On host cn021: reader.read_threads=4 x local_ranks=46 = 184 workers, estimated ~92 GB — exceeds 50% of available RAM on this node (163 GB). Consider reducing read_threads to avoid OOM.
[WARNING] On host cn021: reader.read_threads=4 x local_ranks=46 = 184 workers, estimated ~92 GB — exceeds 50% of available RAM on this node (163 GB). Consider reducing read_threads to avoid OOM.
[WARNING] On host cn021: reader.read_threads=4 x local_ranks=46 = 184 workers, estimated ~92 GB — exceeds 50% of available RAM on this node (163 GB). Consider reducing read_threads to avoid OOM.
[WARNING] On host cn021: reader.read_threads=4 x local_ranks=46 = 184 workers, estimated ~92 GB — exceeds 50% of available RAM on this node (163 GB). Consider reducing read_threads to avoid OOM.
[WARNING] On host cn021: reader.read_threads=4 x local_ranks=46 = 184 workers, estimated ~92 GB — exceeds 50% of available RAM on this node (163 GB). Consider reducing read_threads to avoid OOM.
[WARNING] On host cn021: reader.read_threads=4 x local_ranks=46 = 184 workers, estimated ~92 GB — exceeds 50% of available RAM on this node (163 GB). Consider reducing read_threads to avoid OOM.
[WARNING] On host cn021: reader.read_threads=4 x local_ranks=46 = 184 workers, estimated ~92 GB — exceeds 50% of available RAM on this node (163 GB). Consider reducing read_threads to avoid OOM.
[WARNING] On host cn021: reader.read_threads=4 x local_ranks=46 = 184 workers, estimated ~92 GB — exceeds 50% of available RAM on this node (163 GB). Consider reducing read_threads to avoid OOM.
[WARNING] On host cn021: reader.read_threads=4 x local_ranks=46 = 184 workers, estimated ~92 GB — exceeds 50% of available RAM on this node (163 GB). Consider reducing read_threads to avoid OOM.
[WARNING] On host cn021: reader.read_threads=4 x local_ranks=46 = 184 workers, estimated ~92 GB — exceeds 50% of available RAM on this node (163 GB). Consider reducing read_threads to avoid OOM.
[WARNING] On host cn021: reader.read_threads=4 x local_ranks=46 = 184 workers, estimated ~92 GB — exceeds 50% of available RAM on this node (163 GB). Consider reducing read_threads to avoid OOM.
[WARNING] On host cn021: reader.read_threads=4 x local_ranks=46 = 184 workers, estimated ~92 GB — exceeds 50% of available RAM on this node (163 GB). Consider reducing read_threads to avoid OOM.
[WARNING] On host cn021: reader.read_threads=4 x local_ranks=46 = 184 workers, estimated ~92 GB — exceeds 50% of available RAM on this node (163 GB). Consider reducing read_threads to avoid OOM.
[WARNING] On host cn021: reader.read_threads=4 x local_ranks=46 = 184 workers, estimated ~92 GB — exceeds 50% of available RAM on this node (163 GB). Consider reducing read_threads to avoid OOM.
[WARNING] On host cn021: reader.read_threads=4 x local_ranks=46 = 184 workers, estimated ~92 GB — exceeds 50% of available RAM on this node (163 GB). Consider reducing read_threads to avoid OOM.
[WARNING] On host cn021: reader.read_threads=4 x local_ranks=46 = 184 workers, estimated ~92 GB — exceeds 50% of available RAM on this node (163 GB). Consider reducing read_threads to avoid OOM.
[WARNING] On host cn021: reader.read_threads=4 x local_ranks=46 = 184 workers, estimated ~92 GB — exceeds 50% of available RAM on this node (163 GB). Consider reducing read_threads to avoid OOM.
[WARNING] On host cn021: reader.read_threads=4 x local_ranks=46 = 184 workers, estimated ~92 GB — exceeds 50% of available RAM on this node (163 GB). Consider reducing read_threads to avoid OOM.
[WARNING] On host cn021: reader.read_threads=4 x local_ranks=46 = 184 workers, estimated ~92 GB — exceeds 50% of available RAM on this node (163 GB). Consider reducing read_threads to avoid OOM.
[WARNING] On host cn021: reader.read_threads=4 x local_ranks=46 = 184 workers, estimated ~92 GB — exceeds 50% of available RAM on this node (163 GB). Consider reducing read_threads to avoid OOM.
[WARNING] On host cn021: reader.read_threads=4 x local_ranks=46 = 184 workers, estimated ~92 GB — exceeds 50% of available RAM on this node (163 GB). Consider reducing read_threads to avoid OOM.
[WARNING] On host cn021: reader.read_threads=4 x local_ranks=46 = 184 workers, estimated ~92 GB — exceeds 50% of available RAM on this node (163 GB). Consider reducing read_threads to avoid OOM.
[WARNING] On host cn021: reader.read_threads=4 x local_ranks=46 = 184 workers, estimated ~92 GB — exceeds 50% of available RAM on this node (163 GB). Consider reducing read_threads to avoid OOM.
[WARNING] On host cn021: reader.read_threads=4 x local_ranks=46 = 184 workers, estimated ~92 GB — exceeds 50% of available RAM on this node (163 GB). Consider reducing read_threads to avoid OOM.
[WARNING] On host cn021: reader.read_threads=4 x local_ranks=46 = 184 workers, estimated ~92 GB — exceeds 50% of available RAM on this node (163 GB). Consider reducing read_threads to avoid OOM.
[WARNING] On host cn021: reader.read_threads=4 x local_ranks=46 = 184 workers, estimated ~92 GB — exceeds 50% of available RAM on this node (163 GB). Consider reducing read_threads to avoid OOM.
[WARNING] On host cn021: reader.read_threads=4 x local_ranks=46 = 184 workers, estimated ~92 GB — exceeds 50% of available RAM on this node (163 GB). Consider reducing read_threads to avoid OOM.
de (174 GB). Consider reducing read_threads to avoid OOM.
ed ~92 GB — exceeds 50% of available RAM on this node (162 GB). Consider reducing read_threads to avoid OOM.
[WARNING] On host cn017: reader.read_threads=4 x local_ranks=46 = 184 workers, estimated ~92 GB — exceeds 50% of available RAM on this node (162 GB). Consider reducing read_threads to avoid OOM.
[WARNING] On host cn017: reader.read_threads=4 x local_ranks=46 = 184 workers, estimated ~92 GB — exceeds 50% of available RAM on this node (162 GB). Consider reducing read_threads to avoid OOM.
[WARNING] On host cn017: reader.read_threads=4 x local_ranks=46 = 184 workers, estimated ~92 GB — exceeds 50% of available RAM on this node (162 GB). Consider reducing read_threads to avoid OOM.
[WARNING] On host cn017: reader.read_threads=4 x local_ranks=46 = 184 workers, estimated ~92 GB — exceeds 50% of available RAM on this node (162 GB). Consider reducing read_threads to avoid OOM.
[WARNING] On host cn017: reader.read_threads=4 x local_ranks=46 = 184 workers, estimated ~92 GB — exceeds 50% of available RAM on this node (162 GB). Consider reducing read_threads to avoid OOM.
[WARNING] On host cn017: reader.read_threads=4 x local_ranks=46 = 184 workers, estimated ~92 GB — exceeds 50% of available RAM on this node (162 GB). Consider reducing read_threads to avoid OOM.
[WARNING] On host cn017: reader.read_threads=4 x local_ranks=46 = 184 workers, estimated ~92 GB — exceeds 50% of available RAM on this node (162 GB). Consider reducing read_threads to avoid OOM.
[WARNING] On host cn017: reader.read_threads=4 x local_ranks=46 = 184 workers, estimated ~92 GB — exceeds 50% of available RAM on this node (162 GB). Consider reducing read_threads to avoid OOM.
[WARNING] On host cn017: reader.read_threads=4 x local_ranks=46 = 184 workers, estimated ~92 GB — exceeds 50% of available RAM on this node (162 GB). Consider reducing read_threads to avoid OOM.
[WARNING] On host cn017: reader.read_threads=4 x local_ranks=46 = 184 workers, estimated ~92 GB — exceeds 50% of available RAM on this node (162 GB). Consider reducing read_threads to avoid OOM.
[WARNING] On host cn017: reader.read_threads=4 x local_ranks=46 = 184 workers, estimated ~92 GB — exceeds 50% of available RAM on this node (162 GB). Consider reducing read_threads to avoid OOM.
[WARNING] On host cn017: reader.read_threads=4 x local_ranks=46 = 184 workers, estimated ~92 GB — exceeds 50% of available RAM on this node (162 GB). Consider reducing read_threads to avoid OOM.
[WARNING] On host cn017: reader.read_threads=4 x local_ranks=46 = 184 workers, estimated ~92 GB — exceeds 50% of available RAM on this node (162 GB). Consider reducing read_threads to avoid OOM.
[WARNING] On host cn017: reader.read_threads=4 x local_ranks=46 = 184 workers, estimated ~92 GB — exceeds 50% of available RAM on this node (162 GB). Consider reducing read_threads to avoid OOM.
[WARNING] On host cn017: reader.read_threads=4 x local_ranks=46 = 184 workers, estimated ~92 GB — exceeds 50% of available RAM on this node (162 GB). Consider reducing read_threads to avoid OOM.
[WARNING] On host cn017: reader.read_threads=4 x local_ranks=46 = 184 workers, estimated ~92 GB — exceeds 50% of available RAM on this node (162 GB). Consider reducing read_threads to avoid OOM.
[OUTPUT] 2026-07-24T13:00:09.307023 Max steps per epoch per rank: 1891396 = 1 * 68090280 / 36 (samples per file * local files / batch size)
[OUTPUT] 2026-07-24T13:00:12.393860 Reshard for epoch 1: 92513 train files, 0 eval files redistributed via alltoall in 3.09s
[OUTPUT] 2026-07-24T13:00:13.448474 Worker pre-warm complete (4 workers spawned)
[OUTPUT] 2026-07-24T13:00:13.586645 Starting epoch 1: 2569 steps expected
[OUTPUT] 2026-07-24T13:00:13.586957 Starting block 1
[OUTPUT] 2026-07-24T13:03:48.776976 Ending block 1 - 2569 steps completed in 215.19 s
[OUTPUT] 2026-07-24T13:03:48.780620 Epoch 1 - Block 1 [Training] Accelerator Utilization [AU] (%): 85.4370
[OUTPUT] 2026-07-24T13:03:48.780683 Epoch 1 - Block 1 [Training] Throughput (samples/second): 317012.5716
[OUTPUT] 2026-07-24T13:03:48.782198 Epoch 1 - Block 1 [Training] Computation time per step (second): 0.0714+/-0.0000 (set value: {'mean': 0.071325})
[OUTPUT] 2026-07-24T13:03:48.882954 Ending epoch 1 - 2569 steps completed in 215.30 s
[OUTPUT] 2026-07-24T13:03:49.354713 Reshard for epoch 2: 92513 train files, 0 eval files redistributed via alltoall in 0.47s
[OUTPUT] 2026-07-24T13:03:50.735969 Worker pre-warm complete for epoch 2 (4 workers spawned)
[OUTPUT] 2026-07-24T13:04:14.281086 Starting epoch 2: 2569 steps expected
[OUTPUT] 2026-07-24T13:04:14.281704 Starting block 1
[OUTPUT] 2026-07-24T13:07:47.881792 Ending block 1 - 2569 steps completed in 213.60 s
[OUTPUT] 2026-07-24T13:07:47.883764 Epoch 2 - Block 1 [Training] Accelerator Utilization [AU] (%): 86.0649
[OUTPUT] 2026-07-24T13:07:47.883816 Epoch 2 - Block 1 [Training] Throughput (samples/second): 319355.7143
[OUTPUT] 2026-07-24T13:07:47.884137 Epoch 2 - Block 1 [Training] Computation time per step (second): 0.0714+/-0.0000 (set value: {'mean': 0.071325})
[OUTPUT] 2026-07-24T13:07:47.962939 Ending epoch 2 - 2569 steps completed in 213.68 s
[OUTPUT] 2026-07-24T13:07:48.427058 Reshard for epoch 3: 92513 train files, 0 eval files redistributed via alltoall in 0.46s
[OUTPUT] 2026-07-24T13:07:49.822744 Worker pre-warm complete for epoch 3 (4 workers spawned)
[OUTPUT] 2026-07-24T13:08:12.863516 Starting epoch 3: 2569 steps expected
[OUTPUT] 2026-07-24T13:08:12.863864 Starting block 1
[OUTPUT] 2026-07-24T13:11:46.522036 Ending block 1 - 2569 steps completed in 213.66 s
[OUTPUT] 2026-07-24T13:11:46.524408 Epoch 3 - Block 1 [Training] Accelerator Utilization [AU] (%): 86.0410
[OUTPUT] 2026-07-24T13:11:46.524466 Epoch 3 - Block 1 [Training] Throughput (samples/second): 319282.9060
[OUTPUT] 2026-07-24T13:11:46.524800 Epoch 3 - Block 1 [Training] Computation time per step (second): 0.0714+/-0.0000 (set value: {'mean': 0.071325})
[OUTPUT] 2026-07-24T13:11:46.629279 Ending epoch 3 - 2569 steps completed in 213.77 s
[OUTPUT] 2026-07-24T13:11:47.097819 Reshard for epoch 4: 92513 train files, 0 eval files redistributed via alltoall in 0.47s
[OUTPUT] 2026-07-24T13:11:48.832535 Worker pre-warm complete for epoch 4 (4 workers spawned)
[OUTPUT] 2026-07-24T13:12:11.508320 Starting epoch 4: 2569 steps expected
[OUTPUT] 2026-07-24T13:12:11.508767 Starting block 1
[OUTPUT] 2026-07-24T13:15:44.818641 Ending block 1 - 2569 steps completed in 213.31 s
[OUTPUT] 2026-07-24T13:15:44.821356 Epoch 4 - Block 1 [Training] Accelerator Utilization [AU] (%): 86.2054
[OUTPUT] 2026-07-24T13:15:44.821407 Epoch 4 - Block 1 [Training] Throughput (samples/second): 319879.0160
[OUTPUT] 2026-07-24T13:15:44.821682 Epoch 4 - Block 1 [Training] Computation time per step (second): 0.0714+/-0.0000 (set value: {'mean': 0.071325})
[OUTPUT] 2026-07-24T13:15:44.870482 Ending epoch 4 - 2569 steps completed in 213.36 s
[OUTPUT] 2026-07-24T13:15:45.323629 Reshard for epoch 5: 92513 train files, 0 eval files redistributed via alltoall in 0.45s
[OUTPUT] 2026-07-24T13:15:46.677523 Worker pre-warm complete for epoch 5 (4 workers spawned)
[OUTPUT] 2026-07-24T13:16:10.181361 Starting epoch 5: 2569 steps expected
[OUTPUT] 2026-07-24T13:16:10.181680 Starting block 1
[OUTPUT] 2026-07-24T13:19:44.621528 Ending block 1 - 2569 steps completed in 214.44 s
[OUTPUT] 2026-07-24T13:19:44.623472 Epoch 5 - Block 1 [Training] Accelerator Utilization [AU] (%): 85.7794
[OUTPUT] 2026-07-24T13:19:44.623529 Epoch 5 - Block 1 [Training] Throughput (samples/second): 318267.5276
[OUTPUT] 2026-07-24T13:19:44.623852 Epoch 5 - Block 1 [Training] Computation time per step (second): 0.0714+/-0.0000 (set value: {'mean': 0.071325})
[OUTPUT] 2026-07-24T13:19:44.680182 Ending epoch 5 - 2569 steps completed in 214.50 s
[OUTPUT] 2026-07-24T13:19:45.156931 Reshard for epoch 6: 92513 train files, 0 eval files redistributed via alltoall in 0.48s
[OUTPUT] 2026-07-24T13:19:46.545063 Worker pre-warm complete for epoch 6 (4 workers spawned)
[OUTPUT] 2026-07-24T13:20:09.739578 Starting epoch 6: 2569 steps expected
[OUTPUT] 2026-07-24T13:20:09.739984 Starting block 1
[OUTPUT] 2026-07-24T13:23:44.039192 Ending block 1 - 2569 steps completed in 214.30 s
[OUTPUT] 2026-07-24T13:23:44.041133 Epoch 6 - Block 1 [Training] Accelerator Utilization [AU] (%): 85.8312
[OUTPUT] 2026-07-24T13:23:44.047456 Epoch 6 - Block 1 [Training] Throughput (samples/second): 318471.0805
[OUTPUT] 2026-07-24T13:23:44.047967 Epoch 6 - Block 1 [Training] Computation time per step (second): 0.0714+/-0.0000 (set value: {'mean': 0.071325})
[OUTPUT] 2026-07-24T13:23:44.132728 Ending epoch 6 - 2569 steps completed in 214.39 s
[OUTPUT] 2026-07-24T13:23:44.597575 Reshard for epoch 7: 92513 train files, 0 eval files redistributed via alltoall in 0.46s
[OUTPUT] 2026-07-24T13:23:46.295369 Worker pre-warm complete for epoch 7 (4 workers spawned)
[OUTPUT] 2026-07-24T13:24:08.408550 Starting epoch 7: 2569 steps expected
[OUTPUT] 2026-07-24T13:24:08.408888 Starting block 1
[OUTPUT] 2026-07-24T13:27:42.405803 Ending block 1 - 2569 steps completed in 214.00 s
[OUTPUT] 2026-07-24T13:27:42.407587 Epoch 7 - Block 1 [Training] Accelerator Utilization [AU] (%): 85.8800
[OUTPUT] 2026-07-24T13:27:42.407641 Epoch 7 - Block 1 [Training] Throughput (samples/second): 318664.7245
[OUTPUT] 2026-07-24T13:27:42.407966 Epoch 7 - Block 1 [Training] Computation time per step (second): 0.0714+/-0.0000 (set value: {'mean': 0.071325})
[OUTPUT] 2026-07-24T13:27:42.485854 Ending epoch 7 - 2569 steps completed in 214.08 s
[OUTPUT] 2026-07-24T13:27:42.968446 Reshard for epoch 8: 92513 train files, 0 eval files redistributed via alltoall in 0.48s
[OUTPUT] 2026-07-24T13:27:44.481613 Worker pre-warm complete for epoch 8 (4 workers spawned)
[OUTPUT] 2026-07-24T13:28:07.499127 Starting epoch 8: 2569 steps expected
[OUTPUT] 2026-07-24T13:28:07.499513 Starting block 1
[OUTPUT] 2026-07-24T13:31:40.828498 Ending block 1 - 2569 steps completed in 213.33 s
[OUTPUT] 2026-07-24T13:31:40.830380 Epoch 8 - Block 1 [Training] Accelerator Utilization [AU] (%): 86.1997
[OUTPUT] 2026-07-24T13:31:40.830433 Epoch 8 - Block 1 [Training] Throughput (samples/second): 319842.5868
[OUTPUT] 2026-07-24T13:31:40.830767 Epoch 8 - Block 1 [Training] Computation time per step (second): 0.0714+/-0.0000 (set value: {'mean': 0.071325})
[OUTPUT] 2026-07-24T13:31:40.893617 Ending epoch 8 - 2569 steps completed in 213.39 s
[OUTPUT] 2026-07-24T13:31:41.353317 Reshard for epoch 9: 92513 train files, 0 eval files redistributed via alltoall in 0.46s
[OUTPUT] 2026-07-24T13:31:43.075838 Worker pre-warm complete for epoch 9 (4 workers spawned)
[OUTPUT] 2026-07-24T13:31:43.214072 Saved outputs in /mnt/share/storage_results_v3/closed/UBIX/results/UbiPower18000_16x15.36TB_NVMe_4xNDR400_3xStorageNode_16hosts256GBMem_MI355/training/retinanet/run/20260724_125928
[OUTPUT] Averaged metric over all steps/epochs
[METRIC] ==========================================================
[METRIC] Number of Simulated Accelerators: 736 
[METRIC] Training Accelerator Utilization [AU] (%): 85.9102 (0.2527)
[METRIC] Training Throughput (samples/second): 318762.5363 (939.2671)
[METRIC] Training I/O Throughput (MiB/second): 98177.5212 (289.2903)
[METRIC] train_au_meet_expectation: success
[METRIC] ==========================================================

[OUTPUT] 2026-07-24T13:31:48.133835 outputs saved in RANKID_output.json
