[OUTPUT] [DEBUG DLIOBenchmark.__init__] After LoadConfig:
[OUTPUT]   storage_type   = <StorageType.LOCAL_FS: 'local_fs'>
[OUTPUT]   storage_root   = './'
[OUTPUT]   storage_options= None
[OUTPUT]   data_folder    = '/mlperf-storage/mlpstorage_run/unet3d_data/unet3d'
[OUTPUT]   framework      = <FrameworkType.PYTORCH: 'pytorch'>
[OUTPUT]   num_files_train= 450002
[OUTPUT]   record_length  = 146600628
[OUTPUT]   generate_data  = True
[OUTPUT]   do_train       = False
[OUTPUT]   do_checkpoint  = False
[OUTPUT]   epochs         = 1
[OUTPUT]   batch_size     = 1
[OUTPUT] 2026-07-23T20:10:54.597583 Running DLIO [Generating data] with 480 process(es)
[OUTPUT] ================================================================================
[OUTPUT] Data Generation Method: DGEN (default)
[OUTPUT]   dgen-py zero-copy BytesView — 155x faster than NumPy, 0 MiB overhead
[OUTPUT] ================================================================================
[OUTPUT] 2026-07-23T20:10:56.184190 Starting data generation
[OUTPUT] 2026-07-23T20:36:12.784084 Generation done
[OUTPUT] ================================================================================
[OUTPUT] Data Generation Method: DGEN (default)
[OUTPUT]   dgen-py zero-copy BytesView — 155x faster than NumPy, 0 MiB overhead
[OUTPUT] ================================================================================
