[OUTPUT] [DEBUG DLIOBenchmark.__init__] After LoadConfig:
[OUTPUT]   storage_type   = <StorageType.LOCAL_FS: 'local_fs'>
[OUTPUT]   storage_root   = './'
[OUTPUT]   storage_options= None
[OUTPUT]   data_folder    = '/mnt/mlps_nvme/training/unet3d'
[OUTPUT]   framework      = <FrameworkType.PYTORCH: 'pytorch'>
[OUTPUT]   num_files_train= 28000
[OUTPUT]   record_length  = 146600628
[OUTPUT]   generate_data  = False
[OUTPUT]   do_train       = True
[OUTPUT]   do_checkpoint  = False
[OUTPUT]   epochs         = 5
[OUTPUT]   batch_size     = 7
[OUTPUT] 2026-07-20T15:39:56.881183 Running DLIO [Training] with 5 process(es)
[OUTPUT] 2026-07-20T15:39:56.907154 skip_listing [train]: validating 2,801 of 28,000 files (first, last, every 10) via HEAD requests ...
[OUTPUT] 2026-07-20T15:39:56.908530 skip_listing [train]:   280/2,801 checked (10%)  —  216122 checks/s  —  ETA 0s  —  0 failed so far
[OUTPUT] 2026-07-20T15:39:56.909831 skip_listing [train]:   560/2,801 checked (20%)  —  215626 checks/s  —  ETA 0s  —  0 failed so far
[OUTPUT] 2026-07-20T15:39:56.911114 skip_listing [train]:   840/2,801 checked (30%)  —  216467 checks/s  —  ETA 0s  —  0 failed so far
[OUTPUT] 2026-07-20T15:39:56.912394 skip_listing [train]:   1,120/2,801 checked (40%)  —  217020 checks/s  —  ETA 0s  —  0 failed so far
[OUTPUT] 2026-07-20T15:39:56.913663 skip_listing [train]:   1,400/2,801 checked (50%)  —  217740 checks/s  —  ETA 0s  —  0 failed so far
[OUTPUT] 2026-07-20T15:39:56.914932 skip_listing [train]:   1,680/2,801 checked (60%)  —  218203 checks/s  —  ETA 0s  —  0 failed so far
[OUTPUT] 2026-07-20T15:39:56.916193 skip_listing [train]:   1,960/2,801 checked (70%)  —  218744 checks/s  —  ETA 0s  —  0 failed so far
[OUTPUT] 2026-07-20T15:39:56.917456 skip_listing [train]:   2,240/2,801 checked (80%)  —  219111 checks/s  —  ETA 0s  —  0 failed so far
[OUTPUT] 2026-07-20T15:39:56.918722 skip_listing [train]:   2,520/2,801 checked (90%)  —  219328 checks/s  —  ETA 0s  —  0 failed so far
[OUTPUT] 2026-07-20T15:39:56.919993 skip_listing [train]:   2,800/2,801 checked (100%)  —  219433 checks/s  —  ETA 0s  —  0 failed so far
[OUTPUT] 2026-07-20T15:39:56.920017 skip_listing [train]: validation complete — all 2,801 samples exist (0.0s, 219094 checks/s); 5,600 URIs ready for rank 0 (28,000 total across all ranks)
[OUTPUT] 2026-07-20T15:39:56.920079 File listing [train]: 28000 files discovered, 5600 assigned to rank 0, completed in 0.03s
[OUTPUT] 2026-07-20T15:39:56.920104 skip_listing [valid]: generated 0 file URIs deterministically (0 total — validation disabled)
[OUTPUT] 2026-07-20T15:39:56.920124 File listing [valid]: 0 files discovered, 0 assigned to rank 0, completed in 0.00s
[OUTPUT] 2026-07-20T15:39:56.920142 Streamed file sharding: 28000 train files across 5 ranks via round-robin (rank 0 shard: 5600 files)
[OUTPUT] 2026-07-20T15:39:57.089677 Max steps per epoch per rank: 4000 = 1 * 28000 / 7 (samples per file * local files / batch size)
[OUTPUT] 2026-07-20T15:39:57.091742 Reshard for epoch 1: 5600 train files, 0 eval files redistributed via alltoall in 0.00s
[OUTPUT] 2026-07-20T15:40:04.128346 Worker pre-warm complete (32 workers spawned)
[OUTPUT] 2026-07-20T15:40:04.218348 Starting epoch 1: 800 steps expected
[OUTPUT] 2026-07-20T15:40:04.218590 Starting block 1
[OUTPUT] 2026-07-20T15:42:33.424085 Ending block 1 - 800 steps completed in 149.21 s
[OUTPUT] 2026-07-20T15:42:33.427525 Epoch 1 - Block 1 [Training] Accelerator Utilization [AU] (%): 90.6576
[OUTPUT] 2026-07-20T15:42:33.427578 Epoch 1 - Block 1 [Training] Throughput (samples/second): 195.7374
[OUTPUT] 2026-07-20T15:42:33.428123 Epoch 1 - Block 1 [Training] Computation time per step (second): 0.1621+/-0.0000 (set value: {'mean': 0.162})
[OUTPUT] 2026-07-20T15:42:33.429468 Ending epoch 1 - 800 steps completed in 149.21 s
[OUTPUT] 2026-07-20T15:42:33.437774 Reshard for epoch 2: 5600 train files, 0 eval files redistributed via alltoall in 0.01s
[OUTPUT] 2026-07-20T15:42:40.126413 Worker pre-warm complete for epoch 2 (32 workers spawned)
[OUTPUT] 2026-07-20T15:42:40.362204 Starting epoch 2: 800 steps expected
[OUTPUT] 2026-07-20T15:42:40.362495 Starting block 1
[OUTPUT] 2026-07-20T15:45:10.357340 Ending block 1 - 800 steps completed in 149.99 s
[OUTPUT] 2026-07-20T15:45:10.359102 Epoch 2 - Block 1 [Training] Accelerator Utilization [AU] (%): 89.8405
[OUTPUT] 2026-07-20T15:45:10.359152 Epoch 2 - Block 1 [Training] Throughput (samples/second): 193.9775
[OUTPUT] 2026-07-20T15:45:10.359367 Epoch 2 - Block 1 [Training] Computation time per step (second): 0.1621+/-0.0000 (set value: {'mean': 0.162})
[OUTPUT] 2026-07-20T15:45:10.426361 Ending epoch 2 - 800 steps completed in 150.06 s
[OUTPUT] 2026-07-20T15:45:10.432137 Reshard for epoch 3: 5600 train files, 0 eval files redistributed via alltoall in 0.00s
[OUTPUT] 2026-07-20T15:45:16.980416 Worker pre-warm complete for epoch 3 (32 workers spawned)
[OUTPUT] 2026-07-20T15:45:17.080360 Starting epoch 3: 800 steps expected
[OUTPUT] 2026-07-20T15:45:17.080611 Starting block 1
[OUTPUT] 2026-07-20T15:47:46.967604 Ending block 1 - 800 steps completed in 149.89 s
[OUTPUT] 2026-07-20T15:47:46.969187 Epoch 3 - Block 1 [Training] Accelerator Utilization [AU] (%): 90.3829
[OUTPUT] 2026-07-20T15:47:46.969232 Epoch 3 - Block 1 [Training] Throughput (samples/second): 195.1463
[OUTPUT] 2026-07-20T15:47:46.969436 Epoch 3 - Block 1 [Training] Computation time per step (second): 0.1621+/-0.0000 (set value: {'mean': 0.162})
[OUTPUT] 2026-07-20T15:47:46.975102 Ending epoch 3 - 800 steps completed in 149.89 s
[OUTPUT] 2026-07-20T15:47:46.980105 Reshard for epoch 4: 5600 train files, 0 eval files redistributed via alltoall in 0.00s
[OUTPUT] 2026-07-20T15:47:53.505957 Worker pre-warm complete for epoch 4 (32 workers spawned)
[OUTPUT] 2026-07-20T15:47:53.660729 Starting epoch 4: 800 steps expected
[OUTPUT] 2026-07-20T15:47:53.661068 Starting block 1
[OUTPUT] 2026-07-20T15:50:23.271394 Ending block 1 - 800 steps completed in 149.61 s
[OUTPUT] 2026-07-20T15:50:23.272962 Epoch 4 - Block 1 [Training] Accelerator Utilization [AU] (%): 90.5054
[OUTPUT] 2026-07-20T15:50:23.273008 Epoch 4 - Block 1 [Training] Throughput (samples/second): 195.4097
[OUTPUT] 2026-07-20T15:50:23.273227 Epoch 4 - Block 1 [Training] Computation time per step (second): 0.1621+/-0.0000 (set value: {'mean': 0.162})
[OUTPUT] 2026-07-20T15:50:23.274459 Ending epoch 4 - 800 steps completed in 149.61 s
[OUTPUT] 2026-07-20T15:50:23.280648 Reshard for epoch 5: 5600 train files, 0 eval files redistributed via alltoall in 0.00s
[OUTPUT] 2026-07-20T15:50:30.369471 Worker pre-warm complete for epoch 5 (32 workers spawned)
[OUTPUT] 2026-07-20T15:50:30.483859 Starting epoch 5: 800 steps expected
[OUTPUT] 2026-07-20T15:50:30.484111 Starting block 1
[OUTPUT] 2026-07-20T15:53:00.021625 Ending block 1 - 800 steps completed in 149.54 s
[OUTPUT] 2026-07-20T15:53:00.023281 Epoch 5 - Block 1 [Training] Accelerator Utilization [AU] (%): 90.5540
[OUTPUT] 2026-07-20T15:53:00.023329 Epoch 5 - Block 1 [Training] Throughput (samples/second): 195.5175
[OUTPUT] 2026-07-20T15:53:00.023548 Epoch 5 - Block 1 [Training] Computation time per step (second): 0.1621+/-0.0000 (set value: {'mean': 0.162})
[OUTPUT] 2026-07-20T15:53:00.025831 Ending epoch 5 - 800 steps completed in 149.54 s
[OUTPUT] 2026-07-20T15:53:00.031883 Reshard for epoch 6: 5600 train files, 0 eval files redistributed via alltoall in 0.01s
[OUTPUT] 2026-07-20T15:53:06.979848 Worker pre-warm complete for epoch 6 (32 workers spawned)
[OUTPUT] 2026-07-20T15:53:06.980868 Saved outputs in /tmp/mlperf_storage_results/closed/SAMSUNG/results/MEMORY_AE/training/unet3d/run/20260720_153950
[OUTPUT] Averaged metric over all steps/epochs
[METRIC] ==========================================================
[METRIC] Number of Simulated Accelerators: 5 
[METRIC] Training Accelerator Utilization [AU] (%): 90.2044 (0.2325)
[METRIC] Training Throughput (samples/second): 194.7625 (0.5017)
[METRIC] Training I/O Throughput (MiB/second): 27229.6059 (70.1387)
[METRIC] train_au_meet_expectation: success
[METRIC] ==========================================================

[OUTPUT] 2026-07-20T15:53:06.990367 outputs saved in RANKID_output.json
