[WARNING] On host cn018: reader.read_threads=4 x local_ranks=46 = 184 workers, estimated ~92 GB — exceeds 50% of available RAM on this node (163 GB). Consider reducing read_threads to avoid OOM.
[WARNING] On host cn018: reader.read_threads=4 x local_ranks=46 = 184 workers, estimated ~92 GB — exceeds 50% of available RAM on this node (163 GB). Consider reducing read_threads to avoid OOM.
[WARNING] On host cn018: reader.read_threads=4 x local_ranks=46 = 184 workers, estimated ~92 GB — exceeds 50% of available RAM on this node (163 GB). Consider reducing read_threads to avoid OOM.
[WARNING] On host cn018: reader.read_threads=4 x local_ranks=46 = 184 workers, estimated ~92 GB — exceeds 50% of available RAM on this node (163 GB). Consider reducing read_threads to avoid OOM.
[WARNING] On host cn018: reader.read_threads=4 x local_ranks=46 = 184 workers, estimated ~92 GB — exceeds 50% of available RAM on this node (163 GB). Consider reducing read_threads to avoid OOM.
[WARNING] On host cn018: reader.read_threads=4 x local_ranks=46 = 184 workers, estimated ~92 GB — exceeds 50% of available RAM on this node (163 GB). Consider reducing read_threads to avoid OOM.
[WARNING] On host cn018: reader.read_threads=4 x local_ranks=46 = 184 workers, estimated ~92 GB — exceeds 50% of available RAM on this node (163 GB). Consider reducing read_threads to avoid OOM.
[WARNING] On host cn018: reader.read_threads=4 x local_ranks=46 = 184 workers, estimated ~92 GB — exceeds 50% of available RAM on this node (163 GB). Consider reducing read_threads to avoid OOM.
[WARNING] On host cn018: reader.read_threads=4 x local_ranks=46 = 184 workers, estimated ~92 GB — exceeds 50% of available RAM on this node (163 GB). Consider reducing read_threads to avoid OOM.
[WARNING] On host cn018: reader.read_threads=4 x local_ranks=46 = 184 workers, estimated ~92 GB — exceeds 50% of available RAM on this node (163 GB). Consider reducing read_threads to avoid OOM.
[WARNING] On host cn018: reader.read_threads=4 x local_ranks=46 = 184 workers, estimated ~92 GB — exceeds 50% of available RAM on this node (163 GB). Consider reducing read_threads to avoid OOM.
[WARNING] On host cn018: reader.read_threads=4 x local_ranks=46 = 184 workers, estimated ~92 GB — exceeds 50% of available RAM on this node (163 GB). Consider reducing read_threads to avoid OOM.
[WARNING] On host cn018: reader.read_threads=4 x local_ranks=46 = 184 workers, estimated ~92 GB — exceeds 50% of available RAM on this node (163 GB). Consider reducing read_threads to avoid OOM.
[WARNING] On host cn018: reader.read_threads=4 x local_ranks=46 = 184 workers, estimated ~92 GB — exceeds 50% of available RAM on this node (163 GB). Consider reducing read_threads to avoid OOM.
[WARNING] On host cn018: reader.read_threads=4 x local_ranks=46 = 184 workers, estimated ~92 GB — exceeds 50% of available RAM on this node (163 GB). Consider reducing read_threads to avoid OOM.
[WARNING] On host cn018: reader.read_threads=4 x local_ranks=46 = 184 workers, estimated ~92 GB — exceeds 50% of available RAM on this node (163 GB). Consider reducing read_threads to avoid OOM.
[WARNING] On host cn018: reader.read_threads=4 x local_ranks=46 = 184 workers, estimated ~92 GB — exceeds 50% of available RAM on this node (163 GB). Consider reducing read_threads to avoid OOM.
[WARNING] On host cn018: reader.read_threads=4 x local_ranks=46 = 184 workers, estimated ~92 GB — exceeds 50% of available RAM on this node (163 GB). Consider reducing read_threads to avoid OOM.
[WARNING] On host cn018: reader.read_threads=4 x local_ranks=46 = 184 workers, estimated ~92 GB — exceeds 50% of available RAM on this node (163 GB). Consider reducing read_threads to avoid OOM.
[WARNING] On host cn018: reader.read_threads=4 x local_ranks=46 = 184 workers, estimated ~92 GB — exceeds 50% of available RAM on this node (163 GB). Consider reducing read_threads to avoid OOM.
[WARNING] On host cn018: reader.read_threads=4 x local_ranks=46 = 184 workers, estimated ~92 GB — exceeds 50% of available RAM on this node (163 GB). Consider reducing read_threads to avoid OOM.
[WARNING] On host cn018: reader.read_threads=4 x local_ranks=46 = 184 workers, estimated ~92 GB — exceeds 50% of available RAM on this node (163 GB). Consider reducing read_threads to avoid OOM.
[WARNING] On host cn018: reader.read_threads=4 x local_ranks=46 = 184 workers, estimated ~92 GB — exceeds 50% of available RAM on this node (163 GB). Consider reducing read_threads to avoid OOM.
[WARNING] On host cn018: reader.read_threads=4 x local_ranks=46 = 184 workers, estimated ~92 GB — exceeds 50% of available RAM on this node (163 GB). Consider reducing read_threads to avoid OOM.
[WARNING] On host cn018: reader.read_threads=4 x local_ranks=46 = 184 workers, estimated ~92 GB — exceeds 50% of available RAM on this node (163 GB). Consider reducing read_threads to avoid OOM.
[WARNING] On host cn018: reader.read_threads=4 x local_ranks=46 = 184 workers, estimated ~92 GB — exceeds 50% of available RAM on this node (163 GB). Consider reducing read_threads to avoid OOM.
[WARNING] On host cn018: reader.read_threads=4 x local_ranks=46 = 184 workers, estimated ~92 GB — exceeds 50% of available RAM on this node (163 GB). Consider reducing read_threads to avoid OOM.
[WARNING] On host cn018: reader.read_threads=4 x local_ranks=46 = 184 workers, estimated ~92 GB — exceeds 50% of available RAM on this node (163 GB). Consider reducing read_threads to avoid OOM.
[WARNING] On host cn018: reader.read_threads=4 x local_ranks=46 = 184 workers, estimated ~92 GB — exceeds 50% of available RAM on this node (163 GB). Consider reducing read_threads to avoid OOM.
[WARNING] On host cn018: reader.read_threads=4 x local_ranks=46 = 184 workers, estimated ~92 GB — exceeds 50% of available RAM on this node (163 GB). Consider reducing read_threads to avoid OOM.
[WARNING] On host cn018: reader.read_threads=4 x local_ranks=46 = 184 workers, estimated ~92 GB — exceeds 50% of available RAM on this node (163 GB). Consider reducing read_threads to avoid OOM.
[WARNING] On host cn018: reader.read_threads=4 x local_ranks=46 = 184 workers, estimated ~92 GB — exceeds 50% of available RAM on this node (163 GB). Consider reducing read_threads to avoid OOM.
[WARNING] On host cn018: reader.read_threads=4 x local_ranks=46 = 184 workers, estimated ~92 GB — exceeds 50% of available RAM on this node (163 GB). Consider reducing read_threads to avoid OOM.
[WARNING] On host cn018: reader.read_threads=4 x local_ranks=46 = 184 workers, estimated ~92 GB — exceeds 50% of available RAM on this node (163 GB). Consider reducing read_threads to avoid OOM.
[WARNING] On host cn018: reader.read_threads=4 x local_ranks=46 = 184 workers, estimated ~92 GB — exceeds 50% of available RAM on this node (163 GB). Consider reducing read_threads to avoid OOM.
[WARNING] On host cn018: reader.read_threads=4 x local_ranks=46 = 184 workers, estimated ~92 GB — exceeds 50% of available RAM on this node (163 GB). Consider reducing read_threads to avoid OOM.
[WARNING] On host cn018: reader.read_threads=4 x local_ranks=46 = 184 workers, estimated ~92 GB — exceeds 50% of available RAM on this node (163 GB). Consider reducing read_threads to avoid OOM.
[WARNING] On host cn018: reader.read_threads=4 x local_ranks=46 = 184 workers, estimated ~92 GB — exceeds 50% of available RAM on this node (163 GB). Consider reducing read_threads to avoid OOM.
[WARNING] On host cn018: reader.read_threads=4 x local_ranks=46 = 184 workers, estimated ~92 GB — exceeds 50% of available RAM on this node (163 GB). Consider reducing read_threads to avoid OOM.
[WARNING] On host cn018: reader.read_threads=4 x local_ranks=46 = 184 workers, estimated ~92 GB — exceeds 50% of available RAM on this node (163 GB). Consider reducing read_threads to avoid OOM.
[WARNING] On host cn018: reader.read_threads=4 x local_ranks=46 = 184 workers, estimated ~92 GB — exceeds 50% of available RAM on this node (163 GB). Consider reducing read_threads to avoid OOM.
[WARNING] On host cn018: reader.read_threads=4 x local_ranks=46 = 184 workers, estimated ~92 GB — exceeds 50% of available RAM on this node (163 GB). Consider reducing read_threads to avoid OOM.
[WARNING] On host cn018: reader.read_threads=4 x local_ranks=46 = 184 workers, estimated ~92 GB — exceeds 50% of available RAM on this node (163 GB). Consider reducing read_threads to avoid OOM.
[WARNING] On host cn018: reader.read_threads=4 x local_ranks=46 = 184 workers, estimated ~92 GB — exceeds 50% of available RAM on this node (163 GB). Consider reducing read_threads to avoid OOM.
[WARNING] On host cn018: reader.read_threads=4 x local_ranks=46 = 184 workers, estimated ~92 GB — exceeds 50% of available RAM on this node (163 GB). Consider reducing read_threads to avoid OOM.
[WARNING] On host cn018: reader.read_threads=4 x local_ranks=46 = 184 workers, estimated ~92 GB — exceeds 50% of available RAM on this node (163 GB). Consider reducing read_threads to avoid OOM.
de (174 GB). Consider reducing read_threads to avoid OOM.
ed ~92 GB — exceeds 50% of available RAM on this node (162 GB). Consider reducing read_threads to avoid OOM.
[WARNING] On host cn017: reader.read_threads=4 x local_ranks=46 = 184 workers, estimated ~92 GB — exceeds 50% of available RAM on this node (162 GB). Consider reducing read_threads to avoid OOM.
[WARNING] On host cn017: reader.read_threads=4 x local_ranks=46 = 184 workers, estimated ~92 GB — exceeds 50% of available RAM on this node (162 GB). Consider reducing read_threads to avoid OOM.
[WARNING] On host cn017: reader.read_threads=4 x local_ranks=46 = 184 workers, estimated ~92 GB — exceeds 50% of available RAM on this node (162 GB). Consider reducing read_threads to avoid OOM.
[WARNING] On host cn017: reader.read_threads=4 x local_ranks=46 = 184 workers, estimated ~92 GB — exceeds 50% of available RAM on this node (162 GB). Consider reducing read_threads to avoid OOM.
[WARNING] On host cn017: reader.read_threads=4 x local_ranks=46 = 184 workers, estimated ~92 GB — exceeds 50% of available RAM on this node (162 GB). Consider reducing read_threads to avoid OOM.
[WARNING] On host cn017: reader.read_threads=4 x local_ranks=46 = 184 workers, estimated ~92 GB — exceeds 50% of available RAM on this node (162 GB). Consider reducing read_threads to avoid OOM.
[WARNING] On host cn017: reader.read_threads=4 x local_ranks=46 = 184 workers, estimated ~92 GB — exceeds 50% of available RAM on this node (162 GB). Consider reducing read_threads to avoid OOM.
[WARNING] On host cn017: reader.read_threads=4 x local_ranks=46 = 184 workers, estimated ~92 GB — exceeds 50% of available RAM on this node (162 GB). Consider reducing read_threads to avoid OOM.
[WARNING] On host cn017: reader.read_threads=4 x local_ranks=46 = 184 workers, estimated ~92 GB — exceeds 50% of available RAM on this node (162 GB). Consider reducing read_threads to avoid OOM.
[WARNING] On host cn017: reader.read_threads=4 x local_ranks=46 = 184 workers, estimated ~92 GB — exceeds 50% of available RAM on this node (162 GB). Consider reducing read_threads to avoid OOM.
[WARNING] On host cn017: reader.read_threads=4 x local_ranks=46 = 184 workers, estimated ~92 GB — exceeds 50% of available RAM on this node (162 GB). Consider reducing read_threads to avoid OOM.
[WARNING] On host cn017: reader.read_threads=4 x local_ranks=46 = 184 workers, estimated ~92 GB — exceeds 50% of available RAM on this node (162 GB). Consider reducing read_threads to avoid OOM.
[WARNING] On host cn017: reader.read_threads=4 x local_ranks=46 = 184 workers, estimated ~92 GB — exceeds 50% of available RAM on this node (162 GB). Consider reducing read_threads to avoid OOM.
[WARNING] On host cn017: reader.read_threads=4 x local_ranks=46 = 184 workers, estimated ~92 GB — exceeds 50% of available RAM on this node (162 GB). Consider reducing read_threads to avoid OOM.
[WARNING] On host cn017: reader.read_threads=4 x local_ranks=46 = 184 workers, estimated ~92 GB — exceeds 50% of available RAM on this node (162 GB). Consider reducing read_threads to avoid OOM.
[WARNING] On host cn017: reader.read_threads=4 x local_ranks=46 = 184 workers, estimated ~92 GB — exceeds 50% of available RAM on this node (162 GB). Consider reducing read_threads to avoid OOM.
[OUTPUT] 2026-07-24T12:27:27.984924 Max steps per epoch per rank: 1891396 = 1 * 68090280 / 36 (samples per file * local files / batch size)
[OUTPUT] 2026-07-24T12:27:31.017697 Reshard for epoch 1: 92513 train files, 0 eval files redistributed via alltoall in 3.03s
[OUTPUT] 2026-07-24T12:27:32.072487 Worker pre-warm complete (4 workers spawned)
[OUTPUT] 2026-07-24T12:27:32.310437 Starting epoch 1: 2569 steps expected
[OUTPUT] 2026-07-24T12:27:32.310701 Starting block 1
[OUTPUT] 2026-07-24T12:31:08.072222 Ending block 1 - 2569 steps completed in 215.76 s
[OUTPUT] 2026-07-24T12:31:08.075303 Epoch 1 - Block 1 [Training] Accelerator Utilization [AU] (%): 85.1899
[OUTPUT] 2026-07-24T12:31:08.075360 Epoch 1 - Block 1 [Training] Throughput (samples/second): 316101.8229
[OUTPUT] 2026-07-24T12:31:08.078170 Epoch 1 - Block 1 [Training] Computation time per step (second): 0.0714+/-0.0000 (set value: {'mean': 0.071325})
[OUTPUT] 2026-07-24T12:31:08.156800 Ending epoch 1 - 2569 steps completed in 215.85 s
[OUTPUT] 2026-07-24T12:31:08.622749 Reshard for epoch 2: 92513 train files, 0 eval files redistributed via alltoall in 0.46s
[OUTPUT] 2026-07-24T12:31:10.076204 Worker pre-warm complete for epoch 2 (4 workers spawned)
[OUTPUT] 2026-07-24T12:31:32.439190 Starting epoch 2: 2569 steps expected
[OUTPUT] 2026-07-24T12:31:32.439734 Starting block 1
[OUTPUT] 2026-07-24T12:35:07.238394 Ending block 1 - 2569 steps completed in 214.80 s
[OUTPUT] 2026-07-24T12:35:07.240254 Epoch 2 - Block 1 [Training] Accelerator Utilization [AU] (%): 85.6305
[OUTPUT] 2026-07-24T12:35:07.240310 Epoch 2 - Block 1 [Training] Throughput (samples/second): 317718.7518
[OUTPUT] 2026-07-24T12:35:07.240641 Epoch 2 - Block 1 [Training] Computation time per step (second): 0.0714+/-0.0000 (set value: {'mean': 0.071325})
[OUTPUT] 2026-07-24T12:35:07.299973 Ending epoch 2 - 2569 steps completed in 214.86 s
[OUTPUT] 2026-07-24T12:35:07.769156 Reshard for epoch 3: 92513 train files, 0 eval files redistributed via alltoall in 0.47s
[OUTPUT] 2026-07-24T12:35:09.252575 Worker pre-warm complete for epoch 3 (4 workers spawned)
[OUTPUT] 2026-07-24T12:35:33.014387 Starting epoch 3: 2569 steps expected
[OUTPUT] 2026-07-24T12:35:33.014786 Starting block 1
[OUTPUT] 2026-07-24T12:39:06.774493 Ending block 1 - 2569 steps completed in 213.76 s
[OUTPUT] 2026-07-24T12:39:06.776066 Epoch 3 - Block 1 [Training] Accelerator Utilization [AU] (%): 86.0346
[OUTPUT] 2026-07-24T12:39:06.776110 Epoch 3 - Block 1 [Training] Throughput (samples/second): 319234.4065
[OUTPUT] 2026-07-24T12:39:06.776399 Epoch 3 - Block 1 [Training] Computation time per step (second): 0.0714+/-0.0000 (set value: {'mean': 0.071325})
[OUTPUT] 2026-07-24T12:39:06.794037 Ending epoch 3 - 2569 steps completed in 213.78 s
[OUTPUT] 2026-07-24T12:39:07.274314 Reshard for epoch 4: 92513 train files, 0 eval files redistributed via alltoall in 0.48s
[OUTPUT] 2026-07-24T12:39:08.748175 Worker pre-warm complete for epoch 4 (4 workers spawned)
[OUTPUT] 2026-07-24T12:39:32.072620 Starting epoch 4: 2569 steps expected
[OUTPUT] 2026-07-24T12:39:32.073019 Starting block 1
[OUTPUT] 2026-07-24T12:43:05.512586 Ending block 1 - 2569 steps completed in 213.44 s
[OUTPUT] 2026-07-24T12:43:05.514481 Epoch 4 - Block 1 [Training] Accelerator Utilization [AU] (%): 86.1475
[OUTPUT] 2026-07-24T12:43:05.514538 Epoch 4 - Block 1 [Training] Throughput (samples/second): 319616.2348
[OUTPUT] 2026-07-24T12:43:05.514865 Epoch 4 - Block 1 [Training] Computation time per step (second): 0.0714+/-0.0000 (set value: {'mean': 0.071325})
[OUTPUT] 2026-07-24T12:43:05.522958 Ending epoch 4 - 2569 steps completed in 213.45 s
[OUTPUT] 2026-07-24T12:43:05.984792 Reshard for epoch 5: 92513 train files, 0 eval files redistributed via alltoall in 0.46s
[OUTPUT] 2026-07-24T12:43:07.702635 Worker pre-warm complete for epoch 5 (4 workers spawned)
[OUTPUT] 2026-07-24T12:43:31.851015 Starting epoch 5: 2569 steps expected
[OUTPUT] 2026-07-24T12:43:31.851447 Starting block 1
[OUTPUT] 2026-07-24T12:47:05.224202 Ending block 1 - 2569 steps completed in 213.37 s
[OUTPUT] 2026-07-24T12:47:05.227656 Epoch 5 - Block 1 [Training] Accelerator Utilization [AU] (%): 86.1590
[OUTPUT] 2026-07-24T12:47:05.227713 Epoch 5 - Block 1 [Training] Throughput (samples/second): 319694.4957
[OUTPUT] 2026-07-24T12:47:05.228038 Epoch 5 - Block 1 [Training] Computation time per step (second): 0.0714+/-0.0000 (set value: {'mean': 0.071325})
[OUTPUT] 2026-07-24T12:47:05.245992 Ending epoch 5 - 2569 steps completed in 213.39 s
[OUTPUT] 2026-07-24T12:47:05.725843 Reshard for epoch 6: 92513 train files, 0 eval files redistributed via alltoall in 0.48s
[OUTPUT] 2026-07-24T12:47:07.320980 Worker pre-warm complete for epoch 6 (4 workers spawned)
[OUTPUT] 2026-07-24T12:47:30.969971 Starting epoch 6: 2569 steps expected
[OUTPUT] 2026-07-24T12:47:30.970297 Starting block 1
[OUTPUT] 2026-07-24T12:51:04.597494 Ending block 1 - 2569 steps completed in 213.63 s
[OUTPUT] 2026-07-24T12:51:04.601779 Epoch 6 - Block 1 [Training] Accelerator Utilization [AU] (%): 86.0541
[OUTPUT] 2026-07-24T12:51:04.601832 Epoch 6 - Block 1 [Training] Throughput (samples/second): 319282.1984
[OUTPUT] 2026-07-24T12:51:04.602139 Epoch 6 - Block 1 [Training] Computation time per step (second): 0.0714+/-0.0000 (set value: {'mean': 0.071325})
[OUTPUT] 2026-07-24T12:51:04.627080 Ending epoch 6 - 2569 steps completed in 213.66 s
[OUTPUT] 2026-07-24T12:51:05.086083 Reshard for epoch 7: 92513 train files, 0 eval files redistributed via alltoall in 0.46s
[OUTPUT] 2026-07-24T12:51:06.662823 Worker pre-warm complete for epoch 7 (4 workers spawned)
[OUTPUT] 2026-07-24T12:51:29.834109 Starting epoch 7: 2569 steps expected
[OUTPUT] 2026-07-24T12:51:29.834440 Starting block 1
[OUTPUT] 2026-07-24T12:55:03.312595 Ending block 1 - 2569 steps completed in 213.48 s
[OUTPUT] 2026-07-24T12:55:03.314423 Epoch 7 - Block 1 [Training] Accelerator Utilization [AU] (%): 86.0706
[OUTPUT] 2026-07-24T12:55:03.314477 Epoch 7 - Block 1 [Training] Throughput (samples/second): 319355.9313
[OUTPUT] 2026-07-24T12:55:03.314822 Epoch 7 - Block 1 [Training] Computation time per step (second): 0.0714+/-0.0000 (set value: {'mean': 0.071325})
[OUTPUT] 2026-07-24T12:55:03.364933 Ending epoch 7 - 2569 steps completed in 213.53 s
[OUTPUT] 2026-07-24T12:55:03.846561 Reshard for epoch 8: 92513 train files, 0 eval files redistributed via alltoall in 0.48s
[OUTPUT] 2026-07-24T12:55:05.370205 Worker pre-warm complete for epoch 8 (4 workers spawned)
[OUTPUT] 2026-07-24T12:55:29.399694 Starting epoch 8: 2569 steps expected
[OUTPUT] 2026-07-24T12:55:29.400057 Starting block 1
[OUTPUT] 2026-07-24T12:59:02.685200 Ending block 1 - 2569 steps completed in 213.29 s
[OUTPUT] 2026-07-24T12:59:02.686952 Epoch 8 - Block 1 [Training] Accelerator Utilization [AU] (%): 86.2433
[OUTPUT] 2026-07-24T12:59:02.687010 Epoch 8 - Block 1 [Training] Throughput (samples/second): 319985.5561
[OUTPUT] 2026-07-24T12:59:02.687359 Epoch 8 - Block 1 [Training] Computation time per step (second): 0.0714+/-0.0000 (set value: {'mean': 0.071325})
[OUTPUT] 2026-07-24T12:59:02.707419 Ending epoch 8 - 2569 steps completed in 213.31 s
[OUTPUT] 2026-07-24T12:59:03.184932 Reshard for epoch 9: 92513 train files, 0 eval files redistributed via alltoall in 0.48s
[OUTPUT] 2026-07-24T12:59:04.708722 Worker pre-warm complete for epoch 9 (4 workers spawned)
[OUTPUT] 2026-07-24T12:59:04.935912 Saved outputs in /mnt/share/storage_results_v3/closed/UBIX/results/UbiPower18000_16x15.36TB_NVMe_4xNDR400_3xStorageNode_16hosts256GBMem_MI355/training/retinanet/run/20260724_122651
[OUTPUT] Averaged metric over all steps/epochs
[METRIC] ==========================================================
[METRIC] Number of Simulated Accelerators: 736 
[METRIC] Training Accelerator Utilization [AU] (%): 85.9507 (0.3545)
[METRIC] Training Throughput (samples/second): 318914.0051 (1316.8180)
[METRIC] Training I/O Throughput (MiB/second): 98224.1729 (405.5744)
[METRIC] train_au_meet_expectation: success
[METRIC] ==========================================================

[OUTPUT] 2026-07-24T12:59:11.190569 outputs saved in RANKID_output.json
