[OUTPUT] [DEBUG DLIOBenchmark.__init__] After LoadConfig:
[OUTPUT]   storage_type   = <StorageType.LOCAL_FS: 'local_fs'>
[OUTPUT]   storage_root   = './'
[OUTPUT]   storage_options= None
[OUTPUT]   data_folder    = '/mnt/pfs/unet3d'
[OUTPUT]   framework      = <FrameworkType.PYTORCH: 'pytorch'>
[OUTPUT]   num_files_train= 360000
[OUTPUT]   record_length  = 146600628
[OUTPUT]   generate_data  = False
[OUTPUT]   do_train       = True
[OUTPUT]   do_checkpoint  = False
[OUTPUT]   epochs         = 5
[OUTPUT]   batch_size     = 7
[OUTPUT] 2026-07-24T14:41:21.169161 Running DLIO [Training] with 99 process(es)
[OUTPUT] 2026-07-24T14:41:22.657342 File listing [train]: 420000 files discovered, 3636 assigned to rank 0, completed in 1.47s
[OUTPUT] 2026-07-24T14:41:22.657875 File listing [valid]: 0 files discovered, 0 assigned to rank 0, completed in 0.00s
[OUTPUT] 2026-07-24T14:41:22.657915 Streamed file sharding: 420000 train files across 99 ranks via round-robin (rank 0 shard: 3636 files)
[OUTPUT] 2026-07-24T14:41:24.415696 Max steps per epoch per rank: 51428 = 1 * 360000 / 7 (samples per file * local files / batch size)
[OUTPUT] 2026-07-24T14:41:24.619188 Reshard for epoch 1: 3636 train files, 0 eval files redistributed via alltoall in 0.20s
[OUTPUT] 2026-07-24T14:41:27.516325 Worker pre-warm complete (12 workers spawned)
[OUTPUT] 2026-07-24T14:41:27.822654 Starting epoch 1: 519 steps expected
[OUTPUT] 2026-07-24T14:41:27.823023 Starting block 1
[OUTPUT] 2026-07-24T14:42:59.789917 Ending block 1 - 519 steps completed in 91.97 s
[OUTPUT] 2026-07-24T14:42:59.793599 Epoch 1 - Block 1 [Training] Accelerator Utilization [AU] (%): 93.3044
[OUTPUT] 2026-07-24T14:42:59.793658 Epoch 1 - Block 1 [Training] Throughput (samples/second): 3989.4426
[OUTPUT] 2026-07-24T14:42:59.795779 Epoch 1 - Block 1 [Training] Computation time per step (second): 0.1621+/-0.0000 (set value: {'mean': 0.162})
[OUTPUT] 2026-07-24T14:42:59.819904 Ending epoch 1 - 519 steps completed in 92.00 s
[OUTPUT] 2026-07-24T14:43:01.255634 Reshard for epoch 2: 3636 train files, 0 eval files redistributed via alltoall in 1.43s
[OUTPUT] 2026-07-24T14:43:03.968941 Worker pre-warm complete for epoch 2 (12 workers spawned)
[OUTPUT] 2026-07-24T14:43:04.382666 Starting epoch 2: 519 steps expected
[OUTPUT] 2026-07-24T14:43:04.383142 Starting block 1
[OUTPUT] 2026-07-24T14:44:36.387437 Ending block 1 - 519 steps completed in 92.00 s
[OUTPUT] 2026-07-24T14:44:36.390035 Epoch 2 - Block 1 [Training] Accelerator Utilization [AU] (%): 93.5842
[OUTPUT] 2026-07-24T14:44:36.390083 Epoch 2 - Block 1 [Training] Throughput (samples/second): 4001.5852
[OUTPUT] 2026-07-24T14:44:36.390390 Epoch 2 - Block 1 [Training] Computation time per step (second): 0.1621+/-0.0000 (set value: {'mean': 0.162})
[OUTPUT] 2026-07-24T14:44:36.430006 Ending epoch 2 - 519 steps completed in 92.05 s
[OUTPUT] 2026-07-24T14:44:36.530219 Reshard for epoch 3: 3636 train files, 0 eval files redistributed via alltoall in 0.10s
[OUTPUT] 2026-07-24T14:44:39.359681 Worker pre-warm complete for epoch 3 (12 workers spawned)
[OUTPUT] 2026-07-24T14:44:39.766057 Starting epoch 3: 519 steps expected
[OUTPUT] 2026-07-24T14:44:39.766527 Starting block 1
[OUTPUT] 2026-07-24T14:46:11.755367 Ending block 1 - 519 steps completed in 91.99 s
[OUTPUT] 2026-07-24T14:46:11.757124 Epoch 3 - Block 1 [Training] Accelerator Utilization [AU] (%): 93.5421
[OUTPUT] 2026-07-24T14:46:11.757166 Epoch 3 - Block 1 [Training] Throughput (samples/second): 4000.1026
[OUTPUT] 2026-07-24T14:46:11.757488 Epoch 3 - Block 1 [Training] Computation time per step (second): 0.1621+/-0.0000 (set value: {'mean': 0.162})
[OUTPUT] 2026-07-24T14:46:11.958299 Ending epoch 3 - 519 steps completed in 92.19 s
[OUTPUT] 2026-07-24T14:46:12.107198 Reshard for epoch 4: 3636 train files, 0 eval files redistributed via alltoall in 0.15s
[OUTPUT] 2026-07-24T14:46:14.800221 Worker pre-warm complete for epoch 4 (12 workers spawned)
[OUTPUT] 2026-07-24T14:46:15.249040 Starting epoch 4: 519 steps expected
[OUTPUT] 2026-07-24T14:46:15.249511 Starting block 1
[OUTPUT] 2026-07-24T14:47:47.427373 Ending block 1 - 519 steps completed in 92.18 s
[OUTPUT] 2026-07-24T14:47:47.429377 Epoch 4 - Block 1 [Training] Accelerator Utilization [AU] (%): 93.1716
[OUTPUT] 2026-07-24T14:47:47.429424 Epoch 4 - Block 1 [Training] Throughput (samples/second): 3984.1422
[OUTPUT] 2026-07-24T14:47:47.429626 Epoch 4 - Block 1 [Training] Computation time per step (second): 0.1621+/-0.0000 (set value: {'mean': 0.162})
[OUTPUT] 2026-07-24T14:47:47.507525 Ending epoch 4 - 519 steps completed in 92.26 s
[OUTPUT] 2026-07-24T14:47:47.868999 Reshard for epoch 5: 3636 train files, 0 eval files redistributed via alltoall in 0.36s
[OUTPUT] 2026-07-24T14:47:50.699082 Worker pre-warm complete for epoch 5 (12 workers spawned)
[OUTPUT] 2026-07-24T14:47:51.095413 Starting epoch 5: 519 steps expected
[OUTPUT] 2026-07-24T14:47:51.095853 Starting block 1
[OUTPUT] 2026-07-24T14:49:23.457193 Ending block 1 - 519 steps completed in 92.36 s
[OUTPUT] 2026-07-24T14:49:23.459152 Epoch 5 - Block 1 [Training] Accelerator Utilization [AU] (%): 93.0970
[OUTPUT] 2026-07-24T14:49:23.459194 Epoch 5 - Block 1 [Training] Throughput (samples/second): 3980.9760
[OUTPUT] 2026-07-24T14:49:23.459407 Epoch 5 - Block 1 [Training] Computation time per step (second): 0.1621+/-0.0000 (set value: {'mean': 0.162})
[OUTPUT] 2026-07-24T14:49:23.638566 Ending epoch 5 - 519 steps completed in 92.54 s
[OUTPUT] 2026-07-24T14:49:23.852063 Reshard for epoch 6: 3636 train files, 0 eval files redistributed via alltoall in 0.21s
[OUTPUT] 2026-07-24T14:49:26.778451 Worker pre-warm complete for epoch 6 (12 workers spawned)
[OUTPUT] 2026-07-24T14:49:26.879967 Saved outputs in /home/mlperf/results/YanRongTech/closed/YanRongTech/results/YanRongTech_F9000X_9_Clients/training/unet3d/run/20260724_144053
[OUTPUT] Averaged metric over all steps/epochs
[METRIC] ==========================================================
[METRIC] Number of Simulated Accelerators: 99 
[METRIC] Training Accelerator Utilization [AU] (%): 93.4301 (0.2187)
[METRIC] Training Throughput (samples/second): 3994.9259 (9.3231)
[METRIC] Training I/O Throughput (MiB/second): 558527.6033 (1303.4535)
[METRIC] train_au_meet_expectation: success
[METRIC] ==========================================================

[OUTPUT] 2026-07-24T14:49:26.902736 outputs saved in RANKID_output.json
