[OUTPUT] [DEBUG DLIOBenchmark.__init__] After LoadConfig:
[OUTPUT]   storage_type   = <StorageType.LOCAL_FS: 'local_fs'>
[OUTPUT]   storage_root   = './'
[OUTPUT]   storage_options= None
[OUTPUT]   data_folder    = '/mnt/pfs/unet3d'
[OUTPUT]   framework      = <FrameworkType.PYTORCH: 'pytorch'>
[OUTPUT]   num_files_train= 380000
[OUTPUT]   record_length  = 146600628
[OUTPUT]   generate_data  = False
[OUTPUT]   do_train       = True
[OUTPUT]   do_checkpoint  = False
[OUTPUT]   epochs         = 5
[OUTPUT]   batch_size     = 7
[OUTPUT] 2026-07-24T11:30:09.976608 Running DLIO [Training] with 96 process(es)
[OUTPUT] 2026-07-24T11:30:11.596918 File listing [train]: 420000 files discovered, 3958 assigned to rank 0, completed in 1.55s
[OUTPUT] 2026-07-24T11:30:11.597559 File listing [valid]: 0 files discovered, 0 assigned to rank 0, completed in 0.00s
[OUTPUT] 2026-07-24T11:30:11.597618 Streamed file sharding: 420000 train files across 96 ranks via round-robin (rank 0 shard: 3958 files)
[OUTPUT] 2026-07-24T11:30:12.185635 Max steps per epoch per rank: 54285 = 1 * 380000 / 7 (samples per file * local files / batch size)
[OUTPUT] 2026-07-24T11:30:12.460692 Reshard for epoch 1: 3958 train files, 0 eval files redistributed via alltoall in 0.27s
[OUTPUT] 2026-07-24T11:30:16.374272 Worker pre-warm complete (12 workers spawned)
[OUTPUT] 2026-07-24T11:30:16.737030 Starting epoch 1: 565 steps expected
[OUTPUT] 2026-07-24T11:30:16.737366 Starting block 1
[OUTPUT] 2026-07-24T11:31:56.092724 Ending block 1 - 565 steps completed in 99.36 s
[OUTPUT] 2026-07-24T11:31:56.096214 Epoch 1 - Block 1 [Training] Accelerator Utilization [AU] (%): 94.2320
[OUTPUT] 2026-07-24T11:31:56.096268 Epoch 1 - Block 1 [Training] Throughput (samples/second): 3907.0986
[OUTPUT] 2026-07-24T11:31:56.097109 Epoch 1 - Block 1 [Training] Computation time per step (second): 0.1621+/-0.0000 (set value: {'mean': 0.162})
[OUTPUT] 2026-07-24T11:31:56.331778 Ending epoch 1 - 565 steps completed in 99.59 s
[OUTPUT] 2026-07-24T11:31:59.041050 Reshard for epoch 2: 3958 train files, 0 eval files redistributed via alltoall in 2.71s
[OUTPUT] 2026-07-24T11:32:01.841376 Worker pre-warm complete for epoch 2 (12 workers spawned)
[OUTPUT] 2026-07-24T11:32:02.232725 Starting epoch 2: 565 steps expected
[OUTPUT] 2026-07-24T11:32:02.233149 Starting block 1
[OUTPUT] 2026-07-24T11:33:41.830849 Ending block 1 - 565 steps completed in 99.60 s
[OUTPUT] 2026-07-24T11:33:41.833361 Epoch 2 - Block 1 [Training] Accelerator Utilization [AU] (%): 93.9093
[OUTPUT] 2026-07-24T11:33:41.833437 Epoch 2 - Block 1 [Training] Throughput (samples/second): 3893.7264
[OUTPUT] 2026-07-24T11:33:41.833732 Epoch 2 - Block 1 [Training] Computation time per step (second): 0.1621+/-0.0000 (set value: {'mean': 0.162})
[OUTPUT] 2026-07-24T11:33:41.966994 Ending epoch 2 - 565 steps completed in 99.73 s
[OUTPUT] 2026-07-24T11:33:42.832701 Reshard for epoch 3: 3958 train files, 0 eval files redistributed via alltoall in 0.86s
[OUTPUT] 2026-07-24T11:33:45.709804 Worker pre-warm complete for epoch 3 (12 workers spawned)
[OUTPUT] 2026-07-24T11:33:45.969641 Starting epoch 3: 565 steps expected
[OUTPUT] 2026-07-24T11:33:45.969938 Starting block 1
[OUTPUT] 2026-07-24T11:35:27.171380 Ending block 1 - 565 steps completed in 101.20 s
[OUTPUT] 2026-07-24T11:35:27.173589 Epoch 3 - Block 1 [Training] Accelerator Utilization [AU] (%): 92.4617
[OUTPUT] 2026-07-24T11:35:27.173643 Epoch 3 - Block 1 [Training] Throughput (samples/second): 3833.6928
[OUTPUT] 2026-07-24T11:35:27.173866 Epoch 3 - Block 1 [Training] Computation time per step (second): 0.1621+/-0.0000 (set value: {'mean': 0.162})
[OUTPUT] 2026-07-24T11:35:27.489009 Ending epoch 3 - 565 steps completed in 101.52 s
[OUTPUT] 2026-07-24T11:35:27.750358 Reshard for epoch 4: 3958 train files, 0 eval files redistributed via alltoall in 0.26s
[OUTPUT] 2026-07-24T11:35:30.564252 Worker pre-warm complete for epoch 4 (12 workers spawned)
[OUTPUT] 2026-07-24T11:35:30.835769 Starting epoch 4: 565 steps expected
[OUTPUT] 2026-07-24T11:35:30.836043 Starting block 1
[OUTPUT] 2026-07-24T11:37:09.452367 Ending block 1 - 565 steps completed in 98.62 s
[OUTPUT] 2026-07-24T11:37:09.454000 Epoch 4 - Block 1 [Training] Accelerator Utilization [AU] (%): 94.7547
[OUTPUT] 2026-07-24T11:37:09.454059 Epoch 4 - Block 1 [Training] Throughput (samples/second): 3928.7555
[OUTPUT] 2026-07-24T11:37:09.454291 Epoch 4 - Block 1 [Training] Computation time per step (second): 0.1621+/-0.0000 (set value: {'mean': 0.162})
[OUTPUT] 2026-07-24T11:37:09.634547 Ending epoch 4 - 565 steps completed in 98.80 s
[OUTPUT] 2026-07-24T11:37:09.937574 Reshard for epoch 5: 3958 train files, 0 eval files redistributed via alltoall in 0.30s
[OUTPUT] 2026-07-24T11:37:12.808969 Worker pre-warm complete for epoch 5 (12 workers spawned)
[OUTPUT] 2026-07-24T11:37:13.080229 Starting epoch 5: 565 steps expected
[OUTPUT] 2026-07-24T11:37:13.080537 Starting block 1
[OUTPUT] 2026-07-24T11:38:52.474287 Ending block 1 - 565 steps completed in 99.39 s
[OUTPUT] 2026-07-24T11:38:52.476362 Epoch 5 - Block 1 [Training] Accelerator Utilization [AU] (%): 94.1387
[OUTPUT] 2026-07-24T11:38:52.476420 Epoch 5 - Block 1 [Training] Throughput (samples/second): 3903.2789
[OUTPUT] 2026-07-24T11:38:52.476631 Epoch 5 - Block 1 [Training] Computation time per step (second): 0.1621+/-0.0000 (set value: {'mean': 0.162})
[OUTPUT] 2026-07-24T11:38:52.796135 Ending epoch 5 - 565 steps completed in 99.72 s
[OUTPUT] 2026-07-24T11:38:52.863913 Reshard for epoch 6: 3958 train files, 0 eval files redistributed via alltoall in 0.07s
[OUTPUT] 2026-07-24T11:38:55.820238 Worker pre-warm complete for epoch 6 (12 workers spawned)
[OUTPUT] 2026-07-24T11:38:55.884815 Saved outputs in /home/mlperf/results/TuringData/closed/TuringData/results/TuringData_F9200_8_Clients/training/unet3d/run/20260724_112944
[OUTPUT] Averaged metric over all steps/epochs
[METRIC] ==========================================================
[METRIC] Number of Simulated Accelerators: 96 
[METRIC] Training Accelerator Utilization [AU] (%): 93.7827 (0.8595)
[METRIC] Training Throughput (samples/second): 3888.5152 (35.6313)
[METRIC] Training I/O Throughput (MiB/second): 543650.4015 (4981.5916)
[METRIC] train_au_meet_expectation: success
[METRIC] ==========================================================

[OUTPUT] 2026-07-24T11:38:56.051898 outputs saved in RANKID_output.json
