[OUTPUT] [DEBUG DLIOBenchmark.__init__] After LoadConfig:
[OUTPUT]   storage_type   = <StorageType.LOCAL_FS: 'local_fs'>
[OUTPUT]   storage_root   = './'
[OUTPUT]   storage_options= None
[OUTPUT]   data_folder    = '/mnt/mlp/unet3d_data/unet3d'
[OUTPUT]   framework      = <FrameworkType.PYTORCH: 'pytorch'>
[OUTPUT]   num_files_train= 37500
[OUTPUT]   record_length  = 146600628
[OUTPUT]   generate_data  = False
[OUTPUT]   do_train       = True
[OUTPUT]   do_checkpoint  = False
[OUTPUT]   epochs         = 5
[OUTPUT]   batch_size     = 7
[OUTPUT] 2026-07-09T02:42:55.427648 Running DLIO [Training] with 4 process(es)
[OUTPUT] 2026-07-09T02:42:55.478384 skip_listing [train]: validating 37,500 of 37,500 files (first, last, every 1) via HEAD requests ...
[OUTPUT] 2026-07-09T02:42:55.600906 skip_listing [train]:   500/37,500 checked (1%)  —  4085 checks/s  —  ETA 9s  —  0 failed so far
[OUTPUT] 2026-07-09T02:42:55.720224 skip_listing [train]:   1,000/37,500 checked (3%)  —  4137 checks/s  —  ETA 9s  —  0 failed so far
[OUTPUT] 2026-07-09T02:42:55.837831 skip_listing [train]:   1,500/37,500 checked (4%)  —  4174 checks/s  —  ETA 9s  —  0 failed so far
[OUTPUT] 2026-07-09T02:42:55.956791 skip_listing [train]:   2,000/37,500 checked (5%)  —  4181 checks/s  —  ETA 8s  —  0 failed so far
[OUTPUT] 2026-07-09T02:42:56.075117 skip_listing [train]:   2,500/37,500 checked (7%)  —  4190 checks/s  —  ETA 8s  —  0 failed so far
[OUTPUT] 2026-07-09T02:42:56.196696 skip_listing [train]:   3,000/37,500 checked (8%)  —  4177 checks/s  —  ETA 8s  —  0 failed so far
[OUTPUT] 2026-07-09T02:42:56.315837 skip_listing [train]:   3,500/37,500 checked (9%)  —  4180 checks/s  —  ETA 8s  —  0 failed so far
[OUTPUT] 2026-07-09T02:42:56.434118 skip_listing [train]:   4,000/37,500 checked (11%)  —  4186 checks/s  —  ETA 8s  —  0 failed so far
[OUTPUT] 2026-07-09T02:42:56.556535 skip_listing [train]:   4,500/37,500 checked (12%)  —  4174 checks/s  —  ETA 8s  —  0 failed so far
[OUTPUT] 2026-07-09T02:42:56.676270 skip_listing [train]:   5,000/37,500 checked (13%)  —  4174 checks/s  —  ETA 8s  —  0 failed so far
[OUTPUT] 2026-07-09T02:42:56.797554 skip_listing [train]:   5,500/37,500 checked (15%)  —  4170 checks/s  —  ETA 8s  —  0 failed so far
[OUTPUT] 2026-07-09T02:42:56.920118 skip_listing [train]:   6,000/37,500 checked (16%)  —  4162 checks/s  —  ETA 8s  —  0 failed so far
[OUTPUT] 2026-07-09T02:42:57.041255 skip_listing [train]:   6,500/37,500 checked (17%)  —  4159 checks/s  —  ETA 7s  —  0 failed so far
[OUTPUT] 2026-07-09T02:42:57.162553 skip_listing [train]:   7,000/37,500 checked (19%)  —  4157 checks/s  —  ETA 7s  —  0 failed so far
[OUTPUT] 2026-07-09T02:42:57.284505 skip_listing [train]:   7,500/37,500 checked (20%)  —  4153 checks/s  —  ETA 7s  —  0 failed so far
[OUTPUT] 2026-07-09T02:42:57.407291 skip_listing [train]:   8,000/37,500 checked (21%)  —  4148 checks/s  —  ETA 7s  —  0 failed so far
[OUTPUT] 2026-07-09T02:42:57.530981 skip_listing [train]:   8,500/37,500 checked (23%)  —  4141 checks/s  —  ETA 7s  —  0 failed so far
[OUTPUT] 2026-07-09T02:42:57.654403 skip_listing [train]:   9,000/37,500 checked (24%)  —  4136 checks/s  —  ETA 7s  —  0 failed so far
[OUTPUT] 2026-07-09T02:42:57.775674 skip_listing [train]:   9,500/37,500 checked (25%)  —  4136 checks/s  —  ETA 7s  —  0 failed so far
[OUTPUT] 2026-07-09T02:42:57.896427 skip_listing [train]:   10,000/37,500 checked (27%)  —  4136 checks/s  —  ETA 7s  —  0 failed so far
[OUTPUT] 2026-07-09T02:42:58.016118 skip_listing [train]:   10,500/37,500 checked (28%)  —  4138 checks/s  —  ETA 7s  —  0 failed so far
[OUTPUT] 2026-07-09T02:42:58.135009 skip_listing [train]:   11,000/37,500 checked (29%)  —  4141 checks/s  —  ETA 6s  —  0 failed so far
[OUTPUT] 2026-07-09T02:42:58.253840 skip_listing [train]:   11,500/37,500 checked (31%)  —  4144 checks/s  —  ETA 6s  —  0 failed so far
[OUTPUT] 2026-07-09T02:42:58.372947 skip_listing [train]:   12,000/37,500 checked (32%)  —  4146 checks/s  —  ETA 6s  —  0 failed so far
[OUTPUT] 2026-07-09T02:42:58.493530 skip_listing [train]:   12,500/37,500 checked (33%)  —  4146 checks/s  —  ETA 6s  —  0 failed so far
[OUTPUT] 2026-07-09T02:42:58.614360 skip_listing [train]:   13,000/37,500 checked (35%)  —  4146 checks/s  —  ETA 6s  —  0 failed so far
[OUTPUT] 2026-07-09T02:42:58.734882 skip_listing [train]:   13,500/37,500 checked (36%)  —  4146 checks/s  —  ETA 6s  —  0 failed so far
[OUTPUT] 2026-07-09T02:42:58.855013 skip_listing [train]:   14,000/37,500 checked (37%)  —  4146 checks/s  —  ETA 6s  —  0 failed so far
[OUTPUT] 2026-07-09T02:42:58.975417 skip_listing [train]:   14,500/37,500 checked (39%)  —  4146 checks/s  —  ETA 6s  —  0 failed so far
[OUTPUT] 2026-07-09T02:42:59.096218 skip_listing [train]:   15,000/37,500 checked (40%)  —  4146 checks/s  —  ETA 5s  —  0 failed so far
[OUTPUT] 2026-07-09T02:42:59.217041 skip_listing [train]:   15,500/37,500 checked (41%)  —  4146 checks/s  —  ETA 5s  —  0 failed so far
[OUTPUT] 2026-07-09T02:42:59.337718 skip_listing [train]:   16,000/37,500 checked (43%)  —  4146 checks/s  —  ETA 5s  —  0 failed so far
[OUTPUT] 2026-07-09T02:42:59.458687 skip_listing [train]:   16,500/37,500 checked (44%)  —  4146 checks/s  —  ETA 5s  —  0 failed so far
[OUTPUT] 2026-07-09T02:42:59.580176 skip_listing [train]:   17,000/37,500 checked (45%)  —  4145 checks/s  —  ETA 5s  —  0 failed so far
[OUTPUT] 2026-07-09T02:42:59.700063 skip_listing [train]:   17,500/37,500 checked (47%)  —  4145 checks/s  —  ETA 5s  —  0 failed so far
[OUTPUT] 2026-07-09T02:42:59.821188 skip_listing [train]:   18,000/37,500 checked (48%)  —  4145 checks/s  —  ETA 5s  —  0 failed so far
[OUTPUT] 2026-07-09T02:42:59.942417 skip_listing [train]:   18,500/37,500 checked (49%)  —  4144 checks/s  —  ETA 5s  —  0 failed so far
[OUTPUT] 2026-07-09T02:43:00.062033 skip_listing [train]:   19,000/37,500 checked (51%)  —  4145 checks/s  —  ETA 4s  —  0 failed so far
[OUTPUT] 2026-07-09T02:43:00.180942 skip_listing [train]:   19,500/37,500 checked (52%)  —  4147 checks/s  —  ETA 4s  —  0 failed so far
[OUTPUT] 2026-07-09T02:43:00.301271 skip_listing [train]:   20,000/37,500 checked (53%)  —  4147 checks/s  —  ETA 4s  —  0 failed so far
[OUTPUT] 2026-07-09T02:43:00.424216 skip_listing [train]:   20,500/37,500 checked (55%)  —  4145 checks/s  —  ETA 4s  —  0 failed so far
[OUTPUT] 2026-07-09T02:43:00.547528 skip_listing [train]:   21,000/37,500 checked (56%)  —  4143 checks/s  —  ETA 4s  —  0 failed so far
[OUTPUT] 2026-07-09T02:43:00.669047 skip_listing [train]:   21,500/37,500 checked (57%)  —  4142 checks/s  —  ETA 4s  —  0 failed so far
[OUTPUT] 2026-07-09T02:43:00.790157 skip_listing [train]:   22,000/37,500 checked (59%)  —  4142 checks/s  —  ETA 4s  —  0 failed so far
[OUTPUT] 2026-07-09T02:43:00.909868 skip_listing [train]:   22,500/37,500 checked (60%)  —  4143 checks/s  —  ETA 4s  —  0 failed so far
[OUTPUT] 2026-07-09T02:43:01.029475 skip_listing [train]:   23,000/37,500 checked (61%)  —  4143 checks/s  —  ETA 3s  —  0 failed so far
[OUTPUT] 2026-07-09T02:43:01.149423 skip_listing [train]:   23,500/37,500 checked (63%)  —  4144 checks/s  —  ETA 3s  —  0 failed so far
[OUTPUT] 2026-07-09T02:43:01.268145 skip_listing [train]:   24,000/37,500 checked (64%)  —  4145 checks/s  —  ETA 3s  —  0 failed so far
[OUTPUT] 2026-07-09T02:43:01.418534 skip_listing [train]:   24,500/37,500 checked (65%)  —  4125 checks/s  —  ETA 3s  —  0 failed so far
[OUTPUT] 2026-07-09T02:43:01.540442 skip_listing [train]:   25,000/37,500 checked (67%)  —  4124 checks/s  —  ETA 3s  —  0 failed so far
[OUTPUT] 2026-07-09T02:43:01.660166 skip_listing [train]:   25,500/37,500 checked (68%)  —  4125 checks/s  —  ETA 3s  —  0 failed so far
[OUTPUT] 2026-07-09T02:43:01.786616 skip_listing [train]:   26,000/37,500 checked (69%)  —  4122 checks/s  —  ETA 3s  —  0 failed so far
[OUTPUT] 2026-07-09T02:43:01.905416 skip_listing [train]:   26,500/37,500 checked (71%)  —  4123 checks/s  —  ETA 3s  —  0 failed so far
[OUTPUT] 2026-07-09T02:43:02.023430 skip_listing [train]:   27,000/37,500 checked (72%)  —  4125 checks/s  —  ETA 3s  —  0 failed so far
[OUTPUT] 2026-07-09T02:43:02.142088 skip_listing [train]:   27,500/37,500 checked (73%)  —  4127 checks/s  —  ETA 2s  —  0 failed so far
[OUTPUT] 2026-07-09T02:43:02.260114 skip_listing [train]:   28,000/37,500 checked (75%)  —  4129 checks/s  —  ETA 2s  —  0 failed so far
[OUTPUT] 2026-07-09T02:43:02.379080 skip_listing [train]:   28,500/37,500 checked (76%)  —  4130 checks/s  —  ETA 2s  —  0 failed so far
[OUTPUT] 2026-07-09T02:43:02.497117 skip_listing [train]:   29,000/37,500 checked (77%)  —  4132 checks/s  —  ETA 2s  —  0 failed so far
[OUTPUT] 2026-07-09T02:43:02.615777 skip_listing [train]:   29,500/37,500 checked (79%)  —  4133 checks/s  —  ETA 2s  —  0 failed so far
[OUTPUT] 2026-07-09T02:43:02.734420 skip_listing [train]:   30,000/37,500 checked (80%)  —  4135 checks/s  —  ETA 2s  —  0 failed so far
[OUTPUT] 2026-07-09T02:43:02.852149 skip_listing [train]:   30,500/37,500 checked (81%)  —  4136 checks/s  —  ETA 2s  —  0 failed so far
[OUTPUT] 2026-07-09T02:43:02.981237 skip_listing [train]:   31,000/37,500 checked (83%)  —  4132 checks/s  —  ETA 2s  —  0 failed so far
[OUTPUT] 2026-07-09T02:43:03.111287 skip_listing [train]:   31,500/37,500 checked (84%)  —  4127 checks/s  —  ETA 1s  —  0 failed so far
[OUTPUT] 2026-07-09T02:43:03.231752 skip_listing [train]:   32,000/37,500 checked (85%)  —  4127 checks/s  —  ETA 1s  —  0 failed so far
[OUTPUT] 2026-07-09T02:43:03.352859 skip_listing [train]:   32,500/37,500 checked (87%)  —  4127 checks/s  —  ETA 1s  —  0 failed so far
[OUTPUT] 2026-07-09T02:43:03.472687 skip_listing [train]:   33,000/37,500 checked (88%)  —  4128 checks/s  —  ETA 1s  —  0 failed so far
[OUTPUT] 2026-07-09T02:43:03.593903 skip_listing [train]:   33,500/37,500 checked (89%)  —  4128 checks/s  —  ETA 1s  —  0 failed so far
[OUTPUT] 2026-07-09T02:43:03.716511 skip_listing [train]:   34,000/37,500 checked (91%)  —  4127 checks/s  —  ETA 1s  —  0 failed so far
[OUTPUT] 2026-07-09T02:43:03.838229 skip_listing [train]:   34,500/37,500 checked (92%)  —  4127 checks/s  —  ETA 1s  —  0 failed so far
[OUTPUT] 2026-07-09T02:43:03.961535 skip_listing [train]:   35,000/37,500 checked (93%)  —  4126 checks/s  —  ETA 1s  —  0 failed so far
[OUTPUT] 2026-07-09T02:43:04.084279 skip_listing [train]:   35,500/37,500 checked (95%)  —  4125 checks/s  —  ETA 0s  —  0 failed so far
[OUTPUT] 2026-07-09T02:43:04.211678 skip_listing [train]:   36,000/37,500 checked (96%)  —  4122 checks/s  —  ETA 0s  —  0 failed so far
[OUTPUT] 2026-07-09T02:43:04.335604 skip_listing [train]:   36,500/37,500 checked (97%)  —  4121 checks/s  —  ETA 0s  —  0 failed so far
[OUTPUT] 2026-07-09T02:43:04.458703 skip_listing [train]:   37,000/37,500 checked (99%)  —  4120 checks/s  —  ETA 0s  —  0 failed so far
[OUTPUT] 2026-07-09T02:43:04.581870 skip_listing [train]: validation complete — all 37,500 samples exist (9.1s, 4119 checks/s); 9,375 URIs ready for rank 0 (37,500 total across all ranks)
[OUTPUT] 2026-07-09T02:43:04.582332 File listing [train]: 37500 files discovered, 9375 assigned to rank 0, completed in 9.13s
[OUTPUT] 2026-07-09T02:43:04.582506 skip_listing [valid]: generated 0 file URIs deterministically (0 total — validation disabled)
[OUTPUT] 2026-07-09T02:43:04.582619 File listing [valid]: 0 files discovered, 0 assigned to rank 0, completed in 0.00s
[OUTPUT] 2026-07-09T02:43:04.582703 Streamed file sharding: 37500 train files across 4 ranks via round-robin (rank 0 shard: 9375 files)
[OUTPUT] 2026-07-09T02:43:04.600751 Max steps per epoch per rank: 5357 = 1 * 37500 / 7 (samples per file * local files / batch size)
[OUTPUT] 2026-07-09T02:43:04.611790 Reshard for epoch 1: 9375 train files, 0 eval files redistributed via alltoall in 0.01s
[OUTPUT] 2026-07-09T02:43:22.512352 Worker pre-warm complete (100 workers spawned)
[OUTPUT] 2026-07-09T02:43:22.991721 Starting epoch 1: 1339 steps expected
[OUTPUT] 2026-07-09T02:43:22.992107 Starting block 1
[OUTPUT] 2026-07-09T02:47:34.497479 Ending block 1 - 1339 steps completed in 251.51 s
[OUTPUT] 2026-07-09T02:47:34.502601 Epoch 1 - Block 1 [Training] Accelerator Utilization [AU] (%): 91.4339
[OUTPUT] 2026-07-09T02:47:34.502657 Epoch 1 - Block 1 [Training] Throughput (samples/second): 157.9168
[OUTPUT] 2026-07-09T02:47:34.503399 Epoch 1 - Block 1 [Training] Computation time per step (second): 0.1621+/-0.0000 (set value: {'mean': 0.162})
[OUTPUT] 2026-07-09T02:47:34.554085 Ending epoch 1 - 1339 steps completed in 251.56 s
[OUTPUT] 2026-07-09T02:47:34.561250 Reshard for epoch 2: 9375 train files, 0 eval files redistributed via alltoall in 0.01s
[OUTPUT] 2026-07-09T02:47:52.278153 Worker pre-warm complete for epoch 2 (100 workers spawned)
[OUTPUT] 2026-07-09T02:47:53.430699 Starting epoch 2: 1339 steps expected
[OUTPUT] 2026-07-09T02:47:53.431281 Starting block 1
[OUTPUT] 2026-07-09T02:52:05.572260 Ending block 1 - 1339 steps completed in 252.14 s
[OUTPUT] 2026-07-09T02:52:05.574487 Epoch 2 - Block 1 [Training] Accelerator Utilization [AU] (%): 90.8358
[OUTPUT] 2026-07-09T02:52:05.574542 Epoch 2 - Block 1 [Training] Throughput (samples/second): 156.8823
[OUTPUT] 2026-07-09T02:52:05.574850 Epoch 2 - Block 1 [Training] Computation time per step (second): 0.1621+/-0.0000 (set value: {'mean': 0.162})
[OUTPUT] 2026-07-09T02:52:05.635622 Ending epoch 2 - 1339 steps completed in 252.20 s
[OUTPUT] 2026-07-09T02:52:05.643193 Reshard for epoch 3: 9375 train files, 0 eval files redistributed via alltoall in 0.01s
[OUTPUT] 2026-07-09T02:52:23.952245 Worker pre-warm complete for epoch 3 (100 workers spawned)
[OUTPUT] 2026-07-09T02:52:24.441277 Starting epoch 3: 1339 steps expected
[OUTPUT] 2026-07-09T02:52:24.441598 Starting block 1
[OUTPUT] 2026-07-09T02:56:37.768415 Ending block 1 - 1339 steps completed in 253.33 s
[OUTPUT] 2026-07-09T02:56:37.770319 Epoch 3 - Block 1 [Training] Accelerator Utilization [AU] (%): 90.6890
[OUTPUT] 2026-07-09T02:56:37.770376 Epoch 3 - Block 1 [Training] Throughput (samples/second): 156.6311
[OUTPUT] 2026-07-09T02:56:37.770641 Epoch 3 - Block 1 [Training] Computation time per step (second): 0.1621+/-0.0000 (set value: {'mean': 0.162})
[OUTPUT] 2026-07-09T02:56:37.843342 Ending epoch 3 - 1339 steps completed in 253.40 s
[OUTPUT] 2026-07-09T02:56:37.852077 Reshard for epoch 4: 9375 train files, 0 eval files redistributed via alltoall in 0.01s
[OUTPUT] 2026-07-09T02:56:55.123783 Worker pre-warm complete for epoch 4 (100 workers spawned)
[OUTPUT] 2026-07-09T02:56:55.799447 Starting epoch 4: 1339 steps expected
[OUTPUT] 2026-07-09T02:56:55.799846 Starting block 1
[OUTPUT] 2026-07-09T03:01:07.973719 Ending block 1 - 1339 steps completed in 252.17 s
[OUTPUT] 2026-07-09T03:01:07.975922 Epoch 4 - Block 1 [Training] Accelerator Utilization [AU] (%): 91.5250
[OUTPUT] 2026-07-09T03:01:07.975973 Epoch 4 - Block 1 [Training] Throughput (samples/second): 158.0745
[OUTPUT] 2026-07-09T03:01:07.976254 Epoch 4 - Block 1 [Training] Computation time per step (second): 0.1621+/-0.0000 (set value: {'mean': 0.162})
[OUTPUT] 2026-07-09T03:01:08.038378 Ending epoch 4 - 1339 steps completed in 252.24 s
[OUTPUT] 2026-07-09T03:01:08.049892 Reshard for epoch 5: 9375 train files, 0 eval files redistributed via alltoall in 0.01s
[OUTPUT] 2026-07-09T03:01:25.672480 Worker pre-warm complete for epoch 5 (100 workers spawned)
[OUTPUT] 2026-07-09T03:01:26.220739 Starting epoch 5: 1339 steps expected
[OUTPUT] 2026-07-09T03:01:26.221053 Starting block 1
[OUTPUT] 2026-07-09T03:05:38.671413 Ending block 1 - 1339 steps completed in 252.45 s
[OUTPUT] 2026-07-09T03:05:38.673200 Epoch 5 - Block 1 [Training] Accelerator Utilization [AU] (%): 90.7501
[OUTPUT] 2026-07-09T03:05:38.673249 Epoch 5 - Block 1 [Training] Throughput (samples/second): 156.7377
[OUTPUT] 2026-07-09T03:05:38.673536 Epoch 5 - Block 1 [Training] Computation time per step (second): 0.1621+/-0.0000 (set value: {'mean': 0.162})
[OUTPUT] 2026-07-09T03:05:38.723151 Ending epoch 5 - 1339 steps completed in 252.50 s
[OUTPUT] 2026-07-09T03:05:38.732895 Reshard for epoch 6: 9375 train files, 0 eval files redistributed via alltoall in 0.01s
[OUTPUT] 2026-07-09T03:05:56.710970 Worker pre-warm complete for epoch 6 (100 workers spawned)
[OUTPUT] 2026-07-09T03:05:56.713115 Saved outputs in /tmp/mlperf_storage_results_1t_4acc_100reader_37500_new/closed/holmesai_limited/results/StorMeshAI/training/unet3d/run/20260709_024251
[OUTPUT] Averaged metric over all steps/epochs
[METRIC] ==========================================================
[METRIC] Number of Simulated Accelerators: 4 
[METRIC] Training Accelerator Utilization [AU] (%): 90.9353 (0.1801)
[METRIC] Training Throughput (samples/second): 157.0599 (0.3119)
[METRIC] Training I/O Throughput (MiB/second): 21958.4343 (43.6077)
[METRIC] train_au_meet_expectation: success
[METRIC] ==========================================================

[OUTPUT] 2026-07-09T03:05:56.741221 outputs saved in RANKID_output.json
