[OUTPUT] [DEBUG DLIOBenchmark.__init__] After LoadConfig:
[OUTPUT]   storage_type   = <StorageType.S3: 's3'>
[OUTPUT]   storage_root   = 'mlc-s3'
[OUTPUT]   storage_options= {'prefetch_window': 6, 'storage_library': 's3dlio', 'uri_scheme': 's3', 'access_key_id': '[REDACTED_AWS_ACCESS_KEY_ID]', 'secret_access_key': '[REDACTED_AWS_SECRET_ACCESS_KEY]', 'endpoint_url': 'https://storage.uk-south1.nebius.cloud', 'region': 'uk-south1'}
[OUTPUT]   data_folder    = 's3://mlc-s3/unet3d/submission/data_21n/unet3d'
[OUTPUT]   framework      = <FrameworkType.PYTORCH: 'pytorch'>
[OUTPUT]   num_files_train= 73500
[OUTPUT]   record_length  = 146600628
[OUTPUT]   generate_data  = False
[OUTPUT]   do_train       = True
[OUTPUT]   do_checkpoint  = False
[OUTPUT]   epochs         = 5
[OUTPUT]   batch_size     = 7
[OUTPUT] 2026-07-14T17:51:19.531066 Running DLIO [Training] with 21 process(es)
[OUTPUT] 2026-07-14T17:51:21.037192 skip_listing [train]: validating 7,351 of 73,500 files (first, last, every 10) via HEAD requests ...
[OUTPUT] 2026-07-14T17:51:21.894186 skip_listing [train]:   500/7,351 checked (7%)  —  584 checks/s  —  ETA 12s  —  0 failed so far
[OUTPUT] 2026-07-14T17:51:22.728331 skip_listing [train]:   1,000/7,351 checked (14%)  —  592 checks/s  —  ETA 11s  —  0 failed so far
[OUTPUT] 2026-07-14T17:51:23.574545 skip_listing [train]:   1,500/7,351 checked (20%)  —  591 checks/s  —  ETA 10s  —  0 failed so far
[OUTPUT] 2026-07-14T17:51:24.381290 skip_listing [train]:   2,000/7,351 checked (27%)  —  598 checks/s  —  ETA 9s  —  0 failed so far
[OUTPUT] 2026-07-14T17:51:25.169122 skip_listing [train]:   2,500/7,351 checked (34%)  —  605 checks/s  —  ETA 8s  —  0 failed so far
[OUTPUT] 2026-07-14T17:51:26.011649 skip_listing [train]:   3,000/7,351 checked (41%)  —  603 checks/s  —  ETA 7s  —  0 failed so far
[OUTPUT] 2026-07-14T17:51:26.817570 skip_listing [train]:   3,500/7,351 checked (48%)  —  606 checks/s  —  ETA 6s  —  0 failed so far
[OUTPUT] 2026-07-14T17:51:27.607233 skip_listing [train]:   4,000/7,351 checked (54%)  —  609 checks/s  —  ETA 6s  —  0 failed so far
[OUTPUT] 2026-07-14T17:51:28.476888 skip_listing [train]:   4,500/7,351 checked (61%)  —  605 checks/s  —  ETA 5s  —  0 failed so far
[OUTPUT] 2026-07-14T17:51:29.380870 skip_listing [train]:   5,000/7,351 checked (68%)  —  599 checks/s  —  ETA 4s  —  0 failed so far
[OUTPUT] 2026-07-14T17:51:30.182382 skip_listing [train]:   5,500/7,351 checked (75%)  —  601 checks/s  —  ETA 3s  —  0 failed so far
[OUTPUT] 2026-07-14T17:51:31.000731 skip_listing [train]:   6,000/7,351 checked (82%)  —  602 checks/s  —  ETA 2s  —  0 failed so far
[OUTPUT] 2026-07-14T17:51:31.856194 skip_listing [train]:   6,500/7,351 checked (88%)  —  601 checks/s  —  ETA 1s  —  0 failed so far
[OUTPUT] 2026-07-14T17:51:32.680138 skip_listing [train]:   7,000/7,351 checked (95%)  —  601 checks/s  —  ETA 1s  —  0 failed so far
[OUTPUT] 2026-07-14T17:51:33.269193 skip_listing [train]: validation complete — all 7,351 samples exist (12.2s, 601 checks/s); 3,500 URIs ready for rank 0 (73,500 total across all ranks)
[OUTPUT] 2026-07-14T17:51:33.270542 File listing [train]: 73500 files discovered, 3500 assigned to rank 0, completed in 12.24s
[OUTPUT] 2026-07-14T17:51:33.271505 skip_listing [valid]: generated 0 file URIs deterministically (0 total — validation disabled)
[OUTPUT] 2026-07-14T17:51:33.272598 File listing [valid]: 0 files discovered, 0 assigned to rank 0, completed in 0.00s
[OUTPUT] 2026-07-14T17:51:33.273384 Streamed file sharding: 73500 train files across 21 ranks via round-robin (rank 0 shard: 3500 files)
[OUTPUT] 2026-07-14T17:51:34.052343 Max steps per epoch per rank: 10500 = 1 * 73500 / 7 (samples per file * local files / batch size)
[OUTPUT] 2026-07-14T17:51:34.075788 Reshard for epoch 1: 3500 train files, 0 eval files redistributed via alltoall in 0.02s
[WARNING] NPZReaderS3Iterable[thread=2] [resource-probe] RAM projection: prefetch=6 x dataloader_workers=4 x ranks_per_node=21 x record_length=139 MiB = 70463 MiB of in-flight buffer memory, but only 18975 MiB (of 30056 MiB total) is currently available.  OOM / swap-thrash under load is likely.  Fix: reduce storage_options.prefetch_window, or reduce DataLoader worker count, or move the S3 target off-node.
[WARNING] NPZReaderS3Iterable[thread=1] [resource-probe] RAM projection: prefetch=6 x dataloader_workers=4 x ranks_per_node=21 x record_length=139 MiB = 70463 MiB of in-flight buffer memory, but only 18975 MiB (of 30056 MiB total) is currently available.  OOM / swap-thrash under load is likely.  Fix: reduce storage_options.prefetch_window, or reduce DataLoader worker count, or move the S3 target off-node.
[WARNING] NPZReaderS3Iterable[thread=0] [resource-probe] RAM projection: prefetch=6 x dataloader_workers=4 x ranks_per_node=21 x record_length=139 MiB = 70463 MiB of in-flight buffer memory, but only 18975 MiB (of 30056 MiB total) is currently available.  OOM / swap-thrash under load is likely.  Fix: reduce storage_options.prefetch_window, or reduce DataLoader worker count, or move the S3 target off-node.
[WARNING] NPZReaderS3Iterable[thread=3] [resource-probe] RAM projection: prefetch=6 x dataloader_workers=4 x ranks_per_node=21 x record_length=139 MiB = 70463 MiB of in-flight buffer memory, but only 18974 MiB (of 30056 MiB total) is currently available.  OOM / swap-thrash under load is likely.  Fix: reduce storage_options.prefetch_window, or reduce DataLoader worker count, or move the S3 target off-node.
[WARNING] NPZReaderS3Iterable[thread=0] [resource-probe] RAM projection: prefetch=6 x dataloader_workers=4 x ranks_per_node=21 x record_length=139 MiB = 70463 MiB of in-flight buffer memory, but only 14887 MiB (of 30056 MiB total) is currently available.  OOM / swap-thrash under load is likely.  Fix: reduce storage_options.prefetch_window, or reduce DataLoader worker count, or move the S3 target off-node.
[WARNING] NPZReaderS3Iterable[thread=3] [resource-probe] RAM projection: prefetch=6 x dataloader_workers=4 x ranks_per_node=21 x record_length=139 MiB = 70463 MiB of in-flight buffer memory, but only 14887 MiB (of 30056 MiB total) is currently available.  OOM / swap-thrash under load is likely.  Fix: reduce storage_options.prefetch_window, or reduce DataLoader worker count, or move the S3 target off-node.
[WARNING] NPZReaderS3Iterable[thread=2] [resource-probe] RAM projection: prefetch=6 x dataloader_workers=4 x ranks_per_node=21 x record_length=139 MiB = 70463 MiB of in-flight buffer memory, but only 14887 MiB (of 30056 MiB total) is currently available.  OOM / swap-thrash under load is likely.  Fix: reduce storage_options.prefetch_window, or reduce DataLoader worker count, or move the S3 target off-node.
[WARNING] NPZReaderS3Iterable[thread=1] [resource-probe] RAM projection: prefetch=6 x dataloader_workers=4 x ranks_per_node=21 x record_length=139 MiB = 70463 MiB of in-flight buffer memory, but only 14887 MiB (of 30056 MiB total) is currently available.  OOM / swap-thrash under load is likely.  Fix: reduce storage_options.prefetch_window, or reduce DataLoader worker count, or move the S3 target off-node.
[WARNING] NPZReaderS3Iterable[thread=2] [resource-probe] RAM projection: prefetch=6 x dataloader_workers=4 x ranks_per_node=21 x record_length=139 MiB = 70463 MiB of in-flight buffer memory, but only 12266 MiB (of 30056 MiB total) is currently available.  OOM / swap-thrash under load is likely.  Fix: reduce storage_options.prefetch_window, or reduce DataLoader worker count, or move the S3 target off-node.
[WARNING] NPZReaderS3Iterable[thread=1] [resource-probe] RAM projection: prefetch=6 x dataloader_workers=4 x ranks_per_node=21 x record_length=139 MiB = 70463 MiB of in-flight buffer memory, but only 12266 MiB (of 30056 MiB total) is currently available.  OOM / swap-thrash under load is likely.  Fix: reduce storage_options.prefetch_window, or reduce DataLoader worker count, or move the S3 target off-node.
[WARNING] NPZReaderS3Iterable[thread=0] [resource-probe] RAM projection: prefetch=6 x dataloader_workers=4 x ranks_per_node=21 x record_length=139 MiB = 70463 MiB of in-flight buffer memory, but only 12266 MiB (of 30056 MiB total) is currently available.  OOM / swap-thrash under load is likely.  Fix: reduce storage_options.prefetch_window, or reduce DataLoader worker count, or move the S3 target off-node.
[WARNING] NPZReaderS3Iterable[thread=3] [resource-probe] RAM projection: prefetch=6 x dataloader_workers=4 x ranks_per_node=21 x record_length=139 MiB = 70463 MiB of in-flight buffer memory, but only 12266 MiB (of 30056 MiB total) is currently available.  OOM / swap-thrash under load is likely.  Fix: reduce storage_options.prefetch_window, or reduce DataLoader worker count, or move the S3 target off-node.
[WARNING] NPZReaderS3Iterable[thread=1] [resource-probe] RAM projection: prefetch=6 x dataloader_workers=4 x ranks_per_node=21 x record_length=139 MiB = 70463 MiB of in-flight buffer memory, but only 12076 MiB (of 30056 MiB total) is currently available.  OOM / swap-thrash under load is likely.  Fix: reduce storage_options.prefetch_window, or reduce DataLoader worker count, or move the S3 target off-node.
[WARNING] NPZReaderS3Iterable[thread=0] [resource-probe] RAM projection: prefetch=6 x dataloader_workers=4 x ranks_per_node=21 x record_length=139 MiB = 70463 MiB of in-flight buffer memory, but only 12076 MiB (of 30056 MiB total) is currently available.  OOM / swap-thrash under load is likely.  Fix: reduce storage_options.prefetch_window, or reduce DataLoader worker count, or move the S3 target off-node.
[WARNING] NPZReaderS3Iterable[thread=3] [resource-probe] RAM projection: prefetch=6 x dataloader_workers=4 x ranks_per_node=21 x record_length=139 MiB = 70463 MiB of in-flight buffer memory, but only 12075 MiB (of 30056 MiB total) is currently available.  OOM / swap-thrash under load is likely.  Fix: reduce storage_options.prefetch_window, or reduce DataLoader worker count, or move the S3 target off-node.
[WARNING] NPZReaderS3Iterable[thread=2] [resource-probe] RAM projection: prefetch=6 x dataloader_workers=4 x ranks_per_node=21 x record_length=139 MiB = 70463 MiB of in-flight buffer memory, but only 12075 MiB (of 30056 MiB total) is currently available.  OOM / swap-thrash under load is likely.  Fix: reduce storage_options.prefetch_window, or reduce DataLoader worker count, or move the S3 target off-node.
[WARNING] NPZReaderS3Iterable[thread=0] [resource-probe] RAM projection: prefetch=6 x dataloader_workers=4 x ranks_per_node=21 x record_length=139 MiB = 70463 MiB of in-flight buffer memory, but only 12099 MiB (of 30056 MiB total) is currently available.  OOM / swap-thrash under load is likely.  Fix: reduce storage_options.prefetch_window, or reduce DataLoader worker count, or move the S3 target off-node.
[WARNING] NPZReaderS3Iterable[thread=3] [resource-probe] RAM projection: prefetch=6 x dataloader_workers=4 x ranks_per_node=21 x record_length=139 MiB = 70463 MiB of in-flight buffer memory, but only 12101 MiB (of 30056 MiB total) is currently available.  OOM / swap-thrash under load is likely.  Fix: reduce storage_options.prefetch_window, or reduce DataLoader worker count, or move the S3 target off-node.
[WARNING] NPZReaderS3Iterable[thread=1] [resource-probe] RAM projection: prefetch=6 x dataloader_workers=4 x ranks_per_node=21 x record_length=139 MiB = 70463 MiB of in-flight buffer memory, but only 12101 MiB (of 30056 MiB total) is currently available.  OOM / swap-thrash under load is likely.  Fix: reduce storage_options.prefetch_window, or reduce DataLoader worker count, or move the S3 target off-node.
[WARNING] NPZReaderS3Iterable[thread=2] [resource-probe] RAM projection: prefetch=6 x dataloader_workers=4 x ranks_per_node=21 x record_length=139 MiB = 70463 MiB of in-flight buffer memory, but only 12101 MiB (of 30056 MiB total) is currently available.  OOM / swap-thrash under load is likely.  Fix: reduce storage_options.prefetch_window, or reduce DataLoader worker count, or move the S3 target off-node.
[WARNING] NPZReaderS3Iterable[thread=1] [resource-probe] RAM projection: prefetch=6 x dataloader_workers=4 x ranks_per_node=21 x record_length=139 MiB = 70463 MiB of in-flight buffer memory, but only 12041 MiB (of 30056 MiB total) is currently available.  OOM / swap-thrash under load is likely.  Fix: reduce storage_options.prefetch_window, or reduce DataLoader worker count, or move the S3 target off-node.
[WARNING] NPZReaderS3Iterable[thread=2] [resource-probe] RAM projection: prefetch=6 x dataloader_workers=4 x ranks_per_node=21 x record_length=139 MiB = 70463 MiB of in-flight buffer memory, but only 12041 MiB (of 30056 MiB total) is currently available.  OOM / swap-thrash under load is likely.  Fix: reduce storage_options.prefetch_window, or reduce DataLoader worker count, or move the S3 target off-node.
[WARNING] NPZReaderS3Iterable[thread=3] [resource-probe] RAM projection: prefetch=6 x dataloader_workers=4 x ranks_per_node=21 x record_length=139 MiB = 70463 MiB of in-flight buffer memory, but only 12041 MiB (of 30056 MiB total) is currently available.  OOM / swap-thrash under load is likely.  Fix: reduce storage_options.prefetch_window, or reduce DataLoader worker count, or move the S3 target off-node.
[WARNING] NPZReaderS3Iterable[thread=0] [resource-probe] RAM projection: prefetch=6 x dataloader_workers=4 x ranks_per_node=21 x record_length=139 MiB = 70463 MiB of in-flight buffer memory, but only 12041 MiB (of 30056 MiB total) is currently available.  OOM / swap-thrash under load is likely.  Fix: reduce storage_options.prefetch_window, or reduce DataLoader worker count, or move the S3 target off-node.
[WARNING] NPZReaderS3Iterable[thread=3] [resource-probe] RAM projection: prefetch=6 x dataloader_workers=4 x ranks_per_node=21 x record_length=139 MiB = 70463 MiB of in-flight buffer memory, but only 11888 MiB (of 30056 MiB total) is currently available.  OOM / swap-thrash under load is likely.  Fix: reduce storage_options.prefetch_window, or reduce DataLoader worker count, or move the S3 target off-node.
[WARNING] NPZReaderS3Iterable[thread=2] [resource-probe] RAM projection: prefetch=6 x dataloader_workers=4 x ranks_per_node=21 x record_length=139 MiB = 70463 MiB of in-flight buffer memory, but only 11888 MiB (of 30056 MiB total) is currently available.  OOM / swap-thrash under load is likely.  Fix: reduce storage_options.prefetch_window, or reduce DataLoader worker count, or move the S3 target off-node.
[WARNING] NPZReaderS3Iterable[thread=0] [resource-probe] RAM projection: prefetch=6 x dataloader_workers=4 x ranks_per_node=21 x record_length=139 MiB = 70463 MiB of in-flight buffer memory, but only 11888 MiB (of 30056 MiB total) is currently available.  OOM / swap-thrash under load is likely.  Fix: reduce storage_options.prefetch_window, or reduce DataLoader worker count, or move the S3 target off-node.
[WARNING] NPZReaderS3Iterable[thread=1] [resource-probe] RAM projection: prefetch=6 x dataloader_workers=4 x ranks_per_node=21 x record_length=139 MiB = 70463 MiB of in-flight buffer memory, but only 11888 MiB (of 30056 MiB total) is currently available.  OOM / swap-thrash under load is likely.  Fix: reduce storage_options.prefetch_window, or reduce DataLoader worker count, or move the S3 target off-node.
[WARNING] NPZReaderS3Iterable[thread=2] [resource-probe] RAM projection: prefetch=6 x dataloader_workers=4 x ranks_per_node=21 x record_length=139 MiB = 70463 MiB of in-flight buffer memory, but only 11727 MiB (of 30056 MiB total) is currently available.  OOM / swap-thrash under load is likely.  Fix: reduce storage_options.prefetch_window, or reduce DataLoader worker count, or move the S3 target off-node.
[WARNING] NPZReaderS3Iterable[thread=1] [resource-probe] RAM projection: prefetch=6 x dataloader_workers=4 x ranks_per_node=21 x record_length=139 MiB = 70463 MiB of in-flight buffer memory, but only 11727 MiB (of 30056 MiB total) is currently available.  OOM / swap-thrash under load is likely.  Fix: reduce storage_options.prefetch_window, or reduce DataLoader worker count, or move the S3 target off-node.
[WARNING] NPZReaderS3Iterable[thread=0] [resource-probe] RAM projection: prefetch=6 x dataloader_workers=4 x ranks_per_node=21 x record_length=139 MiB = 70463 MiB of in-flight buffer memory, but only 11727 MiB (of 30056 MiB total) is currently available.  OOM / swap-thrash under load is likely.  Fix: reduce storage_options.prefetch_window, or reduce DataLoader worker count, or move the S3 target off-node.
[WARNING] NPZReaderS3Iterable[thread=3] [resource-probe] RAM projection: prefetch=6 x dataloader_workers=4 x ranks_per_node=21 x record_length=139 MiB = 70463 MiB of in-flight buffer memory, but only 11727 MiB (of 30056 MiB total) is currently available.  OOM / swap-thrash under load is likely.  Fix: reduce storage_options.prefetch_window, or reduce DataLoader worker count, or move the S3 target off-node.
[WARNING] NPZReaderS3Iterable[thread=3] [resource-probe] RAM projection: prefetch=6 x dataloader_workers=4 x ranks_per_node=21 x record_length=139 MiB = 70463 MiB of in-flight buffer memory, but only 11723 MiB (of 30056 MiB total) is currently available.  OOM / swap-thrash under load is likely.  Fix: reduce storage_options.prefetch_window, or reduce DataLoader worker count, or move the S3 target off-node.
[WARNING] NPZReaderS3Iterable[thread=1] [resource-probe] RAM projection: prefetch=6 x dataloader_workers=4 x ranks_per_node=21 x record_length=139 MiB = 70463 MiB of in-flight buffer memory, but only 11723 MiB (of 30056 MiB total) is currently available.  OOM / swap-thrash under load is likely.  Fix: reduce storage_options.prefetch_window, or reduce DataLoader worker count, or move the S3 target off-node.
[WARNING] NPZReaderS3Iterable[thread=0] [resource-probe] RAM projection: prefetch=6 x dataloader_workers=4 x ranks_per_node=21 x record_length=139 MiB = 70463 MiB of in-flight buffer memory, but only 11723 MiB (of 30056 MiB total) is currently available.  OOM / swap-thrash under load is likely.  Fix: reduce storage_options.prefetch_window, or reduce DataLoader worker count, or move the S3 target off-node.
[WARNING] NPZReaderS3Iterable[thread=2] [resource-probe] RAM projection: prefetch=6 x dataloader_workers=4 x ranks_per_node=21 x record_length=139 MiB = 70463 MiB of in-flight buffer memory, but only 11723 MiB (of 30056 MiB total) is currently available.  OOM / swap-thrash under load is likely.  Fix: reduce storage_options.prefetch_window, or reduce DataLoader worker count, or move the S3 target off-node.
[WARNING] NPZReaderS3Iterable[thread=0] [resource-probe] RAM projection: prefetch=6 x dataloader_workers=4 x ranks_per_node=21 x record_length=139 MiB = 70463 MiB of in-flight buffer memory, but only 11787 MiB (of 30056 MiB total) is currently available.  OOM / swap-thrash under load is likely.  Fix: reduce storage_options.prefetch_window, or reduce DataLoader worker count, or move the S3 target off-node.
[WARNING] NPZReaderS3Iterable[thread=2] [resource-probe] RAM projection: prefetch=6 x dataloader_workers=4 x ranks_per_node=21 x record_length=139 MiB = 70463 MiB of in-flight buffer memory, but only 11787 MiB (of 30056 MiB total) is currently available.  OOM / swap-thrash under load is likely.  Fix: reduce storage_options.prefetch_window, or reduce DataLoader worker count, or move the S3 target off-node.
[WARNING] NPZReaderS3Iterable[thread=1] [resource-probe] RAM projection: prefetch=6 x dataloader_workers=4 x ranks_per_node=21 x record_length=139 MiB = 70463 MiB of in-flight buffer memory, but only 11787 MiB (of 30056 MiB total) is currently available.  OOM / swap-thrash under load is likely.  Fix: reduce storage_options.prefetch_window, or reduce DataLoader worker count, or move the S3 target off-node.
[WARNING] NPZReaderS3Iterable[thread=3] [resource-probe] RAM projection: prefetch=6 x dataloader_workers=4 x ranks_per_node=21 x record_length=139 MiB = 70463 MiB of in-flight buffer memory, but only 11787 MiB (of 30056 MiB total) is currently available.  OOM / swap-thrash under load is likely.  Fix: reduce storage_options.prefetch_window, or reduce DataLoader worker count, or move the S3 target off-node.
[WARNING] NPZReaderS3Iterable[thread=1] [resource-probe] RAM projection: prefetch=6 x dataloader_workers=4 x ranks_per_node=21 x record_length=139 MiB = 70463 MiB of in-flight buffer memory, but only 11755 MiB (of 30056 MiB total) is currently available.  OOM / swap-thrash under load is likely.  Fix: reduce storage_options.prefetch_window, or reduce DataLoader worker count, or move the S3 target off-node.
[WARNING] NPZReaderS3Iterable[thread=0] [resource-probe] RAM projection: prefetch=6 x dataloader_workers=4 x ranks_per_node=21 x record_length=139 MiB = 70463 MiB of in-flight buffer memory, but only 11755 MiB (of 30056 MiB total) is currently available.  OOM / swap-thrash under load is likely.  Fix: reduce storage_options.prefetch_window, or reduce DataLoader worker count, or move the S3 target off-node.
[WARNING] NPZReaderS3Iterable[thread=2] [resource-probe] RAM projection: prefetch=6 x dataloader_workers=4 x ranks_per_node=21 x record_length=139 MiB = 70463 MiB of in-flight buffer memory, but only 11755 MiB (of 30056 MiB total) is currently available.  OOM / swap-thrash under load is likely.  Fix: reduce storage_options.prefetch_window, or reduce DataLoader worker count, or move the S3 target off-node.
[WARNING] NPZReaderS3Iterable[thread=3] [resource-probe] RAM projection: prefetch=6 x dataloader_workers=4 x ranks_per_node=21 x record_length=139 MiB = 70463 MiB of in-flight buffer memory, but only 11755 MiB (of 30056 MiB total) is currently available.  OOM / swap-thrash under load is likely.  Fix: reduce storage_options.prefetch_window, or reduce DataLoader worker count, or move the S3 target off-node.
[WARNING] NPZReaderS3Iterable[thread=0] [resource-probe] RAM projection: prefetch=6 x dataloader_workers=4 x ranks_per_node=21 x record_length=139 MiB = 70463 MiB of in-flight buffer memory, but only 19798 MiB (of 30056 MiB total) is currently available.  OOM / swap-thrash under load is likely.  Fix: reduce storage_options.prefetch_window, or reduce DataLoader worker count, or move the S3 target off-node.
[WARNING] NPZReaderS3Iterable[thread=3] [resource-probe] RAM projection: prefetch=6 x dataloader_workers=4 x ranks_per_node=21 x record_length=139 MiB = 70463 MiB of in-flight buffer memory, but only 19798 MiB (of 30056 MiB total) is currently available.  OOM / swap-thrash under load is likely.  Fix: reduce storage_options.prefetch_window, or reduce DataLoader worker count, or move the S3 target off-node.
[WARNING] NPZReaderS3Iterable[thread=1] [resource-probe] RAM projection: prefetch=6 x dataloader_workers=4 x ranks_per_node=21 x record_length=139 MiB = 70463 MiB of in-flight buffer memory, but only 19798 MiB (of 30056 MiB total) is currently available.  OOM / swap-thrash under load is likely.  Fix: reduce storage_options.prefetch_window, or reduce DataLoader worker count, or move the S3 target off-node.
[WARNING] NPZReaderS3Iterable[thread=2] [resource-probe] RAM projection: prefetch=6 x dataloader_workers=4 x ranks_per_node=21 x record_length=139 MiB = 70463 MiB of in-flight buffer memory, but only 19798 MiB (of 30056 MiB total) is currently available.  OOM / swap-thrash under load is likely.  Fix: reduce storage_options.prefetch_window, or reduce DataLoader worker count, or move the S3 target off-node.
[WARNING] NPZReaderS3Iterable[thread=3] [resource-probe] RAM projection: prefetch=6 x dataloader_workers=4 x ranks_per_node=21 x record_length=139 MiB = 70463 MiB of in-flight buffer memory, but only 19816 MiB (of 30056 MiB total) is currently available.  OOM / swap-thrash under load is likely.  Fix: reduce storage_options.prefetch_window, or reduce DataLoader worker count, or move the S3 target off-node.
[WARNING] NPZReaderS3Iterable[thread=1] [resource-probe] RAM projection: prefetch=6 x dataloader_workers=4 x ranks_per_node=21 x record_length=139 MiB = 70463 MiB of in-flight buffer memory, but only 19816 MiB (of 30056 MiB total) is currently available.  OOM / swap-thrash under load is likely.  Fix: reduce storage_options.prefetch_window, or reduce DataLoader worker count, or move the S3 target off-node.
[WARNING] NPZReaderS3Iterable[thread=2] [resource-probe] RAM projection: prefetch=6 x dataloader_workers=4 x ranks_per_node=21 x record_length=139 MiB = 70463 MiB of in-flight buffer memory, but only 19816 MiB (of 30056 MiB total) is currently available.  OOM / swap-thrash under load is likely.  Fix: reduce storage_options.prefetch_window, or reduce DataLoader worker count, or move the S3 target off-node.
[WARNING] NPZReaderS3Iterable[thread=0] [resource-probe] RAM projection: prefetch=6 x dataloader_workers=4 x ranks_per_node=21 x record_length=139 MiB = 70463 MiB of in-flight buffer memory, but only 19816 MiB (of 30056 MiB total) is currently available.  OOM / swap-thrash under load is likely.  Fix: reduce storage_options.prefetch_window, or reduce DataLoader worker count, or move the S3 target off-node.
[WARNING] NPZReaderS3Iterable[thread=2] [resource-probe] RAM projection: prefetch=6 x dataloader_workers=4 x ranks_per_node=21 x record_length=139 MiB = 70463 MiB of in-flight buffer memory, but only 20026 MiB (of 30056 MiB total) is currently available.  OOM / swap-thrash under load is likely.  Fix: reduce storage_options.prefetch_window, or reduce DataLoader worker count, or move the S3 target off-node.
[WARNING] NPZReaderS3Iterable[thread=1] [resource-probe] RAM projection: prefetch=6 x dataloader_workers=4 x ranks_per_node=21 x record_length=139 MiB = 70463 MiB of in-flight buffer memory, but only 20026 MiB (of 30056 MiB total) is currently available.  OOM / swap-thrash under load is likely.  Fix: reduce storage_options.prefetch_window, or reduce DataLoader worker count, or move the S3 target off-node.
[WARNING] NPZReaderS3Iterable[thread=0] [resource-probe] RAM projection: prefetch=6 x dataloader_workers=4 x ranks_per_node=21 x record_length=139 MiB = 70463 MiB of in-flight buffer memory, but only 20026 MiB (of 30056 MiB total) is currently available.  OOM / swap-thrash under load is likely.  Fix: reduce storage_options.prefetch_window, or reduce DataLoader worker count, or move the S3 target off-node.
[WARNING] NPZReaderS3Iterable[thread=3] [resource-probe] RAM projection: prefetch=6 x dataloader_workers=4 x ranks_per_node=21 x record_length=139 MiB = 70463 MiB of in-flight buffer memory, but only 20026 MiB (of 30056 MiB total) is currently available.  OOM / swap-thrash under load is likely.  Fix: reduce storage_options.prefetch_window, or reduce DataLoader worker count, or move the S3 target off-node.
[WARNING] NPZReaderS3Iterable[thread=2] [resource-probe] RAM projection: prefetch=6 x dataloader_workers=4 x ranks_per_node=21 x record_length=139 MiB = 70463 MiB of in-flight buffer memory, but only 11723 MiB (of 30056 MiB total) is currently available.  OOM / swap-thrash under load is likely.  Fix: reduce storage_options.prefetch_window, or reduce DataLoader worker count, or move the S3 target off-node.
[WARNING] NPZReaderS3Iterable[thread=3] [resource-probe] RAM projection: prefetch=6 x dataloader_workers=4 x ranks_per_node=21 x record_length=139 MiB = 70463 MiB of in-flight buffer memory, but only 11723 MiB (of 30056 MiB total) is currently available.  OOM / swap-thrash under load is likely.  Fix: reduce storage_options.prefetch_window, or reduce DataLoader worker count, or move the S3 target off-node.
[WARNING] NPZReaderS3Iterable[thread=1] [resource-probe] RAM projection: prefetch=6 x dataloader_workers=4 x ranks_per_node=21 x record_length=139 MiB = 70463 MiB of in-flight buffer memory, but only 11723 MiB (of 30056 MiB total) is currently available.  OOM / swap-thrash under load is likely.  Fix: reduce storage_options.prefetch_window, or reduce DataLoader worker count, or move the S3 target off-node.
[WARNING] NPZReaderS3Iterable[thread=0] [resource-probe] RAM projection: prefetch=6 x dataloader_workers=4 x ranks_per_node=21 x record_length=139 MiB = 70463 MiB of in-flight buffer memory, but only 11723 MiB (of 30056 MiB total) is currently available.  OOM / swap-thrash under load is likely.  Fix: reduce storage_options.prefetch_window, or reduce DataLoader worker count, or move the S3 target off-node.
[WARNING] NPZReaderS3Iterable[thread=0] [resource-probe] RAM projection: prefetch=6 x dataloader_workers=4 x ranks_per_node=21 x record_length=139 MiB = 70463 MiB of in-flight buffer memory, but only 15613 MiB (of 30056 MiB total) is currently available.  OOM / swap-thrash under load is likely.  Fix: reduce storage_options.prefetch_window, or reduce DataLoader worker count, or move the S3 target off-node.
[WARNING] NPZReaderS3Iterable[thread=1] [resource-probe] RAM projection: prefetch=6 x dataloader_workers=4 x ranks_per_node=21 x record_length=139 MiB = 70463 MiB of in-flight buffer memory, but only 15613 MiB (of 30056 MiB total) is currently available.  OOM / swap-thrash under load is likely.  Fix: reduce storage_options.prefetch_window, or reduce DataLoader worker count, or move the S3 target off-node.
[WARNING] NPZReaderS3Iterable[thread=3] [resource-probe] RAM projection: prefetch=6 x dataloader_workers=4 x ranks_per_node=21 x record_length=139 MiB = 70463 MiB of in-flight buffer memory, but only 15613 MiB (of 30056 MiB total) is currently available.  OOM / swap-thrash under load is likely.  Fix: reduce storage_options.prefetch_window, or reduce DataLoader worker count, or move the S3 target off-node.
[WARNING] NPZReaderS3Iterable[thread=2] [resource-probe] RAM projection: prefetch=6 x dataloader_workers=4 x ranks_per_node=21 x record_length=139 MiB = 70463 MiB of in-flight buffer memory, but only 15613 MiB (of 30056 MiB total) is currently available.  OOM / swap-thrash under load is likely.  Fix: reduce storage_options.prefetch_window, or reduce DataLoader worker count, or move the S3 target off-node.
[WARNING] NPZReaderS3Iterable[thread=3] [resource-probe] RAM projection: prefetch=6 x dataloader_workers=4 x ranks_per_node=21 x record_length=139 MiB = 70463 MiB of in-flight buffer memory, but only 20180 MiB (of 30056 MiB total) is currently available.  OOM / swap-thrash under load is likely.  Fix: reduce storage_options.prefetch_window, or reduce DataLoader worker count, or move the S3 target off-node.
[WARNING] NPZReaderS3Iterable[thread=1] [resource-probe] RAM projection: prefetch=6 x dataloader_workers=4 x ranks_per_node=21 x record_length=139 MiB = 70463 MiB of in-flight buffer memory, but only 20180 MiB (of 30056 MiB total) is currently available.  OOM / swap-thrash under load is likely.  Fix: reduce storage_options.prefetch_window, or reduce DataLoader worker count, or move the S3 target off-node.
[WARNING] NPZReaderS3Iterable[thread=0] [resource-probe] RAM projection: prefetch=6 x dataloader_workers=4 x ranks_per_node=21 x record_length=139 MiB = 70463 MiB of in-flight buffer memory, but only 20180 MiB (of 30056 MiB total) is currently available.  OOM / swap-thrash under load is likely.  Fix: reduce storage_options.prefetch_window, or reduce DataLoader worker count, or move the S3 target off-node.
[WARNING] NPZReaderS3Iterable[thread=2] [resource-probe] RAM projection: prefetch=6 x dataloader_workers=4 x ranks_per_node=21 x record_length=139 MiB = 70463 MiB of in-flight buffer memory, but only 20180 MiB (of 30056 MiB total) is currently available.  OOM / swap-thrash under load is likely.  Fix: reduce storage_options.prefetch_window, or reduce DataLoader worker count, or move the S3 target off-node.
[WARNING] NPZReaderS3Iterable[thread=1] [resource-probe] RAM projection: prefetch=6 x dataloader_workers=4 x ranks_per_node=21 x record_length=139 MiB = 70463 MiB of in-flight buffer memory, but only 19601 MiB (of 30056 MiB total) is currently available.  OOM / swap-thrash under load is likely.  Fix: reduce storage_options.prefetch_window, or reduce DataLoader worker count, or move the S3 target off-node.
[WARNING] NPZReaderS3Iterable[thread=0] [resource-probe] RAM projection: prefetch=6 x dataloader_workers=4 x ranks_per_node=21 x record_length=139 MiB = 70463 MiB of in-flight buffer memory, but only 19601 MiB (of 30056 MiB total) is currently available.  OOM / swap-thrash under load is likely.  Fix: reduce storage_options.prefetch_window, or reduce DataLoader worker count, or move the S3 target off-node.
[WARNING] NPZReaderS3Iterable[thread=3] [resource-probe] RAM projection: prefetch=6 x dataloader_workers=4 x ranks_per_node=21 x record_length=139 MiB = 70463 MiB of in-flight buffer memory, but only 19601 MiB (of 30056 MiB total) is currently available.  OOM / swap-thrash under load is likely.  Fix: reduce storage_options.prefetch_window, or reduce DataLoader worker count, or move the S3 target off-node.
[WARNING] NPZReaderS3Iterable[thread=2] [resource-probe] RAM projection: prefetch=6 x dataloader_workers=4 x ranks_per_node=21 x record_length=139 MiB = 70463 MiB of in-flight buffer memory, but only 19601 MiB (of 30056 MiB total) is currently available.  OOM / swap-thrash under load is likely.  Fix: reduce storage_options.prefetch_window, or reduce DataLoader worker count, or move the S3 target off-node.
[WARNING] NPZReaderS3Iterable[thread=0] [resource-probe] RAM projection: prefetch=6 x dataloader_workers=4 x ranks_per_node=21 x record_length=139 MiB = 70463 MiB of in-flight buffer memory, but only 15879 MiB (of 30056 MiB total) is currently available.  OOM / swap-thrash under load is likely.  Fix: reduce storage_options.prefetch_window, or reduce DataLoader worker count, or move the S3 target off-node.
[WARNING] NPZReaderS3Iterable[thread=2] [resource-probe] RAM projection: prefetch=6 x dataloader_workers=4 x ranks_per_node=21 x record_length=139 MiB = 70463 MiB of in-flight buffer memory, but only 15879 MiB (of 30056 MiB total) is currently available.  OOM / swap-thrash under load is likely.  Fix: reduce storage_options.prefetch_window, or reduce DataLoader worker count, or move the S3 target off-node.
[WARNING] NPZReaderS3Iterable[thread=1] [resource-probe] RAM projection: prefetch=6 x dataloader_workers=4 x ranks_per_node=21 x record_length=139 MiB = 70463 MiB of in-flight buffer memory, but only 15879 MiB (of 30056 MiB total) is currently available.  OOM / swap-thrash under load is likely.  Fix: reduce storage_options.prefetch_window, or reduce DataLoader worker count, or move the S3 target off-node.
[WARNING] NPZReaderS3Iterable[thread=1] [resource-probe] RAM projection: prefetch=6 x dataloader_workers=4 x ranks_per_node=21 x record_length=139 MiB = 70463 MiB of in-flight buffer memory, but only 15944 MiB (of 30056 MiB total) is currently available.  OOM / swap-thrash under load is likely.  Fix: reduce storage_options.prefetch_window, or reduce DataLoader worker count, or move the S3 target off-node.
[WARNING] NPZReaderS3Iterable[thread=3] [resource-probe] RAM projection: prefetch=6 x dataloader_workers=4 x ranks_per_node=21 x record_length=139 MiB = 70463 MiB of in-flight buffer memory, but only 15944 MiB (of 30056 MiB total) is currently available.  OOM / swap-thrash under load is likely.  Fix: reduce storage_options.prefetch_window, or reduce DataLoader worker count, or move the S3 target off-node.
[WARNING] NPZReaderS3Iterable[thread=2] [resource-probe] RAM projection: prefetch=6 x dataloader_workers=4 x ranks_per_node=21 x record_length=139 MiB = 70463 MiB of in-flight buffer memory, but only 15944 MiB (of 30056 MiB total) is currently available.  OOM / swap-thrash under load is likely.  Fix: reduce storage_options.prefetch_window, or reduce DataLoader worker count, or move the S3 target off-node.
[WARNING] NPZReaderS3Iterable[thread=0] [resource-probe] RAM projection: prefetch=6 x dataloader_workers=4 x ranks_per_node=21 x record_length=139 MiB = 70463 MiB of in-flight buffer memory, but only 15944 MiB (of 30056 MiB total) is currently available.  OOM / swap-thrash under load is likely.  Fix: reduce storage_options.prefetch_window, or reduce DataLoader worker count, or move the S3 target off-node.
[WARNING] NPZReaderS3Iterable[thread=1] [resource-probe] RAM projection: prefetch=6 x dataloader_workers=4 x ranks_per_node=21 x record_length=139 MiB = 70463 MiB of in-flight buffer memory, but only 11730 MiB (of 30056 MiB total) is currently available.  OOM / swap-thrash under load is likely.  Fix: reduce storage_options.prefetch_window, or reduce DataLoader worker count, or move the S3 target off-node.
[WARNING] NPZReaderS3Iterable[thread=3] [resource-probe] RAM projection: prefetch=6 x dataloader_workers=4 x ranks_per_node=21 x record_length=139 MiB = 70463 MiB of in-flight buffer memory, but only 11730 MiB (of 30056 MiB total) is currently available.  OOM / swap-thrash under load is likely.  Fix: reduce storage_options.prefetch_window, or reduce DataLoader worker count, or move the S3 target off-node.
[WARNING] NPZReaderS3Iterable[thread=2] [resource-probe] RAM projection: prefetch=6 x dataloader_workers=4 x ranks_per_node=21 x record_length=139 MiB = 70463 MiB of in-flight buffer memory, but only 11730 MiB (of 30056 MiB total) is currently available.  OOM / swap-thrash under load is likely.  Fix: reduce storage_options.prefetch_window, or reduce DataLoader worker count, or move the S3 target off-node.
[WARNING] NPZReaderS3Iterable[thread=0] [resource-probe] RAM projection: prefetch=6 x dataloader_workers=4 x ranks_per_node=21 x record_length=139 MiB = 70463 MiB of in-flight buffer memory, but only 11730 MiB (of 30056 MiB total) is currently available.  OOM / swap-thrash under load is likely.  Fix: reduce storage_options.prefetch_window, or reduce DataLoader worker count, or move the S3 target off-node.
buffer memory, but only 20054 MiB (of 30056 MiB total) is currently available.  OOM / swap-thrash under load is likely.  Fix: reduce storage_options.prefetch_window, or reduce DataLoader worker count, or move the S3 target off-node.
[WARNING] NPZReaderS3Iterable[thread=3] [resource-probe] RAM projection: prefetch=6 x dataloader_workers=4 x ranks_per_node=21 x record_length=139 MiB = 70463 MiB of in-flight buffer memory, but only 20059 MiB (of 30056 MiB total) is currently available.  OOM / swap-thrash under load is likely.  Fix: reduce storage_options.prefetch_window, or reduce DataLoader worker count, or move the S3 target off-node.
[WARNING] NPZReaderS3Iterable[thread=0] [resource-probe] RAM projection: prefetch=6 x dataloader_workers=4 x ranks_per_node=21 x record_length=139 MiB = 70463 MiB of in-flight buffer memory, but only 20055 MiB (of 30056 MiB total) is currently available.  OOM / swap-thrash under load is likely.  Fix: reduce storage_options.prefetch_window, or reduce DataLoader worker count, or move the S3 target off-node.
[OUTPUT] 2026-07-14T17:59:36.975632 Worker pre-warm complete for epoch 6 (4 workers spawned)
[OUTPUT] 2026-07-14T17:59:37.279021 Saved outputs in /data/results-submission-final/closed/Nebius/results/nebius-s3-unet3d-21n/training/unet3d/run/20260714_175016
[OUTPUT] Averaged metric over all steps/epochs
[METRIC] ==========================================================
[METRIC] Number of Simulated Accelerators: 21 
[METRIC] Training Accelerator Utilization [AU] (%): 94.0816 (0.3485)
[METRIC] Training Throughput (samples/second): 852.8178 (3.1581)
[METRIC] Training I/O Throughput (MiB/second): 119231.8138 (441.5285)
[METRIC] train_au_meet_expectation: success
[METRIC] ==========================================================

[OUTPUT] 2026-07-14T17:59:37.320304 outputs saved in RANKID_output.json
B total) is currently available.  OOM / swap-thrash under load is likely.  Fix: reduce storage_options.prefetch_window, or reduce DataLoader worker count, or move the S3 target off-node.
[WARNING] NPZReaderS3Iterable[thread=3] [resource-probe] RAM projection: prefetch=6 x dataloader_workers=4 x ranks_per_node=21 x record_length=139 MiB = 70463 MiB of in-flight buffer memory, but only 19854 MiB (of 30056 MiB total) is currently available.  OOM / swap-thrash under load is likely.  Fix: reduce storage_options.prefetch_window, or reduce DataLoader worker count, or move the S3 target off-node.
[WARNING] NPZReaderS3Iterable[thread=0] [resource-probe] RAM projection: prefetch=6 x dataloader_workers=4 x ranks_per_node=21 x record_length=139 MiB = 70463 MiB of in-flight buffer memory, but only 19854 MiB (of 30056 MiB total) is currently available.  OOM / swap-thrash under load is likely.  Fix: reduce storage_options.prefetch_window, or reduce DataLoader worker count, or move the S3 target off-node.
[WARNING] NPZReaderS3Iterable[thread=3] [resource-probe] RAM projection: prefetch=6 x dataloader_workers=4 x ranks_per_node=21 x record_length=139 MiB = 70463 MiB of in-flight buffer memory, but only 19775 MiB (of 30056 MiB total) is currently available.  OOM / swap-thrash under load is likely.  Fix: reduce storage_options.prefetch_window, or reduce DataLoader worker count, or move the S3 target off-node.
[WARNING] NPZReaderS3Iterable[thread=2] [resource-probe] RAM projection: prefetch=6 x dataloader_workers=4 x ranks_per_node=21 x record_length=139 MiB = 70463 MiB of in-flight buffer memory, but only 19775 MiB (of 30056 MiB total) is currently available.  OOM / swap-thrash under load is likely.  Fix: reduce storage_options.prefetch_window, or reduce DataLoader worker count, or move the S3 target off-node.
[WARNING] NPZReaderS3Iterable[thread=0] [resource-probe] RAM projection: prefetch=6 x dataloader_workers=4 x ranks_per_node=21 x record_length=139 MiB = 70463 MiB of in-flight buffer memory, but only 19775 MiB (of 30056 MiB total) is currently available.  OOM / swap-thrash under load is likely.  Fix: reduce storage_options.prefetch_window, or reduce DataLoader worker count, or move the S3 target off-node.
[WARNING] NPZReaderS3Iterable[thread=1] [resource-probe] RAM projection: prefetch=6 x dataloader_workers=4 x ranks_per_node=21 x record_length=139 MiB = 70463 MiB of in-flight buffer memory, but only 20316 MiB (of 30056 MiB total) is currently available.  OOM / swap-thrash under load is likely.  Fix: reduce storage_options.prefetch_window, or reduce DataLoader worker count, or move the S3 target off-node.
[WARNING] NPZReaderS3Iterable[thread=3] [resource-probe] RAM projection: prefetch=6 x dataloader_workers=4 x ranks_per_node=21 x record_length=139 MiB = 70463 MiB of in-flight buffer memory, but only 20316 MiB (of 30056 MiB total) is currently available.  OOM / swap-thrash under load is likely.  Fix: reduce storage_options.prefetch_window, or reduce DataLoader worker count, or move the S3 target off-node.
[WARNING] NPZReaderS3Iterable[thread=0] [resource-probe] RAM projection: prefetch=6 x dataloader_workers=4 x ranks_per_node=21 x record_length=139 MiB = 70463 MiB of in-flight buffer memory, but only 20316 MiB (of 30056 MiB total) is currently available.  OOM / swap-thrash under load is likely.  Fix: reduce storage_options.prefetch_window, or reduce DataLoader worker count, or move the S3 target off-node.
[WARNING] NPZReaderS3Iterable[thread=2] [resource-probe] RAM projection: prefetch=6 x dataloader_workers=4 x ranks_per_node=21 x record_length=139 MiB = 70463 MiB of in-flight buffer memory, but only 20316 MiB (of 30056 MiB total) is currently available.  OOM / swap-thrash under load is likely.  Fix: reduce storage_options.prefetch_window, or reduce DataLoader worker count, or move the S3 target off-node.
[WARNING] NPZReaderS3Iterable[thread=2] [resource-probe] RAM projection: prefetch=6 x dataloader_workers=4 x ranks_per_node=21 x record_length=139 MiB = 70463 MiB of in-flight buffer memory, but only 15239 MiB (of 30056 MiB total) is currently available.  OOM / swap-thrash under load is likely.  Fix: reduce storage_options.prefetch_window, or reduce DataLoader worker count, or move the S3 target off-node.
[WARNING] NPZReaderS3Iterable[thread=3] [resource-probe] RAM projection: prefetch=6 x dataloader_workers=4 x ranks_per_node=21 x record_length=139 MiB = 70463 MiB of in-flight buffer memory, but only 15239 MiB (of 30056 MiB total) is currently available.  OOM / swap-thrash under load is likely.  Fix: reduce storage_options.prefetch_window, or reduce DataLoader worker count, or move the S3 target off-node.
[WARNING] NPZReaderS3Iterable[thread=0] [resource-probe] RAM projection: prefetch=6 x dataloader_workers=4 x ranks_per_node=21 x record_length=139 MiB = 70463 MiB of in-flight buffer memory, but only 15239 MiB (of 30056 MiB total) is currently available.  OOM / swap-thrash under load is likely.  Fix: reduce storage_options.prefetch_window, or reduce DataLoader worker count, or move the S3 target off-node.
[WARNING] NPZReaderS3Iterable[thread=1] [resource-probe] RAM projection: prefetch=6 x dataloader_workers=4 x ranks_per_node=21 x record_length=139 MiB = 70463 MiB of in-flight buffer memory, but only 15239 MiB (of 30056 MiB total) is currently available.  OOM / swap-thrash under load is likely.  Fix: reduce storage_options.prefetch_window, or reduce DataLoader worker count, or move the S3 target off-node.
[WARNING] NPZReaderS3Iterable[thread=1] [resource-probe] RAM projection: prefetch=6 x dataloader_workers=4 x ranks_per_node=21 x record_length=139 MiB = 70463 MiB of in-flight buffer memory, but only 19997 MiB (of 30056 MiB total) is currently available.  OOM / swap-thrash under load is likely.  Fix: reduce storage_options.prefetch_window, or reduce DataLoader worker count, or move the S3 target off-node.
[WARNING] NPZReaderS3Iterable[thread=2] [resource-probe] RAM projection: prefetch=6 x dataloader_workers=4 x ranks_per_node=21 x record_length=139 MiB = 70463 MiB of in-flight buffer memory, but only 19996 MiB (of 30056 MiB total) is currently available.  OOM / swap-thrash under load is likely.  Fix: reduce storage_options.prefetch_window, or reduce DataLoader worker count, or move the S3 target off-node.
[WARNING] NPZReaderS3Iterable[thread=0] [resource-probe] RAM projection: prefetch=6 x dataloader_workers=4 x ranks_per_node=21 x record_length=139 MiB = 70463 MiB of in-flight buffer memory, but only 19997 MiB (of 30056 MiB total) is currently available.  OOM / swap-thrash under load is likely.  Fix: reduce storage_options.prefetch_window, or reduce DataLoader worker count, or move the S3 target off-node.
[WARNING] NPZReaderS3Iterable[thread=3] [resource-probe] RAM projection: prefetch=6 x dataloader_workers=4 x ranks_per_node=21 x record_length=139 MiB = 70463 MiB of in-flight buffer memory, but only 19996 MiB (of 30056 MiB total) is currently available.  OOM / swap-thrash under load is likely.  Fix: reduce storage_options.prefetch_window, or reduce DataLoader worker count, or move the S3 target off-node.
[WARNING] NPZReaderS3Iterable[thread=1] [resource-probe] RAM projection: prefetch=6 x dataloader_workers=4 x ranks_per_node=21 x record_length=139 MiB = 70463 MiB of in-flight buffer memory, but only 19682 MiB (of 30056 MiB total) is currently available.  OOM / swap-thrash under load is likely.  Fix: reduce storage_options.prefetch_window, or reduce DataLoader worker count, or move the S3 target off-node.
[WARNING] NPZReaderS3Iterable[thread=3] [resource-probe] RAM projection: prefetch=6 x dataloader_workers=4 x ranks_per_node=21 x record_length=139 MiB = 70463 MiB of in-flight buffer memory, but only 19682 MiB (of 30056 MiB total) is currently available.  OOM / swap-thrash under load is likely.  Fix: reduce storage_options.prefetch_window, or reduce DataLoader worker count, or move the S3 target off-node.
[WARNING] NPZReaderS3Iterable[thread=2] [resource-probe] RAM projection: prefetch=6 x dataloader_workers=4 x ranks_per_node=21 x record_length=139 MiB = 70463 MiB of in-flight buffer memory, but only 19682 MiB (of 30056 MiB total) is currently available.  OOM / swap-thrash under load is likely.  Fix: reduce storage_options.prefetch_window, or reduce DataLoader worker count, or move the S3 target off-node.
[WARNING] NPZReaderS3Iterable[thread=0] [resource-probe] RAM projection: prefetch=6 x dataloader_workers=4 x ranks_per_node=21 x record_length=139 MiB = 70463 MiB of in-flight buffer memory, but only 19335 MiB (of 30056 MiB total) is currently available.  OOM / swap-thrash under load is likely.  Fix: reduce storage_options.prefetch_window, or reduce DataLoader worker count, or move the S3 target off-node.
[WARNING] NPZReaderS3Iterable[thread=3] [resource-probe] RAM projection: prefetch=6 x dataloader_workers=4 x ranks_per_node=21 x record_length=139 MiB = 70463 MiB of in-flight buffer memory, but only 19335 MiB (of 30056 MiB total) is currently available.  OOM / swap-thrash under load is likely.  Fix: reduce storage_options.prefetch_window, or reduce DataLoader worker count, or move the S3 target off-node.
[WARNING] NPZReaderS3Iterable[thread=1] [resource-probe] RAM projection: prefetch=6 x dataloader_workers=4 x ranks_per_node=21 x record_length=139 MiB = 70463 MiB of in-flight buffer memory, but only 19335 MiB (of 30056 MiB total) is currently available.  OOM / swap-thrash under load is likely.  Fix: reduce storage_options.prefetch_window, or reduce DataLoader worker count, or move the S3 target off-node.
[WARNING] NPZReaderS3Iterable[thread=2] [resource-probe] RAM projection: prefetch=6 x dataloader_workers=4 x ranks_per_node=21 x record_length=139 MiB = 70463 MiB of in-flight buffer memory, but only 19335 MiB (of 30056 MiB total) is currently available.  OOM / swap-thrash under load is likely.  Fix: reduce storage_options.prefetch_window, or reduce DataLoader worker count, or move the S3 target off-node.
[WARNING] NPZReaderS3Iterable[thread=0] [resource-probe] RAM projection: prefetch=6 x dataloader_workers=4 x ranks_per_node=21 x record_length=139 MiB = 70463 MiB of in-flight buffer memory, but only 19753 MiB (of 30056 MiB total) is currently available.  OOM / swap-thrash under load is likely.  Fix: reduce storage_options.prefetch_window, or reduce DataLoader worker count, or move the S3 target off-node.
[WARNING] NPZReaderS3Iterable[thread=3] [resource-probe] RAM projection: prefetch=6 x dataloader_workers=4 x ranks_per_node=21 x record_length=139 MiB = 70463 MiB of in-flight buffer memory, but only 19753 MiB (of 30056 MiB total) is currently available.  OOM / swap-thrash under load is likely.  Fix: reduce storage_options.prefetch_window, or reduce DataLoader worker count, or move the S3 target off-node.
[WARNING] NPZReaderS3Iterable[thread=1] [resource-probe] RAM projection: prefetch=6 x dataloader_workers=4 x ranks_per_node=21 x record_length=139 MiB = 70463 MiB of in-flight buffer memory, but only 19753 MiB (of 30056 MiB total) is currently available.  OOM / swap-thrash under load is likely.  Fix: reduce storage_options.prefetch_window, or reduce DataLoader worker count, or move the S3 target off-node.
[WARNING] NPZReaderS3Iterable[thread=2] [resource-probe] RAM projection: prefetch=6 x dataloader_workers=4 x ranks_per_node=21 x record_length=139 MiB = 70463 MiB of in-flight buffer memory, but only 19753 MiB (of 30056 MiB total) is currently available.  OOM / swap-thrash under load is likely.  Fix: reduce storage_options.prefetch_window, or reduce DataLoader worker count, or move the S3 target off-node.
