[OUTPUT] [DEBUG DLIOBenchmark.__init__] After LoadConfig:
[OUTPUT]   storage_type   = <StorageType.S3: 's3'>
[OUTPUT]   storage_root   = 'mlp-unet3d'
[OUTPUT]   storage_options= {'storage_library': 's3dlio', 'uri_scheme': 's3', 'access_key_id': 'ais', 'secret_access_key': 'ais', 'endpoint_url': 'http://10.49.42.215:51080/s3/', 'region': 'us-east-1'}
[OUTPUT]   data_folder    = 'data/u20-12n/unet3d'
[OUTPUT]   framework      = <FrameworkType.PYTORCH: 'pytorch'>
[OUTPUT]   num_files_train= 1110000
[OUTPUT]   record_length  = 146600628
[OUTPUT]   generate_data  = False
[OUTPUT]   do_train       = True
[OUTPUT]   do_checkpoint  = False
[OUTPUT]   epochs         = 5
[OUTPUT]   batch_size     = 7
[OUTPUT] 2026-07-14T08:29:50.419751 Running DLIO [Training] with 20 process(es)
[OUTPUT] 2026-07-14T08:29:50.568940 skip_listing [train]: validating 1,111 of 1,110,000 files (first, last, every 1,000) via HEAD requests ...
[OUTPUT] 2026-07-14T08:29:50.679249 skip_listing [train]:   111/1,111 checked (10%)  —  1009 checks/s  —  ETA 1s  —  0 failed so far
[OUTPUT] 2026-07-14T08:29:50.742209 skip_listing [train]:   222/1,111 checked (20%)  —  1283 checks/s  —  ETA 1s  —  0 failed so far
[OUTPUT] 2026-07-14T08:29:50.808591 skip_listing [train]:   333/1,111 checked (30%)  —  1391 checks/s  —  ETA 1s  —  0 failed so far
[OUTPUT] 2026-07-14T08:29:50.878065 skip_listing [train]:   444/1,111 checked (40%)  —  1437 checks/s  —  ETA 0s  —  0 failed so far
[OUTPUT] 2026-07-14T08:29:50.945674 skip_listing [train]:   555/1,111 checked (50%)  —  1474 checks/s  —  ETA 0s  —  0 failed so far
[OUTPUT] 2026-07-14T08:29:51.012542 skip_listing [train]:   666/1,111 checked (60%)  —  1502 checks/s  —  ETA 0s  —  0 failed so far
[OUTPUT] 2026-07-14T08:29:51.078483 skip_listing [train]:   777/1,111 checked (70%)  —  1526 checks/s  —  ETA 0s  —  0 failed so far
[OUTPUT] 2026-07-14T08:29:51.144086 skip_listing [train]:   888/1,111 checked (80%)  —  1545 checks/s  —  ETA 0s  —  0 failed so far
[OUTPUT] 2026-07-14T08:29:51.210067 skip_listing [train]:   999/1,111 checked (90%)  —  1559 checks/s  —  ETA 0s  —  0 failed so far
[OUTPUT] 2026-07-14T08:29:51.276749 skip_listing [train]:   1,110/1,111 checked (100%)  —  1569 checks/s  —  ETA 0s  —  0 failed so far
[OUTPUT] 2026-07-14T08:29:51.276885 skip_listing [train]: validation complete — all 1,111 samples exist (0.7s, 1570 checks/s); 55,500 URIs ready for rank 0 (1,110,000 total across all ranks)
[OUTPUT] 2026-07-14T08:29:51.277262 File listing [train]: 1110000 files discovered, 55500 assigned to rank 0, completed in 0.80s
[OUTPUT] 2026-07-14T08:29:51.277310 skip_listing [valid]: generated 0 file URIs deterministically (0 total — validation disabled)
[OUTPUT] 2026-07-14T08:29:51.277337 File listing [valid]: 0 files discovered, 0 assigned to rank 0, completed in 0.00s
[OUTPUT] 2026-07-14T08:29:51.277356 Streamed file sharding: 1110000 train files across 20 ranks via round-robin (rank 0 shard: 55500 files)
[OUTPUT] 2026-07-14T08:29:52.176231 Max steps per epoch per rank: 158571 = 1 * 1110000 / 7 (samples per file * local files / batch size)
[OUTPUT] 2026-07-14T08:29:52.213461 Reshard for epoch 1: 55500 train files, 0 eval files redistributed via alltoall in 0.04s
[OUTPUT] 2026-07-14T08:30:01.616341 Worker pre-warm complete (4 workers spawned)
[OUTPUT] 2026-07-14T08:30:03.208857 Starting epoch 1: 7928 steps expected
[OUTPUT] 2026-07-14T08:30:03.209827 Starting block 1
[OUTPUT] 2026-07-14T08:51:55.845656 Ending block 1 - 7928 steps completed in 1312.64 s
[OUTPUT] 2026-07-14T08:51:55.854419 Epoch 1 - Block 1 [Training] Accelerator Utilization [AU] (%): 98.1179
[OUTPUT] 2026-07-14T08:51:55.854461 Epoch 1 - Block 1 [Training] Throughput (samples/second): 847.4501
[OUTPUT] 2026-07-14T08:51:55.857548 Epoch 1 - Block 1 [Training] Computation time per step (second): 0.1621+/-0.0000 (set value: {'mean': 0.162})
[OUTPUT] 2026-07-14T08:51:55.858402 Ending epoch 1 - 7928 steps completed in 1312.65 s
[OUTPUT] 2026-07-14T08:51:55.887238 Reshard for epoch 2: 55500 train files, 0 eval files redistributed via alltoall in 0.03s
[OUTPUT] 2026-07-14T08:51:59.356236 Worker pre-warm complete for epoch 2 (4 workers spawned)
[OUTPUT] 2026-07-14T08:52:00.298020 Starting epoch 2: 7928 steps expected
[OUTPUT] 2026-07-14T08:52:00.298414 Starting block 1
[OUTPUT] 2026-07-14T09:13:50.621766 Ending block 1 - 7928 steps completed in 1310.32 s
[OUTPUT] 2026-07-14T09:13:50.623308 Epoch 2 - Block 1 [Training] Accelerator Utilization [AU] (%): 98.3412
[OUTPUT] 2026-07-14T09:13:50.623344 Epoch 2 - Block 1 [Training] Throughput (samples/second): 849.3535
[OUTPUT] 2026-07-14T09:13:50.623965 Epoch 2 - Block 1 [Training] Computation time per step (second): 0.1621+/-0.0000 (set value: {'mean': 0.162})
[OUTPUT] 2026-07-14T09:13:50.624847 Ending epoch 2 - 7928 steps completed in 1310.33 s
[OUTPUT] 2026-07-14T09:13:50.653375 Reshard for epoch 3: 55500 train files, 0 eval files redistributed via alltoall in 0.03s
[OUTPUT] 2026-07-14T09:13:54.104856 Worker pre-warm complete for epoch 3 (4 workers spawned)
[OUTPUT] 2026-07-14T09:13:54.963975 Starting epoch 3: 7928 steps expected
[OUTPUT] 2026-07-14T09:13:54.964351 Starting block 1
[OUTPUT] 2026-07-14T09:35:50.124927 Ending block 1 - 7928 steps completed in 1315.16 s
[OUTPUT] 2026-07-14T09:35:50.127064 Epoch 3 - Block 1 [Training] Accelerator Utilization [AU] (%): 97.9424
[OUTPUT] 2026-07-14T09:35:50.127104 Epoch 3 - Block 1 [Training] Throughput (samples/second): 845.9188
[OUTPUT] 2026-07-14T09:35:50.127720 Epoch 3 - Block 1 [Training] Computation time per step (second): 0.1621+/-0.0000 (set value: {'mean': 0.162})
[OUTPUT] 2026-07-14T09:35:50.128880 Ending epoch 3 - 7928 steps completed in 1315.16 s
[OUTPUT] 2026-07-14T09:35:50.155914 Reshard for epoch 4: 55500 train files, 0 eval files redistributed via alltoall in 0.03s
[OUTPUT] 2026-07-14T09:35:53.575923 Worker pre-warm complete for epoch 4 (4 workers spawned)
[OUTPUT] 2026-07-14T09:35:54.085346 Starting epoch 4: 7928 steps expected
[OUTPUT] 2026-07-14T09:35:54.086231 Starting block 1
[OUTPUT] 2026-07-14T09:57:46.875571 Ending block 1 - 7928 steps completed in 1312.79 s
[OUTPUT] 2026-07-14T09:57:46.877107 Epoch 4 - Block 1 [Training] Accelerator Utilization [AU] (%): 98.1586
[OUTPUT] 2026-07-14T09:57:46.877142 Epoch 4 - Block 1 [Training] Throughput (samples/second): 847.7731
[OUTPUT] 2026-07-14T09:57:46.877748 Epoch 4 - Block 1 [Training] Computation time per step (second): 0.1621+/-0.0000 (set value: {'mean': 0.162})
[OUTPUT] 2026-07-14T09:57:46.878629 Ending epoch 4 - 7928 steps completed in 1312.79 s
[OUTPUT] 2026-07-14T09:57:46.904758 Reshard for epoch 5: 55500 train files, 0 eval files redistributed via alltoall in 0.03s
[OUTPUT] 2026-07-14T09:57:50.041487 Worker pre-warm complete for epoch 5 (4 workers spawned)
[OUTPUT] 2026-07-14T09:57:50.871673 Starting epoch 5: 7928 steps expected
[OUTPUT] 2026-07-14T09:57:50.872033 Starting block 1
[OUTPUT] 2026-07-14T10:19:46.355882 Ending block 1 - 7928 steps completed in 1315.48 s
[OUTPUT] 2026-07-14T10:19:46.358054 Epoch 5 - Block 1 [Training] Accelerator Utilization [AU] (%): 97.8927
[OUTPUT] 2026-07-14T10:19:46.358093 Epoch 5 - Block 1 [Training] Throughput (samples/second): 845.4992
[OUTPUT] 2026-07-14T10:19:46.358700 Epoch 5 - Block 1 [Training] Computation time per step (second): 0.1621+/-0.0000 (set value: {'mean': 0.162})
[OUTPUT] 2026-07-14T10:19:46.359500 Ending epoch 5 - 7928 steps completed in 1315.49 s
[OUTPUT] 2026-07-14T10:19:46.385031 Reshard for epoch 6: 55500 train files, 0 eval files redistributed via alltoall in 0.02s
[OUTPUT] 2026-07-14T10:19:49.163482 Worker pre-warm complete for epoch 6 (4 workers spawned)
[OUTPUT] 2026-07-14T10:19:50.193273 Saved outputs in /home/opc/mlps-12n20-unet-submission/closed/nvidia/results/aistore-12n-oci-bm-denseio-e5-128-20client/training/unet3d/run/20260714_082928
[OUTPUT] Averaged metric over all steps/epochs
[METRIC] ==========================================================
[METRIC] Number of Simulated Accelerators: 20 
[METRIC] Training Accelerator Utilization [AU] (%): 98.1103 (0.1412)
[METRIC] Training Throughput (samples/second): 847.3634 (1.2193)
[METRIC] Training I/O Throughput (MiB/second): 118469.2432 (170.4658)
[METRIC] train_au_meet_expectation: success
[METRIC] ==========================================================

[OUTPUT] 2026-07-14T10:19:50.276715 outputs saved in RANKID_output.json
