[OUTPUT] [DEBUG DLIOBenchmark.__init__] After LoadConfig:
[OUTPUT]   storage_type   = <StorageType.LOCAL_FS: 'local_fs'>
[OUTPUT]   storage_root   = './'
[OUTPUT]   storage_options= None
[OUTPUT]   data_folder    = '/mnt/mlperf/data/zhaoxin_10client_0722_2/unet3d'
[OUTPUT]   framework      = <FrameworkType.PYTORCH: 'pytorch'>
[OUTPUT]   num_files_train= 280000
[OUTPUT]   record_length  = 146600628
[OUTPUT]   generate_data  = False
[OUTPUT]   do_train       = True
[OUTPUT]   do_checkpoint  = False
[OUTPUT]   epochs         = 5
[OUTPUT]   batch_size     = 7
[OUTPUT] 2026-07-22T17:48:15.425003 Running DLIO [Training] with 70 process(es)
[OUTPUT] 2026-07-22T17:48:15.527984 skip_listing [train]: validating 2,801 of 280,000 files (first, last, every 100) via HEAD requests ...
[OUTPUT] 2026-07-22T17:48:15.532824 skip_listing [train]:   280/2,801 checked (10%)  —  58980 checks/s  —  ETA 0s  —  0 failed so far
[OUTPUT] 2026-07-22T17:48:15.539867 skip_listing [train]:   560/2,801 checked (20%)  —  47496 checks/s  —  ETA 0s  —  0 failed so far
[OUTPUT] 2026-07-22T17:48:15.552610 skip_listing [train]:   840/2,801 checked (30%)  —  34239 checks/s  —  ETA 0s  —  0 failed so far
[OUTPUT] 2026-07-22T17:48:15.575486 skip_listing [train]:   1,120/2,801 checked (40%)  —  23624 checks/s  —  ETA 0s  —  0 failed so far
[OUTPUT] 2026-07-22T17:48:15.613615 skip_listing [train]:   1,400/2,801 checked (50%)  —  16367 checks/s  —  ETA 0s  —  0 failed so far
[OUTPUT] 2026-07-22T17:48:15.657653 skip_listing [train]:   1,680/2,801 checked (60%)  —  12965 checks/s  —  ETA 0s  —  0 failed so far
[OUTPUT] 2026-07-22T17:48:15.699705 skip_listing [train]:   1,960/2,801 checked (70%)  —  11420 checks/s  —  ETA 0s  —  0 failed so far
[OUTPUT] 2026-07-22T17:48:15.750059 skip_listing [train]:   2,240/2,801 checked (80%)  —  10091 checks/s  —  ETA 0s  —  0 failed so far
[OUTPUT] 2026-07-22T17:48:15.797107 skip_listing [train]:   2,520/2,801 checked (90%)  —  9367 checks/s  —  ETA 0s  —  0 failed so far
[OUTPUT] 2026-07-22T17:48:15.844320 skip_listing [train]:   2,800/2,801 checked (100%)  —  8854 checks/s  —  ETA 0s  —  0 failed so far
[OUTPUT] 2026-07-22T17:48:15.844339 skip_listing [train]: validation complete — all 2,801 samples exist (0.3s, 8857 checks/s); 4,000 URIs ready for rank 0 (280,000 total across all ranks)
[OUTPUT] 2026-07-22T17:48:15.844366 File listing [train]: 280000 files discovered, 4000 assigned to rank 0, completed in 0.32s
[OUTPUT] 2026-07-22T17:48:15.844383 skip_listing [valid]: generated 0 file URIs deterministically (0 total — validation disabled)
[OUTPUT] 2026-07-22T17:48:15.844397 File listing [valid]: 0 files discovered, 0 assigned to rank 0, completed in 0.00s
[OUTPUT] 2026-07-22T17:48:15.844408 Streamed file sharding: 280000 train files across 70 ranks via round-robin (rank 0 shard: 4000 files)
[OUTPUT] 2026-07-22T17:48:16.093792 Max steps per epoch per rank: 40000 = 1 * 280000 / 7 (samples per file * local files / batch size)
[OUTPUT] 2026-07-22T17:48:16.104549 Reshard for epoch 1: 4000 train files, 0 eval files redistributed via alltoall in 0.01s
[OUTPUT] 2026-07-22T17:48:18.019241 Worker pre-warm complete (8 workers spawned)
[OUTPUT] 2026-07-22T17:48:18.421925 Starting epoch 1: 571 steps expected
[OUTPUT] 2026-07-22T17:48:18.422296 Starting block 1
[OUTPUT] 2026-07-22T17:50:01.813251 Ending block 1 - 571 steps completed in 103.39 s
[OUTPUT] 2026-07-22T17:50:01.816624 Epoch 1 - Block 1 [Training] Accelerator Utilization [AU] (%): 90.6626
[OUTPUT] 2026-07-22T17:50:01.816670 Epoch 1 - Block 1 [Training] Throughput (samples/second): 2740.5728
[OUTPUT] 2026-07-22T17:50:01.817558 Epoch 1 - Block 1 [Training] Computation time per step (second): 0.1621+/-0.0000 (set value: {'mean': 0.162})
[OUTPUT] 2026-07-22T17:50:02.117835 Ending epoch 1 - 571 steps completed in 103.70 s
[OUTPUT] 2026-07-22T17:50:02.126969 Reshard for epoch 2: 4000 train files, 0 eval files redistributed via alltoall in 0.01s
[OUTPUT] 2026-07-22T17:50:03.910650 Worker pre-warm complete for epoch 2 (8 workers spawned)
[OUTPUT] 2026-07-22T17:50:04.497921 Starting epoch 2: 571 steps expected
[OUTPUT] 2026-07-22T17:50:04.498210 Starting block 1
[OUTPUT] 2026-07-22T17:51:47.820886 Ending block 1 - 571 steps completed in 103.32 s
[OUTPUT] 2026-07-22T17:51:47.822332 Epoch 2 - Block 1 [Training] Accelerator Utilization [AU] (%): 90.7945
[OUTPUT] 2026-07-22T17:51:47.822362 Epoch 2 - Block 1 [Training] Throughput (samples/second): 2744.5579
[OUTPUT] 2026-07-22T17:51:47.822486 Epoch 2 - Block 1 [Training] Computation time per step (second): 0.1621+/-0.0000 (set value: {'mean': 0.162})
[OUTPUT] 2026-07-22T17:51:48.125241 Ending epoch 2 - 571 steps completed in 103.63 s
[OUTPUT] 2026-07-22T17:51:48.137941 Reshard for epoch 3: 4000 train files, 0 eval files redistributed via alltoall in 0.01s
[OUTPUT] 2026-07-22T17:51:49.934234 Worker pre-warm complete for epoch 3 (8 workers spawned)
[OUTPUT] 2026-07-22T17:51:50.379515 Starting epoch 3: 571 steps expected
[OUTPUT] 2026-07-22T17:51:50.379725 Starting block 1
[OUTPUT] 2026-07-22T17:53:33.967697 Ending block 1 - 571 steps completed in 103.59 s
[OUTPUT] 2026-07-22T17:53:33.969113 Epoch 3 - Block 1 [Training] Accelerator Utilization [AU] (%): 90.6060
[OUTPUT] 2026-07-22T17:53:33.969139 Epoch 3 - Block 1 [Training] Throughput (samples/second): 2738.8287
[OUTPUT] 2026-07-22T17:53:33.969254 Epoch 3 - Block 1 [Training] Computation time per step (second): 0.1621+/-0.0000 (set value: {'mean': 0.162})
[OUTPUT] 2026-07-22T17:53:34.235641 Ending epoch 3 - 571 steps completed in 103.86 s
[OUTPUT] 2026-07-22T17:53:34.245878 Reshard for epoch 4: 4000 train files, 0 eval files redistributed via alltoall in 0.01s
[OUTPUT] 2026-07-22T17:53:35.879912 Worker pre-warm complete for epoch 4 (8 workers spawned)
[OUTPUT] 2026-07-22T17:53:36.371038 Starting epoch 4: 571 steps expected
[OUTPUT] 2026-07-22T17:53:36.371278 Starting block 1
[OUTPUT] 2026-07-22T17:55:19.860959 Ending block 1 - 571 steps completed in 103.49 s
[OUTPUT] 2026-07-22T17:55:19.862283 Epoch 4 - Block 1 [Training] Accelerator Utilization [AU] (%): 90.5918
[OUTPUT] 2026-07-22T17:55:19.862310 Epoch 4 - Block 1 [Training] Throughput (samples/second): 2738.4701
[OUTPUT] 2026-07-22T17:55:19.862423 Epoch 4 - Block 1 [Training] Computation time per step (second): 0.1621+/-0.0000 (set value: {'mean': 0.162})
[OUTPUT] 2026-07-22T17:55:20.173326 Ending epoch 4 - 571 steps completed in 103.80 s
[OUTPUT] 2026-07-22T17:55:20.181728 Reshard for epoch 5: 4000 train files, 0 eval files redistributed via alltoall in 0.01s
[OUTPUT] 2026-07-22T17:55:21.711720 Worker pre-warm complete for epoch 5 (8 workers spawned)
[OUTPUT] 2026-07-22T17:55:22.478631 Starting epoch 5: 571 steps expected
[OUTPUT] 2026-07-22T17:55:22.478924 Starting block 1
[OUTPUT] 2026-07-22T17:57:05.840644 Ending block 1 - 571 steps completed in 103.36 s
[OUTPUT] 2026-07-22T17:57:05.842109 Epoch 5 - Block 1 [Training] Accelerator Utilization [AU] (%): 90.8603
[OUTPUT] 2026-07-22T17:57:05.843062 Epoch 5 - Block 1 [Training] Throughput (samples/second): 2746.5291
[OUTPUT] 2026-07-22T17:57:05.843198 Epoch 5 - Block 1 [Training] Computation time per step (second): 0.1621+/-0.0000 (set value: {'mean': 0.162})
[OUTPUT] 2026-07-22T17:57:06.092220 Ending epoch 5 - 571 steps completed in 103.61 s
[OUTPUT] 2026-07-22T17:57:06.103508 Reshard for epoch 6: 4000 train files, 0 eval files redistributed via alltoall in 0.01s
[OUTPUT] 2026-07-22T17:57:07.869283 Worker pre-warm complete for epoch 6 (8 workers spawned)
[OUTPUT] 2026-07-22T17:57:08.433968 Saved outputs in /mnt/mlperf/result/zhaoxin_10client/closed/InspurData/results/InspurData_InDataOS_AS13000G7_KH-50000_10clients/training/unet3d/run/20260722_174746
[OUTPUT] Averaged metric over all steps/epochs
[METRIC] ==========================================================
[METRIC] Number of Simulated Accelerators: 70 
[METRIC] Training Accelerator Utilization [AU] (%): 90.6714 (0.0960)
[METRIC] Training Throughput (samples/second): 2740.6589 (2.8996)
[METRIC] Training I/O Throughput (MiB/second): 383169.4744 (405.3970)
[METRIC] train_au_meet_expectation: success
[METRIC] ==========================================================

[OUTPUT] 2026-07-22T17:57:08.603118 outputs saved in RANKID_output.json
