[OUTPUT] [DEBUG DLIOBenchmark.__init__] After LoadConfig:
[OUTPUT]   storage_type   = <StorageType.LOCAL_FS: 'local_fs'>
[OUTPUT]   storage_root   = './'
[OUTPUT]   storage_options= None
[OUTPUT]   data_folder    = '/mnt/pfs/unet3d'
[OUTPUT]   framework      = <FrameworkType.PYTORCH: 'pytorch'>
[OUTPUT]   num_files_train= 360000
[OUTPUT]   record_length  = 146600628
[OUTPUT]   generate_data  = False
[OUTPUT]   do_train       = True
[OUTPUT]   do_checkpoint  = False
[OUTPUT]   epochs         = 5
[OUTPUT]   batch_size     = 7
[OUTPUT] 2026-07-24T14:32:41.530784 Running DLIO [Training] with 99 process(es)
[OUTPUT] 2026-07-24T14:32:43.014241 File listing [train]: 420000 files discovered, 3636 assigned to rank 0, completed in 1.46s
[OUTPUT] 2026-07-24T14:32:43.014873 File listing [valid]: 0 files discovered, 0 assigned to rank 0, completed in 0.00s
[OUTPUT] 2026-07-24T14:32:43.014919 Streamed file sharding: 420000 train files across 99 ranks via round-robin (rank 0 shard: 3636 files)
[OUTPUT] 2026-07-24T14:32:44.638365 Max steps per epoch per rank: 51428 = 1 * 360000 / 7 (samples per file * local files / batch size)
[OUTPUT] 2026-07-24T14:32:44.818874 Reshard for epoch 1: 3636 train files, 0 eval files redistributed via alltoall in 0.18s
[OUTPUT] 2026-07-24T14:32:47.870607 Worker pre-warm complete (12 workers spawned)
[OUTPUT] 2026-07-24T14:32:48.048588 Starting epoch 1: 519 steps expected
[OUTPUT] 2026-07-24T14:32:48.048960 Starting block 1
[OUTPUT] 2026-07-24T14:34:19.812780 Ending block 1 - 519 steps completed in 91.76 s
[OUTPUT] 2026-07-24T14:34:19.816398 Epoch 1 - Block 1 [Training] Accelerator Utilization [AU] (%): 93.5378
[OUTPUT] 2026-07-24T14:34:19.816454 Epoch 1 - Block 1 [Training] Throughput (samples/second): 3999.4150
[OUTPUT] 2026-07-24T14:34:19.817641 Epoch 1 - Block 1 [Training] Computation time per step (second): 0.1621+/-0.0000 (set value: {'mean': 0.162})
[OUTPUT] 2026-07-24T14:34:19.928611 Ending epoch 1 - 519 steps completed in 91.88 s
[OUTPUT] 2026-07-24T14:34:19.989668 Reshard for epoch 2: 3636 train files, 0 eval files redistributed via alltoall in 0.06s
[OUTPUT] 2026-07-24T14:34:22.704491 Worker pre-warm complete for epoch 2 (12 workers spawned)
[OUTPUT] 2026-07-24T14:34:23.135587 Starting epoch 2: 519 steps expected
[OUTPUT] 2026-07-24T14:34:23.136076 Starting block 1
[OUTPUT] 2026-07-24T14:35:54.903713 Ending block 1 - 519 steps completed in 91.77 s
[OUTPUT] 2026-07-24T14:35:54.905742 Epoch 2 - Block 1 [Training] Accelerator Utilization [AU] (%): 93.9185
[OUTPUT] 2026-07-24T14:35:54.905789 Epoch 2 - Block 1 [Training] Throughput (samples/second): 4015.6832
[OUTPUT] 2026-07-24T14:35:54.906038 Epoch 2 - Block 1 [Training] Computation time per step (second): 0.1621+/-0.0000 (set value: {'mean': 0.162})
[OUTPUT] 2026-07-24T14:35:55.111201 Ending epoch 2 - 519 steps completed in 91.98 s
[OUTPUT] 2026-07-24T14:35:55.135574 Reshard for epoch 3: 3636 train files, 0 eval files redistributed via alltoall in 0.02s
[OUTPUT] 2026-07-24T14:35:57.930692 Worker pre-warm complete for epoch 3 (12 workers spawned)
[OUTPUT] 2026-07-24T14:35:58.366393 Starting epoch 3: 519 steps expected
[OUTPUT] 2026-07-24T14:35:58.366781 Starting block 1
[OUTPUT] 2026-07-24T14:37:30.184273 Ending block 1 - 519 steps completed in 91.82 s
[OUTPUT] 2026-07-24T14:37:30.186821 Epoch 3 - Block 1 [Training] Accelerator Utilization [AU] (%): 93.6599
[OUTPUT] 2026-07-24T14:37:30.186872 Epoch 3 - Block 1 [Training] Throughput (samples/second): 4004.6205
[OUTPUT] 2026-07-24T14:37:30.187136 Epoch 3 - Block 1 [Training] Computation time per step (second): 0.1621+/-0.0000 (set value: {'mean': 0.162})
[OUTPUT] 2026-07-24T14:37:30.526548 Ending epoch 3 - 519 steps completed in 92.16 s
[OUTPUT] 2026-07-24T14:37:30.545736 Reshard for epoch 4: 3636 train files, 0 eval files redistributed via alltoall in 0.02s
[OUTPUT] 2026-07-24T14:37:33.288363 Worker pre-warm complete for epoch 4 (12 workers spawned)
[OUTPUT] 2026-07-24T14:37:33.710785 Starting epoch 4: 519 steps expected
[OUTPUT] 2026-07-24T14:37:33.711209 Starting block 1
[OUTPUT] 2026-07-24T14:39:05.639955 Ending block 1 - 519 steps completed in 91.93 s
[OUTPUT] 2026-07-24T14:39:05.642252 Epoch 4 - Block 1 [Training] Accelerator Utilization [AU] (%): 93.3111
[OUTPUT] 2026-07-24T14:39:05.642309 Epoch 4 - Block 1 [Training] Throughput (samples/second): 3989.6817
[OUTPUT] 2026-07-24T14:39:05.642549 Epoch 4 - Block 1 [Training] Computation time per step (second): 0.1621+/-0.0000 (set value: {'mean': 0.162})
[OUTPUT] 2026-07-24T14:39:05.918148 Ending epoch 4 - 519 steps completed in 92.21 s
[OUTPUT] 2026-07-24T14:39:05.969079 Reshard for epoch 5: 3636 train files, 0 eval files redistributed via alltoall in 0.05s
[OUTPUT] 2026-07-24T14:39:08.829404 Worker pre-warm complete for epoch 5 (12 workers spawned)
[OUTPUT] 2026-07-24T14:39:09.229501 Starting epoch 5: 519 steps expected
[OUTPUT] 2026-07-24T14:39:09.229880 Starting block 1
[OUTPUT] 2026-07-24T14:40:41.404460 Ending block 1 - 519 steps completed in 92.17 s
[OUTPUT] 2026-07-24T14:40:41.406417 Epoch 5 - Block 1 [Training] Accelerator Utilization [AU] (%): 93.3140
[OUTPUT] 2026-07-24T14:40:41.406462 Epoch 5 - Block 1 [Training] Throughput (samples/second): 3989.8357
[OUTPUT] 2026-07-24T14:40:41.406686 Epoch 5 - Block 1 [Training] Computation time per step (second): 0.1621+/-0.0000 (set value: {'mean': 0.162})
[OUTPUT] 2026-07-24T14:40:41.455658 Ending epoch 5 - 519 steps completed in 92.23 s
[OUTPUT] 2026-07-24T14:40:41.479743 Reshard for epoch 6: 3636 train files, 0 eval files redistributed via alltoall in 0.02s
[OUTPUT] 2026-07-24T14:40:44.305083 Worker pre-warm complete for epoch 6 (12 workers spawned)
[OUTPUT] 2026-07-24T14:40:44.481065 Saved outputs in /home/mlperf/results/YanRongTech/closed/YanRongTech/results/YanRongTech_F9000X_9_Clients/training/unet3d/run/20260724_143214
[OUTPUT] Averaged metric over all steps/epochs
[METRIC] ==========================================================
[METRIC] Number of Simulated Accelerators: 99 
[METRIC] Training Accelerator Utilization [AU] (%): 93.6434 (0.1084)
[METRIC] Training Throughput (samples/second): 4003.9909 (4.6352)
[METRIC] Training I/O Throughput (MiB/second): 559794.9755 (648.0474)
[METRIC] train_au_meet_expectation: success
[METRIC] ==========================================================

[OUTPUT] 2026-07-24T14:40:44.504354 outputs saved in RANKID_output.json
