[OUTPUT] [DEBUG DLIOBenchmark.__init__] After LoadConfig:
[OUTPUT]   storage_type   = <StorageType.LOCAL_FS: 'local_fs'>
[OUTPUT]   storage_root   = './'
[OUTPUT]   storage_options= None
[OUTPUT]   data_folder    = '/mnt/mlp/retinanet_data/retinanet'
[OUTPUT]   framework      = <FrameworkType.PYTORCH: 'pytorch'>
[OUTPUT]   num_files_train= 17023000
[OUTPUT]   record_length  = 322957
[OUTPUT]   generate_data  = False
[OUTPUT]   do_train       = True
[OUTPUT]   do_checkpoint  = False
[OUTPUT]   epochs         = 8
[OUTPUT]   batch_size     = 24
[OUTPUT] 2026-07-14T03:57:22.603974 Running DLIO [Training] with 20 process(es)
[OUTPUT] 2026-07-14T03:57:25.030760 skip_listing [train]: validating 17,024 of 17,023,000 files (first, last, every 1,000) via HEAD requests ...
[OUTPUT] 2026-07-14T03:57:25.473657 skip_listing [train]:   500/17,024 checked (3%)  —  1130 checks/s  —  ETA 15s  —  0 failed so far
[OUTPUT] 2026-07-14T03:57:25.771947 skip_listing [train]:   1,000/17,024 checked (6%)  —  1350 checks/s  —  ETA 12s  —  0 failed so far
[OUTPUT] 2026-07-14T03:57:25.967889 skip_listing [train]:   1,500/17,024 checked (9%)  —  1601 checks/s  —  ETA 10s  —  0 failed so far
[OUTPUT] 2026-07-14T03:57:26.165681 skip_listing [train]:   2,000/17,024 checked (12%)  —  1763 checks/s  —  ETA 9s  —  0 failed so far
[OUTPUT] 2026-07-14T03:57:26.374995 skip_listing [train]:   2,500/17,024 checked (15%)  —  1860 checks/s  —  ETA 8s  —  0 failed so far
[OUTPUT] 2026-07-14T03:57:26.572179 skip_listing [train]:   3,000/17,024 checked (18%)  —  1947 checks/s  —  ETA 7s  —  0 failed so far
[OUTPUT] 2026-07-14T03:57:26.768800 skip_listing [train]:   3,500/17,024 checked (21%)  —  2014 checks/s  —  ETA 7s  —  0 failed so far
[OUTPUT] 2026-07-14T03:57:26.971157 skip_listing [train]:   4,000/17,024 checked (23%)  —  2062 checks/s  —  ETA 6s  —  0 failed so far
[OUTPUT] 2026-07-14T03:57:27.168295 skip_listing [train]:   4,500/17,024 checked (26%)  —  2105 checks/s  —  ETA 6s  —  0 failed so far
[OUTPUT] 2026-07-14T03:57:27.365291 skip_listing [train]:   5,000/17,024 checked (29%)  —  2142 checks/s  —  ETA 6s  —  0 failed so far
[OUTPUT] 2026-07-14T03:57:27.565573 skip_listing [train]:   5,500/17,024 checked (32%)  —  2170 checks/s  —  ETA 5s  —  0 failed so far
[OUTPUT] 2026-07-14T03:57:27.763699 skip_listing [train]:   6,000/17,024 checked (35%)  —  2196 checks/s  —  ETA 5s  —  0 failed so far
[OUTPUT] 2026-07-14T03:57:27.961708 skip_listing [train]:   6,500/17,024 checked (38%)  —  2218 checks/s  —  ETA 5s  —  0 failed so far
[OUTPUT] 2026-07-14T03:57:28.156096 skip_listing [train]:   7,000/17,024 checked (41%)  —  2240 checks/s  —  ETA 4s  —  0 failed so far
[OUTPUT] 2026-07-14T03:57:28.351029 skip_listing [train]:   7,500/17,024 checked (44%)  —  2259 checks/s  —  ETA 4s  —  0 failed so far
[OUTPUT] 2026-07-14T03:57:28.534443 skip_listing [train]:   8,000/17,024 checked (47%)  —  2283 checks/s  —  ETA 4s  —  0 failed so far
[OUTPUT] 2026-07-14T03:57:28.730019 skip_listing [train]:   8,500/17,024 checked (50%)  —  2298 checks/s  —  ETA 4s  —  0 failed so far
[OUTPUT] 2026-07-14T03:57:28.925199 skip_listing [train]:   9,000/17,024 checked (53%)  —  2311 checks/s  —  ETA 3s  —  0 failed so far
[OUTPUT] 2026-07-14T03:57:29.120079 skip_listing [train]:   9,500/17,024 checked (56%)  —  2323 checks/s  —  ETA 3s  —  0 failed so far
[OUTPUT] 2026-07-14T03:57:29.318046 skip_listing [train]:   10,000/17,024 checked (59%)  —  2333 checks/s  —  ETA 3s  —  0 failed so far
[OUTPUT] 2026-07-14T03:57:29.521295 skip_listing [train]:   10,500/17,024 checked (62%)  —  2338 checks/s  —  ETA 3s  —  0 failed so far
[OUTPUT] 2026-07-14T03:57:29.721727 skip_listing [train]:   11,000/17,024 checked (65%)  —  2345 checks/s  —  ETA 3s  —  0 failed so far
[OUTPUT] 2026-07-14T03:57:29.917381 skip_listing [train]:   11,500/17,024 checked (68%)  —  2353 checks/s  —  ETA 2s  —  0 failed so far
[OUTPUT] 2026-07-14T03:57:30.120530 skip_listing [train]:   12,000/17,024 checked (70%)  —  2358 checks/s  —  ETA 2s  —  0 failed so far
[OUTPUT] 2026-07-14T03:57:30.314825 skip_listing [train]:   12,500/17,024 checked (73%)  —  2366 checks/s  —  ETA 2s  —  0 failed so far
[OUTPUT] 2026-07-14T03:57:30.552012 skip_listing [train]:   13,000/17,024 checked (76%)  —  2355 checks/s  —  ETA 2s  —  0 failed so far
[OUTPUT] 2026-07-14T03:57:30.859039 skip_listing [train]:   13,500/17,024 checked (79%)  —  2316 checks/s  —  ETA 2s  —  0 failed so far
[OUTPUT] 2026-07-14T03:57:31.078589 skip_listing [train]:   14,000/17,024 checked (82%)  —  2315 checks/s  —  ETA 1s  —  0 failed so far
[OUTPUT] 2026-07-14T03:57:31.275467 skip_listing [train]:   14,500/17,024 checked (85%)  —  2322 checks/s  —  ETA 1s  —  0 failed so far
[OUTPUT] 2026-07-14T03:57:31.469529 skip_listing [train]:   15,000/17,024 checked (88%)  —  2330 checks/s  —  ETA 1s  —  0 failed so far
[OUTPUT] 2026-07-14T03:57:31.660237 skip_listing [train]:   15,500/17,024 checked (91%)  —  2338 checks/s  —  ETA 1s  —  0 failed so far
[OUTPUT] 2026-07-14T03:57:31.854825 skip_listing [train]:   16,000/17,024 checked (94%)  —  2345 checks/s  —  ETA 0s  —  0 failed so far
[OUTPUT] 2026-07-14T03:57:32.047532 skip_listing [train]:   16,500/17,024 checked (97%)  —  2352 checks/s  —  ETA 0s  —  0 failed so far
[OUTPUT] 2026-07-14T03:57:32.249308 skip_listing [train]:   17,000/17,024 checked (100%)  —  2355 checks/s  —  ETA 0s  —  0 failed so far
[OUTPUT] 2026-07-14T03:57:32.258809 skip_listing [train]: validation complete — all 17,024 samples exist (7.2s, 2355 checks/s); 851,150 URIs ready for rank 0 (17,023,000 total across all ranks)
[OUTPUT] 2026-07-14T03:57:32.296015 File listing [train]: 17023000 files discovered, 851150 assigned to rank 0, completed in 9.67s
[OUTPUT] 2026-07-14T03:57:32.296276 skip_listing [valid]: generated 0 file URIs deterministically (0 total — validation disabled)
[OUTPUT] 2026-07-14T03:57:32.296421 File listing [valid]: 0 files discovered, 0 assigned to rank 0, completed in 0.00s
[OUTPUT] 2026-07-14T03:57:32.296524 Streamed file sharding: 17023000 train files across 20 ranks via round-robin (rank 0 shard: 851150 files)
[OUTPUT] 2026-07-14T03:59:53.744058 Max steps per epoch per rank: 709291 = 1 * 17023000 / 24 (samples per file * local files / batch size)
[OUTPUT] 2026-07-14T03:59:54.564393 Reshard for epoch 1: 851150 train files, 0 eval files redistributed via alltoall in 0.82s
[OUTPUT] 2026-07-14T03:59:58.444938 Worker pre-warm complete (15 workers spawned)
[OUTPUT] 2026-07-14T03:59:58.660570 Starting epoch 1: 35464 steps expected
[OUTPUT] 2026-07-14T03:59:58.660903 Starting block 1
[OUTPUT] 2026-07-14T04:32:54.576260 Ending block 1 - 35464 steps completed in 1975.92 s
[OUTPUT] 2026-07-14T04:32:54.580261 Epoch 1 - Block 1 [Training] Accelerator Utilization [AU] (%): 85.5759
[OUTPUT] 2026-07-14T04:32:54.580315 Epoch 1 - Block 1 [Training] Throughput (samples/second): 8619.0302
[OUTPUT] 2026-07-14T04:32:54.583299 Epoch 1 - Block 1 [Training] Computation time per step (second): 0.0477+/-0.0000 (set value: {'mean': 0.04755})
[OUTPUT] 2026-07-14T04:32:54.592233 Ending epoch 1 - 35464 steps completed in 1975.93 s
[OUTPUT] 2026-07-14T04:32:55.559063 Reshard for epoch 2: 851150 train files, 0 eval files redistributed via alltoall in 0.97s
[OUTPUT] 2026-07-14T04:32:59.717295 Worker pre-warm complete for epoch 2 (15 workers spawned)
[OUTPUT] 2026-07-14T04:35:07.477249 Starting epoch 2: 35464 steps expected
[OUTPUT] 2026-07-14T04:35:07.478076 Starting block 1
[OUTPUT] 2026-07-14T05:08:03.529249 Ending block 1 - 35464 steps completed in 1976.05 s
[OUTPUT] 2026-07-14T05:08:03.531397 Epoch 2 - Block 1 [Training] Accelerator Utilization [AU] (%): 85.5713
[OUTPUT] 2026-07-14T05:08:03.531459 Epoch 2 - Block 1 [Training] Throughput (samples/second): 8618.4772
[OUTPUT] 2026-07-14T05:08:03.534084 Epoch 2 - Block 1 [Training] Computation time per step (second): 0.0477+/-0.0000 (set value: {'mean': 0.04755})
[OUTPUT] 2026-07-14T05:08:03.536443 Ending epoch 2 - 35464 steps completed in 1976.06 s
[OUTPUT] 2026-07-14T05:08:04.484227 Reshard for epoch 3: 851150 train files, 0 eval files redistributed via alltoall in 0.95s
[OUTPUT] 2026-07-14T05:08:08.773483 Worker pre-warm complete for epoch 3 (15 workers spawned)
[OUTPUT] 2026-07-14T05:10:22.346495 Starting epoch 3: 35464 steps expected
[OUTPUT] 2026-07-14T05:10:22.347229 Starting block 1
[OUTPUT] 2026-07-14T05:43:20.140904 Ending block 1 - 35464 steps completed in 1977.79 s
[OUTPUT] 2026-07-14T05:43:20.142859 Epoch 3 - Block 1 [Training] Accelerator Utilization [AU] (%): 85.4957
[OUTPUT] 2026-07-14T05:43:20.142909 Epoch 3 - Block 1 [Training] Throughput (samples/second): 8610.8884
[OUTPUT] 2026-07-14T05:43:20.145251 Epoch 3 - Block 1 [Training] Computation time per step (second): 0.0477+/-0.0000 (set value: {'mean': 0.04755})
[OUTPUT] 2026-07-14T05:43:20.159582 Ending epoch 3 - 35464 steps completed in 1977.81 s
[OUTPUT] 2026-07-14T05:43:21.137887 Reshard for epoch 4: 851150 train files, 0 eval files redistributed via alltoall in 0.98s
[OUTPUT] 2026-07-14T05:43:25.161559 Worker pre-warm complete for epoch 4 (15 workers spawned)
[OUTPUT] 2026-07-14T05:45:37.943071 Starting epoch 4: 35464 steps expected
[OUTPUT] 2026-07-14T05:45:37.943842 Starting block 1
[OUTPUT] 2026-07-14T06:18:36.020295 Ending block 1 - 35464 steps completed in 1978.08 s
[OUTPUT] 2026-07-14T06:18:36.022195 Epoch 4 - Block 1 [Training] Accelerator Utilization [AU] (%): 85.4925
[OUTPUT] 2026-07-14T06:18:36.022245 Epoch 4 - Block 1 [Training] Throughput (samples/second): 8610.5650
[OUTPUT] 2026-07-14T06:18:36.024609 Epoch 4 - Block 1 [Training] Computation time per step (second): 0.0477+/-0.0000 (set value: {'mean': 0.04755})
[OUTPUT] 2026-07-14T06:18:36.027557 Ending epoch 4 - 35464 steps completed in 1978.08 s
[OUTPUT] 2026-07-14T06:18:36.960359 Reshard for epoch 5: 851150 train files, 0 eval files redistributed via alltoall in 0.93s
[OUTPUT] 2026-07-14T06:18:41.207135 Worker pre-warm complete for epoch 5 (15 workers spawned)
[OUTPUT] 2026-07-14T06:21:02.515830 Starting epoch 5: 35464 steps expected
[OUTPUT] 2026-07-14T06:21:02.516211 Starting block 1
[OUTPUT] 2026-07-14T06:54:00.951133 Ending block 1 - 35464 steps completed in 1978.43 s
[OUTPUT] 2026-07-14T06:54:00.953051 Epoch 5 - Block 1 [Training] Accelerator Utilization [AU] (%): 85.4734
[OUTPUT] 2026-07-14T06:54:00.953101 Epoch 5 - Block 1 [Training] Throughput (samples/second): 8608.7378
[OUTPUT] 2026-07-14T06:54:00.955446 Epoch 5 - Block 1 [Training] Computation time per step (second): 0.0477+/-0.0000 (set value: {'mean': 0.04755})
[OUTPUT] 2026-07-14T06:54:00.966361 Ending epoch 5 - 35464 steps completed in 1978.45 s
[OUTPUT] 2026-07-14T06:54:01.950846 Reshard for epoch 6: 851150 train files, 0 eval files redistributed via alltoall in 0.98s
[OUTPUT] 2026-07-14T06:54:06.212807 Worker pre-warm complete for epoch 6 (15 workers spawned)
[OUTPUT] 2026-07-14T06:56:21.556854 Starting epoch 6: 35464 steps expected
[OUTPUT] 2026-07-14T06:56:21.558315 Starting block 1
[OUTPUT] 2026-07-14T07:29:17.697830 Ending block 1 - 35464 steps completed in 1976.14 s
[OUTPUT] 2026-07-14T07:29:17.700290 Epoch 6 - Block 1 [Training] Accelerator Utilization [AU] (%): 85.5618
[OUTPUT] 2026-07-14T07:29:17.700367 Epoch 6 - Block 1 [Training] Throughput (samples/second): 8617.7608
[OUTPUT] 2026-07-14T07:29:17.704191 Epoch 6 - Block 1 [Training] Computation time per step (second): 0.0477+/-0.0000 (set value: {'mean': 0.04755})
[OUTPUT] 2026-07-14T07:29:17.727667 Ending epoch 6 - 35464 steps completed in 1976.17 s
[OUTPUT] 2026-07-14T07:29:18.749361 Reshard for epoch 7: 851150 train files, 0 eval files redistributed via alltoall in 1.02s
[OUTPUT] 2026-07-14T07:29:23.033163 Worker pre-warm complete for epoch 7 (15 workers spawned)
[OUTPUT] 2026-07-14T07:31:45.223329 Starting epoch 7: 35464 steps expected
[OUTPUT] 2026-07-14T07:31:45.227660 Starting block 1
[OUTPUT] 2026-07-14T08:04:42.977675 Ending block 1 - 35464 steps completed in 1977.75 s
[OUTPUT] 2026-07-14T08:04:42.979956 Epoch 7 - Block 1 [Training] Accelerator Utilization [AU] (%): 85.4996
[OUTPUT] 2026-07-14T08:04:42.980015 Epoch 7 - Block 1 [Training] Throughput (samples/second): 8611.3962
[OUTPUT] 2026-07-14T08:04:42.982538 Epoch 7 - Block 1 [Training] Computation time per step (second): 0.0477+/-0.0000 (set value: {'mean': 0.04755})
[OUTPUT] 2026-07-14T08:04:42.984960 Ending epoch 7 - 35464 steps completed in 1977.76 s
[OUTPUT] 2026-07-14T08:04:43.981774 Reshard for epoch 8: 851150 train files, 0 eval files redistributed via alltoall in 1.00s
[OUTPUT] 2026-07-14T08:04:48.327158 Worker pre-warm complete for epoch 8 (15 workers spawned)
[OUTPUT] 2026-07-14T08:06:57.603343 Starting epoch 8: 35464 steps expected
[OUTPUT] 2026-07-14T08:06:57.604223 Starting block 1
[OUTPUT] 2026-07-14T08:39:54.861382 Ending block 1 - 35464 steps completed in 1977.26 s
[OUTPUT] 2026-07-14T08:39:54.864421 Epoch 8 - Block 1 [Training] Accelerator Utilization [AU] (%): 85.5170
[OUTPUT] 2026-07-14T08:39:54.864491 Epoch 8 - Block 1 [Training] Throughput (samples/second): 8613.1086
[OUTPUT] 2026-07-14T08:39:54.868533 Epoch 8 - Block 1 [Training] Computation time per step (second): 0.0477+/-0.0000 (set value: {'mean': 0.04755})
[OUTPUT] 2026-07-14T08:39:54.884494 Ending epoch 8 - 35464 steps completed in 1977.28 s
[OUTPUT] 2026-07-14T08:39:55.839734 Reshard for epoch 9: 851150 train files, 0 eval files redistributed via alltoall in 0.95s
[OUTPUT] 2026-07-14T08:40:00.111524 Worker pre-warm complete for epoch 9 (15 workers spawned)
[OUTPUT] 2026-07-14T08:40:00.178433 Saved outputs in /tmp/mlperf_storage_results_retinanet_b200_1t_20acc_15reader/closed/holmesai_limited/results/StorMeshAI/training/retinanet/run/20260714_035716
[OUTPUT] Averaged metric over all steps/epochs
[METRIC] ==========================================================
[METRIC] Number of Simulated Accelerators: 20 
[METRIC] Training Accelerator Utilization [AU] (%): 85.5393 (0.0351)
[METRIC] Training Throughput (samples/second): 8616.0096 (3.5600)
[METRIC] Training I/O Throughput (MiB/second): 2653.6947 (1.0965)
[METRIC] train_au_meet_expectation: success
[METRIC] ==========================================================

[OUTPUT] 2026-07-14T08:40:00.801939 outputs saved in RANKID_output.json
