[OUTPUT] [DEBUG DLIOBenchmark.__init__] After LoadConfig:
[OUTPUT]   storage_type   = <StorageType.LOCAL_FS: 'local_fs'>
[OUTPUT]   storage_root   = './'
[OUTPUT]   storage_options= None
[OUTPUT]   data_folder    = '/mnt/mlperf/data/i24_10client/unet3d'
[OUTPUT]   framework      = <FrameworkType.PYTORCH: 'pytorch'>
[OUTPUT]   num_files_train= 280000
[OUTPUT]   record_length  = 146600628
[OUTPUT]   generate_data  = False
[OUTPUT]   do_train       = True
[OUTPUT]   do_checkpoint  = False
[OUTPUT]   epochs         = 5
[OUTPUT]   batch_size     = 7
[OUTPUT] 2026-07-21T18:46:34.190039 Running DLIO [Training] with 50 process(es)
[OUTPUT] 2026-07-21T18:46:34.322993 skip_listing [train]: validating 2,801 of 280,000 files (first, last, every 100) via HEAD requests ...
[OUTPUT] 2026-07-21T18:46:34.383579 skip_listing [train]:   280/2,801 checked (10%)  —  4628 checks/s  —  ETA 1s  —  0 failed so far
[OUTPUT] 2026-07-21T18:46:34.396075 skip_listing [train]:   560/2,801 checked (20%)  —  7672 checks/s  —  ETA 0s  —  0 failed so far
[OUTPUT] 2026-07-21T18:46:34.466028 skip_listing [train]:   840/2,801 checked (30%)  —  5876 checks/s  —  ETA 0s  —  0 failed so far
[OUTPUT] 2026-07-21T18:46:34.623447 skip_listing [train]:   1,120/2,801 checked (40%)  —  3729 checks/s  —  ETA 0s  —  0 failed so far
[OUTPUT] 2026-07-21T18:46:34.795342 skip_listing [train]:   1,400/2,801 checked (50%)  —  2964 checks/s  —  ETA 0s  —  0 failed so far
[OUTPUT] 2026-07-21T18:46:35.018211 skip_listing [train]:   1,680/2,801 checked (60%)  —  2417 checks/s  —  ETA 0s  —  0 failed so far
[OUTPUT] 2026-07-21T18:46:35.261303 skip_listing [train]:   1,960/2,801 checked (70%)  —  2089 checks/s  —  ETA 0s  —  0 failed so far
[OUTPUT] 2026-07-21T18:46:35.509119 skip_listing [train]:   2,240/2,801 checked (80%)  —  1889 checks/s  —  ETA 0s  —  0 failed so far
[OUTPUT] 2026-07-21T18:46:35.712165 skip_listing [train]:   2,520/2,801 checked (90%)  —  1814 checks/s  —  ETA 0s  —  0 failed so far
[OUTPUT] 2026-07-21T18:46:35.807258 skip_listing [train]:   2,800/2,801 checked (100%)  —  1887 checks/s  —  ETA 0s  —  0 failed so far
[OUTPUT] 2026-07-21T18:46:35.807359 skip_listing [train]: validation complete — all 2,801 samples exist (1.5s, 1887 checks/s); 5,600 URIs ready for rank 0 (280,000 total across all ranks)
[OUTPUT] 2026-07-21T18:46:35.807451 File listing [train]: 280000 files discovered, 5600 assigned to rank 0, completed in 1.49s
[OUTPUT] 2026-07-21T18:46:35.807508 skip_listing [valid]: generated 0 file URIs deterministically (0 total — validation disabled)
[OUTPUT] 2026-07-21T18:46:35.807546 File listing [valid]: 0 files discovered, 0 assigned to rank 0, completed in 0.00s
[OUTPUT] 2026-07-21T18:46:35.807579 Streamed file sharding: 280000 train files across 50 ranks via round-robin (rank 0 shard: 5600 files)
[OUTPUT] 2026-07-21T18:46:36.387182 Max steps per epoch per rank: 40000 = 1 * 280000 / 7 (samples per file * local files / batch size)
[OUTPUT] 2026-07-21T18:46:36.496090 Reshard for epoch 1: 5600 train files, 0 eval files redistributed via alltoall in 0.11s
[OUTPUT] 2026-07-21T18:46:37.793579 Worker pre-warm complete (6 workers spawned)
[OUTPUT] 2026-07-21T18:46:38.335548 Starting epoch 1: 800 steps expected
[OUTPUT] 2026-07-21T18:46:38.335774 Starting block 1
[OUTPUT] 2026-07-21T18:49:03.301745 Ending block 1 - 800 steps completed in 144.97 s
[OUTPUT] 2026-07-21T18:49:03.303919 Epoch 1 - Block 1 [Training] Accelerator Utilization [AU] (%): 90.0329
[OUTPUT] 2026-07-21T18:49:03.303947 Epoch 1 - Block 1 [Training] Throughput (samples/second): 1943.9535
[OUTPUT] 2026-07-21T18:49:03.304782 Epoch 1 - Block 1 [Training] Computation time per step (second): 0.1621+/-0.0000 (set value: {'mean': 0.162})
[OUTPUT] 2026-07-21T18:49:03.466197 Ending epoch 1 - 800 steps completed in 145.13 s
[OUTPUT] 2026-07-21T18:49:03.532018 Reshard for epoch 2: 5600 train files, 0 eval files redistributed via alltoall in 0.07s
[OUTPUT] 2026-07-21T18:49:04.817085 Worker pre-warm complete for epoch 2 (6 workers spawned)
[OUTPUT] 2026-07-21T18:49:05.092807 Starting epoch 2: 800 steps expected
[OUTPUT] 2026-07-21T18:49:05.092976 Starting block 1
[OUTPUT] 2026-07-21T18:51:27.491110 Ending block 1 - 800 steps completed in 142.40 s
[OUTPUT] 2026-07-21T18:51:27.492514 Epoch 2 - Block 1 [Training] Accelerator Utilization [AU] (%): 91.8007
[OUTPUT] 2026-07-21T18:51:27.492539 Epoch 2 - Block 1 [Training] Throughput (samples/second): 1982.1273
[OUTPUT] 2026-07-21T18:51:27.492667 Epoch 2 - Block 1 [Training] Computation time per step (second): 0.1621+/-0.0000 (set value: {'mean': 0.162})
[OUTPUT] 2026-07-21T18:51:27.709403 Ending epoch 2 - 800 steps completed in 142.62 s
[OUTPUT] 2026-07-21T18:51:27.772285 Reshard for epoch 3: 5600 train files, 0 eval files redistributed via alltoall in 0.06s
[OUTPUT] 2026-07-21T18:51:29.002892 Worker pre-warm complete for epoch 3 (6 workers spawned)
[OUTPUT] 2026-07-21T18:51:29.207993 Starting epoch 3: 800 steps expected
[OUTPUT] 2026-07-21T18:51:29.208225 Starting block 1
[OUTPUT] 2026-07-21T18:53:52.325045 Ending block 1 - 800 steps completed in 143.12 s
[OUTPUT] 2026-07-21T18:53:52.326385 Epoch 3 - Block 1 [Training] Accelerator Utilization [AU] (%): 91.3032
[OUTPUT] 2026-07-21T18:53:52.326411 Epoch 3 - Block 1 [Training] Throughput (samples/second): 1971.3963
[OUTPUT] 2026-07-21T18:53:52.326533 Epoch 3 - Block 1 [Training] Computation time per step (second): 0.1621+/-0.0000 (set value: {'mean': 0.162})
[OUTPUT] 2026-07-21T18:53:52.490395 Ending epoch 3 - 800 steps completed in 143.28 s
[OUTPUT] 2026-07-21T18:53:52.554482 Reshard for epoch 4: 5600 train files, 0 eval files redistributed via alltoall in 0.06s
[OUTPUT] 2026-07-21T18:53:53.805344 Worker pre-warm complete for epoch 4 (6 workers spawned)
[OUTPUT] 2026-07-21T18:53:54.030329 Starting epoch 4: 800 steps expected
[OUTPUT] 2026-07-21T18:53:54.030548 Starting block 1
[OUTPUT] 2026-07-21T18:56:18.370618 Ending block 1 - 800 steps completed in 144.34 s
[OUTPUT] 2026-07-21T18:56:18.372026 Epoch 4 - Block 1 [Training] Accelerator Utilization [AU] (%): 90.3766
[OUTPUT] 2026-07-21T18:56:18.372052 Epoch 4 - Block 1 [Training] Throughput (samples/second): 1951.3805
[OUTPUT] 2026-07-21T18:56:18.372172 Epoch 4 - Block 1 [Training] Computation time per step (second): 0.1621+/-0.0000 (set value: {'mean': 0.162})
[OUTPUT] 2026-07-21T18:56:18.517312 Ending epoch 4 - 800 steps completed in 144.49 s
[OUTPUT] 2026-07-21T18:56:18.581989 Reshard for epoch 5: 5600 train files, 0 eval files redistributed via alltoall in 0.06s
[OUTPUT] 2026-07-21T18:56:19.808108 Worker pre-warm complete for epoch 5 (6 workers spawned)
[OUTPUT] 2026-07-21T18:56:19.987767 Starting epoch 5: 800 steps expected
[OUTPUT] 2026-07-21T18:56:19.987939 Starting block 1
[OUTPUT] 2026-07-21T18:58:42.749485 Ending block 1 - 800 steps completed in 142.76 s
[OUTPUT] 2026-07-21T18:58:42.750880 Epoch 5 - Block 1 [Training] Accelerator Utilization [AU] (%): 91.3692
[OUTPUT] 2026-07-21T18:58:42.751834 Epoch 5 - Block 1 [Training] Throughput (samples/second): 1972.8376
[OUTPUT] 2026-07-21T18:58:42.751957 Epoch 5 - Block 1 [Training] Computation time per step (second): 0.1621+/-0.0000 (set value: {'mean': 0.162})
[OUTPUT] 2026-07-21T18:58:42.910639 Ending epoch 5 - 800 steps completed in 142.92 s
[OUTPUT] 2026-07-21T18:58:42.974067 Reshard for epoch 6: 5600 train files, 0 eval files redistributed via alltoall in 0.06s
[OUTPUT] 2026-07-21T18:58:44.371698 Worker pre-warm complete for epoch 6 (6 workers spawned)
[OUTPUT] 2026-07-21T18:58:44.658179 Saved outputs in /mnt/mlperf/result/i24_10client/closed/InspurData/results/InspurData_InDataOS_AS13000G7_10clients/training/unet3d/run/20260721_184609
[OUTPUT] Averaged metric over all steps/epochs
[METRIC] ==========================================================
[METRIC] Number of Simulated Accelerators: 50 
[METRIC] Training Accelerator Utilization [AU] (%): 90.9901 (0.6381)
[METRIC] Training Throughput (samples/second): 1964.5444 (13.7749)
[METRIC] Training I/O Throughput (MiB/second): 274661.4914 (1925.8587)
[METRIC] train_au_meet_expectation: success
[METRIC] ==========================================================

[OUTPUT] 2026-07-21T18:58:44.862355 outputs saved in RANKID_output.json
