[OUTPUT] [DEBUG DLIOBenchmark.__init__] After LoadConfig:
[OUTPUT]   storage_type   = <StorageType.LOCAL_FS: 'local_fs'>
[OUTPUT]   storage_root   = './'
[OUTPUT]   storage_options= None
[OUTPUT]   data_folder    = '/mnt/mlps_nvme/training/unet3d'
[OUTPUT]   framework      = <FrameworkType.PYTORCH: 'pytorch'>
[OUTPUT]   num_files_train= 28000
[OUTPUT]   record_length  = 146600628
[OUTPUT]   generate_data  = False
[OUTPUT]   do_train       = True
[OUTPUT]   do_checkpoint  = False
[OUTPUT]   epochs         = 5
[OUTPUT]   batch_size     = 7
[OUTPUT] 2026-07-20T16:06:54.165945 Running DLIO [Training] with 5 process(es)
[OUTPUT] 2026-07-20T16:06:54.192402 skip_listing [train]: validating 2,801 of 28,000 files (first, last, every 10) via HEAD requests ...
[OUTPUT] 2026-07-20T16:06:54.193740 skip_listing [train]:   280/2,801 checked (10%)  —  221628 checks/s  —  ETA 0s  —  0 failed so far
[OUTPUT] 2026-07-20T16:06:54.195019 skip_listing [train]:   560/2,801 checked (20%)  —  220215 checks/s  —  ETA 0s  —  0 failed so far
[OUTPUT] 2026-07-20T16:06:54.196308 skip_listing [train]:   840/2,801 checked (30%)  —  219174 checks/s  —  ETA 0s  —  0 failed so far
[OUTPUT] 2026-07-20T16:06:54.197576 skip_listing [train]:   1,120/2,801 checked (40%)  —  219577 checks/s  —  ETA 0s  —  0 failed so far
[OUTPUT] 2026-07-20T16:06:54.198819 skip_listing [train]:   1,400/2,801 checked (50%)  —  220678 checks/s  —  ETA 0s  —  0 failed so far
[OUTPUT] 2026-07-20T16:06:54.200085 skip_listing [train]:   1,680/2,801 checked (60%)  —  220760 checks/s  —  ETA 0s  —  0 failed so far
[OUTPUT] 2026-07-20T16:06:54.201342 skip_listing [train]:   1,960/2,801 checked (70%)  —  221056 checks/s  —  ETA 0s  —  0 failed so far
[OUTPUT] 2026-07-20T16:06:54.202602 skip_listing [train]:   2,240/2,801 checked (80%)  —  221184 checks/s  —  ETA 0s  —  0 failed so far
[OUTPUT] 2026-07-20T16:06:54.203845 skip_listing [train]:   2,520/2,801 checked (90%)  —  221637 checks/s  —  ETA 0s  —  0 failed so far
[OUTPUT] 2026-07-20T16:06:54.205105 skip_listing [train]:   2,800/2,801 checked (100%)  —  221695 checks/s  —  ETA 0s  —  0 failed so far
[OUTPUT] 2026-07-20T16:06:54.205129 skip_listing [train]: validation complete — all 2,801 samples exist (0.0s, 221360 checks/s); 5,600 URIs ready for rank 0 (28,000 total across all ranks)
[OUTPUT] 2026-07-20T16:06:54.205190 File listing [train]: 28000 files discovered, 5600 assigned to rank 0, completed in 0.03s
[OUTPUT] 2026-07-20T16:06:54.205215 skip_listing [valid]: generated 0 file URIs deterministically (0 total — validation disabled)
[OUTPUT] 2026-07-20T16:06:54.205239 File listing [valid]: 0 files discovered, 0 assigned to rank 0, completed in 0.00s
[OUTPUT] 2026-07-20T16:06:54.205257 Streamed file sharding: 28000 train files across 5 ranks via round-robin (rank 0 shard: 5600 files)
[OUTPUT] 2026-07-20T16:06:54.374880 Max steps per epoch per rank: 4000 = 1 * 28000 / 7 (samples per file * local files / batch size)
[OUTPUT] 2026-07-20T16:06:54.376753 Reshard for epoch 1: 5600 train files, 0 eval files redistributed via alltoall in 0.00s
[OUTPUT] 2026-07-20T16:07:01.497435 Worker pre-warm complete (32 workers spawned)
[OUTPUT] 2026-07-20T16:07:01.582664 Starting epoch 1: 800 steps expected
[OUTPUT] 2026-07-20T16:07:01.582925 Starting block 1
[OUTPUT] 2026-07-20T16:09:31.004897 Ending block 1 - 800 steps completed in 149.42 s
[OUTPUT] 2026-07-20T16:09:31.009046 Epoch 1 - Block 1 [Training] Accelerator Utilization [AU] (%): 90.3461
[OUTPUT] 2026-07-20T16:09:31.009096 Epoch 1 - Block 1 [Training] Throughput (samples/second): 195.0715
[OUTPUT] 2026-07-20T16:09:31.009520 Epoch 1 - Block 1 [Training] Computation time per step (second): 0.1621+/-0.0000 (set value: {'mean': 0.162})
[OUTPUT] 2026-07-20T16:09:31.031350 Ending epoch 1 - 800 steps completed in 149.45 s
[OUTPUT] 2026-07-20T16:09:31.036931 Reshard for epoch 2: 5600 train files, 0 eval files redistributed via alltoall in 0.00s
[OUTPUT] 2026-07-20T16:09:37.754204 Worker pre-warm complete for epoch 2 (32 workers spawned)
[OUTPUT] 2026-07-20T16:09:37.960457 Starting epoch 2: 800 steps expected
[OUTPUT] 2026-07-20T16:09:37.960737 Starting block 1
[OUTPUT] 2026-07-20T16:12:07.826062 Ending block 1 - 800 steps completed in 149.87 s
[OUTPUT] 2026-07-20T16:12:07.827799 Epoch 2 - Block 1 [Training] Accelerator Utilization [AU] (%): 89.7022
[OUTPUT] 2026-07-20T16:12:07.827848 Epoch 2 - Block 1 [Training] Throughput (samples/second): 193.6802
[OUTPUT] 2026-07-20T16:12:07.828043 Epoch 2 - Block 1 [Training] Computation time per step (second): 0.1621+/-0.0000 (set value: {'mean': 0.162})
[OUTPUT] 2026-07-20T16:12:07.849053 Ending epoch 2 - 800 steps completed in 149.89 s
[OUTPUT] 2026-07-20T16:12:07.854250 Reshard for epoch 3: 5600 train files, 0 eval files redistributed via alltoall in 0.00s
[OUTPUT] 2026-07-20T16:12:14.427911 Worker pre-warm complete for epoch 3 (32 workers spawned)
[OUTPUT] 2026-07-20T16:12:14.539107 Starting epoch 3: 800 steps expected
[OUTPUT] 2026-07-20T16:12:14.539656 Starting block 1
[OUTPUT] 2026-07-20T16:14:44.154475 Ending block 1 - 800 steps completed in 149.61 s
[OUTPUT] 2026-07-20T16:14:44.156483 Epoch 3 - Block 1 [Training] Accelerator Utilization [AU] (%): 90.3902
[OUTPUT] 2026-07-20T16:14:44.156534 Epoch 3 - Block 1 [Training] Throughput (samples/second): 195.1654
[OUTPUT] 2026-07-20T16:14:44.156759 Epoch 3 - Block 1 [Training] Computation time per step (second): 0.1621+/-0.0000 (set value: {'mean': 0.162})
[OUTPUT] 2026-07-20T16:14:44.182330 Ending epoch 3 - 800 steps completed in 149.64 s
[OUTPUT] 2026-07-20T16:14:44.187506 Reshard for epoch 4: 5600 train files, 0 eval files redistributed via alltoall in 0.00s
[OUTPUT] 2026-07-20T16:14:50.823622 Worker pre-warm complete for epoch 4 (32 workers spawned)
[OUTPUT] 2026-07-20T16:14:50.977784 Starting epoch 4: 800 steps expected
[OUTPUT] 2026-07-20T16:14:50.978069 Starting block 1
[OUTPUT] 2026-07-20T16:17:20.723536 Ending block 1 - 800 steps completed in 149.75 s
[OUTPUT] 2026-07-20T16:17:20.725112 Epoch 4 - Block 1 [Training] Accelerator Utilization [AU] (%): 90.3574
[OUTPUT] 2026-07-20T16:17:20.725157 Epoch 4 - Block 1 [Training] Throughput (samples/second): 195.0985
[OUTPUT] 2026-07-20T16:17:20.725368 Epoch 4 - Block 1 [Training] Computation time per step (second): 0.1621+/-0.0000 (set value: {'mean': 0.162})
[OUTPUT] 2026-07-20T16:17:20.741774 Ending epoch 4 - 800 steps completed in 149.76 s
[OUTPUT] 2026-07-20T16:17:20.747760 Reshard for epoch 5: 5600 train files, 0 eval files redistributed via alltoall in 0.01s
[OUTPUT] 2026-07-20T16:17:27.117584 Worker pre-warm complete for epoch 5 (32 workers spawned)
[OUTPUT] 2026-07-20T16:17:27.674796 Starting epoch 5: 800 steps expected
[OUTPUT] 2026-07-20T16:17:27.675176 Starting block 1
[OUTPUT] 2026-07-20T16:19:57.388495 Ending block 1 - 800 steps completed in 149.71 s
[OUTPUT] 2026-07-20T16:19:57.390194 Epoch 5 - Block 1 [Training] Accelerator Utilization [AU] (%): 90.5109
[OUTPUT] 2026-07-20T16:19:57.390255 Epoch 5 - Block 1 [Training] Throughput (samples/second): 195.4278
[OUTPUT] 2026-07-20T16:19:57.390454 Epoch 5 - Block 1 [Training] Computation time per step (second): 0.1621+/-0.0000 (set value: {'mean': 0.162})
[OUTPUT] 2026-07-20T16:19:57.403250 Ending epoch 5 - 800 steps completed in 149.73 s
[OUTPUT] 2026-07-20T16:19:57.409356 Reshard for epoch 6: 5600 train files, 0 eval files redistributed via alltoall in 0.01s
[OUTPUT] 2026-07-20T16:20:04.276645 Worker pre-warm complete for epoch 6 (32 workers spawned)
[OUTPUT] 2026-07-20T16:20:04.277785 Saved outputs in /tmp/mlperf_storage_results/closed/SAMSUNG/results/MEMORY_AE/training/unet3d/run/20260720_160648
[OUTPUT] Averaged metric over all steps/epochs
[METRIC] ==========================================================
[METRIC] Number of Simulated Accelerators: 5 
[METRIC] Training Accelerator Utilization [AU] (%): 90.2343 (0.1457)
[METRIC] Training Throughput (samples/second): 194.8274 (0.3145)
[METRIC] Training I/O Throughput (MiB/second): 27238.6734 (43.9662)
[METRIC] train_au_meet_expectation: success
[METRIC] ==========================================================

[OUTPUT] 2026-07-20T16:20:04.287011 outputs saved in RANKID_output.json
