[OUTPUT] [DEBUG DLIOBenchmark.__init__] After LoadConfig:
[OUTPUT]   storage_type   = <StorageType.S3: 's3'>
[OUTPUT]   storage_root   = 'mlc-s3'
[OUTPUT]   storage_options= {'prefetch_window': 6, 'storage_library': 's3dlio', 'uri_scheme': 's3', 'access_key_id': '[REDACTED_AWS_ACCESS_KEY_ID]', 'secret_access_key': '[REDACTED_AWS_SECRET_ACCESS_KEY]', 'endpoint_url': 'https://storage.uk-south1.nebius.cloud', 'region': 'uk-south1'}
[OUTPUT]   data_folder    = 's3://mlc-s3/unet3d/submission/data_21n/unet3d'
[OUTPUT]   framework      = <FrameworkType.PYTORCH: 'pytorch'>
[OUTPUT]   num_files_train= 73500
[OUTPUT]   record_length  = 146600628
[OUTPUT]   generate_data  = False
[OUTPUT]   do_train       = True
[OUTPUT]   do_checkpoint  = False
[OUTPUT]   epochs         = 5
[OUTPUT]   batch_size     = 7
[OUTPUT] 2026-07-14T18:00:29.244495 Running DLIO [Training] with 21 process(es)
[OUTPUT] 2026-07-14T18:00:43.263149 skip_listing [train]: validating 7,351 of 73,500 files (first, last, every 10) via HEAD requests ...
[OUTPUT] 2026-07-14T18:00:44.158787 skip_listing [train]:   500/7,351 checked (7%)  —  559 checks/s  —  ETA 12s  —  0 failed so far
[OUTPUT] 2026-07-14T18:00:45.112896 skip_listing [train]:   1,000/7,351 checked (14%)  —  541 checks/s  —  ETA 12s  —  0 failed so far
[OUTPUT] 2026-07-14T18:00:46.021960 skip_listing [train]:   1,500/7,351 checked (20%)  —  544 checks/s  —  ETA 11s  —  0 failed so far
[OUTPUT] 2026-07-14T18:00:46.893036 skip_listing [train]:   2,000/7,351 checked (27%)  —  551 checks/s  —  ETA 10s  —  0 failed so far
[OUTPUT] 2026-07-14T18:00:47.704580 skip_listing [train]:   2,500/7,351 checked (34%)  —  563 checks/s  —  ETA 9s  —  0 failed so far
[OUTPUT] 2026-07-14T18:00:48.501010 skip_listing [train]:   3,000/7,351 checked (41%)  —  573 checks/s  —  ETA 8s  —  0 failed so far
[OUTPUT] 2026-07-14T18:00:49.369184 skip_listing [train]:   3,500/7,351 checked (48%)  —  573 checks/s  —  ETA 7s  —  0 failed so far
[OUTPUT] 2026-07-14T18:00:50.175351 skip_listing [train]:   4,000/7,351 checked (54%)  —  579 checks/s  —  ETA 6s  —  0 failed so far
[OUTPUT] 2026-07-14T18:00:51.000192 skip_listing [train]:   4,500/7,351 checked (61%)  —  582 checks/s  —  ETA 5s  —  0 failed so far
[OUTPUT] 2026-07-14T18:00:51.809902 skip_listing [train]:   5,000/7,351 checked (68%)  —  585 checks/s  —  ETA 4s  —  0 failed so far
[OUTPUT] 2026-07-14T18:00:52.610386 skip_listing [train]:   5,500/7,351 checked (75%)  —  589 checks/s  —  ETA 3s  —  0 failed so far
[OUTPUT] 2026-07-14T18:00:53.464695 skip_listing [train]:   6,000/7,351 checked (82%)  —  588 checks/s  —  ETA 2s  —  0 failed so far
[OUTPUT] 2026-07-14T18:00:54.280184 skip_listing [train]:   6,500/7,351 checked (88%)  —  590 checks/s  —  ETA 1s  —  0 failed so far
[OUTPUT] 2026-07-14T18:00:55.062290 skip_listing [train]:   7,000/7,351 checked (95%)  —  593 checks/s  —  ETA 1s  —  0 failed so far
[OUTPUT] 2026-07-14T18:00:55.601759 skip_listing [train]: validation complete — all 7,351 samples exist (12.3s, 596 checks/s); 3,500 URIs ready for rank 0 (73,500 total across all ranks)
[OUTPUT] 2026-07-14T18:00:55.602937 File listing [train]: 73500 files discovered, 3500 assigned to rank 0, completed in 12.35s
[OUTPUT] 2026-07-14T18:00:55.603654 skip_listing [valid]: generated 0 file URIs deterministically (0 total — validation disabled)
[OUTPUT] 2026-07-14T18:00:55.604397 File listing [valid]: 0 files discovered, 0 assigned to rank 0, completed in 0.00s
[OUTPUT] 2026-07-14T18:00:55.605093 Streamed file sharding: 73500 train files across 21 ranks via round-robin (rank 0 shard: 3500 files)
[OUTPUT] 2026-07-14T18:00:56.386066 Max steps per epoch per rank: 10500 = 1 * 73500 / 7 (samples per file * local files / batch size)
[OUTPUT] 2026-07-14T18:00:56.401401 Reshard for epoch 1: 3500 train files, 0 eval files redistributed via alltoall in 0.01s
[WARNING] NPZReaderS3Iterable[thread=1] [resource-probe] RAM projection: prefetch=6 x dataloader_workers=4 x ranks_per_node=21 x record_length=139 MiB = 70463 MiB of in-flight buffer memory, but only 18943 MiB (of 30056 MiB total) is currently available.  OOM / swap-thrash under load is likely.  Fix: reduce storage_options.prefetch_window, or reduce DataLoader worker count, or move the S3 target off-node.
[WARNING] NPZReaderS3Iterable[thread=2] [resource-probe] RAM projection: prefetch=6 x dataloader_workers=4 x ranks_per_node=21 x record_length=139 MiB = 70463 MiB of in-flight buffer memory, but only 18943 MiB (of 30056 MiB total) is currently available.  OOM / swap-thrash under load is likely.  Fix: reduce storage_options.prefetch_window, or reduce DataLoader worker count, or move the S3 target off-node.
[WARNING] NPZReaderS3Iterable[thread=0] [resource-probe] RAM projection: prefetch=6 x dataloader_workers=4 x ranks_per_node=21 x record_length=139 MiB = 70463 MiB of in-flight buffer memory, but only 18943 MiB (of 30056 MiB total) is currently available.  OOM / swap-thrash under load is likely.  Fix: reduce storage_options.prefetch_window, or reduce DataLoader worker count, or move the S3 target off-node.
[WARNING] NPZReaderS3Iterable[thread=0] [resource-probe] RAM projection: prefetch=6 x dataloader_workers=4 x ranks_per_node=21 x record_length=139 MiB = 70463 MiB of in-flight buffer memory, but only 26924 MiB (of 30056 MiB total) is currently available.  OOM / swap-thrash under load is likely.  Fix: reduce storage_options.prefetch_window, or reduce DataLoader worker count, or move the S3 target off-node.
[WARNING] NPZReaderS3Iterable[thread=1] [resource-probe] RAM projection: prefetch=6 x dataloader_workers=4 x ranks_per_node=21 x record_length=139 MiB = 70463 MiB of in-flight buffer memory, but only 14898 MiB (of 30056 MiB total) is currently available.  OOM / swap-thrash under load is likely.  Fix: reduce storage_options.prefetch_window, or reduce DataLoader worker count, or move the S3 target off-node.
[WARNING] NPZReaderS3Iterable[thread=0] [resource-probe] RAM projection: prefetch=6 x dataloader_workers=4 x ranks_per_node=21 x record_length=139 MiB = 70463 MiB of in-flight buffer memory, but only 14898 MiB (of 30056 MiB total) is currently available.  OOM / swap-thrash under load is likely.  Fix: reduce storage_options.prefetch_window, or reduce DataLoader worker count, or move the S3 target off-node.
[WARNING] NPZReaderS3Iterable[thread=2] [resource-probe] RAM projection: prefetch=6 x dataloader_workers=4 x ranks_per_node=21 x record_length=139 MiB = 70463 MiB of in-flight buffer memory, but only 14898 MiB (of 30056 MiB total) is currently available.  OOM / swap-thrash under load is likely.  Fix: reduce storage_options.prefetch_window, or reduce DataLoader worker count, or move the S3 target off-node.
[WARNING] NPZReaderS3Iterable[thread=3] [resource-probe] RAM projection: prefetch=6 x dataloader_workers=4 x ranks_per_node=21 x record_length=139 MiB = 70463 MiB of in-flight buffer memory, but only 14898 MiB (of 30056 MiB total) is currently available.  OOM / swap-thrash under load is likely.  Fix: reduce storage_options.prefetch_window, or reduce DataLoader worker count, or move the S3 target off-node.
[WARNING] NPZReaderS3Iterable[thread=0] [resource-probe] RAM projection: prefetch=6 x dataloader_workers=4 x ranks_per_node=21 x record_length=139 MiB = 70463 MiB of in-flight buffer memory, but only 12574 MiB (of 30056 MiB total) is currently available.  OOM / swap-thrash under load is likely.  Fix: reduce storage_options.prefetch_window, or reduce DataLoader worker count, or move the S3 target off-node.
[WARNING] NPZReaderS3Iterable[thread=2] [resource-probe] RAM projection: prefetch=6 x dataloader_workers=4 x ranks_per_node=21 x record_length=139 MiB = 70463 MiB of in-flight buffer memory, but only 12574 MiB (of 30056 MiB total) is currently available.  OOM / swap-thrash under load is likely.  Fix: reduce storage_options.prefetch_window, or reduce DataLoader worker count, or move the S3 target off-node.
[WARNING] NPZReaderS3Iterable[thread=1] [resource-probe] RAM projection: prefetch=6 x dataloader_workers=4 x ranks_per_node=21 x record_length=139 MiB = 70463 MiB of in-flight buffer memory, but only 12574 MiB (of 30056 MiB total) is currently available.  OOM / swap-thrash under load is likely.  Fix: reduce storage_options.prefetch_window, or reduce DataLoader worker count, or move the S3 target off-node.
[WARNING] NPZReaderS3Iterable[thread=3] [resource-probe] RAM projection: prefetch=6 x dataloader_workers=4 x ranks_per_node=21 x record_length=139 MiB = 70463 MiB of in-flight buffer memory, but only 12574 MiB (of 30056 MiB total) is currently available.  OOM / swap-thrash under load is likely.  Fix: reduce storage_options.prefetch_window, or reduce DataLoader worker count, or move the S3 target off-node.
[WARNING] NPZReaderS3Iterable[thread=3] [resource-probe] RAM projection: prefetch=6 x dataloader_workers=4 x ranks_per_node=21 x record_length=139 MiB = 70463 MiB of in-flight buffer memory, but only 12475 MiB (of 30056 MiB total) is currently available.  OOM / swap-thrash under load is likely.  Fix: reduce storage_options.prefetch_window, or reduce DataLoader worker count, or move the S3 target off-node.
[WARNING] NPZReaderS3Iterable[thread=0] [resource-probe] RAM projection: prefetch=6 x dataloader_workers=4 x ranks_per_node=21 x record_length=139 MiB = 70463 MiB of in-flight buffer memory, but only 12478 MiB (of 30056 MiB total) is currently available.  OOM / swap-thrash under load is likely.  Fix: reduce storage_options.prefetch_window, or reduce DataLoader worker count, or move the S3 target off-node.
[WARNING] NPZReaderS3Iterable[thread=1] [resource-probe] RAM projection: prefetch=6 x dataloader_workers=4 x ranks_per_node=21 x record_length=139 MiB = 70463 MiB of in-flight buffer memory, but only 12481 MiB (of 30056 MiB total) is currently available.  OOM / swap-thrash under load is likely.  Fix: reduce storage_options.prefetch_window, or reduce DataLoader worker count, or move the S3 target off-node.
[WARNING] NPZReaderS3Iterable[thread=0] [resource-probe] RAM projection: prefetch=6 x dataloader_workers=4 x ranks_per_node=21 x record_length=139 MiB = 70463 MiB of in-flight buffer memory, but only 20266 MiB (of 30056 MiB total) is currently available.  OOM / swap-thrash under load is likely.  Fix: reduce storage_options.prefetch_window, or reduce DataLoader worker count, or move the S3 target off-node.
[WARNING] NPZReaderS3Iterable[thread=0] [resource-probe] RAM projection: prefetch=6 x dataloader_workers=4 x ranks_per_node=21 x record_length=139 MiB = 70463 MiB of in-flight buffer memory, but only 12416 MiB (of 30056 MiB total) is currently available.  OOM / swap-thrash under load is likely.  Fix: reduce storage_options.prefetch_window, or reduce DataLoader worker count, or move the S3 target off-node.
[WARNING] NPZReaderS3Iterable[thread=3] [resource-probe] RAM projection: prefetch=6 x dataloader_workers=4 x ranks_per_node=21 x record_length=139 MiB = 70463 MiB of in-flight buffer memory, but only 12416 MiB (of 30056 MiB total) is currently available.  OOM / swap-thrash under load is likely.  Fix: reduce storage_options.prefetch_window, or reduce DataLoader worker count, or move the S3 target off-node.
[WARNING] NPZReaderS3Iterable[thread=1] [resource-probe] RAM projection: prefetch=6 x dataloader_workers=4 x ranks_per_node=21 x record_length=139 MiB = 70463 MiB of in-flight buffer memory, but only 12416 MiB (of 30056 MiB total) is currently available.  OOM / swap-thrash under load is likely.  Fix: reduce storage_options.prefetch_window, or reduce DataLoader worker count, or move the S3 target off-node.
[WARNING] NPZReaderS3Iterable[thread=2] [resource-probe] RAM projection: prefetch=6 x dataloader_workers=4 x ranks_per_node=21 x record_length=139 MiB = 70463 MiB of in-flight buffer memory, but only 12416 MiB (of 30056 MiB total) is currently available.  OOM / swap-thrash under load is likely.  Fix: reduce storage_options.prefetch_window, or reduce DataLoader worker count, or move the S3 target off-node.
[WARNING] NPZReaderS3Iterable[thread=0] [resource-probe] RAM projection: prefetch=6 x dataloader_workers=4 x ranks_per_node=21 x record_length=139 MiB = 70463 MiB of in-flight buffer memory, but only 12084 MiB (of 30056 MiB total) is currently available.  OOM / swap-thrash under load is likely.  Fix: reduce storage_options.prefetch_window, or reduce DataLoader worker count, or move the S3 target off-node.
[WARNING] NPZReaderS3Iterable[thread=2] [resource-probe] RAM projection: prefetch=6 x dataloader_workers=4 x ranks_per_node=21 x record_length=139 MiB = 70463 MiB of in-flight buffer memory, but only 12084 MiB (of 30056 MiB total) is currently available.  OOM / swap-thrash under load is likely.  Fix: reduce storage_options.prefetch_window, or reduce DataLoader worker count, or move the S3 target off-node.
[WARNING] NPZReaderS3Iterable[thread=3] [resource-probe] RAM projection: prefetch=6 x dataloader_workers=4 x ranks_per_node=21 x record_length=139 MiB = 70463 MiB of in-flight buffer memory, but only 12084 MiB (of 30056 MiB total) is currently available.  OOM / swap-thrash under load is likely.  Fix: reduce storage_options.prefetch_window, or reduce DataLoader worker count, or move the S3 target off-node.
[WARNING] NPZReaderS3Iterable[thread=0] [resource-probe] RAM projection: prefetch=6 x dataloader_workers=4 x ranks_per_node=21 x record_length=139 MiB = 70463 MiB of in-flight buffer memory, but only 19775 MiB (of 30056 MiB total) is currently available.  OOM / swap-thrash under load is likely.  Fix: reduce storage_options.prefetch_window, or reduce DataLoader worker count, or move the S3 target off-node.
[WARNING] NPZReaderS3Iterable[thread=0] [resource-probe] RAM projection: prefetch=6 x dataloader_workers=4 x ranks_per_node=21 x record_length=139 MiB = 70463 MiB of in-flight buffer memory, but only 12433 MiB (of 30056 MiB total) is currently available.  OOM / swap-thrash under load is likely.  Fix: reduce storage_options.prefetch_window, or reduce DataLoader worker count, or move the S3 target off-node.
[WARNING] NPZReaderS3Iterable[thread=1] [resource-probe] RAM projection: prefetch=6 x dataloader_workers=4 x ranks_per_node=21 x record_length=139 MiB = 70463 MiB of in-flight buffer memory, but only 12433 MiB (of 30056 MiB total) is currently available.  OOM / swap-thrash under load is likely.  Fix: reduce storage_options.prefetch_window, or reduce DataLoader worker count, or move the S3 target off-node.
[WARNING] NPZReaderS3Iterable[thread=2] [resource-probe] RAM projection: prefetch=6 x dataloader_workers=4 x ranks_per_node=21 x record_length=139 MiB = 70463 MiB of in-flight buffer memory, but only 12433 MiB (of 30056 MiB total) is currently available.  OOM / swap-thrash under load is likely.  Fix: reduce storage_options.prefetch_window, or reduce DataLoader worker count, or move the S3 target off-node.
[WARNING] NPZReaderS3Iterable[thread=3] [resource-probe] RAM projection: prefetch=6 x dataloader_workers=4 x ranks_per_node=21 x record_length=139 MiB = 70463 MiB of in-flight buffer memory, but only 12433 MiB (of 30056 MiB total) is currently available.  OOM / swap-thrash under load is likely.  Fix: reduce storage_options.prefetch_window, or reduce DataLoader worker count, or move the S3 target off-node.
[WARNING] NPZReaderS3Iterable[thread=0] [resource-probe] RAM projection: prefetch=6 x dataloader_workers=4 x ranks_per_node=21 x record_length=139 MiB = 70463 MiB of in-flight buffer memory, but only 12338 MiB (of 30056 MiB total) is currently available.  OOM / swap-thrash under load is likely.  Fix: reduce storage_options.prefetch_window, or reduce DataLoader worker count, or move the S3 target off-node.
[WARNING] NPZReaderS3Iterable[thread=1] [resource-probe] RAM projection: prefetch=6 x dataloader_workers=4 x ranks_per_node=21 x record_length=139 MiB = 70463 MiB of in-flight buffer memory, but only 12338 MiB (of 30056 MiB total) is currently available.  OOM / swap-thrash under load is likely.  Fix: reduce storage_options.prefetch_window, or reduce DataLoader worker count, or move the S3 target off-node.
[WARNING] NPZReaderS3Iterable[thread=3] [resource-probe] RAM projection: prefetch=6 x dataloader_workers=4 x ranks_per_node=21 x record_length=139 MiB = 70463 MiB of in-flight buffer memory, but only 12338 MiB (of 30056 MiB total) is currently available.  OOM / swap-thrash under load is likely.  Fix: reduce storage_options.prefetch_window, or reduce DataLoader worker count, or move the S3 target off-node.
[WARNING] NPZReaderS3Iterable[thread=0] [resource-probe] RAM projection: prefetch=6 x dataloader_workers=4 x ranks_per_node=21 x record_length=139 MiB = 70463 MiB of in-flight buffer memory, but only 19501 MiB (of 30056 MiB total) is currently available.  OOM / swap-thrash under load is likely.  Fix: reduce storage_options.prefetch_window, or reduce DataLoader worker count, or move the S3 target off-node.
[WARNING] NPZReaderS3Iterable[thread=3] [resource-probe] RAM projection: prefetch=6 x dataloader_workers=4 x ranks_per_node=21 x record_length=139 MiB = 70463 MiB of in-flight buffer memory, but only 12190 MiB (of 30056 MiB total) is currently available.  OOM / swap-thrash under load is likely.  Fix: reduce storage_options.prefetch_window, or reduce DataLoader worker count, or move the S3 target off-node.
[WARNING] NPZReaderS3Iterable[thread=0] [resource-probe] RAM projection: prefetch=6 x dataloader_workers=4 x ranks_per_node=21 x record_length=139 MiB = 70463 MiB of in-flight buffer memory, but only 12191 MiB (of 30056 MiB total) is currently available.  OOM / swap-thrash under load is likely.  Fix: reduce storage_options.prefetch_window, or reduce DataLoader worker count, or move the S3 target off-node.
[WARNING] NPZReaderS3Iterable[thread=1] [resource-probe] RAM projection: prefetch=6 x dataloader_workers=4 x ranks_per_node=21 x record_length=139 MiB = 70463 MiB of in-flight buffer memory, but only 12191 MiB (of 30056 MiB total) is currently available.  OOM / swap-thrash under load is likely.  Fix: reduce storage_options.prefetch_window, or reduce DataLoader worker count, or move the S3 target off-node.
[WARNING] NPZReaderS3Iterable[thread=2] [resource-probe] RAM projection: prefetch=6 x dataloader_workers=4 x ranks_per_node=21 x record_length=139 MiB = 70463 MiB of in-flight buffer memory, but only 12193 MiB (of 30056 MiB total) is currently available.  OOM / swap-thrash under load is likely.  Fix: reduce storage_options.prefetch_window, or reduce DataLoader worker count, or move the S3 target off-node.
[WARNING] NPZReaderS3Iterable[thread=0] [resource-probe] RAM projection: prefetch=6 x dataloader_workers=4 x ranks_per_node=21 x record_length=139 MiB = 70463 MiB of in-flight buffer memory, but only 12179 MiB (of 30056 MiB total) is currently available.  OOM / swap-thrash under load is likely.  Fix: reduce storage_options.prefetch_window, or reduce DataLoader worker count, or move the S3 target off-node.
[WARNING] NPZReaderS3Iterable[thread=3] [resource-probe] RAM projection: prefetch=6 x dataloader_workers=4 x ranks_per_node=21 x record_length=139 MiB = 70463 MiB of in-flight buffer memory, but only 12179 MiB (of 30056 MiB total) is currently available.  OOM / swap-thrash under load is likely.  Fix: reduce storage_options.prefetch_window, or reduce DataLoader worker count, or move the S3 target off-node.
[WARNING] NPZReaderS3Iterable[thread=1] [resource-probe] RAM projection: prefetch=6 x dataloader_workers=4 x ranks_per_node=21 x record_length=139 MiB = 70463 MiB of in-flight buffer memory, but only 12179 MiB (of 30056 MiB total) is currently available.  OOM / swap-thrash under load is likely.  Fix: reduce storage_options.prefetch_window, or reduce DataLoader worker count, or move the S3 target off-node.
[WARNING] NPZReaderS3Iterable[thread=0] [resource-probe] RAM projection: prefetch=6 x dataloader_workers=4 x ranks_per_node=21 x record_length=139 MiB = 70463 MiB of in-flight buffer memory, but only 19708 MiB (of 30056 MiB total) is currently available.  OOM / swap-thrash under load is likely.  Fix: reduce storage_options.prefetch_window, or reduce DataLoader worker count, or move the S3 target off-node.
[WARNING] NPZReaderS3Iterable[thread=2] [resource-probe] RAM projection: prefetch=6 x dataloader_workers=4 x ranks_per_node=21 x record_length=139 MiB = 70463 MiB of in-flight buffer memory, but only 12386 MiB (of 30056 MiB total) is currently available.  OOM / swap-thrash under load is likely.  Fix: reduce storage_options.prefetch_window, or reduce DataLoader worker count, or move the S3 target off-node.
[WARNING] NPZReaderS3Iterable[thread=1] [resource-probe] RAM projection: prefetch=6 x dataloader_workers=4 x ranks_per_node=21 x record_length=139 MiB = 70463 MiB of in-flight buffer memory, but only 12386 MiB (of 30056 MiB total) is currently available.  OOM / swap-thrash under load is likely.  Fix: reduce storage_options.prefetch_window, or reduce DataLoader worker count, or move the S3 target off-node.
[WARNING] NPZReaderS3Iterable[thread=0] [resource-probe] RAM projection: prefetch=6 x dataloader_workers=4 x ranks_per_node=21 x record_length=139 MiB = 70463 MiB of in-flight buffer memory, but only 12386 MiB (of 30056 MiB total) is currently available.  OOM / swap-thrash under load is likely.  Fix: reduce storage_options.prefetch_window, or reduce DataLoader worker count, or move the S3 target off-node.
[WARNING] NPZReaderS3Iterable[thread=3] [resource-probe] RAM projection: prefetch=6 x dataloader_workers=4 x ranks_per_node=21 x record_length=139 MiB = 70463 MiB of in-flight buffer memory, but only 12386 MiB (of 30056 MiB total) is currently available.  OOM / swap-thrash under load is likely.  Fix: reduce storage_options.prefetch_window, or reduce DataLoader worker count, or move the S3 target off-node.
[WARNING] NPZReaderS3Iterable[thread=0] [resource-probe] RAM projection: prefetch=6 x dataloader_workers=4 x ranks_per_node=21 x record_length=139 MiB = 70463 MiB of in-flight buffer memory, but only 19644 MiB (of 30056 MiB total) is currently available.  OOM / swap-thrash under load is likely.  Fix: reduce storage_options.prefetch_window, or reduce DataLoader worker count, or move the S3 target off-node.
[WARNING] NPZReaderS3Iterable[thread=1] [resource-probe] RAM projection: prefetch=6 x dataloader_workers=4 x ranks_per_node=21 x record_length=139 MiB = 70463 MiB of in-flight buffer memory, but only 19644 MiB (of 30056 MiB total) is currently available.  OOM / swap-thrash under load is likely.  Fix: reduce storage_options.prefetch_window, or reduce DataLoader worker count, or move the S3 target off-node.
[WARNING] NPZReaderS3Iterable[thread=2] [resource-probe] RAM projection: prefetch=6 x dataloader_workers=4 x ranks_per_node=21 x record_length=139 MiB = 70463 MiB of in-flight buffer memory, but only 19644 MiB (of 30056 MiB total) is currently available.  OOM / swap-thrash under load is likely.  Fix: reduce storage_options.prefetch_window, or reduce DataLoader worker count, or move the S3 target off-node.
[WARNING] NPZReaderS3Iterable[thread=2] [resource-probe] RAM projection: prefetch=6 x dataloader_workers=4 x ranks_per_node=21 x record_length=139 MiB = 70463 MiB of in-flight buffer memory, but only 11776 MiB (of 30056 MiB total) is currently available.  OOM / swap-thrash under load is likely.  Fix: reduce storage_options.prefetch_window, or reduce DataLoader worker count, or move the S3 target off-node.
[WARNING] NPZReaderS3Iterable[thread=0] [resource-probe] RAM projection: prefetch=6 x dataloader_workers=4 x ranks_per_node=21 x record_length=139 MiB = 70463 MiB of in-flight buffer memory, but only 11779 MiB (of 30056 MiB total) is currently available.  OOM / swap-thrash under load is likely.  Fix: reduce storage_options.prefetch_window, or reduce DataLoader worker count, or move the S3 target off-node.
[WARNING] NPZReaderS3Iterable[thread=3] [resource-probe] RAM projection: prefetch=6 x dataloader_workers=4 x ranks_per_node=21 x record_length=139 MiB = 70463 MiB of in-flight buffer memory, but only 11779 MiB (of 30056 MiB total) is currently available.  OOM / swap-thrash under load is likely.  Fix: reduce storage_options.prefetch_window, or reduce DataLoader worker count, or move the S3 target off-node.
[WARNING] NPZReaderS3Iterable[thread=1] [resource-probe] RAM projection: prefetch=6 x dataloader_workers=4 x ranks_per_node=21 x record_length=139 MiB = 70463 MiB of in-flight buffer memory, but only 11780 MiB (of 30056 MiB total) is currently available.  OOM / swap-thrash under load is likely.  Fix: reduce storage_options.prefetch_window, or reduce DataLoader worker count, or move the S3 target off-node.
[WARNING] NPZReaderS3Iterable[thread=2] [resource-probe] RAM projection: prefetch=6 x dataloader_workers=4 x ranks_per_node=21 x record_length=139 MiB = 70463 MiB of in-flight buffer memory, but only 19755 MiB (of 30056 MiB total) is currently available.  OOM / swap-thrash under load is likely.  Fix: reduce storage_options.prefetch_window, or reduce DataLoader worker count, or move the S3 target off-node.
[WARNING] NPZReaderS3Iterable[thread=0] [resource-probe] RAM projection: prefetch=6 x dataloader_workers=4 x ranks_per_node=21 x record_length=139 MiB = 70463 MiB of in-flight buffer memory, but only 19755 MiB (of 30056 MiB total) is currently available.  OOM / swap-thrash under load is likely.  Fix: reduce storage_options.prefetch_window, or reduce DataLoader worker count, or move the S3 target off-node.
[WARNING] NPZReaderS3Iterable[thread=3] [resource-probe] RAM projection: prefetch=6 x dataloader_workers=4 x ranks_per_node=21 x record_length=139 MiB = 70463 MiB of in-flight buffer memory, but only 19755 MiB (of 30056 MiB total) is currently available.  OOM / swap-thrash under load is likely.  Fix: reduce storage_options.prefetch_window, or reduce DataLoader worker count, or move the S3 target off-node.
[WARNING] NPZReaderS3Iterable[thread=0] [resource-probe] RAM projection: prefetch=6 x dataloader_workers=4 x ranks_per_node=21 x record_length=139 MiB = 70463 MiB of in-flight buffer memory, but only 16034 MiB (of 30056 MiB total) is currently available.  OOM / swap-thrash under load is likely.  Fix: reduce storage_options.prefetch_window, or reduce DataLoader worker count, or move the S3 target off-node.
[WARNING] NPZReaderS3Iterable[thread=3] [resource-probe] RAM projection: prefetch=6 x dataloader_workers=4 x ranks_per_node=21 x record_length=139 MiB = 70463 MiB of in-flight buffer memory, but only 16034 MiB (of 30056 MiB total) is currently available.  OOM / swap-thrash under load is likely.  Fix: reduce storage_options.prefetch_window, or reduce DataLoader worker count, or move the S3 target off-node.
[WARNING] NPZReaderS3Iterable[thread=1] [resource-probe] RAM projection: prefetch=6 x dataloader_workers=4 x ranks_per_node=21 x record_length=139 MiB = 70463 MiB of in-flight buffer memory, but only 16034 MiB (of 30056 MiB total) is currently available.  OOM / swap-thrash under load is likely.  Fix: reduce storage_options.prefetch_window, or reduce DataLoader worker count, or move the S3 target off-node.
[WARNING] NPZReaderS3Iterable[thread=0] [resource-probe] RAM projection: prefetch=6 x dataloader_workers=4 x ranks_per_node=21 x record_length=139 MiB = 70463 MiB of in-flight buffer memory, but only 19668 MiB (of 30056 MiB total) is currently available.  OOM / swap-thrash under load is likely.  Fix: reduce storage_options.prefetch_window, or reduce DataLoader worker count, or move the S3 target off-node.
[WARNING] NPZReaderS3Iterable[thread=1] [resource-probe] RAM projection: prefetch=6 x dataloader_workers=4 x ranks_per_node=21 x record_length=139 MiB = 70463 MiB of in-flight buffer memory, but only 20205 MiB (of 30056 MiB total) is currently available.  OOM / swap-thrash under load is likely.  Fix: reduce storage_options.prefetch_window, or reduce DataLoader worker count, or move the S3 target off-node.
[WARNING] NPZReaderS3Iterable[thread=3] [resource-probe] RAM projection: prefetch=6 x dataloader_workers=4 x ranks_per_node=21 x record_length=139 MiB = 70463 MiB of in-flight buffer memory, but only 20205 MiB (of 30056 MiB total) is currently available.  OOM / swap-thrash under load is likely.  Fix: reduce storage_options.prefetch_window, or reduce DataLoader worker count, or move the S3 target off-node.
[WARNING] NPZReaderS3Iterable[thread=2] [resource-probe] RAM projection: prefetch=6 x dataloader_workers=4 x ranks_per_node=21 x record_length=139 MiB = 70463 MiB of in-flight buffer memory, but only 20205 MiB (of 30056 MiB total) is currently available.  OOM / swap-thrash under load is likely.  Fix: reduce storage_options.prefetch_window, or reduce DataLoader worker count, or move the S3 target off-node.
[WARNING] NPZReaderS3Iterable[thread=0] [resource-probe] RAM projection: prefetch=6 x dataloader_workers=4 x ranks_per_node=21 x record_length=139 MiB = 70463 MiB of in-flight buffer memory, but only 20205 MiB (of 30056 MiB total) is currently available.  OOM / swap-thrash under load is likely.  Fix: reduce storage_options.prefetch_window, or reduce DataLoader worker count, or move the S3 target off-node.
[WARNING] NPZReaderS3Iterable[thread=1] [resource-probe] RAM projection: prefetch=6 x dataloader_workers=4 x ranks_per_node=21 x record_length=139 MiB = 70463 MiB of in-flight buffer memory, but only 19587 MiB (of 30056 MiB total) is currently available.  OOM / swap-thrash under load is likely.  Fix: reduce storage_options.prefetch_window, or reduce DataLoader worker count, or move the S3 target off-node.
[WARNING] NPZReaderS3Iterable[thread=3] [resource-probe] RAM projection: prefetch=6 x dataloader_workers=4 x ranks_per_node=21 x record_length=139 MiB = 70463 MiB of in-flight buffer memory, but only 19587 MiB (of 30056 MiB total) is currently available.  OOM / swap-thrash under load is likely.  Fix: reduce storage_options.prefetch_window, or reduce DataLoader worker count, or move the S3 target off-node.
[WARNING] NPZReaderS3Iterable[thread=0] [resource-probe] RAM projection: prefetch=6 x dataloader_workers=4 x ranks_per_node=21 x record_length=139 MiB = 70463 MiB of in-flight buffer memory, but only 19587 MiB (of 30056 MiB total) is currently available.  OOM / swap-thrash under load is likely.  Fix: reduce storage_options.prefetch_window, or reduce DataLoader worker count, or move the S3 target off-node.
[WARNING] NPZReaderS3Iterable[thread=3] [resource-probe] RAM projection: prefetch=6 x dataloader_workers=4 x ranks_per_node=21 x record_length=139 MiB = 70463 MiB of in-flight buffer memory, but only 16261 MiB (of 30056 MiB total) is currently available.  OOM / swap-thrash under load is likely.  Fix: reduce storage_options.prefetch_window, or reduce DataLoader worker count, or move the S3 target off-node.
[WARNING] NPZReaderS3Iterable[thread=0] [resource-probe] RAM projection: prefetch=6 x dataloader_workers=4 x ranks_per_node=21 x record_length=139 MiB = 70463 MiB of in-flight buffer memory, but only 16261 MiB (of 30056 MiB total) is currently available.  OOM / swap-thrash under load is likely.  Fix: reduce storage_options.prefetch_window, or reduce DataLoader worker count, or move the S3 target off-node.
[WARNING] NPZReaderS3Iterable[thread=2] [resource-probe] RAM projection: prefetch=6 x dataloader_workers=4 x ranks_per_node=21 x record_length=139 MiB = 70463 MiB of in-flight buffer memory, but only 16261 MiB (of 30056 MiB total) is currently available.  OOM / swap-thrash under load is likely.  Fix: reduce storage_options.prefetch_window, or reduce DataLoader worker count, or move the S3 target off-node.
buffer memory, but only 19562 MiB (of 30056 MiB total) is currently available.  OOM / swap-thrash under load is likely.  Fix: reduce storage_options.prefetch_window, or reduce DataLoader worker count, or move the S3 target off-node.
[OUTPUT] 2026-07-14T18:08:58.715327 Worker pre-warm complete for epoch 6 (4 workers spawned)
[OUTPUT] 2026-07-14T18:08:58.923795 Saved outputs in /data/results-submission-final/closed/Nebius/results/nebius-s3-unet3d-21n/training/unet3d/run/20260714_175943
[OUTPUT] Averaged metric over all steps/epochs
[METRIC] ==========================================================
[METRIC] Number of Simulated Accelerators: 21 
[METRIC] Training Accelerator Utilization [AU] (%): 93.7124 (0.4838)
[METRIC] Training Throughput (samples/second): 849.4738 (4.3996)
[METRIC] Training I/O Throughput (MiB/second): 118764.2955 (615.1058)
[METRIC] train_au_meet_expectation: success
[METRIC] ==========================================================

[OUTPUT] 2026-07-14T18:08:58.951683 outputs saved in RANKID_output.json
B total) is currently available.  OOM / swap-thrash under load is likely.  Fix: reduce storage_options.prefetch_window, or reduce DataLoader worker count, or move the S3 target off-node.
[WARNING] NPZReaderS3Iterable[thread=1] [resource-probe] RAM projection: prefetch=6 x dataloader_workers=4 x ranks_per_node=21 x record_length=139 MiB = 70463 MiB of in-flight buffer memory, but only 11542 MiB (of 30056 MiB total) is currently available.  OOM / swap-thrash under load is likely.  Fix: reduce storage_options.prefetch_window, or reduce DataLoader worker count, or move the S3 target off-node.
[WARNING] NPZReaderS3Iterable[thread=3] [resource-probe] RAM projection: prefetch=6 x dataloader_workers=4 x ranks_per_node=21 x record_length=139 MiB = 70463 MiB of in-flight buffer memory, but only 11542 MiB (of 30056 MiB total) is currently available.  OOM / swap-thrash under load is likely.  Fix: reduce storage_options.prefetch_window, or reduce DataLoader worker count, or move the S3 target off-node.
[WARNING] NPZReaderS3Iterable[thread=0] [resource-probe] RAM projection: prefetch=6 x dataloader_workers=4 x ranks_per_node=21 x record_length=139 MiB = 70463 MiB of in-flight buffer memory, but only 11542 MiB (of 30056 MiB total) is currently available.  OOM / swap-thrash under load is likely.  Fix: reduce storage_options.prefetch_window, or reduce DataLoader worker count, or move the S3 target off-node.
[WARNING] NPZReaderS3Iterable[thread=1] [resource-probe] RAM projection: prefetch=6 x dataloader_workers=4 x ranks_per_node=21 x record_length=139 MiB = 70463 MiB of in-flight buffer memory, but only 19654 MiB (of 30056 MiB total) is currently available.  OOM / swap-thrash under load is likely.  Fix: reduce storage_options.prefetch_window, or reduce DataLoader worker count, or move the S3 target off-node.
[WARNING] NPZReaderS3Iterable[thread=3] [resource-probe] RAM projection: prefetch=6 x dataloader_workers=4 x ranks_per_node=21 x record_length=139 MiB = 70463 MiB of in-flight buffer memory, but only 19654 MiB (of 30056 MiB total) is currently available.  OOM / swap-thrash under load is likely.  Fix: reduce storage_options.prefetch_window, or reduce DataLoader worker count, or move the S3 target off-node.
[WARNING] NPZReaderS3Iterable[thread=0] [resource-probe] RAM projection: prefetch=6 x dataloader_workers=4 x ranks_per_node=21 x record_length=139 MiB = 70463 MiB of in-flight buffer memory, but only 19654 MiB (of 30056 MiB total) is currently available.  OOM / swap-thrash under load is likely.  Fix: reduce storage_options.prefetch_window, or reduce DataLoader worker count, or move the S3 target off-node.
[WARNING] NPZReaderS3Iterable[thread=2] [resource-probe] RAM projection: prefetch=6 x dataloader_workers=4 x ranks_per_node=21 x record_length=139 MiB = 70463 MiB of in-flight buffer memory, but only 19654 MiB (of 30056 MiB total) is currently available.  OOM / swap-thrash under load is likely.  Fix: reduce storage_options.prefetch_window, or reduce DataLoader worker count, or move the S3 target off-node.
[WARNING] NPZReaderS3Iterable[thread=2] [resource-probe] RAM projection: prefetch=6 x dataloader_workers=4 x ranks_per_node=21 x record_length=139 MiB = 70463 MiB of in-flight buffer memory, but only 15320 MiB (of 30056 MiB total) is currently available.  OOM / swap-thrash under load is likely.  Fix: reduce storage_options.prefetch_window, or reduce DataLoader worker count, or move the S3 target off-node.
[WARNING] NPZReaderS3Iterable[thread=1] [resource-probe] RAM projection: prefetch=6 x dataloader_workers=4 x ranks_per_node=21 x record_length=139 MiB = 70463 MiB of in-flight buffer memory, but only 15320 MiB (of 30056 MiB total) is currently available.  OOM / swap-thrash under load is likely.  Fix: reduce storage_options.prefetch_window, or reduce DataLoader worker count, or move the S3 target off-node.
[WARNING] NPZReaderS3Iterable[thread=3] [resource-probe] RAM projection: prefetch=6 x dataloader_workers=4 x ranks_per_node=21 x record_length=139 MiB = 70463 MiB of in-flight buffer memory, but only 15717 MiB (of 30056 MiB total) is currently available.  OOM / swap-thrash under load is likely.  Fix: reduce storage_options.prefetch_window, or reduce DataLoader worker count, or move the S3 target off-node.
[WARNING] NPZReaderS3Iterable[thread=0] [resource-probe] RAM projection: prefetch=6 x dataloader_workers=4 x ranks_per_node=21 x record_length=139 MiB = 70463 MiB of in-flight buffer memory, but only 15717 MiB (of 30056 MiB total) is currently available.  OOM / swap-thrash under load is likely.  Fix: reduce storage_options.prefetch_window, or reduce DataLoader worker count, or move the S3 target off-node.
[WARNING] NPZReaderS3Iterable[thread=3] [resource-probe] RAM projection: prefetch=6 x dataloader_workers=4 x ranks_per_node=21 x record_length=139 MiB = 70463 MiB of in-flight buffer memory, but only 19798 MiB (of 30056 MiB total) is currently available.  OOM / swap-thrash under load is likely.  Fix: reduce storage_options.prefetch_window, or reduce DataLoader worker count, or move the S3 target off-node.
[WARNING] NPZReaderS3Iterable[thread=0] [resource-probe] RAM projection: prefetch=6 x dataloader_workers=4 x ranks_per_node=21 x record_length=139 MiB = 70463 MiB of in-flight buffer memory, but only 19798 MiB (of 30056 MiB total) is currently available.  OOM / swap-thrash under load is likely.  Fix: reduce storage_options.prefetch_window, or reduce DataLoader worker count, or move the S3 target off-node.
[WARNING] NPZReaderS3Iterable[thread=1] [resource-probe] RAM projection: prefetch=6 x dataloader_workers=4 x ranks_per_node=21 x record_length=139 MiB = 70463 MiB of in-flight buffer memory, but only 19799 MiB (of 30056 MiB total) is currently available.  OOM / swap-thrash under load is likely.  Fix: reduce storage_options.prefetch_window, or reduce DataLoader worker count, or move the S3 target off-node.
[WARNING] NPZReaderS3Iterable[thread=2] [resource-probe] RAM projection: prefetch=6 x dataloader_workers=4 x ranks_per_node=21 x record_length=139 MiB = 70463 MiB of in-flight buffer memory, but only 19799 MiB (of 30056 MiB total) is currently available.  OOM / swap-thrash under load is likely.  Fix: reduce storage_options.prefetch_window, or reduce DataLoader worker count, or move the S3 target off-node.
[WARNING] NPZReaderS3Iterable[thread=2] [resource-probe] RAM projection: prefetch=6 x dataloader_workers=4 x ranks_per_node=21 x record_length=139 MiB = 70463 MiB of in-flight buffer memory, but only 19490 MiB (of 30056 MiB total) is currently available.  OOM / swap-thrash under load is likely.  Fix: reduce storage_options.prefetch_window, or reduce DataLoader worker count, or move the S3 target off-node.
[WARNING] NPZReaderS3Iterable[thread=0] [resource-probe] RAM projection: prefetch=6 x dataloader_workers=4 x ranks_per_node=21 x record_length=139 MiB = 70463 MiB of in-flight buffer memory, but only 19490 MiB (of 30056 MiB total) is currently available.  OOM / swap-thrash under load is likely.  Fix: reduce storage_options.prefetch_window, or reduce DataLoader worker count, or move the S3 target off-node.
[WARNING] NPZReaderS3Iterable[thread=3] [resource-probe] RAM projection: prefetch=6 x dataloader_workers=4 x ranks_per_node=21 x record_length=139 MiB = 70463 MiB of in-flight buffer memory, but only 19490 MiB (of 30056 MiB total) is currently available.  OOM / swap-thrash under load is likely.  Fix: reduce storage_options.prefetch_window, or reduce DataLoader worker count, or move the S3 target off-node.
[WARNING] NPZReaderS3Iterable[thread=1] [resource-probe] RAM projection: prefetch=6 x dataloader_workers=4 x ranks_per_node=21 x record_length=139 MiB = 70463 MiB of in-flight buffer memory, but only 19490 MiB (of 30056 MiB total) is currently available.  OOM / swap-thrash under load is likely.  Fix: reduce storage_options.prefetch_window, or reduce DataLoader worker count, or move the S3 target off-node.
[WARNING] NPZReaderS3Iterable[thread=1] [resource-probe] RAM projection: prefetch=6 x dataloader_workers=4 x ranks_per_node=21 x record_length=139 MiB = 70463 MiB of in-flight buffer memory, but only 19951 MiB (of 30056 MiB total) is currently available.  OOM / swap-thrash under load is likely.  Fix: reduce storage_options.prefetch_window, or reduce DataLoader worker count, or move the S3 target off-node.
[WARNING] NPZReaderS3Iterable[thread=2] [resource-probe] RAM projection: prefetch=6 x dataloader_workers=4 x ranks_per_node=21 x record_length=139 MiB = 70463 MiB of in-flight buffer memory, but only 19951 MiB (of 30056 MiB total) is currently available.  OOM / swap-thrash under load is likely.  Fix: reduce storage_options.prefetch_window, or reduce DataLoader worker count, or move the S3 target off-node.
[WARNING] NPZReaderS3Iterable[thread=3] [resource-probe] RAM projection: prefetch=6 x dataloader_workers=4 x ranks_per_node=21 x record_length=139 MiB = 70463 MiB of in-flight buffer memory, but only 19951 MiB (of 30056 MiB total) is currently available.  OOM / swap-thrash under load is likely.  Fix: reduce storage_options.prefetch_window, or reduce DataLoader worker count, or move the S3 target off-node.
[WARNING] NPZReaderS3Iterable[thread=0] [resource-probe] RAM projection: prefetch=6 x dataloader_workers=4 x ranks_per_node=21 x record_length=139 MiB = 70463 MiB of in-flight buffer memory, but only 19951 MiB (of 30056 MiB total) is currently available.  OOM / swap-thrash under load is likely.  Fix: reduce storage_options.prefetch_window, or reduce DataLoader worker count, or move the S3 target off-node.
