[OUTPUT] [DEBUG DLIOBenchmark.__init__] After LoadConfig:
[OUTPUT]   storage_type   = <StorageType.LOCAL_FS: 'local_fs'>
[OUTPUT]   storage_root   = './'
[OUTPUT]   storage_options= None
[OUTPUT]   data_folder    = '/mlperf-storage/mlpstorage_run/unet3d_data/unet3d'
[OUTPUT]   framework      = <FrameworkType.PYTORCH: 'pytorch'>
[OUTPUT]   num_files_train= 450002
[OUTPUT]   record_length  = 146600628
[OUTPUT]   generate_data  = False
[OUTPUT]   do_train       = True
[OUTPUT]   do_checkpoint  = False
[OUTPUT]   epochs         = 5
[OUTPUT]   batch_size     = 7
[OUTPUT] 2026-07-22T17:23:48.663177 Running DLIO [Training] with 16 process(es)
[OUTPUT] 2026-07-22T17:23:48.886090 skip_listing [train]: validating 4,502 of 450,002 files (first, last, every 100) via HEAD requests ...
[OUTPUT] 2026-07-22T17:23:49.291700 skip_listing [train]:   450/4,502 checked (10%)  —  1110 checks/s  —  ETA 4s  —  0 failed so far
[OUTPUT] 2026-07-22T17:23:49.691149 skip_listing [train]:   900/4,502 checked (20%)  —  1118 checks/s  —  ETA 3s  —  0 failed so far
[OUTPUT] 2026-07-22T17:23:50.085617 skip_listing [train]:   1,350/4,502 checked (30%)  —  1126 checks/s  —  ETA 3s  —  0 failed so far
[OUTPUT] 2026-07-22T17:23:50.483381 skip_listing [train]:   1,800/4,502 checked (40%)  —  1127 checks/s  —  ETA 2s  —  0 failed so far
[OUTPUT] 2026-07-22T17:23:50.918810 skip_listing [train]:   2,250/4,502 checked (50%)  —  1107 checks/s  —  ETA 2s  —  0 failed so far
[OUTPUT] 2026-07-22T17:23:51.369768 skip_listing [train]:   2,700/4,502 checked (60%)  —  1087 checks/s  —  ETA 2s  —  0 failed so far
[OUTPUT] 2026-07-22T17:23:51.821127 skip_listing [train]:   3,150/4,502 checked (70%)  —  1073 checks/s  —  ETA 1s  —  0 failed so far
[OUTPUT] 2026-07-22T17:23:52.450026 skip_listing [train]:   3,600/4,502 checked (80%)  —  1010 checks/s  —  ETA 1s  —  0 failed so far
[OUTPUT] 2026-07-22T17:23:52.996052 skip_listing [train]:   4,050/4,502 checked (90%)  —  985 checks/s  —  ETA 0s  —  0 failed so far
[OUTPUT] 2026-07-22T17:23:53.473884 skip_listing [train]:   4,500/4,502 checked (100%)  —  981 checks/s  —  ETA 0s  —  0 failed so far
[OUTPUT] 2026-07-22T17:23:53.475034 skip_listing [train]: validation complete — all 4,502 samples exist (4.6s, 981 checks/s); 28,126 URIs ready for rank 0 (450,002 total across all ranks)
[OUTPUT] 2026-07-22T17:23:53.476252 File listing [train]: 450002 files discovered, 28125 assigned to rank 0, completed in 4.64s
[OUTPUT] 2026-07-22T17:23:53.476336 skip_listing [valid]: generated 0 file URIs deterministically (0 total — validation disabled)
[OUTPUT] 2026-07-22T17:23:53.476375 File listing [valid]: 0 files discovered, 0 assigned to rank 0, completed in 0.00s
[OUTPUT] 2026-07-22T17:23:53.476406 Streamed file sharding: 450002 train files across 16 ranks via round-robin (rank 0 shard: 28125 files)
[OUTPUT] 2026-07-22T17:23:54.375210 Max steps per epoch per rank: 64286 = 1 * 450002 / 7 (samples per file * local files / batch size)
[OUTPUT] 2026-07-22T17:23:54.452446 Reshard for epoch 1: 28125 train files, 0 eval files redistributed via alltoall in 0.08s
[OUTPUT] 2026-07-22T17:24:17.102390 Worker pre-warm complete (96 workers spawned)
[OUTPUT] 2026-07-22T17:24:17.867633 Starting epoch 1: 4017 steps expected
[OUTPUT] 2026-07-22T17:24:17.867956 Starting block 1
[OUTPUT] 2026-07-22T17:35:44.312462 Ending block 1 - 4017 steps completed in 686.44 s
[OUTPUT] 2026-07-22T17:35:44.482229 Epoch 1 - Block 1 [Training] Accelerator Utilization [AU] (%): 96.9940
[OUTPUT] 2026-07-22T17:35:44.482310 Epoch 1 - Block 1 [Training] Throughput (samples/second): 670.1186
[OUTPUT] 2026-07-22T17:35:44.483596 Epoch 1 - Block 1 [Training] Computation time per step (second): 0.1621+/-0.0000 (set value: {'mean': 0.162})
[OUTPUT] 2026-07-22T17:35:44.484948 Ending epoch 1 - 4017 steps completed in 686.62 s
[OUTPUT] 2026-07-22T17:35:44.508136 Reshard for epoch 2: 28125 train files, 0 eval files redistributed via alltoall in 0.02s
[OUTPUT] 2026-07-22T17:36:02.761982 Worker pre-warm complete for epoch 2 (96 workers spawned)
[OUTPUT] 2026-07-22T17:36:07.324831 Starting epoch 2: 4017 steps expected
[OUTPUT] 2026-07-22T17:36:07.325177 Starting block 1
[OUTPUT] 2026-07-22T17:47:36.341533 Ending block 1 - 4017 steps completed in 689.02 s
[OUTPUT] 2026-07-22T17:47:36.495618 Epoch 2 - Block 1 [Training] Accelerator Utilization [AU] (%): 96.7207
[OUTPUT] 2026-07-22T17:47:36.495683 Epoch 2 - Block 1 [Training] Throughput (samples/second): 668.2371
[OUTPUT] 2026-07-22T17:47:36.496140 Epoch 2 - Block 1 [Training] Computation time per step (second): 0.1621+/-0.0000 (set value: {'mean': 0.162})
[OUTPUT] 2026-07-22T17:47:36.497392 Ending epoch 2 - 4017 steps completed in 689.17 s
[OUTPUT] 2026-07-22T17:47:36.527701 Reshard for epoch 3: 28125 train files, 0 eval files redistributed via alltoall in 0.03s
[OUTPUT] 2026-07-22T17:47:53.520082 Worker pre-warm complete for epoch 3 (96 workers spawned)
[OUTPUT] 2026-07-22T17:47:58.872956 Starting epoch 3: 4017 steps expected
[OUTPUT] 2026-07-22T17:47:58.873323 Starting block 1
[OUTPUT] 2026-07-22T17:59:29.570588 Ending block 1 - 4017 steps completed in 690.70 s
[OUTPUT] 2026-07-22T17:59:29.723698 Epoch 3 - Block 1 [Training] Accelerator Utilization [AU] (%): 96.3641
[OUTPUT] 2026-07-22T17:59:29.723762 Epoch 3 - Block 1 [Training] Throughput (samples/second): 665.7713
[OUTPUT] 2026-07-22T17:59:29.724222 Epoch 3 - Block 1 [Training] Computation time per step (second): 0.1621+/-0.0000 (set value: {'mean': 0.162})
[OUTPUT] 2026-07-22T17:59:29.725617 Ending epoch 3 - 4017 steps completed in 690.85 s
[OUTPUT] 2026-07-22T17:59:29.752340 Reshard for epoch 4: 28125 train files, 0 eval files redistributed via alltoall in 0.03s
[OUTPUT] 2026-07-22T17:59:47.312960 Worker pre-warm complete for epoch 4 (96 workers spawned)
[OUTPUT] 2026-07-22T17:59:52.684912 Starting epoch 4: 4017 steps expected
[OUTPUT] 2026-07-22T17:59:52.685360 Starting block 1
[OUTPUT] 2026-07-22T18:11:21.641460 Ending block 1 - 4017 steps completed in 688.96 s
[OUTPUT] 2026-07-22T18:11:21.795977 Epoch 4 - Block 1 [Training] Accelerator Utilization [AU] (%): 96.6159
[OUTPUT] 2026-07-22T18:11:21.796058 Epoch 4 - Block 1 [Training] Throughput (samples/second): 667.4941
[OUTPUT] 2026-07-22T18:11:21.796454 Epoch 4 - Block 1 [Training] Computation time per step (second): 0.1621+/-0.0000 (set value: {'mean': 0.162})
[OUTPUT] 2026-07-22T18:11:21.797673 Ending epoch 4 - 4017 steps completed in 689.11 s
[OUTPUT] 2026-07-22T18:11:21.826086 Reshard for epoch 5: 28125 train files, 0 eval files redistributed via alltoall in 0.03s
[OUTPUT] 2026-07-22T18:11:40.596269 Worker pre-warm complete for epoch 5 (96 workers spawned)
[OUTPUT] 2026-07-22T18:11:45.169283 Starting epoch 5: 4017 steps expected
[OUTPUT] 2026-07-22T18:11:45.169622 Starting block 1
[OUTPUT] 2026-07-22T18:23:18.033344 Ending block 1 - 4017 steps completed in 692.86 s
[OUTPUT] 2026-07-22T18:23:18.186540 Epoch 5 - Block 1 [Training] Accelerator Utilization [AU] (%): 96.0708
[OUTPUT] 2026-07-22T18:23:18.186625 Epoch 5 - Block 1 [Training] Throughput (samples/second): 663.7113
[OUTPUT] 2026-07-22T18:23:18.187076 Epoch 5 - Block 1 [Training] Computation time per step (second): 0.1621+/-0.0000 (set value: {'mean': 0.162})
[OUTPUT] 2026-07-22T18:23:18.188240 Ending epoch 5 - 4017 steps completed in 693.02 s
[OUTPUT] 2026-07-22T18:23:18.219555 Reshard for epoch 6: 28125 train files, 0 eval files redistributed via alltoall in 0.03s
[OUTPUT] 2026-07-22T18:23:36.041736 Worker pre-warm complete for epoch 6 (96 workers spawned)
[OUTPUT] 2026-07-22T18:23:36.197529 Saved outputs in /submission/submission_Microsoft_training/closed/Microsoft/results/AMLFS-Durable-Premium-40-2400TiB-16-Standard_D192ds_v6/training/unet3d/run/20260722_172214
[OUTPUT] Averaged metric over all steps/epochs
[METRIC] ==========================================================
[METRIC] Number of Simulated Accelerators: 16 
[METRIC] Training Accelerator Utilization [AU] (%): 96.2117 (0.2757)
[METRIC] Training Throughput (samples/second): 664.6949 (1.9102)
[METRIC] Training I/O Throughput (MiB/second): 92930.4983 (267.0667)
[METRIC] train_au_meet_expectation: success
[METRIC] ==========================================================

[OUTPUT] 2026-07-22T18:23:38.583257 outputs saved in RANKID_output.json
