[OUTPUT] [DEBUG DLIOBenchmark.__init__] After LoadConfig:
[OUTPUT]   storage_type   = <StorageType.LOCAL_FS: 'local_fs'>
[OUTPUT]   storage_root   = './'
[OUTPUT]   storage_options= None
[OUTPUT]   data_folder    = '/mnt/glfs/GalaxSphere-4Tier0/training/unet3d'
[OUTPUT]   framework      = <FrameworkType.PYTORCH: 'pytorch'>
[OUTPUT]   num_files_train= 280000
[OUTPUT]   record_length  = 146600628
[OUTPUT]   generate_data  = False
[OUTPUT]   do_train       = True
[OUTPUT]   do_checkpoint  = False
[OUTPUT]   epochs         = 5
[OUTPUT]   batch_size     = 7
[OUTPUT] 2026-07-09T20:45:52.633835 Running DLIO [Training] with 80 process(es)
[OUTPUT] 2026-07-09T20:45:52.662234 skip_listing [train]: validating 280,000 of 280,000 files (first, last, every 1) via HEAD requests ...
[OUTPUT] 2026-07-09T20:45:52.688328 skip_listing [train]:   500/280,000 checked (0%)  —  19270 checks/s  —  ETA 15s  —  0 failed so far
[OUTPUT] 2026-07-09T20:45:52.702940 skip_listing [train]:   1,000/280,000 checked (0%)  —  24655 checks/s  —  ETA 11s  —  0 failed so far
[OUTPUT] 2026-07-09T20:45:52.717833 skip_listing [train]:   1,500/280,000 checked (1%)  —  27050 checks/s  —  ETA 10s  —  0 failed so far
[OUTPUT] 2026-07-09T20:45:52.730181 skip_listing [train]:   2,000/280,000 checked (1%)  —  29498 checks/s  —  ETA 9s  —  0 failed so far
[OUTPUT] 2026-07-09T20:45:52.746340 skip_listing [train]:   2,500/280,000 checked (1%)  —  29775 checks/s  —  ETA 9s  —  0 failed so far
[OUTPUT] 2026-07-09T20:45:52.763191 skip_listing [train]:   3,000/280,000 checked (1%)  —  29758 checks/s  —  ETA 9s  —  0 failed so far
[OUTPUT] 2026-07-09T20:45:52.777958 skip_listing [train]:   3,500/280,000 checked (1%)  —  30282 checks/s  —  ETA 9s  —  0 failed so far
[OUTPUT] 2026-07-09T20:45:52.790928 skip_listing [train]:   4,000/280,000 checked (1%)  —  31117 checks/s  —  ETA 9s  —  0 failed so far
[OUTPUT] 2026-07-09T20:45:52.803103 skip_listing [train]:   4,500/280,000 checked (2%)  —  31977 checks/s  —  ETA 9s  —  0 failed so far
[OUTPUT] 2026-07-09T20:45:52.815626 skip_listing [train]:   5,000/280,000 checked (2%)  —  32626 checks/s  —  ETA 8s  —  0 failed so far
[OUTPUT] 2026-07-09T20:45:52.828602 skip_listing [train]:   5,500/280,000 checked (2%)  —  33088 checks/s  —  ETA 8s  —  0 failed so far
[OUTPUT] 2026-07-09T20:45:52.842077 skip_listing [train]:   6,000/280,000 checked (2%)  —  33389 checks/s  —  ETA 8s  —  0 failed so far
[OUTPUT] 2026-07-09T20:45:52.855453 skip_listing [train]:   6,500/280,000 checked (2%)  —  33665 checks/s  —  ETA 8s  —  0 failed so far
[OUTPUT] 2026-07-09T20:45:52.866491 skip_listing [train]:   7,000/280,000 checked (2%)  —  34294 checks/s  —  ETA 8s  —  0 failed so far
[OUTPUT] 2026-07-09T20:45:52.879494 skip_listing [train]:   7,500/280,000 checked (3%)  —  34543 checks/s  —  ETA 8s  —  0 failed so far
[OUTPUT] 2026-07-09T20:45:52.891564 skip_listing [train]:   8,000/280,000 checked (3%)  —  34906 checks/s  —  ETA 8s  —  0 failed so far
[OUTPUT] 2026-07-09T20:45:52.905722 skip_listing [train]:   8,500/280,000 checked (3%)  —  34930 checks/s  —  ETA 8s  —  0 failed so far
[OUTPUT] 2026-07-09T20:45:52.919090 skip_listing [train]:   9,000/280,000 checked (3%)  —  35058 checks/s  —  ETA 8s  —  0 failed so far
[OUTPUT] 2026-07-09T20:45:52.932104 skip_listing [train]:   9,500/280,000 checked (3%)  —  35221 checks/s  —  ETA 8s  —  0 failed so far
[OUTPUT] 2026-07-09T20:45:52.944545 skip_listing [train]:   10,000/280,000 checked (4%)  —  35440 checks/s  —  ETA 8s  —  0 failed so far
[OUTPUT] 2026-07-09T20:45:52.959265 skip_listing [train]:   10,500/280,000 checked (4%)  —  35367 checks/s  —  ETA 8s  —  0 failed so far
[OUTPUT] 2026-07-09T20:45:52.971766 skip_listing [train]:   11,000/280,000 checked (4%)  —  35554 checks/s  —  ETA 8s  —  0 failed so far
[OUTPUT] 2026-07-09T20:45:52.984155 skip_listing [train]:   11,500/280,000 checked (4%)  —  35739 checks/s  —  ETA 8s  —  0 failed so far
[OUTPUT] 2026-07-09T20:45:52.994881 skip_listing [train]:   12,000/280,000 checked (4%)  —  36090 checks/s  —  ETA 7s  —  0 failed so far
[OUTPUT] 2026-07-09T20:45:53.004885 skip_listing [train]:   12,500/280,000 checked (4%)  —  36495 checks/s  —  ETA 7s  —  0 failed so far
[OUTPUT] 2026-07-09T20:45:53.016661 skip_listing [train]:   13,000/280,000 checked (5%)  —  36694 checks/s  —  ETA 7s  —  0 failed so far
[OUTPUT] 2026-07-09T20:45:53.030709 skip_listing [train]:   13,500/280,000 checked (5%)  —  36652 checks/s  —  ETA 7s  —  0 failed so far
[OUTPUT] 2026-07-09T20:45:53.045109 skip_listing [train]:   14,000/280,000 checked (5%)  —  36579 checks/s  —  ETA 7s  —  0 failed so far
[OUTPUT] 2026-07-09T20:45:53.056083 skip_listing [train]:   14,500/280,000 checked (5%)  —  36829 checks/s  —  ETA 7s  —  0 failed so far
[OUTPUT] 2026-07-09T20:45:53.069043 skip_listing [train]:   15,000/280,000 checked (5%)  —  36885 checks/s  —  ETA 7s  —  0 failed so far
[OUTPUT] 2026-07-09T20:45:53.082832 skip_listing [train]:   15,500/280,000 checked (6%)  —  36865 checks/s  —  ETA 7s  —  0 failed so far
[OUTPUT] 2026-07-09T20:45:53.096613 skip_listing [train]:   16,000/280,000 checked (6%)  —  36846 checks/s  —  ETA 7s  —  0 failed so far
[OUTPUT] 2026-07-09T20:45:53.110058 skip_listing [train]:   16,500/280,000 checked (6%)  —  36856 checks/s  —  ETA 7s  —  0 failed so far
[OUTPUT] 2026-07-09T20:45:53.125181 skip_listing [train]:   17,000/280,000 checked (6%)  —  36733 checks/s  —  ETA 7s  —  0 failed so far
[OUTPUT] 2026-07-09T20:45:53.136316 skip_listing [train]:   17,500/280,000 checked (6%)  —  36925 checks/s  —  ETA 7s  —  0 failed so far
[OUTPUT] 2026-07-09T20:45:53.151850 skip_listing [train]:   18,000/280,000 checked (6%)  —  36774 checks/s  —  ETA 7s  —  0 failed so far
[OUTPUT] 2026-07-09T20:45:53.163035 skip_listing [train]:   18,500/280,000 checked (7%)  —  36952 checks/s  —  ETA 7s  —  0 failed so far
[OUTPUT] 2026-07-09T20:45:53.178674 skip_listing [train]:   19,000/280,000 checked (7%)  —  36801 checks/s  —  ETA 7s  —  0 failed so far
[OUTPUT] 2026-07-09T20:45:53.193729 skip_listing [train]:   19,500/280,000 checked (7%)  —  36699 checks/s  —  ETA 7s  —  0 failed so far
[OUTPUT] 2026-07-09T20:45:53.204205 skip_listing [train]:   20,000/280,000 checked (7%)  —  36912 checks/s  —  ETA 7s  —  0 failed so far
[OUTPUT] 2026-07-09T20:45:53.218398 skip_listing [train]:   20,500/280,000 checked (7%)  —  36869 checks/s  —  ETA 7s  —  0 failed so far
[OUTPUT] 2026-07-09T20:45:53.233762 skip_listing [train]:   21,000/280,000 checked (8%)  —  36753 checks/s  —  ETA 7s  —  0 failed so far
[OUTPUT] 2026-07-09T20:45:53.245430 skip_listing [train]:   21,500/280,000 checked (8%)  —  36875 checks/s  —  ETA 7s  —  0 failed so far
[OUTPUT] 2026-07-09T20:45:53.258370 skip_listing [train]:   22,000/280,000 checked (8%)  —  36913 checks/s  —  ETA 7s  —  0 failed so far
[OUTPUT] 2026-07-09T20:45:53.270758 skip_listing [train]:   22,500/280,000 checked (8%)  —  36984 checks/s  —  ETA 7s  —  0 failed so far
[OUTPUT] 2026-07-09T20:45:53.284202 skip_listing [train]:   23,000/280,000 checked (8%)  —  36988 checks/s  —  ETA 7s  —  0 failed so far
[OUTPUT] 2026-07-09T20:45:53.296531 skip_listing [train]:   23,500/280,000 checked (8%)  —  37057 checks/s  —  ETA 7s  —  0 failed so far
[OUTPUT] 2026-07-09T20:45:53.311003 skip_listing [train]:   24,000/280,000 checked (9%)  —  37001 checks/s  —  ETA 7s  —  0 failed so far
[OUTPUT] 2026-07-09T20:45:53.325710 skip_listing [train]:   24,500/280,000 checked (9%)  —  36935 checks/s  —  ETA 7s  —  0 failed so far
[OUTPUT] 2026-07-09T20:45:53.337702 skip_listing [train]:   25,000/280,000 checked (9%)  —  37019 checks/s  —  ETA 7s  —  0 failed so far
[OUTPUT] 2026-07-09T20:45:53.352398 skip_listing [train]:   25,500/280,000 checked (9%)  —  36955 checks/s  —  ETA 7s  —  0 failed so far
[OUTPUT] 2026-07-09T20:45:53.365806 skip_listing [train]:   26,000/280,000 checked (9%)  —  36962 checks/s  —  ETA 7s  —  0 failed so far
[OUTPUT] 2026-07-09T20:45:53.378672 skip_listing [train]:   26,500/280,000 checked (9%)  —  36996 checks/s  —  ETA 7s  —  0 failed so far
[OUTPUT] 2026-07-09T20:45:53.392741 skip_listing [train]:   27,000/280,000 checked (10%)  —  36968 checks/s  —  ETA 7s  —  0 failed so far
[OUTPUT] 2026-07-09T20:45:53.404551 skip_listing [train]:   27,500/280,000 checked (10%)  —  37053 checks/s  —  ETA 7s  —  0 failed so far
[OUTPUT] 2026-07-09T20:45:53.418418 skip_listing [train]:   28,000/280,000 checked (10%)  —  37035 checks/s  —  ETA 7s  —  0 failed so far
[OUTPUT] 2026-07-09T20:45:53.431231 skip_listing [train]:   28,500/280,000 checked (10%)  —  37068 checks/s  —  ETA 7s  —  0 failed so far
[OUTPUT] 2026-07-09T20:45:53.441581 skip_listing [train]:   29,000/280,000 checked (10%)  —  37217 checks/s  —  ETA 7s  —  0 failed so far
[OUTPUT] 2026-07-09T20:45:53.456254 skip_listing [train]:   29,500/280,000 checked (11%)  —  37159 checks/s  —  ETA 7s  —  0 failed so far
[OUTPUT] 2026-07-09T20:45:53.470696 skip_listing [train]:   30,000/280,000 checked (11%)  —  37114 checks/s  —  ETA 7s  —  0 failed so far
[OUTPUT] 2026-07-09T20:45:53.484664 skip_listing [train]:   30,500/280,000 checked (11%)  —  37092 checks/s  —  ETA 7s  —  0 failed so far
[OUTPUT] 2026-07-09T20:45:53.497900 skip_listing [train]:   31,000/280,000 checked (11%)  —  37103 checks/s  —  ETA 7s  —  0 failed so far
[OUTPUT] 2026-07-09T20:45:53.511524 skip_listing [train]:   31,500/280,000 checked (11%)  —  37096 checks/s  —  ETA 7s  —  0 failed so far
[OUTPUT] 2026-07-09T20:45:53.525632 skip_listing [train]:   32,000/280,000 checked (11%)  —  37069 checks/s  —  ETA 7s  —  0 failed so far
[OUTPUT] 2026-07-09T20:45:53.538927 skip_listing [train]:   32,500/280,000 checked (12%)  —  37077 checks/s  —  ETA 7s  —  0 failed so far
[OUTPUT] 2026-07-09T20:45:53.552231 skip_listing [train]:   33,000/280,000 checked (12%)  —  37085 checks/s  —  ETA 7s  —  0 failed so far
[OUTPUT] 2026-07-09T20:45:53.566709 skip_listing [train]:   33,500/280,000 checked (12%)  —  37044 checks/s  —  ETA 7s  —  0 failed so far
[OUTPUT] 2026-07-09T20:45:53.581340 skip_listing [train]:   34,000/280,000 checked (12%)  —  36998 checks/s  —  ETA 7s  —  0 failed so far
[OUTPUT] 2026-07-09T20:45:53.595821 skip_listing [train]:   34,500/280,000 checked (12%)  —  36960 checks/s  —  ETA 7s  —  0 failed so far
[OUTPUT] 2026-07-09T20:45:53.609963 skip_listing [train]:   35,000/280,000 checked (12%)  —  36936 checks/s  —  ETA 7s  —  0 failed so far
[OUTPUT] 2026-07-09T20:45:53.623759 skip_listing [train]:   35,500/280,000 checked (13%)  —  36926 checks/s  —  ETA 7s  —  0 failed so far
[OUTPUT] 2026-07-09T20:45:53.636269 skip_listing [train]:   36,000/280,000 checked (13%)  —  36965 checks/s  —  ETA 7s  —  0 failed so far
[OUTPUT] 2026-07-09T20:45:53.649104 skip_listing [train]:   36,500/280,000 checked (13%)  —  36991 checks/s  —  ETA 7s  —  0 failed so far
[OUTPUT] 2026-07-09T20:45:53.662641 skip_listing [train]:   37,000/280,000 checked (13%)  —  36990 checks/s  —  ETA 7s  —  0 failed so far
[OUTPUT] 2026-07-09T20:45:53.678921 skip_listing [train]:   37,500/280,000 checked (13%)  —  36890 checks/s  —  ETA 7s  —  0 failed so far
[OUTPUT] 2026-07-09T20:45:53.691298 skip_listing [train]:   38,000/280,000 checked (14%)  —  36932 checks/s  —  ETA 7s  —  0 failed so far
[OUTPUT] 2026-07-09T20:45:53.704526 skip_listing [train]:   38,500/280,000 checked (14%)  —  36943 checks/s  —  ETA 7s  —  0 failed so far
[OUTPUT] 2026-07-09T20:45:53.717183 skip_listing [train]:   39,000/280,000 checked (14%)  —  36974 checks/s  —  ETA 7s  —  0 failed so far
[OUTPUT] 2026-07-09T20:45:53.729368 skip_listing [train]:   39,500/280,000 checked (14%)  —  37020 checks/s  —  ETA 6s  —  0 failed so far
[OUTPUT] 2026-07-09T20:45:53.741950 skip_listing [train]:   40,000/280,000 checked (14%)  —  37052 checks/s  —  ETA 6s  —  0 failed so far
[OUTPUT] 2026-07-09T20:45:53.757967 skip_listing [train]:   40,500/280,000 checked (14%)  —  36966 checks/s  —  ETA 6s  —  0 failed so far
[OUTPUT] 2026-07-09T20:45:53.771131 skip_listing [train]:   41,000/280,000 checked (15%)  —  36978 checks/s  —  ETA 6s  —  0 failed so far
[OUTPUT] 2026-07-09T20:45:53.787187 skip_listing [train]:   41,500/280,000 checked (15%)  —  36895 checks/s  —  ETA 6s  —  0 failed so far
[OUTPUT] 2026-07-09T20:45:53.799631 skip_listing [train]:   42,000/280,000 checked (15%)  —  36931 checks/s  —  ETA 6s  —  0 failed so far
[OUTPUT] 2026-07-09T20:45:53.814798 skip_listing [train]:   42,500/280,000 checked (15%)  —  36879 checks/s  —  ETA 6s  —  0 failed so far
[OUTPUT] 2026-07-09T20:45:53.830986 skip_listing [train]:   43,000/280,000 checked (15%)  —  36796 checks/s  —  ETA 6s  —  0 failed so far
[OUTPUT] 2026-07-09T20:45:53.845748 skip_listing [train]:   43,500/280,000 checked (16%)  —  36759 checks/s  —  ETA 6s  —  0 failed so far
[OUTPUT] 2026-07-09T20:45:53.860686 skip_listing [train]:   44,000/280,000 checked (16%)  —  36718 checks/s  —  ETA 6s  —  0 failed so far
[OUTPUT] 2026-07-09T20:45:53.874428 skip_listing [train]:   44,500/280,000 checked (16%)  —  36715 checks/s  —  ETA 6s  —  0 failed so far
[OUTPUT] 2026-07-09T20:45:53.888391 skip_listing [train]:   45,000/280,000 checked (16%)  —  36704 checks/s  —  ETA 6s  —  0 failed so far
[OUTPUT] 2026-07-09T20:45:53.901050 skip_listing [train]:   45,500/280,000 checked (16%)  —  36733 checks/s  —  ETA 6s  —  0 failed so far
[OUTPUT] 2026-07-09T20:45:53.912014 skip_listing [train]:   46,000/280,000 checked (16%)  —  36811 checks/s  —  ETA 6s  —  0 failed so far
[OUTPUT] 2026-07-09T20:45:53.926120 skip_listing [train]:   46,500/280,000 checked (17%)  —  36795 checks/s  —  ETA 6s  —  0 failed so far
[OUTPUT] 2026-07-09T20:45:53.940762 skip_listing [train]:   47,000/280,000 checked (17%)  —  36765 checks/s  —  ETA 6s  —  0 failed so far
[OUTPUT] 2026-07-09T20:45:53.957935 skip_listing [train]:   47,500/280,000 checked (17%)  —  36664 checks/s  —  ETA 6s  —  0 failed so far
[OUTPUT] 2026-07-09T20:45:53.970709 skip_listing [train]:   48,000/280,000 checked (17%)  —  36688 checks/s  —  ETA 6s  —  0 failed so far
[OUTPUT] 2026-07-09T20:45:53.984436 skip_listing [train]:   48,500/280,000 checked (17%)  —  36685 checks/s  —  ETA 6s  —  0 failed so far
[OUTPUT] 2026-07-09T20:45:53.997736 skip_listing [train]:   49,000/280,000 checked (18%)  —  36694 checks/s  —  ETA 6s  —  0 failed so far
[OUTPUT] 2026-07-09T20:45:54.009260 skip_listing [train]:   49,500/280,000 checked (18%)  —  36752 checks/s  —  ETA 6s  —  0 failed so far
[OUTPUT] 2026-07-09T20:45:54.020371 skip_listing [train]:   50,000/280,000 checked (18%)  —  36819 checks/s  —  ETA 6s  —  0 failed so far
[OUTPUT] 2026-07-09T20:45:54.033694 skip_listing [train]:   50,500/280,000 checked (18%)  —  36826 checks/s  —  ETA 6s  —  0 failed so far
[OUTPUT] 2026-07-09T20:45:54.048423 skip_listing [train]:   51,000/280,000 checked (18%)  —  36795 checks/s  —  ETA 6s  —  0 failed so far
[OUTPUT] 2026-07-09T20:45:54.060129 skip_listing [train]:   51,500/280,000 checked (18%)  —  36845 checks/s  —  ETA 6s  —  0 failed so far
[OUTPUT] 2026-07-09T20:45:54.071757 skip_listing [train]:   52,000/280,000 checked (19%)  —  36896 checks/s  —  ETA 6s  —  0 failed so far
[OUTPUT] 2026-07-09T20:45:54.085804 skip_listing [train]:   52,500/280,000 checked (19%)  —  36883 checks/s  —  ETA 6s  —  0 failed so far
[OUTPUT] 2026-07-09T20:45:54.097583 skip_listing [train]:   53,000/280,000 checked (19%)  —  36929 checks/s  —  ETA 6s  —  0 failed so far
[OUTPUT] 2026-07-09T20:45:54.111040 skip_listing [train]:   53,500/280,000 checked (19%)  —  36931 checks/s  —  ETA 6s  —  0 failed so far
[OUTPUT] 2026-07-09T20:45:54.124626 skip_listing [train]:   54,000/280,000 checked (19%)  —  36929 checks/s  —  ETA 6s  —  0 failed so far
[OUTPUT] 2026-07-09T20:45:54.140745 skip_listing [train]:   54,500/280,000 checked (19%)  —  36865 checks/s  —  ETA 6s  —  0 failed so far
[OUTPUT] 2026-07-09T20:45:54.152171 skip_listing [train]:   55,000/280,000 checked (20%)  —  36918 checks/s  —  ETA 6s  —  0 failed so far
[OUTPUT] 2026-07-09T20:45:54.165429 skip_listing [train]:   55,500/280,000 checked (20%)  —  36925 checks/s  —  ETA 6s  —  0 failed so far
[OUTPUT] 2026-07-09T20:45:54.180379 skip_listing [train]:   56,000/280,000 checked (20%)  —  36891 checks/s  —  ETA 6s  —  0 failed so far
[OUTPUT] 2026-07-09T20:45:54.194074 skip_listing [train]:   56,500/280,000 checked (20%)  —  36887 checks/s  —  ETA 6s  —  0 failed so far
[OUTPUT] 2026-07-09T20:45:54.206516 skip_listing [train]:   57,000/280,000 checked (20%)  —  36914 checks/s  —  ETA 6s  —  0 failed so far
[OUTPUT] 2026-07-09T20:45:54.221034 skip_listing [train]:   57,500/280,000 checked (21%)  —  36891 checks/s  —  ETA 6s  —  0 failed so far
[OUTPUT] 2026-07-09T20:45:54.234364 skip_listing [train]:   58,000/280,000 checked (21%)  —  36896 checks/s  —  ETA 6s  —  0 failed so far
[OUTPUT] 2026-07-09T20:45:54.248483 skip_listing [train]:   58,500/280,000 checked (21%)  —  36883 checks/s  —  ETA 6s  —  0 failed so far
[OUTPUT] 2026-07-09T20:45:54.261498 skip_listing [train]:   59,000/280,000 checked (21%)  —  36895 checks/s  —  ETA 6s  —  0 failed so far
[OUTPUT] 2026-07-09T20:45:54.275222 skip_listing [train]:   59,500/280,000 checked (21%)  —  36891 checks/s  —  ETA 6s  —  0 failed so far
[OUTPUT] 2026-07-09T20:45:54.289052 skip_listing [train]:   60,000/280,000 checked (21%)  —  36885 checks/s  —  ETA 6s  —  0 failed so far
[OUTPUT] 2026-07-09T20:45:54.302415 skip_listing [train]:   60,500/280,000 checked (22%)  —  36889 checks/s  —  ETA 6s  —  0 failed so far
[OUTPUT] 2026-07-09T20:45:54.314354 skip_listing [train]:   61,000/280,000 checked (22%)  —  36926 checks/s  —  ETA 6s  —  0 failed so far
[OUTPUT] 2026-07-09T20:45:54.324922 skip_listing [train]:   61,500/280,000 checked (22%)  —  36992 checks/s  —  ETA 6s  —  0 failed so far
[OUTPUT] 2026-07-09T20:45:54.338770 skip_listing [train]:   62,000/280,000 checked (22%)  —  36984 checks/s  —  ETA 6s  —  0 failed so far
[OUTPUT] 2026-07-09T20:45:54.351874 skip_listing [train]:   62,500/280,000 checked (22%)  —  36993 checks/s  —  ETA 6s  —  0 failed so far
[OUTPUT] 2026-07-09T20:45:54.364469 skip_listing [train]:   63,000/280,000 checked (22%)  —  37013 checks/s  —  ETA 6s  —  0 failed so far
[OUTPUT] 2026-07-09T20:45:54.375896 skip_listing [train]:   63,500/280,000 checked (23%)  —  37058 checks/s  —  ETA 6s  —  0 failed so far
[OUTPUT] 2026-07-09T20:45:54.389141 skip_listing [train]:   64,000/280,000 checked (23%)  —  37064 checks/s  —  ETA 6s  —  0 failed so far
[OUTPUT] 2026-07-09T20:45:54.402707 skip_listing [train]:   64,500/280,000 checked (23%)  —  37062 checks/s  —  ETA 6s  —  0 failed so far
[OUTPUT] 2026-07-09T20:45:54.415984 skip_listing [train]:   65,000/280,000 checked (23%)  —  37066 checks/s  —  ETA 6s  —  0 failed so far
[OUTPUT] 2026-07-09T20:45:54.431207 skip_listing [train]:   65,500/280,000 checked (23%)  —  37030 checks/s  —  ETA 6s  —  0 failed so far
[OUTPUT] 2026-07-09T20:45:54.445804 skip_listing [train]:   66,000/280,000 checked (24%)  —  37007 checks/s  —  ETA 6s  —  0 failed so far
[OUTPUT] 2026-07-09T20:45:54.460533 skip_listing [train]:   66,500/280,000 checked (24%)  —  36982 checks/s  —  ETA 6s  —  0 failed so far
[OUTPUT] 2026-07-09T20:45:54.472177 skip_listing [train]:   67,000/280,000 checked (24%)  —  37021 checks/s  —  ETA 6s  —  0 failed so far
[OUTPUT] 2026-07-09T20:45:54.483989 skip_listing [train]:   67,500/280,000 checked (24%)  —  37055 checks/s  —  ETA 6s  —  0 failed so far
[OUTPUT] 2026-07-09T20:45:54.496495 skip_listing [train]:   68,000/280,000 checked (24%)  —  37075 checks/s  —  ETA 6s  —  0 failed so far
[OUTPUT] 2026-07-09T20:45:54.510226 skip_listing [train]:   68,500/280,000 checked (24%)  —  37070 checks/s  —  ETA 6s  —  0 failed so far
[OUTPUT] 2026-07-09T20:45:54.524145 skip_listing [train]:   69,000/280,000 checked (25%)  —  37062 checks/s  —  ETA 6s  —  0 failed so far
[OUTPUT] 2026-07-09T20:45:54.537392 skip_listing [train]:   69,500/280,000 checked (25%)  —  37066 checks/s  —  ETA 6s  —  0 failed so far
[OUTPUT] 2026-07-09T20:45:54.551776 skip_listing [train]:   70,000/280,000 checked (25%)  —  37049 checks/s  —  ETA 6s  —  0 failed so far
[OUTPUT] 2026-07-09T20:45:54.563806 skip_listing [train]:   70,500/280,000 checked (25%)  —  37077 checks/s  —  ETA 6s  —  0 failed so far
[OUTPUT] 2026-07-09T20:45:54.575854 skip_listing [train]:   71,000/280,000 checked (25%)  —  37105 checks/s  —  ETA 6s  —  0 failed so far
[OUTPUT] 2026-07-09T20:45:54.589843 skip_listing [train]:   71,500/280,000 checked (26%)  —  37095 checks/s  —  ETA 6s  —  0 failed so far
[OUTPUT] 2026-07-09T20:45:54.605510 skip_listing [train]:   72,000/280,000 checked (26%)  —  37054 checks/s  —  ETA 6s  —  0 failed so far
[OUTPUT] 2026-07-09T20:45:54.618175 skip_listing [train]:   72,500/280,000 checked (26%)  —  37069 checks/s  —  ETA 6s  —  0 failed so far
[OUTPUT] 2026-07-09T20:45:54.632012 skip_listing [train]:   73,000/280,000 checked (26%)  —  37063 checks/s  —  ETA 6s  —  0 failed so far
[OUTPUT] 2026-07-09T20:45:54.643217 skip_listing [train]:   73,500/280,000 checked (26%)  —  37105 checks/s  —  ETA 6s  —  0 failed so far
[OUTPUT] 2026-07-09T20:45:54.655826 skip_listing [train]:   74,000/280,000 checked (26%)  —  37122 checks/s  —  ETA 6s  —  0 failed so far
[OUTPUT] 2026-07-09T20:45:54.673607 skip_listing [train]:   74,500/280,000 checked (27%)  —  37042 checks/s  —  ETA 6s  —  0 failed so far
[OUTPUT] 2026-07-09T20:45:54.686556 skip_listing [train]:   75,000/280,000 checked (27%)  —  37052 checks/s  —  ETA 6s  —  0 failed so far
[OUTPUT] 2026-07-09T20:45:54.698661 skip_listing [train]:   75,500/280,000 checked (27%)  —  37077 checks/s  —  ETA 6s  —  0 failed so far
[OUTPUT] 2026-07-09T20:45:54.712608 skip_listing [train]:   76,000/280,000 checked (27%)  —  37069 checks/s  —  ETA 6s  —  0 failed so far
[OUTPUT] 2026-07-09T20:45:54.726580 skip_listing [train]:   76,500/280,000 checked (27%)  —  37060 checks/s  —  ETA 5s  —  0 failed so far
[OUTPUT] 2026-07-09T20:45:54.740868 skip_listing [train]:   77,000/280,000 checked (28%)  —  37046 checks/s  —  ETA 5s  —  0 failed so far
[OUTPUT] 2026-07-09T20:45:54.754983 skip_listing [train]:   77,500/280,000 checked (28%)  —  37035 checks/s  —  ETA 5s  —  0 failed so far
[OUTPUT] 2026-07-09T20:45:54.769709 skip_listing [train]:   78,000/280,000 checked (28%)  —  37014 checks/s  —  ETA 5s  —  0 failed so far
[OUTPUT] 2026-07-09T20:45:54.780760 skip_listing [train]:   78,500/280,000 checked (28%)  —  37057 checks/s  —  ETA 5s  —  0 failed so far
[OUTPUT] 2026-07-09T20:45:54.795205 skip_listing [train]:   79,000/280,000 checked (28%)  —  37040 checks/s  —  ETA 5s  —  0 failed so far
[OUTPUT] 2026-07-09T20:45:54.805811 skip_listing [train]:   79,500/280,000 checked (28%)  —  37090 checks/s  —  ETA 5s  —  0 failed so far
[OUTPUT] 2026-07-09T20:45:54.818418 skip_listing [train]:   80,000/280,000 checked (29%)  —  37105 checks/s  —  ETA 5s  —  0 failed so far
[OUTPUT] 2026-07-09T20:45:54.830720 skip_listing [train]:   80,500/280,000 checked (29%)  —  37125 checks/s  —  ETA 5s  —  0 failed so far
[OUTPUT] 2026-07-09T20:45:54.846812 skip_listing [train]:   81,000/280,000 checked (29%)  —  37081 checks/s  —  ETA 5s  —  0 failed so far
[OUTPUT] 2026-07-09T20:45:54.860448 skip_listing [train]:   81,500/280,000 checked (29%)  —  37078 checks/s  —  ETA 5s  —  0 failed so far
[OUTPUT] 2026-07-09T20:45:54.871920 skip_listing [train]:   82,000/280,000 checked (29%)  —  37112 checks/s  —  ETA 5s  —  0 failed so far
[OUTPUT] 2026-07-09T20:45:54.883665 skip_listing [train]:   82,500/280,000 checked (29%)  —  37141 checks/s  —  ETA 5s  —  0 failed so far
[OUTPUT] 2026-07-09T20:45:54.895456 skip_listing [train]:   83,000/280,000 checked (30%)  —  37168 checks/s  —  ETA 5s  —  0 failed so far
[OUTPUT] 2026-07-09T20:45:54.909682 skip_listing [train]:   83,500/280,000 checked (30%)  —  37156 checks/s  —  ETA 5s  —  0 failed so far
[OUTPUT] 2026-07-09T20:45:54.922809 skip_listing [train]:   84,000/280,000 checked (30%)  —  37161 checks/s  —  ETA 5s  —  0 failed so far
[OUTPUT] 2026-07-09T20:45:54.934690 skip_listing [train]:   84,500/280,000 checked (30%)  —  37187 checks/s  —  ETA 5s  —  0 failed so far
[OUTPUT] 2026-07-09T20:45:54.947159 skip_listing [train]:   85,000/280,000 checked (30%)  —  37203 checks/s  —  ETA 5s  —  0 failed so far
[OUTPUT] 2026-07-09T20:45:54.961684 skip_listing [train]:   85,500/280,000 checked (31%)  —  37185 checks/s  —  ETA 5s  —  0 failed so far
[OUTPUT] 2026-07-09T20:45:54.974059 skip_listing [train]:   86,000/280,000 checked (31%)  —  37202 checks/s  —  ETA 5s  —  0 failed so far
[OUTPUT] 2026-07-09T20:45:54.987595 skip_listing [train]:   86,500/280,000 checked (31%)  —  37201 checks/s  —  ETA 5s  —  0 failed so far
[OUTPUT] 2026-07-09T20:45:55.001687 skip_listing [train]:   87,000/280,000 checked (31%)  —  37191 checks/s  —  ETA 5s  —  0 failed so far
[OUTPUT] 2026-07-09T20:45:55.013444 skip_listing [train]:   87,500/280,000 checked (31%)  —  37217 checks/s  —  ETA 5s  —  0 failed so far
[OUTPUT] 2026-07-09T20:45:55.025924 skip_listing [train]:   88,000/280,000 checked (31%)  —  37232 checks/s  —  ETA 5s  —  0 failed so far
[OUTPUT] 2026-07-09T20:45:55.039486 skip_listing [train]:   88,500/280,000 checked (32%)  —  37230 checks/s  —  ETA 5s  —  0 failed so far
[OUTPUT] 2026-07-09T20:45:55.052714 skip_listing [train]:   89,000/280,000 checked (32%)  —  37233 checks/s  —  ETA 5s  —  0 failed so far
[OUTPUT] 2026-07-09T20:45:55.065417 skip_listing [train]:   89,500/280,000 checked (32%)  —  37244 checks/s  —  ETA 5s  —  0 failed so far
[OUTPUT] 2026-07-09T20:45:55.077024 skip_listing [train]:   90,000/280,000 checked (32%)  —  37273 checks/s  —  ETA 5s  —  0 failed so far
[OUTPUT] 2026-07-09T20:45:55.091045 skip_listing [train]:   90,500/280,000 checked (32%)  —  37263 checks/s  —  ETA 5s  —  0 failed so far
[OUTPUT] 2026-07-09T20:45:55.105366 skip_listing [train]:   91,000/280,000 checked (32%)  —  37249 checks/s  —  ETA 5s  —  0 failed so far
[OUTPUT] 2026-07-09T20:45:55.117908 skip_listing [train]:   91,500/280,000 checked (33%)  —  37263 checks/s  —  ETA 5s  —  0 failed so far
[OUTPUT] 2026-07-09T20:45:55.131116 skip_listing [train]:   92,000/280,000 checked (33%)  —  37266 checks/s  —  ETA 5s  —  0 failed so far
[OUTPUT] 2026-07-09T20:45:55.146392 skip_listing [train]:   92,500/280,000 checked (33%)  —  37238 checks/s  —  ETA 5s  —  0 failed so far
[OUTPUT] 2026-07-09T20:45:55.159898 skip_listing [train]:   93,000/280,000 checked (33%)  —  37237 checks/s  —  ETA 5s  —  0 failed so far
[OUTPUT] 2026-07-09T20:45:55.172673 skip_listing [train]:   93,500/280,000 checked (33%)  —  37247 checks/s  —  ETA 5s  —  0 failed so far
[OUTPUT] 2026-07-09T20:45:55.187892 skip_listing [train]:   94,000/280,000 checked (34%)  —  37220 checks/s  —  ETA 5s  —  0 failed so far
[OUTPUT] 2026-07-09T20:45:55.200673 skip_listing [train]:   94,500/280,000 checked (34%)  —  37230 checks/s  —  ETA 5s  —  0 failed so far
[OUTPUT] 2026-07-09T20:45:55.211572 skip_listing [train]:   95,000/280,000 checked (34%)  —  37267 checks/s  —  ETA 5s  —  0 failed so far
[OUTPUT] 2026-07-09T20:45:55.224056 skip_listing [train]:   95,500/280,000 checked (34%)  —  37280 checks/s  —  ETA 5s  —  0 failed so far
[OUTPUT] 2026-07-09T20:45:55.239513 skip_listing [train]:   96,000/280,000 checked (34%)  —  37251 checks/s  —  ETA 5s  —  0 failed so far
[OUTPUT] 2026-07-09T20:45:55.250242 skip_listing [train]:   96,500/280,000 checked (34%)  —  37289 checks/s  —  ETA 5s  —  0 failed so far
[OUTPUT] 2026-07-09T20:45:55.266378 skip_listing [train]:   97,000/280,000 checked (35%)  —  37250 checks/s  —  ETA 5s  —  0 failed so far
[OUTPUT] 2026-07-09T20:45:55.281368 skip_listing [train]:   97,500/280,000 checked (35%)  —  37228 checks/s  —  ETA 5s  —  0 failed so far
[OUTPUT] 2026-07-09T20:45:55.294703 skip_listing [train]:   98,000/280,000 checked (35%)  —  37229 checks/s  —  ETA 5s  —  0 failed so far
[OUTPUT] 2026-07-09T20:45:55.306875 skip_listing [train]:   98,500/280,000 checked (35%)  —  37247 checks/s  —  ETA 5s  —  0 failed so far
[OUTPUT] 2026-07-09T20:45:55.317233 skip_listing [train]:   99,000/280,000 checked (35%)  —  37290 checks/s  —  ETA 5s  —  0 failed so far
[OUTPUT] 2026-07-09T20:45:55.332673 skip_listing [train]:   99,500/280,000 checked (36%)  —  37262 checks/s  —  ETA 5s  —  0 failed so far
[OUTPUT] 2026-07-09T20:45:55.344815 skip_listing [train]:   100,000/280,000 checked (36%)  —  37280 checks/s  —  ETA 5s  —  0 failed so far
[OUTPUT] 2026-07-09T20:45:55.359285 skip_listing [train]:   100,500/280,000 checked (36%)  —  37265 checks/s  —  ETA 5s  —  0 failed so far
[OUTPUT] 2026-07-09T20:45:55.372653 skip_listing [train]:   101,000/280,000 checked (36%)  —  37266 checks/s  —  ETA 5s  —  0 failed so far
[OUTPUT] 2026-07-09T20:45:55.385802 skip_listing [train]:   101,500/280,000 checked (36%)  —  37269 checks/s  —  ETA 5s  —  0 failed so far
[OUTPUT] 2026-07-09T20:45:55.397355 skip_listing [train]:   102,000/280,000 checked (36%)  —  37295 checks/s  —  ETA 5s  —  0 failed so far
[OUTPUT] 2026-07-09T20:45:55.410650 skip_listing [train]:   102,500/280,000 checked (37%)  —  37296 checks/s  —  ETA 5s  —  0 failed so far
[OUTPUT] 2026-07-09T20:45:55.426354 skip_listing [train]:   103,000/280,000 checked (37%)  —  37265 checks/s  —  ETA 5s  —  0 failed so far
[OUTPUT] 2026-07-09T20:45:55.437318 skip_listing [train]:   103,500/280,000 checked (37%)  —  37298 checks/s  —  ETA 5s  —  0 failed so far
[OUTPUT] 2026-07-09T20:45:55.449994 skip_listing [train]:   104,000/280,000 checked (37%)  —  37308 checks/s  —  ETA 5s  —  0 failed so far
[OUTPUT] 2026-07-09T20:45:55.461946 skip_listing [train]:   104,500/280,000 checked (37%)  —  37327 checks/s  —  ETA 5s  —  0 failed so far
[OUTPUT] 2026-07-09T20:45:55.475237 skip_listing [train]:   105,000/280,000 checked (38%)  —  37329 checks/s  —  ETA 5s  —  0 failed so far
[OUTPUT] 2026-07-09T20:45:55.490297 skip_listing [train]:   105,500/280,000 checked (38%)  —  37307 checks/s  —  ETA 5s  —  0 failed so far
[OUTPUT] 2026-07-09T20:45:55.503828 skip_listing [train]:   106,000/280,000 checked (38%)  —  37305 checks/s  —  ETA 5s  —  0 failed so far
[OUTPUT] 2026-07-09T20:45:55.517850 skip_listing [train]:   106,500/280,000 checked (38%)  —  37297 checks/s  —  ETA 5s  —  0 failed so far
[OUTPUT] 2026-07-09T20:45:55.532101 skip_listing [train]:   107,000/280,000 checked (38%)  —  37286 checks/s  —  ETA 5s  —  0 failed so far
[OUTPUT] 2026-07-09T20:45:55.544578 skip_listing [train]:   107,500/280,000 checked (38%)  —  37298 checks/s  —  ETA 5s  —  0 failed so far
[OUTPUT] 2026-07-09T20:45:55.555877 skip_listing [train]:   108,000/280,000 checked (39%)  —  37325 checks/s  —  ETA 5s  —  0 failed so far
[OUTPUT] 2026-07-09T20:45:55.570287 skip_listing [train]:   108,500/280,000 checked (39%)  —  37312 checks/s  —  ETA 5s  —  0 failed so far
[OUTPUT] 2026-07-09T20:45:55.583550 skip_listing [train]:   109,000/280,000 checked (39%)  —  37314 checks/s  —  ETA 5s  —  0 failed so far
[OUTPUT] 2026-07-09T20:45:55.595338 skip_listing [train]:   109,500/280,000 checked (39%)  —  37334 checks/s  —  ETA 5s  —  0 failed so far
[OUTPUT] 2026-07-09T20:45:55.609393 skip_listing [train]:   110,000/280,000 checked (39%)  —  37326 checks/s  —  ETA 5s  —  0 failed so far
[OUTPUT] 2026-07-09T20:45:55.620516 skip_listing [train]:   110,500/280,000 checked (39%)  —  37355 checks/s  —  ETA 5s  —  0 failed so far
[OUTPUT] 2026-07-09T20:45:55.633118 skip_listing [train]:   111,000/280,000 checked (40%)  —  37364 checks/s  —  ETA 5s  —  0 failed so far
[OUTPUT] 2026-07-09T20:45:55.645390 skip_listing [train]:   111,500/280,000 checked (40%)  —  37378 checks/s  —  ETA 5s  —  0 failed so far
[OUTPUT] 2026-07-09T20:45:55.661480 skip_listing [train]:   112,000/280,000 checked (40%)  —  37345 checks/s  —  ETA 4s  —  0 failed so far
[OUTPUT] 2026-07-09T20:45:55.676136 skip_listing [train]:   112,500/280,000 checked (40%)  —  37329 checks/s  —  ETA 4s  —  0 failed so far
[OUTPUT] 2026-07-09T20:45:55.686299 skip_listing [train]:   113,000/280,000 checked (40%)  —  37369 checks/s  —  ETA 4s  —  0 failed so far
[OUTPUT] 2026-07-09T20:45:55.700565 skip_listing [train]:   113,500/280,000 checked (41%)  —  37358 checks/s  —  ETA 4s  —  0 failed so far
[OUTPUT] 2026-07-09T20:45:55.714044 skip_listing [train]:   114,000/280,000 checked (41%)  —  37357 checks/s  —  ETA 4s  —  0 failed so far
[OUTPUT] 2026-07-09T20:45:55.728812 skip_listing [train]:   114,500/280,000 checked (41%)  —  37340 checks/s  —  ETA 4s  —  0 failed so far
[OUTPUT] 2026-07-09T20:45:55.741637 skip_listing [train]:   115,000/280,000 checked (41%)  —  37347 checks/s  —  ETA 4s  —  0 failed so far
[OUTPUT] 2026-07-09T20:45:55.753597 skip_listing [train]:   115,500/280,000 checked (41%)  —  37364 checks/s  —  ETA 4s  —  0 failed so far
[OUTPUT] 2026-07-09T20:45:55.766268 skip_listing [train]:   116,000/280,000 checked (41%)  —  37372 checks/s  —  ETA 4s  —  0 failed so far
[OUTPUT] 2026-07-09T20:45:55.781118 skip_listing [train]:   116,500/280,000 checked (42%)  —  37355 checks/s  —  ETA 4s  —  0 failed so far
[OUTPUT] 2026-07-09T20:45:55.795061 skip_listing [train]:   117,000/280,000 checked (42%)  —  37348 checks/s  —  ETA 4s  —  0 failed so far
[OUTPUT] 2026-07-09T20:45:55.807532 skip_listing [train]:   117,500/280,000 checked (42%)  —  37359 checks/s  —  ETA 4s  —  0 failed so far
[OUTPUT] 2026-07-09T20:45:55.821291 skip_listing [train]:   118,000/280,000 checked (42%)  —  37355 checks/s  —  ETA 4s  —  0 failed so far
[OUTPUT] 2026-07-09T20:45:55.833700 skip_listing [train]:   118,500/280,000 checked (42%)  —  37366 checks/s  —  ETA 4s  —  0 failed so far
[OUTPUT] 2026-07-09T20:45:55.845426 skip_listing [train]:   119,000/280,000 checked (42%)  —  37386 checks/s  —  ETA 4s  —  0 failed so far
[OUTPUT] 2026-07-09T20:45:55.860175 skip_listing [train]:   119,500/280,000 checked (43%)  —  37369 checks/s  —  ETA 4s  —  0 failed so far
[OUTPUT] 2026-07-09T20:45:55.872251 skip_listing [train]:   120,000/280,000 checked (43%)  —  37385 checks/s  —  ETA 4s  —  0 failed so far
[OUTPUT] 2026-07-09T20:45:55.884309 skip_listing [train]:   120,500/280,000 checked (43%)  —  37400 checks/s  —  ETA 4s  —  0 failed so far
[OUTPUT] 2026-07-09T20:45:55.896586 skip_listing [train]:   121,000/280,000 checked (43%)  —  37413 checks/s  —  ETA 4s  —  0 failed so far
[OUTPUT] 2026-07-09T20:45:55.909225 skip_listing [train]:   121,500/280,000 checked (43%)  —  37421 checks/s  —  ETA 4s  —  0 failed so far
[OUTPUT] 2026-07-09T20:45:55.920789 skip_listing [train]:   122,000/280,000 checked (44%)  —  37442 checks/s  —  ETA 4s  —  0 failed so far
[OUTPUT] 2026-07-09T20:45:55.932010 skip_listing [train]:   122,500/280,000 checked (44%)  —  37466 checks/s  —  ETA 4s  —  0 failed so far
[OUTPUT] 2026-07-09T20:45:55.946329 skip_listing [train]:   123,000/280,000 checked (44%)  —  37455 checks/s  —  ETA 4s  —  0 failed so far
[OUTPUT] 2026-07-09T20:45:55.961288 skip_listing [train]:   123,500/280,000 checked (44%)  —  37437 checks/s  —  ETA 4s  —  0 failed so far
[OUTPUT] 2026-07-09T20:45:55.974071 skip_listing [train]:   124,000/280,000 checked (44%)  —  37443 checks/s  —  ETA 4s  —  0 failed so far
[OUTPUT] 2026-07-09T20:45:55.987415 skip_listing [train]:   124,500/280,000 checked (44%)  —  37443 checks/s  —  ETA 4s  —  0 failed so far
[OUTPUT] 2026-07-09T20:45:56.000554 skip_listing [train]:   125,000/280,000 checked (45%)  —  37446 checks/s  —  ETA 4s  —  0 failed so far
[OUTPUT] 2026-07-09T20:45:56.013960 skip_listing [train]:   125,500/280,000 checked (45%)  —  37445 checks/s  —  ETA 4s  —  0 failed so far
[OUTPUT] 2026-07-09T20:45:56.027778 skip_listing [train]:   126,000/280,000 checked (45%)  —  37440 checks/s  —  ETA 4s  —  0 failed so far
[OUTPUT] 2026-07-09T20:45:56.039270 skip_listing [train]:   126,500/280,000 checked (45%)  —  37460 checks/s  —  ETA 4s  —  0 failed so far
[OUTPUT] 2026-07-09T20:45:56.051964 skip_listing [train]:   127,000/280,000 checked (45%)  —  37468 checks/s  —  ETA 4s  —  0 failed so far
[OUTPUT] 2026-07-09T20:45:56.066579 skip_listing [train]:   127,500/280,000 checked (46%)  —  37454 checks/s  —  ETA 4s  —  0 failed so far
[OUTPUT] 2026-07-09T20:45:56.080024 skip_listing [train]:   128,000/280,000 checked (46%)  —  37453 checks/s  —  ETA 4s  —  0 failed so far
[OUTPUT] 2026-07-09T20:45:56.095564 skip_listing [train]:   128,500/280,000 checked (46%)  —  37429 checks/s  —  ETA 4s  —  0 failed so far
[OUTPUT] 2026-07-09T20:45:56.108324 skip_listing [train]:   129,000/280,000 checked (46%)  —  37435 checks/s  —  ETA 4s  —  0 failed so far
[OUTPUT] 2026-07-09T20:45:56.123529 skip_listing [train]:   129,500/280,000 checked (46%)  —  37415 checks/s  —  ETA 4s  —  0 failed so far
[OUTPUT] 2026-07-09T20:45:56.136588 skip_listing [train]:   130,000/280,000 checked (46%)  —  37419 checks/s  —  ETA 4s  —  0 failed so far
[OUTPUT] 2026-07-09T20:45:56.149605 skip_listing [train]:   130,500/280,000 checked (47%)  —  37422 checks/s  —  ETA 4s  —  0 failed so far
[OUTPUT] 2026-07-09T20:45:56.164402 skip_listing [train]:   131,000/280,000 checked (47%)  —  37407 checks/s  —  ETA 4s  —  0 failed so far
[OUTPUT] 2026-07-09T20:45:56.179070 skip_listing [train]:   131,500/280,000 checked (47%)  —  37393 checks/s  —  ETA 4s  —  0 failed so far
[OUTPUT] 2026-07-09T20:45:56.189892 skip_listing [train]:   132,000/280,000 checked (47%)  —  37420 checks/s  —  ETA 4s  —  0 failed so far
[OUTPUT] 2026-07-09T20:45:56.200618 skip_listing [train]:   132,500/280,000 checked (47%)  —  37448 checks/s  —  ETA 4s  —  0 failed so far
[OUTPUT] 2026-07-09T20:45:56.212655 skip_listing [train]:   133,000/280,000 checked (48%)  —  37462 checks/s  —  ETA 4s  —  0 failed so far
[OUTPUT] 2026-07-09T20:45:56.225332 skip_listing [train]:   133,500/280,000 checked (48%)  —  37469 checks/s  —  ETA 4s  —  0 failed so far
[OUTPUT] 2026-07-09T20:45:56.240100 skip_listing [train]:   134,000/280,000 checked (48%)  —  37454 checks/s  —  ETA 4s  —  0 failed so far
[OUTPUT] 2026-07-09T20:45:56.253668 skip_listing [train]:   134,500/280,000 checked (48%)  —  37452 checks/s  —  ETA 4s  —  0 failed so far
[OUTPUT] 2026-07-09T20:45:56.266277 skip_listing [train]:   135,000/280,000 checked (48%)  —  37459 checks/s  —  ETA 4s  —  0 failed so far
[OUTPUT] 2026-07-09T20:45:56.278678 skip_listing [train]:   135,500/280,000 checked (48%)  —  37469 checks/s  —  ETA 4s  —  0 failed so far
[OUTPUT] 2026-07-09T20:45:56.292122 skip_listing [train]:   136,000/280,000 checked (49%)  —  37468 checks/s  —  ETA 4s  —  0 failed so far
[OUTPUT] 2026-07-09T20:45:56.305860 skip_listing [train]:   136,500/280,000 checked (49%)  —  37464 checks/s  —  ETA 4s  —  0 failed so far
[OUTPUT] 2026-07-09T20:45:56.320020 skip_listing [train]:   137,000/280,000 checked (49%)  —  37456 checks/s  —  ETA 4s  —  0 failed so far
[OUTPUT] 2026-07-09T20:45:56.333591 skip_listing [train]:   137,500/280,000 checked (49%)  —  37454 checks/s  —  ETA 4s  —  0 failed so far
[OUTPUT] 2026-07-09T20:45:56.345031 skip_listing [train]:   138,000/280,000 checked (49%)  —  37473 checks/s  —  ETA 4s  —  0 failed so far
[OUTPUT] 2026-07-09T20:45:56.357183 skip_listing [train]:   138,500/280,000 checked (49%)  —  37485 checks/s  —  ETA 4s  —  0 failed so far
[OUTPUT] 2026-07-09T20:45:56.371038 skip_listing [train]:   139,000/280,000 checked (50%)  —  37480 checks/s  —  ETA 4s  —  0 failed so far
[OUTPUT] 2026-07-09T20:45:56.383785 skip_listing [train]:   139,500/280,000 checked (50%)  —  37486 checks/s  —  ETA 4s  —  0 failed so far
[OUTPUT] 2026-07-09T20:45:56.399730 skip_listing [train]:   140,000/280,000 checked (50%)  —  37460 checks/s  —  ETA 4s  —  0 failed so far
[OUTPUT] 2026-07-09T20:45:56.414083 skip_listing [train]:   140,500/280,000 checked (50%)  —  37450 checks/s  —  ETA 4s  —  0 failed so far
[OUTPUT] 2026-07-09T20:45:56.425845 skip_listing [train]:   141,000/280,000 checked (50%)  —  37465 checks/s  —  ETA 4s  —  0 failed so far
[OUTPUT] 2026-07-09T20:45:56.439578 skip_listing [train]:   141,500/280,000 checked (51%)  —  37462 checks/s  —  ETA 4s  —  0 failed so far
[OUTPUT] 2026-07-09T20:45:56.455078 skip_listing [train]:   142,000/280,000 checked (51%)  —  37440 checks/s  —  ETA 4s  —  0 failed so far
[OUTPUT] 2026-07-09T20:45:56.469198 skip_listing [train]:   142,500/280,000 checked (51%)  —  37433 checks/s  —  ETA 4s  —  0 failed so far
[OUTPUT] 2026-07-09T20:45:56.481892 skip_listing [train]:   143,000/280,000 checked (51%)  —  37439 checks/s  —  ETA 4s  —  0 failed so far
[OUTPUT] 2026-07-09T20:45:56.493940 skip_listing [train]:   143,500/280,000 checked (51%)  —  37452 checks/s  —  ETA 4s  —  0 failed so far
[OUTPUT] 2026-07-09T20:45:56.505879 skip_listing [train]:   144,000/280,000 checked (51%)  —  37466 checks/s  —  ETA 4s  —  0 failed so far
[OUTPUT] 2026-07-09T20:45:56.517770 skip_listing [train]:   144,500/280,000 checked (52%)  —  37480 checks/s  —  ETA 4s  —  0 failed so far
[OUTPUT] 2026-07-09T20:45:56.532590 skip_listing [train]:   145,000/280,000 checked (52%)  —  37466 checks/s  —  ETA 4s  —  0 failed so far
[OUTPUT] 2026-07-09T20:45:56.547144 skip_listing [train]:   145,500/280,000 checked (52%)  —  37454 checks/s  —  ETA 4s  —  0 failed so far
[OUTPUT] 2026-07-09T20:45:56.560651 skip_listing [train]:   146,000/280,000 checked (52%)  —  37452 checks/s  —  ETA 4s  —  0 failed so far
[OUTPUT] 2026-07-09T20:45:56.573029 skip_listing [train]:   146,500/280,000 checked (52%)  —  37462 checks/s  —  ETA 4s  —  0 failed so far
[OUTPUT] 2026-07-09T20:45:56.585464 skip_listing [train]:   147,000/280,000 checked (52%)  —  37470 checks/s  —  ETA 4s  —  0 failed so far
[OUTPUT] 2026-07-09T20:45:56.595582 skip_listing [train]:   147,500/280,000 checked (53%)  —  37501 checks/s  —  ETA 4s  —  0 failed so far
[OUTPUT] 2026-07-09T20:45:56.610738 skip_listing [train]:   148,000/280,000 checked (53%)  —  37484 checks/s  —  ETA 4s  —  0 failed so far
[OUTPUT] 2026-07-09T20:45:56.624989 skip_listing [train]:   148,500/280,000 checked (53%)  —  37475 checks/s  —  ETA 4s  —  0 failed so far
[OUTPUT] 2026-07-09T20:45:56.639776 skip_listing [train]:   149,000/280,000 checked (53%)  —  37462 checks/s  —  ETA 3s  —  0 failed so far
[OUTPUT] 2026-07-09T20:45:56.655599 skip_listing [train]:   149,500/280,000 checked (53%)  —  37438 checks/s  —  ETA 3s  —  0 failed so far
[OUTPUT] 2026-07-09T20:45:56.673190 skip_listing [train]:   150,000/280,000 checked (54%)  —  37399 checks/s  —  ETA 3s  —  0 failed so far
[OUTPUT] 2026-07-09T20:45:56.686308 skip_listing [train]:   150,500/280,000 checked (54%)  —  37401 checks/s  —  ETA 3s  —  0 failed so far
[OUTPUT] 2026-07-09T20:45:56.698667 skip_listing [train]:   151,000/280,000 checked (54%)  —  37411 checks/s  —  ETA 3s  —  0 failed so far
[OUTPUT] 2026-07-09T20:45:56.712492 skip_listing [train]:   151,500/280,000 checked (54%)  —  37406 checks/s  —  ETA 3s  —  0 failed so far
[OUTPUT] 2026-07-09T20:45:56.725945 skip_listing [train]:   152,000/280,000 checked (54%)  —  37406 checks/s  —  ETA 3s  —  0 failed so far
[OUTPUT] 2026-07-09T20:45:56.739117 skip_listing [train]:   152,500/280,000 checked (54%)  —  37407 checks/s  —  ETA 3s  —  0 failed so far
[OUTPUT] 2026-07-09T20:45:56.752647 skip_listing [train]:   153,000/280,000 checked (55%)  —  37406 checks/s  —  ETA 3s  —  0 failed so far
[OUTPUT] 2026-07-09T20:45:56.764885 skip_listing [train]:   153,500/280,000 checked (55%)  —  37416 checks/s  —  ETA 3s  —  0 failed so far
[OUTPUT] 2026-07-09T20:45:56.779296 skip_listing [train]:   154,000/280,000 checked (55%)  —  37407 checks/s  —  ETA 3s  —  0 failed so far
[OUTPUT] 2026-07-09T20:45:56.793660 skip_listing [train]:   154,500/280,000 checked (55%)  —  37398 checks/s  —  ETA 3s  —  0 failed so far
[OUTPUT] 2026-07-09T20:45:56.807168 skip_listing [train]:   155,000/280,000 checked (55%)  —  37396 checks/s  —  ETA 3s  —  0 failed so far
[OUTPUT] 2026-07-09T20:45:56.820700 skip_listing [train]:   155,500/280,000 checked (56%)  —  37395 checks/s  —  ETA 3s  —  0 failed so far
[OUTPUT] 2026-07-09T20:45:56.833836 skip_listing [train]:   156,000/280,000 checked (56%)  —  37397 checks/s  —  ETA 3s  —  0 failed so far
[OUTPUT] 2026-07-09T20:45:56.848052 skip_listing [train]:   156,500/280,000 checked (56%)  —  37389 checks/s  —  ETA 3s  —  0 failed so far
[OUTPUT] 2026-07-09T20:45:56.861754 skip_listing [train]:   157,000/280,000 checked (56%)  —  37387 checks/s  —  ETA 3s  —  0 failed so far
[OUTPUT] 2026-07-09T20:45:56.874331 skip_listing [train]:   157,500/280,000 checked (56%)  —  37394 checks/s  —  ETA 3s  —  0 failed so far
[OUTPUT] 2026-07-09T20:45:56.889793 skip_listing [train]:   158,000/280,000 checked (56%)  —  37375 checks/s  —  ETA 3s  —  0 failed so far
[OUTPUT] 2026-07-09T20:45:56.902605 skip_listing [train]:   158,500/280,000 checked (57%)  —  37380 checks/s  —  ETA 3s  —  0 failed so far
[OUTPUT] 2026-07-09T20:45:56.913666 skip_listing [train]:   159,000/280,000 checked (57%)  —  37400 checks/s  —  ETA 3s  —  0 failed so far
[OUTPUT] 2026-07-09T20:45:56.926620 skip_listing [train]:   159,500/280,000 checked (57%)  —  37404 checks/s  —  ETA 3s  —  0 failed so far
[OUTPUT] 2026-07-09T20:45:56.938416 skip_listing [train]:   160,000/280,000 checked (57%)  —  37418 checks/s  —  ETA 3s  —  0 failed so far
[OUTPUT] 2026-07-09T20:45:56.952061 skip_listing [train]:   160,500/280,000 checked (57%)  —  37415 checks/s  —  ETA 3s  —  0 failed so far
[OUTPUT] 2026-07-09T20:45:56.967169 skip_listing [train]:   161,000/280,000 checked (58%)  —  37400 checks/s  —  ETA 3s  —  0 failed so far
[OUTPUT] 2026-07-09T20:45:56.979763 skip_listing [train]:   161,500/280,000 checked (58%)  —  37407 checks/s  —  ETA 3s  —  0 failed so far
[OUTPUT] 2026-07-09T20:45:56.992038 skip_listing [train]:   162,000/280,000 checked (58%)  —  37416 checks/s  —  ETA 3s  —  0 failed so far
[OUTPUT] 2026-07-09T20:45:57.005006 skip_listing [train]:   162,500/280,000 checked (58%)  —  37420 checks/s  —  ETA 3s  —  0 failed so far
[OUTPUT] 2026-07-09T20:45:57.018021 skip_listing [train]:   163,000/280,000 checked (58%)  —  37423 checks/s  —  ETA 3s  —  0 failed so far
[OUTPUT] 2026-07-09T20:45:57.032541 skip_listing [train]:   163,500/280,000 checked (58%)  —  37413 checks/s  —  ETA 3s  —  0 failed so far
[OUTPUT] 2026-07-09T20:45:57.044726 skip_listing [train]:   164,000/280,000 checked (59%)  —  37423 checks/s  —  ETA 3s  —  0 failed so far
[OUTPUT] 2026-07-09T20:45:57.056551 skip_listing [train]:   164,500/280,000 checked (59%)  —  37436 checks/s  —  ETA 3s  —  0 failed so far
[OUTPUT] 2026-07-09T20:45:57.069477 skip_listing [train]:   165,000/280,000 checked (59%)  —  37440 checks/s  —  ETA 3s  —  0 failed so far
[OUTPUT] 2026-07-09T20:45:57.082370 skip_listing [train]:   165,500/280,000 checked (59%)  —  37444 checks/s  —  ETA 3s  —  0 failed so far
[OUTPUT] 2026-07-09T20:45:57.095767 skip_listing [train]:   166,000/280,000 checked (59%)  —  37443 checks/s  —  ETA 3s  —  0 failed so far
[OUTPUT] 2026-07-09T20:45:57.111345 skip_listing [train]:   166,500/280,000 checked (59%)  —  37424 checks/s  —  ETA 3s  —  0 failed so far
[OUTPUT] 2026-07-09T20:45:57.124636 skip_listing [train]:   167,000/280,000 checked (60%)  —  37425 checks/s  —  ETA 3s  —  0 failed so far
[OUTPUT] 2026-07-09T20:45:57.139248 skip_listing [train]:   167,500/280,000 checked (60%)  —  37415 checks/s  —  ETA 3s  —  0 failed so far
[OUTPUT] 2026-07-09T20:45:57.151647 skip_listing [train]:   168,000/280,000 checked (60%)  —  37423 checks/s  —  ETA 3s  —  0 failed so far
[OUTPUT] 2026-07-09T20:45:57.165980 skip_listing [train]:   168,500/280,000 checked (60%)  —  37414 checks/s  —  ETA 3s  —  0 failed so far
[OUTPUT] 2026-07-09T20:45:57.179153 skip_listing [train]:   169,000/280,000 checked (60%)  —  37416 checks/s  —  ETA 3s  —  0 failed so far
[OUTPUT] 2026-07-09T20:45:57.191877 skip_listing [train]:   169,500/280,000 checked (61%)  —  37421 checks/s  —  ETA 3s  —  0 failed so far
[OUTPUT] 2026-07-09T20:45:57.204291 skip_listing [train]:   170,000/280,000 checked (61%)  —  37429 checks/s  —  ETA 3s  —  0 failed so far
[OUTPUT] 2026-07-09T20:45:57.218117 skip_listing [train]:   170,500/280,000 checked (61%)  —  37425 checks/s  —  ETA 3s  —  0 failed so far
[OUTPUT] 2026-07-09T20:45:57.230762 skip_listing [train]:   171,000/280,000 checked (61%)  —  37431 checks/s  —  ETA 3s  —  0 failed so far
[OUTPUT] 2026-07-09T20:45:57.243399 skip_listing [train]:   171,500/280,000 checked (61%)  —  37437 checks/s  —  ETA 3s  —  0 failed so far
[OUTPUT] 2026-07-09T20:45:57.256186 skip_listing [train]:   172,000/280,000 checked (61%)  —  37442 checks/s  —  ETA 3s  —  0 failed so far
[OUTPUT] 2026-07-09T20:45:57.267708 skip_listing [train]:   172,500/280,000 checked (62%)  —  37457 checks/s  —  ETA 3s  —  0 failed so far
[OUTPUT] 2026-07-09T20:45:57.281244 skip_listing [train]:   173,000/280,000 checked (62%)  —  37455 checks/s  —  ETA 3s  —  0 failed so far
[OUTPUT] 2026-07-09T20:45:57.291340 skip_listing [train]:   173,500/280,000 checked (62%)  —  37481 checks/s  —  ETA 3s  —  0 failed so far
[OUTPUT] 2026-07-09T20:45:57.304087 skip_listing [train]:   174,000/280,000 checked (62%)  —  37486 checks/s  —  ETA 3s  —  0 failed so far
[OUTPUT] 2026-07-09T20:45:57.317027 skip_listing [train]:   174,500/280,000 checked (62%)  —  37489 checks/s  —  ETA 3s  —  0 failed so far
[OUTPUT] 2026-07-09T20:45:57.330478 skip_listing [train]:   175,000/280,000 checked (62%)  —  37488 checks/s  —  ETA 3s  —  0 failed so far
[OUTPUT] 2026-07-09T20:45:57.343450 skip_listing [train]:   175,500/280,000 checked (63%)  —  37491 checks/s  —  ETA 3s  —  0 failed so far
[OUTPUT] 2026-07-09T20:45:57.357345 skip_listing [train]:   176,000/280,000 checked (63%)  —  37487 checks/s  —  ETA 3s  —  0 failed so far
[OUTPUT] 2026-07-09T20:45:57.368941 skip_listing [train]:   176,500/280,000 checked (63%)  —  37501 checks/s  —  ETA 3s  —  0 failed so far
[OUTPUT] 2026-07-09T20:45:57.383678 skip_listing [train]:   177,000/280,000 checked (63%)  —  37490 checks/s  —  ETA 3s  —  0 failed so far
[OUTPUT] 2026-07-09T20:45:57.396526 skip_listing [train]:   177,500/280,000 checked (63%)  —  37494 checks/s  —  ETA 3s  —  0 failed so far
[OUTPUT] 2026-07-09T20:45:57.411453 skip_listing [train]:   178,000/280,000 checked (64%)  —  37481 checks/s  —  ETA 3s  —  0 failed so far
[OUTPUT] 2026-07-09T20:45:57.423308 skip_listing [train]:   178,500/280,000 checked (64%)  —  37493 checks/s  —  ETA 3s  —  0 failed so far
[OUTPUT] 2026-07-09T20:45:57.436083 skip_listing [train]:   179,000/280,000 checked (64%)  —  37497 checks/s  —  ETA 3s  —  0 failed so far
[OUTPUT] 2026-07-09T20:45:57.449615 skip_listing [train]:   179,500/280,000 checked (64%)  —  37496 checks/s  —  ETA 3s  —  0 failed so far
[OUTPUT] 2026-07-09T20:45:57.464013 skip_listing [train]:   180,000/280,000 checked (64%)  —  37487 checks/s  —  ETA 3s  —  0 failed so far
[OUTPUT] 2026-07-09T20:45:57.478609 skip_listing [train]:   180,500/280,000 checked (64%)  —  37477 checks/s  —  ETA 3s  —  0 failed so far
[OUTPUT] 2026-07-09T20:45:57.492573 skip_listing [train]:   181,000/280,000 checked (65%)  —  37473 checks/s  —  ETA 3s  —  0 failed so far
[OUTPUT] 2026-07-09T20:45:57.506434 skip_listing [train]:   181,500/280,000 checked (65%)  —  37469 checks/s  —  ETA 3s  —  0 failed so far
[OUTPUT] 2026-07-09T20:45:57.519666 skip_listing [train]:   182,000/280,000 checked (65%)  —  37469 checks/s  —  ETA 3s  —  0 failed so far
[OUTPUT] 2026-07-09T20:45:57.533642 skip_listing [train]:   182,500/280,000 checked (65%)  —  37465 checks/s  —  ETA 3s  —  0 failed so far
[OUTPUT] 2026-07-09T20:45:57.548256 skip_listing [train]:   183,000/280,000 checked (65%)  —  37455 checks/s  —  ETA 3s  —  0 failed so far
[OUTPUT] 2026-07-09T20:45:57.561677 skip_listing [train]:   183,500/280,000 checked (66%)  —  37454 checks/s  —  ETA 3s  —  0 failed so far
[OUTPUT] 2026-07-09T20:45:57.573384 skip_listing [train]:   184,000/280,000 checked (66%)  —  37467 checks/s  —  ETA 3s  —  0 failed so far
[OUTPUT] 2026-07-09T20:45:57.586019 skip_listing [train]:   184,500/280,000 checked (66%)  —  37472 checks/s  —  ETA 3s  —  0 failed so far
[OUTPUT] 2026-07-09T20:45:57.599780 skip_listing [train]:   185,000/280,000 checked (66%)  —  37469 checks/s  —  ETA 3s  —  0 failed so far
[OUTPUT] 2026-07-09T20:45:57.613095 skip_listing [train]:   185,500/280,000 checked (66%)  —  37469 checks/s  —  ETA 3s  —  0 failed so far
[OUTPUT] 2026-07-09T20:45:57.624853 skip_listing [train]:   186,000/280,000 checked (66%)  —  37481 checks/s  —  ETA 3s  —  0 failed so far
[OUTPUT] 2026-07-09T20:45:57.637131 skip_listing [train]:   186,500/280,000 checked (67%)  —  37489 checks/s  —  ETA 2s  —  0 failed so far
[OUTPUT] 2026-07-09T20:45:57.651649 skip_listing [train]:   187,000/280,000 checked (67%)  —  37480 checks/s  —  ETA 2s  —  0 failed so far
[OUTPUT] 2026-07-09T20:45:57.667633 skip_listing [train]:   187,500/280,000 checked (67%)  —  37461 checks/s  —  ETA 2s  —  0 failed so far
[OUTPUT] 2026-07-09T20:45:57.682774 skip_listing [train]:   188,000/280,000 checked (67%)  —  37447 checks/s  —  ETA 2s  —  0 failed so far
[OUTPUT] 2026-07-09T20:45:57.696817 skip_listing [train]:   188,500/280,000 checked (67%)  —  37442 checks/s  —  ETA 2s  —  0 failed so far
[OUTPUT] 2026-07-09T20:45:57.711754 skip_listing [train]:   189,000/280,000 checked (68%)  —  37430 checks/s  —  ETA 2s  —  0 failed so far
[OUTPUT] 2026-07-09T20:45:57.728064 skip_listing [train]:   189,500/280,000 checked (68%)  —  37409 checks/s  —  ETA 2s  —  0 failed so far
[OUTPUT] 2026-07-09T20:45:57.741860 skip_listing [train]:   190,000/280,000 checked (68%)  —  37405 checks/s  —  ETA 2s  —  0 failed so far
[OUTPUT] 2026-07-09T20:45:57.754626 skip_listing [train]:   190,500/280,000 checked (68%)  —  37410 checks/s  —  ETA 2s  —  0 failed so far
[OUTPUT] 2026-07-09T20:45:57.769878 skip_listing [train]:   191,000/280,000 checked (68%)  —  37396 checks/s  —  ETA 2s  —  0 failed so far
[OUTPUT] 2026-07-09T20:45:57.782447 skip_listing [train]:   191,500/280,000 checked (68%)  —  37402 checks/s  —  ETA 2s  —  0 failed so far
[OUTPUT] 2026-07-09T20:45:57.796557 skip_listing [train]:   192,000/280,000 checked (69%)  —  37396 checks/s  —  ETA 2s  —  0 failed so far
[OUTPUT] 2026-07-09T20:45:57.810788 skip_listing [train]:   192,500/280,000 checked (69%)  —  37390 checks/s  —  ETA 2s  —  0 failed so far
[OUTPUT] 2026-07-09T20:45:57.825181 skip_listing [train]:   193,000/280,000 checked (69%)  —  37383 checks/s  —  ETA 2s  —  0 failed so far
[OUTPUT] 2026-07-09T20:45:57.841485 skip_listing [train]:   193,500/280,000 checked (69%)  —  37362 checks/s  —  ETA 2s  —  0 failed so far
[OUTPUT] 2026-07-09T20:45:57.854234 skip_listing [train]:   194,000/280,000 checked (69%)  —  37366 checks/s  —  ETA 2s  —  0 failed so far
[OUTPUT] 2026-07-09T20:45:57.866873 skip_listing [train]:   194,500/280,000 checked (69%)  —  37372 checks/s  —  ETA 2s  —  0 failed so far
[OUTPUT] 2026-07-09T20:45:57.879932 skip_listing [train]:   195,000/280,000 checked (70%)  —  37374 checks/s  —  ETA 2s  —  0 failed so far
[OUTPUT] 2026-07-09T20:45:57.891261 skip_listing [train]:   195,500/280,000 checked (70%)  —  37388 checks/s  —  ETA 2s  —  0 failed so far
[OUTPUT] 2026-07-09T20:45:57.903152 skip_listing [train]:   196,000/280,000 checked (70%)  —  37399 checks/s  —  ETA 2s  —  0 failed so far
[OUTPUT] 2026-07-09T20:45:57.916528 skip_listing [train]:   196,500/280,000 checked (70%)  —  37399 checks/s  —  ETA 2s  —  0 failed so far
[OUTPUT] 2026-07-09T20:45:57.929688 skip_listing [train]:   197,000/280,000 checked (70%)  —  37400 checks/s  —  ETA 2s  —  0 failed so far
[OUTPUT] 2026-07-09T20:45:57.942002 skip_listing [train]:   197,500/280,000 checked (71%)  —  37408 checks/s  —  ETA 2s  —  0 failed so far
[OUTPUT] 2026-07-09T20:45:57.955047 skip_listing [train]:   198,000/280,000 checked (71%)  —  37410 checks/s  —  ETA 2s  —  0 failed so far
[OUTPUT] 2026-07-09T20:45:57.968549 skip_listing [train]:   198,500/280,000 checked (71%)  —  37409 checks/s  —  ETA 2s  —  0 failed so far
[OUTPUT] 2026-07-09T20:45:57.984034 skip_listing [train]:   199,000/280,000 checked (71%)  —  37394 checks/s  —  ETA 2s  —  0 failed so far
[OUTPUT] 2026-07-09T20:45:57.997774 skip_listing [train]:   199,500/280,000 checked (71%)  —  37392 checks/s  —  ETA 2s  —  0 failed so far
[OUTPUT] 2026-07-09T20:45:58.010470 skip_listing [train]:   200,000/280,000 checked (71%)  —  37397 checks/s  —  ETA 2s  —  0 failed so far
[OUTPUT] 2026-07-09T20:45:58.023538 skip_listing [train]:   200,500/280,000 checked (72%)  —  37399 checks/s  —  ETA 2s  —  0 failed so far
[OUTPUT] 2026-07-09T20:45:58.034617 skip_listing [train]:   201,000/280,000 checked (72%)  —  37415 checks/s  —  ETA 2s  —  0 failed so far
[OUTPUT] 2026-07-09T20:45:58.047193 skip_listing [train]:   201,500/280,000 checked (72%)  —  37420 checks/s  —  ETA 2s  —  0 failed so far
[OUTPUT] 2026-07-09T20:45:58.063803 skip_listing [train]:   202,000/280,000 checked (72%)  —  37398 checks/s  —  ETA 2s  —  0 failed so far
[OUTPUT] 2026-07-09T20:45:58.077598 skip_listing [train]:   202,500/280,000 checked (72%)  —  37395 checks/s  —  ETA 2s  —  0 failed so far
[OUTPUT] 2026-07-09T20:45:58.092766 skip_listing [train]:   203,000/280,000 checked (72%)  —  37382 checks/s  —  ETA 2s  —  0 failed so far
[OUTPUT] 2026-07-09T20:45:58.107047 skip_listing [train]:   203,500/280,000 checked (73%)  —  37376 checks/s  —  ETA 2s  —  0 failed so far
[OUTPUT] 2026-07-09T20:45:58.121418 skip_listing [train]:   204,000/280,000 checked (73%)  —  37369 checks/s  —  ETA 2s  —  0 failed so far
[OUTPUT] 2026-07-09T20:45:58.136104 skip_listing [train]:   204,500/280,000 checked (73%)  —  37360 checks/s  —  ETA 2s  —  0 failed so far
[OUTPUT] 2026-07-09T20:45:58.150547 skip_listing [train]:   205,000/280,000 checked (73%)  —  37353 checks/s  —  ETA 2s  —  0 failed so far
[OUTPUT] 2026-07-09T20:45:58.164894 skip_listing [train]:   205,500/280,000 checked (73%)  —  37347 checks/s  —  ETA 2s  —  0 failed so far
[OUTPUT] 2026-07-09T20:45:58.179327 skip_listing [train]:   206,000/280,000 checked (74%)  —  37339 checks/s  —  ETA 2s  —  0 failed so far
[OUTPUT] 2026-07-09T20:45:58.192562 skip_listing [train]:   206,500/280,000 checked (74%)  —  37341 checks/s  —  ETA 2s  —  0 failed so far
[OUTPUT] 2026-07-09T20:45:58.206119 skip_listing [train]:   207,000/280,000 checked (74%)  —  37339 checks/s  —  ETA 2s  —  0 failed so far
[OUTPUT] 2026-07-09T20:45:58.219261 skip_listing [train]:   207,500/280,000 checked (74%)  —  37341 checks/s  —  ETA 2s  —  0 failed so far
[OUTPUT] 2026-07-09T20:45:58.236008 skip_listing [train]:   208,000/280,000 checked (74%)  —  37319 checks/s  —  ETA 2s  —  0 failed so far
[OUTPUT] 2026-07-09T20:45:58.249272 skip_listing [train]:   208,500/280,000 checked (74%)  —  37319 checks/s  —  ETA 2s  —  0 failed so far
[OUTPUT] 2026-07-09T20:45:58.263479 skip_listing [train]:   209,000/280,000 checked (75%)  —  37314 checks/s  —  ETA 2s  —  0 failed so far
[OUTPUT] 2026-07-09T20:45:58.276522 skip_listing [train]:   209,500/280,000 checked (75%)  —  37316 checks/s  —  ETA 2s  —  0 failed so far
[OUTPUT] 2026-07-09T20:45:58.290781 skip_listing [train]:   210,000/280,000 checked (75%)  —  37311 checks/s  —  ETA 2s  —  0 failed so far
[OUTPUT] 2026-07-09T20:45:58.304275 skip_listing [train]:   210,500/280,000 checked (75%)  —  37310 checks/s  —  ETA 2s  —  0 failed so far
[OUTPUT] 2026-07-09T20:45:58.317700 skip_listing [train]:   211,000/280,000 checked (75%)  —  37310 checks/s  —  ETA 2s  —  0 failed so far
[OUTPUT] 2026-07-09T20:45:58.328869 skip_listing [train]:   211,500/280,000 checked (76%)  —  37325 checks/s  —  ETA 2s  —  0 failed so far
[OUTPUT] 2026-07-09T20:45:58.342251 skip_listing [train]:   212,000/280,000 checked (76%)  —  37325 checks/s  —  ETA 2s  —  0 failed so far
[OUTPUT] 2026-07-09T20:45:58.354025 skip_listing [train]:   212,500/280,000 checked (76%)  —  37335 checks/s  —  ETA 2s  —  0 failed so far
[OUTPUT] 2026-07-09T20:45:58.368014 skip_listing [train]:   213,000/280,000 checked (76%)  —  37331 checks/s  —  ETA 2s  —  0 failed so far
[OUTPUT] 2026-07-09T20:45:58.381473 skip_listing [train]:   213,500/280,000 checked (76%)  —  37331 checks/s  —  ETA 2s  —  0 failed so far
[OUTPUT] 2026-07-09T20:45:58.395165 skip_listing [train]:   214,000/280,000 checked (76%)  —  37329 checks/s  —  ETA 2s  —  0 failed so far
[OUTPUT] 2026-07-09T20:45:58.409189 skip_listing [train]:   214,500/280,000 checked (77%)  —  37325 checks/s  —  ETA 2s  —  0 failed so far
[OUTPUT] 2026-07-09T20:45:58.422859 skip_listing [train]:   215,000/280,000 checked (77%)  —  37323 checks/s  —  ETA 2s  —  0 failed so far
[OUTPUT] 2026-07-09T20:45:58.436978 skip_listing [train]:   215,500/280,000 checked (77%)  —  37319 checks/s  —  ETA 2s  —  0 failed so far
[OUTPUT] 2026-07-09T20:45:58.451012 skip_listing [train]:   216,000/280,000 checked (77%)  —  37314 checks/s  —  ETA 2s  —  0 failed so far
[OUTPUT] 2026-07-09T20:45:58.464693 skip_listing [train]:   216,500/280,000 checked (77%)  —  37313 checks/s  —  ETA 2s  —  0 failed so far
[OUTPUT] 2026-07-09T20:45:58.478258 skip_listing [train]:   217,000/280,000 checked (78%)  —  37312 checks/s  —  ETA 2s  —  0 failed so far
[OUTPUT] 2026-07-09T20:45:58.490716 skip_listing [train]:   217,500/280,000 checked (78%)  —  37318 checks/s  —  ETA 2s  —  0 failed so far
[OUTPUT] 2026-07-09T20:45:58.502793 skip_listing [train]:   218,000/280,000 checked (78%)  —  37326 checks/s  —  ETA 2s  —  0 failed so far
[OUTPUT] 2026-07-09T20:45:58.517386 skip_listing [train]:   218,500/280,000 checked (78%)  —  37318 checks/s  —  ETA 2s  —  0 failed so far
[OUTPUT] 2026-07-09T20:45:58.530302 skip_listing [train]:   219,000/280,000 checked (78%)  —  37322 checks/s  —  ETA 2s  —  0 failed so far
[OUTPUT] 2026-07-09T20:45:58.543204 skip_listing [train]:   219,500/280,000 checked (78%)  —  37325 checks/s  —  ETA 2s  —  0 failed so far
[OUTPUT] 2026-07-09T20:45:58.557283 skip_listing [train]:   220,000/280,000 checked (79%)  —  37320 checks/s  —  ETA 2s  —  0 failed so far
[OUTPUT] 2026-07-09T20:45:58.571256 skip_listing [train]:   220,500/280,000 checked (79%)  —  37317 checks/s  —  ETA 2s  —  0 failed so far
[OUTPUT] 2026-07-09T20:45:58.585366 skip_listing [train]:   221,000/280,000 checked (79%)  —  37312 checks/s  —  ETA 2s  —  0 failed so far
[OUTPUT] 2026-07-09T20:45:58.597999 skip_listing [train]:   221,500/280,000 checked (79%)  —  37317 checks/s  —  ETA 2s  —  0 failed so far
[OUTPUT] 2026-07-09T20:45:58.611807 skip_listing [train]:   222,000/280,000 checked (79%)  —  37315 checks/s  —  ETA 2s  —  0 failed so far
[OUTPUT] 2026-07-09T20:45:58.626518 skip_listing [train]:   222,500/280,000 checked (79%)  —  37306 checks/s  —  ETA 2s  —  0 failed so far
[OUTPUT] 2026-07-09T20:45:58.641761 skip_listing [train]:   223,000/280,000 checked (80%)  —  37295 checks/s  —  ETA 2s  —  0 failed so far
[OUTPUT] 2026-07-09T20:45:58.654283 skip_listing [train]:   223,500/280,000 checked (80%)  —  37300 checks/s  —  ETA 2s  —  0 failed so far
[OUTPUT] 2026-07-09T20:45:58.671009 skip_listing [train]:   224,000/280,000 checked (80%)  —  37280 checks/s  —  ETA 2s  —  0 failed so far
[OUTPUT] 2026-07-09T20:45:58.683471 skip_listing [train]:   224,500/280,000 checked (80%)  —  37286 checks/s  —  ETA 1s  —  0 failed so far
[OUTPUT] 2026-07-09T20:45:58.696023 skip_listing [train]:   225,000/280,000 checked (80%)  —  37291 checks/s  —  ETA 1s  —  0 failed so far
[OUTPUT] 2026-07-09T20:45:58.708211 skip_listing [train]:   225,500/280,000 checked (81%)  —  37298 checks/s  —  ETA 1s  —  0 failed so far
[OUTPUT] 2026-07-09T20:45:58.722596 skip_listing [train]:   226,000/280,000 checked (81%)  —  37292 checks/s  —  ETA 1s  —  0 failed so far
[OUTPUT] 2026-07-09T20:45:58.735614 skip_listing [train]:   226,500/280,000 checked (81%)  —  37295 checks/s  —  ETA 1s  —  0 failed so far
[OUTPUT] 2026-07-09T20:45:58.749694 skip_listing [train]:   227,000/280,000 checked (81%)  —  37291 checks/s  —  ETA 1s  —  0 failed so far
[OUTPUT] 2026-07-09T20:45:58.764826 skip_listing [train]:   227,500/280,000 checked (81%)  —  37280 checks/s  —  ETA 1s  —  0 failed so far
[OUTPUT] 2026-07-09T20:45:58.776362 skip_listing [train]:   228,000/280,000 checked (81%)  —  37292 checks/s  —  ETA 1s  —  0 failed so far
[OUTPUT] 2026-07-09T20:45:58.790794 skip_listing [train]:   228,500/280,000 checked (82%)  —  37285 checks/s  —  ETA 1s  —  0 failed so far
[OUTPUT] 2026-07-09T20:45:58.805177 skip_listing [train]:   229,000/280,000 checked (82%)  —  37279 checks/s  —  ETA 1s  —  0 failed so far
[OUTPUT] 2026-07-09T20:45:58.818056 skip_listing [train]:   229,500/280,000 checked (82%)  —  37283 checks/s  —  ETA 1s  —  0 failed so far
[OUTPUT] 2026-07-09T20:45:58.831970 skip_listing [train]:   230,000/280,000 checked (82%)  —  37280 checks/s  —  ETA 1s  —  0 failed so far
[OUTPUT] 2026-07-09T20:45:58.845169 skip_listing [train]:   230,500/280,000 checked (82%)  —  37281 checks/s  —  ETA 1s  —  0 failed so far
[OUTPUT] 2026-07-09T20:45:58.858196 skip_listing [train]:   231,000/280,000 checked (82%)  —  37283 checks/s  —  ETA 1s  —  0 failed so far
[OUTPUT] 2026-07-09T20:45:58.872553 skip_listing [train]:   231,500/280,000 checked (83%)  —  37278 checks/s  —  ETA 1s  —  0 failed so far
[OUTPUT] 2026-07-09T20:45:58.887699 skip_listing [train]:   232,000/280,000 checked (83%)  —  37267 checks/s  —  ETA 1s  —  0 failed so far
[OUTPUT] 2026-07-09T20:45:58.903732 skip_listing [train]:   232,500/280,000 checked (83%)  —  37252 checks/s  —  ETA 1s  —  0 failed so far
[OUTPUT] 2026-07-09T20:45:58.918142 skip_listing [train]:   233,000/280,000 checked (83%)  —  37246 checks/s  —  ETA 1s  —  0 failed so far
[OUTPUT] 2026-07-09T20:45:58.930510 skip_listing [train]:   233,500/280,000 checked (83%)  —  37252 checks/s  —  ETA 1s  —  0 failed so far
[OUTPUT] 2026-07-09T20:45:58.943043 skip_listing [train]:   234,000/280,000 checked (84%)  —  37257 checks/s  —  ETA 1s  —  0 failed so far
[OUTPUT] 2026-07-09T20:45:58.954835 skip_listing [train]:   234,500/280,000 checked (84%)  —  37267 checks/s  —  ETA 1s  —  0 failed so far
[OUTPUT] 2026-07-09T20:45:58.967027 skip_listing [train]:   235,000/280,000 checked (84%)  —  37274 checks/s  —  ETA 1s  —  0 failed so far
[OUTPUT] 2026-07-09T20:45:58.980485 skip_listing [train]:   235,500/280,000 checked (84%)  —  37274 checks/s  —  ETA 1s  —  0 failed so far
[OUTPUT] 2026-07-09T20:45:58.991108 skip_listing [train]:   236,000/280,000 checked (84%)  —  37290 checks/s  —  ETA 1s  —  0 failed so far
[OUTPUT] 2026-07-09T20:45:59.003073 skip_listing [train]:   236,500/280,000 checked (84%)  —  37299 checks/s  —  ETA 1s  —  0 failed so far
[OUTPUT] 2026-07-09T20:45:59.017688 skip_listing [train]:   237,000/280,000 checked (85%)  —  37292 checks/s  —  ETA 1s  —  0 failed so far
[OUTPUT] 2026-07-09T20:45:59.030554 skip_listing [train]:   237,500/280,000 checked (85%)  —  37295 checks/s  —  ETA 1s  —  0 failed so far
[OUTPUT] 2026-07-09T20:45:59.044350 skip_listing [train]:   238,000/280,000 checked (85%)  —  37293 checks/s  —  ETA 1s  —  0 failed so far
[OUTPUT] 2026-07-09T20:45:59.056524 skip_listing [train]:   238,500/280,000 checked (85%)  —  37300 checks/s  —  ETA 1s  —  0 failed so far
[OUTPUT] 2026-07-09T20:45:59.067407 skip_listing [train]:   239,000/280,000 checked (85%)  —  37314 checks/s  —  ETA 1s  —  0 failed so far
[OUTPUT] 2026-07-09T20:45:59.081149 skip_listing [train]:   239,500/280,000 checked (86%)  —  37312 checks/s  —  ETA 1s  —  0 failed so far
[OUTPUT] 2026-07-09T20:45:59.094049 skip_listing [train]:   240,000/280,000 checked (86%)  —  37315 checks/s  —  ETA 1s  —  0 failed so far
[OUTPUT] 2026-07-09T20:45:59.107958 skip_listing [train]:   240,500/280,000 checked (86%)  —  37312 checks/s  —  ETA 1s  —  0 failed so far
[OUTPUT] 2026-07-09T20:45:59.119184 skip_listing [train]:   241,000/280,000 checked (86%)  —  37325 checks/s  —  ETA 1s  —  0 failed so far
[OUTPUT] 2026-07-09T20:45:59.131159 skip_listing [train]:   241,500/280,000 checked (86%)  —  37333 checks/s  —  ETA 1s  —  0 failed so far
[OUTPUT] 2026-07-09T20:45:59.144233 skip_listing [train]:   242,000/280,000 checked (86%)  —  37335 checks/s  —  ETA 1s  —  0 failed so far
[OUTPUT] 2026-07-09T20:45:59.157566 skip_listing [train]:   242,500/280,000 checked (87%)  —  37335 checks/s  —  ETA 1s  —  0 failed so far
[OUTPUT] 2026-07-09T20:45:59.171339 skip_listing [train]:   243,000/280,000 checked (87%)  —  37333 checks/s  —  ETA 1s  —  0 failed so far
[OUTPUT] 2026-07-09T20:45:59.184402 skip_listing [train]:   243,500/280,000 checked (87%)  —  37335 checks/s  —  ETA 1s  —  0 failed so far
[OUTPUT] 2026-07-09T20:45:59.197722 skip_listing [train]:   244,000/280,000 checked (87%)  —  37335 checks/s  —  ETA 1s  —  0 failed so far
[OUTPUT] 2026-07-09T20:45:59.211048 skip_listing [train]:   244,500/280,000 checked (87%)  —  37336 checks/s  —  ETA 1s  —  0 failed so far
[OUTPUT] 2026-07-09T20:45:59.224615 skip_listing [train]:   245,000/280,000 checked (88%)  —  37335 checks/s  —  ETA 1s  —  0 failed so far
[OUTPUT] 2026-07-09T20:45:59.239798 skip_listing [train]:   245,500/280,000 checked (88%)  —  37325 checks/s  —  ETA 1s  —  0 failed so far
[OUTPUT] 2026-07-09T20:45:59.251773 skip_listing [train]:   246,000/280,000 checked (88%)  —  37333 checks/s  —  ETA 1s  —  0 failed so far
[OUTPUT] 2026-07-09T20:45:59.265396 skip_listing [train]:   246,500/280,000 checked (88%)  —  37331 checks/s  —  ETA 1s  —  0 failed so far
[OUTPUT] 2026-07-09T20:45:59.280632 skip_listing [train]:   247,000/280,000 checked (88%)  —  37321 checks/s  —  ETA 1s  —  0 failed so far
[OUTPUT] 2026-07-09T20:45:59.294304 skip_listing [train]:   247,500/280,000 checked (88%)  —  37319 checks/s  —  ETA 1s  —  0 failed so far
[OUTPUT] 2026-07-09T20:45:59.308481 skip_listing [train]:   248,000/280,000 checked (89%)  —  37315 checks/s  —  ETA 1s  —  0 failed so far
[OUTPUT] 2026-07-09T20:45:59.322609 skip_listing [train]:   248,500/280,000 checked (89%)  —  37311 checks/s  —  ETA 1s  —  0 failed so far
[OUTPUT] 2026-07-09T20:45:59.336586 skip_listing [train]:   249,000/280,000 checked (89%)  —  37308 checks/s  —  ETA 1s  —  0 failed so far
[OUTPUT] 2026-07-09T20:45:59.350558 skip_listing [train]:   249,500/280,000 checked (89%)  —  37305 checks/s  —  ETA 1s  —  0 failed so far
[OUTPUT] 2026-07-09T20:45:59.364099 skip_listing [train]:   250,000/280,000 checked (89%)  —  37304 checks/s  —  ETA 1s  —  0 failed so far
[OUTPUT] 2026-07-09T20:45:59.377362 skip_listing [train]:   250,500/280,000 checked (89%)  —  37305 checks/s  —  ETA 1s  —  0 failed so far
[OUTPUT] 2026-07-09T20:45:59.392726 skip_listing [train]:   251,000/280,000 checked (90%)  —  37294 checks/s  —  ETA 1s  —  0 failed so far
[OUTPUT] 2026-07-09T20:45:59.408316 skip_listing [train]:   251,500/280,000 checked (90%)  —  37282 checks/s  —  ETA 1s  —  0 failed so far
[OUTPUT] 2026-07-09T20:45:59.423285 skip_listing [train]:   252,000/280,000 checked (90%)  —  37273 checks/s  —  ETA 1s  —  0 failed so far
[OUTPUT] 2026-07-09T20:45:59.436197 skip_listing [train]:   252,500/280,000 checked (90%)  —  37276 checks/s  —  ETA 1s  —  0 failed so far
[OUTPUT] 2026-07-09T20:45:59.447869 skip_listing [train]:   253,000/280,000 checked (90%)  —  37285 checks/s  —  ETA 1s  —  0 failed so far
[OUTPUT] 2026-07-09T20:45:59.459299 skip_listing [train]:   253,500/280,000 checked (91%)  —  37296 checks/s  —  ETA 1s  —  0 failed so far
[OUTPUT] 2026-07-09T20:45:59.474917 skip_listing [train]:   254,000/280,000 checked (91%)  —  37284 checks/s  —  ETA 1s  —  0 failed so far
[OUTPUT] 2026-07-09T20:45:59.487510 skip_listing [train]:   254,500/280,000 checked (91%)  —  37289 checks/s  —  ETA 1s  —  0 failed so far
[OUTPUT] 2026-07-09T20:45:59.499432 skip_listing [train]:   255,000/280,000 checked (91%)  —  37297 checks/s  —  ETA 1s  —  0 failed so far
[OUTPUT] 2026-07-09T20:45:59.512816 skip_listing [train]:   255,500/280,000 checked (91%)  —  37297 checks/s  —  ETA 1s  —  0 failed so far
[OUTPUT] 2026-07-09T20:45:59.524983 skip_listing [train]:   256,000/280,000 checked (91%)  —  37304 checks/s  —  ETA 1s  —  0 failed so far
[OUTPUT] 2026-07-09T20:45:59.538083 skip_listing [train]:   256,500/280,000 checked (92%)  —  37305 checks/s  —  ETA 1s  —  0 failed so far
[OUTPUT] 2026-07-09T20:45:59.552779 skip_listing [train]:   257,000/280,000 checked (92%)  —  37298 checks/s  —  ETA 1s  —  0 failed so far
[OUTPUT] 2026-07-09T20:45:59.567823 skip_listing [train]:   257,500/280,000 checked (92%)  —  37290 checks/s  —  ETA 1s  —  0 failed so far
[OUTPUT] 2026-07-09T20:45:59.581655 skip_listing [train]:   258,000/280,000 checked (92%)  —  37287 checks/s  —  ETA 1s  —  0 failed so far
[OUTPUT] 2026-07-09T20:45:59.596037 skip_listing [train]:   258,500/280,000 checked (92%)  —  37282 checks/s  —  ETA 1s  —  0 failed so far
[OUTPUT] 2026-07-09T20:45:59.611481 skip_listing [train]:   259,000/280,000 checked (92%)  —  37271 checks/s  —  ETA 1s  —  0 failed so far
[OUTPUT] 2026-07-09T20:45:59.624935 skip_listing [train]:   259,500/280,000 checked (93%)  —  37271 checks/s  —  ETA 1s  —  0 failed so far
[OUTPUT] 2026-07-09T20:45:59.639433 skip_listing [train]:   260,000/280,000 checked (93%)  —  37265 checks/s  —  ETA 1s  —  0 failed so far
[OUTPUT] 2026-07-09T20:45:59.654374 skip_listing [train]:   260,500/280,000 checked (93%)  —  37257 checks/s  —  ETA 1s  —  0 failed so far
[OUTPUT] 2026-07-09T20:45:59.670588 skip_listing [train]:   261,000/280,000 checked (93%)  —  37242 checks/s  —  ETA 1s  —  0 failed so far
[OUTPUT] 2026-07-09T20:45:59.684698 skip_listing [train]:   261,500/280,000 checked (93%)  —  37238 checks/s  —  ETA 0s  —  0 failed so far
[OUTPUT] 2026-07-09T20:45:59.698222 skip_listing [train]:   262,000/280,000 checked (94%)  —  37238 checks/s  —  ETA 0s  —  0 failed so far
[OUTPUT] 2026-07-09T20:45:59.711762 skip_listing [train]:   262,500/280,000 checked (94%)  —  37237 checks/s  —  ETA 0s  —  0 failed so far
[OUTPUT] 2026-07-09T20:45:59.726639 skip_listing [train]:   263,000/280,000 checked (94%)  —  37230 checks/s  —  ETA 0s  —  0 failed so far
[OUTPUT] 2026-07-09T20:45:59.738799 skip_listing [train]:   263,500/280,000 checked (94%)  —  37236 checks/s  —  ETA 0s  —  0 failed so far
[OUTPUT] 2026-07-09T20:45:59.749286 skip_listing [train]:   264,000/280,000 checked (94%)  —  37252 checks/s  —  ETA 0s  —  0 failed so far
[OUTPUT] 2026-07-09T20:45:59.764017 skip_listing [train]:   264,500/280,000 checked (94%)  —  37245 checks/s  —  ETA 0s  —  0 failed so far
[OUTPUT] 2026-07-09T20:45:59.776929 skip_listing [train]:   265,000/280,000 checked (95%)  —  37248 checks/s  —  ETA 0s  —  0 failed so far
[OUTPUT] 2026-07-09T20:45:59.791162 skip_listing [train]:   265,500/280,000 checked (95%)  —  37243 checks/s  —  ETA 0s  —  0 failed so far
[OUTPUT] 2026-07-09T20:45:59.804722 skip_listing [train]:   266,000/280,000 checked (95%)  —  37243 checks/s  —  ETA 0s  —  0 failed so far
[OUTPUT] 2026-07-09T20:45:59.819218 skip_listing [train]:   266,500/280,000 checked (95%)  —  37237 checks/s  —  ETA 0s  —  0 failed so far
[OUTPUT] 2026-07-09T20:45:59.834474 skip_listing [train]:   267,000/280,000 checked (95%)  —  37228 checks/s  —  ETA 0s  —  0 failed so far
[OUTPUT] 2026-07-09T20:45:59.848141 skip_listing [train]:   267,500/280,000 checked (96%)  —  37226 checks/s  —  ETA 0s  —  0 failed so far
[OUTPUT] 2026-07-09T20:45:59.863624 skip_listing [train]:   268,000/280,000 checked (96%)  —  37216 checks/s  —  ETA 0s  —  0 failed so far
[OUTPUT] 2026-07-09T20:45:59.876333 skip_listing [train]:   268,500/280,000 checked (96%)  —  37220 checks/s  —  ETA 0s  —  0 failed so far
[OUTPUT] 2026-07-09T20:45:59.889260 skip_listing [train]:   269,000/280,000 checked (96%)  —  37222 checks/s  —  ETA 0s  —  0 failed so far
[OUTPUT] 2026-07-09T20:45:59.901947 skip_listing [train]:   269,500/280,000 checked (96%)  —  37226 checks/s  —  ETA 0s  —  0 failed so far
[OUTPUT] 2026-07-09T20:45:59.914436 skip_listing [train]:   270,000/280,000 checked (96%)  —  37231 checks/s  —  ETA 0s  —  0 failed so far
[OUTPUT] 2026-07-09T20:45:59.929541 skip_listing [train]:   270,500/280,000 checked (97%)  —  37222 checks/s  —  ETA 0s  —  0 failed so far
[OUTPUT] 2026-07-09T20:45:59.946330 skip_listing [train]:   271,000/280,000 checked (97%)  —  37205 checks/s  —  ETA 0s  —  0 failed so far
[OUTPUT] 2026-07-09T20:45:59.959365 skip_listing [train]:   271,500/280,000 checked (97%)  —  37207 checks/s  —  ETA 0s  —  0 failed so far
[OUTPUT] 2026-07-09T20:45:59.972372 skip_listing [train]:   272,000/280,000 checked (97%)  —  37209 checks/s  —  ETA 0s  —  0 failed so far
[OUTPUT] 2026-07-09T20:45:59.988348 skip_listing [train]:   272,500/280,000 checked (97%)  —  37196 checks/s  —  ETA 0s  —  0 failed so far
[OUTPUT] 2026-07-09T20:46:00.005553 skip_listing [train]:   273,000/280,000 checked (98%)  —  37177 checks/s  —  ETA 0s  —  0 failed so far
[OUTPUT] 2026-07-09T20:46:00.020801 skip_listing [train]:   273,500/280,000 checked (98%)  —  37168 checks/s  —  ETA 0s  —  0 failed so far
[OUTPUT] 2026-07-09T20:46:00.035848 skip_listing [train]:   274,000/280,000 checked (98%)  —  37160 checks/s  —  ETA 0s  —  0 failed so far
[OUTPUT] 2026-07-09T20:46:00.050081 skip_listing [train]:   274,500/280,000 checked (98%)  —  37156 checks/s  —  ETA 0s  —  0 failed so far
[OUTPUT] 2026-07-09T20:46:00.061921 skip_listing [train]:   275,000/280,000 checked (98%)  —  37164 checks/s  —  ETA 0s  —  0 failed so far
[OUTPUT] 2026-07-09T20:46:00.075370 skip_listing [train]:   275,500/280,000 checked (98%)  —  37164 checks/s  —  ETA 0s  —  0 failed so far
[OUTPUT] 2026-07-09T20:46:00.088695 skip_listing [train]:   276,000/280,000 checked (99%)  —  37165 checks/s  —  ETA 0s  —  0 failed so far
[OUTPUT] 2026-07-09T20:46:00.102199 skip_listing [train]:   276,500/280,000 checked (99%)  —  37165 checks/s  —  ETA 0s  —  0 failed so far
[OUTPUT] 2026-07-09T20:46:00.114185 skip_listing [train]:   277,000/280,000 checked (99%)  —  37172 checks/s  —  ETA 0s  —  0 failed so far
[OUTPUT] 2026-07-09T20:46:00.124304 skip_listing [train]:   277,500/280,000 checked (99%)  —  37189 checks/s  —  ETA 0s  —  0 failed so far
[OUTPUT] 2026-07-09T20:46:00.135507 skip_listing [train]:   278,000/280,000 checked (99%)  —  37200 checks/s  —  ETA 0s  —  0 failed so far
[OUTPUT] 2026-07-09T20:46:00.147757 skip_listing [train]:   278,500/280,000 checked (99%)  —  37206 checks/s  —  ETA 0s  —  0 failed so far
[OUTPUT] 2026-07-09T20:46:00.159514 skip_listing [train]:   279,000/280,000 checked (100%)  —  37214 checks/s  —  ETA 0s  —  0 failed so far
[OUTPUT] 2026-07-09T20:46:00.170494 skip_listing [train]:   279,500/280,000 checked (100%)  —  37226 checks/s  —  ETA 0s  —  0 failed so far
[OUTPUT] 2026-07-09T20:46:00.184988 skip_listing [train]: validation complete — all 280,000 samples exist (7.5s, 37221 checks/s); 3,500 URIs ready for rank 0 (280,000 total across all ranks)
[OUTPUT] 2026-07-09T20:46:00.185093 File listing [train]: 280000 files discovered, 3500 assigned to rank 0, completed in 7.54s
[OUTPUT] 2026-07-09T20:46:00.185121 skip_listing [valid]: generated 0 file URIs deterministically (0 total — validation disabled)
[OUTPUT] 2026-07-09T20:46:00.185141 File listing [valid]: 0 files discovered, 0 assigned to rank 0, completed in 0.00s
[OUTPUT] 2026-07-09T20:46:00.185157 Streamed file sharding: 280000 train files across 80 ranks via round-robin (rank 0 shard: 3500 files)
[OUTPUT] 2026-07-09T20:46:00.189139 Max steps per epoch per rank: 40000 = 1 * 280000 / 7 (samples per file * local files / batch size)
[OUTPUT] 2026-07-09T20:46:00.270789 Reshard for epoch 1: 3500 train files, 0 eval files redistributed via alltoall in 0.08s
[OUTPUT] 2026-07-09T20:46:01.196048 Worker pre-warm complete (3 workers spawned)
[OUTPUT] 2026-07-09T20:46:01.884770 Starting epoch 1: 500 steps expected
[OUTPUT] 2026-07-09T20:46:01.885074 Starting block 1
[OUTPUT] 2026-07-09T20:47:31.014209 Ending block 1 - 500 steps completed in 89.13 s
[OUTPUT] 2026-07-09T20:47:31.015918 Epoch 1 - Block 1 [Training] Accelerator Utilization [AU] (%): 91.5839
[OUTPUT] 2026-07-09T20:47:31.015946 Epoch 1 - Block 1 [Training] Throughput (samples/second): 3164.0555
[OUTPUT] 2026-07-09T20:47:31.016353 Epoch 1 - Block 1 [Training] Computation time per step (second): 0.1621+/-0.0000 (set value: {'mean': 0.162})
[OUTPUT] 2026-07-09T20:47:31.021968 Ending epoch 1 - 500 steps completed in 89.14 s
[OUTPUT] 2026-07-09T20:47:31.066013 Reshard for epoch 2: 3500 train files, 0 eval files redistributed via alltoall in 0.04s
[OUTPUT] 2026-07-09T20:47:31.918706 Worker pre-warm complete for epoch 2 (3 workers spawned)
[OUTPUT] 2026-07-09T20:47:32.319383 Starting epoch 2: 500 steps expected
[OUTPUT] 2026-07-09T20:47:32.319597 Starting block 1
[OUTPUT] 2026-07-09T20:49:01.187441 Ending block 1 - 500 steps completed in 88.87 s
[OUTPUT] 2026-07-09T20:49:01.188621 Epoch 2 - Block 1 [Training] Accelerator Utilization [AU] (%): 91.9240
[OUTPUT] 2026-07-09T20:49:01.188657 Epoch 2 - Block 1 [Training] Throughput (samples/second): 3175.6284
[OUTPUT] 2026-07-09T20:49:01.188792 Epoch 2 - Block 1 [Training] Computation time per step (second): 0.1621+/-0.0000 (set value: {'mean': 0.162})
[OUTPUT] 2026-07-09T20:49:01.218167 Ending epoch 2 - 500 steps completed in 88.90 s
[OUTPUT] 2026-07-09T20:49:01.260567 Reshard for epoch 3: 3500 train files, 0 eval files redistributed via alltoall in 0.04s
[OUTPUT] 2026-07-09T20:49:02.124351 Worker pre-warm complete for epoch 3 (3 workers spawned)
[OUTPUT] 2026-07-09T20:49:02.466203 Starting epoch 3: 500 steps expected
[OUTPUT] 2026-07-09T20:49:02.466473 Starting block 1
[OUTPUT] 2026-07-09T20:50:31.168704 Ending block 1 - 500 steps completed in 88.70 s
[OUTPUT] 2026-07-09T20:50:31.169872 Epoch 3 - Block 1 [Training] Accelerator Utilization [AU] (%): 91.9632
[OUTPUT] 2026-07-09T20:50:31.169907 Epoch 3 - Block 1 [Training] Throughput (samples/second): 3177.1196
[OUTPUT] 2026-07-09T20:50:31.170032 Epoch 3 - Block 1 [Training] Computation time per step (second): 0.1621+/-0.0000 (set value: {'mean': 0.162})
[OUTPUT] 2026-07-09T20:50:31.220775 Ending epoch 3 - 500 steps completed in 88.75 s
[OUTPUT] 2026-07-09T20:50:31.258337 Reshard for epoch 4: 3500 train files, 0 eval files redistributed via alltoall in 0.04s
[OUTPUT] 2026-07-09T20:50:32.132050 Worker pre-warm complete for epoch 4 (3 workers spawned)
[OUTPUT] 2026-07-09T20:50:32.528754 Starting epoch 4: 500 steps expected
[OUTPUT] 2026-07-09T20:50:32.529033 Starting block 1
[OUTPUT] 2026-07-09T20:52:01.442451 Ending block 1 - 500 steps completed in 88.91 s
[OUTPUT] 2026-07-09T20:52:01.443376 Epoch 4 - Block 1 [Training] Accelerator Utilization [AU] (%): 91.9143
[OUTPUT] 2026-07-09T20:52:01.443406 Epoch 4 - Block 1 [Training] Throughput (samples/second): 3175.4439
[OUTPUT] 2026-07-09T20:52:01.443515 Epoch 4 - Block 1 [Training] Computation time per step (second): 0.1621+/-0.0000 (set value: {'mean': 0.162})
[OUTPUT] 2026-07-09T20:52:01.480583 Ending epoch 4 - 500 steps completed in 88.95 s
[OUTPUT] 2026-07-09T20:52:01.484231 Reshard for epoch 5: 3500 train files, 0 eval files redistributed via alltoall in 0.00s
[OUTPUT] 2026-07-09T20:52:02.328339 Worker pre-warm complete for epoch 5 (3 workers spawned)
[OUTPUT] 2026-07-09T20:52:02.810536 Starting epoch 5: 500 steps expected
[OUTPUT] 2026-07-09T20:52:02.810854 Starting block 1
[OUTPUT] 2026-07-09T20:53:31.900593 Ending block 1 - 500 steps completed in 89.09 s
[OUTPUT] 2026-07-09T20:53:31.901770 Epoch 5 - Block 1 [Training] Accelerator Utilization [AU] (%): 91.6496
[OUTPUT] 2026-07-09T20:53:31.901809 Epoch 5 - Block 1 [Training] Throughput (samples/second): 3166.3041
[OUTPUT] 2026-07-09T20:53:31.901929 Epoch 5 - Block 1 [Training] Computation time per step (second): 0.1621+/-0.0000 (set value: {'mean': 0.162})
[OUTPUT] 2026-07-09T20:53:31.929363 Ending epoch 5 - 500 steps completed in 89.12 s
[OUTPUT] 2026-07-09T20:53:31.953298 Reshard for epoch 6: 3500 train files, 0 eval files redistributed via alltoall in 0.02s
[OUTPUT] 2026-07-09T20:53:32.828400 Worker pre-warm complete for epoch 6 (3 workers spawned)
[OUTPUT] 2026-07-09T20:53:32.858346 Saved outputs in /root/results/closed/Suzhou_Zishan_Longlin/results/GalaxSphere-4Tier0/training/unet3d/run/20260709_204530
[OUTPUT] Averaged metric over all steps/epochs
[METRIC] ==========================================================
[METRIC] Number of Simulated Accelerators: 80 
[METRIC] Training Accelerator Utilization [AU] (%): 91.7977 (0.1477)
[METRIC] Training Throughput (samples/second): 3171.3605 (5.1122)
[METRIC] Training I/O Throughput (MiB/second): 443385.5490 (714.7285)
[METRIC] train_au_meet_expectation: success
[METRIC] ==========================================================

[OUTPUT] 2026-07-09T20:53:32.963054 outputs saved in RANKID_output.json
