[OUTPUT] [DEBUG DLIOBenchmark.__init__] After LoadConfig:
[OUTPUT]   storage_type   = <StorageType.LOCAL_FS: 'local_fs'>
[OUTPUT]   storage_root   = './'
[OUTPUT]   storage_options= None
[OUTPUT]   data_folder    = '/mnt/glfs/GalaxSphere-1Tier0/training/unet3d'
[OUTPUT]   framework      = <FrameworkType.PYTORCH: 'pytorch'>
[OUTPUT]   num_files_train= 105000
[OUTPUT]   record_length  = 146600628
[OUTPUT]   generate_data  = False
[OUTPUT]   do_train       = True
[OUTPUT]   do_checkpoint  = False
[OUTPUT]   epochs         = 5
[OUTPUT]   batch_size     = 7
[OUTPUT] 2026-07-13T09:56:27.420723 Running DLIO [Training] with 26 process(es)
[OUTPUT] 2026-07-13T09:56:27.439922 skip_listing [train]: validating 105,000 of 105,000 files (first, last, every 1) via HEAD requests ...
[OUTPUT] 2026-07-13T09:56:27.442832 skip_listing [train]:   500/105,000 checked (0%)  —  178435 checks/s  —  ETA 1s  —  0 failed so far
[OUTPUT] 2026-07-13T09:56:27.444904 skip_listing [train]:   1,000/105,000 checked (1%)  —  205171 checks/s  —  ETA 1s  —  0 failed so far
[OUTPUT] 2026-07-13T09:56:27.446954 skip_listing [train]:   1,500/105,000 checked (1%)  —  216603 checks/s  —  ETA 0s  —  0 failed so far
[OUTPUT] 2026-07-13T09:56:27.448989 skip_listing [train]:   2,000/105,000 checked (2%)  —  223202 checks/s  —  ETA 0s  —  0 failed so far
[OUTPUT] 2026-07-13T09:56:27.451020 skip_listing [train]:   2,500/105,000 checked (2%)  —  227447 checks/s  —  ETA 0s  —  0 failed so far
[OUTPUT] 2026-07-13T09:56:27.453052 skip_listing [train]:   3,000/105,000 checked (3%)  —  230359 checks/s  —  ETA 0s  —  0 failed so far
[OUTPUT] 2026-07-13T09:56:27.455083 skip_listing [train]:   3,500/105,000 checked (3%)  —  232485 checks/s  —  ETA 0s  —  0 failed so far
[OUTPUT] 2026-07-13T09:56:27.457109 skip_listing [train]:   4,000/105,000 checked (4%)  —  234181 checks/s  —  ETA 0s  —  0 failed so far
[OUTPUT] 2026-07-13T09:56:27.459131 skip_listing [train]:   4,500/105,000 checked (4%)  —  235564 checks/s  —  ETA 0s  —  0 failed so far
[OUTPUT] 2026-07-13T09:56:27.461150 skip_listing [train]:   5,000/105,000 checked (5%)  —  236731 checks/s  —  ETA 0s  —  0 failed so far
[OUTPUT] 2026-07-13T09:56:27.463164 skip_listing [train]:   5,500/105,000 checked (5%)  —  237731 checks/s  —  ETA 0s  —  0 failed so far
[OUTPUT] 2026-07-13T09:56:27.465180 skip_listing [train]:   6,000/105,000 checked (6%)  —  238557 checks/s  —  ETA 0s  —  0 failed so far
[OUTPUT] 2026-07-13T09:56:27.467196 skip_listing [train]:   6,500/105,000 checked (6%)  —  239252 checks/s  —  ETA 0s  —  0 failed so far
[OUTPUT] 2026-07-13T09:56:27.469207 skip_listing [train]:   7,000/105,000 checked (7%)  —  239904 checks/s  —  ETA 0s  —  0 failed so far
[OUTPUT] 2026-07-13T09:56:27.471214 skip_listing [train]:   7,500/105,000 checked (7%)  —  240494 checks/s  —  ETA 0s  —  0 failed so far
[OUTPUT] 2026-07-13T09:56:27.473227 skip_listing [train]:   8,000/105,000 checked (8%)  —  240974 checks/s  —  ETA 0s  —  0 failed so far
[OUTPUT] 2026-07-13T09:56:27.475238 skip_listing [train]:   8,500/105,000 checked (8%)  —  241414 checks/s  —  ETA 0s  —  0 failed so far
[OUTPUT] 2026-07-13T09:56:27.477240 skip_listing [train]:   9,000/105,000 checked (9%)  —  241861 checks/s  —  ETA 0s  —  0 failed so far
[OUTPUT] 2026-07-13T09:56:27.479245 skip_listing [train]:   9,500/105,000 checked (9%)  —  242246 checks/s  —  ETA 0s  —  0 failed so far
[OUTPUT] 2026-07-13T09:56:27.481249 skip_listing [train]:   10,000/105,000 checked (10%)  —  242597 checks/s  —  ETA 0s  —  0 failed so far
[OUTPUT] 2026-07-13T09:56:27.483251 skip_listing [train]:   10,500/105,000 checked (10%)  —  242929 checks/s  —  ETA 0s  —  0 failed so far
[OUTPUT] 2026-07-13T09:56:27.485254 skip_listing [train]:   11,000/105,000 checked (10%)  —  243228 checks/s  —  ETA 0s  —  0 failed so far
[OUTPUT] 2026-07-13T09:56:27.487257 skip_listing [train]:   11,500/105,000 checked (11%)  —  243499 checks/s  —  ETA 0s  —  0 failed so far
[OUTPUT] 2026-07-13T09:56:27.489261 skip_listing [train]:   12,000/105,000 checked (11%)  —  243739 checks/s  —  ETA 0s  —  0 failed so far
[OUTPUT] 2026-07-13T09:56:27.491278 skip_listing [train]:   12,500/105,000 checked (12%)  —  243906 checks/s  —  ETA 0s  —  0 failed so far
[OUTPUT] 2026-07-13T09:56:27.493291 skip_listing [train]:   13,000/105,000 checked (12%)  —  244072 checks/s  —  ETA 0s  —  0 failed so far
[OUTPUT] 2026-07-13T09:56:27.495305 skip_listing [train]:   13,500/105,000 checked (13%)  —  244228 checks/s  —  ETA 0s  —  0 failed so far
[OUTPUT] 2026-07-13T09:56:27.497311 skip_listing [train]:   14,000/105,000 checked (13%)  —  244405 checks/s  —  ETA 0s  —  0 failed so far
[OUTPUT] 2026-07-13T09:56:27.499323 skip_listing [train]:   14,500/105,000 checked (14%)  —  244543 checks/s  —  ETA 0s  —  0 failed so far
[OUTPUT] 2026-07-13T09:56:27.501337 skip_listing [train]:   15,000/105,000 checked (14%)  —  244663 checks/s  —  ETA 0s  —  0 failed so far
[OUTPUT] 2026-07-13T09:56:27.503349 skip_listing [train]:   15,500/105,000 checked (15%)  —  244787 checks/s  —  ETA 0s  —  0 failed so far
[OUTPUT] 2026-07-13T09:56:27.505355 skip_listing [train]:   16,000/105,000 checked (15%)  —  244922 checks/s  —  ETA 0s  —  0 failed so far
[OUTPUT] 2026-07-13T09:56:27.507379 skip_listing [train]:   16,500/105,000 checked (16%)  —  244987 checks/s  —  ETA 0s  —  0 failed so far
[OUTPUT] 2026-07-13T09:56:27.509391 skip_listing [train]:   17,000/105,000 checked (16%)  —  245088 checks/s  —  ETA 0s  —  0 failed so far
[OUTPUT] 2026-07-13T09:56:27.511398 skip_listing [train]:   17,500/105,000 checked (17%)  —  245205 checks/s  —  ETA 0s  —  0 failed so far
[OUTPUT] 2026-07-13T09:56:27.513425 skip_listing [train]:   18,000/105,000 checked (17%)  —  245243 checks/s  —  ETA 0s  —  0 failed so far
[OUTPUT] 2026-07-13T09:56:27.515449 skip_listing [train]:   18,500/105,000 checked (18%)  —  245290 checks/s  —  ETA 0s  —  0 failed so far
[OUTPUT] 2026-07-13T09:56:27.517478 skip_listing [train]:   19,000/105,000 checked (18%)  —  245320 checks/s  —  ETA 0s  —  0 failed so far
[OUTPUT] 2026-07-13T09:56:27.519492 skip_listing [train]:   19,500/105,000 checked (19%)  —  245396 checks/s  —  ETA 0s  —  0 failed so far
[OUTPUT] 2026-07-13T09:56:27.521506 skip_listing [train]:   20,000/105,000 checked (19%)  —  245465 checks/s  —  ETA 0s  —  0 failed so far
[OUTPUT] 2026-07-13T09:56:27.523514 skip_listing [train]:   20,500/105,000 checked (20%)  —  245552 checks/s  —  ETA 0s  —  0 failed so far
[OUTPUT] 2026-07-13T09:56:27.525527 skip_listing [train]:   21,000/105,000 checked (20%)  —  245617 checks/s  —  ETA 0s  —  0 failed so far
[OUTPUT] 2026-07-13T09:56:27.527533 skip_listing [train]:   21,500/105,000 checked (20%)  —  245701 checks/s  —  ETA 0s  —  0 failed so far
[OUTPUT] 2026-07-13T09:56:27.529540 skip_listing [train]:   22,000/105,000 checked (21%)  —  245779 checks/s  —  ETA 0s  —  0 failed so far
[OUTPUT] 2026-07-13T09:56:27.531550 skip_listing [train]:   22,500/105,000 checked (21%)  —  245845 checks/s  —  ETA 0s  —  0 failed so far
[OUTPUT] 2026-07-13T09:56:27.533558 skip_listing [train]:   23,000/105,000 checked (22%)  —  245911 checks/s  —  ETA 0s  —  0 failed so far
[OUTPUT] 2026-07-13T09:56:27.535565 skip_listing [train]:   23,500/105,000 checked (22%)  —  245980 checks/s  —  ETA 0s  —  0 failed so far
[OUTPUT] 2026-07-13T09:56:27.537569 skip_listing [train]:   24,000/105,000 checked (23%)  —  246051 checks/s  —  ETA 0s  —  0 failed so far
[OUTPUT] 2026-07-13T09:56:27.539579 skip_listing [train]:   24,500/105,000 checked (23%)  —  246106 checks/s  —  ETA 0s  —  0 failed so far
[OUTPUT] 2026-07-13T09:56:27.541577 skip_listing [train]:   25,000/105,000 checked (24%)  —  246187 checks/s  —  ETA 0s  —  0 failed so far
[OUTPUT] 2026-07-13T09:56:27.543584 skip_listing [train]:   25,500/105,000 checked (24%)  —  246245 checks/s  —  ETA 0s  —  0 failed so far
[OUTPUT] 2026-07-13T09:56:27.545592 skip_listing [train]:   26,000/105,000 checked (25%)  —  246296 checks/s  —  ETA 0s  —  0 failed so far
[OUTPUT] 2026-07-13T09:56:27.547610 skip_listing [train]:   26,500/105,000 checked (25%)  —  246326 checks/s  —  ETA 0s  —  0 failed so far
[OUTPUT] 2026-07-13T09:56:27.549612 skip_listing [train]:   27,000/105,000 checked (26%)  —  246387 checks/s  —  ETA 0s  —  0 failed so far
[OUTPUT] 2026-07-13T09:56:27.551609 skip_listing [train]:   27,500/105,000 checked (26%)  —  246459 checks/s  —  ETA 0s  —  0 failed so far
[OUTPUT] 2026-07-13T09:56:27.553614 skip_listing [train]:   28,000/105,000 checked (27%)  —  246511 checks/s  —  ETA 0s  —  0 failed so far
[OUTPUT] 2026-07-13T09:56:27.555625 skip_listing [train]:   28,500/105,000 checked (27%)  —  246547 checks/s  —  ETA 0s  —  0 failed so far
[OUTPUT] 2026-07-13T09:56:27.557635 skip_listing [train]:   29,000/105,000 checked (28%)  —  246586 checks/s  —  ETA 0s  —  0 failed so far
[OUTPUT] 2026-07-13T09:56:27.559643 skip_listing [train]:   29,500/105,000 checked (28%)  —  246626 checks/s  —  ETA 0s  —  0 failed so far
[OUTPUT] 2026-07-13T09:56:27.561652 skip_listing [train]:   30,000/105,000 checked (29%)  —  246664 checks/s  —  ETA 0s  —  0 failed so far
[OUTPUT] 2026-07-13T09:56:27.563659 skip_listing [train]:   30,500/105,000 checked (29%)  —  246703 checks/s  —  ETA 0s  —  0 failed so far
[OUTPUT] 2026-07-13T09:56:27.565666 skip_listing [train]:   31,000/105,000 checked (30%)  —  246742 checks/s  —  ETA 0s  —  0 failed so far
[OUTPUT] 2026-07-13T09:56:27.567672 skip_listing [train]:   31,500/105,000 checked (30%)  —  246782 checks/s  —  ETA 0s  —  0 failed so far
[OUTPUT] 2026-07-13T09:56:27.569672 skip_listing [train]:   32,000/105,000 checked (30%)  —  246830 checks/s  —  ETA 0s  —  0 failed so far
[OUTPUT] 2026-07-13T09:56:27.571677 skip_listing [train]:   32,500/105,000 checked (31%)  —  246869 checks/s  —  ETA 0s  —  0 failed so far
[OUTPUT] 2026-07-13T09:56:27.573682 skip_listing [train]:   33,000/105,000 checked (31%)  —  246906 checks/s  —  ETA 0s  —  0 failed so far
[OUTPUT] 2026-07-13T09:56:27.575687 skip_listing [train]:   33,500/105,000 checked (32%)  —  246943 checks/s  —  ETA 0s  —  0 failed so far
[OUTPUT] 2026-07-13T09:56:27.577692 skip_listing [train]:   34,000/105,000 checked (32%)  —  246978 checks/s  —  ETA 0s  —  0 failed so far
[OUTPUT] 2026-07-13T09:56:27.579700 skip_listing [train]:   34,500/105,000 checked (33%)  —  247009 checks/s  —  ETA 0s  —  0 failed so far
[OUTPUT] 2026-07-13T09:56:27.581701 skip_listing [train]:   35,000/105,000 checked (33%)  —  247049 checks/s  —  ETA 0s  —  0 failed so far
[OUTPUT] 2026-07-13T09:56:27.583704 skip_listing [train]:   35,500/105,000 checked (34%)  —  247084 checks/s  —  ETA 0s  —  0 failed so far
[OUTPUT] 2026-07-13T09:56:27.585702 skip_listing [train]:   36,000/105,000 checked (34%)  —  247128 checks/s  —  ETA 0s  —  0 failed so far
[OUTPUT] 2026-07-13T09:56:27.587700 skip_listing [train]:   36,500/105,000 checked (35%)  —  247171 checks/s  —  ETA 0s  —  0 failed so far
[OUTPUT] 2026-07-13T09:56:27.589703 skip_listing [train]:   37,000/105,000 checked (35%)  —  247203 checks/s  —  ETA 0s  —  0 failed so far
[OUTPUT] 2026-07-13T09:56:27.591701 skip_listing [train]:   37,500/105,000 checked (36%)  —  247243 checks/s  —  ETA 0s  —  0 failed so far
[OUTPUT] 2026-07-13T09:56:27.593699 skip_listing [train]:   38,000/105,000 checked (36%)  —  247281 checks/s  —  ETA 0s  —  0 failed so far
[OUTPUT] 2026-07-13T09:56:27.595701 skip_listing [train]:   38,500/105,000 checked (37%)  —  247314 checks/s  —  ETA 0s  —  0 failed so far
[OUTPUT] 2026-07-13T09:56:27.597696 skip_listing [train]:   39,000/105,000 checked (37%)  —  247356 checks/s  —  ETA 0s  —  0 failed so far
[OUTPUT] 2026-07-13T09:56:27.599692 skip_listing [train]:   39,500/105,000 checked (38%)  —  247395 checks/s  —  ETA 0s  —  0 failed so far
[OUTPUT] 2026-07-13T09:56:27.601691 skip_listing [train]:   40,000/105,000 checked (38%)  —  247430 checks/s  —  ETA 0s  —  0 failed so far
[OUTPUT] 2026-07-13T09:56:27.603695 skip_listing [train]:   40,500/105,000 checked (39%)  —  247454 checks/s  —  ETA 0s  —  0 failed so far
[OUTPUT] 2026-07-13T09:56:27.605690 skip_listing [train]:   41,000/105,000 checked (39%)  —  247492 checks/s  —  ETA 0s  —  0 failed so far
[OUTPUT] 2026-07-13T09:56:27.607689 skip_listing [train]:   41,500/105,000 checked (40%)  —  247524 checks/s  —  ETA 0s  —  0 failed so far
[OUTPUT] 2026-07-13T09:56:27.609687 skip_listing [train]:   42,000/105,000 checked (40%)  —  247556 checks/s  —  ETA 0s  —  0 failed so far
[OUTPUT] 2026-07-13T09:56:27.611685 skip_listing [train]:   42,500/105,000 checked (40%)  —  247587 checks/s  —  ETA 0s  —  0 failed so far
[OUTPUT] 2026-07-13T09:56:27.613685 skip_listing [train]:   43,000/105,000 checked (41%)  —  247616 checks/s  —  ETA 0s  —  0 failed so far
[OUTPUT] 2026-07-13T09:56:27.615682 skip_listing [train]:   43,500/105,000 checked (41%)  —  247646 checks/s  —  ETA 0s  —  0 failed so far
[OUTPUT] 2026-07-13T09:56:27.617684 skip_listing [train]:   44,000/105,000 checked (42%)  —  247671 checks/s  —  ETA 0s  —  0 failed so far
[OUTPUT] 2026-07-13T09:56:27.619683 skip_listing [train]:   44,500/105,000 checked (42%)  —  247698 checks/s  —  ETA 0s  —  0 failed so far
[OUTPUT] 2026-07-13T09:56:27.621687 skip_listing [train]:   45,000/105,000 checked (43%)  —  247718 checks/s  —  ETA 0s  —  0 failed so far
[OUTPUT] 2026-07-13T09:56:27.623691 skip_listing [train]:   45,500/105,000 checked (43%)  —  247737 checks/s  —  ETA 0s  —  0 failed so far
[OUTPUT] 2026-07-13T09:56:27.625692 skip_listing [train]:   46,000/105,000 checked (44%)  —  247760 checks/s  —  ETA 0s  —  0 failed so far
[OUTPUT] 2026-07-13T09:56:27.627694 skip_listing [train]:   46,500/105,000 checked (44%)  —  247781 checks/s  —  ETA 0s  —  0 failed so far
[OUTPUT] 2026-07-13T09:56:27.629699 skip_listing [train]:   47,000/105,000 checked (45%)  —  247798 checks/s  —  ETA 0s  —  0 failed so far
[OUTPUT] 2026-07-13T09:56:27.631703 skip_listing [train]:   47,500/105,000 checked (45%)  —  247816 checks/s  —  ETA 0s  —  0 failed so far
[OUTPUT] 2026-07-13T09:56:27.633703 skip_listing [train]:   48,000/105,000 checked (46%)  —  247838 checks/s  —  ETA 0s  —  0 failed so far
[OUTPUT] 2026-07-13T09:56:27.635707 skip_listing [train]:   48,500/105,000 checked (46%)  —  247856 checks/s  —  ETA 0s  —  0 failed so far
[OUTPUT] 2026-07-13T09:56:27.637713 skip_listing [train]:   49,000/105,000 checked (47%)  —  247870 checks/s  —  ETA 0s  —  0 failed so far
[OUTPUT] 2026-07-13T09:56:27.639720 skip_listing [train]:   49,500/105,000 checked (47%)  —  247882 checks/s  —  ETA 0s  —  0 failed so far
[OUTPUT] 2026-07-13T09:56:27.641724 skip_listing [train]:   50,000/105,000 checked (48%)  —  247898 checks/s  —  ETA 0s  —  0 failed so far
[OUTPUT] 2026-07-13T09:56:27.643726 skip_listing [train]:   50,500/105,000 checked (48%)  —  247917 checks/s  —  ETA 0s  —  0 failed so far
[OUTPUT] 2026-07-13T09:56:27.645728 skip_listing [train]:   51,000/105,000 checked (49%)  —  247934 checks/s  —  ETA 0s  —  0 failed so far
[OUTPUT] 2026-07-13T09:56:27.647725 skip_listing [train]:   51,500/105,000 checked (49%)  —  247957 checks/s  —  ETA 0s  —  0 failed so far
[OUTPUT] 2026-07-13T09:56:27.649725 skip_listing [train]:   52,000/105,000 checked (50%)  —  247978 checks/s  —  ETA 0s  —  0 failed so far
[OUTPUT] 2026-07-13T09:56:27.651721 skip_listing [train]:   52,500/105,000 checked (50%)  —  248001 checks/s  —  ETA 0s  —  0 failed so far
[OUTPUT] 2026-07-13T09:56:27.653722 skip_listing [train]:   53,000/105,000 checked (50%)  —  248019 checks/s  —  ETA 0s  —  0 failed so far
[OUTPUT] 2026-07-13T09:56:27.655725 skip_listing [train]:   53,500/105,000 checked (51%)  —  248033 checks/s  —  ETA 0s  —  0 failed so far
[OUTPUT] 2026-07-13T09:56:27.657726 skip_listing [train]:   54,000/105,000 checked (51%)  —  248051 checks/s  —  ETA 0s  —  0 failed so far
[OUTPUT] 2026-07-13T09:56:27.659727 skip_listing [train]:   54,500/105,000 checked (52%)  —  248067 checks/s  —  ETA 0s  —  0 failed so far
[OUTPUT] 2026-07-13T09:56:27.661727 skip_listing [train]:   55,000/105,000 checked (52%)  —  248085 checks/s  —  ETA 0s  —  0 failed so far
[OUTPUT] 2026-07-13T09:56:27.663726 skip_listing [train]:   55,500/105,000 checked (53%)  —  248102 checks/s  —  ETA 0s  —  0 failed so far
[OUTPUT] 2026-07-13T09:56:27.665728 skip_listing [train]:   56,000/105,000 checked (53%)  —  248118 checks/s  —  ETA 0s  —  0 failed so far
[OUTPUT] 2026-07-13T09:56:27.667732 skip_listing [train]:   56,500/105,000 checked (54%)  —  248130 checks/s  —  ETA 0s  —  0 failed so far
[OUTPUT] 2026-07-13T09:56:27.669736 skip_listing [train]:   57,000/105,000 checked (54%)  —  248142 checks/s  —  ETA 0s  —  0 failed so far
[OUTPUT] 2026-07-13T09:56:27.671731 skip_listing [train]:   57,500/105,000 checked (55%)  —  248162 checks/s  —  ETA 0s  —  0 failed so far
[OUTPUT] 2026-07-13T09:56:27.673731 skip_listing [train]:   58,000/105,000 checked (55%)  —  248179 checks/s  —  ETA 0s  —  0 failed so far
[OUTPUT] 2026-07-13T09:56:27.675739 skip_listing [train]:   58,500/105,000 checked (56%)  —  248186 checks/s  —  ETA 0s  —  0 failed so far
[OUTPUT] 2026-07-13T09:56:27.677744 skip_listing [train]:   59,000/105,000 checked (56%)  —  248196 checks/s  —  ETA 0s  —  0 failed so far
[OUTPUT] 2026-07-13T09:56:27.679747 skip_listing [train]:   59,500/105,000 checked (57%)  —  248208 checks/s  —  ETA 0s  —  0 failed so far
[OUTPUT] 2026-07-13T09:56:27.681751 skip_listing [train]:   60,000/105,000 checked (57%)  —  248218 checks/s  —  ETA 0s  —  0 failed so far
[OUTPUT] 2026-07-13T09:56:27.683753 skip_listing [train]:   60,500/105,000 checked (58%)  —  248231 checks/s  —  ETA 0s  —  0 failed so far
[OUTPUT] 2026-07-13T09:56:27.685754 skip_listing [train]:   61,000/105,000 checked (58%)  —  248245 checks/s  —  ETA 0s  —  0 failed so far
[OUTPUT] 2026-07-13T09:56:27.687774 skip_listing [train]:   61,500/105,000 checked (59%)  —  248239 checks/s  —  ETA 0s  —  0 failed so far
[OUTPUT] 2026-07-13T09:56:27.689784 skip_listing [train]:   62,000/105,000 checked (59%)  —  248243 checks/s  —  ETA 0s  —  0 failed so far
[OUTPUT] 2026-07-13T09:56:27.691788 skip_listing [train]:   62,500/105,000 checked (60%)  —  248253 checks/s  —  ETA 0s  —  0 failed so far
[OUTPUT] 2026-07-13T09:56:27.693794 skip_listing [train]:   63,000/105,000 checked (60%)  —  248260 checks/s  —  ETA 0s  —  0 failed so far
[OUTPUT] 2026-07-13T09:56:27.695808 skip_listing [train]:   63,500/105,000 checked (60%)  —  248260 checks/s  —  ETA 0s  —  0 failed so far
[OUTPUT] 2026-07-13T09:56:27.697820 skip_listing [train]:   64,000/105,000 checked (61%)  —  248262 checks/s  —  ETA 0s  —  0 failed so far
[OUTPUT] 2026-07-13T09:56:27.699830 skip_listing [train]:   64,500/105,000 checked (61%)  —  248267 checks/s  —  ETA 0s  —  0 failed so far
[OUTPUT] 2026-07-13T09:56:27.701840 skip_listing [train]:   65,000/105,000 checked (62%)  —  248270 checks/s  —  ETA 0s  —  0 failed so far
[OUTPUT] 2026-07-13T09:56:27.703851 skip_listing [train]:   65,500/105,000 checked (62%)  —  248273 checks/s  —  ETA 0s  —  0 failed so far
[OUTPUT] 2026-07-13T09:56:27.705865 skip_listing [train]:   66,000/105,000 checked (63%)  —  248272 checks/s  —  ETA 0s  —  0 failed so far
[OUTPUT] 2026-07-13T09:56:27.707877 skip_listing [train]:   66,500/105,000 checked (63%)  —  248275 checks/s  —  ETA 0s  —  0 failed so far
[OUTPUT] 2026-07-13T09:56:27.709892 skip_listing [train]:   67,000/105,000 checked (64%)  —  248274 checks/s  —  ETA 0s  —  0 failed so far
[OUTPUT] 2026-07-13T09:56:27.711897 skip_listing [train]:   67,500/105,000 checked (64%)  —  248281 checks/s  —  ETA 0s  —  0 failed so far
[OUTPUT] 2026-07-13T09:56:27.713908 skip_listing [train]:   68,000/105,000 checked (65%)  —  248285 checks/s  —  ETA 0s  —  0 failed so far
[OUTPUT] 2026-07-13T09:56:27.715917 skip_listing [train]:   68,500/105,000 checked (65%)  —  248288 checks/s  —  ETA 0s  —  0 failed so far
[OUTPUT] 2026-07-13T09:56:27.717928 skip_listing [train]:   69,000/105,000 checked (66%)  —  248291 checks/s  —  ETA 0s  —  0 failed so far
[OUTPUT] 2026-07-13T09:56:27.719943 skip_listing [train]:   69,500/105,000 checked (66%)  —  248290 checks/s  —  ETA 0s  —  0 failed so far
[OUTPUT] 2026-07-13T09:56:27.721961 skip_listing [train]:   70,000/105,000 checked (67%)  —  248286 checks/s  —  ETA 0s  —  0 failed so far
[OUTPUT] 2026-07-13T09:56:27.723975 skip_listing [train]:   70,500/105,000 checked (67%)  —  248286 checks/s  —  ETA 0s  —  0 failed so far
[OUTPUT] 2026-07-13T09:56:27.725987 skip_listing [train]:   71,000/105,000 checked (68%)  —  248288 checks/s  —  ETA 0s  —  0 failed so far
[OUTPUT] 2026-07-13T09:56:27.727993 skip_listing [train]:   71,500/105,000 checked (68%)  —  248294 checks/s  —  ETA 0s  —  0 failed so far
[OUTPUT] 2026-07-13T09:56:27.730009 skip_listing [train]:   72,000/105,000 checked (69%)  —  248292 checks/s  —  ETA 0s  —  0 failed so far
[OUTPUT] 2026-07-13T09:56:27.732023 skip_listing [train]:   72,500/105,000 checked (69%)  —  248292 checks/s  —  ETA 0s  —  0 failed so far
[OUTPUT] 2026-07-13T09:56:27.734033 skip_listing [train]:   73,000/105,000 checked (70%)  —  248295 checks/s  —  ETA 0s  —  0 failed so far
[OUTPUT] 2026-07-13T09:56:27.736047 skip_listing [train]:   73,500/105,000 checked (70%)  —  248296 checks/s  —  ETA 0s  —  0 failed so far
[OUTPUT] 2026-07-13T09:56:27.738054 skip_listing [train]:   74,000/105,000 checked (70%)  —  248300 checks/s  —  ETA 0s  —  0 failed so far
[OUTPUT] 2026-07-13T09:56:27.740069 skip_listing [train]:   74,500/105,000 checked (71%)  —  248299 checks/s  —  ETA 0s  —  0 failed so far
[OUTPUT] 2026-07-13T09:56:27.742076 skip_listing [train]:   75,000/105,000 checked (71%)  —  248306 checks/s  —  ETA 0s  —  0 failed so far
[OUTPUT] 2026-07-13T09:56:27.744079 skip_listing [train]:   75,500/105,000 checked (72%)  —  248314 checks/s  —  ETA 0s  —  0 failed so far
[OUTPUT] 2026-07-13T09:56:27.746081 skip_listing [train]:   76,000/105,000 checked (72%)  —  248323 checks/s  —  ETA 0s  —  0 failed so far
[OUTPUT] 2026-07-13T09:56:27.748079 skip_listing [train]:   76,500/105,000 checked (73%)  —  248336 checks/s  —  ETA 0s  —  0 failed so far
[OUTPUT] 2026-07-13T09:56:27.750077 skip_listing [train]:   77,000/105,000 checked (73%)  —  248348 checks/s  —  ETA 0s  —  0 failed so far
[OUTPUT] 2026-07-13T09:56:27.752079 skip_listing [train]:   77,500/105,000 checked (74%)  —  248358 checks/s  —  ETA 0s  —  0 failed so far
[OUTPUT] 2026-07-13T09:56:27.754084 skip_listing [train]:   78,000/105,000 checked (74%)  —  248364 checks/s  —  ETA 0s  —  0 failed so far
[OUTPUT] 2026-07-13T09:56:27.756090 skip_listing [train]:   78,500/105,000 checked (75%)  —  248369 checks/s  —  ETA 0s  —  0 failed so far
[OUTPUT] 2026-07-13T09:56:27.758095 skip_listing [train]:   79,000/105,000 checked (75%)  —  248376 checks/s  —  ETA 0s  —  0 failed so far
[OUTPUT] 2026-07-13T09:56:27.760098 skip_listing [train]:   79,500/105,000 checked (76%)  —  248383 checks/s  —  ETA 0s  —  0 failed so far
[OUTPUT] 2026-07-13T09:56:27.762099 skip_listing [train]:   80,000/105,000 checked (76%)  —  248392 checks/s  —  ETA 0s  —  0 failed so far
[OUTPUT] 2026-07-13T09:56:27.764097 skip_listing [train]:   80,500/105,000 checked (77%)  —  248404 checks/s  —  ETA 0s  —  0 failed so far
[OUTPUT] 2026-07-13T09:56:27.766096 skip_listing [train]:   81,000/105,000 checked (77%)  —  248415 checks/s  —  ETA 0s  —  0 failed so far
[OUTPUT] 2026-07-13T09:56:27.768100 skip_listing [train]:   81,500/105,000 checked (78%)  —  248421 checks/s  —  ETA 0s  —  0 failed so far
[OUTPUT] 2026-07-13T09:56:27.770100 skip_listing [train]:   82,000/105,000 checked (78%)  —  248431 checks/s  —  ETA 0s  —  0 failed so far
[OUTPUT] 2026-07-13T09:56:27.772109 skip_listing [train]:   82,500/105,000 checked (79%)  —  248433 checks/s  —  ETA 0s  —  0 failed so far
[OUTPUT] 2026-07-13T09:56:27.774115 skip_listing [train]:   83,000/105,000 checked (79%)  —  248438 checks/s  —  ETA 0s  —  0 failed so far
[OUTPUT] 2026-07-13T09:56:27.776119 skip_listing [train]:   83,500/105,000 checked (80%)  —  248445 checks/s  —  ETA 0s  —  0 failed so far
[OUTPUT] 2026-07-13T09:56:27.778115 skip_listing [train]:   84,000/105,000 checked (80%)  —  248457 checks/s  —  ETA 0s  —  0 failed so far
[OUTPUT] 2026-07-13T09:56:27.780117 skip_listing [train]:   84,500/105,000 checked (80%)  —  248465 checks/s  —  ETA 0s  —  0 failed so far
[OUTPUT] 2026-07-13T09:56:27.782119 skip_listing [train]:   85,000/105,000 checked (81%)  —  248472 checks/s  —  ETA 0s  —  0 failed so far
[OUTPUT] 2026-07-13T09:56:27.784130 skip_listing [train]:   85,500/105,000 checked (81%)  —  248473 checks/s  —  ETA 0s  —  0 failed so far
[OUTPUT] 2026-07-13T09:56:27.786136 skip_listing [train]:   86,000/105,000 checked (82%)  —  248478 checks/s  —  ETA 0s  —  0 failed so far
[OUTPUT] 2026-07-13T09:56:27.788133 skip_listing [train]:   86,500/105,000 checked (82%)  —  248488 checks/s  —  ETA 0s  —  0 failed so far
[OUTPUT] 2026-07-13T09:56:27.790136 skip_listing [train]:   87,000/105,000 checked (83%)  —  248495 checks/s  —  ETA 0s  —  0 failed so far
[OUTPUT] 2026-07-13T09:56:27.792138 skip_listing [train]:   87,500/105,000 checked (83%)  —  248502 checks/s  —  ETA 0s  —  0 failed so far
[OUTPUT] 2026-07-13T09:56:27.794144 skip_listing [train]:   88,000/105,000 checked (84%)  —  248506 checks/s  —  ETA 0s  —  0 failed so far
[OUTPUT] 2026-07-13T09:56:27.796147 skip_listing [train]:   88,500/105,000 checked (84%)  —  248513 checks/s  —  ETA 0s  —  0 failed so far
[OUTPUT] 2026-07-13T09:56:27.798150 skip_listing [train]:   89,000/105,000 checked (85%)  —  248519 checks/s  —  ETA 0s  —  0 failed so far
[OUTPUT] 2026-07-13T09:56:27.800143 skip_listing [train]:   89,500/105,000 checked (85%)  —  248532 checks/s  —  ETA 0s  —  0 failed so far
[OUTPUT] 2026-07-13T09:56:27.802141 skip_listing [train]:   90,000/105,000 checked (86%)  —  248541 checks/s  —  ETA 0s  —  0 failed so far
[OUTPUT] 2026-07-13T09:56:27.804138 skip_listing [train]:   90,500/105,000 checked (86%)  —  248551 checks/s  —  ETA 0s  —  0 failed so far
[OUTPUT] 2026-07-13T09:56:27.806138 skip_listing [train]:   91,000/105,000 checked (87%)  —  248560 checks/s  —  ETA 0s  —  0 failed so far
[OUTPUT] 2026-07-13T09:56:27.808139 skip_listing [train]:   91,500/105,000 checked (87%)  —  248567 checks/s  —  ETA 0s  —  0 failed so far
[OUTPUT] 2026-07-13T09:56:27.810136 skip_listing [train]:   92,000/105,000 checked (88%)  —  248576 checks/s  —  ETA 0s  —  0 failed so far
[OUTPUT] 2026-07-13T09:56:27.812131 skip_listing [train]:   92,500/105,000 checked (88%)  —  248587 checks/s  —  ETA 0s  —  0 failed so far
[OUTPUT] 2026-07-13T09:56:27.814134 skip_listing [train]:   93,000/105,000 checked (89%)  —  248593 checks/s  —  ETA 0s  —  0 failed so far
[OUTPUT] 2026-07-13T09:56:27.816134 skip_listing [train]:   93,500/105,000 checked (89%)  —  248601 checks/s  —  ETA 0s  —  0 failed so far
[OUTPUT] 2026-07-13T09:56:27.818132 skip_listing [train]:   94,000/105,000 checked (90%)  —  248609 checks/s  —  ETA 0s  —  0 failed so far
[OUTPUT] 2026-07-13T09:56:27.820139 skip_listing [train]:   94,500/105,000 checked (90%)  —  248612 checks/s  —  ETA 0s  —  0 failed so far
[OUTPUT] 2026-07-13T09:56:27.822137 skip_listing [train]:   95,000/105,000 checked (90%)  —  248620 checks/s  —  ETA 0s  —  0 failed so far
[OUTPUT] 2026-07-13T09:56:27.824138 skip_listing [train]:   95,500/105,000 checked (91%)  —  248627 checks/s  —  ETA 0s  —  0 failed so far
[OUTPUT] 2026-07-13T09:56:27.826130 skip_listing [train]:   96,000/105,000 checked (91%)  —  248639 checks/s  —  ETA 0s  —  0 failed so far
[OUTPUT] 2026-07-13T09:56:27.828134 skip_listing [train]:   96,500/105,000 checked (92%)  —  248644 checks/s  —  ETA 0s  —  0 failed so far
[OUTPUT] 2026-07-13T09:56:27.830134 skip_listing [train]:   97,000/105,000 checked (92%)  —  248651 checks/s  —  ETA 0s  —  0 failed so far
[OUTPUT] 2026-07-13T09:56:27.832136 skip_listing [train]:   97,500/105,000 checked (93%)  —  248656 checks/s  —  ETA 0s  —  0 failed so far
[OUTPUT] 2026-07-13T09:56:27.834137 skip_listing [train]:   98,000/105,000 checked (93%)  —  248663 checks/s  —  ETA 0s  —  0 failed so far
[OUTPUT] 2026-07-13T09:56:27.836137 skip_listing [train]:   98,500/105,000 checked (94%)  —  248669 checks/s  —  ETA 0s  —  0 failed so far
[OUTPUT] 2026-07-13T09:56:27.838131 skip_listing [train]:   99,000/105,000 checked (94%)  —  248679 checks/s  —  ETA 0s  —  0 failed so far
[OUTPUT] 2026-07-13T09:56:27.840129 skip_listing [train]:   99,500/105,000 checked (95%)  —  248688 checks/s  —  ETA 0s  —  0 failed so far
[OUTPUT] 2026-07-13T09:56:27.842117 skip_listing [train]:   100,000/105,000 checked (95%)  —  248702 checks/s  —  ETA 0s  —  0 failed so far
[OUTPUT] 2026-07-13T09:56:27.844100 skip_listing [train]:   100,500/105,000 checked (96%)  —  248718 checks/s  —  ETA 0s  —  0 failed so far
[OUTPUT] 2026-07-13T09:56:27.846083 skip_listing [train]:   101,000/105,000 checked (96%)  —  248735 checks/s  —  ETA 0s  —  0 failed so far
[OUTPUT] 2026-07-13T09:56:27.848060 skip_listing [train]:   101,500/105,000 checked (97%)  —  248755 checks/s  —  ETA 0s  —  0 failed so far
[OUTPUT] 2026-07-13T09:56:27.850043 skip_listing [train]:   102,000/105,000 checked (97%)  —  248771 checks/s  —  ETA 0s  —  0 failed so far
[OUTPUT] 2026-07-13T09:56:27.852024 skip_listing [train]:   102,500/105,000 checked (98%)  —  248789 checks/s  —  ETA 0s  —  0 failed so far
[OUTPUT] 2026-07-13T09:56:27.853998 skip_listing [train]:   103,000/105,000 checked (98%)  —  248811 checks/s  —  ETA 0s  —  0 failed so far
[OUTPUT] 2026-07-13T09:56:27.855978 skip_listing [train]:   103,500/105,000 checked (99%)  —  248828 checks/s  —  ETA 0s  —  0 failed so far
[OUTPUT] 2026-07-13T09:56:27.857960 skip_listing [train]:   104,000/105,000 checked (99%)  —  248844 checks/s  —  ETA 0s  —  0 failed so far
[OUTPUT] 2026-07-13T09:56:27.859944 skip_listing [train]:   104,500/105,000 checked (100%)  —  248860 checks/s  —  ETA 0s  —  0 failed so far
[OUTPUT] 2026-07-13T09:56:27.861924 skip_listing [train]: validation complete — all 105,000 samples exist (0.4s, 248877 checks/s); 4,039 URIs ready for rank 0 (105,000 total across all ranks)
[OUTPUT] 2026-07-13T09:56:27.861966 File listing [train]: 105000 files discovered, 4038 assigned to rank 0, completed in 0.43s
[OUTPUT] 2026-07-13T09:56:27.861983 skip_listing [valid]: generated 0 file URIs deterministically (0 total — validation disabled)
[OUTPUT] 2026-07-13T09:56:27.861997 File listing [valid]: 0 files discovered, 0 assigned to rank 0, completed in 0.00s
[OUTPUT] 2026-07-13T09:56:27.862012 Streamed file sharding: 105000 train files across 26 ranks via round-robin (rank 0 shard: 4038 files)
[OUTPUT] 2026-07-13T09:56:28.953457 Max steps per epoch per rank: 15000 = 1 * 105000 / 7 (samples per file * local files / batch size)
[OUTPUT] 2026-07-13T09:56:28.956342 Reshard for epoch 1: 4038 train files, 0 eval files redistributed via alltoall in 0.00s
[OUTPUT] 2026-07-13T09:56:29.647201 Worker pre-warm complete (2 workers spawned)
[OUTPUT] 2026-07-13T09:56:29.900934 Starting epoch 1: 576 steps expected
[OUTPUT] 2026-07-13T09:56:29.901265 Starting block 1
[OUTPUT] 2026-07-13T09:58:10.450603 Ending block 1 - 576 steps completed in 100.55 s
[OUTPUT] 2026-07-13T09:58:10.452599 Epoch 1 - Block 1 [Training] Accelerator Utilization [AU] (%): 93.2881
[OUTPUT] 2026-07-13T09:58:10.452629 Epoch 1 - Block 1 [Training] Throughput (samples/second): 1047.3575
[OUTPUT] 2026-07-13T09:58:10.453042 Epoch 1 - Block 1 [Training] Computation time per step (second): 0.1621+/-0.0000 (set value: {'mean': 0.162})
[OUTPUT] 2026-07-13T09:58:10.477552 Ending epoch 1 - 576 steps completed in 100.58 s
[OUTPUT] 2026-07-13T09:58:10.480796 Reshard for epoch 2: 4038 train files, 0 eval files redistributed via alltoall in 0.00s
[OUTPUT] 2026-07-13T09:58:11.076189 Worker pre-warm complete for epoch 2 (2 workers spawned)
[OUTPUT] 2026-07-13T09:58:12.063281 Starting epoch 2: 576 steps expected
[OUTPUT] 2026-07-13T09:58:12.063579 Starting block 1
[OUTPUT] 2026-07-13T09:59:52.690424 Ending block 1 - 576 steps completed in 100.63 s
[OUTPUT] 2026-07-13T09:59:52.691585 Epoch 2 - Block 1 [Training] Accelerator Utilization [AU] (%): 93.2279
[OUTPUT] 2026-07-13T09:59:52.691616 Epoch 2 - Block 1 [Training] Throughput (samples/second): 1046.6880
[OUTPUT] 2026-07-13T09:59:52.691737 Epoch 2 - Block 1 [Training] Computation time per step (second): 0.1621+/-0.0000 (set value: {'mean': 0.162})
[OUTPUT] 2026-07-13T09:59:52.715285 Ending epoch 2 - 576 steps completed in 100.65 s
[OUTPUT] 2026-07-13T09:59:52.719150 Reshard for epoch 3: 4038 train files, 0 eval files redistributed via alltoall in 0.00s
[OUTPUT] 2026-07-13T09:59:53.320739 Worker pre-warm complete for epoch 3 (2 workers spawned)
[OUTPUT] 2026-07-13T09:59:54.315313 Starting epoch 3: 576 steps expected
[OUTPUT] 2026-07-13T09:59:54.315639 Starting block 1
[OUTPUT] 2026-07-13T10:01:35.062765 Ending block 1 - 576 steps completed in 100.75 s
[OUTPUT] 2026-07-13T10:01:35.063934 Epoch 3 - Block 1 [Training] Accelerator Utilization [AU] (%): 93.0187
[OUTPUT] 2026-07-13T10:01:35.063964 Epoch 3 - Block 1 [Training] Throughput (samples/second): 1044.3299
[OUTPUT] 2026-07-13T10:01:35.064080 Epoch 3 - Block 1 [Training] Computation time per step (second): 0.1621+/-0.0000 (set value: {'mean': 0.162})
[OUTPUT] 2026-07-13T10:01:35.097655 Ending epoch 3 - 576 steps completed in 100.78 s
[OUTPUT] 2026-07-13T10:01:35.100861 Reshard for epoch 4: 4038 train files, 0 eval files redistributed via alltoall in 0.00s
[OUTPUT] 2026-07-13T10:01:35.764584 Worker pre-warm complete for epoch 4 (2 workers spawned)
[OUTPUT] 2026-07-13T10:01:51.933275 Starting epoch 4: 576 steps expected
[OUTPUT] 2026-07-13T10:01:51.933607 Starting block 1
[OUTPUT] 2026-07-13T10:03:32.539884 Ending block 1 - 576 steps completed in 100.61 s
[OUTPUT] 2026-07-13T10:03:32.540951 Epoch 4 - Block 1 [Training] Accelerator Utilization [AU] (%): 93.2861
[OUTPUT] 2026-07-13T10:03:32.540982 Epoch 4 - Block 1 [Training] Throughput (samples/second): 1047.3365
[OUTPUT] 2026-07-13T10:03:32.541107 Epoch 4 - Block 1 [Training] Computation time per step (second): 0.1621+/-0.0000 (set value: {'mean': 0.162})
[OUTPUT] 2026-07-13T10:03:32.550434 Ending epoch 4 - 576 steps completed in 100.62 s
[OUTPUT] 2026-07-13T10:03:32.553812 Reshard for epoch 5: 4038 train files, 0 eval files redistributed via alltoall in 0.00s
[OUTPUT] 2026-07-13T10:03:33.148873 Worker pre-warm complete for epoch 5 (2 workers spawned)
[OUTPUT] 2026-07-13T10:03:34.100824 Starting epoch 5: 576 steps expected
[OUTPUT] 2026-07-13T10:03:34.101129 Starting block 1
[OUTPUT] 2026-07-13T10:05:14.908728 Ending block 1 - 576 steps completed in 100.81 s
[OUTPUT] 2026-07-13T10:05:14.909801 Epoch 5 - Block 1 [Training] Accelerator Utilization [AU] (%): 92.9756
[OUTPUT] 2026-07-13T10:05:14.909833 Epoch 5 - Block 1 [Training] Throughput (samples/second): 1043.8602
[OUTPUT] 2026-07-13T10:05:14.909952 Epoch 5 - Block 1 [Training] Computation time per step (second): 0.1621+/-0.0000 (set value: {'mean': 0.162})
[OUTPUT] 2026-07-13T10:05:14.921812 Ending epoch 5 - 576 steps completed in 100.82 s
[OUTPUT] 2026-07-13T10:05:14.924839 Reshard for epoch 6: 4038 train files, 0 eval files redistributed via alltoall in 0.00s
[OUTPUT] 2026-07-13T10:05:15.542169 Worker pre-warm complete for epoch 6 (2 workers spawned)
[OUTPUT] 2026-07-13T10:05:15.548135 Saved outputs in /root/Suzhou_Zishan_Longlin/closed/Suzhou_Zishan_Longlin/results/GalaxSphere-1Tier0/training/unet3d/run/20260713_095622
[OUTPUT] Averaged metric over all steps/epochs
[METRIC] ==========================================================
[METRIC] Number of Simulated Accelerators: 26 
[METRIC] Training Accelerator Utilization [AU] (%): 93.1809 (0.0987)
[METRIC] Training Throughput (samples/second): 1046.1617 (1.1077)
[METRIC] Training I/O Throughput (MiB/second): 146263.0883 (154.8685)
[METRIC] train_au_meet_expectation: success
[METRIC] ==========================================================

[OUTPUT] 2026-07-13T10:05:15.607072 outputs saved in RANKID_output.json
