[OUTPUT] [DEBUG DLIOBenchmark.__init__] After LoadConfig:
[OUTPUT]   storage_type   = <StorageType.LOCAL_FS: 'local_fs'>
[OUTPUT]   storage_root   = './'
[OUTPUT]   storage_options= None
[OUTPUT]   data_folder    = '/mnt/pfs/unet3d'
[OUTPUT]   framework      = <FrameworkType.PYTORCH: 'pytorch'>
[OUTPUT]   num_files_train= 360000
[OUTPUT]   record_length  = 146600628
[OUTPUT]   generate_data  = False
[OUTPUT]   do_train       = True
[OUTPUT]   do_checkpoint  = False
[OUTPUT]   epochs         = 5
[OUTPUT]   batch_size     = 7
[OUTPUT] 2026-07-24T14:24:03.536001 Running DLIO [Training] with 99 process(es)
[OUTPUT] 2026-07-24T14:24:04.986525 File listing [train]: 420000 files discovered, 3636 assigned to rank 0, completed in 1.43s
[OUTPUT] 2026-07-24T14:24:04.987048 File listing [valid]: 0 files discovered, 0 assigned to rank 0, completed in 0.00s
[OUTPUT] 2026-07-24T14:24:04.987090 Streamed file sharding: 420000 train files across 99 ranks via round-robin (rank 0 shard: 3636 files)
[OUTPUT] 2026-07-24T14:24:05.482405 Max steps per epoch per rank: 51428 = 1 * 360000 / 7 (samples per file * local files / batch size)
[OUTPUT] 2026-07-24T14:24:05.663398 Reshard for epoch 1: 3636 train files, 0 eval files redistributed via alltoall in 0.18s
[OUTPUT] 2026-07-24T14:24:08.621293 Worker pre-warm complete (12 workers spawned)
[OUTPUT] 2026-07-24T14:24:08.890627 Starting epoch 1: 519 steps expected
[OUTPUT] 2026-07-24T14:24:08.893719 Starting block 1
[OUTPUT] 2026-07-24T14:25:40.658463 Ending block 1 - 519 steps completed in 91.76 s
[OUTPUT] 2026-07-24T14:25:40.663308 Epoch 1 - Block 1 [Training] Accelerator Utilization [AU] (%): 93.5725
[OUTPUT] 2026-07-24T14:25:40.663387 Epoch 1 - Block 1 [Training] Throughput (samples/second): 4000.8930
[OUTPUT] 2026-07-24T14:25:40.665716 Epoch 1 - Block 1 [Training] Computation time per step (second): 0.1621+/-0.0000 (set value: {'mean': 0.162})
[OUTPUT] 2026-07-24T14:25:40.743614 Ending epoch 1 - 519 steps completed in 91.85 s
[OUTPUT] 2026-07-24T14:25:40.806414 Reshard for epoch 2: 3636 train files, 0 eval files redistributed via alltoall in 0.06s
[OUTPUT] 2026-07-24T14:25:43.467416 Worker pre-warm complete for epoch 2 (12 workers spawned)
[OUTPUT] 2026-07-24T14:25:43.898527 Starting epoch 2: 519 steps expected
[OUTPUT] 2026-07-24T14:25:43.899021 Starting block 1
[OUTPUT] 2026-07-24T14:27:16.035711 Ending block 1 - 519 steps completed in 92.14 s
[OUTPUT] 2026-07-24T14:27:16.037534 Epoch 2 - Block 1 [Training] Accelerator Utilization [AU] (%): 93.5077
[OUTPUT] 2026-07-24T14:27:16.037579 Epoch 2 - Block 1 [Training] Throughput (samples/second): 3998.1183
[OUTPUT] 2026-07-24T14:27:16.037820 Epoch 2 - Block 1 [Training] Computation time per step (second): 0.1621+/-0.0000 (set value: {'mean': 0.162})
[OUTPUT] 2026-07-24T14:27:16.049649 Ending epoch 2 - 519 steps completed in 92.15 s
[OUTPUT] 2026-07-24T14:27:16.072550 Reshard for epoch 3: 3636 train files, 0 eval files redistributed via alltoall in 0.02s
[OUTPUT] 2026-07-24T14:27:18.776885 Worker pre-warm complete for epoch 3 (12 workers spawned)
[OUTPUT] 2026-07-24T14:27:19.206279 Starting epoch 3: 519 steps expected
[OUTPUT] 2026-07-24T14:27:19.207045 Starting block 1
[OUTPUT] 2026-07-24T14:28:51.247027 Ending block 1 - 519 steps completed in 92.04 s
[OUTPUT] 2026-07-24T14:28:51.248741 Epoch 3 - Block 1 [Training] Accelerator Utilization [AU] (%): 93.4943
[OUTPUT] 2026-07-24T14:28:51.248783 Epoch 3 - Block 1 [Training] Throughput (samples/second): 3997.5749
[OUTPUT] 2026-07-24T14:28:51.248991 Epoch 3 - Block 1 [Training] Computation time per step (second): 0.1621+/-0.0000 (set value: {'mean': 0.162})
[OUTPUT] 2026-07-24T14:28:51.288595 Ending epoch 3 - 519 steps completed in 92.08 s
[OUTPUT] 2026-07-24T14:28:51.308054 Reshard for epoch 4: 3636 train files, 0 eval files redistributed via alltoall in 0.02s
[OUTPUT] 2026-07-24T14:28:54.069926 Worker pre-warm complete for epoch 4 (12 workers spawned)
[OUTPUT] 2026-07-24T14:28:54.628625 Starting epoch 4: 519 steps expected
[OUTPUT] 2026-07-24T14:28:54.629123 Starting block 1
[OUTPUT] 2026-07-24T14:30:26.548635 Ending block 1 - 519 steps completed in 91.92 s
[OUTPUT] 2026-07-24T14:30:26.552529 Epoch 4 - Block 1 [Training] Accelerator Utilization [AU] (%): 93.6299
[OUTPUT] 2026-07-24T14:30:26.552633 Epoch 4 - Block 1 [Training] Throughput (samples/second): 4003.3741
[OUTPUT] 2026-07-24T14:30:26.553087 Epoch 4 - Block 1 [Training] Computation time per step (second): 0.1621+/-0.0000 (set value: {'mean': 0.162})
[OUTPUT] 2026-07-24T14:30:26.585077 Ending epoch 4 - 519 steps completed in 91.96 s
[OUTPUT] 2026-07-24T14:30:26.635056 Reshard for epoch 5: 3636 train files, 0 eval files redistributed via alltoall in 0.05s
[OUTPUT] 2026-07-24T14:30:29.331844 Worker pre-warm complete for epoch 5 (12 workers spawned)
[OUTPUT] 2026-07-24T14:30:29.763646 Starting epoch 5: 519 steps expected
[OUTPUT] 2026-07-24T14:30:29.764186 Starting block 1
[OUTPUT] 2026-07-24T14:32:01.432621 Ending block 1 - 519 steps completed in 91.67 s
[OUTPUT] 2026-07-24T14:32:01.443831 Epoch 5 - Block 1 [Training] Accelerator Utilization [AU] (%): 93.9175
[OUTPUT] 2026-07-24T14:32:01.443879 Epoch 5 - Block 1 [Training] Throughput (samples/second): 4015.7095
[OUTPUT] 2026-07-24T14:32:01.444459 Epoch 5 - Block 1 [Training] Computation time per step (second): 0.1621+/-0.0000 (set value: {'mean': 0.162})
[OUTPUT] 2026-07-24T14:32:01.684521 Ending epoch 5 - 519 steps completed in 91.92 s
[OUTPUT] 2026-07-24T14:32:01.706949 Reshard for epoch 6: 3636 train files, 0 eval files redistributed via alltoall in 0.02s
[OUTPUT] 2026-07-24T14:32:04.511382 Worker pre-warm complete for epoch 6 (12 workers spawned)
[OUTPUT] 2026-07-24T14:32:04.668189 Saved outputs in /home/mlperf/results/YanRongTech/closed/YanRongTech/results/YanRongTech_F9000X_9_Clients/training/unet3d/run/20260724_142333
[OUTPUT] Averaged metric over all steps/epochs
[METRIC] ==========================================================
[METRIC] Number of Simulated Accelerators: 99 
[METRIC] Training Accelerator Utilization [AU] (%): 93.7391 (0.0760)
[METRIC] Training Throughput (samples/second): 4008.0787 (3.2496)
[METRIC] Training I/O Throughput (MiB/second): 560366.4868 (454.3179)
[METRIC] train_au_meet_expectation: success
[METRIC] ==========================================================

[OUTPUT] 2026-07-24T14:32:04.689612 outputs saved in RANKID_output.json
