[OUTPUT] [DEBUG DLIOBenchmark.__init__] After LoadConfig:
[OUTPUT]   storage_type   = <StorageType.LOCAL_FS: 'local_fs'>
[OUTPUT]   storage_root   = './'
[OUTPUT]   storage_options= None
[OUTPUT]   data_folder    = '/mnt/pfs/unet3d'
[OUTPUT]   framework      = <FrameworkType.PYTORCH: 'pytorch'>
[OUTPUT]   num_files_train= 380000
[OUTPUT]   record_length  = 146600628
[OUTPUT]   generate_data  = False
[OUTPUT]   do_train       = True
[OUTPUT]   do_checkpoint  = False
[OUTPUT]   epochs         = 5
[OUTPUT]   batch_size     = 7
[OUTPUT] 2026-07-24T11:39:35.228222 Running DLIO [Training] with 96 process(es)
[OUTPUT] 2026-07-24T11:39:36.790981 File listing [train]: 420000 files discovered, 3958 assigned to rank 0, completed in 1.54s
[OUTPUT] 2026-07-24T11:39:36.791589 File listing [valid]: 0 files discovered, 0 assigned to rank 0, completed in 0.00s
[OUTPUT] 2026-07-24T11:39:36.791646 Streamed file sharding: 420000 train files across 96 ranks via round-robin (rank 0 shard: 3958 files)
[OUTPUT] 2026-07-24T11:39:38.590554 Max steps per epoch per rank: 54285 = 1 * 380000 / 7 (samples per file * local files / batch size)
[OUTPUT] 2026-07-24T11:39:38.769707 Reshard for epoch 1: 3958 train files, 0 eval files redistributed via alltoall in 0.18s
[OUTPUT] 2026-07-24T11:39:41.627037 Worker pre-warm complete (12 workers spawned)
[OUTPUT] 2026-07-24T11:39:41.876458 Starting epoch 1: 565 steps expected
[OUTPUT] 2026-07-24T11:39:41.876744 Starting block 1
[OUTPUT] 2026-07-24T11:41:19.455772 Ending block 1 - 565 steps completed in 97.58 s
[OUTPUT] 2026-07-24T11:41:19.459346 Epoch 1 - Block 1 [Training] Accelerator Utilization [AU] (%): 95.9679
[OUTPUT] 2026-07-24T11:41:19.459400 Epoch 1 - Block 1 [Training] Throughput (samples/second): 3979.0168
[OUTPUT] 2026-07-24T11:41:19.460168 Epoch 1 - Block 1 [Training] Computation time per step (second): 0.1621+/-0.0000 (set value: {'mean': 0.162})
[OUTPUT] 2026-07-24T11:41:19.644732 Ending epoch 1 - 565 steps completed in 97.77 s
[OUTPUT] 2026-07-24T11:41:19.753497 Reshard for epoch 2: 3958 train files, 0 eval files redistributed via alltoall in 0.11s
[OUTPUT] 2026-07-24T11:41:22.737143 Worker pre-warm complete for epoch 2 (12 workers spawned)
[OUTPUT] 2026-07-24T11:41:23.005637 Starting epoch 2: 565 steps expected
[OUTPUT] 2026-07-24T11:41:23.005960 Starting block 1
[OUTPUT] 2026-07-24T11:43:00.616678 Ending block 1 - 565 steps completed in 97.61 s
[OUTPUT] 2026-07-24T11:43:00.619513 Epoch 2 - Block 1 [Training] Accelerator Utilization [AU] (%): 95.9089
[OUTPUT] 2026-07-24T11:43:00.619567 Epoch 2 - Block 1 [Training] Throughput (samples/second): 3976.5584
[OUTPUT] 2026-07-24T11:43:00.619865 Epoch 2 - Block 1 [Training] Computation time per step (second): 0.1621+/-0.0000 (set value: {'mean': 0.162})
[OUTPUT] 2026-07-24T11:43:00.842402 Ending epoch 2 - 565 steps completed in 97.84 s
[OUTPUT] 2026-07-24T11:43:00.867103 Reshard for epoch 3: 3958 train files, 0 eval files redistributed via alltoall in 0.02s
[OUTPUT] 2026-07-24T11:43:03.695493 Worker pre-warm complete for epoch 3 (12 workers spawned)
[OUTPUT] 2026-07-24T11:43:03.964621 Starting epoch 3: 565 steps expected
[OUTPUT] 2026-07-24T11:43:03.964973 Starting block 1
[OUTPUT] 2026-07-24T11:44:41.572563 Ending block 1 - 565 steps completed in 97.61 s
[OUTPUT] 2026-07-24T11:44:41.574316 Epoch 3 - Block 1 [Training] Accelerator Utilization [AU] (%): 95.9243
[OUTPUT] 2026-07-24T11:44:41.574368 Epoch 3 - Block 1 [Training] Throughput (samples/second): 3977.2230
[OUTPUT] 2026-07-24T11:44:41.574546 Epoch 3 - Block 1 [Training] Computation time per step (second): 0.1621+/-0.0000 (set value: {'mean': 0.162})
[OUTPUT] 2026-07-24T11:44:41.772869 Ending epoch 3 - 565 steps completed in 97.81 s
[OUTPUT] 2026-07-24T11:44:41.793967 Reshard for epoch 4: 3958 train files, 0 eval files redistributed via alltoall in 0.02s
[OUTPUT] 2026-07-24T11:44:44.518794 Worker pre-warm complete for epoch 4 (12 workers spawned)
[OUTPUT] 2026-07-24T11:44:44.796047 Starting epoch 4: 565 steps expected
[OUTPUT] 2026-07-24T11:44:44.796335 Starting block 1
[OUTPUT] 2026-07-24T11:46:22.446545 Ending block 1 - 565 steps completed in 97.65 s
[OUTPUT] 2026-07-24T11:46:22.448353 Epoch 4 - Block 1 [Training] Accelerator Utilization [AU] (%): 95.7704
[OUTPUT] 2026-07-24T11:46:22.448403 Epoch 4 - Block 1 [Training] Throughput (samples/second): 3970.8328
[OUTPUT] 2026-07-24T11:46:22.448593 Epoch 4 - Block 1 [Training] Computation time per step (second): 0.1621+/-0.0000 (set value: {'mean': 0.162})
[OUTPUT] 2026-07-24T11:46:22.655780 Ending epoch 4 - 565 steps completed in 97.86 s
[OUTPUT] 2026-07-24T11:46:22.710688 Reshard for epoch 5: 3958 train files, 0 eval files redistributed via alltoall in 0.05s
[OUTPUT] 2026-07-24T11:46:25.632706 Worker pre-warm complete for epoch 5 (12 workers spawned)
[OUTPUT] 2026-07-24T11:46:25.897679 Starting epoch 5: 565 steps expected
[OUTPUT] 2026-07-24T11:46:25.897971 Starting block 1
[OUTPUT] 2026-07-24T11:48:03.505482 Ending block 1 - 565 steps completed in 97.61 s
[OUTPUT] 2026-07-24T11:48:03.507435 Epoch 5 - Block 1 [Training] Accelerator Utilization [AU] (%): 95.9300
[OUTPUT] 2026-07-24T11:48:03.507486 Epoch 5 - Block 1 [Training] Throughput (samples/second): 3977.4502
[OUTPUT] 2026-07-24T11:48:03.507672 Epoch 5 - Block 1 [Training] Computation time per step (second): 0.1621+/-0.0000 (set value: {'mean': 0.162})
[OUTPUT] 2026-07-24T11:48:03.666256 Ending epoch 5 - 565 steps completed in 97.77 s
[OUTPUT] 2026-07-24T11:48:03.690168 Reshard for epoch 6: 3958 train files, 0 eval files redistributed via alltoall in 0.02s
[OUTPUT] 2026-07-24T11:48:06.491094 Worker pre-warm complete for epoch 6 (12 workers spawned)
[OUTPUT] 2026-07-24T11:48:06.697552 Saved outputs in /home/mlperf/results/TuringData/closed/TuringData/results/TuringData_F9200_8_Clients/training/unet3d/run/20260724_113910
[OUTPUT] Averaged metric over all steps/epochs
[METRIC] ==========================================================
[METRIC] Number of Simulated Accelerators: 96 
[METRIC] Training Accelerator Utilization [AU] (%): 95.7100 (0.0203)
[METRIC] Training Throughput (samples/second): 3968.3594 (0.8402)
[METRIC] Training I/O Throughput (MiB/second): 554813.3673 (117.4662)
[METRIC] train_au_meet_expectation: success
[METRIC] ==========================================================

[OUTPUT] 2026-07-24T11:48:06.871595 outputs saved in RANKID_output.json
