[OUTPUT] [DEBUG DLIOBenchmark.__init__] After LoadConfig:
[OUTPUT]   storage_type   = <StorageType.LOCAL_FS: 'local_fs'>
[OUTPUT]   storage_root   = './'
[OUTPUT]   storage_options= None
[OUTPUT]   data_folder    = '/mnt/ubix/unet3d'
[OUTPUT]   framework      = <FrameworkType.PYTORCH: 'pytorch'>
[OUTPUT]   num_files_train= 280000
[OUTPUT]   record_length  = 146600628
[OUTPUT]   generate_data  = False
[OUTPUT]   do_train       = True
[OUTPUT]   do_checkpoint  = False
[OUTPUT]   epochs         = 5
[OUTPUT]   batch_size     = 7
[OUTPUT] 2026-07-22T17:57:38.392578 Running DLIO [Training] with 80 process(es)
[OUTPUT] 2026-07-22T17:57:38.412807 skip_listing [train]: validating 2,801 of 280,000 files (first, last, every 100) via HEAD requests ...
[OUTPUT] 2026-07-22T17:57:38.488362 skip_listing [train]:   280/2,801 checked (10%)  —  3711 checks/s  —  ETA 1s  —  0 failed so far
[OUTPUT] 2026-07-22T17:57:38.561784 skip_listing [train]:   560/2,801 checked (20%)  —  3762 checks/s  —  ETA 1s  —  0 failed so far
[OUTPUT] 2026-07-22T17:57:38.632436 skip_listing [train]:   840/2,801 checked (30%)  —  3826 checks/s  —  ETA 1s  —  0 failed so far
[OUTPUT] 2026-07-22T17:57:38.695261 skip_listing [train]:   1,120/2,801 checked (40%)  —  3967 checks/s  —  ETA 0s  —  0 failed so far
[OUTPUT] 2026-07-22T17:57:38.765138 skip_listing [train]:   1,400/2,801 checked (50%)  —  3975 checks/s  —  ETA 0s  —  0 failed so far
[OUTPUT] 2026-07-22T17:57:38.830668 skip_listing [train]:   1,680/2,801 checked (60%)  —  4022 checks/s  —  ETA 0s  —  0 failed so far
[OUTPUT] 2026-07-22T17:57:38.896276 skip_listing [train]:   1,960/2,801 checked (70%)  —  4055 checks/s  —  ETA 0s  —  0 failed so far
[OUTPUT] 2026-07-22T17:57:38.961010 skip_listing [train]:   2,240/2,801 checked (80%)  —  4087 checks/s  —  ETA 0s  —  0 failed so far
[OUTPUT] 2026-07-22T17:57:39.004308 skip_listing [train]:   2,520/2,801 checked (90%)  —  4261 checks/s  —  ETA 0s  —  0 failed so far
[OUTPUT] 2026-07-22T17:57:39.027884 skip_listing [train]:   2,800/2,801 checked (100%)  —  4553 checks/s  —  ETA 0s  —  0 failed so far
[OUTPUT] 2026-07-22T17:57:39.027918 skip_listing [train]: validation complete — all 2,801 samples exist (0.6s, 4554 checks/s); 3,500 URIs ready for rank 0 (280,000 total across all ranks)
[OUTPUT] 2026-07-22T17:57:39.028004 File listing [train]: 280000 files discovered, 3500 assigned to rank 0, completed in 0.62s
[OUTPUT] 2026-07-22T17:57:39.028034 skip_listing [valid]: generated 0 file URIs deterministically (0 total — validation disabled)
[OUTPUT] 2026-07-22T17:57:39.028061 File listing [valid]: 0 files discovered, 0 assigned to rank 0, completed in 0.00s
[OUTPUT] 2026-07-22T17:57:39.028081 Streamed file sharding: 280000 train files across 80 ranks via round-robin (rank 0 shard: 3500 files)
[OUTPUT] 2026-07-22T17:57:40.684425 Max steps per epoch per rank: 40000 = 1 * 280000 / 7 (samples per file * local files / batch size)
[OUTPUT] 2026-07-22T17:57:40.705223 Reshard for epoch 1: 3500 train files, 0 eval files redistributed via alltoall in 0.02s
[OUTPUT] 2026-07-22T17:57:41.612878 Worker pre-warm complete (3 workers spawned)
[OUTPUT] 2026-07-22T17:57:41.793777 Starting epoch 1: 500 steps expected
[OUTPUT] 2026-07-22T17:57:41.794002 Starting block 1
[OUTPUT] 2026-07-22T17:59:06.601722 Ending block 1 - 500 steps completed in 84.81 s
[OUTPUT] 2026-07-22T17:59:06.605746 Epoch 1 - Block 1 [Training] Accelerator Utilization [AU] (%): 96.1010
[OUTPUT] 2026-07-22T17:59:06.605790 Epoch 1 - Block 1 [Training] Throughput (samples/second): 3320.6625
[OUTPUT] 2026-07-22T17:59:06.606870 Epoch 1 - Block 1 [Training] Computation time per step (second): 0.1621+/-0.0000 (set value: {'mean': 0.162})
[OUTPUT] 2026-07-22T17:59:06.615836 Ending epoch 1 - 500 steps completed in 84.82 s
[OUTPUT] 2026-07-22T17:59:06.625754 Reshard for epoch 2: 3500 train files, 0 eval files redistributed via alltoall in 0.01s
[OUTPUT] 2026-07-22T17:59:07.522870 Worker pre-warm complete for epoch 2 (3 workers spawned)
[OUTPUT] 2026-07-22T17:59:07.745670 Starting epoch 2: 500 steps expected
[OUTPUT] 2026-07-22T17:59:07.745916 Starting block 1
[OUTPUT] 2026-07-22T18:00:32.447569 Ending block 1 - 500 steps completed in 84.70 s
[OUTPUT] 2026-07-22T18:00:32.449070 Epoch 2 - Block 1 [Training] Accelerator Utilization [AU] (%): 96.3265
[OUTPUT] 2026-07-22T18:00:32.449114 Epoch 2 - Block 1 [Training] Throughput (samples/second): 3328.4651
[OUTPUT] 2026-07-22T18:00:32.449278 Epoch 2 - Block 1 [Training] Computation time per step (second): 0.1621+/-0.0000 (set value: {'mean': 0.162})
[OUTPUT] 2026-07-22T18:00:32.455956 Ending epoch 2 - 500 steps completed in 84.71 s
[OUTPUT] 2026-07-22T18:00:32.466807 Reshard for epoch 3: 3500 train files, 0 eval files redistributed via alltoall in 0.01s
[OUTPUT] 2026-07-22T18:00:33.297619 Worker pre-warm complete for epoch 3 (3 workers spawned)
[OUTPUT] 2026-07-22T18:00:33.475540 Starting epoch 3: 500 steps expected
[OUTPUT] 2026-07-22T18:00:33.475789 Starting block 1
[OUTPUT] 2026-07-22T18:01:58.860702 Ending block 1 - 500 steps completed in 85.38 s
[OUTPUT] 2026-07-22T18:01:58.862153 Epoch 3 - Block 1 [Training] Accelerator Utilization [AU] (%): 95.3992
[OUTPUT] 2026-07-22T18:01:58.862198 Epoch 3 - Block 1 [Training] Throughput (samples/second): 3296.4045
[OUTPUT] 2026-07-22T18:01:58.862356 Epoch 3 - Block 1 [Training] Computation time per step (second): 0.1621+/-0.0000 (set value: {'mean': 0.162})
[OUTPUT] 2026-07-22T18:01:58.870361 Ending epoch 3 - 500 steps completed in 85.39 s
[OUTPUT] 2026-07-22T18:01:58.883706 Reshard for epoch 4: 3500 train files, 0 eval files redistributed via alltoall in 0.01s
[OUTPUT] 2026-07-22T18:01:59.772960 Worker pre-warm complete for epoch 4 (3 workers spawned)
[OUTPUT] 2026-07-22T18:01:59.956425 Starting epoch 4: 500 steps expected
[OUTPUT] 2026-07-22T18:01:59.956636 Starting block 1
[OUTPUT] 2026-07-22T18:03:24.651140 Ending block 1 - 500 steps completed in 84.69 s
[OUTPUT] 2026-07-22T18:03:24.652660 Epoch 4 - Block 1 [Training] Accelerator Utilization [AU] (%): 96.3745
[OUTPUT] 2026-07-22T18:03:24.652704 Epoch 4 - Block 1 [Training] Throughput (samples/second): 3330.1089
[OUTPUT] 2026-07-22T18:03:24.652859 Epoch 4 - Block 1 [Training] Computation time per step (second): 0.1621+/-0.0000 (set value: {'mean': 0.162})
[OUTPUT] 2026-07-22T18:03:24.669122 Ending epoch 4 - 500 steps completed in 84.71 s
[OUTPUT] 2026-07-22T18:03:24.680366 Reshard for epoch 5: 3500 train files, 0 eval files redistributed via alltoall in 0.01s
[OUTPUT] 2026-07-22T18:03:25.517808 Worker pre-warm complete for epoch 5 (3 workers spawned)
[OUTPUT] 2026-07-22T18:03:25.701486 Starting epoch 5: 500 steps expected
[OUTPUT] 2026-07-22T18:03:25.701713 Starting block 1
[OUTPUT] 2026-07-22T18:04:50.226099 Ending block 1 - 500 steps completed in 84.52 s
[OUTPUT] 2026-07-22T18:04:50.227592 Epoch 5 - Block 1 [Training] Accelerator Utilization [AU] (%): 96.4435
[OUTPUT] 2026-07-22T18:04:50.227636 Epoch 5 - Block 1 [Training] Throughput (samples/second): 3332.4904
[OUTPUT] 2026-07-22T18:04:50.227779 Epoch 5 - Block 1 [Training] Computation time per step (second): 0.1621+/-0.0000 (set value: {'mean': 0.162})
[OUTPUT] 2026-07-22T18:04:50.240309 Ending epoch 5 - 500 steps completed in 84.54 s
[OUTPUT] 2026-07-22T18:04:50.251483 Reshard for epoch 6: 3500 train files, 0 eval files redistributed via alltoall in 0.01s
[OUTPUT] 2026-07-22T18:04:51.144568 Worker pre-warm complete for epoch 6 (3 workers spawned)
[OUTPUT] 2026-07-22T18:04:51.175963 Saved outputs in /mnt/share/storage_results_v3/closed/UBIX/results/UbiPower18000_16x15.36TB_NVMe_4xNDR400_3xStorageNode_16hosts256GBMem/training/unet3d/run/20260722_175706
[OUTPUT] Averaged metric over all steps/epochs
[METRIC] ==========================================================
[METRIC] Number of Simulated Accelerators: 80 
[METRIC] Training Accelerator Utilization [AU] (%): 96.1220 (0.3350)
[METRIC] Training Throughput (samples/second): 3321.3708 (11.5722)
[METRIC] Training I/O Throughput (MiB/second): 464358.3704 (1617.8987)
[METRIC] train_au_meet_expectation: success
[METRIC] ==========================================================

[OUTPUT] 2026-07-22T18:04:51.482902 outputs saved in RANKID_output.json
