[OUTPUT] [DEBUG DLIOBenchmark.__init__] After LoadConfig:
[OUTPUT]   storage_type   = <StorageType.LOCAL_FS: 'local_fs'>
[OUTPUT]   storage_root   = './'
[OUTPUT]   storage_options= None
[OUTPUT]   data_folder    = '/mnt/1010_7t/unet3d'
[OUTPUT]   framework      = <FrameworkType.PYTORCH: 'pytorch'>
[OUTPUT]   num_files_train= 14000
[OUTPUT]   record_length  = 146600628
[OUTPUT]   generate_data  = True
[OUTPUT]   do_train       = False
[OUTPUT]   do_checkpoint  = False
[OUTPUT]   epochs         = 1
[OUTPUT]   batch_size     = 1
[OUTPUT] 2026-07-12T12:02:47.413698 Running DLIO [Generating data] with 8 process(es)
[OUTPUT] ================================================================================
[OUTPUT] Data Generation Method: DGEN (default)
[OUTPUT]   dgen-py zero-copy BytesView — 155x faster than NumPy, 0 MiB overhead
[OUTPUT] ================================================================================
[OUTPUT] 2026-07-12T12:02:47.447105 Starting data generation
[OUTPUT] 2026-07-12T12:07:18.150120 Generation done
[OUTPUT] ================================================================================
[OUTPUT] Data Generation Method: DGEN (default)
[OUTPUT]   dgen-py zero-copy BytesView — 155x faster than NumPy, 0 MiB overhead
[OUTPUT] ================================================================================
