[OUTPUT] [DEBUG DLIOBenchmark.__init__] After LoadConfig:
[OUTPUT]   storage_type   = <StorageType.LOCAL_FS: 'local_fs'>
[OUTPUT]   storage_root   = './'
[OUTPUT]   storage_options= None
[OUTPUT]   data_folder    = '/mnt/glfs/GalaxSphere-3Tier0/training/retinanet'
[OUTPUT]   framework      = <FrameworkType.PYTORCH: 'pytorch'>
[OUTPUT]   num_files_train= 15958659
[OUTPUT]   record_length  = 322957
[OUTPUT]   generate_data  = False
[OUTPUT]   do_train       = True
[OUTPUT]   do_checkpoint  = False
[OUTPUT]   epochs         = 8
[OUTPUT]   batch_size     = 24
[OUTPUT] 2026-07-13T22:40:40.631770 Running DLIO [Training] with 153 process(es)
[OUTPUT] 2026-07-13T22:40:40.894253 skip_listing [train]: validating 15,960 of 15,958,659 files (first, last, every 1,000) via HEAD requests ...
[OUTPUT] 2026-07-13T22:40:40.898997 skip_listing [train]:   500/15,960 checked (3%)  —  109000 checks/s  —  ETA 0s  —  0 failed so far
[OUTPUT] 2026-07-13T22:40:40.901687 skip_listing [train]:   1,000/15,960 checked (6%)  —  137410 checks/s  —  ETA 0s  —  0 failed so far
[OUTPUT] 2026-07-13T22:40:40.904250 skip_listing [train]:   1,500/15,960 checked (9%)  —  152395 checks/s  —  ETA 0s  —  0 failed so far
[OUTPUT] 2026-07-13T22:40:40.906750 skip_listing [train]:   2,000/15,960 checked (13%)  —  162033 checks/s  —  ETA 0s  —  0 failed so far
[OUTPUT] 2026-07-13T22:40:40.909225 skip_listing [train]:   2,500/15,960 checked (16%)  —  168714 checks/s  —  ETA 0s  —  0 failed so far
[OUTPUT] 2026-07-13T22:40:40.911704 skip_listing [train]:   3,000/15,960 checked (19%)  —  173438 checks/s  —  ETA 0s  —  0 failed so far
[OUTPUT] 2026-07-13T22:40:40.914178 skip_listing [train]:   3,500/15,960 checked (22%)  —  177024 checks/s  —  ETA 0s  —  0 failed so far
[OUTPUT] 2026-07-13T22:40:40.916651 skip_listing [train]:   4,000/15,960 checked (25%)  —  179820 checks/s  —  ETA 0s  —  0 failed so far
[OUTPUT] 2026-07-13T22:40:40.919102 skip_listing [train]:   4,500/15,960 checked (28%)  —  182217 checks/s  —  ETA 0s  —  0 failed so far
[OUTPUT] 2026-07-13T22:40:40.921568 skip_listing [train]:   5,000/15,960 checked (31%)  —  184083 checks/s  —  ETA 0s  —  0 failed so far
[OUTPUT] 2026-07-13T22:40:40.924038 skip_listing [train]:   5,500/15,960 checked (34%)  —  185616 checks/s  —  ETA 0s  —  0 failed so far
[OUTPUT] 2026-07-13T22:40:40.926511 skip_listing [train]:   6,000/15,960 checked (38%)  —  186893 checks/s  —  ETA 0s  —  0 failed so far
[OUTPUT] 2026-07-13T22:40:40.929007 skip_listing [train]:   6,500/15,960 checked (41%)  —  187859 checks/s  —  ETA 0s  —  0 failed so far
[OUTPUT] 2026-07-13T22:40:40.931500 skip_listing [train]:   7,000/15,960 checked (44%)  —  188714 checks/s  —  ETA 0s  —  0 failed so far
[OUTPUT] 2026-07-13T22:40:40.933994 skip_listing [train]:   7,500/15,960 checked (47%)  —  189454 checks/s  —  ETA 0s  —  0 failed so far
[OUTPUT] 2026-07-13T22:40:40.936475 skip_listing [train]:   8,000/15,960 checked (50%)  —  190167 checks/s  —  ETA 0s  —  0 failed so far
[OUTPUT] 2026-07-13T22:40:40.938972 skip_listing [train]:   8,500/15,960 checked (53%)  —  190731 checks/s  —  ETA 0s  —  0 failed so far
[OUTPUT] 2026-07-13T22:40:40.941458 skip_listing [train]:   9,000/15,960 checked (56%)  —  191279 checks/s  —  ETA 0s  —  0 failed so far
[OUTPUT] 2026-07-13T22:40:40.943943 skip_listing [train]:   9,500/15,960 checked (60%)  —  191777 checks/s  —  ETA 0s  —  0 failed so far
[OUTPUT] 2026-07-13T22:40:40.946435 skip_listing [train]:   10,000/15,960 checked (63%)  —  192203 checks/s  —  ETA 0s  —  0 failed so far
[OUTPUT] 2026-07-13T22:40:40.948912 skip_listing [train]:   10,500/15,960 checked (66%)  —  192640 checks/s  —  ETA 0s  —  0 failed so far
[OUTPUT] 2026-07-13T22:40:40.951408 skip_listing [train]:   11,000/15,960 checked (69%)  —  192978 checks/s  —  ETA 0s  —  0 failed so far
[OUTPUT] 2026-07-13T22:40:40.953897 skip_listing [train]:   11,500/15,960 checked (72%)  —  193308 checks/s  —  ETA 0s  —  0 failed so far
[OUTPUT] 2026-07-13T22:40:40.956410 skip_listing [train]:   12,000/15,960 checked (75%)  —  193536 checks/s  —  ETA 0s  —  0 failed so far
[OUTPUT] 2026-07-13T22:40:40.958926 skip_listing [train]:   12,500/15,960 checked (78%)  —  193740 checks/s  —  ETA 0s  —  0 failed so far
[OUTPUT] 2026-07-13T22:40:40.961397 skip_listing [train]:   13,000/15,960 checked (81%)  —  194058 checks/s  —  ETA 0s  —  0 failed so far
[OUTPUT] 2026-07-13T22:40:40.963897 skip_listing [train]:   13,500/15,960 checked (85%)  —  194273 checks/s  —  ETA 0s  —  0 failed so far
[OUTPUT] 2026-07-13T22:40:40.966379 skip_listing [train]:   14,000/15,960 checked (88%)  —  194518 checks/s  —  ETA 0s  —  0 failed so far
[OUTPUT] 2026-07-13T22:40:40.968871 skip_listing [train]:   14,500/15,960 checked (91%)  —  194724 checks/s  —  ETA 0s  —  0 failed so far
[OUTPUT] 2026-07-13T22:40:40.971351 skip_listing [train]:   15,000/15,960 checked (94%)  —  194945 checks/s  —  ETA 0s  —  0 failed so far
[OUTPUT] 2026-07-13T22:40:40.973858 skip_listing [train]:   15,500/15,960 checked (97%)  —  195086 checks/s  —  ETA 0s  —  0 failed so far
[OUTPUT] 2026-07-13T22:40:40.976304 skip_listing [train]: validation complete — all 15,960 samples exist (0.1s, 194880 checks/s); 104,305 URIs ready for rank 0 (15,958,659 total across all ranks)
[OUTPUT] 2026-07-13T22:40:40.976892 File listing [train]: 15958659 files discovered, 104304 assigned to rank 0, completed in 0.31s
[OUTPUT] 2026-07-13T22:40:40.976921 skip_listing [valid]: generated 0 file URIs deterministically (0 total — validation disabled)
[OUTPUT] 2026-07-13T22:40:40.976939 File listing [valid]: 0 files discovered, 0 assigned to rank 0, completed in 0.00s
[OUTPUT] 2026-07-13T22:40:40.976959 Streamed file sharding: 15958659 train files across 153 ranks via round-robin (rank 0 shard: 104304 files)
[OUTPUT] 2026-07-13T22:41:17.688175 Max steps per epoch per rank: 664944 = 1 * 15958659 / 24 (samples per file * local files / batch size)
[OUTPUT] 2026-07-13T22:41:19.138070 Reshard for epoch 1: 104304 train files, 0 eval files redistributed via alltoall in 1.45s
[OUTPUT] 2026-07-13T22:41:20.701086 Worker pre-warm complete (4 workers spawned)
[OUTPUT] 2026-07-13T22:41:41.015759 Starting epoch 1: 4346 steps expected
[OUTPUT] 2026-07-13T22:41:41.016210 Starting block 1
[OUTPUT] 2026-07-13T22:45:44.687148 Ending block 1 - 4346 steps completed in 243.67 s
[OUTPUT] 2026-07-13T22:45:44.689321 Epoch 1 - Block 1 [Training] Accelerator Utilization [AU] (%): 85.2179
[OUTPUT] 2026-07-13T22:45:44.689363 Epoch 1 - Block 1 [Training] Throughput (samples/second): 65709.6377
[OUTPUT] 2026-07-13T22:45:44.690633 Epoch 1 - Block 1 [Training] Computation time per step (second): 0.0476+/-0.0000 (set value: {'mean': 0.04755})
[OUTPUT] 2026-07-13T22:45:45.088163 Ending epoch 1 - 4346 steps completed in 244.07 s
[OUTPUT] 2026-07-13T22:45:46.246378 Reshard for epoch 2: 104304 train files, 0 eval files redistributed via alltoall in 1.16s
[OUTPUT] 2026-07-13T22:45:47.694750 Worker pre-warm complete for epoch 2 (4 workers spawned)
[OUTPUT] 2026-07-13T22:46:03.316818 Starting epoch 2: 4346 steps expected
[OUTPUT] 2026-07-13T22:46:03.317293 Starting block 1
[OUTPUT] 2026-07-13T22:50:07.239784 Ending block 1 - 4346 steps completed in 243.92 s
[OUTPUT] 2026-07-13T22:50:07.240985 Epoch 2 - Block 1 [Training] Accelerator Utilization [AU] (%): 85.1303
[OUTPUT] 2026-07-13T22:50:07.244454 Epoch 2 - Block 1 [Training] Throughput (samples/second): 65643.6003
[OUTPUT] 2026-07-13T22:50:07.244809 Epoch 2 - Block 1 [Training] Computation time per step (second): 0.0476+/-0.0000 (set value: {'mean': 0.04755})
[OUTPUT] 2026-07-13T22:50:07.705209 Ending epoch 2 - 4346 steps completed in 244.39 s
[OUTPUT] 2026-07-13T22:50:08.852178 Reshard for epoch 3: 104304 train files, 0 eval files redistributed via alltoall in 1.15s
[OUTPUT] 2026-07-13T22:50:10.311016 Worker pre-warm complete for epoch 3 (4 workers spawned)
[OUTPUT] 2026-07-13T22:50:25.672953 Starting epoch 3: 4346 steps expected
[OUTPUT] 2026-07-13T22:50:25.673442 Starting block 1
[OUTPUT] 2026-07-13T22:54:29.485602 Ending block 1 - 4346 steps completed in 243.81 s
[OUTPUT] 2026-07-13T22:54:29.486838 Epoch 3 - Block 1 [Training] Accelerator Utilization [AU] (%): 85.1471
[OUTPUT] 2026-07-13T22:54:29.488321 Epoch 3 - Block 1 [Training] Throughput (samples/second): 65656.4967
[OUTPUT] 2026-07-13T22:54:29.488672 Epoch 3 - Block 1 [Training] Computation time per step (second): 0.0476+/-0.0000 (set value: {'mean': 0.04755})
[OUTPUT] 2026-07-13T22:54:29.980338 Ending epoch 3 - 4346 steps completed in 244.31 s
[OUTPUT] 2026-07-13T22:54:31.146568 Reshard for epoch 4: 104304 train files, 0 eval files redistributed via alltoall in 1.17s
[OUTPUT] 2026-07-13T22:54:32.436107 Worker pre-warm complete for epoch 4 (4 workers spawned)
[OUTPUT] 2026-07-13T22:54:47.816725 Starting epoch 4: 4346 steps expected
[OUTPUT] 2026-07-13T22:54:47.817289 Starting block 1
[OUTPUT] 2026-07-13T22:58:51.593866 Ending block 1 - 4346 steps completed in 243.78 s
[OUTPUT] 2026-07-13T22:58:51.598734 Epoch 4 - Block 1 [Training] Accelerator Utilization [AU] (%): 85.1199
[OUTPUT] 2026-07-13T22:58:51.598825 Epoch 4 - Block 1 [Training] Throughput (samples/second): 65636.5052
[OUTPUT] 2026-07-13T22:58:51.599259 Epoch 4 - Block 1 [Training] Computation time per step (second): 0.0476+/-0.0000 (set value: {'mean': 0.04755})
[OUTPUT] 2026-07-13T22:58:52.192723 Ending epoch 4 - 4346 steps completed in 244.38 s
[OUTPUT] 2026-07-13T22:58:53.354149 Reshard for epoch 5: 104304 train files, 0 eval files redistributed via alltoall in 1.16s
[OUTPUT] 2026-07-13T22:58:54.790317 Worker pre-warm complete for epoch 5 (4 workers spawned)
[OUTPUT] 2026-07-13T22:59:10.376512 Starting epoch 5: 4346 steps expected
[OUTPUT] 2026-07-13T22:59:10.376932 Starting block 1
[OUTPUT] 2026-07-13T23:03:14.421841 Ending block 1 - 4346 steps completed in 244.04 s
[OUTPUT] 2026-07-13T23:03:14.423040 Epoch 5 - Block 1 [Training] Accelerator Utilization [AU] (%): 85.0847
[OUTPUT] 2026-07-13T23:03:14.423075 Epoch 5 - Block 1 [Training] Throughput (samples/second): 65609.0915
[OUTPUT] 2026-07-13T23:03:14.423385 Epoch 5 - Block 1 [Training] Computation time per step (second): 0.0476+/-0.0000 (set value: {'mean': 0.04755})
[OUTPUT] 2026-07-13T23:03:14.958392 Ending epoch 5 - 4346 steps completed in 244.58 s
[OUTPUT] 2026-07-13T23:03:16.135028 Reshard for epoch 6: 104304 train files, 0 eval files redistributed via alltoall in 1.18s
[OUTPUT] 2026-07-13T23:03:17.598214 Worker pre-warm complete for epoch 6 (4 workers spawned)
[OUTPUT] 2026-07-13T23:03:33.009918 Starting epoch 6: 4346 steps expected
[OUTPUT] 2026-07-13T23:03:33.010352 Starting block 1
[OUTPUT] 2026-07-13T23:07:36.901610 Ending block 1 - 4346 steps completed in 243.89 s
[OUTPUT] 2026-07-13T23:07:36.902787 Epoch 6 - Block 1 [Training] Accelerator Utilization [AU] (%): 85.1406
[OUTPUT] 2026-07-13T23:07:36.902823 Epoch 6 - Block 1 [Training] Throughput (samples/second): 65651.9320
[OUTPUT] 2026-07-13T23:07:36.903140 Epoch 6 - Block 1 [Training] Computation time per step (second): 0.0476+/-0.0000 (set value: {'mean': 0.04755})
[OUTPUT] 2026-07-13T23:07:37.385206 Ending epoch 6 - 4346 steps completed in 244.38 s
[OUTPUT] 2026-07-13T23:07:38.614488 Reshard for epoch 7: 104304 train files, 0 eval files redistributed via alltoall in 1.23s
[OUTPUT] 2026-07-13T23:07:40.027866 Worker pre-warm complete for epoch 7 (4 workers spawned)
[OUTPUT] 2026-07-13T23:07:55.718867 Starting epoch 7: 4346 steps expected
[OUTPUT] 2026-07-13T23:07:55.719312 Starting block 1
[OUTPUT] 2026-07-13T23:11:59.676737 Ending block 1 - 4346 steps completed in 243.96 s
[OUTPUT] 2026-07-13T23:11:59.678099 Epoch 7 - Block 1 [Training] Accelerator Utilization [AU] (%): 85.1148
[OUTPUT] 2026-07-13T23:11:59.686934 Epoch 7 - Block 1 [Training] Throughput (samples/second): 65632.2437
[OUTPUT] 2026-07-13T23:11:59.687298 Epoch 7 - Block 1 [Training] Computation time per step (second): 0.0476+/-0.0000 (set value: {'mean': 0.04755})
[OUTPUT] 2026-07-13T23:12:00.202151 Ending epoch 7 - 4346 steps completed in 244.48 s
[OUTPUT] 2026-07-13T23:12:01.371117 Reshard for epoch 8: 104304 train files, 0 eval files redistributed via alltoall in 1.17s
[OUTPUT] 2026-07-13T23:12:02.828077 Worker pre-warm complete for epoch 8 (4 workers spawned)
[OUTPUT] 2026-07-13T23:12:18.202731 Starting epoch 8: 4346 steps expected
[OUTPUT] 2026-07-13T23:12:18.203140 Starting block 1
[OUTPUT] 2026-07-13T23:16:22.140127 Ending block 1 - 4346 steps completed in 243.94 s
[OUTPUT] 2026-07-13T23:16:22.141348 Epoch 8 - Block 1 [Training] Accelerator Utilization [AU] (%): 85.1144
[OUTPUT] 2026-07-13T23:16:22.141389 Epoch 8 - Block 1 [Training] Throughput (samples/second): 65632.5364
[OUTPUT] 2026-07-13T23:16:22.141740 Epoch 8 - Block 1 [Training] Computation time per step (second): 0.0476+/-0.0000 (set value: {'mean': 0.04755})
[OUTPUT] 2026-07-13T23:16:22.621575 Ending epoch 8 - 4346 steps completed in 244.42 s
[OUTPUT] 2026-07-13T23:16:23.821504 Reshard for epoch 9: 104304 train files, 0 eval files redistributed via alltoall in 1.20s
[OUTPUT] 2026-07-13T23:16:25.339271 Worker pre-warm complete for epoch 9 (4 workers spawned)
[OUTPUT] 2026-07-13T23:16:25.633495 Saved outputs in /root/Suzhou_Zishan_Longlin/closed/Suzhou_Zishan_Longlin/results/GalaxSphere-3Tier0/training/retinanet/run/20260713_224015
[OUTPUT] Averaged metric over all steps/epochs
[METRIC] ==========================================================
[METRIC] Number of Simulated Accelerators: 153 
[METRIC] Training Accelerator Utilization [AU] (%): 85.0282 (0.0443)
[METRIC] Training Throughput (samples/second): 65563.5963 (33.5301)
[METRIC] Training I/O Throughput (MiB/second): 20193.3121 (10.3271)
[METRIC] train_au_meet_expectation: success
[METRIC] ==========================================================

[OUTPUT] 2026-07-13T23:16:26.083820 outputs saved in RANKID_output.json
