[OUTPUT] [DEBUG DLIOBenchmark.__init__] After LoadConfig:
[OUTPUT]   storage_type   = <StorageType.S3: 's3'>
[OUTPUT]   storage_root   = 'mlp-retinanet'
[OUTPUT]   storage_options= {'storage_library': 's3dlio', 'uri_scheme': 's3', 'access_key_id': 'ais', 'secret_access_key': 'ais', 'endpoint_url': 'http://10.49.42.215:51080/s3/', 'region': 'us-east-1'}
[OUTPUT]   data_folder    = 'data/r10-6n/retinanet'
[OUTPUT]   framework      = <FrameworkType.PYTORCH: 'pytorch'>
[OUTPUT]   num_files_train= 252000000
[OUTPUT]   record_length  = 322957
[OUTPUT]   generate_data  = False
[OUTPUT]   do_train       = True
[OUTPUT]   do_checkpoint  = False
[OUTPUT]   epochs         = 8
[OUTPUT]   batch_size     = 24
[OUTPUT] 2026-07-12T03:41:08.245501 Running DLIO [Training] with 370 process(es)
[OUTPUT] 2026-07-12T03:41:09.829446 skip_listing [train]: validating 25,201 of 252,000,000 files (first, last, every 10,000) via HEAD requests ...
[OUTPUT] 2026-07-12T03:41:10.099950 skip_listing [train]:   500/25,201 checked (2%)  —  1862 checks/s  —  ETA 13s  —  0 failed so far
[OUTPUT] 2026-07-12T03:41:10.354818 skip_listing [train]:   1,000/25,201 checked (4%)  —  1911 checks/s  —  ETA 13s  —  0 failed so far
[OUTPUT] 2026-07-12T03:41:10.592653 skip_listing [train]:   1,500/25,201 checked (6%)  —  1970 checks/s  —  ETA 12s  —  0 failed so far
[OUTPUT] 2026-07-12T03:41:10.838897 skip_listing [train]:   2,000/25,201 checked (8%)  —  1985 checks/s  —  ETA 12s  —  0 failed so far
[OUTPUT] 2026-07-12T03:41:11.090355 skip_listing [train]:   2,500/25,201 checked (10%)  —  1986 checks/s  —  ETA 11s  —  0 failed so far
[OUTPUT] 2026-07-12T03:41:11.333090 skip_listing [train]:   3,000/25,201 checked (12%)  —  1998 checks/s  —  ETA 11s  —  0 failed so far
[OUTPUT] 2026-07-12T03:41:11.576756 skip_listing [train]:   3,500/25,201 checked (14%)  —  2005 checks/s  —  ETA 11s  —  0 failed so far
[OUTPUT] 2026-07-12T03:41:11.818213 skip_listing [train]:   4,000/25,201 checked (16%)  —  2013 checks/s  —  ETA 11s  —  0 failed so far
[OUTPUT] 2026-07-12T03:41:12.061194 skip_listing [train]:   4,500/25,201 checked (18%)  —  2018 checks/s  —  ETA 10s  —  0 failed so far
[OUTPUT] 2026-07-12T03:41:12.299409 skip_listing [train]:   5,000/25,201 checked (20%)  —  2026 checks/s  —  ETA 10s  —  0 failed so far
[OUTPUT] 2026-07-12T03:41:12.538634 skip_listing [train]:   5,500/25,201 checked (22%)  —  2032 checks/s  —  ETA 10s  —  0 failed so far
[OUTPUT] 2026-07-12T03:41:12.760059 skip_listing [train]:   6,000/25,201 checked (24%)  —  2049 checks/s  —  ETA 9s  —  0 failed so far
[OUTPUT] 2026-07-12T03:41:12.992178 skip_listing [train]:   6,500/25,201 checked (26%)  —  2056 checks/s  —  ETA 9s  —  0 failed so far
[OUTPUT] 2026-07-12T03:41:13.207330 skip_listing [train]:   7,000/25,201 checked (28%)  —  2074 checks/s  —  ETA 9s  —  0 failed so far
[OUTPUT] 2026-07-12T03:41:13.415206 skip_listing [train]:   7,500/25,201 checked (30%)  —  2093 checks/s  —  ETA 8s  —  0 failed so far
[OUTPUT] 2026-07-12T03:41:13.647141 skip_listing [train]:   8,000/25,201 checked (32%)  —  2097 checks/s  —  ETA 8s  —  0 failed so far
[OUTPUT] 2026-07-12T03:41:13.882735 skip_listing [train]:   8,500/25,201 checked (34%)  —  2098 checks/s  —  ETA 8s  —  0 failed so far
[OUTPUT] 2026-07-12T03:41:14.111399 skip_listing [train]:   9,000/25,201 checked (36%)  —  2103 checks/s  —  ETA 8s  —  0 failed so far
[OUTPUT] 2026-07-12T03:41:14.332312 skip_listing [train]:   9,500/25,201 checked (38%)  —  2111 checks/s  —  ETA 7s  —  0 failed so far
[OUTPUT] 2026-07-12T03:41:14.551902 skip_listing [train]:   10,000/25,201 checked (40%)  —  2118 checks/s  —  ETA 7s  —  0 failed so far
[OUTPUT] 2026-07-12T03:41:14.784919 skip_listing [train]:   10,500/25,201 checked (42%)  —  2120 checks/s  —  ETA 7s  —  0 failed so far
[OUTPUT] 2026-07-12T03:41:15.011836 skip_listing [train]:   11,000/25,201 checked (44%)  —  2123 checks/s  —  ETA 7s  —  0 failed so far
[OUTPUT] 2026-07-12T03:41:15.241165 skip_listing [train]:   11,500/25,201 checked (46%)  —  2126 checks/s  —  ETA 6s  —  0 failed so far
[OUTPUT] 2026-07-12T03:41:15.471701 skip_listing [train]:   12,000/25,201 checked (48%)  —  2128 checks/s  —  ETA 6s  —  0 failed so far
[OUTPUT] 2026-07-12T03:41:15.703108 skip_listing [train]:   12,500/25,201 checked (50%)  —  2129 checks/s  —  ETA 6s  —  0 failed so far
[OUTPUT] 2026-07-12T03:41:15.934837 skip_listing [train]:   13,000/25,201 checked (52%)  —  2130 checks/s  —  ETA 6s  —  0 failed so far
[OUTPUT] 2026-07-12T03:41:16.162495 skip_listing [train]:   13,500/25,201 checked (54%)  —  2132 checks/s  —  ETA 5s  —  0 failed so far
[OUTPUT] 2026-07-12T03:41:16.390323 skip_listing [train]:   14,000/25,201 checked (56%)  —  2134 checks/s  —  ETA 5s  —  0 failed so far
[OUTPUT] 2026-07-12T03:41:16.604979 skip_listing [train]:   14,500/25,201 checked (58%)  —  2141 checks/s  —  ETA 5s  —  0 failed so far
[OUTPUT] 2026-07-12T03:41:16.813445 skip_listing [train]:   15,000/25,201 checked (60%)  —  2148 checks/s  —  ETA 5s  —  0 failed so far
[OUTPUT] 2026-07-12T03:41:17.040707 skip_listing [train]:   15,500/25,201 checked (62%)  —  2150 checks/s  —  ETA 5s  —  0 failed so far
[OUTPUT] 2026-07-12T03:41:17.262210 skip_listing [train]:   16,000/25,201 checked (63%)  —  2153 checks/s  —  ETA 4s  —  0 failed so far
[OUTPUT] 2026-07-12T03:41:17.491511 skip_listing [train]:   16,500/25,201 checked (65%)  —  2154 checks/s  —  ETA 4s  —  0 failed so far
[OUTPUT] 2026-07-12T03:41:17.721892 skip_listing [train]:   17,000/25,201 checked (67%)  —  2154 checks/s  —  ETA 4s  —  0 failed so far
[OUTPUT] 2026-07-12T03:41:17.954308 skip_listing [train]:   17,500/25,201 checked (69%)  —  2154 checks/s  —  ETA 4s  —  0 failed so far
[OUTPUT] 2026-07-12T03:41:18.185019 skip_listing [train]:   18,000/25,201 checked (71%)  —  2155 checks/s  —  ETA 3s  —  0 failed so far
[OUTPUT] 2026-07-12T03:41:18.400897 skip_listing [train]:   18,500/25,201 checked (73%)  —  2159 checks/s  —  ETA 3s  —  0 failed so far
[OUTPUT] 2026-07-12T03:41:18.623143 skip_listing [train]:   19,000/25,201 checked (75%)  —  2161 checks/s  —  ETA 3s  —  0 failed so far
[OUTPUT] 2026-07-12T03:41:18.870487 skip_listing [train]:   19,500/25,201 checked (77%)  —  2157 checks/s  —  ETA 3s  —  0 failed so far
[OUTPUT] 2026-07-12T03:41:19.103691 skip_listing [train]:   20,000/25,201 checked (79%)  —  2157 checks/s  —  ETA 2s  —  0 failed so far
[OUTPUT] 2026-07-12T03:41:19.334254 skip_listing [train]:   20,500/25,201 checked (81%)  —  2157 checks/s  —  ETA 2s  —  0 failed so far
[OUTPUT] 2026-07-12T03:41:19.566668 skip_listing [train]:   21,000/25,201 checked (83%)  —  2157 checks/s  —  ETA 2s  —  0 failed so far
[OUTPUT] 2026-07-12T03:41:19.797751 skip_listing [train]:   21,500/25,201 checked (85%)  —  2157 checks/s  —  ETA 2s  —  0 failed so far
[OUTPUT] 2026-07-12T03:41:20.025306 skip_listing [train]:   22,000/25,201 checked (87%)  —  2158 checks/s  —  ETA 1s  —  0 failed so far
[OUTPUT] 2026-07-12T03:41:20.254129 skip_listing [train]:   22,500/25,201 checked (89%)  —  2159 checks/s  —  ETA 1s  —  0 failed so far
[OUTPUT] 2026-07-12T03:41:20.493547 skip_listing [train]:   23,000/25,201 checked (91%)  —  2157 checks/s  —  ETA 1s  —  0 failed so far
[OUTPUT] 2026-07-12T03:41:20.728441 skip_listing [train]:   23,500/25,201 checked (93%)  —  2157 checks/s  —  ETA 1s  —  0 failed so far
[OUTPUT] 2026-07-12T03:41:20.963754 skip_listing [train]:   24,000/25,201 checked (95%)  —  2156 checks/s  —  ETA 1s  —  0 failed so far
[OUTPUT] 2026-07-12T03:41:21.193021 skip_listing [train]:   24,500/25,201 checked (97%)  —  2156 checks/s  —  ETA 0s  —  0 failed so far
[OUTPUT] 2026-07-12T03:41:21.427481 skip_listing [train]:   25,000/25,201 checked (99%)  —  2156 checks/s  —  ETA 0s  —  0 failed so far
[OUTPUT] 2026-07-12T03:41:21.523899 skip_listing [train]: validation complete — all 25,201 samples exist (11.7s, 2155 checks/s); 681,082 URIs ready for rank 0 (252,000,000 total across all ranks)
[OUTPUT] 2026-07-12T03:41:21.563728 File listing [train]: 252000000 files discovered, 681081 assigned to rank 0, completed in 13.27s
[OUTPUT] 2026-07-12T03:41:21.563884 skip_listing [valid]: generated 0 file URIs deterministically (0 total — validation disabled)
[OUTPUT] 2026-07-12T03:41:21.563921 File listing [valid]: 0 files discovered, 0 assigned to rank 0, completed in 0.00s
[OUTPUT] 2026-07-12T03:41:21.563956 Streamed file sharding: 252000000 train files across 370 ranks via round-robin (rank 0 shard: 681081 files)
[OUTPUT] 2026-07-12T03:41:21.586838 Max steps per epoch per rank: 10500000 = 1 * 252000000 / 24 (samples per file * local files / batch size)
[OUTPUT] 2026-07-12T03:41:24.284005 Reshard for epoch 1: 681081 train files, 0 eval files redistributed via alltoall in 2.70s
[OUTPUT] 2026-07-12T03:41:25.535203 Worker pre-warm complete (0 workers spawned)
[OUTPUT] 2026-07-12T03:41:26.369483 Starting epoch 1: 28378 steps expected
[OUTPUT] 2026-07-12T03:41:26.370263 Starting block 1
[OUTPUT] 2026-07-12T04:06:43.001731 Ending block 1 - 28378 steps completed in 1516.63 s
[OUTPUT] 2026-07-12T04:06:43.005595 Epoch 1 - Block 1 [Training] Accelerator Utilization [AU] (%): 89.1758
[OUTPUT] 2026-07-12T04:06:43.005642 Epoch 1 - Block 1 [Training] Throughput (samples/second): 166232.1361
[OUTPUT] 2026-07-12T04:06:43.010490 Epoch 1 - Block 1 [Training] Computation time per step (second): 0.0476+/-0.0000 (set value: {'mean': 0.04755})
[OUTPUT] 2026-07-12T04:06:43.123600 Ending epoch 1 - 28378 steps completed in 1516.75 s
[OUTPUT] 2026-07-12T04:06:43.625660 Reshard for epoch 2: 681081 train files, 0 eval files redistributed via alltoall in 0.50s
[OUTPUT] 2026-07-12T04:06:44.723894 Worker pre-warm complete for epoch 2 (0 workers spawned)
[OUTPUT] 2026-07-12T04:06:45.079597 Starting epoch 2: 28378 steps expected
[OUTPUT] 2026-07-12T04:06:45.080363 Starting block 1
[OUTPUT] 2026-07-12T04:31:58.096180 Ending block 1 - 28378 steps completed in 1513.02 s
[OUTPUT] 2026-07-12T04:31:58.099491 Epoch 2 - Block 1 [Training] Accelerator Utilization [AU] (%): 89.3769
[OUTPUT] 2026-07-12T04:31:58.099551 Epoch 2 - Block 1 [Training] Throughput (samples/second): 166607.5451
[OUTPUT] 2026-07-12T04:31:58.101557 Epoch 2 - Block 1 [Training] Computation time per step (second): 0.0476+/-0.0000 (set value: {'mean': 0.04755})
[OUTPUT] 2026-07-12T04:31:59.015173 Ending epoch 2 - 28378 steps completed in 1513.94 s
[OUTPUT] 2026-07-12T04:31:59.327011 Reshard for epoch 3: 681081 train files, 0 eval files redistributed via alltoall in 0.31s
[OUTPUT] 2026-07-12T04:32:00.415402 Worker pre-warm complete for epoch 3 (0 workers spawned)
[OUTPUT] 2026-07-12T04:32:00.822393 Starting epoch 3: 28378 steps expected
[OUTPUT] 2026-07-12T04:32:00.823085 Starting block 1
[OUTPUT] 2026-07-12T04:57:07.299202 Ending block 1 - 28378 steps completed in 1506.48 s
[OUTPUT] 2026-07-12T04:57:07.301958 Epoch 3 - Block 1 [Training] Accelerator Utilization [AU] (%): 89.7634
[OUTPUT] 2026-07-12T04:57:07.302014 Epoch 3 - Block 1 [Training] Throughput (samples/second): 167329.3603
[OUTPUT] 2026-07-12T04:57:07.303902 Epoch 3 - Block 1 [Training] Computation time per step (second): 0.0476+/-0.0000 (set value: {'mean': 0.04755})
[OUTPUT] 2026-07-12T04:57:07.731351 Ending epoch 3 - 28378 steps completed in 1506.91 s
[OUTPUT] 2026-07-12T04:57:08.045313 Reshard for epoch 4: 681081 train files, 0 eval files redistributed via alltoall in 0.31s
[OUTPUT] 2026-07-12T04:57:09.078559 Worker pre-warm complete for epoch 4 (0 workers spawned)
[OUTPUT] 2026-07-12T04:57:09.486503 Starting epoch 4: 28378 steps expected
[OUTPUT] 2026-07-12T04:57:09.487291 Starting block 1
[OUTPUT] 2026-07-12T05:22:06.563868 Ending block 1 - 28378 steps completed in 1497.08 s
[OUTPUT] 2026-07-12T05:22:06.565928 Epoch 4 - Block 1 [Training] Accelerator Utilization [AU] (%): 90.3244
[OUTPUT] 2026-07-12T05:22:06.565979 Epoch 4 - Block 1 [Training] Throughput (samples/second): 168376.0308
[OUTPUT] 2026-07-12T05:22:06.567838 Epoch 4 - Block 1 [Training] Computation time per step (second): 0.0476+/-0.0000 (set value: {'mean': 0.04755})
[OUTPUT] 2026-07-12T05:26:15.581004 Ending epoch 4 - 28378 steps completed in 1746.09 s
[OUTPUT] 2026-07-12T05:26:15.905033 Reshard for epoch 5: 681081 train files, 0 eval files redistributed via alltoall in 0.32s
[OUTPUT] 2026-07-12T05:26:16.953761 Worker pre-warm complete for epoch 5 (0 workers spawned)
[OUTPUT] 2026-07-12T05:26:17.458118 Starting epoch 5: 28378 steps expected
[OUTPUT] 2026-07-12T05:26:17.459294 Starting block 1
[OUTPUT] 2026-07-12T05:51:21.183895 Ending block 1 - 28378 steps completed in 1503.72 s
[OUTPUT] 2026-07-12T05:51:21.185788 Epoch 5 - Block 1 [Training] Accelerator Utilization [AU] (%): 89.9267
[OUTPUT] 2026-07-12T05:51:21.185835 Epoch 5 - Block 1 [Training] Throughput (samples/second): 167634.7403
[OUTPUT] 2026-07-12T05:51:21.187791 Epoch 5 - Block 1 [Training] Computation time per step (second): 0.0476+/-0.0000 (set value: {'mean': 0.04755})
[OUTPUT] 2026-07-12T05:51:22.895825 Ending epoch 5 - 28378 steps completed in 1505.44 s
[OUTPUT] 2026-07-12T05:51:23.159541 Reshard for epoch 6: 681081 train files, 0 eval files redistributed via alltoall in 0.26s
[OUTPUT] 2026-07-12T05:51:24.147585 Worker pre-warm complete for epoch 6 (0 workers spawned)
[OUTPUT] 2026-07-12T05:51:24.668013 Starting epoch 6: 28378 steps expected
[OUTPUT] 2026-07-12T05:51:24.668862 Starting block 1
[OUTPUT] 2026-07-12T06:16:51.624260 Ending block 1 - 28378 steps completed in 1526.96 s
[OUTPUT] 2026-07-12T06:16:51.625967 Epoch 6 - Block 1 [Training] Accelerator Utilization [AU] (%): 88.5535
[OUTPUT] 2026-07-12T06:16:51.626010 Epoch 6 - Block 1 [Training] Throughput (samples/second): 165075.5520
[OUTPUT] 2026-07-12T06:16:51.627847 Epoch 6 - Block 1 [Training] Computation time per step (second): 0.0476+/-0.0000 (set value: {'mean': 0.04755})
[OUTPUT] 2026-07-12T06:16:52.807589 Ending epoch 6 - 28378 steps completed in 1528.14 s
[OUTPUT] 2026-07-12T06:16:53.054770 Reshard for epoch 7: 681081 train files, 0 eval files redistributed via alltoall in 0.25s
[OUTPUT] 2026-07-12T06:16:54.065363 Worker pre-warm complete for epoch 7 (0 workers spawned)
[OUTPUT] 2026-07-12T06:16:54.650480 Starting epoch 7: 28378 steps expected
[OUTPUT] 2026-07-12T06:16:54.651422 Starting block 1
[OUTPUT] 2026-07-12T06:41:52.775204 Ending block 1 - 28378 steps completed in 1498.12 s
[OUTPUT] 2026-07-12T06:41:52.776981 Epoch 7 - Block 1 [Training] Accelerator Utilization [AU] (%): 90.2601
[OUTPUT] 2026-07-12T06:41:52.777023 Epoch 7 - Block 1 [Training] Throughput (samples/second): 168258.2954
[OUTPUT] 2026-07-12T06:41:52.778861 Epoch 7 - Block 1 [Training] Computation time per step (second): 0.0476+/-0.0000 (set value: {'mean': 0.04755})
[OUTPUT] 2026-07-12T06:42:19.153907 Ending epoch 7 - 28378 steps completed in 1524.50 s
[OUTPUT] 2026-07-12T06:42:19.423548 Reshard for epoch 8: 681081 train files, 0 eval files redistributed via alltoall in 0.27s
[OUTPUT] 2026-07-12T06:42:20.426558 Worker pre-warm complete for epoch 8 (0 workers spawned)
[OUTPUT] 2026-07-12T06:42:21.395600 Starting epoch 8: 28378 steps expected
[OUTPUT] 2026-07-12T06:42:21.396302 Starting block 1
[OUTPUT] 2026-07-12T07:07:36.010905 Ending block 1 - 28378 steps completed in 1514.61 s
[OUTPUT] 2026-07-12T07:07:36.012661 Epoch 8 - Block 1 [Training] Accelerator Utilization [AU] (%): 89.2781
[OUTPUT] 2026-07-12T07:07:36.012702 Epoch 8 - Block 1 [Training] Throughput (samples/second): 166429.2209
[OUTPUT] 2026-07-12T07:07:36.014560 Epoch 8 - Block 1 [Training] Computation time per step (second): 0.0476+/-0.0000 (set value: {'mean': 0.04755})
[OUTPUT] 2026-07-12T07:07:36.987961 Ending epoch 8 - 28378 steps completed in 1515.59 s
[OUTPUT] 2026-07-12T07:07:37.236188 Reshard for epoch 9: 681081 train files, 0 eval files redistributed via alltoall in 0.25s
[OUTPUT] 2026-07-12T07:07:38.342149 Worker pre-warm complete for epoch 9 (0 workers spawned)
[OUTPUT] 2026-07-12T07:07:38.805127 Saved outputs in /home/opc/mlps-6n10-retinanet-submission/closed/nvidia/results/aistore-6n-oci-bm-denseio-e5-128-10client/training/retinanet/run/20260712_034053
[OUTPUT] Averaged metric over all steps/epochs
[METRIC] ==========================================================
[METRIC] Number of Simulated Accelerators: 370 
[METRIC] Training Accelerator Utilization [AU] (%): 89.5085 (0.5075)
[METRIC] Training Throughput (samples/second): 166858.8367 (946.0831)
[METRIC] Training I/O Throughput (MiB/second): 51391.8203 (291.3896)
[METRIC] train_au_meet_expectation: success
[METRIC] ==========================================================

[OUTPUT] 2026-07-12T07:07:39.257623 outputs saved in RANKID_output.json
--------------------------------------------------------------------------
mpirun has exited due to process rank 5 with PID 1214226 on
node 10.49.42.59 exiting improperly. There are three reasons this could occur:

1. this process did not call "init" before exiting, but others in
the job did. This can cause a job to hang indefinitely while it waits
for all processes to call "init". By rule, if one process calls "init",
then ALL processes must call "init" prior to termination.

2. this process called "init", but exited without calling "finalize".
By rule, all processes that call "init" MUST call "finalize" prior to
exiting or it will be considered an "abnormal termination"

3. this process called "MPI_Abort" or "orte_abort" and the mca parameter
orte_create_session_dirs is set to false. In this case, the run-time cannot
detect that the abort call was an abnormal termination. Hence, the only
error message you will receive is this one.

This may have caused other processes in the application to be
terminated by signals sent by mpirun (as reported here).

You can avoid this message by specifying -quiet on the mpirun command line.
--------------------------------------------------------------------------
