[OUTPUT] [DEBUG DLIOBenchmark.__init__] After LoadConfig:
[OUTPUT]   storage_type   = <StorageType.LOCAL_FS: 'local_fs'>
[OUTPUT]   storage_root   = './'
[OUTPUT]   storage_options= None
[OUTPUT]   data_folder    = '/mnt/ubix/unet3d'
[OUTPUT]   framework      = <FrameworkType.PYTORCH: 'pytorch'>
[OUTPUT]   num_files_train= 280000
[OUTPUT]   record_length  = 146600628
[OUTPUT]   generate_data  = False
[OUTPUT]   do_train       = True
[OUTPUT]   do_checkpoint  = False
[OUTPUT]   epochs         = 5
[OUTPUT]   batch_size     = 7
[OUTPUT] 2026-07-22T18:13:33.277927 Running DLIO [Training] with 80 process(es)
[OUTPUT] 2026-07-22T18:13:33.298186 skip_listing [train]: validating 2,801 of 280,000 files (first, last, every 100) via HEAD requests ...
[OUTPUT] 2026-07-22T18:13:33.330066 skip_listing [train]:   280/2,801 checked (10%)  —  8815 checks/s  —  ETA 0s  —  0 failed so far
[OUTPUT] 2026-07-22T18:13:33.356057 skip_listing [train]:   560/2,801 checked (20%)  —  9696 checks/s  —  ETA 0s  —  0 failed so far
[OUTPUT] 2026-07-22T18:13:33.381902 skip_listing [train]:   840/2,801 checked (30%)  —  10048 checks/s  —  ETA 0s  —  0 failed so far
[OUTPUT] 2026-07-22T18:13:33.410798 skip_listing [train]:   1,120/2,801 checked (40%)  —  9956 checks/s  —  ETA 0s  —  0 failed so far
[OUTPUT] 2026-07-22T18:13:33.438327 skip_listing [train]:   1,400/2,801 checked (50%)  —  9998 checks/s  —  ETA 0s  —  0 failed so far
[OUTPUT] 2026-07-22T18:13:33.465047 skip_listing [train]:   1,680/2,801 checked (60%)  —  10075 checks/s  —  ETA 0s  —  0 failed so far
[OUTPUT] 2026-07-22T18:13:33.490652 skip_listing [train]:   1,960/2,801 checked (70%)  —  10190 checks/s  —  ETA 0s  —  0 failed so far
[OUTPUT] 2026-07-22T18:13:33.517370 skip_listing [train]:   2,240/2,801 checked (80%)  —  10225 checks/s  —  ETA 0s  —  0 failed so far
[OUTPUT] 2026-07-22T18:13:33.542791 skip_listing [train]:   2,520/2,801 checked (90%)  —  10307 checks/s  —  ETA 0s  —  0 failed so far
[OUTPUT] 2026-07-22T18:13:33.566760 skip_listing [train]:   2,800/2,801 checked (100%)  —  10430 checks/s  —  ETA 0s  —  0 failed so far
[OUTPUT] 2026-07-22T18:13:33.566793 skip_listing [train]: validation complete — all 2,801 samples exist (0.3s, 10432 checks/s); 3,500 URIs ready for rank 0 (280,000 total across all ranks)
[OUTPUT] 2026-07-22T18:13:33.566850 File listing [train]: 280000 files discovered, 3500 assigned to rank 0, completed in 0.28s
[OUTPUT] 2026-07-22T18:13:33.566877 skip_listing [valid]: generated 0 file URIs deterministically (0 total — validation disabled)
[OUTPUT] 2026-07-22T18:13:33.566898 File listing [valid]: 0 files discovered, 0 assigned to rank 0, completed in 0.00s
[OUTPUT] 2026-07-22T18:13:33.566918 Streamed file sharding: 280000 train files across 80 ranks via round-robin (rank 0 shard: 3500 files)
[OUTPUT] 2026-07-22T18:13:34.205546 Max steps per epoch per rank: 40000 = 1 * 280000 / 7 (samples per file * local files / batch size)
[OUTPUT] 2026-07-22T18:13:34.227832 Reshard for epoch 1: 3500 train files, 0 eval files redistributed via alltoall in 0.02s
[OUTPUT] 2026-07-22T18:13:35.107073 Worker pre-warm complete (3 workers spawned)
[OUTPUT] 2026-07-22T18:13:35.301366 Starting epoch 1: 500 steps expected
[OUTPUT] 2026-07-22T18:13:35.301619 Starting block 1
[OUTPUT] 2026-07-22T18:15:00.489062 Ending block 1 - 500 steps completed in 85.19 s
[OUTPUT] 2026-07-22T18:15:00.494289 Epoch 1 - Block 1 [Training] Accelerator Utilization [AU] (%): 95.6731
[OUTPUT] 2026-07-22T18:15:00.494337 Epoch 1 - Block 1 [Training] Throughput (samples/second): 3305.9046
[OUTPUT] 2026-07-22T18:15:00.495218 Epoch 1 - Block 1 [Training] Computation time per step (second): 0.1621+/-0.0000 (set value: {'mean': 0.162})
[OUTPUT] 2026-07-22T18:15:00.501749 Ending epoch 1 - 500 steps completed in 85.20 s
[OUTPUT] 2026-07-22T18:15:00.511689 Reshard for epoch 2: 3500 train files, 0 eval files redistributed via alltoall in 0.01s
[OUTPUT] 2026-07-22T18:15:01.395616 Worker pre-warm complete for epoch 2 (3 workers spawned)
[OUTPUT] 2026-07-22T18:15:01.588361 Starting epoch 2: 500 steps expected
[OUTPUT] 2026-07-22T18:15:01.588574 Starting block 1
[OUTPUT] 2026-07-22T18:16:26.277628 Ending block 1 - 500 steps completed in 84.69 s
[OUTPUT] 2026-07-22T18:16:26.279199 Epoch 2 - Block 1 [Training] Accelerator Utilization [AU] (%): 96.3575
[OUTPUT] 2026-07-22T18:16:26.279243 Epoch 2 - Block 1 [Training] Throughput (samples/second): 3329.5238
[OUTPUT] 2026-07-22T18:16:26.279408 Epoch 2 - Block 1 [Training] Computation time per step (second): 0.1621+/-0.0000 (set value: {'mean': 0.162})
[OUTPUT] 2026-07-22T18:16:26.291197 Ending epoch 2 - 500 steps completed in 84.70 s
[OUTPUT] 2026-07-22T18:16:26.304348 Reshard for epoch 3: 3500 train files, 0 eval files redistributed via alltoall in 0.01s
[OUTPUT] 2026-07-22T18:16:27.130427 Worker pre-warm complete for epoch 3 (3 workers spawned)
[OUTPUT] 2026-07-22T18:16:27.306240 Starting epoch 3: 500 steps expected
[OUTPUT] 2026-07-22T18:16:27.306515 Starting block 1
[OUTPUT] 2026-07-22T18:17:52.030878 Ending block 1 - 500 steps completed in 84.72 s
[OUTPUT] 2026-07-22T18:17:52.032230 Epoch 3 - Block 1 [Training] Accelerator Utilization [AU] (%): 96.1352
[OUTPUT] 2026-07-22T18:17:52.032272 Epoch 3 - Block 1 [Training] Throughput (samples/second): 3321.8443
[OUTPUT] 2026-07-22T18:17:52.032421 Epoch 3 - Block 1 [Training] Computation time per step (second): 0.1621+/-0.0000 (set value: {'mean': 0.162})
[OUTPUT] 2026-07-22T18:17:52.041540 Ending epoch 3 - 500 steps completed in 84.74 s
[OUTPUT] 2026-07-22T18:17:52.054145 Reshard for epoch 4: 3500 train files, 0 eval files redistributed via alltoall in 0.01s
[OUTPUT] 2026-07-22T18:17:52.946029 Worker pre-warm complete for epoch 4 (3 workers spawned)
[OUTPUT] 2026-07-22T18:17:53.141406 Starting epoch 4: 500 steps expected
[OUTPUT] 2026-07-22T18:17:53.141616 Starting block 1
[OUTPUT] 2026-07-22T18:19:17.955832 Ending block 1 - 500 steps completed in 84.81 s
[OUTPUT] 2026-07-22T18:19:17.957180 Epoch 4 - Block 1 [Training] Accelerator Utilization [AU] (%): 96.1766
[OUTPUT] 2026-07-22T18:19:17.957659 Epoch 4 - Block 1 [Training] Throughput (samples/second): 3323.2715
[OUTPUT] 2026-07-22T18:19:17.957810 Epoch 4 - Block 1 [Training] Computation time per step (second): 0.1621+/-0.0000 (set value: {'mean': 0.162})
[OUTPUT] 2026-07-22T18:19:17.967851 Ending epoch 4 - 500 steps completed in 84.83 s
[OUTPUT] 2026-07-22T18:19:17.978547 Reshard for epoch 5: 3500 train files, 0 eval files redistributed via alltoall in 0.01s
[OUTPUT] 2026-07-22T18:19:18.807758 Worker pre-warm complete for epoch 5 (3 workers spawned)
[OUTPUT] 2026-07-22T18:19:18.998861 Starting epoch 5: 500 steps expected
[OUTPUT] 2026-07-22T18:19:18.999124 Starting block 1
[OUTPUT] 2026-07-22T18:20:43.405613 Ending block 1 - 500 steps completed in 84.41 s
[OUTPUT] 2026-07-22T18:20:43.407203 Epoch 5 - Block 1 [Training] Accelerator Utilization [AU] (%): 96.5376
[OUTPUT] 2026-07-22T18:20:43.407251 Epoch 5 - Block 1 [Training] Throughput (samples/second): 3335.7499
[OUTPUT] 2026-07-22T18:20:43.407422 Epoch 5 - Block 1 [Training] Computation time per step (second): 0.1621+/-0.0000 (set value: {'mean': 0.162})
[OUTPUT] 2026-07-22T18:20:43.420962 Ending epoch 5 - 500 steps completed in 84.42 s
[OUTPUT] 2026-07-22T18:20:43.431772 Reshard for epoch 6: 3500 train files, 0 eval files redistributed via alltoall in 0.01s
[OUTPUT] 2026-07-22T18:20:44.308673 Worker pre-warm complete for epoch 6 (3 workers spawned)
[OUTPUT] 2026-07-22T18:20:44.356951 Saved outputs in /mnt/share/storage_results_v3/closed/UBIX/results/UbiPower18000_16x15.36TB_NVMe_4xNDR400_3xStorageNode_16hosts256GBMem/training/unet3d/run/20260722_181301
[OUTPUT] Averaged metric over all steps/epochs
[METRIC] ==========================================================
[METRIC] Number of Simulated Accelerators: 80 
[METRIC] Training Accelerator Utilization [AU] (%): 96.1919 (0.2824)
[METRIC] Training Throughput (samples/second): 3323.7864 (9.7600)
[METRIC] Training I/O Throughput (MiB/second): 464696.0990 (1364.5425)
[METRIC] train_au_meet_expectation: success
[METRIC] ==========================================================

[OUTPUT] 2026-07-22T18:20:44.669432 outputs saved in RANKID_output.json
