[OUTPUT] [DEBUG DLIOBenchmark.__init__] After LoadConfig:
[OUTPUT]   storage_type   = <StorageType.LOCAL_FS: 'local_fs'>
[OUTPUT]   storage_root   = './'
[OUTPUT]   storage_options= None
[OUTPUT]   data_folder    = '/mlperf-storage/mlpstorage_run/unet3d_data/unet3d'
[OUTPUT]   framework      = <FrameworkType.PYTORCH: 'pytorch'>
[OUTPUT]   num_files_train= 84375
[OUTPUT]   record_length  = 146600628
[OUTPUT]   generate_data  = False
[OUTPUT]   do_train       = True
[OUTPUT]   do_checkpoint  = False
[OUTPUT]   epochs         = 5
[OUTPUT]   batch_size     = 7
[OUTPUT] 2026-07-21T21:11:05.452228 Running DLIO [Training] with 3 process(es)
[OUTPUT] 2026-07-21T21:11:05.687699 skip_listing [train]: validating 8,439 of 84,375 files (first, last, every 10) via HEAD requests ...
[OUTPUT] 2026-07-21T21:11:05.969498 skip_listing [train]:   500/8,439 checked (6%)  —  1775 checks/s  —  ETA 4s  —  0 failed so far
[OUTPUT] 2026-07-21T21:11:06.248251 skip_listing [train]:   1,000/8,439 checked (12%)  —  1784 checks/s  —  ETA 4s  —  0 failed so far
[OUTPUT] 2026-07-21T21:11:06.521899 skip_listing [train]:   1,500/8,439 checked (18%)  —  1798 checks/s  —  ETA 4s  —  0 failed so far
[OUTPUT] 2026-07-21T21:11:06.793419 skip_listing [train]:   2,000/8,439 checked (24%)  —  1809 checks/s  —  ETA 4s  —  0 failed so far
[OUTPUT] 2026-07-21T21:11:07.075604 skip_listing [train]:   2,500/8,439 checked (30%)  —  1801 checks/s  —  ETA 3s  —  0 failed so far
[OUTPUT] 2026-07-21T21:11:07.358984 skip_listing [train]:   3,000/8,439 checked (36%)  —  1795 checks/s  —  ETA 3s  —  0 failed so far
[OUTPUT] 2026-07-21T21:11:07.641389 skip_listing [train]:   3,500/8,439 checked (41%)  —  1792 checks/s  —  ETA 3s  —  0 failed so far
[OUTPUT] 2026-07-21T21:11:07.929480 skip_listing [train]:   4,000/8,439 checked (47%)  —  1784 checks/s  —  ETA 2s  —  0 failed so far
[OUTPUT] 2026-07-21T21:11:08.210777 skip_listing [train]:   4,500/8,439 checked (53%)  —  1784 checks/s  —  ETA 2s  —  0 failed so far
[OUTPUT] 2026-07-21T21:11:08.490074 skip_listing [train]:   5,000/8,439 checked (59%)  —  1784 checks/s  —  ETA 2s  —  0 failed so far
[OUTPUT] 2026-07-21T21:11:08.935518 skip_listing [train]:   5,500/8,439 checked (65%)  —  1693 checks/s  —  ETA 2s  —  0 failed so far
[OUTPUT] 2026-07-21T21:11:09.212969 skip_listing [train]:   6,000/8,439 checked (71%)  —  1702 checks/s  —  ETA 1s  —  0 failed so far
[OUTPUT] 2026-07-21T21:11:09.491393 skip_listing [train]:   6,500/8,439 checked (77%)  —  1709 checks/s  —  ETA 1s  —  0 failed so far
[OUTPUT] 2026-07-21T21:11:09.772510 skip_listing [train]:   7,000/8,439 checked (83%)  —  1714 checks/s  —  ETA 1s  —  0 failed so far
[OUTPUT] 2026-07-21T21:11:10.054928 skip_listing [train]:   7,500/8,439 checked (89%)  —  1717 checks/s  —  ETA 1s  —  0 failed so far
[OUTPUT] 2026-07-21T21:11:10.338957 skip_listing [train]:   8,000/8,439 checked (95%)  —  1720 checks/s  —  ETA 0s  —  0 failed so far
[OUTPUT] 2026-07-21T21:11:10.724295 skip_listing [train]: validation complete — all 8,439 samples exist (5.0s, 1676 checks/s); 28,125 URIs ready for rank 0 (84,375 total across all ranks)
[OUTPUT] 2026-07-21T21:11:10.725565 File listing [train]: 84375 files discovered, 28125 assigned to rank 0, completed in 5.09s
[OUTPUT] 2026-07-21T21:11:10.725648 skip_listing [valid]: generated 0 file URIs deterministically (0 total — validation disabled)
[OUTPUT] 2026-07-21T21:11:10.725683 File listing [valid]: 0 files discovered, 0 assigned to rank 0, completed in 0.00s
[OUTPUT] 2026-07-21T21:11:10.725710 Streamed file sharding: 84375 train files across 3 ranks via round-robin (rank 0 shard: 28125 files)
[OUTPUT] 2026-07-21T21:11:11.264522 Max steps per epoch per rank: 12053 = 1 * 84375 / 7 (samples per file * local files / batch size)
[OUTPUT] 2026-07-21T21:11:11.284389 Reshard for epoch 1: 28125 train files, 0 eval files redistributed via alltoall in 0.02s
[OUTPUT] 2026-07-21T21:11:29.122516 Worker pre-warm complete (96 workers spawned)
[OUTPUT] 2026-07-21T21:11:29.792433 Starting epoch 1: 4017 steps expected
[OUTPUT] 2026-07-21T21:11:29.792755 Starting block 1
[OUTPUT] 2026-07-21T21:22:45.947852 Ending block 1 - 4017 steps completed in 676.16 s
[OUTPUT] 2026-07-21T21:22:46.121501 Epoch 1 - Block 1 [Training] Accelerator Utilization [AU] (%): 98.4376
[OUTPUT] 2026-07-21T21:22:46.121565 Epoch 1 - Block 1 [Training] Throughput (samples/second): 127.5165
[OUTPUT] 2026-07-21T21:22:46.122748 Epoch 1 - Block 1 [Training] Computation time per step (second): 0.1621+/-0.0000 (set value: {'mean': 0.162})
[OUTPUT] 2026-07-21T21:22:46.123920 Ending epoch 1 - 4017 steps completed in 676.33 s
[OUTPUT] 2026-07-21T21:22:46.142558 Reshard for epoch 2: 28125 train files, 0 eval files redistributed via alltoall in 0.02s
[OUTPUT] 2026-07-21T21:23:03.247069 Worker pre-warm complete for epoch 2 (96 workers spawned)
[OUTPUT] 2026-07-21T21:23:04.969914 Starting epoch 2: 4017 steps expected
[OUTPUT] 2026-07-21T21:23:04.970308 Starting block 1
[OUTPUT] 2026-07-21T21:34:21.381157 Ending block 1 - 4017 steps completed in 676.41 s
[OUTPUT] 2026-07-21T21:34:21.540398 Epoch 2 - Block 1 [Training] Accelerator Utilization [AU] (%): 98.4843
[OUTPUT] 2026-07-21T21:34:21.540464 Epoch 2 - Block 1 [Training] Throughput (samples/second): 127.5786
[OUTPUT] 2026-07-21T21:34:21.540861 Epoch 2 - Block 1 [Training] Computation time per step (second): 0.1621+/-0.0000 (set value: {'mean': 0.162})
[OUTPUT] 2026-07-21T21:34:21.541988 Ending epoch 2 - 4017 steps completed in 676.57 s
[OUTPUT] 2026-07-21T21:34:21.563928 Reshard for epoch 3: 28125 train files, 0 eval files redistributed via alltoall in 0.02s
[OUTPUT] 2026-07-21T21:34:38.575345 Worker pre-warm complete for epoch 3 (96 workers spawned)
[OUTPUT] 2026-07-21T21:34:40.275869 Starting epoch 3: 4017 steps expected
[OUTPUT] 2026-07-21T21:34:40.276281 Starting block 1
[OUTPUT] 2026-07-21T21:45:57.489689 Ending block 1 - 4017 steps completed in 677.21 s
[OUTPUT] 2026-07-21T21:45:57.651516 Epoch 3 - Block 1 [Training] Accelerator Utilization [AU] (%): 98.3812
[OUTPUT] 2026-07-21T21:45:57.651596 Epoch 3 - Block 1 [Training] Throughput (samples/second): 127.4447
[OUTPUT] 2026-07-21T21:45:57.651958 Epoch 3 - Block 1 [Training] Computation time per step (second): 0.1621+/-0.0000 (set value: {'mean': 0.162})
[OUTPUT] 2026-07-21T21:45:57.652933 Ending epoch 3 - 4017 steps completed in 677.38 s
[OUTPUT] 2026-07-21T21:45:57.675510 Reshard for epoch 4: 28125 train files, 0 eval files redistributed via alltoall in 0.02s
[OUTPUT] 2026-07-21T21:46:16.052441 Worker pre-warm complete for epoch 4 (96 workers spawned)
[OUTPUT] 2026-07-21T21:46:17.769415 Starting epoch 4: 4017 steps expected
[OUTPUT] 2026-07-21T21:46:17.769766 Starting block 1
[OUTPUT] 2026-07-21T21:57:34.531156 Ending block 1 - 4017 steps completed in 676.76 s
[OUTPUT] 2026-07-21T21:57:34.697713 Epoch 4 - Block 1 [Training] Accelerator Utilization [AU] (%): 98.3918
[OUTPUT] 2026-07-21T21:57:34.697779 Epoch 4 - Block 1 [Training] Throughput (samples/second): 127.4580
[OUTPUT] 2026-07-21T21:57:34.698158 Epoch 4 - Block 1 [Training] Computation time per step (second): 0.1621+/-0.0000 (set value: {'mean': 0.162})
[OUTPUT] 2026-07-21T21:57:34.699327 Ending epoch 4 - 4017 steps completed in 676.93 s
[OUTPUT] 2026-07-21T21:57:34.722339 Reshard for epoch 5: 28125 train files, 0 eval files redistributed via alltoall in 0.02s
[OUTPUT] 2026-07-21T21:57:52.201650 Worker pre-warm complete for epoch 5 (96 workers spawned)
[OUTPUT] 2026-07-21T21:57:53.912934 Starting epoch 5: 4017 steps expected
[OUTPUT] 2026-07-21T21:57:53.913289 Starting block 1
[OUTPUT] 2026-07-21T22:09:10.963569 Ending block 1 - 4017 steps completed in 677.05 s
[OUTPUT] 2026-07-21T22:09:11.127643 Epoch 5 - Block 1 [Training] Accelerator Utilization [AU] (%): 98.3325
[OUTPUT] 2026-07-21T22:09:11.127726 Epoch 5 - Block 1 [Training] Throughput (samples/second): 127.3814
[OUTPUT] 2026-07-21T22:09:11.128229 Epoch 5 - Block 1 [Training] Computation time per step (second): 0.1621+/-0.0000 (set value: {'mean': 0.162})
[OUTPUT] 2026-07-21T22:09:11.129664 Ending epoch 5 - 4017 steps completed in 677.22 s
[OUTPUT] 2026-07-21T22:09:11.154460 Reshard for epoch 6: 28125 train files, 0 eval files redistributed via alltoall in 0.02s
[OUTPUT] 2026-07-21T22:09:28.715911 Worker pre-warm complete for epoch 6 (96 workers spawned)
[OUTPUT] 2026-07-21T22:09:28.717509 Saved outputs in /submission/submission_Microsoft_training/closed/Microsoft/results/AMLFS-Durable-Premium-500-40TiB-3-Standard_D192ds_v6/training/unet3d/run/20260721_210954
[OUTPUT] Averaged metric over all steps/epochs
[METRIC] ==========================================================
[METRIC] Number of Simulated Accelerators: 3 
[METRIC] Training Accelerator Utilization [AU] (%): 98.1911 (0.0319)
[METRIC] Training Throughput (samples/second): 127.1970 (0.0416)
[METRIC] Training I/O Throughput (MiB/second): 17783.3130 (5.8117)
[METRIC] train_au_meet_expectation: success
[METRIC] ==========================================================

[OUTPUT] 2026-07-21T22:09:31.501350 outputs saved in RANKID_output.json
