[OUTPUT] [DEBUG DLIOBenchmark.__init__] After LoadConfig:
[OUTPUT]   storage_type   = <StorageType.LOCAL_FS: 'local_fs'>
[OUTPUT]   storage_root   = './'
[OUTPUT]   storage_options= None
[OUTPUT]   data_folder    = '/mnt/1010_7t/unet3d'
[OUTPUT]   framework      = <FrameworkType.PYTORCH: 'pytorch'>
[OUTPUT]   num_files_train= 14000
[OUTPUT]   record_length  = 146600628
[OUTPUT]   generate_data  = False
[OUTPUT]   do_train       = True
[OUTPUT]   do_checkpoint  = False
[OUTPUT]   epochs         = 5
[OUTPUT]   batch_size     = 7
[OUTPUT] 2026-07-12T12:52:23.103417 Running DLIO [Training] with 2 process(es)
[OUTPUT] 2026-07-12T12:52:23.126190 skip_listing [train]: validating 1,401 of 14,000 files (first, last, every 10) via HEAD requests ...
[OUTPUT] 2026-07-12T12:52:23.132374 skip_listing [train]:   140/1,401 checked (10%)  —  23124 checks/s  —  ETA 0s  —  0 failed so far
[OUTPUT] 2026-07-12T12:52:23.137399 skip_listing [train]:   280/1,401 checked (20%)  —  25272 checks/s  —  ETA 0s  —  0 failed so far
[OUTPUT] 2026-07-12T12:52:23.141968 skip_listing [train]:   420/1,401 checked (30%)  —  26840 checks/s  —  ETA 0s  —  0 failed so far
[OUTPUT] 2026-07-12T12:52:23.146301 skip_listing [train]:   560/1,401 checked (40%)  —  28025 checks/s  —  ETA 0s  —  0 failed so far
[OUTPUT] 2026-07-12T12:52:23.150733 skip_listing [train]:   700/1,401 checked (50%)  —  28672 checks/s  —  ETA 0s  —  0 failed so far
[OUTPUT] 2026-07-12T12:52:23.154802 skip_listing [train]:   840/1,401 checked (60%)  —  29491 checks/s  —  ETA 0s  —  0 failed so far
[OUTPUT] 2026-07-12T12:52:23.159114 skip_listing [train]:   980/1,401 checked (70%)  —  29882 checks/s  —  ETA 0s  —  0 failed so far
[OUTPUT] 2026-07-12T12:52:23.163167 skip_listing [train]:   1,120/1,401 checked (80%)  —  30395 checks/s  —  ETA 0s  —  0 failed so far
[OUTPUT] 2026-07-12T12:52:23.167344 skip_listing [train]:   1,260/1,401 checked (90%)  —  30713 checks/s  —  ETA 0s  —  0 failed so far
[OUTPUT] 2026-07-12T12:52:23.171354 skip_listing [train]:   1,400/1,401 checked (100%)  —  31087 checks/s  —  ETA 0s  —  0 failed so far
[OUTPUT] 2026-07-12T12:52:23.171373 skip_listing [train]: validation complete — all 1,401 samples exist (0.0s, 31096 checks/s); 7,000 URIs ready for rank 0 (14,000 total across all ranks)
[OUTPUT] 2026-07-12T12:52:23.171413 File listing [train]: 14000 files discovered, 7000 assigned to rank 0, completed in 0.06s
[OUTPUT] 2026-07-12T12:52:23.171438 skip_listing [valid]: generated 0 file URIs deterministically (0 total — validation disabled)
[OUTPUT] 2026-07-12T12:52:23.171457 File listing [valid]: 0 files discovered, 0 assigned to rank 0, completed in 0.00s
[OUTPUT] 2026-07-12T12:52:23.171470 Streamed file sharding: 14000 train files across 2 ranks via round-robin (rank 0 shard: 7000 files)
[OUTPUT] 2026-07-12T12:52:23.416208 Max steps per epoch per rank: 2000 = 1 * 14000 / 7 (samples per file * local files / batch size)
[OUTPUT] 2026-07-12T12:52:23.417873 Reshard for epoch 1: 7000 train files, 0 eval files redistributed via alltoall in 0.00s
[OUTPUT] 2026-07-12T12:52:24.493018 Worker pre-warm complete (4 workers spawned)
[OUTPUT] 2026-07-12T12:52:24.549423 Starting epoch 1: 1000 steps expected
[OUTPUT] 2026-07-12T12:52:24.549765 Starting block 1
[OUTPUT] 2026-07-12T12:55:09.850533 Ending block 1 - 1000 steps completed in 165.30 s
[OUTPUT] 2026-07-12T12:55:09.853285 Epoch 1 - Block 1 [Training] Accelerator Utilization [AU] (%): 98.4583
[OUTPUT] 2026-07-12T12:55:09.853314 Epoch 1 - Block 1 [Training] Throughput (samples/second): 85.0456
[OUTPUT] 2026-07-12T12:55:09.854255 Epoch 1 - Block 1 [Training] Computation time per step (second): 0.1621+/-0.0000 (set value: {'mean': 0.162})
[OUTPUT] 2026-07-12T12:55:09.855588 Ending epoch 1 - 1000 steps completed in 165.31 s
[OUTPUT] 2026-07-12T12:55:09.858478 Reshard for epoch 2: 7000 train files, 0 eval files redistributed via alltoall in 0.00s
[OUTPUT] 2026-07-12T12:55:10.542833 Worker pre-warm complete for epoch 2 (4 workers spawned)
[OUTPUT] 2026-07-12T12:55:10.824244 Starting epoch 2: 1000 steps expected
[OUTPUT] 2026-07-12T12:55:10.824604 Starting block 1
[OUTPUT] 2026-07-12T12:57:56.062927 Ending block 1 - 1000 steps completed in 165.24 s
[OUTPUT] 2026-07-12T12:57:56.064542 Epoch 2 - Block 1 [Training] Accelerator Utilization [AU] (%): 98.4415
[OUTPUT] 2026-07-12T12:57:56.064577 Epoch 2 - Block 1 [Training] Throughput (samples/second): 85.0232
[OUTPUT] 2026-07-12T12:57:56.064755 Epoch 2 - Block 1 [Training] Computation time per step (second): 0.1621+/-0.0000 (set value: {'mean': 0.162})
[OUTPUT] 2026-07-12T12:57:56.068380 Ending epoch 2 - 1000 steps completed in 165.24 s
[OUTPUT] 2026-07-12T12:57:56.071325 Reshard for epoch 3: 7000 train files, 0 eval files redistributed via alltoall in 0.00s
[OUTPUT] 2026-07-12T12:57:56.764402 Worker pre-warm complete for epoch 3 (4 workers spawned)
[OUTPUT] 2026-07-12T12:57:57.025563 Starting epoch 3: 1000 steps expected
[OUTPUT] 2026-07-12T12:57:57.025938 Starting block 1
[OUTPUT] 2026-07-12T13:00:42.140323 Ending block 1 - 1000 steps completed in 165.11 s
[OUTPUT] 2026-07-12T13:00:42.141660 Epoch 3 - Block 1 [Training] Accelerator Utilization [AU] (%): 98.5376
[OUTPUT] 2026-07-12T13:00:42.141698 Epoch 3 - Block 1 [Training] Throughput (samples/second): 85.1160
[OUTPUT] 2026-07-12T13:00:42.141843 Epoch 3 - Block 1 [Training] Computation time per step (second): 0.1621+/-0.0000 (set value: {'mean': 0.162})
[OUTPUT] 2026-07-12T13:00:42.143407 Ending epoch 3 - 1000 steps completed in 165.12 s
[OUTPUT] 2026-07-12T13:00:42.146566 Reshard for epoch 4: 7000 train files, 0 eval files redistributed via alltoall in 0.00s
[OUTPUT] 2026-07-12T13:00:42.807040 Worker pre-warm complete for epoch 4 (4 workers spawned)
[OUTPUT] 2026-07-12T13:00:43.069927 Starting epoch 4: 1000 steps expected
[OUTPUT] 2026-07-12T13:00:43.070269 Starting block 1
[OUTPUT] 2026-07-12T13:03:28.247046 Ending block 1 - 1000 steps completed in 165.18 s
[OUTPUT] 2026-07-12T13:03:28.248369 Epoch 4 - Block 1 [Training] Accelerator Utilization [AU] (%): 98.4882
[OUTPUT] 2026-07-12T13:03:28.248401 Epoch 4 - Block 1 [Training] Throughput (samples/second): 85.0697
[OUTPUT] 2026-07-12T13:03:28.248541 Epoch 4 - Block 1 [Training] Computation time per step (second): 0.1621+/-0.0000 (set value: {'mean': 0.162})
[OUTPUT] 2026-07-12T13:03:28.254634 Ending epoch 4 - 1000 steps completed in 165.18 s
[OUTPUT] 2026-07-12T13:03:28.257278 Reshard for epoch 5: 7000 train files, 0 eval files redistributed via alltoall in 0.00s
[OUTPUT] 2026-07-12T13:03:28.987015 Worker pre-warm complete for epoch 5 (4 workers spawned)
[OUTPUT] 2026-07-12T13:03:29.272530 Starting epoch 5: 1000 steps expected
[OUTPUT] 2026-07-12T13:03:29.273020 Starting block 1
[OUTPUT] 2026-07-12T13:06:14.685882 Ending block 1 - 1000 steps completed in 165.41 s
[OUTPUT] 2026-07-12T13:06:14.687088 Epoch 5 - Block 1 [Training] Accelerator Utilization [AU] (%): 98.4093
[OUTPUT] 2026-07-12T13:06:14.687235 Epoch 5 - Block 1 [Training] Throughput (samples/second): 85.0005
[OUTPUT] 2026-07-12T13:06:14.687411 Epoch 5 - Block 1 [Training] Computation time per step (second): 0.1621+/-0.0000 (set value: {'mean': 0.162})
[OUTPUT] 2026-07-12T13:06:14.689050 Ending epoch 5 - 1000 steps completed in 165.42 s
[OUTPUT] 2026-07-12T13:06:14.691645 Reshard for epoch 6: 7000 train files, 0 eval files redistributed via alltoall in 0.00s
[OUTPUT] 2026-07-12T13:06:15.586633 Worker pre-warm complete for epoch 6 (4 workers spawned)
[OUTPUT] 2026-07-12T13:06:15.621942 Saved outputs in /etc/cwp/log/workload/5961/2026-07-12-12-02-35-a5f102dd-85fc-4a65-88ba-af1cd4e619f6/results/closed/Solidigm/results/Solidigm_D7-PS1010_7TB_Gen5_NVMe_TLC/training/unet3d/run/20260712_125218
[OUTPUT] Averaged metric over all steps/epochs
[METRIC] ==========================================================
[METRIC] Number of Simulated Accelerators: 2 
[METRIC] Training Accelerator Utilization [AU] (%): 98.4562 (0.0643)
[METRIC] Training Throughput (samples/second): 85.0420 (0.0553)
[METRIC] Training I/O Throughput (MiB/second): 11889.6587 (7.7249)
[METRIC] train_au_meet_expectation: success
[METRIC] ==========================================================

[OUTPUT] 2026-07-12T13:06:15.631393 outputs saved in RANKID_output.json
