[OUTPUT] [DEBUG DLIOBenchmark.__init__] After LoadConfig:
[OUTPUT]   storage_type   = <StorageType.LOCAL_FS: 'local_fs'>
[OUTPUT]   storage_root   = './'
[OUTPUT]   storage_options= None
[OUTPUT]   data_folder    = '/mnt/alluxio/mlperf/unet3d'
[OUTPUT]   framework      = <FrameworkType.PYTORCH: 'pytorch'>
[OUTPUT]   num_files_train= 55500
[OUTPUT]   record_length  = 146600628
[OUTPUT]   generate_data  = False
[OUTPUT]   do_train       = True
[OUTPUT]   do_checkpoint  = False
[OUTPUT]   epochs         = 5
[OUTPUT]   batch_size     = 7
[OUTPUT] 2026-07-04T06:42:46.826869 Running DLIO [Training] with 8 process(es)
[OUTPUT] 2026-07-04T06:42:46.862063 skip_listing [train]: validating 55,500 of 55,500 files (first, last, every 1) via HEAD requests ...
[OUTPUT] 2026-07-04T06:42:47.795958 skip_listing [train]:   500/55,500 checked (1%)  —  535 checks/s  —  ETA 103s  —  0 failed so far
[OUTPUT] 2026-07-04T06:42:48.697692 skip_listing [train]:   1,000/55,500 checked (2%)  —  545 checks/s  —  ETA 100s  —  0 failed so far
[OUTPUT] 2026-07-04T06:42:49.581955 skip_listing [train]:   1,500/55,500 checked (3%)  —  552 checks/s  —  ETA 98s  —  0 failed so far
[OUTPUT] 2026-07-04T06:42:50.465284 skip_listing [train]:   2,000/55,500 checked (4%)  —  555 checks/s  —  ETA 96s  —  0 failed so far
[OUTPUT] 2026-07-04T06:42:51.355811 skip_listing [train]:   2,500/55,500 checked (5%)  —  556 checks/s  —  ETA 95s  —  0 failed so far
[OUTPUT] 2026-07-04T06:42:52.199412 skip_listing [train]:   3,000/55,500 checked (5%)  —  562 checks/s  —  ETA 93s  —  0 failed so far
[OUTPUT] 2026-07-04T06:42:53.047693 skip_listing [train]:   3,500/55,500 checked (6%)  —  566 checks/s  —  ETA 92s  —  0 failed so far
[OUTPUT] 2026-07-04T06:42:53.966191 skip_listing [train]:   4,000/55,500 checked (7%)  —  563 checks/s  —  ETA 91s  —  0 failed so far
[OUTPUT] 2026-07-04T06:42:54.901723 skip_listing [train]:   4,500/55,500 checked (8%)  —  560 checks/s  —  ETA 91s  —  0 failed so far
[OUTPUT] 2026-07-04T06:42:55.824387 skip_listing [train]:   5,000/55,500 checked (9%)  —  558 checks/s  —  ETA 91s  —  0 failed so far
[OUTPUT] 2026-07-04T06:42:56.732568 skip_listing [train]:   5,500/55,500 checked (10%)  —  557 checks/s  —  ETA 90s  —  0 failed so far
[OUTPUT] 2026-07-04T06:42:57.654454 skip_listing [train]:   6,000/55,500 checked (11%)  —  556 checks/s  —  ETA 89s  —  0 failed so far
[OUTPUT] 2026-07-04T06:42:58.583971 skip_listing [train]:   6,500/55,500 checked (12%)  —  555 checks/s  —  ETA 88s  —  0 failed so far
[OUTPUT] 2026-07-04T06:42:59.493512 skip_listing [train]:   7,000/55,500 checked (13%)  —  554 checks/s  —  ETA 88s  —  0 failed so far
[OUTPUT] 2026-07-04T06:43:00.364667 skip_listing [train]:   7,500/55,500 checked (14%)  —  555 checks/s  —  ETA 86s  —  0 failed so far
[OUTPUT] 2026-07-04T06:43:01.232249 skip_listing [train]:   8,000/55,500 checked (14%)  —  557 checks/s  —  ETA 85s  —  0 failed so far
[OUTPUT] 2026-07-04T06:43:02.094696 skip_listing [train]:   8,500/55,500 checked (15%)  —  558 checks/s  —  ETA 84s  —  0 failed so far
[OUTPUT] 2026-07-04T06:43:02.889190 skip_listing [train]:   9,000/55,500 checked (16%)  —  562 checks/s  —  ETA 83s  —  0 failed so far
[OUTPUT] 2026-07-04T06:43:03.808012 skip_listing [train]:   9,500/55,500 checked (17%)  —  561 checks/s  —  ETA 82s  —  0 failed so far
[OUTPUT] 2026-07-04T06:43:04.731572 skip_listing [train]:   10,000/55,500 checked (18%)  —  560 checks/s  —  ETA 81s  —  0 failed so far
[OUTPUT] 2026-07-04T06:43:05.642930 skip_listing [train]:   10,500/55,500 checked (19%)  —  559 checks/s  —  ETA 80s  —  0 failed so far
[OUTPUT] 2026-07-04T06:43:06.549068 skip_listing [train]:   11,000/55,500 checked (20%)  —  559 checks/s  —  ETA 80s  —  0 failed so far
[OUTPUT] 2026-07-04T06:43:07.470952 skip_listing [train]:   11,500/55,500 checked (21%)  —  558 checks/s  —  ETA 79s  —  0 failed so far
[OUTPUT] 2026-07-04T06:43:08.378279 skip_listing [train]:   12,000/55,500 checked (22%)  —  558 checks/s  —  ETA 78s  —  0 failed so far
[OUTPUT] 2026-07-04T06:43:09.283592 skip_listing [train]:   12,500/55,500 checked (23%)  —  558 checks/s  —  ETA 77s  —  0 failed so far
[OUTPUT] 2026-07-04T06:43:10.172196 skip_listing [train]:   13,000/55,500 checked (23%)  —  558 checks/s  —  ETA 76s  —  0 failed so far
[OUTPUT] 2026-07-04T06:43:11.077386 skip_listing [train]:   13,500/55,500 checked (24%)  —  558 checks/s  —  ETA 75s  —  0 failed so far
[OUTPUT] 2026-07-04T06:43:11.988175 skip_listing [train]:   14,000/55,500 checked (25%)  —  557 checks/s  —  ETA 74s  —  0 failed so far
[OUTPUT] 2026-07-04T06:43:12.860587 skip_listing [train]:   14,500/55,500 checked (26%)  —  558 checks/s  —  ETA 74s  —  0 failed so far
[OUTPUT] 2026-07-04T06:43:13.708674 skip_listing [train]:   15,000/55,500 checked (27%)  —  559 checks/s  —  ETA 72s  —  0 failed so far
[OUTPUT] 2026-07-04T06:43:14.623451 skip_listing [train]:   15,500/55,500 checked (28%)  —  558 checks/s  —  ETA 72s  —  0 failed so far
[OUTPUT] 2026-07-04T06:43:15.492010 skip_listing [train]:   16,000/55,500 checked (29%)  —  559 checks/s  —  ETA 71s  —  0 failed so far
[OUTPUT] 2026-07-04T06:43:16.417720 skip_listing [train]:   16,500/55,500 checked (30%)  —  558 checks/s  —  ETA 70s  —  0 failed so far
[OUTPUT] 2026-07-04T06:43:17.315727 skip_listing [train]:   17,000/55,500 checked (31%)  —  558 checks/s  —  ETA 69s  —  0 failed so far
[OUTPUT] 2026-07-04T06:43:18.225685 skip_listing [train]:   17,500/55,500 checked (32%)  —  558 checks/s  —  ETA 68s  —  0 failed so far
[OUTPUT] 2026-07-04T06:43:19.134171 skip_listing [train]:   18,000/55,500 checked (32%)  —  558 checks/s  —  ETA 67s  —  0 failed so far
[OUTPUT] 2026-07-04T06:43:20.032897 skip_listing [train]:   18,500/55,500 checked (33%)  —  558 checks/s  —  ETA 66s  —  0 failed so far
[OUTPUT] 2026-07-04T06:43:20.955874 skip_listing [train]:   19,000/55,500 checked (34%)  —  557 checks/s  —  ETA 65s  —  0 failed so far
[OUTPUT] 2026-07-04T06:43:21.862132 skip_listing [train]:   19,500/55,500 checked (35%)  —  557 checks/s  —  ETA 65s  —  0 failed so far
[OUTPUT] 2026-07-04T06:43:22.769455 skip_listing [train]:   20,000/55,500 checked (36%)  —  557 checks/s  —  ETA 64s  —  0 failed so far
[OUTPUT] 2026-07-04T06:43:23.538427 skip_listing [train]:   20,500/55,500 checked (37%)  —  559 checks/s  —  ETA 63s  —  0 failed so far
[OUTPUT] 2026-07-04T06:43:24.400375 skip_listing [train]:   21,000/55,500 checked (38%)  —  559 checks/s  —  ETA 62s  —  0 failed so far
[OUTPUT] 2026-07-04T06:43:25.305319 skip_listing [train]:   21,500/55,500 checked (39%)  —  559 checks/s  —  ETA 61s  —  0 failed so far
[OUTPUT] 2026-07-04T06:43:26.214801 skip_listing [train]:   22,000/55,500 checked (40%)  —  559 checks/s  —  ETA 60s  —  0 failed so far
[OUTPUT] 2026-07-04T06:43:27.107084 skip_listing [train]:   22,500/55,500 checked (41%)  —  559 checks/s  —  ETA 59s  —  0 failed so far
[OUTPUT] 2026-07-04T06:43:28.000802 skip_listing [train]:   23,000/55,500 checked (41%)  —  559 checks/s  —  ETA 58s  —  0 failed so far
[OUTPUT] 2026-07-04T06:43:28.889457 skip_listing [train]:   23,500/55,500 checked (42%)  —  559 checks/s  —  ETA 57s  —  0 failed so far
[OUTPUT] 2026-07-04T06:43:29.774171 skip_listing [train]:   24,000/55,500 checked (43%)  —  559 checks/s  —  ETA 56s  —  0 failed so far
[OUTPUT] 2026-07-04T06:43:30.664748 skip_listing [train]:   24,500/55,500 checked (44%)  —  559 checks/s  —  ETA 55s  —  0 failed so far
[OUTPUT] 2026-07-04T06:43:31.566005 skip_listing [train]:   25,000/55,500 checked (45%)  —  559 checks/s  —  ETA 55s  —  0 failed so far
[OUTPUT] 2026-07-04T06:43:32.480045 skip_listing [train]:   25,500/55,500 checked (46%)  —  559 checks/s  —  ETA 54s  —  0 failed so far
[OUTPUT] 2026-07-04T06:43:33.393704 skip_listing [train]:   26,000/55,500 checked (47%)  —  559 checks/s  —  ETA 53s  —  0 failed so far
[OUTPUT] 2026-07-04T06:43:34.175517 skip_listing [train]:   26,500/55,500 checked (48%)  —  560 checks/s  —  ETA 52s  —  0 failed so far
[OUTPUT] 2026-07-04T06:43:35.043733 skip_listing [train]:   27,000/55,500 checked (49%)  —  560 checks/s  —  ETA 51s  —  0 failed so far
[OUTPUT] 2026-07-04T06:43:35.939884 skip_listing [train]:   27,500/55,500 checked (50%)  —  560 checks/s  —  ETA 50s  —  0 failed so far
[OUTPUT] 2026-07-04T06:43:36.833594 skip_listing [train]:   28,000/55,500 checked (50%)  —  560 checks/s  —  ETA 49s  —  0 failed so far
[OUTPUT] 2026-07-04T06:43:37.741150 skip_listing [train]:   28,500/55,500 checked (51%)  —  560 checks/s  —  ETA 48s  —  0 failed so far
[OUTPUT] 2026-07-04T06:43:38.653063 skip_listing [train]:   29,000/55,500 checked (52%)  —  560 checks/s  —  ETA 47s  —  0 failed so far
[OUTPUT] 2026-07-04T06:43:39.551062 skip_listing [train]:   29,500/55,500 checked (53%)  —  560 checks/s  —  ETA 46s  —  0 failed so far
[OUTPUT] 2026-07-04T06:43:40.471728 skip_listing [train]:   30,000/55,500 checked (54%)  —  560 checks/s  —  ETA 46s  —  0 failed so far
[OUTPUT] 2026-07-04T06:43:41.399193 skip_listing [train]:   30,500/55,500 checked (55%)  —  559 checks/s  —  ETA 45s  —  0 failed so far
[OUTPUT] 2026-07-04T06:43:42.307844 skip_listing [train]:   31,000/55,500 checked (56%)  —  559 checks/s  —  ETA 44s  —  0 failed so far
[OUTPUT] 2026-07-04T06:43:43.230497 skip_listing [train]:   31,500/55,500 checked (57%)  —  559 checks/s  —  ETA 43s  —  0 failed so far
[OUTPUT] 2026-07-04T06:43:44.139469 skip_listing [train]:   32,000/55,500 checked (58%)  —  559 checks/s  —  ETA 42s  —  0 failed so far
[OUTPUT] 2026-07-04T06:43:44.956563 skip_listing [train]:   32,500/55,500 checked (59%)  —  559 checks/s  —  ETA 41s  —  0 failed so far
[OUTPUT] 2026-07-04T06:43:45.867697 skip_listing [train]:   33,000/55,500 checked (59%)  —  559 checks/s  —  ETA 40s  —  0 failed so far
[OUTPUT] 2026-07-04T06:43:46.780082 skip_listing [train]:   33,500/55,500 checked (60%)  —  559 checks/s  —  ETA 39s  —  0 failed so far
[OUTPUT] 2026-07-04T06:43:47.688218 skip_listing [train]:   34,000/55,500 checked (61%)  —  559 checks/s  —  ETA 38s  —  0 failed so far
[OUTPUT] 2026-07-04T06:43:48.598181 skip_listing [train]:   34,500/55,500 checked (62%)  —  559 checks/s  —  ETA 38s  —  0 failed so far
[OUTPUT] 2026-07-04T06:43:49.511705 skip_listing [train]:   35,000/55,500 checked (63%)  —  559 checks/s  —  ETA 37s  —  0 failed so far
[OUTPUT] 2026-07-04T06:43:50.425823 skip_listing [train]:   35,500/55,500 checked (64%)  —  558 checks/s  —  ETA 36s  —  0 failed so far
[OUTPUT] 2026-07-04T06:43:51.350145 skip_listing [train]:   36,000/55,500 checked (65%)  —  558 checks/s  —  ETA 35s  —  0 failed so far
[OUTPUT] 2026-07-04T06:43:52.276875 skip_listing [train]:   36,500/55,500 checked (66%)  —  558 checks/s  —  ETA 34s  —  0 failed so far
[OUTPUT] 2026-07-04T06:43:53.177991 skip_listing [train]:   37,000/55,500 checked (67%)  —  558 checks/s  —  ETA 33s  —  0 failed so far
[OUTPUT] 2026-07-04T06:43:54.083183 skip_listing [train]:   37,500/55,500 checked (68%)  —  558 checks/s  —  ETA 32s  —  0 failed so far
[OUTPUT] 2026-07-04T06:43:54.908922 skip_listing [train]:   38,000/55,500 checked (68%)  —  558 checks/s  —  ETA 31s  —  0 failed so far
[OUTPUT] 2026-07-04T06:43:55.789390 skip_listing [train]:   38,500/55,500 checked (69%)  —  559 checks/s  —  ETA 30s  —  0 failed so far
[OUTPUT] 2026-07-04T06:43:56.699259 skip_listing [train]:   39,000/55,500 checked (70%)  —  558 checks/s  —  ETA 30s  —  0 failed so far
[OUTPUT] 2026-07-04T06:43:57.613019 skip_listing [train]:   39,500/55,500 checked (71%)  —  558 checks/s  —  ETA 29s  —  0 failed so far
[OUTPUT] 2026-07-04T06:43:58.530152 skip_listing [train]:   40,000/55,500 checked (72%)  —  558 checks/s  —  ETA 28s  —  0 failed so far
[OUTPUT] 2026-07-04T06:43:59.428484 skip_listing [train]:   40,500/55,500 checked (73%)  —  558 checks/s  —  ETA 27s  —  0 failed so far
[OUTPUT] 2026-07-04T06:44:00.329581 skip_listing [train]:   41,000/55,500 checked (74%)  —  558 checks/s  —  ETA 26s  —  0 failed so far
[OUTPUT] 2026-07-04T06:44:01.254386 skip_listing [train]:   41,500/55,500 checked (75%)  —  558 checks/s  —  ETA 25s  —  0 failed so far
[OUTPUT] 2026-07-04T06:44:02.172974 skip_listing [train]:   42,000/55,500 checked (76%)  —  558 checks/s  —  ETA 24s  —  0 failed so far
[OUTPUT] 2026-07-04T06:44:03.088267 skip_listing [train]:   42,500/55,500 checked (77%)  —  558 checks/s  —  ETA 23s  —  0 failed so far
[OUTPUT] 2026-07-04T06:44:04.008776 skip_listing [train]:   43,000/55,500 checked (77%)  —  557 checks/s  —  ETA 22s  —  0 failed so far
[OUTPUT] 2026-07-04T06:44:04.904296 skip_listing [train]:   43,500/55,500 checked (78%)  —  557 checks/s  —  ETA 22s  —  0 failed so far
[OUTPUT] 2026-07-04T06:44:05.712028 skip_listing [train]:   44,000/55,500 checked (79%)  —  558 checks/s  —  ETA 21s  —  0 failed so far
[OUTPUT] 2026-07-04T06:44:06.643942 skip_listing [train]:   44,500/55,500 checked (80%)  —  558 checks/s  —  ETA 20s  —  0 failed so far
[OUTPUT] 2026-07-04T06:44:07.560886 skip_listing [train]:   45,000/55,500 checked (81%)  —  558 checks/s  —  ETA 19s  —  0 failed so far
[OUTPUT] 2026-07-04T06:44:08.469721 skip_listing [train]:   45,500/55,500 checked (82%)  —  558 checks/s  —  ETA 18s  —  0 failed so far
[OUTPUT] 2026-07-04T06:44:09.374445 skip_listing [train]:   46,000/55,500 checked (83%)  —  557 checks/s  —  ETA 17s  —  0 failed so far
[OUTPUT] 2026-07-04T06:44:10.281124 skip_listing [train]:   46,500/55,500 checked (84%)  —  557 checks/s  —  ETA 16s  —  0 failed so far
[OUTPUT] 2026-07-04T06:44:11.178329 skip_listing [train]:   47,000/55,500 checked (85%)  —  557 checks/s  —  ETA 15s  —  0 failed so far
[OUTPUT] 2026-07-04T06:44:12.074423 skip_listing [train]:   47,500/55,500 checked (86%)  —  557 checks/s  —  ETA 14s  —  0 failed so far
[OUTPUT] 2026-07-04T06:44:12.974603 skip_listing [train]:   48,000/55,500 checked (86%)  —  557 checks/s  —  ETA 13s  —  0 failed so far
[OUTPUT] 2026-07-04T06:44:13.863131 skip_listing [train]:   48,500/55,500 checked (87%)  —  557 checks/s  —  ETA 13s  —  0 failed so far
[OUTPUT] 2026-07-04T06:44:14.765410 skip_listing [train]:   49,000/55,500 checked (88%)  —  557 checks/s  —  ETA 12s  —  0 failed so far
[OUTPUT] 2026-07-04T06:44:15.579605 skip_listing [train]:   49,500/55,500 checked (89%)  —  558 checks/s  —  ETA 11s  —  0 failed so far
[OUTPUT] 2026-07-04T06:44:16.444166 skip_listing [train]:   50,000/55,500 checked (90%)  —  558 checks/s  —  ETA 10s  —  0 failed so far
[OUTPUT] 2026-07-04T06:44:17.332533 skip_listing [train]:   50,500/55,500 checked (91%)  —  558 checks/s  —  ETA 9s  —  0 failed so far
[OUTPUT] 2026-07-04T06:44:18.238590 skip_listing [train]:   51,000/55,500 checked (92%)  —  558 checks/s  —  ETA 8s  —  0 failed so far
[OUTPUT] 2026-07-04T06:44:19.144256 skip_listing [train]:   51,500/55,500 checked (93%)  —  558 checks/s  —  ETA 7s  —  0 failed so far
[OUTPUT] 2026-07-04T06:44:20.042372 skip_listing [train]:   52,000/55,500 checked (94%)  —  558 checks/s  —  ETA 6s  —  0 failed so far
[OUTPUT] 2026-07-04T06:44:20.945582 skip_listing [train]:   52,500/55,500 checked (95%)  —  558 checks/s  —  ETA 5s  —  0 failed so far
[OUTPUT] 2026-07-04T06:44:21.847081 skip_listing [train]:   53,000/55,500 checked (95%)  —  558 checks/s  —  ETA 4s  —  0 failed so far
[OUTPUT] 2026-07-04T06:44:22.750122 skip_listing [train]:   53,500/55,500 checked (96%)  —  558 checks/s  —  ETA 4s  —  0 failed so far
[OUTPUT] 2026-07-04T06:44:23.654696 skip_listing [train]:   54,000/55,500 checked (97%)  —  558 checks/s  —  ETA 3s  —  0 failed so far
[OUTPUT] 2026-07-04T06:44:24.556208 skip_listing [train]:   54,500/55,500 checked (98%)  —  558 checks/s  —  ETA 2s  —  0 failed so far
[OUTPUT] 2026-07-04T06:44:25.438038 skip_listing [train]:   55,000/55,500 checked (99%)  —  558 checks/s  —  ETA 1s  —  0 failed so far
[OUTPUT] 2026-07-04T06:44:26.159582 skip_listing [train]: validation complete — all 55,500 samples exist (99.3s, 559 checks/s); 6,938 URIs ready for rank 0 (55,500 total across all ranks)
[OUTPUT] 2026-07-04T06:44:26.160164 File listing [train]: 55500 files discovered, 6937 assigned to rank 0, completed in 99.33s
[OUTPUT] 2026-07-04T06:44:26.160276 skip_listing [valid]: generated 0 file URIs deterministically (0 total — validation disabled)
[OUTPUT] 2026-07-04T06:44:26.160328 File listing [valid]: 0 files discovered, 0 assigned to rank 0, completed in 0.00s
[OUTPUT] 2026-07-04T06:44:26.160363 Streamed file sharding: 55500 train files across 8 ranks via round-robin (rank 0 shard: 6937 files)
[OUTPUT] 2026-07-04T06:44:26.173354 Max steps per epoch per rank: 7928 = 1 * 55500 / 7 (samples per file * local files / batch size)
[OUTPUT] 2026-07-04T06:44:26.179722 Reshard for epoch 1: 6937 train files, 0 eval files redistributed via alltoall in 0.01s
[OUTPUT] 2026-07-04T06:44:31.596891 Worker pre-warm complete (24 workers spawned)
[OUTPUT] 2026-07-04T06:45:12.339576 Starting epoch 1: 991 steps expected
[OUTPUT] 2026-07-04T06:45:12.340025 Starting block 1
[OUTPUT] 2026-07-04T06:48:06.716238 Ending block 1 - 991 steps completed in 174.38 s
[OUTPUT] 2026-07-04T06:48:06.736313 Epoch 1 - Block 1 [Training] Accelerator Utilization [AU] (%): 93.8631
[OUTPUT] 2026-07-04T06:48:06.736489 Epoch 1 - Block 1 [Training] Throughput (samples/second): 324.2109
[OUTPUT] 2026-07-04T06:48:06.738882 Epoch 1 - Block 1 [Training] Computation time per step (second): 0.1621+/-0.0002 (set value: {'mean': 0.162})
[OUTPUT] 2026-07-04T06:48:06.741204 Ending epoch 1 - 991 steps completed in 174.40 s
[OUTPUT] 2026-07-04T06:48:06.749786 Reshard for epoch 2: 6937 train files, 0 eval files redistributed via alltoall in 0.01s
[OUTPUT] 2026-07-04T06:48:12.300488 Worker pre-warm complete for epoch 2 (24 workers spawned)
[OUTPUT] 2026-07-04T06:48:51.638482 Starting epoch 2: 991 steps expected
[OUTPUT] 2026-07-04T06:48:51.638868 Starting block 1
[OUTPUT] 2026-07-04T06:51:47.121349 Ending block 1 - 991 steps completed in 175.48 s
[OUTPUT] 2026-07-04T06:51:47.124116 Epoch 2 - Block 1 [Training] Accelerator Utilization [AU] (%): 93.4779
[OUTPUT] 2026-07-04T06:51:47.124272 Epoch 2 - Block 1 [Training] Throughput (samples/second): 322.8988
[OUTPUT] 2026-07-04T06:51:47.124668 Epoch 2 - Block 1 [Training] Computation time per step (second): 0.1621+/-0.0001 (set value: {'mean': 0.162})
[OUTPUT] 2026-07-04T06:51:47.132278 Ending epoch 2 - 991 steps completed in 175.49 s
[OUTPUT] 2026-07-04T06:51:47.152602 Reshard for epoch 3: 6937 train files, 0 eval files redistributed via alltoall in 0.02s
[OUTPUT] 2026-07-04T06:51:51.355156 Worker pre-warm complete for epoch 3 (24 workers spawned)
[OUTPUT] 2026-07-04T06:52:31.191944 Starting epoch 3: 991 steps expected
[OUTPUT] 2026-07-04T06:52:31.192307 Starting block 1
[OUTPUT] 2026-07-04T06:55:26.545435 Ending block 1 - 991 steps completed in 175.35 s
[OUTPUT] 2026-07-04T06:55:26.548656 Epoch 3 - Block 1 [Training] Accelerator Utilization [AU] (%): 93.2556
[OUTPUT] 2026-07-04T06:55:26.548735 Epoch 3 - Block 1 [Training] Throughput (samples/second): 322.1337
[OUTPUT] 2026-07-04T06:55:26.549020 Epoch 3 - Block 1 [Training] Computation time per step (second): 0.1621+/-0.0001 (set value: {'mean': 0.162})
[OUTPUT] 2026-07-04T06:55:26.553350 Ending epoch 3 - 991 steps completed in 175.36 s
[OUTPUT] 2026-07-04T06:55:26.563670 Reshard for epoch 4: 6937 train files, 0 eval files redistributed via alltoall in 0.01s
[OUTPUT] 2026-07-04T06:55:31.658710 Worker pre-warm complete for epoch 4 (24 workers spawned)
[OUTPUT] 2026-07-04T06:56:10.960800 Starting epoch 4: 991 steps expected
[OUTPUT] 2026-07-04T06:56:10.961219 Starting block 1
[OUTPUT] 2026-07-04T06:59:06.852807 Ending block 1 - 991 steps completed in 175.89 s
[OUTPUT] 2026-07-04T06:59:06.856067 Epoch 4 - Block 1 [Training] Accelerator Utilization [AU] (%): 93.0511
[OUTPUT] 2026-07-04T06:59:06.856231 Epoch 4 - Block 1 [Training] Throughput (samples/second): 321.4002
[OUTPUT] 2026-07-04T06:59:06.856630 Epoch 4 - Block 1 [Training] Computation time per step (second): 0.1621+/-0.0001 (set value: {'mean': 0.162})
[OUTPUT] 2026-07-04T06:59:06.860925 Ending epoch 4 - 991 steps completed in 175.90 s
[OUTPUT] 2026-07-04T06:59:06.874492 Reshard for epoch 5: 6937 train files, 0 eval files redistributed via alltoall in 0.01s
[OUTPUT] 2026-07-04T06:59:12.347264 Worker pre-warm complete for epoch 5 (24 workers spawned)
[OUTPUT] 2026-07-04T06:59:52.109650 Starting epoch 5: 991 steps expected
[OUTPUT] 2026-07-04T06:59:52.110061 Starting block 1
[OUTPUT] 2026-07-04T07:02:47.259840 Ending block 1 - 991 steps completed in 175.15 s
[OUTPUT] 2026-07-04T07:02:47.263061 Epoch 5 - Block 1 [Training] Accelerator Utilization [AU] (%): 93.3389
[OUTPUT] 2026-07-04T07:02:47.263225 Epoch 5 - Block 1 [Training] Throughput (samples/second): 322.3704
[OUTPUT] 2026-07-04T07:02:47.263735 Epoch 5 - Block 1 [Training] Computation time per step (second): 0.1621+/-0.0002 (set value: {'mean': 0.162})
[OUTPUT] 2026-07-04T07:02:47.281637 Ending epoch 5 - 991 steps completed in 175.17 s
[OUTPUT] 2026-07-04T07:02:47.291592 Reshard for epoch 6: 6937 train files, 0 eval files redistributed via alltoall in 0.01s
[OUTPUT] 2026-07-04T07:02:52.407632 Worker pre-warm complete for epoch 6 (24 workers spawned)
[OUTPUT] 2026-07-04T07:02:52.880190 Saved outputs in /home/ubuntu/mlps_na8/closed/Alluxio/results/aws_c5n18xlarge_i3en24xlarge_8c_10s_8a/training/unet3d/run/20260704_064222
[OUTPUT] Averaged metric over all steps/epochs
[METRIC] ==========================================================
[METRIC] Number of Simulated Accelerators: 8 
[METRIC] Training Accelerator Utilization [AU] (%): 92.5209 (0.3415)
[METRIC] Training Throughput (samples/second): 319.5723 (1.1813)
[METRIC] Training I/O Throughput (MiB/second): 44679.1658 (165.1595)
[METRIC] train_au_meet_expectation: success
[METRIC] ==========================================================

[OUTPUT] 2026-07-04T07:02:52.902210 outputs saved in RANKID_output.json
