[OUTPUT] [DEBUG DLIOBenchmark.__init__] After LoadConfig:
[OUTPUT]   storage_type   = <StorageType.LOCAL_FS: 'local_fs'>
[OUTPUT]   storage_root   = './'
[OUTPUT]   storage_options= None
[OUTPUT]   data_folder    = '/mlperf-storage/mlpstorage_run/unet3d_data/unet3d'
[OUTPUT]   framework      = <FrameworkType.PYTORCH: 'pytorch'>
[OUTPUT]   num_files_train= 84375
[OUTPUT]   record_length  = 146600628
[OUTPUT]   generate_data  = False
[OUTPUT]   do_train       = True
[OUTPUT]   do_checkpoint  = False
[OUTPUT]   epochs         = 5
[OUTPUT]   batch_size     = 7
[OUTPUT] 2026-07-21T19:08:58.904139 Running DLIO [Training] with 3 process(es)
[OUTPUT] 2026-07-21T19:08:59.135865 skip_listing [train]: validating 8,439 of 84,375 files (first, last, every 10) via HEAD requests ...
[OUTPUT] 2026-07-21T19:08:59.419902 skip_listing [train]:   500/8,439 checked (6%)  —  1761 checks/s  —  ETA 5s  —  0 failed so far
[OUTPUT] 2026-07-21T19:08:59.698024 skip_listing [train]:   1,000/8,439 checked (12%)  —  1779 checks/s  —  ETA 4s  —  0 failed so far
[OUTPUT] 2026-07-21T19:08:59.975951 skip_listing [train]:   1,500/8,439 checked (18%)  —  1786 checks/s  —  ETA 4s  —  0 failed so far
[OUTPUT] 2026-07-21T19:09:00.256678 skip_listing [train]:   2,000/8,439 checked (24%)  —  1785 checks/s  —  ETA 4s  —  0 failed so far
[OUTPUT] 2026-07-21T19:09:00.549031 skip_listing [train]:   2,500/8,439 checked (30%)  —  1769 checks/s  —  ETA 3s  —  0 failed so far
[OUTPUT] 2026-07-21T19:09:00.834873 skip_listing [train]:   3,000/8,439 checked (36%)  —  1766 checks/s  —  ETA 3s  —  0 failed so far
[OUTPUT] 2026-07-21T19:09:01.126838 skip_listing [train]:   3,500/8,439 checked (41%)  —  1758 checks/s  —  ETA 3s  —  0 failed so far
[OUTPUT] 2026-07-21T19:09:01.416702 skip_listing [train]:   4,000/8,439 checked (47%)  —  1754 checks/s  —  ETA 3s  —  0 failed so far
[OUTPUT] 2026-07-21T19:09:01.703350 skip_listing [train]:   4,500/8,439 checked (53%)  —  1753 checks/s  —  ETA 2s  —  0 failed so far
[OUTPUT] 2026-07-21T19:09:01.989651 skip_listing [train]:   5,000/8,439 checked (59%)  —  1752 checks/s  —  ETA 2s  —  0 failed so far
[OUTPUT] 2026-07-21T19:09:02.434061 skip_listing [train]:   5,500/8,439 checked (65%)  —  1668 checks/s  —  ETA 2s  —  0 failed so far
[OUTPUT] 2026-07-21T19:09:02.717703 skip_listing [train]:   6,000/8,439 checked (71%)  —  1675 checks/s  —  ETA 1s  —  0 failed so far
[OUTPUT] 2026-07-21T19:09:03.003626 skip_listing [train]:   6,500/8,439 checked (77%)  —  1681 checks/s  —  ETA 1s  —  0 failed so far
[OUTPUT] 2026-07-21T19:09:03.295340 skip_listing [train]:   7,000/8,439 checked (83%)  —  1683 checks/s  —  ETA 1s  —  0 failed so far
[OUTPUT] 2026-07-21T19:09:03.584917 skip_listing [train]:   7,500/8,439 checked (89%)  —  1686 checks/s  —  ETA 1s  —  0 failed so far
[OUTPUT] 2026-07-21T19:09:03.875834 skip_listing [train]:   8,000/8,439 checked (95%)  —  1688 checks/s  —  ETA 0s  —  0 failed so far
[OUTPUT] 2026-07-21T19:09:04.130733 skip_listing [train]: validation complete — all 8,439 samples exist (5.0s, 1690 checks/s); 28,125 URIs ready for rank 0 (84,375 total across all ranks)
[OUTPUT] 2026-07-21T19:09:04.263900 File listing [train]: 84375 files discovered, 28125 assigned to rank 0, completed in 5.18s
[OUTPUT] 2026-07-21T19:09:04.264005 skip_listing [valid]: generated 0 file URIs deterministically (0 total — validation disabled)
[OUTPUT] 2026-07-21T19:09:04.264068 File listing [valid]: 0 files discovered, 0 assigned to rank 0, completed in 0.00s
[OUTPUT] 2026-07-21T19:09:04.264100 Streamed file sharding: 84375 train files across 3 ranks via round-robin (rank 0 shard: 28125 files)
[OUTPUT] 2026-07-21T19:09:04.835955 Max steps per epoch per rank: 12053 = 1 * 84375 / 7 (samples per file * local files / batch size)
[OUTPUT] 2026-07-21T19:09:04.856521 Reshard for epoch 1: 28125 train files, 0 eval files redistributed via alltoall in 0.02s
[OUTPUT] 2026-07-21T19:09:22.681947 Worker pre-warm complete (96 workers spawned)
[OUTPUT] 2026-07-21T19:09:23.341081 Starting epoch 1: 4017 steps expected
[OUTPUT] 2026-07-21T19:09:23.341394 Starting block 1
[OUTPUT] 2026-07-21T19:20:39.802580 Ending block 1 - 4017 steps completed in 676.46 s
[OUTPUT] 2026-07-21T19:20:39.971521 Epoch 1 - Block 1 [Training] Accelerator Utilization [AU] (%): 98.4704
[OUTPUT] 2026-07-21T19:20:39.971603 Epoch 1 - Block 1 [Training] Throughput (samples/second): 127.5591
[OUTPUT] 2026-07-21T19:20:39.972944 Epoch 1 - Block 1 [Training] Computation time per step (second): 0.1621+/-0.0000 (set value: {'mean': 0.162})
[OUTPUT] 2026-07-21T19:20:39.974036 Ending epoch 1 - 4017 steps completed in 676.63 s
[OUTPUT] 2026-07-21T19:20:39.992433 Reshard for epoch 2: 28125 train files, 0 eval files redistributed via alltoall in 0.02s
[OUTPUT] 2026-07-21T19:20:57.201885 Worker pre-warm complete for epoch 2 (96 workers spawned)
[OUTPUT] 2026-07-21T19:20:58.908973 Starting epoch 2: 4017 steps expected
[OUTPUT] 2026-07-21T19:20:58.909353 Starting block 1
[OUTPUT] 2026-07-21T19:32:15.847418 Ending block 1 - 4017 steps completed in 676.94 s
[OUTPUT] 2026-07-21T19:32:16.010580 Epoch 2 - Block 1 [Training] Accelerator Utilization [AU] (%): 98.4244
[OUTPUT] 2026-07-21T19:32:16.010653 Epoch 2 - Block 1 [Training] Throughput (samples/second): 127.4965
[OUTPUT] 2026-07-21T19:32:16.011125 Epoch 2 - Block 1 [Training] Computation time per step (second): 0.1621+/-0.0000 (set value: {'mean': 0.162})
[OUTPUT] 2026-07-21T19:32:16.012256 Ending epoch 2 - 4017 steps completed in 677.10 s
[OUTPUT] 2026-07-21T19:32:16.035006 Reshard for epoch 3: 28125 train files, 0 eval files redistributed via alltoall in 0.02s
[OUTPUT] 2026-07-21T19:32:33.034871 Worker pre-warm complete for epoch 3 (96 workers spawned)
[OUTPUT] 2026-07-21T19:32:34.952665 Starting epoch 3: 4017 steps expected
[OUTPUT] 2026-07-21T19:32:34.953104 Starting block 1
[OUTPUT] 2026-07-21T19:43:51.753522 Ending block 1 - 4017 steps completed in 676.80 s
[OUTPUT] 2026-07-21T19:43:51.916145 Epoch 3 - Block 1 [Training] Accelerator Utilization [AU] (%): 98.4407
[OUTPUT] 2026-07-21T19:43:51.916225 Epoch 3 - Block 1 [Training] Throughput (samples/second): 127.5209
[OUTPUT] 2026-07-21T19:43:51.916596 Epoch 3 - Block 1 [Training] Computation time per step (second): 0.1621+/-0.0000 (set value: {'mean': 0.162})
[OUTPUT] 2026-07-21T19:43:51.917629 Ending epoch 3 - 4017 steps completed in 676.96 s
[OUTPUT] 2026-07-21T19:43:51.938927 Reshard for epoch 4: 28125 train files, 0 eval files redistributed via alltoall in 0.02s
[OUTPUT] 2026-07-21T19:44:08.802476 Worker pre-warm complete for epoch 4 (96 workers spawned)
[OUTPUT] 2026-07-21T19:44:10.729489 Starting epoch 4: 4017 steps expected
[OUTPUT] 2026-07-21T19:44:10.729891 Starting block 1
[OUTPUT] 2026-07-21T19:55:27.672872 Ending block 1 - 4017 steps completed in 676.94 s
[OUTPUT] 2026-07-21T19:55:27.830938 Epoch 4 - Block 1 [Training] Accelerator Utilization [AU] (%): 98.2900
[OUTPUT] 2026-07-21T19:55:27.831001 Epoch 4 - Block 1 [Training] Throughput (samples/second): 127.3241
[OUTPUT] 2026-07-21T19:55:27.831407 Epoch 4 - Block 1 [Training] Computation time per step (second): 0.1621+/-0.0000 (set value: {'mean': 0.162})
[OUTPUT] 2026-07-21T19:55:27.832674 Ending epoch 4 - 4017 steps completed in 677.10 s
[OUTPUT] 2026-07-21T19:55:27.853793 Reshard for epoch 5: 28125 train files, 0 eval files redistributed via alltoall in 0.02s
[OUTPUT] 2026-07-21T19:55:45.384347 Worker pre-warm complete for epoch 5 (96 workers spawned)
[OUTPUT] 2026-07-21T19:55:47.227329 Starting epoch 5: 4017 steps expected
[OUTPUT] 2026-07-21T19:55:47.227649 Starting block 1
[OUTPUT] 2026-07-21T20:07:04.610922 Ending block 1 - 4017 steps completed in 677.38 s
[OUTPUT] 2026-07-21T20:07:04.769368 Epoch 5 - Block 1 [Training] Accelerator Utilization [AU] (%): 98.1774
[OUTPUT] 2026-07-21T20:07:04.769444 Epoch 5 - Block 1 [Training] Throughput (samples/second): 127.1754
[OUTPUT] 2026-07-21T20:07:04.769865 Epoch 5 - Block 1 [Training] Computation time per step (second): 0.1621+/-0.0000 (set value: {'mean': 0.162})
[OUTPUT] 2026-07-21T20:07:04.771229 Ending epoch 5 - 4017 steps completed in 677.54 s
[OUTPUT] 2026-07-21T20:07:04.796527 Reshard for epoch 6: 28125 train files, 0 eval files redistributed via alltoall in 0.02s
[OUTPUT] 2026-07-21T20:07:22.031556 Worker pre-warm complete for epoch 6 (96 workers spawned)
[OUTPUT] 2026-07-21T20:07:22.033363 Saved outputs in /submission/submission_Microsoft_training/closed/Microsoft/results/AMLFS-Durable-Premium-500-40TiB-3-Standard_D192ds_v6/training/unet3d/run/20260721_190748
[OUTPUT] Averaged metric over all steps/epochs
[METRIC] ==========================================================
[METRIC] Number of Simulated Accelerators: 3 
[METRIC] Training Accelerator Utilization [AU] (%): 98.1520 (0.0631)
[METRIC] Training Throughput (samples/second): 127.1448 (0.0830)
[METRIC] Training I/O Throughput (MiB/second): 17776.0144 (11.5980)
[METRIC] train_au_meet_expectation: success
[METRIC] ==========================================================

[OUTPUT] 2026-07-21T20:07:24.673240 outputs saved in RANKID_output.json
