[OUTPUT] [DEBUG DLIOBenchmark.__init__] After LoadConfig:
[OUTPUT]   storage_type   = <StorageType.LOCAL_FS: 'local_fs'>
[OUTPUT]   storage_root   = './'
[OUTPUT]   storage_options= None
[OUTPUT]   data_folder    = '/mnt/5336_61t/unet3d'
[OUTPUT]   framework      = <FrameworkType.PYTORCH: 'pytorch'>
[OUTPUT]   num_files_train= 14000
[OUTPUT]   record_length  = 146600628
[OUTPUT]   generate_data  = False
[OUTPUT]   do_train       = True
[OUTPUT]   do_checkpoint  = False
[OUTPUT]   epochs         = 5
[OUTPUT]   batch_size     = 7
[OUTPUT] 2026-07-12T15:43:02.461253 Running DLIO [Training] with 1 process(es)
[OUTPUT] 2026-07-12T15:43:02.493917 skip_listing [train]: validating 1,401 of 14,000 files (first, last, every 10) via HEAD requests ...
[OUTPUT] 2026-07-12T15:43:02.500754 skip_listing [train]:   140/1,401 checked (10%)  —  20836 checks/s  —  ETA 0s  —  0 failed so far
[OUTPUT] 2026-07-12T15:43:02.506181 skip_listing [train]:   280/1,401 checked (20%)  —  23053 checks/s  —  ETA 0s  —  0 failed so far
[OUTPUT] 2026-07-12T15:43:02.512899 skip_listing [train]:   420/1,401 checked (30%)  —  22264 checks/s  —  ETA 0s  —  0 failed so far
[OUTPUT] 2026-07-12T15:43:02.518368 skip_listing [train]:   560/1,401 checked (40%)  —  23016 checks/s  —  ETA 0s  —  0 failed so far
[OUTPUT] 2026-07-12T15:43:02.524070 skip_listing [train]:   700/1,401 checked (50%)  —  23306 checks/s  —  ETA 0s  —  0 failed so far
[OUTPUT] 2026-07-12T15:43:02.529005 skip_listing [train]:   840/1,401 checked (60%)  —  24020 checks/s  —  ETA 0s  —  0 failed so far
[OUTPUT] 2026-07-12T15:43:02.534232 skip_listing [train]:   980/1,401 checked (70%)  —  24379 checks/s  —  ETA 0s  —  0 failed so far
[OUTPUT] 2026-07-12T15:43:02.540299 skip_listing [train]:   1,120/1,401 checked (80%)  —  24208 checks/s  —  ETA 0s  —  0 failed so far
[OUTPUT] 2026-07-12T15:43:02.546443 skip_listing [train]:   1,260/1,401 checked (90%)  —  24042 checks/s  —  ETA 0s  —  0 failed so far
[OUTPUT] 2026-07-12T15:43:02.552393 skip_listing [train]:   1,400/1,401 checked (100%)  —  23990 checks/s  —  ETA 0s  —  0 failed so far
[OUTPUT] 2026-07-12T15:43:02.552413 skip_listing [train]: validation complete — all 1,401 samples exist (0.1s, 23998 checks/s); 14,000 URIs ready for rank 0 (14,000 total across all ranks)
[OUTPUT] 2026-07-12T15:43:02.552474 File listing [train]: 14000 files discovered, 14000 assigned to rank 0, completed in 0.08s
[OUTPUT] 2026-07-12T15:43:02.552500 skip_listing [valid]: generated 0 file URIs deterministically (0 total — validation disabled)
[OUTPUT] 2026-07-12T15:43:02.552516 File listing [valid]: 0 files discovered, 0 assigned to rank 0, completed in 0.00s
[OUTPUT] 2026-07-12T15:43:02.552530 Streamed file sharding: 14000 train files across 1 ranks via round-robin (rank 0 shard: 14000 files)
[OUTPUT] 2026-07-12T15:43:02.673205 Max steps per epoch per rank: 2000 = 1 * 14000 / 7 (samples per file * local files / batch size)
[OUTPUT] 2026-07-12T15:43:02.674922 Reshard for epoch 1: 14000 train files, 0 eval files redistributed via alltoall in 0.00s
[OUTPUT] 2026-07-12T15:43:03.805034 Worker pre-warm complete (4 workers spawned)
[OUTPUT] 2026-07-12T15:43:03.857154 Starting epoch 1: 2000 steps expected
[OUTPUT] 2026-07-12T15:43:03.857505 Starting block 1
[OUTPUT] 2026-07-12T15:48:35.392678 Ending block 1 - 2000 steps completed in 331.54 s
[OUTPUT] 2026-07-12T15:48:35.397228 Epoch 1 - Block 1 [Training] Accelerator Utilization [AU] (%): 97.9720
[OUTPUT] 2026-07-12T15:48:35.397263 Epoch 1 - Block 1 [Training] Throughput (samples/second): 42.3116
[OUTPUT] 2026-07-12T15:48:35.398214 Epoch 1 - Block 1 [Training] Computation time per step (second): 0.1621+/-0.0000 (set value: {'mean': 0.162})
[OUTPUT] 2026-07-12T15:48:35.399066 Ending epoch 1 - 2000 steps completed in 331.54 s
[OUTPUT] 2026-07-12T15:48:35.401696 Reshard for epoch 2: 14000 train files, 0 eval files redistributed via alltoall in 0.00s
[OUTPUT] 2026-07-12T15:48:36.140406 Worker pre-warm complete for epoch 2 (4 workers spawned)
[OUTPUT] 2026-07-12T15:48:36.366437 Starting epoch 2: 2000 steps expected
[OUTPUT] 2026-07-12T15:48:36.366804 Starting block 1
[OUTPUT] 2026-07-12T15:54:08.572939 Ending block 1 - 2000 steps completed in 332.21 s
[OUTPUT] 2026-07-12T15:54:08.574583 Epoch 2 - Block 1 [Training] Accelerator Utilization [AU] (%): 97.7834
[OUTPUT] 2026-07-12T15:54:08.574734 Epoch 2 - Block 1 [Training] Throughput (samples/second): 42.2311
[OUTPUT] 2026-07-12T15:54:08.574994 Epoch 2 - Block 1 [Training] Computation time per step (second): 0.1621+/-0.0000 (set value: {'mean': 0.162})
[OUTPUT] 2026-07-12T15:54:08.576289 Ending epoch 2 - 2000 steps completed in 332.21 s
[OUTPUT] 2026-07-12T15:54:08.578422 Reshard for epoch 3: 14000 train files, 0 eval files redistributed via alltoall in 0.00s
[OUTPUT] 2026-07-12T15:54:09.698161 Worker pre-warm complete for epoch 3 (4 workers spawned)
[OUTPUT] 2026-07-12T15:54:09.905394 Starting epoch 3: 2000 steps expected
[OUTPUT] 2026-07-12T15:54:09.905856 Starting block 1
[OUTPUT] 2026-07-12T15:59:42.262096 Ending block 1 - 2000 steps completed in 332.36 s
[OUTPUT] 2026-07-12T15:59:42.263859 Epoch 3 - Block 1 [Training] Accelerator Utilization [AU] (%): 97.7499
[OUTPUT] 2026-07-12T15:59:42.263891 Epoch 3 - Block 1 [Training] Throughput (samples/second): 42.2156
[OUTPUT] 2026-07-12T15:59:42.264094 Epoch 3 - Block 1 [Training] Computation time per step (second): 0.1621+/-0.0000 (set value: {'mean': 0.162})
[OUTPUT] 2026-07-12T15:59:42.265165 Ending epoch 3 - 2000 steps completed in 332.36 s
[OUTPUT] 2026-07-12T15:59:42.267319 Reshard for epoch 4: 14000 train files, 0 eval files redistributed via alltoall in 0.00s
[OUTPUT] 2026-07-12T15:59:43.340968 Worker pre-warm complete for epoch 4 (4 workers spawned)
[OUTPUT] 2026-07-12T15:59:43.543125 Starting epoch 4: 2000 steps expected
[OUTPUT] 2026-07-12T15:59:43.543443 Starting block 1
[OUTPUT] 2026-07-12T16:05:15.607049 Ending block 1 - 2000 steps completed in 332.06 s
[OUTPUT] 2026-07-12T16:05:15.608515 Epoch 4 - Block 1 [Training] Accelerator Utilization [AU] (%): 97.8172
[OUTPUT] 2026-07-12T16:05:15.608549 Epoch 4 - Block 1 [Training] Throughput (samples/second): 42.2455
[OUTPUT] 2026-07-12T16:05:15.608745 Epoch 4 - Block 1 [Training] Computation time per step (second): 0.1621+/-0.0000 (set value: {'mean': 0.162})
[OUTPUT] 2026-07-12T16:05:15.609936 Ending epoch 4 - 2000 steps completed in 332.07 s
[OUTPUT] 2026-07-12T16:05:15.612031 Reshard for epoch 5: 14000 train files, 0 eval files redistributed via alltoall in 0.00s
[OUTPUT] 2026-07-12T16:05:16.647628 Worker pre-warm complete for epoch 5 (4 workers spawned)
[OUTPUT] 2026-07-12T16:05:16.867666 Starting epoch 5: 2000 steps expected
[OUTPUT] 2026-07-12T16:05:16.868046 Starting block 1
[OUTPUT] 2026-07-12T16:10:49.199594 Ending block 1 - 2000 steps completed in 332.33 s
[OUTPUT] 2026-07-12T16:10:49.201371 Epoch 5 - Block 1 [Training] Accelerator Utilization [AU] (%): 97.7435
[OUTPUT] 2026-07-12T16:10:49.201416 Epoch 5 - Block 1 [Training] Throughput (samples/second): 42.2138
[OUTPUT] 2026-07-12T16:10:49.201627 Epoch 5 - Block 1 [Training] Computation time per step (second): 0.1621+/-0.0000 (set value: {'mean': 0.162})
[OUTPUT] 2026-07-12T16:10:49.202568 Ending epoch 5 - 2000 steps completed in 332.33 s
[OUTPUT] 2026-07-12T16:10:49.204771 Reshard for epoch 6: 14000 train files, 0 eval files redistributed via alltoall in 0.00s
[OUTPUT] 2026-07-12T16:10:49.965115 Worker pre-warm complete for epoch 6 (4 workers spawned)
[OUTPUT] 2026-07-12T16:10:49.966030 Saved outputs in /etc/cwp/log/workload/5961/2026-07-12-13-36-45-da71b3c3-55fe-47b6-874c-ff506bba6875/results/closed/Solidigm/results/Solidigm_D5-P5336_61TB_Gen4_NVMe_QLC/training/unet3d/run/20260712_154257
[OUTPUT] Averaged metric over all steps/epochs
[METRIC] ==========================================================
[METRIC] Number of Simulated Accelerators: 1 
[METRIC] Training Accelerator Utilization [AU] (%): 97.8132 (0.0836)
[METRIC] Training Throughput (samples/second): 42.2435 (0.0359)
[METRIC] Training I/O Throughput (MiB/second): 5906.0359 (5.0201)
[METRIC] train_au_meet_expectation: success
[METRIC] ==========================================================

[OUTPUT] 2026-07-12T16:10:49.984984 outputs saved in RANKID_output.json
