[OUTPUT] [DEBUG DLIOBenchmark.__init__] After LoadConfig:
[OUTPUT]   storage_type   = <StorageType.LOCAL_FS: 'local_fs'>
[OUTPUT]   storage_root   = './'
[OUTPUT]   storage_options= None
[OUTPUT]   data_folder    = '/mnt/pfs/unet3d'
[OUTPUT]   framework      = <FrameworkType.PYTORCH: 'pytorch'>
[OUTPUT]   num_files_train= 360000
[OUTPUT]   record_length  = 146600628
[OUTPUT]   generate_data  = False
[OUTPUT]   do_train       = True
[OUTPUT]   do_checkpoint  = False
[OUTPUT]   epochs         = 5
[OUTPUT]   batch_size     = 7
[OUTPUT] 2026-07-24T14:58:45.791705 Running DLIO [Training] with 99 process(es)
[OUTPUT] 2026-07-24T14:58:47.277931 File listing [train]: 420000 files discovered, 3636 assigned to rank 0, completed in 1.46s
[OUTPUT] 2026-07-24T14:58:47.278655 File listing [valid]: 0 files discovered, 0 assigned to rank 0, completed in 0.00s
[OUTPUT] 2026-07-24T14:58:47.278706 Streamed file sharding: 420000 train files across 99 ranks via round-robin (rank 0 shard: 3636 files)
[OUTPUT] 2026-07-24T14:58:48.951202 Max steps per epoch per rank: 51428 = 1 * 360000 / 7 (samples per file * local files / batch size)
[OUTPUT] 2026-07-24T14:58:49.150888 Reshard for epoch 1: 3636 train files, 0 eval files redistributed via alltoall in 0.20s
[OUTPUT] 2026-07-24T14:58:52.003412 Worker pre-warm complete (12 workers spawned)
[OUTPUT] 2026-07-24T14:58:52.418905 Starting epoch 1: 519 steps expected
[OUTPUT] 2026-07-24T14:58:52.419260 Starting block 1
[OUTPUT] 2026-07-24T15:00:24.334758 Ending block 1 - 519 steps completed in 91.92 s
[OUTPUT] 2026-07-24T15:00:24.338685 Epoch 1 - Block 1 [Training] Accelerator Utilization [AU] (%): 93.2947
[OUTPUT] 2026-07-24T15:00:24.338741 Epoch 1 - Block 1 [Training] Throughput (samples/second): 3989.0903
[OUTPUT] 2026-07-24T15:00:24.340859 Epoch 1 - Block 1 [Training] Computation time per step (second): 0.1621+/-0.0000 (set value: {'mean': 0.162})
[OUTPUT] 2026-07-24T15:00:24.687127 Ending epoch 1 - 519 steps completed in 92.27 s
[OUTPUT] 2026-07-24T15:00:26.557933 Reshard for epoch 2: 3636 train files, 0 eval files redistributed via alltoall in 1.87s
[OUTPUT] 2026-07-24T15:00:29.248396 Worker pre-warm complete for epoch 2 (12 workers spawned)
[OUTPUT] 2026-07-24T15:00:29.660924 Starting epoch 2: 519 steps expected
[OUTPUT] 2026-07-24T15:00:29.662168 Starting block 1
[OUTPUT] 2026-07-24T15:02:02.987970 Ending block 1 - 519 steps completed in 93.33 s
[OUTPUT] 2026-07-24T15:02:02.990704 Epoch 2 - Block 1 [Training] Accelerator Utilization [AU] (%): 92.3118
[OUTPUT] 2026-07-24T15:02:02.990755 Epoch 2 - Block 1 [Training] Throughput (samples/second): 3947.2415
[OUTPUT] 2026-07-24T15:02:02.991069 Epoch 2 - Block 1 [Training] Computation time per step (second): 0.1621+/-0.0000 (set value: {'mean': 0.162})
[OUTPUT] 2026-07-24T15:02:03.066446 Ending epoch 2 - 519 steps completed in 93.41 s
[OUTPUT] 2026-07-24T15:02:03.316893 Reshard for epoch 3: 3636 train files, 0 eval files redistributed via alltoall in 0.25s
[OUTPUT] 2026-07-24T15:02:06.273232 Worker pre-warm complete for epoch 3 (12 workers spawned)
[OUTPUT] 2026-07-24T15:02:06.670211 Starting epoch 3: 519 steps expected
[OUTPUT] 2026-07-24T15:02:06.670585 Starting block 1
[OUTPUT] 2026-07-24T15:03:40.102877 Ending block 1 - 519 steps completed in 93.43 s
[OUTPUT] 2026-07-24T15:03:40.105804 Epoch 3 - Block 1 [Training] Accelerator Utilization [AU] (%): 92.0631
[OUTPUT] 2026-07-24T15:03:40.105853 Epoch 3 - Block 1 [Training] Throughput (samples/second): 3936.6221
[OUTPUT] 2026-07-24T15:03:40.106151 Epoch 3 - Block 1 [Training] Computation time per step (second): 0.1621+/-0.0000 (set value: {'mean': 0.162})
[OUTPUT] 2026-07-24T15:03:40.172336 Ending epoch 3 - 519 steps completed in 93.50 s
[OUTPUT] 2026-07-24T15:03:40.339250 Reshard for epoch 4: 3636 train files, 0 eval files redistributed via alltoall in 0.17s
[OUTPUT] 2026-07-24T15:03:43.115185 Worker pre-warm complete for epoch 4 (12 workers spawned)
[OUTPUT] 2026-07-24T15:03:43.531654 Starting epoch 4: 519 steps expected
[OUTPUT] 2026-07-24T15:03:43.532105 Starting block 1
[OUTPUT] 2026-07-24T15:05:15.325819 Ending block 1 - 519 steps completed in 91.79 s
[OUTPUT] 2026-07-24T15:05:15.328389 Epoch 4 - Block 1 [Training] Accelerator Utilization [AU] (%): 93.5971
[OUTPUT] 2026-07-24T15:05:15.328443 Epoch 4 - Block 1 [Training] Throughput (samples/second): 4002.0660
[OUTPUT] 2026-07-24T15:05:15.328711 Epoch 4 - Block 1 [Training] Computation time per step (second): 0.1621+/-0.0000 (set value: {'mean': 0.162})
[OUTPUT] 2026-07-24T15:05:15.475655 Ending epoch 4 - 519 steps completed in 91.94 s
[OUTPUT] 2026-07-24T15:05:15.549111 Reshard for epoch 5: 3636 train files, 0 eval files redistributed via alltoall in 0.07s
[OUTPUT] 2026-07-24T15:05:18.290028 Worker pre-warm complete for epoch 5 (12 workers spawned)
[OUTPUT] 2026-07-24T15:05:18.705595 Starting epoch 5: 519 steps expected
[OUTPUT] 2026-07-24T15:05:18.706102 Starting block 1
[OUTPUT] 2026-07-24T15:06:51.484163 Ending block 1 - 519 steps completed in 92.78 s
[OUTPUT] 2026-07-24T15:06:51.488299 Epoch 5 - Block 1 [Training] Accelerator Utilization [AU] (%): 92.7719
[OUTPUT] 2026-07-24T15:06:51.488367 Epoch 5 - Block 1 [Training] Throughput (samples/second): 3966.7882
[OUTPUT] 2026-07-24T15:06:51.488782 Epoch 5 - Block 1 [Training] Computation time per step (second): 0.1621+/-0.0000 (set value: {'mean': 0.162})
[OUTPUT] 2026-07-24T15:06:51.527846 Ending epoch 5 - 519 steps completed in 92.82 s
[OUTPUT] 2026-07-24T15:06:51.942709 Reshard for epoch 6: 3636 train files, 0 eval files redistributed via alltoall in 0.41s
[OUTPUT] 2026-07-24T15:06:54.746101 Worker pre-warm complete for epoch 6 (12 workers spawned)
[OUTPUT] 2026-07-24T15:06:54.996974 Saved outputs in /home/mlperf/results/YanRongTech/closed/YanRongTech/results/YanRongTech_F9000X_9_Clients/training/unet3d/run/20260724_145818
[OUTPUT] Averaged metric over all steps/epochs
[METRIC] ==========================================================
[METRIC] Number of Simulated Accelerators: 99 
[METRIC] Training Accelerator Utilization [AU] (%): 92.9058 (0.6723)
[METRIC] Training Throughput (samples/second): 3972.5041 (28.6936)
[METRIC] Training I/O Throughput (MiB/second): 555392.8286 (4011.6363)
[METRIC] train_au_meet_expectation: success
[METRIC] ==========================================================

[OUTPUT] 2026-07-24T15:06:55.014425 outputs saved in RANKID_output.json
