[OUTPUT] [DEBUG DLIOBenchmark.__init__] After LoadConfig:
[OUTPUT]   storage_type   = <StorageType.S3: 's3'>
[OUTPUT]   storage_root   = 'mlc-s3'
[OUTPUT]   storage_options= {'storage_library': 's3dlio', 'uri_scheme': 's3', 'access_key_id': '[REDACTED_AWS_ACCESS_KEY_ID]', 'secret_access_key': '[REDACTED_AWS_SECRET_ACCESS_KEY]', 'endpoint_url': 'https://storage.uk-south1.nebius.cloud', 'region': 'uk-south1'}
[OUTPUT]   data_folder    = 's3://mlc-s3/retinanet/submission/data_32n_cm64/retinanet'
[OUTPUT]   framework      = <FrameworkType.PYTORCH: 'pytorch'>
[OUTPUT]   num_files_train= 34045139
[OUTPUT]   record_length  = 322957
[OUTPUT]   generate_data  = True
[OUTPUT]   do_train       = False
[OUTPUT]   do_checkpoint  = False
[OUTPUT]   epochs         = 1
[OUTPUT]   batch_size     = 1
[OUTPUT] 2026-07-22T10:12:33.615528 Running DLIO [Generating data] with 32 process(es)
[OUTPUT] ================================================================================
[OUTPUT] Data Generation Method: DGEN (default)
[OUTPUT]   dgen-py zero-copy BytesView — 155x faster than NumPy, 0 MiB overhead
[OUTPUT] ================================================================================
[OUTPUT] 2026-07-22T10:12:33.744623 Starting data generation
[OUTPUT] 2026-07-22T10:21:05.454835 Generation done
[OUTPUT] ================================================================================
[OUTPUT] Data Generation Method: DGEN (default)
[OUTPUT]   dgen-py zero-copy BytesView — 155x faster than NumPy, 0 MiB overhead
[OUTPUT] ================================================================================
