[OUTPUT] [DEBUG DLIOBenchmark.__init__] After LoadConfig:
[OUTPUT]   storage_type   = <StorageType.S3: 's3'>
[OUTPUT]   storage_root   = 'mlp-unet3d-gcp-3n8c'
[OUTPUT]   storage_options= {'storage_library': 's3dlio', 'uri_scheme': 's3', 'access_key_id': 'ais', 'secret_access_key': 'ais', 'endpoint_url': 'http://10.20.0.25:51080/s3/', 'region': 'us-east-1'}
[OUTPUT]   data_folder    = 'data/gcp3n8c-unet/unet3d'
[OUTPUT]   framework      = <FrameworkType.PYTORCH: 'pytorch'>
[OUTPUT]   num_files_train= 112501
[OUTPUT]   record_length  = 146600628
[OUTPUT]   generate_data  = False
[OUTPUT]   do_train       = True
[OUTPUT]   do_checkpoint  = False
[OUTPUT]   epochs         = 5
[OUTPUT]   batch_size     = 7
[OUTPUT] 2026-07-23T07:30:30.904736 Running DLIO [Training] with 8 process(es)
[OUTPUT] 2026-07-23T07:30:30.952666 skip_listing [train]: validating 1,126 of 112,501 files (first, last, every 100) via HEAD requests ...
[OUTPUT] 2026-07-23T07:30:31.116164 skip_listing [train]:   112/1,126 checked (10%)  —  686 checks/s  —  ETA 1s  —  0 failed so far
[OUTPUT] 2026-07-23T07:30:31.262756 skip_listing [train]:   224/1,126 checked (20%)  —  723 checks/s  —  ETA 1s  —  0 failed so far
[OUTPUT] 2026-07-23T07:30:31.413704 skip_listing [train]:   336/1,126 checked (30%)  —  729 checks/s  —  ETA 1s  —  0 failed so far
[OUTPUT] 2026-07-23T07:30:31.562167 skip_listing [train]:   448/1,126 checked (40%)  —  735 checks/s  —  ETA 1s  —  0 failed so far
[OUTPUT] 2026-07-23T07:30:31.706121 skip_listing [train]:   560/1,126 checked (50%)  —  743 checks/s  —  ETA 1s  —  0 failed so far
[OUTPUT] 2026-07-23T07:30:31.849502 skip_listing [train]:   672/1,126 checked (60%)  —  749 checks/s  —  ETA 1s  —  0 failed so far
[OUTPUT] 2026-07-23T07:30:31.989866 skip_listing [train]:   784/1,126 checked (70%)  —  756 checks/s  —  ETA 0s  —  0 failed so far
[OUTPUT] 2026-07-23T07:30:32.135123 skip_listing [train]:   896/1,126 checked (80%)  —  758 checks/s  —  ETA 0s  —  0 failed so far
[OUTPUT] 2026-07-23T07:30:32.275747 skip_listing [train]:   1,008/1,126 checked (90%)  —  762 checks/s  —  ETA 0s  —  0 failed so far
[OUTPUT] 2026-07-23T07:30:32.416794 skip_listing [train]:   1,120/1,126 checked (99%)  —  765 checks/s  —  ETA 0s  —  0 failed so far
[OUTPUT] 2026-07-23T07:30:32.423363 skip_listing [train]: validation complete — all 1,126 samples exist (1.5s, 766 checks/s); 14,063 URIs ready for rank 0 (112,501 total across all ranks)
[OUTPUT] 2026-07-23T07:30:32.423718 File listing [train]: 112501 files discovered, 14062 assigned to rank 0, completed in 1.51s
[OUTPUT] 2026-07-23T07:30:32.423789 skip_listing [valid]: generated 0 file URIs deterministically (0 total — validation disabled)
[OUTPUT] 2026-07-23T07:30:32.423839 File listing [valid]: 0 files discovered, 0 assigned to rank 0, completed in 0.00s
[OUTPUT] 2026-07-23T07:30:32.423879 Streamed file sharding: 112501 train files across 8 ranks via round-robin (rank 0 shard: 14062 files)
[OUTPUT] 2026-07-23T07:30:32.708890 Max steps per epoch per rank: 16071 = 1 * 112501 / 7 (samples per file * local files / batch size)
[OUTPUT] 2026-07-23T07:30:32.723258 Reshard for epoch 1: 14062 train files, 0 eval files redistributed via alltoall in 0.01s
[WARNING] NPZReaderS3Iterable[thread=0] [resource-probe] RAM projection: prefetch=64 x dataloader_workers=4 x ranks_per_node=8 x record_length=139 MiB = 286329 MiB of in-flight buffer memory, but only 369983 MiB (of 386919 MiB total) is currently available.  OOM / swap-thrash under load is likely.  Fix: reduce storage_options.prefetch_window, or reduce DataLoader worker count, or move the S3 target off-node.
[WARNING] NPZReaderS3Iterable[thread=2] [resource-probe] RAM projection: prefetch=64 x dataloader_workers=4 x ranks_per_node=8 x record_length=139 MiB = 286329 MiB of in-flight buffer memory, but only 369983 MiB (of 386919 MiB total) is currently available.  OOM / swap-thrash under load is likely.  Fix: reduce storage_options.prefetch_window, or reduce DataLoader worker count, or move the S3 target off-node.
[WARNING] NPZReaderS3Iterable[thread=1] [resource-probe] RAM projection: prefetch=64 x dataloader_workers=4 x ranks_per_node=8 x record_length=139 MiB = 286329 MiB of in-flight buffer memory, but only 369983 MiB (of 386919 MiB total) is currently available.  OOM / swap-thrash under load is likely.  Fix: reduce storage_options.prefetch_window, or reduce DataLoader worker count, or move the S3 target off-node.
[WARNING] NPZReaderS3Iterable[thread=3] [resource-probe] RAM projection: prefetch=64 x dataloader_workers=4 x ranks_per_node=8 x record_length=139 MiB = 286329 MiB of in-flight buffer memory, but only 369982 MiB (of 386919 MiB total) is currently available.  OOM / swap-thrash under load is likely.  Fix: reduce storage_options.prefetch_window, or reduce DataLoader worker count, or move the S3 target off-node.
[OUTPUT] 2026-07-23T07:30:45.242198 Worker pre-warm complete (4 workers spawned)
[OUTPUT] 2026-07-23T07:30:46.479816 Starting epoch 1: 2008 steps expected
[OUTPUT] 2026-07-23T07:30:46.480670 Starting block 1
[WARNING] NPZReaderS3Iterable[thread=2] [resource-probe] RAM projection: prefetch=64 x dataloader_workers=4 x ranks_per_node=8 x record_length=139 MiB = 286329 MiB of in-flight buffer memory, but only 342354 MiB (of 386919 MiB total) is currently available.  OOM / swap-thrash under load is likely.  Fix: reduce storage_options.prefetch_window, or reduce DataLoader worker count, or move the S3 target off-node.
[WARNING] NPZReaderS3Iterable[thread=3] [resource-probe] RAM projection: prefetch=64 x dataloader_workers=4 x ranks_per_node=8 x record_length=139 MiB = 286329 MiB of in-flight buffer memory, but only 342349 MiB (of 386919 MiB total) is currently available.  OOM / swap-thrash under load is likely.  Fix: reduce storage_options.prefetch_window, or reduce DataLoader worker count, or move the S3 target off-node.
[WARNING] NPZReaderS3Iterable[thread=1] [resource-probe] RAM projection: prefetch=64 x dataloader_workers=4 x ranks_per_node=8 x record_length=139 MiB = 286329 MiB of in-flight buffer memory, but only 342342 MiB (of 386919 MiB total) is currently available.  OOM / swap-thrash under load is likely.  Fix: reduce storage_options.prefetch_window, or reduce DataLoader worker count, or move the S3 target off-node.
[WARNING] NPZReaderS3Iterable[thread=0] [resource-probe] RAM projection: prefetch=64 x dataloader_workers=4 x ranks_per_node=8 x record_length=139 MiB = 286329 MiB of in-flight buffer memory, but only 342316 MiB (of 386919 MiB total) is currently available.  OOM / swap-thrash under load is likely.  Fix: reduce storage_options.prefetch_window, or reduce DataLoader worker count, or move the S3 target off-node.
[OUTPUT] 2026-07-23T07:36:21.983449 Ending block 1 - 2008 steps completed in 335.50 s
[OUTPUT] 2026-07-23T07:36:21.997310 Epoch 1 - Block 1 [Training] Accelerator Utilization [AU] (%): 97.9478
[OUTPUT] 2026-07-23T07:36:21.997373 Epoch 1 - Block 1 [Training] Throughput (samples/second): 338.2880
[OUTPUT] 2026-07-23T07:36:21.998991 Epoch 1 - Block 1 [Training] Computation time per step (second): 0.1621+/-0.0000 (set value: {'mean': 0.162})
[OUTPUT] 2026-07-23T07:36:21.999542 Ending epoch 1 - 2008 steps completed in 335.52 s
[OUTPUT] 2026-07-23T07:36:22.013260 Reshard for epoch 2: 14062 train files, 0 eval files redistributed via alltoall in 0.01s
[WARNING] NPZReaderS3Iterable[thread=0] [resource-probe] RAM projection: prefetch=64 x dataloader_workers=4 x ranks_per_node=8 x record_length=139 MiB = 286329 MiB of in-flight buffer memory, but only 330352 MiB (of 386919 MiB total) is currently available.  OOM / swap-thrash under load is likely.  Fix: reduce storage_options.prefetch_window, or reduce DataLoader worker count, or move the S3 target off-node.
[WARNING] NPZReaderS3Iterable[thread=2] [resource-probe] RAM projection: prefetch=64 x dataloader_workers=4 x ranks_per_node=8 x record_length=139 MiB = 286329 MiB of in-flight buffer memory, but only 330352 MiB (of 386919 MiB total) is currently available.  OOM / swap-thrash under load is likely.  Fix: reduce storage_options.prefetch_window, or reduce DataLoader worker count, or move the S3 target off-node.
[WARNING] NPZReaderS3Iterable[thread=1] [resource-probe] RAM projection: prefetch=64 x dataloader_workers=4 x ranks_per_node=8 x record_length=139 MiB = 286329 MiB of in-flight buffer memory, but only 330353 MiB (of 386919 MiB total) is currently available.  OOM / swap-thrash under load is likely.  Fix: reduce storage_options.prefetch_window, or reduce DataLoader worker count, or move the S3 target off-node.
[WARNING] NPZReaderS3Iterable[thread=3] [resource-probe] RAM projection: prefetch=64 x dataloader_workers=4 x ranks_per_node=8 x record_length=139 MiB = 286329 MiB of in-flight buffer memory, but only 330353 MiB (of 386919 MiB total) is currently available.  OOM / swap-thrash under load is likely.  Fix: reduce storage_options.prefetch_window, or reduce DataLoader worker count, or move the S3 target off-node.
[OUTPUT] 2026-07-23T07:36:25.189759 Worker pre-warm complete for epoch 2 (4 workers spawned)
[OUTPUT] 2026-07-23T07:36:26.034754 Starting epoch 2: 2008 steps expected
[OUTPUT] 2026-07-23T07:36:26.035896 Starting block 1
[WARNING] NPZReaderS3Iterable[thread=3] [resource-probe] RAM projection: prefetch=64 x dataloader_workers=4 x ranks_per_node=8 x record_length=139 MiB = 286329 MiB of in-flight buffer memory, but only 328590 MiB (of 386919 MiB total) is currently available.  OOM / swap-thrash under load is likely.  Fix: reduce storage_options.prefetch_window, or reduce DataLoader worker count, or move the S3 target off-node.
[WARNING] NPZReaderS3Iterable[thread=1] [resource-probe] RAM projection: prefetch=64 x dataloader_workers=4 x ranks_per_node=8 x record_length=139 MiB = 286329 MiB of in-flight buffer memory, but only 328590 MiB (of 386919 MiB total) is currently available.  OOM / swap-thrash under load is likely.  Fix: reduce storage_options.prefetch_window, or reduce DataLoader worker count, or move the S3 target off-node.
[WARNING] NPZReaderS3Iterable[thread=2] [resource-probe] RAM projection: prefetch=64 x dataloader_workers=4 x ranks_per_node=8 x record_length=139 MiB = 286329 MiB of in-flight buffer memory, but only 328589 MiB (of 386919 MiB total) is currently available.  OOM / swap-thrash under load is likely.  Fix: reduce storage_options.prefetch_window, or reduce DataLoader worker count, or move the S3 target off-node.
[WARNING] NPZReaderS3Iterable[thread=0] [resource-probe] RAM projection: prefetch=64 x dataloader_workers=4 x ranks_per_node=8 x record_length=139 MiB = 286329 MiB of in-flight buffer memory, but only 328582 MiB (of 386919 MiB total) is currently available.  OOM / swap-thrash under load is likely.  Fix: reduce storage_options.prefetch_window, or reduce DataLoader worker count, or move the S3 target off-node.
[OUTPUT] 2026-07-23T07:42:03.189323 Ending block 1 - 2008 steps completed in 337.15 s
[OUTPUT] 2026-07-23T07:42:03.191838 Epoch 2 - Block 1 [Training] Accelerator Utilization [AU] (%): 97.5221
[OUTPUT] 2026-07-23T07:42:03.191999 Epoch 2 - Block 1 [Training] Throughput (samples/second): 336.8289
[OUTPUT] 2026-07-23T07:42:03.192442 Epoch 2 - Block 1 [Training] Computation time per step (second): 0.1621+/-0.0000 (set value: {'mean': 0.162})
[OUTPUT] 2026-07-23T07:42:03.192959 Ending epoch 2 - 2008 steps completed in 337.16 s
[OUTPUT] 2026-07-23T07:42:03.206617 Reshard for epoch 3: 14062 train files, 0 eval files redistributed via alltoall in 0.01s
[WARNING] NPZReaderS3Iterable[thread=2] [resource-probe] RAM projection: prefetch=64 x dataloader_workers=4 x ranks_per_node=8 x record_length=139 MiB = 286329 MiB of in-flight buffer memory, but only 329337 MiB (of 386919 MiB total) is currently available.  OOM / swap-thrash under load is likely.  Fix: reduce storage_options.prefetch_window, or reduce DataLoader worker count, or move the S3 target off-node.
[WARNING] NPZReaderS3Iterable[thread=1] [resource-probe] RAM projection: prefetch=64 x dataloader_workers=4 x ranks_per_node=8 x record_length=139 MiB = 286329 MiB of in-flight buffer memory, but only 329337 MiB (of 386919 MiB total) is currently available.  OOM / swap-thrash under load is likely.  Fix: reduce storage_options.prefetch_window, or reduce DataLoader worker count, or move the S3 target off-node.
[WARNING] NPZReaderS3Iterable[thread=3] [resource-probe] RAM projection: prefetch=64 x dataloader_workers=4 x ranks_per_node=8 x record_length=139 MiB = 286329 MiB of in-flight buffer memory, but only 329337 MiB (of 386919 MiB total) is currently available.  OOM / swap-thrash under load is likely.  Fix: reduce storage_options.prefetch_window, or reduce DataLoader worker count, or move the S3 target off-node.
[WARNING] NPZReaderS3Iterable[thread=0] [resource-probe] RAM projection: prefetch=64 x dataloader_workers=4 x ranks_per_node=8 x record_length=139 MiB = 286329 MiB of in-flight buffer memory, but only 329337 MiB (of 386919 MiB total) is currently available.  OOM / swap-thrash under load is likely.  Fix: reduce storage_options.prefetch_window, or reduce DataLoader worker count, or move the S3 target off-node.
[OUTPUT] 2026-07-23T07:42:06.834594 Worker pre-warm complete for epoch 3 (4 workers spawned)
[OUTPUT] 2026-07-23T07:42:07.249609 Starting epoch 3: 2008 steps expected
[OUTPUT] 2026-07-23T07:42:07.250137 Starting block 1
[WARNING] NPZReaderS3Iterable[thread=2] [resource-probe] RAM projection: prefetch=64 x dataloader_workers=4 x ranks_per_node=8 x record_length=139 MiB = 286329 MiB of in-flight buffer memory, but only 327069 MiB (of 386919 MiB total) is currently available.  OOM / swap-thrash under load is likely.  Fix: reduce storage_options.prefetch_window, or reduce DataLoader worker count, or move the S3 target off-node.
[WARNING] NPZReaderS3Iterable[thread=3] [resource-probe] RAM projection: prefetch=64 x dataloader_workers=4 x ranks_per_node=8 x record_length=139 MiB = 286329 MiB of in-flight buffer memory, but only 327068 MiB (of 386919 MiB total) is currently available.  OOM / swap-thrash under load is likely.  Fix: reduce storage_options.prefetch_window, or reduce DataLoader worker count, or move the S3 target off-node.
[WARNING] NPZReaderS3Iterable[thread=1] [resource-probe] RAM projection: prefetch=64 x dataloader_workers=4 x ranks_per_node=8 x record_length=139 MiB = 286329 MiB of in-flight buffer memory, but only 327067 MiB (of 386919 MiB total) is currently available.  OOM / swap-thrash under load is likely.  Fix: reduce storage_options.prefetch_window, or reduce DataLoader worker count, or move the S3 target off-node.
[WARNING] NPZReaderS3Iterable[thread=0] [resource-probe] RAM projection: prefetch=64 x dataloader_workers=4 x ranks_per_node=8 x record_length=139 MiB = 286329 MiB of in-flight buffer memory, but only 327064 MiB (of 386919 MiB total) is currently available.  OOM / swap-thrash under load is likely.  Fix: reduce storage_options.prefetch_window, or reduce DataLoader worker count, or move the S3 target off-node.
[OUTPUT] 2026-07-23T07:47:43.091764 Ending block 1 - 2008 steps completed in 335.84 s
[OUTPUT] 2026-07-23T07:47:43.094447 Epoch 3 - Block 1 [Training] Accelerator Utilization [AU] (%): 97.9136
[OUTPUT] 2026-07-23T07:47:43.094551 Epoch 3 - Block 1 [Training] Throughput (samples/second): 338.1704
[OUTPUT] 2026-07-23T07:47:43.095025 Epoch 3 - Block 1 [Training] Computation time per step (second): 0.1621+/-0.0000 (set value: {'mean': 0.162})
[OUTPUT] 2026-07-23T07:47:43.095806 Ending epoch 3 - 2008 steps completed in 335.85 s
[OUTPUT] 2026-07-23T07:47:43.108718 Reshard for epoch 4: 14062 train files, 0 eval files redistributed via alltoall in 0.01s
[WARNING] NPZReaderS3Iterable[thread=3] [resource-probe] RAM projection: prefetch=64 x dataloader_workers=4 x ranks_per_node=8 x record_length=139 MiB = 286329 MiB of in-flight buffer memory, but only 329689 MiB (of 386919 MiB total) is currently available.  OOM / swap-thrash under load is likely.  Fix: reduce storage_options.prefetch_window, or reduce DataLoader worker count, or move the S3 target off-node.
[WARNING] NPZReaderS3Iterable[thread=1] [resource-probe] RAM projection: prefetch=64 x dataloader_workers=4 x ranks_per_node=8 x record_length=139 MiB = 286329 MiB of in-flight buffer memory, but only 329689 MiB (of 386919 MiB total) is currently available.  OOM / swap-thrash under load is likely.  Fix: reduce storage_options.prefetch_window, or reduce DataLoader worker count, or move the S3 target off-node.
[WARNING] NPZReaderS3Iterable[thread=0] [resource-probe] RAM projection: prefetch=64 x dataloader_workers=4 x ranks_per_node=8 x record_length=139 MiB = 286329 MiB of in-flight buffer memory, but only 329698 MiB (of 386919 MiB total) is currently available.  OOM / swap-thrash under load is likely.  Fix: reduce storage_options.prefetch_window, or reduce DataLoader worker count, or move the S3 target off-node.
[WARNING] NPZReaderS3Iterable[thread=2] [resource-probe] RAM projection: prefetch=64 x dataloader_workers=4 x ranks_per_node=8 x record_length=139 MiB = 286329 MiB of in-flight buffer memory, but only 329698 MiB (of 386919 MiB total) is currently available.  OOM / swap-thrash under load is likely.  Fix: reduce storage_options.prefetch_window, or reduce DataLoader worker count, or move the S3 target off-node.
[OUTPUT] 2026-07-23T07:47:46.713554 Worker pre-warm complete for epoch 4 (4 workers spawned)
[OUTPUT] 2026-07-23T07:47:46.981562 Starting epoch 4: 2008 steps expected
[OUTPUT] 2026-07-23T07:47:46.982095 Starting block 1
[WARNING] NPZReaderS3Iterable[thread=1] [resource-probe] RAM projection: prefetch=64 x dataloader_workers=4 x ranks_per_node=8 x record_length=139 MiB = 286329 MiB of in-flight buffer memory, but only 327367 MiB (of 386919 MiB total) is currently available.  OOM / swap-thrash under load is likely.  Fix: reduce storage_options.prefetch_window, or reduce DataLoader worker count, or move the S3 target off-node.
[WARNING] NPZReaderS3Iterable[thread=3] [resource-probe] RAM projection: prefetch=64 x dataloader_workers=4 x ranks_per_node=8 x record_length=139 MiB = 286329 MiB of in-flight buffer memory, but only 327367 MiB (of 386919 MiB total) is currently available.  OOM / swap-thrash under load is likely.  Fix: reduce storage_options.prefetch_window, or reduce DataLoader worker count, or move the S3 target off-node.
[WARNING] NPZReaderS3Iterable[thread=2] [resource-probe] RAM projection: prefetch=64 x dataloader_workers=4 x ranks_per_node=8 x record_length=139 MiB = 286329 MiB of in-flight buffer memory, but only 327367 MiB (of 386919 MiB total) is currently available.  OOM / swap-thrash under load is likely.  Fix: reduce storage_options.prefetch_window, or reduce DataLoader worker count, or move the S3 target off-node.
[WARNING] NPZReaderS3Iterable[thread=0] [resource-probe] RAM projection: prefetch=64 x dataloader_workers=4 x ranks_per_node=8 x record_length=139 MiB = 286329 MiB of in-flight buffer memory, but only 327367 MiB (of 386919 MiB total) is currently available.  OOM / swap-thrash under load is likely.  Fix: reduce storage_options.prefetch_window, or reduce DataLoader worker count, or move the S3 target off-node.
[OUTPUT] 2026-07-23T07:53:22.635617 Ending block 1 - 2008 steps completed in 335.65 s
[OUTPUT] 2026-07-23T07:53:22.638212 Epoch 4 - Block 1 [Training] Accelerator Utilization [AU] (%): 98.0239
[OUTPUT] 2026-07-23T07:53:22.638294 Epoch 4 - Block 1 [Training] Throughput (samples/second): 338.5494
[OUTPUT] 2026-07-23T07:53:22.638933 Epoch 4 - Block 1 [Training] Computation time per step (second): 0.1621+/-0.0000 (set value: {'mean': 0.162})
[OUTPUT] 2026-07-23T07:53:22.639502 Ending epoch 4 - 2008 steps completed in 335.66 s
[OUTPUT] 2026-07-23T07:53:22.653519 Reshard for epoch 5: 14062 train files, 0 eval files redistributed via alltoall in 0.01s
[WARNING] NPZReaderS3Iterable[thread=2] [resource-probe] RAM projection: prefetch=64 x dataloader_workers=4 x ranks_per_node=8 x record_length=139 MiB = 286329 MiB of in-flight buffer memory, but only 329893 MiB (of 386919 MiB total) is currently available.  OOM / swap-thrash under load is likely.  Fix: reduce storage_options.prefetch_window, or reduce DataLoader worker count, or move the S3 target off-node.
[WARNING] NPZReaderS3Iterable[thread=3] [resource-probe] RAM projection: prefetch=64 x dataloader_workers=4 x ranks_per_node=8 x record_length=139 MiB = 286329 MiB of in-flight buffer memory, but only 329893 MiB (of 386919 MiB total) is currently available.  OOM / swap-thrash under load is likely.  Fix: reduce storage_options.prefetch_window, or reduce DataLoader worker count, or move the S3 target off-node.
[WARNING] NPZReaderS3Iterable[thread=1] [resource-probe] RAM projection: prefetch=64 x dataloader_workers=4 x ranks_per_node=8 x record_length=139 MiB = 286329 MiB of in-flight buffer memory, but only 329893 MiB (of 386919 MiB total) is currently available.  OOM / swap-thrash under load is likely.  Fix: reduce storage_options.prefetch_window, or reduce DataLoader worker count, or move the S3 target off-node.
[WARNING] NPZReaderS3Iterable[thread=0] [resource-probe] RAM projection: prefetch=64 x dataloader_workers=4 x ranks_per_node=8 x record_length=139 MiB = 286329 MiB of in-flight buffer memory, but only 329893 MiB (of 386919 MiB total) is currently available.  OOM / swap-thrash under load is likely.  Fix: reduce storage_options.prefetch_window, or reduce DataLoader worker count, or move the S3 target off-node.
[OUTPUT] 2026-07-23T07:53:25.866558 Worker pre-warm complete for epoch 5 (4 workers spawned)
[OUTPUT] 2026-07-23T07:53:26.966544 Starting epoch 5: 2008 steps expected
[OUTPUT] 2026-07-23T07:53:26.967094 Starting block 1
[WARNING] NPZReaderS3Iterable[thread=2] [resource-probe] RAM projection: prefetch=64 x dataloader_workers=4 x ranks_per_node=8 x record_length=139 MiB = 286329 MiB of in-flight buffer memory, but only 327288 MiB (of 386919 MiB total) is currently available.  OOM / swap-thrash under load is likely.  Fix: reduce storage_options.prefetch_window, or reduce DataLoader worker count, or move the S3 target off-node.
[WARNING] NPZReaderS3Iterable[thread=3] [resource-probe] RAM projection: prefetch=64 x dataloader_workers=4 x ranks_per_node=8 x record_length=139 MiB = 286329 MiB of in-flight buffer memory, but only 327288 MiB (of 386919 MiB total) is currently available.  OOM / swap-thrash under load is likely.  Fix: reduce storage_options.prefetch_window, or reduce DataLoader worker count, or move the S3 target off-node.
[WARNING] NPZReaderS3Iterable[thread=0] [resource-probe] RAM projection: prefetch=64 x dataloader_workers=4 x ranks_per_node=8 x record_length=139 MiB = 286329 MiB of in-flight buffer memory, but only 327288 MiB (of 386919 MiB total) is currently available.  OOM / swap-thrash under load is likely.  Fix: reduce storage_options.prefetch_window, or reduce DataLoader worker count, or move the S3 target off-node.
[WARNING] NPZReaderS3Iterable[thread=1] [resource-probe] RAM projection: prefetch=64 x dataloader_workers=4 x ranks_per_node=8 x record_length=139 MiB = 286329 MiB of in-flight buffer memory, but only 327288 MiB (of 386919 MiB total) is currently available.  OOM / swap-thrash under load is likely.  Fix: reduce storage_options.prefetch_window, or reduce DataLoader worker count, or move the S3 target off-node.
[OUTPUT] 2026-07-23T07:59:02.221842 Ending block 1 - 2008 steps completed in 335.25 s
[OUTPUT] 2026-07-23T07:59:02.224643 Epoch 5 - Block 1 [Training] Accelerator Utilization [AU] (%): 98.1884
[OUTPUT] 2026-07-23T07:59:02.224777 Epoch 5 - Block 1 [Training] Throughput (samples/second): 339.1196
[OUTPUT] 2026-07-23T07:59:02.225168 Epoch 5 - Block 1 [Training] Computation time per step (second): 0.1621+/-0.0000 (set value: {'mean': 0.162})
[OUTPUT] 2026-07-23T07:59:02.225939 Ending epoch 5 - 2008 steps completed in 335.26 s
[OUTPUT] 2026-07-23T07:59:02.238350 Reshard for epoch 6: 14062 train files, 0 eval files redistributed via alltoall in 0.01s
[WARNING] NPZReaderS3Iterable[thread=2] [resource-probe] RAM projection: prefetch=64 x dataloader_workers=4 x ranks_per_node=8 x record_length=139 MiB = 286329 MiB of in-flight buffer memory, but only 329611 MiB (of 386919 MiB total) is currently available.  OOM / swap-thrash under load is likely.  Fix: reduce storage_options.prefetch_window, or reduce DataLoader worker count, or move the S3 target off-node.
[WARNING] NPZReaderS3Iterable[thread=3] [resource-probe] RAM projection: prefetch=64 x dataloader_workers=4 x ranks_per_node=8 x record_length=139 MiB = 286329 MiB of in-flight buffer memory, but only 329611 MiB (of 386919 MiB total) is currently available.  OOM / swap-thrash under load is likely.  Fix: reduce storage_options.prefetch_window, or reduce DataLoader worker count, or move the S3 target off-node.
[WARNING] NPZReaderS3Iterable[thread=1] [resource-probe] RAM projection: prefetch=64 x dataloader_workers=4 x ranks_per_node=8 x record_length=139 MiB = 286329 MiB of in-flight buffer memory, but only 329611 MiB (of 386919 MiB total) is currently available.  OOM / swap-thrash under load is likely.  Fix: reduce storage_options.prefetch_window, or reduce DataLoader worker count, or move the S3 target off-node.
[WARNING] NPZReaderS3Iterable[thread=0] [resource-probe] RAM projection: prefetch=64 x dataloader_workers=4 x ranks_per_node=8 x record_length=139 MiB = 286329 MiB of in-flight buffer memory, but only 329612 MiB (of 386919 MiB total) is currently available.  OOM / swap-thrash under load is likely.  Fix: reduce storage_options.prefetch_window, or reduce DataLoader worker count, or move the S3 target off-node.
[OUTPUT] 2026-07-23T07:59:05.444310 Worker pre-warm complete for epoch 6 (4 workers spawned)
[OUTPUT] 2026-07-23T07:59:06.416891 Saved outputs in /home/abhgaikwad/mlps-gcp-unet-submission/closed/nvidia/results/aistore-3n-gcp-z3-200g-8client-n2d96/training/unet3d/run/20260723_073017
[OUTPUT] Averaged metric over all steps/epochs
[METRIC] ==========================================================
[METRIC] Number of Simulated Accelerators: 8 
[METRIC] Training Accelerator Utilization [AU] (%): 97.9460 (0.2011)
[METRIC] Training Throughput (samples/second): 338.2695 (0.6946)
[METRIC] Training I/O Throughput (MiB/second): 47293.1998 (97.1157)
[METRIC] train_au_meet_expectation: success
[METRIC] ==========================================================

[OUTPUT] 2026-07-23T07:59:06.451904 outputs saved in RANKID_output.json
