[OUTPUT] [DEBUG DLIOBenchmark.__init__] After LoadConfig:
[OUTPUT]   storage_type   = <StorageType.S3: 's3'>
[OUTPUT]   storage_root   = 'mlp-unet3d-aws-5c'
[OUTPUT]   storage_options= {'storage_library': 's3dlio', 'uri_scheme': 's3', 'access_key_id': 'testing', 'secret_access_key': 'testing', 'endpoint_url': 'http://ip-100-64-177-85.ec2.internal:51080/s3/', 'region': 'us-east-1'}
[OUTPUT]   data_folder    = 'data/final/unet-n8-rt2-exact-v1/unet3d'
[OUTPUT]   framework      = <FrameworkType.PYTORCH: 'pytorch'>
[OUTPUT]   num_files_train= 56250
[OUTPUT]   record_length  = 146600628
[OUTPUT]   generate_data  = False
[OUTPUT]   do_train       = True
[OUTPUT]   do_checkpoint  = False
[OUTPUT]   epochs         = 5
[OUTPUT]   batch_size     = 7
[OUTPUT] 2026-07-17T06:59:34.780317 Running DLIO [Training] with 8 process(es)
[OUTPUT] 2026-07-17T06:59:34.797771 skip_listing [train]: validating 58 of 56,250 files (first, last, every 1,000) via HEAD requests ...
[OUTPUT] 2026-07-17T06:59:34.823838 skip_listing [train]: validation complete — all 58 samples exist (0.0s, 2231 checks/s); 7,032 URIs ready for rank 0 (56,250 total across all ranks)
[OUTPUT] 2026-07-17T06:59:34.823914 File listing [train]: 56250 files discovered, 7031 assigned to rank 0, completed in 0.04s
[OUTPUT] 2026-07-17T06:59:34.823951 skip_listing [valid]: generated 0 file URIs deterministically (0 total — validation disabled)
[OUTPUT] 2026-07-17T06:59:34.823974 File listing [valid]: 0 files discovered, 0 assigned to rank 0, completed in 0.00s
[OUTPUT] 2026-07-17T06:59:34.823994 Streamed file sharding: 56250 train files across 8 ranks via round-robin (rank 0 shard: 7031 files)
[OUTPUT] 2026-07-17T06:59:35.001336 Max steps per epoch per rank: 8035 = 1 * 56250 / 7 (samples per file * local files / batch size)
[OUTPUT] 2026-07-17T06:59:35.009302 Reshard for epoch 1: 7031 train files, 0 eval files redistributed via alltoall in 0.01s
[OUTPUT] 2026-07-17T06:59:42.339691 Worker pre-warm complete (2 workers spawned)
[OUTPUT] 2026-07-17T06:59:42.615864 Starting epoch 1: 1004 steps expected
[OUTPUT] 2026-07-17T06:59:42.616089 Starting block 1
[OUTPUT] 2026-07-17T07:02:30.440646 Ending block 1 - 1004 steps completed in 167.82 s
[OUTPUT] 2026-07-17T07:02:30.447011 Epoch 1 - Block 1 [Training] Accelerator Utilization [AU] (%): 97.8471
[OUTPUT] 2026-07-17T07:02:30.447046 Epoch 1 - Block 1 [Training] Throughput (samples/second): 338.1060
[OUTPUT] 2026-07-17T07:02:30.448774 Epoch 1 - Block 1 [Training] Computation time per step (second): 0.1621+/-0.0000 (set value: {'mean': 0.162})
[OUTPUT] 2026-07-17T07:02:30.449156 Ending epoch 1 - 1004 steps completed in 167.83 s
[OUTPUT] 2026-07-17T07:02:30.454759 Reshard for epoch 2: 7031 train files, 0 eval files redistributed via alltoall in 0.00s
[OUTPUT] 2026-07-17T07:02:31.738689 Worker pre-warm complete for epoch 2 (2 workers spawned)
[OUTPUT] 2026-07-17T07:02:32.044745 Starting epoch 2: 1004 steps expected
[OUTPUT] 2026-07-17T07:02:32.044969 Starting block 1
[OUTPUT] 2026-07-17T07:05:19.250308 Ending block 1 - 1004 steps completed in 167.21 s
[OUTPUT] 2026-07-17T07:05:19.251797 Epoch 2 - Block 1 [Training] Accelerator Utilization [AU] (%): 98.3402
[OUTPUT] 2026-07-17T07:05:19.251832 Epoch 2 - Block 1 [Training] Throughput (samples/second): 339.7991
[OUTPUT] 2026-07-17T07:05:19.251980 Epoch 2 - Block 1 [Training] Computation time per step (second): 0.1621+/-0.0000 (set value: {'mean': 0.162})
[OUTPUT] 2026-07-17T07:05:19.252320 Ending epoch 2 - 1004 steps completed in 167.21 s
[OUTPUT] 2026-07-17T07:05:19.257695 Reshard for epoch 3: 7031 train files, 0 eval files redistributed via alltoall in 0.00s
[OUTPUT] 2026-07-17T07:05:20.261797 Worker pre-warm complete for epoch 3 (2 workers spawned)
[OUTPUT] 2026-07-17T07:05:20.773793 Starting epoch 3: 1004 steps expected
[OUTPUT] 2026-07-17T07:05:20.774011 Starting block 1
[OUTPUT] 2026-07-17T07:08:07.653313 Ending block 1 - 1004 steps completed in 166.88 s
[OUTPUT] 2026-07-17T07:08:07.654199 Epoch 3 - Block 1 [Training] Accelerator Utilization [AU] (%): 98.4416
[OUTPUT] 2026-07-17T07:08:07.654233 Epoch 3 - Block 1 [Training] Throughput (samples/second): 340.1463
[OUTPUT] 2026-07-17T07:08:07.654381 Epoch 3 - Block 1 [Training] Computation time per step (second): 0.1621+/-0.0000 (set value: {'mean': 0.162})
[OUTPUT] 2026-07-17T07:08:07.655217 Ending epoch 3 - 1004 steps completed in 166.88 s
[OUTPUT] 2026-07-17T07:08:07.660268 Reshard for epoch 4: 7031 train files, 0 eval files redistributed via alltoall in 0.00s
[OUTPUT] 2026-07-17T07:08:09.070980 Worker pre-warm complete for epoch 4 (2 workers spawned)
[OUTPUT] 2026-07-17T07:08:09.461269 Starting epoch 4: 1004 steps expected
[OUTPUT] 2026-07-17T07:08:09.461515 Starting block 1
[OUTPUT] 2026-07-17T07:10:56.670685 Ending block 1 - 1004 steps completed in 167.21 s
[OUTPUT] 2026-07-17T07:10:56.671583 Epoch 4 - Block 1 [Training] Accelerator Utilization [AU] (%): 98.7310
[OUTPUT] 2026-07-17T07:10:56.671621 Epoch 4 - Block 1 [Training] Throughput (samples/second): 341.1621
[OUTPUT] 2026-07-17T07:10:56.671765 Epoch 4 - Block 1 [Training] Computation time per step (second): 0.1621+/-0.0000 (set value: {'mean': 0.162})
[OUTPUT] 2026-07-17T07:10:56.672416 Ending epoch 4 - 1004 steps completed in 167.21 s
[OUTPUT] 2026-07-17T07:10:56.677662 Reshard for epoch 5: 7031 train files, 0 eval files redistributed via alltoall in 0.00s
[OUTPUT] 2026-07-17T07:10:57.576182 Worker pre-warm complete for epoch 5 (2 workers spawned)
[OUTPUT] 2026-07-17T07:10:58.001474 Starting epoch 5: 1004 steps expected
[OUTPUT] 2026-07-17T07:10:58.001679 Starting block 1
[OUTPUT] 2026-07-17T07:13:45.096945 Ending block 1 - 1004 steps completed in 167.10 s
[OUTPUT] 2026-07-17T07:13:45.097842 Epoch 5 - Block 1 [Training] Accelerator Utilization [AU] (%): 98.5539
[OUTPUT] 2026-07-17T07:13:45.097875 Epoch 5 - Block 1 [Training] Throughput (samples/second): 340.5473
[OUTPUT] 2026-07-17T07:13:45.098020 Epoch 5 - Block 1 [Training] Computation time per step (second): 0.1621+/-0.0000 (set value: {'mean': 0.162})
[OUTPUT] 2026-07-17T07:13:45.098831 Ending epoch 5 - 1004 steps completed in 167.10 s
[OUTPUT] 2026-07-17T07:13:45.104286 Reshard for epoch 6: 7031 train files, 0 eval files redistributed via alltoall in 0.00s
[OUTPUT] 2026-07-17T07:13:46.539236 Worker pre-warm complete for epoch 6 (2 workers spawned)
[OUTPUT] 2026-07-17T07:13:46.769033 Saved outputs in /home/ec2-user/mlps-aws-m8gn-unet-4c-final/closed/nvidia/results/aistore-3n-aws-i8ge-150g-4client-m8gn24xl/training/unet3d/run/20260717_065923
[OUTPUT] Averaged metric over all steps/epochs
[METRIC] ==========================================================
[METRIC] Number of Simulated Accelerators: 8 
[METRIC] Training Accelerator Utilization [AU] (%): 98.3919 (0.1701)
[METRIC] Training Throughput (samples/second): 339.9865 (0.5879)
[METRIC] Training I/O Throughput (MiB/second): 47533.2565 (82.1935)
[METRIC] train_au_meet_expectation: success
[METRIC] ==========================================================

[OUTPUT] 2026-07-17T07:13:46.789679 outputs saved in RANKID_output.json
