[OUTPUT] [DEBUG DLIOBenchmark.__init__] After LoadConfig:
[OUTPUT]   storage_type   = <StorageType.LOCAL_FS: 'local_fs'>
[OUTPUT]   storage_root   = './'
[OUTPUT]   storage_options= None
[OUTPUT]   data_folder    = '/mnt/glfs/GalaxSphere-3Tier0/training/retinanet'
[OUTPUT]   framework      = <FrameworkType.PYTORCH: 'pytorch'>
[OUTPUT]   num_files_train= 15958659
[OUTPUT]   record_length  = 322957
[OUTPUT]   generate_data  = False
[OUTPUT]   do_train       = True
[OUTPUT]   do_checkpoint  = False
[OUTPUT]   epochs         = 8
[OUTPUT]   batch_size     = 24
[OUTPUT] 2026-07-13T21:27:39.112612 Running DLIO [Training] with 153 process(es)
[OUTPUT] 2026-07-13T21:27:39.371780 skip_listing [train]: validating 15,960 of 15,958,659 files (first, last, every 1,000) via HEAD requests ...
[OUTPUT] 2026-07-13T21:27:39.376540 skip_listing [train]:   500/15,960 checked (3%)  —  109707 checks/s  —  ETA 0s  —  0 failed so far
[OUTPUT] 2026-07-13T21:27:39.379138 skip_listing [train]:   1,000/15,960 checked (6%)  —  139708 checks/s  —  ETA 0s  —  0 failed so far
[OUTPUT] 2026-07-13T21:27:39.381678 skip_listing [train]:   1,500/15,960 checked (9%)  —  154634 checks/s  —  ETA 0s  —  0 failed so far
[OUTPUT] 2026-07-13T21:27:39.384178 skip_listing [train]:   2,000/15,960 checked (13%)  —  163926 checks/s  —  ETA 0s  —  0 failed so far
[OUTPUT] 2026-07-13T21:27:39.386664 skip_listing [train]:   2,500/15,960 checked (16%)  —  170229 checks/s  —  ETA 0s  —  0 failed so far
[OUTPUT] 2026-07-13T21:27:39.389149 skip_listing [train]:   3,000/15,960 checked (19%)  —  174709 checks/s  —  ETA 0s  —  0 failed so far
[OUTPUT] 2026-07-13T21:27:39.391625 skip_listing [train]:   3,500/15,960 checked (22%)  —  178141 checks/s  —  ETA 0s  —  0 failed so far
[OUTPUT] 2026-07-13T21:27:39.394090 skip_listing [train]:   4,000/15,960 checked (25%)  —  180894 checks/s  —  ETA 0s  —  0 failed so far
[OUTPUT] 2026-07-13T21:27:39.396537 skip_listing [train]:   4,500/15,960 checked (28%)  —  183227 checks/s  —  ETA 0s  —  0 failed so far
[OUTPUT] 2026-07-13T21:27:39.399010 skip_listing [train]:   5,000/15,960 checked (31%)  —  184967 checks/s  —  ETA 0s  —  0 failed so far
[OUTPUT] 2026-07-13T21:27:39.401473 skip_listing [train]:   5,500/15,960 checked (34%)  —  186469 checks/s  —  ETA 0s  —  0 failed so far
[OUTPUT] 2026-07-13T21:27:39.403939 skip_listing [train]:   6,000/15,960 checked (38%)  —  187729 checks/s  —  ETA 0s  —  0 failed so far
[OUTPUT] 2026-07-13T21:27:39.406433 skip_listing [train]:   6,500/15,960 checked (41%)  —  188650 checks/s  —  ETA 0s  —  0 failed so far
[OUTPUT] 2026-07-13T21:27:39.408946 skip_listing [train]:   7,000/15,960 checked (44%)  —  189348 checks/s  —  ETA 0s  —  0 failed so far
[OUTPUT] 2026-07-13T21:27:39.411443 skip_listing [train]:   7,500/15,960 checked (47%)  —  190041 checks/s  —  ETA 0s  —  0 failed so far
[OUTPUT] 2026-07-13T21:27:39.413935 skip_listing [train]:   8,000/15,960 checked (50%)  —  190668 checks/s  —  ETA 0s  —  0 failed so far
[OUTPUT] 2026-07-13T21:27:39.416437 skip_listing [train]:   8,500/15,960 checked (53%)  —  191185 checks/s  —  ETA 0s  —  0 failed so far
[OUTPUT] 2026-07-13T21:27:39.418927 skip_listing [train]:   9,000/15,960 checked (56%)  —  191698 checks/s  —  ETA 0s  —  0 failed so far
[OUTPUT] 2026-07-13T21:27:39.421415 skip_listing [train]:   9,500/15,960 checked (60%)  —  192160 checks/s  —  ETA 0s  —  0 failed so far
[OUTPUT] 2026-07-13T21:27:39.423877 skip_listing [train]:   10,000/15,960 checked (63%)  —  192681 checks/s  —  ETA 0s  —  0 failed so far
[OUTPUT] 2026-07-13T21:27:39.426325 skip_listing [train]:   10,500/15,960 checked (66%)  —  193199 checks/s  —  ETA 0s  —  0 failed so far
[OUTPUT] 2026-07-13T21:27:39.428789 skip_listing [train]:   11,000/15,960 checked (69%)  —  193623 checks/s  —  ETA 0s  —  0 failed so far
[OUTPUT] 2026-07-13T21:27:39.431240 skip_listing [train]:   11,500/15,960 checked (72%)  —  194053 checks/s  —  ETA 0s  —  0 failed so far
[OUTPUT] 2026-07-13T21:27:39.433707 skip_listing [train]:   12,000/15,960 checked (75%)  —  194397 checks/s  —  ETA 0s  —  0 failed so far
[OUTPUT] 2026-07-13T21:27:39.436150 skip_listing [train]:   12,500/15,960 checked (78%)  —  194787 checks/s  —  ETA 0s  —  0 failed so far
[OUTPUT] 2026-07-13T21:27:39.438580 skip_listing [train]:   13,000/15,960 checked (81%)  —  195187 checks/s  —  ETA 0s  —  0 failed so far
[OUTPUT] 2026-07-13T21:27:39.441029 skip_listing [train]:   13,500/15,960 checked (85%)  —  195506 checks/s  —  ETA 0s  —  0 failed so far
[OUTPUT] 2026-07-13T21:27:39.443471 skip_listing [train]:   14,000/15,960 checked (88%)  —  195820 checks/s  —  ETA 0s  —  0 failed so far
[OUTPUT] 2026-07-13T21:27:39.445923 skip_listing [train]:   14,500/15,960 checked (91%)  —  196090 checks/s  —  ETA 0s  —  0 failed so far
[OUTPUT] 2026-07-13T21:27:39.448399 skip_listing [train]:   15,000/15,960 checked (94%)  —  196279 checks/s  —  ETA 0s  —  0 failed so far
[OUTPUT] 2026-07-13T21:27:39.450849 skip_listing [train]:   15,500/15,960 checked (97%)  —  196523 checks/s  —  ETA 0s  —  0 failed so far
[OUTPUT] 2026-07-13T21:27:39.453246 skip_listing [train]: validation complete — all 15,960 samples exist (0.1s, 196388 checks/s); 104,305 URIs ready for rank 0 (15,958,659 total across all ranks)
[OUTPUT] 2026-07-13T21:27:39.453870 File listing [train]: 15958659 files discovered, 104304 assigned to rank 0, completed in 0.31s
[OUTPUT] 2026-07-13T21:27:39.453897 skip_listing [valid]: generated 0 file URIs deterministically (0 total — validation disabled)
[OUTPUT] 2026-07-13T21:27:39.453913 File listing [valid]: 0 files discovered, 0 assigned to rank 0, completed in 0.00s
[OUTPUT] 2026-07-13T21:27:39.453930 Streamed file sharding: 15958659 train files across 153 ranks via round-robin (rank 0 shard: 104304 files)
[OUTPUT] 2026-07-13T21:28:16.360116 Max steps per epoch per rank: 664944 = 1 * 15958659 / 24 (samples per file * local files / batch size)
[OUTPUT] 2026-07-13T21:28:17.845761 Reshard for epoch 1: 104304 train files, 0 eval files redistributed via alltoall in 1.49s
[OUTPUT] 2026-07-13T21:28:19.261131 Worker pre-warm complete (4 workers spawned)
[OUTPUT] 2026-07-13T21:28:24.510570 Starting epoch 1: 4346 steps expected
[OUTPUT] 2026-07-13T21:28:24.511056 Starting block 1
[OUTPUT] 2026-07-13T21:32:28.185300 Ending block 1 - 4346 steps completed in 243.67 s
[OUTPUT] 2026-07-13T21:32:28.187373 Epoch 1 - Block 1 [Training] Accelerator Utilization [AU] (%): 85.2212
[OUTPUT] 2026-07-13T21:32:28.187412 Epoch 1 - Block 1 [Training] Throughput (samples/second): 65710.9309
[OUTPUT] 2026-07-13T21:32:28.188492 Epoch 1 - Block 1 [Training] Computation time per step (second): 0.0476+/-0.0000 (set value: {'mean': 0.04755})
[OUTPUT] 2026-07-13T21:32:28.574134 Ending epoch 1 - 4346 steps completed in 244.06 s
[OUTPUT] 2026-07-13T21:32:29.782760 Reshard for epoch 2: 104304 train files, 0 eval files redistributed via alltoall in 1.21s
[OUTPUT] 2026-07-13T21:32:31.449073 Worker pre-warm complete for epoch 2 (4 workers spawned)
[OUTPUT] 2026-07-13T21:32:46.986876 Starting epoch 2: 4346 steps expected
[OUTPUT] 2026-07-13T21:32:46.987379 Starting block 1
[OUTPUT] 2026-07-13T21:36:50.857599 Ending block 1 - 4346 steps completed in 243.87 s
[OUTPUT] 2026-07-13T21:36:50.858794 Epoch 2 - Block 1 [Training] Accelerator Utilization [AU] (%): 85.1505
[OUTPUT] 2026-07-13T21:36:50.858832 Epoch 2 - Block 1 [Training] Throughput (samples/second): 65659.0042
[OUTPUT] 2026-07-13T21:36:50.859176 Epoch 2 - Block 1 [Training] Computation time per step (second): 0.0476+/-0.0000 (set value: {'mean': 0.04755})
[OUTPUT] 2026-07-13T21:36:51.305673 Ending epoch 2 - 4346 steps completed in 244.32 s
[OUTPUT] 2026-07-13T21:36:52.478731 Reshard for epoch 3: 104304 train files, 0 eval files redistributed via alltoall in 1.17s
[OUTPUT] 2026-07-13T21:36:53.781714 Worker pre-warm complete for epoch 3 (4 workers spawned)
[OUTPUT] 2026-07-13T21:37:09.410600 Starting epoch 3: 4346 steps expected
[OUTPUT] 2026-07-13T21:37:09.411173 Starting block 1
[OUTPUT] 2026-07-13T21:41:13.170482 Ending block 1 - 4346 steps completed in 243.76 s
[OUTPUT] 2026-07-13T21:41:13.171581 Epoch 3 - Block 1 [Training] Accelerator Utilization [AU] (%): 85.1791
[OUTPUT] 2026-07-13T21:41:13.171618 Epoch 3 - Block 1 [Training] Throughput (samples/second): 65681.3155
[OUTPUT] 2026-07-13T21:41:13.171927 Epoch 3 - Block 1 [Training] Computation time per step (second): 0.0476+/-0.0000 (set value: {'mean': 0.04755})
[OUTPUT] 2026-07-13T21:41:13.663067 Ending epoch 3 - 4346 steps completed in 244.25 s
[OUTPUT] 2026-07-13T21:41:14.813379 Reshard for epoch 4: 104304 train files, 0 eval files redistributed via alltoall in 1.15s
[OUTPUT] 2026-07-13T21:41:16.294543 Worker pre-warm complete for epoch 4 (4 workers spawned)
[OUTPUT] 2026-07-13T21:41:31.654485 Starting epoch 4: 4346 steps expected
[OUTPUT] 2026-07-13T21:41:31.655088 Starting block 1
[OUTPUT] 2026-07-13T21:45:35.473683 Ending block 1 - 4346 steps completed in 243.82 s
[OUTPUT] 2026-07-13T21:45:35.474845 Epoch 4 - Block 1 [Training] Accelerator Utilization [AU] (%): 85.1727
[OUTPUT] 2026-07-13T21:45:35.474878 Epoch 4 - Block 1 [Training] Throughput (samples/second): 65675.9164
[OUTPUT] 2026-07-13T21:45:35.475181 Epoch 4 - Block 1 [Training] Computation time per step (second): 0.0476+/-0.0000 (set value: {'mean': 0.04755})
[OUTPUT] 2026-07-13T21:45:35.954934 Ending epoch 4 - 4346 steps completed in 244.30 s
[OUTPUT] 2026-07-13T21:45:37.133553 Reshard for epoch 5: 104304 train files, 0 eval files redistributed via alltoall in 1.18s
[OUTPUT] 2026-07-13T21:45:38.620577 Worker pre-warm complete for epoch 5 (4 workers spawned)
[OUTPUT] 2026-07-13T21:45:53.778239 Starting epoch 5: 4346 steps expected
[OUTPUT] 2026-07-13T21:45:53.778688 Starting block 1
[OUTPUT] 2026-07-13T21:49:57.720778 Ending block 1 - 4346 steps completed in 243.94 s
[OUTPUT] 2026-07-13T21:49:57.721945 Epoch 5 - Block 1 [Training] Accelerator Utilization [AU] (%): 85.1303
[OUTPUT] 2026-07-13T21:49:57.723274 Epoch 5 - Block 1 [Training] Throughput (samples/second): 65643.0349
[OUTPUT] 2026-07-13T21:49:57.723595 Epoch 5 - Block 1 [Training] Computation time per step (second): 0.0476+/-0.0000 (set value: {'mean': 0.04755})
[OUTPUT] 2026-07-13T21:49:58.201673 Ending epoch 5 - 4346 steps completed in 244.42 s
[OUTPUT] 2026-07-13T21:49:59.411571 Reshard for epoch 6: 104304 train files, 0 eval files redistributed via alltoall in 1.21s
[OUTPUT] 2026-07-13T21:50:00.674089 Worker pre-warm complete for epoch 6 (4 workers spawned)
[OUTPUT] 2026-07-13T21:50:16.175866 Starting epoch 6: 4346 steps expected
[OUTPUT] 2026-07-13T21:50:16.176270 Starting block 1
[OUTPUT] 2026-07-13T21:54:20.067343 Ending block 1 - 4346 steps completed in 243.89 s
[OUTPUT] 2026-07-13T21:54:20.072254 Epoch 6 - Block 1 [Training] Accelerator Utilization [AU] (%): 85.1418
[OUTPUT] 2026-07-13T21:54:20.072353 Epoch 6 - Block 1 [Training] Throughput (samples/second): 65652.3869
[OUTPUT] 2026-07-13T21:54:20.072741 Epoch 6 - Block 1 [Training] Computation time per step (second): 0.0476+/-0.0000 (set value: {'mean': 0.04755})
[OUTPUT] 2026-07-13T21:54:20.676161 Ending epoch 6 - 4346 steps completed in 244.50 s
[OUTPUT] 2026-07-13T21:54:21.899163 Reshard for epoch 7: 104304 train files, 0 eval files redistributed via alltoall in 1.22s
[OUTPUT] 2026-07-13T21:54:23.379556 Worker pre-warm complete for epoch 7 (4 workers spawned)
[OUTPUT] 2026-07-13T21:54:53.571286 Starting epoch 7: 4346 steps expected
[OUTPUT] 2026-07-13T21:54:53.571747 Starting block 1
[OUTPUT] 2026-07-13T21:58:57.432092 Ending block 1 - 4346 steps completed in 243.86 s
[OUTPUT] 2026-07-13T21:58:57.433324 Epoch 7 - Block 1 [Training] Accelerator Utilization [AU] (%): 85.1584
[OUTPUT] 2026-07-13T21:58:57.433362 Epoch 7 - Block 1 [Training] Throughput (samples/second): 65663.7745
[OUTPUT] 2026-07-13T21:58:57.433707 Epoch 7 - Block 1 [Training] Computation time per step (second): 0.0476+/-0.0000 (set value: {'mean': 0.04755})
[OUTPUT] 2026-07-13T21:58:57.937770 Ending epoch 7 - 4346 steps completed in 244.37 s
[OUTPUT] 2026-07-13T21:58:59.145395 Reshard for epoch 8: 104304 train files, 0 eval files redistributed via alltoall in 1.21s
[OUTPUT] 2026-07-13T21:59:00.613772 Worker pre-warm complete for epoch 8 (4 workers spawned)
[OUTPUT] 2026-07-13T21:59:28.586433 Starting epoch 8: 4346 steps expected
[OUTPUT] 2026-07-13T21:59:28.586933 Starting block 1
[OUTPUT] 2026-07-13T22:03:32.398883 Ending block 1 - 4346 steps completed in 243.81 s
[OUTPUT] 2026-07-13T22:03:32.400091 Epoch 8 - Block 1 [Training] Accelerator Utilization [AU] (%): 85.1890
[OUTPUT] 2026-07-13T22:03:32.400134 Epoch 8 - Block 1 [Training] Throughput (samples/second): 65686.8196
[OUTPUT] 2026-07-13T22:03:32.400441 Epoch 8 - Block 1 [Training] Computation time per step (second): 0.0476+/-0.0000 (set value: {'mean': 0.04755})
[OUTPUT] 2026-07-13T22:03:32.943478 Ending epoch 8 - 4346 steps completed in 244.36 s
[OUTPUT] 2026-07-13T22:03:34.162064 Reshard for epoch 9: 104304 train files, 0 eval files redistributed via alltoall in 1.22s
[OUTPUT] 2026-07-13T22:03:35.694362 Worker pre-warm complete for epoch 9 (4 workers spawned)
[OUTPUT] 2026-07-13T22:03:35.961259 Saved outputs in /root/Suzhou_Zishan_Longlin/closed/Suzhou_Zishan_Longlin/results/GalaxSphere-3Tier0/training/retinanet/run/20260713_212644
[OUTPUT] Averaged metric over all steps/epochs
[METRIC] ==========================================================
[METRIC] Number of Simulated Accelerators: 153 
[METRIC] Training Accelerator Utilization [AU] (%): 85.0485 (0.0358)
[METRIC] Training Throughput (samples/second): 65579.2705 (27.0632)
[METRIC] Training I/O Throughput (MiB/second): 20198.1396 (8.3353)
[METRIC] train_au_meet_expectation: success
[METRIC] ==========================================================

[OUTPUT] 2026-07-13T22:03:36.411282 outputs saved in RANKID_output.json
