[OUTPUT] [DEBUG DLIOBenchmark.__init__] After LoadConfig:
[OUTPUT]   storage_type   = <StorageType.LOCAL_FS: 'local_fs'>
[OUTPUT]   storage_root   = './'
[OUTPUT]   storage_options= None
[OUTPUT]   data_folder    = '/mlperf-storage/mlpstorage_run/unet3d_data/unet3d'
[OUTPUT]   framework      = <FrameworkType.PYTORCH: 'pytorch'>
[OUTPUT]   num_files_train= 450002
[OUTPUT]   record_length  = 146600628
[OUTPUT]   generate_data  = False
[OUTPUT]   do_train       = True
[OUTPUT]   do_checkpoint  = False
[OUTPUT]   epochs         = 5
[OUTPUT]   batch_size     = 7
[OUTPUT] 2026-07-23T21:42:55.022789 Running DLIO [Training] with 16 process(es)
[OUTPUT] 2026-07-23T21:42:55.254179 skip_listing [train]: validating 4,502 of 450,002 files (first, last, every 100) via HEAD requests ...
[OUTPUT] 2026-07-23T21:42:55.670305 skip_listing [train]:   450/4,502 checked (10%)  —  1082 checks/s  —  ETA 4s  —  0 failed so far
[OUTPUT] 2026-07-23T21:42:56.090707 skip_listing [train]:   900/4,502 checked (20%)  —  1076 checks/s  —  ETA 3s  —  0 failed so far
[OUTPUT] 2026-07-23T21:42:56.495979 skip_listing [train]:   1,350/4,502 checked (30%)  —  1087 checks/s  —  ETA 3s  —  0 failed so far
[OUTPUT] 2026-07-23T21:42:56.907783 skip_listing [train]:   1,800/4,502 checked (40%)  —  1089 checks/s  —  ETA 2s  —  0 failed so far
[OUTPUT] 2026-07-23T21:42:57.354481 skip_listing [train]:   2,250/4,502 checked (50%)  —  1071 checks/s  —  ETA 2s  —  0 failed so far
[OUTPUT] 2026-07-23T21:42:57.819427 skip_listing [train]:   2,700/4,502 checked (60%)  —  1053 checks/s  —  ETA 2s  —  0 failed so far
[OUTPUT] 2026-07-23T21:42:58.294186 skip_listing [train]:   3,150/4,502 checked (70%)  —  1036 checks/s  —  ETA 1s  —  0 failed so far
[OUTPUT] 2026-07-23T21:42:58.921178 skip_listing [train]:   3,600/4,502 checked (80%)  —  982 checks/s  —  ETA 1s  —  0 failed so far
[OUTPUT] 2026-07-23T21:42:59.398845 skip_listing [train]:   4,050/4,502 checked (90%)  —  977 checks/s  —  ETA 0s  —  0 failed so far
[OUTPUT] 2026-07-23T21:42:59.894768 skip_listing [train]:   4,500/4,502 checked (100%)  —  970 checks/s  —  ETA 0s  —  0 failed so far
[OUTPUT] 2026-07-23T21:42:59.896020 skip_listing [train]: validation complete — all 4,502 samples exist (4.6s, 970 checks/s); 28,126 URIs ready for rank 0 (450,002 total across all ranks)
[OUTPUT] 2026-07-23T21:42:59.897349 File listing [train]: 450002 files discovered, 28125 assigned to rank 0, completed in 4.70s
[OUTPUT] 2026-07-23T21:42:59.897436 skip_listing [valid]: generated 0 file URIs deterministically (0 total — validation disabled)
[OUTPUT] 2026-07-23T21:42:59.897488 File listing [valid]: 0 files discovered, 0 assigned to rank 0, completed in 0.00s
[OUTPUT] 2026-07-23T21:42:59.897521 Streamed file sharding: 450002 train files across 16 ranks via round-robin (rank 0 shard: 28125 files)
[OUTPUT] 2026-07-23T21:43:00.948952 Max steps per epoch per rank: 64286 = 1 * 450002 / 7 (samples per file * local files / batch size)
[OUTPUT] 2026-07-23T21:43:01.024538 Reshard for epoch 1: 28125 train files, 0 eval files redistributed via alltoall in 0.08s
[OUTPUT] 2026-07-23T21:43:20.700999 Worker pre-warm complete (96 workers spawned)
[OUTPUT] 2026-07-23T21:43:21.407600 Starting epoch 1: 4017 steps expected
[OUTPUT] 2026-07-23T21:43:21.407892 Starting block 1
[OUTPUT] 2026-07-23T21:54:48.030955 Ending block 1 - 4017 steps completed in 686.62 s
[OUTPUT] 2026-07-23T21:54:48.200319 Epoch 1 - Block 1 [Training] Accelerator Utilization [AU] (%): 97.1895
[OUTPUT] 2026-07-23T21:54:48.200409 Epoch 1 - Block 1 [Training] Throughput (samples/second): 671.4591
[OUTPUT] 2026-07-23T21:54:48.202119 Epoch 1 - Block 1 [Training] Computation time per step (second): 0.1621+/-0.0000 (set value: {'mean': 0.162})
[OUTPUT] 2026-07-23T21:54:48.203526 Ending epoch 1 - 4017 steps completed in 686.80 s
[OUTPUT] 2026-07-23T21:54:48.227446 Reshard for epoch 2: 28125 train files, 0 eval files redistributed via alltoall in 0.02s
[OUTPUT] 2026-07-23T21:55:07.490444 Worker pre-warm complete for epoch 2 (96 workers spawned)
[OUTPUT] 2026-07-23T21:55:12.025656 Starting epoch 2: 4017 steps expected
[OUTPUT] 2026-07-23T21:55:12.026038 Starting block 1
[OUTPUT] 2026-07-23T22:06:40.196171 Ending block 1 - 4017 steps completed in 688.17 s
[OUTPUT] 2026-07-23T22:06:40.357582 Epoch 2 - Block 1 [Training] Accelerator Utilization [AU] (%): 96.8874
[OUTPUT] 2026-07-23T22:06:40.357648 Epoch 2 - Block 1 [Training] Throughput (samples/second): 669.3747
[OUTPUT] 2026-07-23T22:06:40.358113 Epoch 2 - Block 1 [Training] Computation time per step (second): 0.1621+/-0.0000 (set value: {'mean': 0.162})
[OUTPUT] 2026-07-23T22:06:40.359499 Ending epoch 2 - 4017 steps completed in 688.33 s
[OUTPUT] 2026-07-23T22:06:40.387371 Reshard for epoch 3: 28125 train files, 0 eval files redistributed via alltoall in 0.03s
Traceback (most recent call last):
  File "/usr/lib/python3.12/multiprocessing/util.py", line 303, in _run_finalizers
    finalizer()
  File "/usr/lib/python3.12/multiprocessing/util.py", line 227, in __call__
    res = self._callback(*self._args, **self._kwargs)
          ^^^^^^^^^^^^^^^^^^^^^^^^^^^^^^^^^^^^^^^^^^^
  File "/usr/lib/python3.12/multiprocessing/util.py", line 136, in _remove_temp_dir
    rmtree(tempdir, onerror=onerror)
  File "/usr/lib/python3.12/shutil.py", line 796, in rmtree
    onexc(os.rmdir, path, err)
  File "/usr/lib/python3.12/shutil.py", line 764, in onexc
    return onerror(func, path, exc_info)
           ^^^^^^^^^^^^^^^^^^^^^^^^^^^^^
  File "/usr/lib/python3.12/shutil.py", line 794, in rmtree
    os.rmdir(path, dir_fd=dir_fd)
OSError: [Errno 39] Directory not empty: '/tmp/pymp-2u98tpog'
[OUTPUT] 2026-07-23T22:06:58.306007 Worker pre-warm complete for epoch 3 (96 workers spawned)
[OUTPUT] 2026-07-23T22:07:02.832292 Starting epoch 3: 4017 steps expected
[OUTPUT] 2026-07-23T22:07:02.832629 Starting block 1
[OUTPUT] 2026-07-23T22:18:32.050661 Ending block 1 - 4017 steps completed in 689.22 s
[OUTPUT] 2026-07-23T22:18:32.209504 Epoch 3 - Block 1 [Training] Accelerator Utilization [AU] (%): 96.7980
[OUTPUT] 2026-07-23T22:18:32.209582 Epoch 3 - Block 1 [Training] Throughput (samples/second): 668.7495
[OUTPUT] 2026-07-23T22:18:32.209986 Epoch 3 - Block 1 [Training] Computation time per step (second): 0.1621+/-0.0000 (set value: {'mean': 0.162})
[OUTPUT] 2026-07-23T22:18:32.211150 Ending epoch 3 - 4017 steps completed in 689.38 s
[OUTPUT] 2026-07-23T22:18:32.239385 Reshard for epoch 4: 28125 train files, 0 eval files redistributed via alltoall in 0.03s
Traceback (most recent call last):
  File "/usr/lib/python3.12/multiprocessing/util.py", line 303, in _run_finalizers
    finalizer()
  File "/usr/lib/python3.12/multiprocessing/util.py", line 227, in __call__
    res = self._callback(*self._args, **self._kwargs)
          ^^^^^^^^^^^^^^^^^^^^^^^^^^^^^^^^^^^^^^^^^^^
  File "/usr/lib/python3.12/multiprocessing/util.py", line 136, in _remove_temp_dir
    rmtree(tempdir, onerror=onerror)
  File "/usr/lib/python3.12/shutil.py", line 796, in rmtree
    onexc(os.rmdir, path, err)
  File "/usr/lib/python3.12/shutil.py", line 764, in onexc
    return onerror(func, path, exc_info)
           ^^^^^^^^^^^^^^^^^^^^^^^^^^^^^
  File "/usr/lib/python3.12/shutil.py", line 794, in rmtree
    os.rmdir(path, dir_fd=dir_fd)
OSError: [Errno 39] Directory not empty: '/tmp/pymp-shl2h9e7'
Traceback (most recent call last):
  File "/usr/lib/python3.12/multiprocessing/util.py", line 303, in _run_finalizers
    finalizer()
  File "/usr/lib/python3.12/multiprocessing/util.py", line 227, in __call__
    res = self._callback(*self._args, **self._kwargs)
          ^^^^^^^^^^^^^^^^^^^^^^^^^^^^^^^^^^^^^^^^^^^
  File "/usr/lib/python3.12/multiprocessing/util.py", line 136, in _remove_temp_dir
    rmtree(tempdir, onerror=onerror)
  File "/usr/lib/python3.12/shutil.py", line 796, in rmtree
    onexc(os.rmdir, path, err)
  File "/usr/lib/python3.12/shutil.py", line 764, in onexc
    return onerror(func, path, exc_info)
           ^^^^^^^^^^^^^^^^^^^^^^^^^^^^^
  File "/usr/lib/python3.12/shutil.py", line 794, in rmtree
    os.rmdir(path, dir_fd=dir_fd)
OSError: [Errno 39] Directory not empty: '/tmp/pymp-9m4m2isw'
Traceback (most recent call last):
  File "/usr/lib/python3.12/multiprocessing/util.py", line 303, in _run_finalizers
    finalizer()
  File "/usr/lib/python3.12/multiprocessing/util.py", line 227, in __call__
    res = self._callback(*self._args, **self._kwargs)
          ^^^^^^^^^^^^^^^^^^^^^^^^^^^^^^^^^^^^^^^^^^^
  File "/usr/lib/python3.12/multiprocessing/util.py", line 136, in _remove_temp_dir
    rmtree(tempdir, onerror=onerror)
  File "/usr/lib/python3.12/shutil.py", line 796, in rmtree
    onexc(os.rmdir, path, err)
  File "/usr/lib/python3.12/shutil.py", line 764, in onexc
    return onerror(func, path, exc_info)
           ^^^^^^^^^^^^^^^^^^^^^^^^^^^^^
  File "/usr/lib/python3.12/shutil.py", line 794, in rmtree
    os.rmdir(path, dir_fd=dir_fd)
OSError: [Errno 39] Directory not empty: '/tmp/pymp-_qx34p68'
[OUTPUT] 2026-07-23T22:18:50.783097 Worker pre-warm complete for epoch 4 (96 workers spawned)
[OUTPUT] 2026-07-23T22:18:56.091472 Starting epoch 4: 4017 steps expected
[OUTPUT] 2026-07-23T22:18:56.091889 Starting block 1
[OUTPUT] 2026-07-23T22:30:22.561532 Ending block 1 - 4017 steps completed in 686.47 s
[OUTPUT] 2026-07-23T22:30:22.726761 Epoch 4 - Block 1 [Training] Accelerator Utilization [AU] (%): 97.0823
[OUTPUT] 2026-07-23T22:30:22.726845 Epoch 4 - Block 1 [Training] Throughput (samples/second): 670.7238
[OUTPUT] 2026-07-23T22:30:22.727285 Epoch 4 - Block 1 [Training] Computation time per step (second): 0.1621+/-0.0000 (set value: {'mean': 0.162})
[OUTPUT] 2026-07-23T22:30:22.728496 Ending epoch 4 - 4017 steps completed in 686.64 s
[OUTPUT] 2026-07-23T22:30:22.757474 Reshard for epoch 5: 28125 train files, 0 eval files redistributed via alltoall in 0.03s
Traceback (most recent call last):
  File "/usr/lib/python3.12/multiprocessing/util.py", line 303, in _run_finalizers
    finalizer()
  File "/usr/lib/python3.12/multiprocessing/util.py", line 227, in __call__
    res = self._callback(*self._args, **self._kwargs)
          ^^^^^^^^^^^^^^^^^^^^^^^^^^^^^^^^^^^^^^^^^^^
  File "/usr/lib/python3.12/multiprocessing/util.py", line 136, in _remove_temp_dir
    rmtree(tempdir, onerror=onerror)
  File "/usr/lib/python3.12/shutil.py", line 796, in rmtree
    onexc(os.rmdir, path, err)
  File "/usr/lib/python3.12/shutil.py", line 764, in onexc
    return onerror(func, path, exc_info)
           ^^^^^^^^^^^^^^^^^^^^^^^^^^^^^
  File "/usr/lib/python3.12/shutil.py", line 794, in rmtree
    os.rmdir(path, dir_fd=dir_fd)
OSError: [Errno 39] Directory not empty: '/tmp/pymp-0ny5zk41'
[OUTPUT] 2026-07-23T22:30:43.861928 Worker pre-warm complete for epoch 5 (96 workers spawned)
[OUTPUT] 2026-07-23T22:30:49.230750 Starting epoch 5: 4017 steps expected
[OUTPUT] 2026-07-23T22:30:49.231161 Starting block 1
[OUTPUT] 2026-07-23T22:42:17.172297 Ending block 1 - 4017 steps completed in 687.94 s
[OUTPUT] 2026-07-23T22:42:17.331063 Epoch 5 - Block 1 [Training] Accelerator Utilization [AU] (%): 96.9532
[OUTPUT] 2026-07-23T22:42:17.331142 Epoch 5 - Block 1 [Training] Throughput (samples/second): 669.8034
[OUTPUT] 2026-07-23T22:42:17.331536 Epoch 5 - Block 1 [Training] Computation time per step (second): 0.1621+/-0.0000 (set value: {'mean': 0.162})
[OUTPUT] 2026-07-23T22:42:17.333060 Ending epoch 5 - 4017 steps completed in 688.10 s
[OUTPUT] 2026-07-23T22:42:17.362060 Reshard for epoch 6: 28125 train files, 0 eval files redistributed via alltoall in 0.03s
[OUTPUT] 2026-07-23T22:42:36.176711 Worker pre-warm complete for epoch 6 (96 workers spawned)
[OUTPUT] 2026-07-23T22:42:36.208324 Saved outputs in /submission/submission_Microsoft_training/closed/Microsoft/results/AMLFS-Durable-Premium-500-200TiB-16-Standard_D192ds_v6/training/unet3d/run/20260723_214126
[OUTPUT] Averaged metric over all steps/epochs
[METRIC] ==========================================================
[METRIC] Number of Simulated Accelerators: 16 
[METRIC] Training Accelerator Utilization [AU] (%): 96.5972 (0.1602)
[METRIC] Training Throughput (samples/second): 667.3503 (1.1081)
[METRIC] Training I/O Throughput (MiB/second): 93301.7469 (154.9288)
[METRIC] train_au_meet_expectation: success
[METRIC] ==========================================================

[OUTPUT] 2026-07-23T22:42:38.810152 outputs saved in RANKID_output.json
