[OUTPUT] [DEBUG DLIOBenchmark.__init__] After LoadConfig:
[OUTPUT]   storage_type   = <StorageType.LOCAL_FS: 'local_fs'>
[OUTPUT]   storage_root   = './'
[OUTPUT]   storage_options= None
[OUTPUT]   data_folder    = '/mnt/alluxio/mlperf/retinanet'
[OUTPUT]   framework      = <FrameworkType.PYTORCH: 'pytorch'>
[OUTPUT]   num_files_train= 6500000
[OUTPUT]   record_length  = 322957
[OUTPUT]   generate_data  = False
[OUTPUT]   do_train       = True
[OUTPUT]   do_checkpoint  = False
[OUTPUT]   epochs         = 8
[OUTPUT]   batch_size     = 24
[OUTPUT] 2026-07-10T09:18:10.056969 Running DLIO [Training] with 32 process(es)
[OUTPUT] 2026-07-10T09:18:10.582029 skip_listing [train]: validating 6,501 of 6,500,000 files (first, last, every 1,000) via HEAD requests ...
[OUTPUT] 2026-07-10T09:18:10.757115 skip_listing [train]:   500/6,501 checked (8%)  —  2859 checks/s  —  ETA 2s  —  0 failed so far
[OUTPUT] 2026-07-10T09:18:10.923062 skip_listing [train]:   1,000/6,501 checked (15%)  —  2934 checks/s  —  ETA 2s  —  0 failed so far
[OUTPUT] 2026-07-10T09:18:11.088245 skip_listing [train]:   1,500/6,501 checked (23%)  —  2964 checks/s  —  ETA 2s  —  0 failed so far
[OUTPUT] 2026-07-10T09:18:11.248766 skip_listing [train]:   2,000/6,501 checked (31%)  —  3000 checks/s  —  ETA 2s  —  0 failed so far
[OUTPUT] 2026-07-10T09:18:11.407721 skip_listing [train]:   2,500/6,501 checked (38%)  —  3028 checks/s  —  ETA 1s  —  0 failed so far
[OUTPUT] 2026-07-10T09:18:11.568662 skip_listing [train]:   3,000/6,501 checked (46%)  —  3041 checks/s  —  ETA 1s  —  0 failed so far
[OUTPUT] 2026-07-10T09:18:11.731873 skip_listing [train]:   3,500/6,501 checked (54%)  —  3044 checks/s  —  ETA 1s  —  0 failed so far
[OUTPUT] 2026-07-10T09:18:11.895155 skip_listing [train]:   4,000/6,501 checked (62%)  —  3047 checks/s  —  ETA 1s  —  0 failed so far
[OUTPUT] 2026-07-10T09:18:12.060385 skip_listing [train]:   4,500/6,501 checked (69%)  —  3044 checks/s  —  ETA 1s  —  0 failed so far
[OUTPUT] 2026-07-10T09:18:12.221609 skip_listing [train]:   5,000/6,501 checked (77%)  —  3050 checks/s  —  ETA 0s  —  0 failed so far
[OUTPUT] 2026-07-10T09:18:12.383029 skip_listing [train]:   5,500/6,501 checked (85%)  —  3054 checks/s  —  ETA 0s  —  0 failed so far
[OUTPUT] 2026-07-10T09:18:12.543097 skip_listing [train]:   6,000/6,501 checked (92%)  —  3060 checks/s  —  ETA 0s  —  0 failed so far
[OUTPUT] 2026-07-10T09:18:12.703478 skip_listing [train]:   6,500/6,501 checked (100%)  —  3064 checks/s  —  ETA 0s  —  0 failed so far
[OUTPUT] 2026-07-10T09:18:12.703584 skip_listing [train]: validation complete — all 6,501 samples exist (2.1s, 3065 checks/s); 203,125 URIs ready for rank 0 (6,500,000 total across all ranks)
[OUTPUT] 2026-07-10T09:18:12.707795 File listing [train]: 6500000 files discovered, 203125 assigned to rank 0, completed in 2.63s
[OUTPUT] 2026-07-10T09:18:12.707873 skip_listing [valid]: generated 0 file URIs deterministically (0 total — validation disabled)
[OUTPUT] 2026-07-10T09:18:12.707898 File listing [valid]: 0 files discovered, 0 assigned to rank 0, completed in 0.00s
[OUTPUT] 2026-07-10T09:18:12.707919 Streamed file sharding: 6500000 train files across 32 ranks via round-robin (rank 0 shard: 203125 files)
[OUTPUT] 2026-07-10T09:18:12.715015 Max steps per epoch per rank: 270833 = 1 * 6500000 / 24 (samples per file * local files / batch size)
[OUTPUT] 2026-07-10T09:18:12.993658 Reshard for epoch 1: 203125 train files, 0 eval files redistributed via alltoall in 0.28s
[OUTPUT] 2026-07-10T09:18:14.096887 Worker pre-warm complete (6 workers spawned)
[WARNING] Page cache flush did not finish within 30s (epoch 1). The next epoch will retry. If this recurs, raise the ceiling with DLIO_DROP_CACHES_TIMEOUT=<seconds> (e.g. 300).
[OUTPUT] 2026-07-10T09:18:44.140750 Starting epoch 1: 8463 steps expected
[OUTPUT] 2026-07-10T09:18:44.141018 Starting block 1
[OUTPUT] 2026-07-10T09:26:15.117870 Ending block 1 - 8463 steps completed in 450.98 s
[OUTPUT] 2026-07-10T09:26:15.122540 Epoch 1 - Block 1 [Training] Accelerator Utilization [AU] (%): 90.2704
[OUTPUT] 2026-07-10T09:26:15.122602 Epoch 1 - Block 1 [Training] Throughput (samples/second): 14546.0739
[OUTPUT] 2026-07-10T09:26:15.124725 Epoch 1 - Block 1 [Training] Computation time per step (second): 0.0477+/-0.0001 (set value: {'mean': 0.04755})
[OUTPUT] 2026-07-10T09:26:15.143086 Ending epoch 1 - 8463 steps completed in 451.00 s
[OUTPUT] 2026-07-10T09:26:15.465372 Reshard for epoch 2: 203125 train files, 0 eval files redistributed via alltoall in 0.32s
[OUTPUT] 2026-07-10T09:26:16.461478 Worker pre-warm complete for epoch 2 (6 workers spawned)
[WARNING] Page cache flush timed out again at 30s (epoch 2); see earlier warning for remediation.
[OUTPUT] 2026-07-10T09:26:46.493862 Starting epoch 2: 8463 steps expected
[OUTPUT] 2026-07-10T09:26:46.494137 Starting block 1
[OUTPUT] 2026-07-10T09:34:15.252217 Ending block 1 - 8463 steps completed in 448.76 s
[OUTPUT] 2026-07-10T09:34:15.253960 Epoch 2 - Block 1 [Training] Accelerator Utilization [AU] (%): 90.2880
[OUTPUT] 2026-07-10T09:34:15.254002 Epoch 2 - Block 1 [Training] Throughput (samples/second): 14549.5684
[OUTPUT] 2026-07-10T09:34:15.254721 Epoch 2 - Block 1 [Training] Computation time per step (second): 0.0477+/-0.0001 (set value: {'mean': 0.04755})
[OUTPUT] 2026-07-10T09:34:15.270421 Ending epoch 2 - 8463 steps completed in 448.78 s
[OUTPUT] 2026-07-10T09:34:15.659660 Reshard for epoch 3: 203125 train files, 0 eval files redistributed via alltoall in 0.39s
[OUTPUT] 2026-07-10T09:34:16.547247 Worker pre-warm complete for epoch 3 (6 workers spawned)
[WARNING] Page cache flush timed out again at 30s (epoch 3); see earlier warning for remediation.
[OUTPUT] 2026-07-10T09:34:46.580656 Starting epoch 3: 8463 steps expected
[OUTPUT] 2026-07-10T09:34:46.580953 Starting block 1
[OUTPUT] 2026-07-10T09:42:14.701982 Ending block 1 - 8463 steps completed in 448.12 s
[OUTPUT] 2026-07-10T09:42:14.703762 Epoch 3 - Block 1 [Training] Accelerator Utilization [AU] (%): 90.3581
[OUTPUT] 2026-07-10T09:42:14.703808 Epoch 3 - Block 1 [Training] Throughput (samples/second): 14560.3789
[OUTPUT] 2026-07-10T09:42:14.704492 Epoch 3 - Block 1 [Training] Computation time per step (second): 0.0477+/-0.0001 (set value: {'mean': 0.04755})
[OUTPUT] 2026-07-10T09:42:14.726090 Ending epoch 3 - 8463 steps completed in 448.15 s
[OUTPUT] 2026-07-10T09:42:15.109413 Reshard for epoch 4: 203125 train files, 0 eval files redistributed via alltoall in 0.38s
[OUTPUT] 2026-07-10T09:42:16.249146 Worker pre-warm complete for epoch 4 (6 workers spawned)
[WARNING] Page cache flush timed out again at 30s (epoch 4); see earlier warning for remediation.
[OUTPUT] 2026-07-10T09:42:46.281437 Starting epoch 4: 8463 steps expected
[OUTPUT] 2026-07-10T09:42:46.281786 Starting block 1
[OUTPUT] 2026-07-10T09:50:15.125134 Ending block 1 - 8463 steps completed in 448.84 s
[OUTPUT] 2026-07-10T09:50:15.134923 Epoch 4 - Block 1 [Training] Accelerator Utilization [AU] (%): 90.2884
[OUTPUT] 2026-07-10T09:50:15.134974 Epoch 4 - Block 1 [Training] Throughput (samples/second): 14549.6894
[OUTPUT] 2026-07-10T09:50:15.135655 Epoch 4 - Block 1 [Training] Computation time per step (second): 0.0477+/-0.0001 (set value: {'mean': 0.04755})
[OUTPUT] 2026-07-10T09:50:15.239079 Ending epoch 4 - 8463 steps completed in 448.96 s
[OUTPUT] 2026-07-10T09:50:15.597270 Reshard for epoch 5: 203125 train files, 0 eval files redistributed via alltoall in 0.36s
[OUTPUT] 2026-07-10T09:50:16.536207 Worker pre-warm complete for epoch 5 (6 workers spawned)
[WARNING] Page cache flush timed out again at 30s (epoch 5); see earlier warning for remediation.
[OUTPUT] 2026-07-10T09:50:46.556628 Starting epoch 5: 8463 steps expected
[OUTPUT] 2026-07-10T09:50:46.556922 Starting block 1
[OUTPUT] 2026-07-10T09:58:15.753442 Ending block 1 - 8463 steps completed in 449.20 s
[OUTPUT] 2026-07-10T09:58:15.755445 Epoch 5 - Block 1 [Training] Accelerator Utilization [AU] (%): 90.3552
[OUTPUT] 2026-07-10T09:58:15.755498 Epoch 5 - Block 1 [Training] Throughput (samples/second): 14560.0153
[OUTPUT] 2026-07-10T09:58:15.756160 Epoch 5 - Block 1 [Training] Computation time per step (second): 0.0477+/-0.0001 (set value: {'mean': 0.04755})
[OUTPUT] 2026-07-10T09:58:15.757416 Ending epoch 5 - 8463 steps completed in 449.20 s
[OUTPUT] 2026-07-10T09:58:16.129582 Reshard for epoch 6: 203125 train files, 0 eval files redistributed via alltoall in 0.37s
[OUTPUT] 2026-07-10T09:58:17.082858 Worker pre-warm complete for epoch 6 (6 workers spawned)
[WARNING] Page cache flush timed out again at 30s (epoch 6); see earlier warning for remediation.
[OUTPUT] 2026-07-10T09:58:47.114588 Starting epoch 6: 8463 steps expected
[OUTPUT] 2026-07-10T09:58:47.114985 Starting block 1
[OUTPUT] 2026-07-10T10:06:16.024987 Ending block 1 - 8463 steps completed in 448.91 s
[OUTPUT] 2026-07-10T10:06:16.026686 Epoch 6 - Block 1 [Training] Accelerator Utilization [AU] (%): 90.2473
[OUTPUT] 2026-07-10T10:06:16.026730 Epoch 6 - Block 1 [Training] Throughput (samples/second): 14542.7668
[OUTPUT] 2026-07-10T10:06:16.027382 Epoch 6 - Block 1 [Training] Computation time per step (second): 0.0477+/-0.0001 (set value: {'mean': 0.04755})
[OUTPUT] 2026-07-10T10:06:16.039804 Ending epoch 6 - 8463 steps completed in 448.93 s
[OUTPUT] 2026-07-10T10:06:16.407414 Reshard for epoch 7: 203125 train files, 0 eval files redistributed via alltoall in 0.37s
[OUTPUT] 2026-07-10T10:06:17.331918 Worker pre-warm complete for epoch 7 (6 workers spawned)
[WARNING] Page cache flush timed out again at 30s (epoch 7); see earlier warning for remediation.
[OUTPUT] 2026-07-10T10:06:47.364103 Starting epoch 7: 8463 steps expected
[OUTPUT] 2026-07-10T10:06:47.364477 Starting block 1
[OUTPUT] 2026-07-10T10:14:16.820912 Ending block 1 - 8463 steps completed in 449.46 s
[OUTPUT] 2026-07-10T10:14:16.822945 Epoch 7 - Block 1 [Training] Accelerator Utilization [AU] (%): 90.1257
[OUTPUT] 2026-07-10T10:14:16.822994 Epoch 7 - Block 1 [Training] Throughput (samples/second): 14523.1674
[OUTPUT] 2026-07-10T10:14:16.823780 Epoch 7 - Block 1 [Training] Computation time per step (second): 0.0477+/-0.0001 (set value: {'mean': 0.04755})
[OUTPUT] 2026-07-10T10:14:16.832634 Ending epoch 7 - 8463 steps completed in 449.47 s
[OUTPUT] 2026-07-10T10:14:17.178042 Reshard for epoch 8: 203125 train files, 0 eval files redistributed via alltoall in 0.34s
[OUTPUT] 2026-07-10T10:14:18.019118 Worker pre-warm complete for epoch 8 (6 workers spawned)
[WARNING] Page cache flush timed out again at 30s (epoch 8); see earlier warning for remediation.
[OUTPUT] 2026-07-10T10:14:48.050805 Starting epoch 8: 8463 steps expected
[OUTPUT] 2026-07-10T10:14:48.051102 Starting block 1
[OUTPUT] 2026-07-10T10:22:16.773882 Ending block 1 - 8463 steps completed in 448.72 s
[OUTPUT] 2026-07-10T10:22:16.775743 Epoch 8 - Block 1 [Training] Accelerator Utilization [AU] (%): 90.3827
[OUTPUT] 2026-07-10T10:22:16.775791 Epoch 8 - Block 1 [Training] Throughput (samples/second): 14565.0635
[OUTPUT] 2026-07-10T10:22:16.776460 Epoch 8 - Block 1 [Training] Computation time per step (second): 0.0477+/-0.0001 (set value: {'mean': 0.04755})
[OUTPUT] 2026-07-10T10:22:16.801537 Ending epoch 8 - 8463 steps completed in 448.75 s
[OUTPUT] 2026-07-10T10:22:17.200730 Reshard for epoch 9: 203125 train files, 0 eval files redistributed via alltoall in 0.40s
[OUTPUT] 2026-07-10T10:22:18.131162 Worker pre-warm complete for epoch 9 (6 workers spawned)
[WARNING] Page cache flush timed out in 8 of 8 epochs. Reads in those epochs may have been served from the OS buffer cache; consider raising DLIO_DROP_CACHES_TIMEOUT for future runs.
[OUTPUT] 2026-07-10T10:22:18.203757 Saved outputs in /home/ubuntu/mlps_na32/closed/Alluxio/results/aws_c7i48xlarge_i3en12xlarge_1c_1s/training/retinanet/run/20260710_091802
[OUTPUT] Averaged metric over all steps/epochs
[METRIC] ==========================================================
[METRIC] Number of Simulated Accelerators: 32 
[METRIC] Training Accelerator Utilization [AU] (%): 90.2916 (0.0750)
[METRIC] Training Throughput (samples/second): 14549.9892 (12.0691)
[METRIC] Training I/O Throughput (MiB/second): 4481.3355 (3.7172)
[METRIC] train_au_meet_expectation: success
[METRIC] ==========================================================

[OUTPUT] 2026-07-10T10:22:18.366507 outputs saved in RANKID_output.json
