[OUTPUT] [DEBUG DLIOBenchmark.__init__] After LoadConfig:
[OUTPUT]   storage_type   = <StorageType.LOCAL_FS: 'local_fs'>
[OUTPUT]   storage_root   = './'
[OUTPUT]   storage_options= None
[OUTPUT]   data_folder    = '/mnt/mlperf-block/unet3d/data/unet3d'
[OUTPUT]   framework      = <FrameworkType.PYTORCH: 'pytorch'>
[OUTPUT]   num_files_train= 14000
[OUTPUT]   record_length  = 146600628
[OUTPUT]   generate_data  = False
[OUTPUT]   do_train       = True
[OUTPUT]   do_checkpoint  = True
[OUTPUT]   epochs         = 5
[OUTPUT]   batch_size     = 7
[OUTPUT] 2026-06-29T17:49:18.558622 Running DLIO [Training & Checkpointing] with 4 process(es)
[OUTPUT] 2026-06-29T17:49:18.577348 skip_listing [train]: validating 1,401 of 14,000 files (first, last, every 10) via HEAD requests ...
[OUTPUT] 2026-06-29T17:49:18.607547 skip_listing [train]:   140/1,401 checked (10%)  —  4647 checks/s  —  ETA 0s  —  0 failed so far
[OUTPUT] 2026-06-29T17:49:18.636987 skip_listing [train]:   280/1,401 checked (20%)  —  4701 checks/s  —  ETA 0s  —  0 failed so far
[OUTPUT] 2026-06-29T17:49:18.663369 skip_listing [train]:   420/1,401 checked (30%)  —  4887 checks/s  —  ETA 0s  —  0 failed so far
[OUTPUT] 2026-06-29T17:49:18.688942 skip_listing [train]:   560/1,401 checked (40%)  —  5021 checks/s  —  ETA 0s  —  0 failed so far
[OUTPUT] 2026-06-29T17:49:18.713470 skip_listing [train]:   700/1,401 checked (50%)  —  5145 checks/s  —  ETA 0s  —  0 failed so far
[OUTPUT] 2026-06-29T17:49:18.737167 skip_listing [train]:   840/1,401 checked (60%)  —  5258 checks/s  —  ETA 0s  —  0 failed so far
[OUTPUT] 2026-06-29T17:49:18.760671 skip_listing [train]:   980/1,401 checked (70%)  —  5348 checks/s  —  ETA 0s  —  0 failed so far
[OUTPUT] 2026-06-29T17:49:18.786727 skip_listing [train]:   1,120/1,401 checked (80%)  —  5351 checks/s  —  ETA 0s  —  0 failed so far
[OUTPUT] 2026-06-29T17:49:18.812904 skip_listing [train]:   1,260/1,401 checked (90%)  —  5351 checks/s  —  ETA 0s  —  0 failed so far
[OUTPUT] 2026-06-29T17:49:18.833593 skip_listing [train]:   1,400/1,401 checked (100%)  —  5465 checks/s  —  ETA 0s  —  0 failed so far
[OUTPUT] 2026-06-29T17:49:18.833650 skip_listing [train]: validation complete — all 1,401 samples exist (0.3s, 5468 checks/s); 3,500 URIs ready for rank 0 (14,000 total across all ranks)
[OUTPUT] 2026-06-29T17:49:18.833697 File listing [train]: 14000 files discovered, 3500 assigned to rank 0, completed in 0.26s
[OUTPUT] 2026-06-29T17:49:18.833721 skip_listing [valid]: generated 0 file URIs deterministically (0 total — validation disabled)
[OUTPUT] 2026-06-29T17:49:18.833740 File listing [valid]: 0 files discovered, 0 assigned to rank 0, completed in 0.00s
[OUTPUT] 2026-06-29T17:49:18.833757 Streamed file sharding: 14000 train files across 4 ranks via round-robin (rank 0 shard: 3500 files)
[OUTPUT] ================================================================================
[OUTPUT] Data Generation Method: DGEN (default)
[OUTPUT]   dgen-py zero-copy BytesView — 155x faster than NumPy, 0 MiB overhead
[OUTPUT] ================================================================================
[OUTPUT] 2026-06-29T17:49:18.847064 Model size: 0.000010 GiB 
[OUTPUT] 2026-06-29T17:49:18.847116 Total checkpoint size: 0.000010 GiB 
[OUTPUT] 2026-06-29T17:49:18.847170 Max steps per epoch per rank: 2000 = 1 * 14000 / 7 (samples per file * local files / batch size)
[OUTPUT] 2026-06-29T17:49:18.848256 Reshard for epoch 1: 3500 train files, 0 eval files redistributed via alltoall in 0.00s
[OUTPUT] 2026-06-29T17:49:22.511325 Worker pre-warm complete (16 workers spawned)
[OUTPUT] 2026-06-29T17:49:22.597949 Starting epoch 1: 500 steps expected
[OUTPUT] 2026-06-29T17:49:22.598182 Starting block 1
[OUTPUT] 2026-06-29T17:50:52.088026 Ending block 1 - 500 steps completed in 89.49 s
[OUTPUT] 2026-06-29T17:50:52.105098 Epoch 1 - Block 1 [Training] Accelerator Utilization [AU] (%): 93.7447
[OUTPUT] 2026-06-29T17:50:52.105144 Epoch 1 - Block 1 [Training] Throughput (samples/second): 161.9102
[OUTPUT] 2026-06-29T17:50:52.105385 Epoch 1 - Block 1 [Training] Computation time per step (second): 0.1621+/-0.0000 (set value: {'mean': 0.162})
[OUTPUT] 2026-06-29T17:50:52.106618 Ending epoch 1 - 500 steps completed in 89.51 s
[OUTPUT] 2026-06-29T17:50:52.110556 Reshard for epoch 2: 3500 train files, 0 eval files redistributed via alltoall in 0.00s
[OUTPUT] 2026-06-29T17:50:54.986699 Worker pre-warm complete for epoch 2 (16 workers spawned)
[OUTPUT] 2026-06-29T17:50:55.408843 Starting epoch 2: 500 steps expected
[OUTPUT] 2026-06-29T17:50:55.409126 Starting block 1
[OUTPUT] 2026-06-29T17:52:24.603500 Ending block 1 - 500 steps completed in 89.19 s
[OUTPUT] 2026-06-29T17:52:24.604975 Epoch 2 - Block 1 [Training] Accelerator Utilization [AU] (%): 93.8381
[OUTPUT] 2026-06-29T17:52:24.605020 Epoch 2 - Block 1 [Training] Throughput (samples/second): 162.0698
[OUTPUT] 2026-06-29T17:52:24.605197 Epoch 2 - Block 1 [Training] Computation time per step (second): 0.1621+/-0.0000 (set value: {'mean': 0.162})
[OUTPUT] 2026-06-29T17:52:24.606646 Ending epoch 2 - 500 steps completed in 89.20 s
[OUTPUT] 2026-06-29T17:52:24.609433 Reshard for epoch 3: 3500 train files, 0 eval files redistributed via alltoall in 0.00s
[OUTPUT] 2026-06-29T17:52:27.769037 Worker pre-warm complete for epoch 3 (16 workers spawned)
[OUTPUT] 2026-06-29T17:52:27.921501 Starting epoch 3: 500 steps expected
[OUTPUT] 2026-06-29T17:52:27.921790 Starting block 1
[OUTPUT] 2026-06-29T17:53:57.660054 Ending block 1 - 500 steps completed in 89.74 s
[OUTPUT] 2026-06-29T17:53:57.661639 Epoch 3 - Block 1 [Training] Accelerator Utilization [AU] (%): 93.5599
[OUTPUT] 2026-06-29T17:53:57.661682 Epoch 3 - Block 1 [Training] Throughput (samples/second): 161.5970
[OUTPUT] 2026-06-29T17:53:57.661852 Epoch 3 - Block 1 [Training] Computation time per step (second): 0.1621+/-0.0000 (set value: {'mean': 0.162})
[OUTPUT] 2026-06-29T17:53:57.662874 Ending epoch 3 - 500 steps completed in 89.74 s
[OUTPUT] 2026-06-29T17:53:57.665838 Reshard for epoch 4: 3500 train files, 0 eval files redistributed via alltoall in 0.00s
[OUTPUT] 2026-06-29T17:54:00.690115 Worker pre-warm complete for epoch 4 (16 workers spawned)
[OUTPUT] 2026-06-29T17:54:01.083309 Starting epoch 4: 500 steps expected
[OUTPUT] 2026-06-29T17:54:01.083546 Starting block 1
[OUTPUT] 2026-06-29T17:55:30.387142 Ending block 1 - 500 steps completed in 89.30 s
[OUTPUT] 2026-06-29T17:55:30.388728 Epoch 4 - Block 1 [Training] Accelerator Utilization [AU] (%): 93.7750
[OUTPUT] 2026-06-29T17:55:30.388772 Epoch 4 - Block 1 [Training] Throughput (samples/second): 161.9640
[OUTPUT] 2026-06-29T17:55:30.388946 Epoch 4 - Block 1 [Training] Computation time per step (second): 0.1621+/-0.0000 (set value: {'mean': 0.162})
[OUTPUT] 2026-06-29T17:55:30.390370 Ending epoch 4 - 500 steps completed in 89.31 s
[OUTPUT] 2026-06-29T17:55:30.393461 Reshard for epoch 5: 3500 train files, 0 eval files redistributed via alltoall in 0.00s
[OUTPUT] 2026-06-29T17:55:33.400618 Worker pre-warm complete for epoch 5 (16 workers spawned)
[OUTPUT] 2026-06-29T17:55:33.523939 Starting epoch 5: 500 steps expected
[OUTPUT] 2026-06-29T17:55:33.524158 Starting block 1
[OUTPUT] 2026-06-29T17:57:03.135061 Ending block 1 - 500 steps completed in 89.61 s
[OUTPUT] 2026-06-29T17:57:03.136565 Epoch 5 - Block 1 [Training] Accelerator Utilization [AU] (%): 93.5581
[OUTPUT] 2026-06-29T17:57:03.136609 Epoch 5 - Block 1 [Training] Throughput (samples/second): 161.5926
[OUTPUT] 2026-06-29T17:57:03.136776 Epoch 5 - Block 1 [Training] Computation time per step (second): 0.1621+/-0.0000 (set value: {'mean': 0.162})
[OUTPUT] 2026-06-29T17:57:03.137375 Starting saving checkpoint 1 after total step 500 for epoch 5
[OUTPUT] 2026-06-29T17:57:03.209980 Finished saving checkpoint 1 for epoch 5 in 0.0726 s; Throughput: 0.0001 GiB/s
[OUTPUT] 2026-06-29T17:57:03.212433 Ending epoch 5 - 500 steps completed in 89.69 s
[OUTPUT] 2026-06-29T17:57:03.214840 Reshard for epoch 6: 3500 train files, 0 eval files redistributed via alltoall in 0.00s
[OUTPUT] 2026-06-29T17:57:06.167777 Worker pre-warm complete for epoch 6 (16 workers spawned)
[OUTPUT] 2026-06-29T17:57:06.356201 Saved outputs in /home/mayascale/mlperf-runs/unet3d-official/closed/ZettaLane/results/mayascale-gcp_c4hc192_n2hc64_1c_4s/training/unet3d/run/20260629_174909
[OUTPUT] Averaged metric over all steps/epochs
[METRIC] ==========================================================
[METRIC] Number of Simulated Accelerators: 4 
[METRIC] Training Accelerator Utilization [AU] (%): 93.6104 (0.1757)
[METRIC] Training Throughput (samples/second): 161.6805 (0.3031)
[METRIC] Training I/O Throughput (MiB/second): 22604.4275 (42.3791)
[METRIC] train_au_meet_expectation: success
[METRIC] ==========================================================

[OUTPUT] 2026-06-29T17:57:06.363454 outputs saved in RANKID_output.json
