[OUTPUT] [DEBUG DLIOBenchmark.__init__] After LoadConfig:
[WARNING] On host cn028: reader.read_threads=4 x local_ranks=46 = 184 workers, estimated ~92 GB — exceeds 50% of available RAM on this node (163 GB). Consider reducing read_threads to avoid OOM.
[WARNING] On host cn028: reader.read_threads=4 x local_ranks=46 = 184 workers, estimated ~92 GB — exceeds 50% of available RAM on this node (163 GB). Consider reducing read_threads to avoid OOM.
[WARNING] On host cn028: reader.read_threads=4 x local_ranks=46 = 184 workers, estimated ~92 GB — exceeds 50% of available RAM on this node (163 GB). Consider reducing read_threads to avoid OOM.
[WARNING] On host cn028: reader.read_threads=4 x local_ranks=46 = 184 workers, estimated ~92 GB — exceeds 50% of available RAM on this node (163 GB). Consider reducing read_threads to avoid OOM.
[WARNING] On host cn028: reader.read_threads=4 x local_ranks=46 = 184 workers, estimated ~92 GB — exceeds 50% of available RAM on this node (163 GB). Consider reducing read_threads to avoid OOM.
[WARNING] On host cn028: reader.read_threads=4 x local_ranks=46 = 184 workers, estimated ~92 GB — exceeds 50% of available RAM on this node (163 GB). Consider reducing read_threads to avoid OOM.
[WARNING] On host cn028: reader.read_threads=4 x local_ranks=46 = 184 workers, estimated ~92 GB — exceeds 50% of available RAM on this node (163 GB). Consider reducing read_threads to avoid OOM.
[WARNING] On host cn028: reader.read_threads=4 x local_ranks=46 = 184 workers, estimated ~92 GB — exceeds 50% of available RAM on this node (163 GB). Consider reducing read_threads to avoid OOM.
[WARNING] On host cn028: reader.read_threads=4 x local_ranks=46 = 184 workers, estimated ~92 GB — exceeds 50% of available RAM on this node (163 GB). Consider reducing read_threads to avoid OOM.
[WARNING] On host cn028: reader.read_threads=4 x local_ranks=46 = 184 workers, estimated ~92 GB — exceeds 50% of available RAM on this node (163 GB). Consider reducing read_threads to avoid OOM.
[WARNING] On host cn028: reader.read_threads=4 x local_ranks=46 = 184 workers, estimated ~92 GB — exceeds 50% of available RAM on this node (163 GB). Consider reducing read_threads to avoid OOM.
[WARNING] On host cn028: reader.read_threads=4 x local_ranks=46 = 184 workers, estimated ~92 GB — exceeds 50% of available RAM on this node (163 GB). Consider reducing read_threads to avoid OOM.
[WARNING] On host cn028: reader.read_threads=4 x local_ranks=46 = 184 workers, estimated ~92 GB — exceeds 50% of available RAM on this node (163 GB). Consider reducing read_threads to avoid OOM.
[WARNING] On host cn028: reader.read_threads=4 x local_ranks=46 = 184 workers, estimated ~92 GB — exceeds 50% of available RAM on this node (163 GB). Consider reducing read_threads to avoid OOM.
[WARNING] On host cn028: reader.read_threads=4 x local_ranks=46 = 184 workers, estimated ~92 GB — exceeds 50% of available RAM on this node (163 GB). Consider reducing read_threads to avoid OOM.
[WARNING] On host cn028: reader.read_threads=4 x local_ranks=46 = 184 workers, estimated ~92 GB — exceeds 50% of available RAM on this node (163 GB). Consider reducing read_threads to avoid OOM.
[WARNING] On host cn028: reader.read_threads=4 x local_ranks=46 = 184 workers, estimated ~92 GB — exceeds 50% of available RAM on this node (163 GB). Consider reducing read_threads to avoid OOM.
[WARNING] On host cn028: reader.read_threads=4 x local_ranks=46 = 184 workers, estimated ~92 GB — exceeds 50% of available RAM on this node (163 GB). Consider reducing read_threads to avoid OOM.
[WARNING] On host cn028: reader.read_threads=4 x local_ranks=46 = 184 workers, estimated ~92 GB — exceeds 50% of available RAM on this node (163 GB). Consider reducing read_threads to avoid OOM.
[WARNING] On host cn028: reader.read_threads=4 x local_ranks=46 = 184 workers, estimated ~92 GB — exceeds 50% of available RAM on this node (163 GB). Consider reducing read_threads to avoid OOM.
[WARNING] On host cn028: reader.read_threads=4 x local_ranks=46 = 184 workers, estimated ~92 GB — exceeds 50% of available RAM on this node (163 GB). Consider reducing read_threads to avoid OOM.
[WARNING] On host cn028: reader.read_threads=4 x local_ranks=46 = 184 workers, estimated ~92 GB — exceeds 50% of available RAM on this node (163 GB). Consider reducing read_threads to avoid OOM.
[WARNING] On host cn028: reader.read_threads=4 x local_ranks=46 = 184 workers, estimated ~92 GB — exceeds 50% of available RAM on this node (163 GB). Consider reducing read_threads to avoid OOM.
[WARNING] On host cn028: reader.read_threads=4 x local_ranks=46 = 184 workers, estimated ~92 GB — exceeds 50% of available RAM on this node (163 GB). Consider reducing read_threads to avoid OOM.
[WARNING] On host cn028: reader.read_threads=4 x local_ranks=46 = 184 workers, estimated ~92 GB — exceeds 50% of available RAM on this node (163 GB). Consider reducing read_threads to avoid OOM.
[WARNING] On host cn028: reader.read_threads=4 x local_ranks=46 = 184 workers, estimated ~92 GB — exceeds 50% of available RAM on this node (163 GB). Consider reducing read_threads to avoid OOM.
[WARNING] On host cn028: reader.read_threads=4 x local_ranks=46 = 184 workers, estimated ~92 GB — exceeds 50% of available RAM on this node (163 GB). Consider reducing read_threads to avoid OOM.
[WARNING] On host cn028: reader.read_threads=4 x local_ranks=46 = 184 workers, estimated ~92 GB — exceeds 50% of available RAM on this node (163 GB). Consider reducing read_threads to avoid OOM.
[WARNING] On host cn028: reader.read_threads=4 x local_ranks=46 = 184 workers, estimated ~92 GB — exceeds 50% of available RAM on this node (163 GB). Consider reducing read_threads to avoid OOM.
[WARNING] On host cn028: reader.read_threads=4 x local_ranks=46 = 184 workers, estimated ~92 GB — exceeds 50% of available RAM on this node (163 GB). Consider reducing read_threads to avoid OOM.
[WARNING] On host cn028: reader.read_threads=4 x local_ranks=46 = 184 workers, estimated ~92 GB — exceeds 50% of available RAM on this node (163 GB). Consider reducing read_threads to avoid OOM.
[WARNING] On host cn028: reader.read_threads=4 x local_ranks=46 = 184 workers, estimated ~92 GB — exceeds 50% of available RAM on this node (163 GB). Consider reducing read_threads to avoid OOM.
[WARNING] On host cn028: reader.read_threads=4 x local_ranks=46 = 184 workers, estimated ~92 GB — exceeds 50% of available RAM on this node (163 GB). Consider reducing read_threads to avoid OOM.
[WARNING] On host cn028: reader.read_threads=4 x local_ranks=46 = 184 workers, estimated ~92 GB — exceeds 50% of available RAM on this node (163 GB). Consider reducing read_threads to avoid OOM.
[WARNING] On host cn028: reader.read_threads=4 x local_ranks=46 = 184 workers, estimated ~92 GB — exceeds 50% of available RAM on this node (163 GB). Consider reducing read_threads to avoid OOM.
[WARNING] On host cn028: reader.read_threads=4 x local_ranks=46 = 184 workers, estimated ~92 GB — exceeds 50% of available RAM on this node (163 GB). Consider reducing read_threads to avoid OOM.
[WARNING] On host cn028: reader.read_threads=4 x local_ranks=46 = 184 workers, estimated ~92 GB — exceeds 50% of available RAM on this node (163 GB). Consider reducing read_threads to avoid OOM.
[WARNING] On host cn028: reader.read_threads=4 x local_ranks=46 = 184 workers, estimated ~92 GB — exceeds 50% of available RAM on this node (163 GB). Consider reducing read_threads to avoid OOM.
[WARNING] On host cn028: reader.read_threads=4 x local_ranks=46 = 184 workers, estimated ~92 GB — exceeds 50% of available RAM on this node (163 GB). Consider reducing read_threads to avoid OOM.
[WARNING] On host cn028: reader.read_threads=4 x local_ranks=46 = 184 workers, estimated ~92 GB — exceeds 50% of available RAM on this node (163 GB). Consider reducing read_threads to avoid OOM.
[WARNING] On host cn028: reader.read_threads=4 x local_ranks=46 = 184 workers, estimated ~92 GB — exceeds 50% of available RAM on this node (163 GB). Consider reducing read_threads to avoid OOM.
[WARNING] On host cn028: reader.read_threads=4 x local_ranks=46 = 184 workers, estimated ~92 GB — exceeds 50% of available RAM on this node (163 GB). Consider reducing read_threads to avoid OOM.
[WARNING] On host cn028: reader.read_threads=4 x local_ranks=46 = 184 workers, estimated ~92 GB — exceeds 50% of available RAM on this node (163 GB). Consider reducing read_threads to avoid OOM.
[WARNING] On host cn028: reader.read_threads=4 x local_ranks=46 = 184 workers, estimated ~92 GB — exceeds 50% of available RAM on this node (163 GB). Consider reducing read_threads to avoid OOM.
[WARNING] On host cn028: reader.read_threads=4 x local_ranks=46 = 184 workers, estimated ~92 GB — exceeds 50% of available RAM on this node (163 GB). Consider reducing read_threads to avoid OOM.
[WARNING] On host cn028: reader.read_threads=4 x local_ranks=46 = 184 workers, estimated ~92 GB — exceeds 50% of available RAM on this node (163 GB). Consider reducing read_threads to avoid OOM.
ed ~92 GB — exceeds 50% of available RAM on this node (162 GB). Consider reducing read_threads to avoid OOM.
[WARNING] On host cn017: reader.read_threads=4 x local_ranks=46 = 184 workers, estimated ~92 GB — exceeds 50% of available RAM on this node (162 GB). Consider reducing read_threads to avoid OOM.
[WARNING] On host cn017: reader.read_threads=4 x local_ranks=46 = 184 workers, estimated ~92 GB — exceeds 50% of available RAM on this node (162 GB). Consider reducing read_threads to avoid OOM.
[WARNING] On host cn017: reader.read_threads=4 x local_ranks=46 = 184 workers, estimated ~92 GB — exceeds 50% of available RAM on this node (162 GB). Consider reducing read_threads to avoid OOM.
[WARNING] On host cn017: reader.read_threads=4 x local_ranks=46 = 184 workers, estimated ~92 GB — exceeds 50% of available RAM on this node (162 GB). Consider reducing read_threads to avoid OOM.
[WARNING] On host cn017: reader.read_threads=4 x local_ranks=46 = 184 workers, estimated ~92 GB — exceeds 50% of available RAM on this node (162 GB). Consider reducing read_threads to avoid OOM.
[WARNING] On host cn017: reader.read_threads=4 x local_ranks=46 = 184 workers, estimated ~92 GB — exceeds 50% of available RAM on this node (162 GB). Consider reducing read_threads to avoid OOM.
[WARNING] On host cn017: reader.read_threads=4 x local_ranks=46 = 184 workers, estimated ~92 GB — exceeds 50% of available RAM on this node (162 GB). Consider reducing read_threads to avoid OOM.
[WARNING] On host cn017: reader.read_threads=4 x local_ranks=46 = 184 workers, estimated ~92 GB — exceeds 50% of available RAM on this node (162 GB). Consider reducing read_threads to avoid OOM.
[WARNING] On host cn017: reader.read_threads=4 x local_ranks=46 = 184 workers, estimated ~92 GB — exceeds 50% of available RAM on this node (162 GB). Consider reducing read_threads to avoid OOM.
[WARNING] On host cn017: reader.read_threads=4 x local_ranks=46 = 184 workers, estimated ~92 GB — exceeds 50% of available RAM on this node (162 GB). Consider reducing read_threads to avoid OOM.
[WARNING] On host cn017: reader.read_threads=4 x local_ranks=46 = 184 workers, estimated ~92 GB — exceeds 50% of available RAM on this node (162 GB). Consider reducing read_threads to avoid OOM.
[WARNING] On host cn017: reader.read_threads=4 x local_ranks=46 = 184 workers, estimated ~92 GB — exceeds 50% of available RAM on this node (162 GB). Consider reducing read_threads to avoid OOM.
[WARNING] On host cn017: reader.read_threads=4 x local_ranks=46 = 184 workers, estimated ~92 GB — exceeds 50% of available RAM on this node (162 GB). Consider reducing read_threads to avoid OOM.
[WARNING] On host cn017: reader.read_threads=4 x local_ranks=46 = 184 workers, estimated ~92 GB — exceeds 50% of available RAM on this node (162 GB). Consider reducing read_threads to avoid OOM.
[WARNING] On host cn017: reader.read_threads=4 x local_ranks=46 = 184 workers, estimated ~92 GB — exceeds 50% of available RAM on this node (162 GB). Consider reducing read_threads to avoid OOM.
[WARNING] On host cn017: reader.read_threads=4 x local_ranks=46 = 184 workers, estimated ~92 GB — exceeds 50% of available RAM on this node (162 GB). Consider reducing read_threads to avoid OOM.
[OUTPUT] 2026-07-24T14:38:10.723649 Max steps per epoch per rank: 1891396 = 1 * 68090280 / 36 (samples per file * local files / batch size)
[OUTPUT] 2026-07-24T14:38:13.432882 Reshard for epoch 1: 92513 train files, 0 eval files redistributed via alltoall in 2.71s
[OUTPUT] 2026-07-24T14:38:14.466431 Worker pre-warm complete (4 workers spawned)
[OUTPUT] 2026-07-24T14:38:14.687949 Starting epoch 1: 2569 steps expected
[OUTPUT] 2026-07-24T14:38:14.688203 Starting block 1
[OUTPUT] 2026-07-24T14:41:48.845441 Ending block 1 - 2569 steps completed in 214.16 s
[OUTPUT] 2026-07-24T14:41:48.863991 Epoch 1 - Block 1 [Training] Accelerator Utilization [AU] (%): 85.8479
[OUTPUT] 2026-07-24T14:41:48.864044 Epoch 1 - Block 1 [Training] Throughput (samples/second): 318565.5679
[OUTPUT] 2026-07-24T14:41:48.865855 Epoch 1 - Block 1 [Training] Computation time per step (second): 0.0714+/-0.0000 (set value: {'mean': 0.071325})
[OUTPUT] 2026-07-24T14:41:48.929961 Ending epoch 1 - 2569 steps completed in 214.24 s
[OUTPUT] 2026-07-24T14:41:49.400608 Reshard for epoch 2: 92513 train files, 0 eval files redistributed via alltoall in 0.47s
[OUTPUT] 2026-07-24T14:41:50.863379 Worker pre-warm complete for epoch 2 (4 workers spawned)
[OUTPUT] 2026-07-24T14:42:13.039972 Starting epoch 2: 2569 steps expected
[OUTPUT] 2026-07-24T14:42:13.040515 Starting block 1
[OUTPUT] 2026-07-24T14:45:46.868327 Ending block 1 - 2569 steps completed in 213.83 s
[OUTPUT] 2026-07-24T14:45:46.870489 Epoch 2 - Block 1 [Training] Accelerator Utilization [AU] (%): 85.9552
[OUTPUT] 2026-07-24T14:45:46.870538 Epoch 2 - Block 1 [Training] Throughput (samples/second): 318960.7877
[OUTPUT] 2026-07-24T14:45:46.870820 Epoch 2 - Block 1 [Training] Computation time per step (second): 0.0714+/-0.0000 (set value: {'mean': 0.071325})
[OUTPUT] 2026-07-24T14:45:47.019306 Ending epoch 2 - 2569 steps completed in 213.98 s
[OUTPUT] 2026-07-24T14:45:47.491004 Reshard for epoch 3: 92513 train files, 0 eval files redistributed via alltoall in 0.47s
[OUTPUT] 2026-07-24T14:45:48.941460 Worker pre-warm complete for epoch 3 (4 workers spawned)
[OUTPUT] 2026-07-24T14:46:12.170840 Starting epoch 3: 2569 steps expected
[OUTPUT] 2026-07-24T14:46:12.171227 Starting block 1
[OUTPUT] 2026-07-24T14:49:46.644831 Ending block 1 - 2569 steps completed in 214.47 s
[OUTPUT] 2026-07-24T14:49:46.646527 Epoch 3 - Block 1 [Training] Accelerator Utilization [AU] (%): 85.7139
[OUTPUT] 2026-07-24T14:49:46.646578 Epoch 3 - Block 1 [Training] Throughput (samples/second): 318064.2547
[OUTPUT] 2026-07-24T14:49:46.646865 Epoch 3 - Block 1 [Training] Computation time per step (second): 0.0714+/-0.0000 (set value: {'mean': 0.071325})
[OUTPUT] 2026-07-24T14:49:46.690427 Ending epoch 3 - 2569 steps completed in 214.52 s
[OUTPUT] 2026-07-24T14:49:47.170616 Reshard for epoch 4: 92513 train files, 0 eval files redistributed via alltoall in 0.48s
[OUTPUT] 2026-07-24T14:49:48.554472 Worker pre-warm complete for epoch 4 (4 workers spawned)
[OUTPUT] 2026-07-24T14:50:11.915591 Starting epoch 4: 2569 steps expected
[OUTPUT] 2026-07-24T14:50:11.915938 Starting block 1
[OUTPUT] 2026-07-24T14:53:45.222162 Ending block 1 - 2569 steps completed in 213.31 s
[OUTPUT] 2026-07-24T14:53:45.223951 Epoch 4 - Block 1 [Training] Accelerator Utilization [AU] (%): 86.1828
[OUTPUT] 2026-07-24T14:53:45.239063 Epoch 4 - Block 1 [Training] Throughput (samples/second): 319797.4075
[OUTPUT] 2026-07-24T14:53:45.239361 Epoch 4 - Block 1 [Training] Computation time per step (second): 0.0714+/-0.0000 (set value: {'mean': 0.071325})
[OUTPUT] 2026-07-24T14:53:45.284379 Ending epoch 4 - 2569 steps completed in 213.37 s
[OUTPUT] 2026-07-24T14:53:45.758530 Reshard for epoch 5: 92513 train files, 0 eval files redistributed via alltoall in 0.47s
[OUTPUT] 2026-07-24T14:53:47.313939 Worker pre-warm complete for epoch 5 (4 workers spawned)
[OUTPUT] 2026-07-24T14:54:10.518077 Starting epoch 5: 2569 steps expected
[OUTPUT] 2026-07-24T14:54:10.518437 Starting block 1
[OUTPUT] 2026-07-24T14:57:44.275406 Ending block 1 - 2569 steps completed in 213.76 s
[OUTPUT] 2026-07-24T14:57:44.277239 Epoch 5 - Block 1 [Training] Accelerator Utilization [AU] (%): 85.9752
[OUTPUT] 2026-07-24T14:57:44.277296 Epoch 5 - Block 1 [Training] Throughput (samples/second): 319021.8187
[OUTPUT] 2026-07-24T14:57:44.277627 Epoch 5 - Block 1 [Training] Computation time per step (second): 0.0714+/-0.0000 (set value: {'mean': 0.071325})
[OUTPUT] 2026-07-24T14:57:44.318149 Ending epoch 5 - 2569 steps completed in 213.80 s
[OUTPUT] 2026-07-24T14:57:44.784609 Reshard for epoch 6: 92513 train files, 0 eval files redistributed via alltoall in 0.47s
[OUTPUT] 2026-07-24T14:57:46.247679 Worker pre-warm complete for epoch 6 (4 workers spawned)
[OUTPUT] 2026-07-24T14:58:09.791948 Starting epoch 6: 2569 steps expected
[OUTPUT] 2026-07-24T14:58:09.792343 Starting block 1
[OUTPUT] 2026-07-24T15:01:43.592928 Ending block 1 - 2569 steps completed in 213.80 s
[OUTPUT] 2026-07-24T15:01:43.594817 Epoch 6 - Block 1 [Training] Accelerator Utilization [AU] (%): 85.9892
[OUTPUT] 2026-07-24T15:01:43.594868 Epoch 6 - Block 1 [Training] Throughput (samples/second): 319075.5643
[OUTPUT] 2026-07-24T15:01:43.595170 Epoch 6 - Block 1 [Training] Computation time per step (second): 0.0714+/-0.0000 (set value: {'mean': 0.071325})
[OUTPUT] 2026-07-24T15:01:43.663766 Ending epoch 6 - 2569 steps completed in 213.87 s
[OUTPUT] 2026-07-24T15:01:44.130298 Reshard for epoch 7: 92513 train files, 0 eval files redistributed via alltoall in 0.47s
[OUTPUT] 2026-07-24T15:01:45.671230 Worker pre-warm complete for epoch 7 (4 workers spawned)
[OUTPUT] 2026-07-24T15:02:09.191737 Starting epoch 7: 2569 steps expected
[OUTPUT] 2026-07-24T15:02:09.192213 Starting block 1
[OUTPUT] 2026-07-24T15:05:42.345618 Ending block 1 - 2569 steps completed in 213.15 s
[OUTPUT] 2026-07-24T15:05:42.347213 Epoch 7 - Block 1 [Training] Accelerator Utilization [AU] (%): 86.2687
[OUTPUT] 2026-07-24T15:05:42.347257 Epoch 7 - Block 1 [Training] Throughput (samples/second): 320105.4766
[OUTPUT] 2026-07-24T15:05:42.347538 Epoch 7 - Block 1 [Training] Computation time per step (second): 0.0714+/-0.0000 (set value: {'mean': 0.071325})
[OUTPUT] 2026-07-24T15:05:42.373845 Ending epoch 7 - 2569 steps completed in 213.18 s
[OUTPUT] 2026-07-24T15:05:42.854387 Reshard for epoch 8: 92513 train files, 0 eval files redistributed via alltoall in 0.48s
[OUTPUT] 2026-07-24T15:05:44.364479 Worker pre-warm complete for epoch 8 (4 workers spawned)
[OUTPUT] 2026-07-24T15:06:08.209418 Starting epoch 8: 2569 steps expected
[OUTPUT] 2026-07-24T15:06:08.209749 Starting block 1
[OUTPUT] 2026-07-24T15:09:41.644054 Ending block 1 - 2569 steps completed in 213.43 s
[OUTPUT] 2026-07-24T15:09:41.645705 Epoch 8 - Block 1 [Training] Accelerator Utilization [AU] (%): 86.1790
[OUTPUT] 2026-07-24T15:09:41.645755 Epoch 8 - Block 1 [Training] Throughput (samples/second): 319788.5621
[OUTPUT] 2026-07-24T15:09:41.646044 Epoch 8 - Block 1 [Training] Computation time per step (second): 0.0714+/-0.0000 (set value: {'mean': 0.071325})
[OUTPUT] 2026-07-24T15:09:41.666482 Ending epoch 8 - 2569 steps completed in 213.46 s
[OUTPUT] 2026-07-24T15:09:42.123813 Reshard for epoch 9: 92513 train files, 0 eval files redistributed via alltoall in 0.46s
[OUTPUT] 2026-07-24T15:09:43.600265 Worker pre-warm complete for epoch 9 (4 workers spawned)
[OUTPUT] 2026-07-24T15:09:43.804217 Saved outputs in /mnt/share/storage_results_v3/closed/UBIX/results/UbiPower18000_16x15.36TB_NVMe_4xNDR400_3xStorageNode_16hosts256GBMem_MI355/training/retinanet/run/20260724_143729
[OUTPUT] Averaged metric over all steps/epochs
[METRIC] ==========================================================
[METRIC] Number of Simulated Accelerators: 736 
[METRIC] Training Accelerator Utilization [AU] (%): 86.0138 (0.1804)
[METRIC] Training Throughput (samples/second): 319148.9247 (670.3711)
[METRIC] Training I/O Throughput (MiB/second): 98296.5272 (206.4715)
[METRIC] train_au_meet_expectation: success
[METRIC] ==========================================================

[OUTPUT] 2026-07-24T15:09:49.872104 outputs saved in RANKID_output.json
