[OUTPUT] [DEBUG DLIOBenchmark.__init__] After LoadConfig:
[OUTPUT]   storage_type   = <StorageType.LOCAL_FS: 'local_fs'>
[OUTPUT]   storage_root   = './'
[OUTPUT]   storage_options= None
[OUTPUT]   data_folder    = '/mnt/glfs/GalaxSphere-4Tier0/training/unet3d'
[OUTPUT]   framework      = <FrameworkType.PYTORCH: 'pytorch'>
[OUTPUT]   num_files_train= 280000
[OUTPUT]   record_length  = 146600628
[OUTPUT]   generate_data  = False
[OUTPUT]   do_train       = True
[OUTPUT]   do_checkpoint  = False
[OUTPUT]   epochs         = 5
[OUTPUT]   batch_size     = 7
[OUTPUT] 2026-07-09T20:20:25.595366 Running DLIO [Training] with 80 process(es)
[OUTPUT] 2026-07-09T20:20:25.625033 skip_listing [train]: validating 280,000 of 280,000 files (first, last, every 1) via HEAD requests ...
[OUTPUT] 2026-07-09T20:20:25.663712 skip_listing [train]:   500/280,000 checked (0%)  —  12978 checks/s  —  ETA 22s  —  0 failed so far
[OUTPUT] 2026-07-09T20:20:25.692093 skip_listing [train]:   1,000/280,000 checked (0%)  —  14946 checks/s  —  ETA 19s  —  0 failed so far
[OUTPUT] 2026-07-09T20:20:25.719824 skip_listing [train]:   1,500/280,000 checked (1%)  —  15849 checks/s  —  ETA 18s  —  0 failed so far
[OUTPUT] 2026-07-09T20:20:25.743392 skip_listing [train]:   2,000/280,000 checked (1%)  —  16922 checks/s  —  ETA 16s  —  0 failed so far
[OUTPUT] 2026-07-09T20:20:25.773399 skip_listing [train]:   2,500/280,000 checked (1%)  —  16867 checks/s  —  ETA 16s  —  0 failed so far
[OUTPUT] 2026-07-09T20:20:25.804272 skip_listing [train]:   3,000/280,000 checked (1%)  —  16751 checks/s  —  ETA 17s  —  0 failed so far
[OUTPUT] 2026-07-09T20:20:25.833097 skip_listing [train]:   3,500/280,000 checked (1%)  —  16834 checks/s  —  ETA 16s  —  0 failed so far
[OUTPUT] 2026-07-09T20:20:25.861124 skip_listing [train]:   4,000/280,000 checked (1%)  —  16953 checks/s  —  ETA 16s  —  0 failed so far
[OUTPUT] 2026-07-09T20:20:25.883998 skip_listing [train]:   4,500/280,000 checked (2%)  —  17387 checks/s  —  ETA 16s  —  0 failed so far
[OUTPUT] 2026-07-09T20:20:25.907962 skip_listing [train]:   5,000/280,000 checked (2%)  —  17682 checks/s  —  ETA 16s  —  0 failed so far
[OUTPUT] 2026-07-09T20:20:25.932776 skip_listing [train]:   5,500/280,000 checked (2%)  —  17881 checks/s  —  ETA 15s  —  0 failed so far
[OUTPUT] 2026-07-09T20:20:25.957447 skip_listing [train]:   6,000/280,000 checked (2%)  —  18058 checks/s  —  ETA 15s  —  0 failed so far
[OUTPUT] 2026-07-09T20:20:25.984262 skip_listing [train]:   6,500/280,000 checked (2%)  —  18102 checks/s  —  ETA 15s  —  0 failed so far
[OUTPUT] 2026-07-09T20:20:26.005981 skip_listing [train]:   7,000/280,000 checked (2%)  —  18382 checks/s  —  ETA 15s  —  0 failed so far
[OUTPUT] 2026-07-09T20:20:26.030144 skip_listing [train]:   7,500/280,000 checked (3%)  —  18520 checks/s  —  ETA 15s  —  0 failed so far
[OUTPUT] 2026-07-09T20:20:26.054621 skip_listing [train]:   8,000/280,000 checked (3%)  —  18629 checks/s  —  ETA 15s  —  0 failed so far
[OUTPUT] 2026-07-09T20:20:26.079686 skip_listing [train]:   8,500/280,000 checked (3%)  —  18702 checks/s  —  ETA 15s  —  0 failed so far
[OUTPUT] 2026-07-09T20:20:26.106879 skip_listing [train]:   9,000/280,000 checked (3%)  —  18684 checks/s  —  ETA 15s  —  0 failed so far
[OUTPUT] 2026-07-09T20:20:26.133729 skip_listing [train]:   9,500/280,000 checked (3%)  —  18681 checks/s  —  ETA 14s  —  0 failed so far
[OUTPUT] 2026-07-09T20:20:26.160044 skip_listing [train]:   10,000/280,000 checked (4%)  —  18696 checks/s  —  ETA 14s  —  0 failed so far
[OUTPUT] 2026-07-09T20:20:26.186344 skip_listing [train]:   10,500/280,000 checked (4%)  —  18711 checks/s  —  ETA 14s  —  0 failed so far
[OUTPUT] 2026-07-09T20:20:26.212497 skip_listing [train]:   11,000/280,000 checked (4%)  —  18729 checks/s  —  ETA 14s  —  0 failed so far
[OUTPUT] 2026-07-09T20:20:26.237404 skip_listing [train]:   11,500/280,000 checked (4%)  —  18784 checks/s  —  ETA 14s  —  0 failed so far
[OUTPUT] 2026-07-09T20:20:26.263357 skip_listing [train]:   12,000/280,000 checked (4%)  —  18804 checks/s  —  ETA 14s  —  0 failed so far
[OUTPUT] 2026-07-09T20:20:26.286375 skip_listing [train]:   12,500/280,000 checked (4%)  —  18905 checks/s  —  ETA 14s  —  0 failed so far
[OUTPUT] 2026-07-09T20:20:26.313525 skip_listing [train]:   13,000/280,000 checked (5%)  —  18886 checks/s  —  ETA 14s  —  0 failed so far
[OUTPUT] 2026-07-09T20:20:26.339167 skip_listing [train]:   13,500/280,000 checked (5%)  —  18908 checks/s  —  ETA 14s  —  0 failed so far
[OUTPUT] 2026-07-09T20:20:26.368670 skip_listing [train]:   14,000/280,000 checked (5%)  —  18830 checks/s  —  ETA 14s  —  0 failed so far
[OUTPUT] 2026-07-09T20:20:26.394465 skip_listing [train]:   14,500/280,000 checked (5%)  —  18849 checks/s  —  ETA 14s  —  0 failed so far
[OUTPUT] 2026-07-09T20:20:26.422174 skip_listing [train]:   15,000/280,000 checked (5%)  —  18821 checks/s  —  ETA 14s  —  0 failed so far
[OUTPUT] 2026-07-09T20:20:26.449390 skip_listing [train]:   15,500/280,000 checked (6%)  —  18806 checks/s  —  ETA 14s  —  0 failed so far
[OUTPUT] 2026-07-09T20:20:26.476401 skip_listing [train]:   16,000/280,000 checked (6%)  —  18797 checks/s  —  ETA 14s  —  0 failed so far
[OUTPUT] 2026-07-09T20:20:26.502632 skip_listing [train]:   16,500/280,000 checked (6%)  —  18805 checks/s  —  ETA 14s  —  0 failed so far
[OUTPUT] 2026-07-09T20:20:26.534184 skip_listing [train]:   17,000/280,000 checked (6%)  —  18702 checks/s  —  ETA 14s  —  0 failed so far
[OUTPUT] 2026-07-09T20:20:26.559410 skip_listing [train]:   17,500/280,000 checked (6%)  —  18732 checks/s  —  ETA 14s  —  0 failed so far
[OUTPUT] 2026-07-09T20:20:26.590477 skip_listing [train]:   18,000/280,000 checked (6%)  —  18647 checks/s  —  ETA 14s  —  0 failed so far
[OUTPUT] 2026-07-09T20:20:26.615225 skip_listing [train]:   18,500/280,000 checked (7%)  —  18686 checks/s  —  ETA 14s  —  0 failed so far
[OUTPUT] 2026-07-09T20:20:26.645032 skip_listing [train]:   19,000/280,000 checked (7%)  —  18630 checks/s  —  ETA 14s  —  0 failed so far
[OUTPUT] 2026-07-09T20:20:26.672561 skip_listing [train]:   19,500/280,000 checked (7%)  —  18618 checks/s  —  ETA 14s  —  0 failed so far
[OUTPUT] 2026-07-09T20:20:26.697716 skip_listing [train]:   20,000/280,000 checked (7%)  —  18647 checks/s  —  ETA 14s  —  0 failed so far
[OUTPUT] 2026-07-09T20:20:26.723668 skip_listing [train]:   20,500/280,000 checked (7%)  —  18662 checks/s  —  ETA 14s  —  0 failed so far
[OUTPUT] 2026-07-09T20:20:26.751112 skip_listing [train]:   21,000/280,000 checked (8%)  —  18651 checks/s  —  ETA 14s  —  0 failed so far
[OUTPUT] 2026-07-09T20:20:26.773778 skip_listing [train]:   21,500/280,000 checked (8%)  —  18719 checks/s  —  ETA 14s  —  0 failed so far
[OUTPUT] 2026-07-09T20:20:26.799114 skip_listing [train]:   22,000/280,000 checked (8%)  —  18740 checks/s  —  ETA 14s  —  0 failed so far
[OUTPUT] 2026-07-09T20:20:26.823214 skip_listing [train]:   22,500/280,000 checked (8%)  —  18781 checks/s  —  ETA 14s  —  0 failed so far
[OUTPUT] 2026-07-09T20:20:26.848041 skip_listing [train]:   23,000/280,000 checked (8%)  —  18808 checks/s  —  ETA 14s  —  0 failed so far
[OUTPUT] 2026-07-09T20:20:26.871560 skip_listing [train]:   23,500/280,000 checked (8%)  —  18855 checks/s  —  ETA 14s  —  0 failed so far
[OUTPUT] 2026-07-09T20:20:26.897757 skip_listing [train]:   24,000/280,000 checked (9%)  —  18859 checks/s  —  ETA 14s  —  0 failed so far
[OUTPUT] 2026-07-09T20:20:26.924713 skip_listing [train]:   24,500/280,000 checked (9%)  —  18853 checks/s  —  ETA 14s  —  0 failed so far
[OUTPUT] 2026-07-09T20:20:26.947844 skip_listing [train]:   25,000/280,000 checked (9%)  —  18901 checks/s  —  ETA 13s  —  0 failed so far
[OUTPUT] 2026-07-09T20:20:26.975101 skip_listing [train]:   25,500/280,000 checked (9%)  —  18890 checks/s  —  ETA 13s  —  0 failed so far
[OUTPUT] 2026-07-09T20:20:26.998742 skip_listing [train]:   26,000/280,000 checked (9%)  —  18929 checks/s  —  ETA 13s  —  0 failed so far
[OUTPUT] 2026-07-09T20:20:27.023778 skip_listing [train]:   26,500/280,000 checked (9%)  —  18948 checks/s  —  ETA 13s  —  0 failed so far
[OUTPUT] 2026-07-09T20:20:27.051804 skip_listing [train]:   27,000/280,000 checked (10%)  —  18926 checks/s  —  ETA 13s  —  0 failed so far
[OUTPUT] 2026-07-09T20:20:27.076757 skip_listing [train]:   27,500/280,000 checked (10%)  —  18945 checks/s  —  ETA 13s  —  0 failed so far
[OUTPUT] 2026-07-09T20:20:27.101188 skip_listing [train]:   28,000/280,000 checked (10%)  —  18970 checks/s  —  ETA 13s  —  0 failed so far
[OUTPUT] 2026-07-09T20:20:27.124234 skip_listing [train]:   28,500/280,000 checked (10%)  —  19012 checks/s  —  ETA 13s  —  0 failed so far
[OUTPUT] 2026-07-09T20:20:27.147743 skip_listing [train]:   29,000/280,000 checked (10%)  —  19047 checks/s  —  ETA 13s  —  0 failed so far
[OUTPUT] 2026-07-09T20:20:27.175458 skip_listing [train]:   29,500/280,000 checked (11%)  —  19029 checks/s  —  ETA 13s  —  0 failed so far
[OUTPUT] 2026-07-09T20:20:27.201246 skip_listing [train]:   30,000/280,000 checked (11%)  —  19035 checks/s  —  ETA 13s  —  0 failed so far
[OUTPUT] 2026-07-09T20:20:27.227401 skip_listing [train]:   30,500/280,000 checked (11%)  —  19036 checks/s  —  ETA 13s  —  0 failed so far
[OUTPUT] 2026-07-09T20:20:27.254601 skip_listing [train]:   31,000/280,000 checked (11%)  —  19025 checks/s  —  ETA 13s  —  0 failed so far
[OUTPUT] 2026-07-09T20:20:27.282194 skip_listing [train]:   31,500/280,000 checked (11%)  —  19010 checks/s  —  ETA 13s  —  0 failed so far
[OUTPUT] 2026-07-09T20:20:27.308668 skip_listing [train]:   32,000/280,000 checked (11%)  —  19008 checks/s  —  ETA 13s  —  0 failed so far
[OUTPUT] 2026-07-09T20:20:27.332950 skip_listing [train]:   32,500/280,000 checked (12%)  —  19031 checks/s  —  ETA 13s  —  0 failed so far
[OUTPUT] 2026-07-09T20:20:27.358256 skip_listing [train]:   33,000/280,000 checked (12%)  —  19041 checks/s  —  ETA 13s  —  0 failed so far
[OUTPUT] 2026-07-09T20:20:27.381751 skip_listing [train]:   33,500/280,000 checked (12%)  —  19071 checks/s  —  ETA 13s  —  0 failed so far
[OUTPUT] 2026-07-09T20:20:27.405870 skip_listing [train]:   34,000/280,000 checked (12%)  —  19094 checks/s  —  ETA 13s  —  0 failed so far
[OUTPUT] 2026-07-09T20:20:27.432666 skip_listing [train]:   34,500/280,000 checked (12%)  —  19087 checks/s  —  ETA 13s  —  0 failed so far
[OUTPUT] 2026-07-09T20:20:27.457874 skip_listing [train]:   35,000/280,000 checked (12%)  —  19098 checks/s  —  ETA 13s  —  0 failed so far
[OUTPUT] 2026-07-09T20:20:27.484728 skip_listing [train]:   35,500/280,000 checked (13%)  —  19091 checks/s  —  ETA 13s  —  0 failed so far
[OUTPUT] 2026-07-09T20:20:27.511122 skip_listing [train]:   36,000/280,000 checked (13%)  —  19089 checks/s  —  ETA 13s  —  0 failed so far
[OUTPUT] 2026-07-09T20:20:27.535850 skip_listing [train]:   36,500/280,000 checked (13%)  —  19103 checks/s  —  ETA 13s  —  0 failed so far
[OUTPUT] 2026-07-09T20:20:27.559321 skip_listing [train]:   37,000/280,000 checked (13%)  —  19130 checks/s  —  ETA 13s  —  0 failed so far
[OUTPUT] 2026-07-09T20:20:27.583435 skip_listing [train]:   37,500/280,000 checked (13%)  —  19150 checks/s  —  ETA 13s  —  0 failed so far
[OUTPUT] 2026-07-09T20:20:27.607012 skip_listing [train]:   38,000/280,000 checked (14%)  —  19174 checks/s  —  ETA 13s  —  0 failed so far
[OUTPUT] 2026-07-09T20:20:27.634544 skip_listing [train]:   38,500/280,000 checked (14%)  —  19160 checks/s  —  ETA 13s  —  0 failed so far
[OUTPUT] 2026-07-09T20:20:27.661323 skip_listing [train]:   39,000/280,000 checked (14%)  —  19154 checks/s  —  ETA 13s  —  0 failed so far
[OUTPUT] 2026-07-09T20:20:27.686559 skip_listing [train]:   39,500/280,000 checked (14%)  —  19162 checks/s  —  ETA 13s  —  0 failed so far
[OUTPUT] 2026-07-09T20:20:27.713020 skip_listing [train]:   40,000/280,000 checked (14%)  —  19159 checks/s  —  ETA 13s  —  0 failed so far
[OUTPUT] 2026-07-09T20:20:27.740840 skip_listing [train]:   40,500/280,000 checked (14%)  —  19143 checks/s  —  ETA 13s  —  0 failed so far
[OUTPUT] 2026-07-09T20:20:27.767113 skip_listing [train]:   41,000/280,000 checked (15%)  —  19142 checks/s  —  ETA 12s  —  0 failed so far
[OUTPUT] 2026-07-09T20:20:27.799174 skip_listing [train]:   41,500/280,000 checked (15%)  —  19089 checks/s  —  ETA 12s  —  0 failed so far
[OUTPUT] 2026-07-09T20:20:27.825016 skip_listing [train]:   42,000/280,000 checked (15%)  —  19092 checks/s  —  ETA 12s  —  0 failed so far
[OUTPUT] 2026-07-09T20:20:27.849812 skip_listing [train]:   42,500/280,000 checked (15%)  —  19104 checks/s  —  ETA 12s  —  0 failed so far
[OUTPUT] 2026-07-09T20:20:27.880324 skip_listing [train]:   43,000/280,000 checked (15%)  —  19068 checks/s  —  ETA 12s  —  0 failed so far
[OUTPUT] 2026-07-09T20:20:27.912889 skip_listing [train]:   43,500/280,000 checked (16%)  —  19015 checks/s  —  ETA 12s  —  0 failed so far
[OUTPUT] 2026-07-09T20:20:27.943029 skip_listing [train]:   44,000/280,000 checked (16%)  —  18983 checks/s  —  ETA 12s  —  0 failed so far
[OUTPUT] 2026-07-09T20:20:27.969484 skip_listing [train]:   44,500/280,000 checked (16%)  —  18982 checks/s  —  ETA 12s  —  0 failed so far
[OUTPUT] 2026-07-09T20:20:27.995398 skip_listing [train]:   45,000/280,000 checked (16%)  —  18986 checks/s  —  ETA 12s  —  0 failed so far
[OUTPUT] 2026-07-09T20:20:28.024122 skip_listing [train]:   45,500/280,000 checked (16%)  —  18967 checks/s  —  ETA 12s  —  0 failed so far
[OUTPUT] 2026-07-09T20:20:28.047889 skip_listing [train]:   46,000/280,000 checked (16%)  —  18987 checks/s  —  ETA 12s  —  0 failed so far
[OUTPUT] 2026-07-09T20:20:28.074047 skip_listing [train]:   46,500/280,000 checked (17%)  —  18988 checks/s  —  ETA 12s  —  0 failed so far
[OUTPUT] 2026-07-09T20:20:28.099553 skip_listing [train]:   47,000/280,000 checked (17%)  —  18995 checks/s  —  ETA 12s  —  0 failed so far
[OUTPUT] 2026-07-09T20:20:28.130537 skip_listing [train]:   47,500/280,000 checked (17%)  —  18959 checks/s  —  ETA 12s  —  0 failed so far
[OUTPUT] 2026-07-09T20:20:28.155136 skip_listing [train]:   48,000/280,000 checked (17%)  —  18973 checks/s  —  ETA 12s  —  0 failed so far
[OUTPUT] 2026-07-09T20:20:28.179106 skip_listing [train]:   48,500/280,000 checked (17%)  —  18990 checks/s  —  ETA 12s  —  0 failed so far
[OUTPUT] 2026-07-09T20:20:28.204402 skip_listing [train]:   49,000/280,000 checked (18%)  —  18998 checks/s  —  ETA 12s  —  0 failed so far
[OUTPUT] 2026-07-09T20:20:28.227882 skip_listing [train]:   49,500/280,000 checked (18%)  —  19019 checks/s  —  ETA 12s  —  0 failed so far
[OUTPUT] 2026-07-09T20:20:28.251707 skip_listing [train]:   50,000/280,000 checked (18%)  —  19037 checks/s  —  ETA 12s  —  0 failed so far
[OUTPUT] 2026-07-09T20:20:28.276163 skip_listing [train]:   50,500/280,000 checked (18%)  —  19050 checks/s  —  ETA 12s  —  0 failed so far
[OUTPUT] 2026-07-09T20:20:28.301918 skip_listing [train]:   51,000/280,000 checked (18%)  —  19053 checks/s  —  ETA 12s  —  0 failed so far
[OUTPUT] 2026-07-09T20:20:28.325038 skip_listing [train]:   51,500/280,000 checked (18%)  —  19075 checks/s  —  ETA 12s  —  0 failed so far
[OUTPUT] 2026-07-09T20:20:28.350575 skip_listing [train]:   52,000/280,000 checked (19%)  —  19080 checks/s  —  ETA 12s  —  0 failed so far
[OUTPUT] 2026-07-09T20:20:28.375334 skip_listing [train]:   52,500/280,000 checked (19%)  —  19090 checks/s  —  ETA 12s  —  0 failed so far
[OUTPUT] 2026-07-09T20:20:28.397717 skip_listing [train]:   53,000/280,000 checked (19%)  —  19116 checks/s  —  ETA 12s  —  0 failed so far
[OUTPUT] 2026-07-09T20:20:28.421503 skip_listing [train]:   53,500/280,000 checked (19%)  —  19132 checks/s  —  ETA 12s  —  0 failed so far
[OUTPUT] 2026-07-09T20:20:28.446255 skip_listing [train]:   54,000/280,000 checked (19%)  —  19142 checks/s  —  ETA 12s  —  0 failed so far
[OUTPUT] 2026-07-09T20:20:28.473821 skip_listing [train]:   54,500/280,000 checked (19%)  —  19132 checks/s  —  ETA 12s  —  0 failed so far
[OUTPUT] 2026-07-09T20:20:28.496027 skip_listing [train]:   55,000/280,000 checked (20%)  —  19158 checks/s  —  ETA 12s  —  0 failed so far
[OUTPUT] 2026-07-09T20:20:28.522140 skip_listing [train]:   55,500/280,000 checked (20%)  —  19158 checks/s  —  ETA 12s  —  0 failed so far
[OUTPUT] 2026-07-09T20:20:28.548336 skip_listing [train]:   56,000/280,000 checked (20%)  —  19157 checks/s  —  ETA 12s  —  0 failed so far
[OUTPUT] 2026-07-09T20:20:28.573035 skip_listing [train]:   56,500/280,000 checked (20%)  —  19166 checks/s  —  ETA 12s  —  0 failed so far
[OUTPUT] 2026-07-09T20:20:28.595765 skip_listing [train]:   57,000/280,000 checked (20%)  —  19188 checks/s  —  ETA 12s  —  0 failed so far
[OUTPUT] 2026-07-09T20:20:28.622415 skip_listing [train]:   57,500/280,000 checked (21%)  —  19184 checks/s  —  ETA 12s  —  0 failed so far
[OUTPUT] 2026-07-09T20:20:28.653933 skip_listing [train]:   58,000/280,000 checked (21%)  —  19150 checks/s  —  ETA 12s  —  0 failed so far
[OUTPUT] 2026-07-09T20:20:28.678998 skip_listing [train]:   58,500/280,000 checked (21%)  —  19156 checks/s  —  ETA 12s  —  0 failed so far
[OUTPUT] 2026-07-09T20:20:28.706158 skip_listing [train]:   59,000/280,000 checked (21%)  —  19150 checks/s  —  ETA 12s  —  0 failed so far
[OUTPUT] 2026-07-09T20:20:28.729606 skip_listing [train]:   59,500/280,000 checked (21%)  —  19166 checks/s  —  ETA 12s  —  0 failed so far
[OUTPUT] 2026-07-09T20:20:28.755943 skip_listing [train]:   60,000/280,000 checked (21%)  —  19165 checks/s  —  ETA 11s  —  0 failed so far
[OUTPUT] 2026-07-09T20:20:28.781449 skip_listing [train]:   60,500/280,000 checked (22%)  —  19168 checks/s  —  ETA 11s  —  0 failed so far
[OUTPUT] 2026-07-09T20:20:28.806383 skip_listing [train]:   61,000/280,000 checked (22%)  —  19175 checks/s  —  ETA 11s  —  0 failed so far
[OUTPUT] 2026-07-09T20:20:28.826786 skip_listing [train]:   61,500/280,000 checked (22%)  —  19209 checks/s  —  ETA 11s  —  0 failed so far
[OUTPUT] 2026-07-09T20:20:28.851600 skip_listing [train]:   62,000/280,000 checked (22%)  —  19216 checks/s  —  ETA 11s  —  0 failed so far
[OUTPUT] 2026-07-09T20:20:28.874229 skip_listing [train]:   62,500/280,000 checked (22%)  —  19236 checks/s  —  ETA 11s  —  0 failed so far
[OUTPUT] 2026-07-09T20:20:28.897448 skip_listing [train]:   63,000/280,000 checked (22%)  —  19253 checks/s  —  ETA 11s  —  0 failed so far
[OUTPUT] 2026-07-09T20:20:28.919191 skip_listing [train]:   63,500/280,000 checked (23%)  —  19277 checks/s  —  ETA 11s  —  0 failed so far
[OUTPUT] 2026-07-09T20:20:28.942986 skip_listing [train]:   64,000/280,000 checked (23%)  —  19290 checks/s  —  ETA 11s  —  0 failed so far
[OUTPUT] 2026-07-09T20:20:28.967575 skip_listing [train]:   64,500/280,000 checked (23%)  —  19298 checks/s  —  ETA 11s  —  0 failed so far
[OUTPUT] 2026-07-09T20:20:28.992252 skip_listing [train]:   65,000/280,000 checked (23%)  —  19305 checks/s  —  ETA 11s  —  0 failed so far
[OUTPUT] 2026-07-09T20:20:29.016977 skip_listing [train]:   65,500/280,000 checked (23%)  —  19311 checks/s  —  ETA 11s  —  0 failed so far
[OUTPUT] 2026-07-09T20:20:29.042081 skip_listing [train]:   66,000/280,000 checked (24%)  —  19316 checks/s  —  ETA 11s  —  0 failed so far
[OUTPUT] 2026-07-09T20:20:29.070344 skip_listing [train]:   66,500/280,000 checked (24%)  —  19302 checks/s  —  ETA 11s  —  0 failed so far
[OUTPUT] 2026-07-09T20:20:29.090657 skip_listing [train]:   67,000/280,000 checked (24%)  —  19334 checks/s  —  ETA 11s  —  0 failed so far
[OUTPUT] 2026-07-09T20:20:29.115455 skip_listing [train]:   67,500/280,000 checked (24%)  —  19339 checks/s  —  ETA 11s  —  0 failed so far
[OUTPUT] 2026-07-09T20:20:29.140520 skip_listing [train]:   68,000/280,000 checked (24%)  —  19344 checks/s  —  ETA 11s  —  0 failed so far
[OUTPUT] 2026-07-09T20:20:29.164313 skip_listing [train]:   68,500/280,000 checked (24%)  —  19355 checks/s  —  ETA 11s  —  0 failed so far
[OUTPUT] 2026-07-09T20:20:29.191776 skip_listing [train]:   69,000/280,000 checked (25%)  —  19346 checks/s  —  ETA 11s  —  0 failed so far
[OUTPUT] 2026-07-09T20:20:29.217219 skip_listing [train]:   69,500/280,000 checked (25%)  —  19348 checks/s  —  ETA 11s  —  0 failed so far
[OUTPUT] 2026-07-09T20:20:29.242906 skip_listing [train]:   70,000/280,000 checked (25%)  —  19349 checks/s  —  ETA 11s  —  0 failed so far
[OUTPUT] 2026-07-09T20:20:29.266788 skip_listing [train]:   70,500/280,000 checked (25%)  —  19360 checks/s  —  ETA 11s  —  0 failed so far
[OUTPUT] 2026-07-09T20:20:29.291384 skip_listing [train]:   71,000/280,000 checked (25%)  —  19366 checks/s  —  ETA 11s  —  0 failed so far
[OUTPUT] 2026-07-09T20:20:29.316938 skip_listing [train]:   71,500/280,000 checked (26%)  —  19367 checks/s  —  ETA 11s  —  0 failed so far
[OUTPUT] 2026-07-09T20:20:29.343995 skip_listing [train]:   72,000/280,000 checked (26%)  —  19361 checks/s  —  ETA 11s  —  0 failed so far
[OUTPUT] 2026-07-09T20:20:29.366773 skip_listing [train]:   72,500/280,000 checked (26%)  —  19377 checks/s  —  ETA 11s  —  0 failed so far
[OUTPUT] 2026-07-09T20:20:29.391726 skip_listing [train]:   73,000/280,000 checked (26%)  —  19381 checks/s  —  ETA 11s  —  0 failed so far
[OUTPUT] 2026-07-09T20:20:29.413834 skip_listing [train]:   73,500/280,000 checked (26%)  —  19400 checks/s  —  ETA 11s  —  0 failed so far
[OUTPUT] 2026-07-09T20:20:29.438070 skip_listing [train]:   74,000/280,000 checked (26%)  —  19408 checks/s  —  ETA 11s  —  0 failed so far
[OUTPUT] 2026-07-09T20:20:29.464113 skip_listing [train]:   74,500/280,000 checked (27%)  —  19406 checks/s  —  ETA 11s  —  0 failed so far
[OUTPUT] 2026-07-09T20:20:29.488206 skip_listing [train]:   75,000/280,000 checked (27%)  —  19415 checks/s  —  ETA 11s  —  0 failed so far
[OUTPUT] 2026-07-09T20:20:29.512768 skip_listing [train]:   75,500/280,000 checked (27%)  —  19421 checks/s  —  ETA 11s  —  0 failed so far
[OUTPUT] 2026-07-09T20:20:29.538550 skip_listing [train]:   76,000/280,000 checked (27%)  —  19421 checks/s  —  ETA 11s  —  0 failed so far
[OUTPUT] 2026-07-09T20:20:29.563525 skip_listing [train]:   76,500/280,000 checked (27%)  —  19424 checks/s  —  ETA 10s  —  0 failed so far
[OUTPUT] 2026-07-09T20:20:29.588598 skip_listing [train]:   77,000/280,000 checked (28%)  —  19428 checks/s  —  ETA 10s  —  0 failed so far
[OUTPUT] 2026-07-09T20:20:29.615940 skip_listing [train]:   77,500/280,000 checked (28%)  —  19420 checks/s  —  ETA 10s  —  0 failed so far
[OUTPUT] 2026-07-09T20:20:29.644375 skip_listing [train]:   78,000/280,000 checked (28%)  —  19407 checks/s  —  ETA 10s  —  0 failed so far
[OUTPUT] 2026-07-09T20:20:29.667077 skip_listing [train]:   78,500/280,000 checked (28%)  —  19422 checks/s  —  ETA 10s  —  0 failed so far
[OUTPUT] 2026-07-09T20:20:29.693644 skip_listing [train]:   79,000/280,000 checked (28%)  —  19418 checks/s  —  ETA 10s  —  0 failed so far
[OUTPUT] 2026-07-09T20:20:29.717859 skip_listing [train]:   79,500/280,000 checked (28%)  —  19425 checks/s  —  ETA 10s  —  0 failed so far
[OUTPUT] 2026-07-09T20:20:29.742447 skip_listing [train]:   80,000/280,000 checked (29%)  —  19430 checks/s  —  ETA 10s  —  0 failed so far
[OUTPUT] 2026-07-09T20:20:29.768024 skip_listing [train]:   80,500/280,000 checked (29%)  —  19431 checks/s  —  ETA 10s  —  0 failed so far
[OUTPUT] 2026-07-09T20:20:29.796268 skip_listing [train]:   81,000/280,000 checked (29%)  —  19419 checks/s  —  ETA 10s  —  0 failed so far
[OUTPUT] 2026-07-09T20:20:29.822529 skip_listing [train]:   81,500/280,000 checked (29%)  —  19417 checks/s  —  ETA 10s  —  0 failed so far
[OUTPUT] 2026-07-09T20:20:29.847090 skip_listing [train]:   82,000/280,000 checked (29%)  —  19422 checks/s  —  ETA 10s  —  0 failed so far
[OUTPUT] 2026-07-09T20:20:29.872320 skip_listing [train]:   82,500/280,000 checked (29%)  —  19425 checks/s  —  ETA 10s  —  0 failed so far
[OUTPUT] 2026-07-09T20:20:29.896465 skip_listing [train]:   83,000/280,000 checked (30%)  —  19432 checks/s  —  ETA 10s  —  0 failed so far
[OUTPUT] 2026-07-09T20:20:29.923391 skip_listing [train]:   83,500/280,000 checked (30%)  —  19427 checks/s  —  ETA 10s  —  0 failed so far
[OUTPUT] 2026-07-09T20:20:29.946255 skip_listing [train]:   84,000/280,000 checked (30%)  —  19440 checks/s  —  ETA 10s  —  0 failed so far
[OUTPUT] 2026-07-09T20:20:29.969037 skip_listing [train]:   84,500/280,000 checked (30%)  —  19453 checks/s  —  ETA 10s  —  0 failed so far
[OUTPUT] 2026-07-09T20:20:29.993386 skip_listing [train]:   85,000/280,000 checked (30%)  —  19459 checks/s  —  ETA 10s  —  0 failed so far
[OUTPUT] 2026-07-09T20:20:30.018410 skip_listing [train]:   85,500/280,000 checked (31%)  —  19462 checks/s  —  ETA 10s  —  0 failed so far
[OUTPUT] 2026-07-09T20:20:30.041389 skip_listing [train]:   86,000/280,000 checked (31%)  —  19474 checks/s  —  ETA 10s  —  0 failed so far
[OUTPUT] 2026-07-09T20:20:30.066959 skip_listing [train]:   86,500/280,000 checked (31%)  —  19474 checks/s  —  ETA 10s  —  0 failed so far
[OUTPUT] 2026-07-09T20:20:30.093440 skip_listing [train]:   87,000/280,000 checked (31%)  —  19471 checks/s  —  ETA 10s  —  0 failed so far
[OUTPUT] 2026-07-09T20:20:30.117716 skip_listing [train]:   87,500/280,000 checked (31%)  —  19477 checks/s  —  ETA 10s  —  0 failed so far
[OUTPUT] 2026-07-09T20:20:30.141720 skip_listing [train]:   88,000/280,000 checked (31%)  —  19484 checks/s  —  ETA 10s  —  0 failed so far
[OUTPUT] 2026-07-09T20:20:30.168293 skip_listing [train]:   88,500/280,000 checked (32%)  —  19480 checks/s  —  ETA 10s  —  0 failed so far
[OUTPUT] 2026-07-09T20:20:30.193407 skip_listing [train]:   89,000/280,000 checked (32%)  —  19482 checks/s  —  ETA 10s  —  0 failed so far
[OUTPUT] 2026-07-09T20:20:30.218527 skip_listing [train]:   89,500/280,000 checked (32%)  —  19485 checks/s  —  ETA 10s  —  0 failed so far
[OUTPUT] 2026-07-09T20:20:30.241370 skip_listing [train]:   90,000/280,000 checked (32%)  —  19497 checks/s  —  ETA 10s  —  0 failed so far
[OUTPUT] 2026-07-09T20:20:30.268149 skip_listing [train]:   90,500/280,000 checked (32%)  —  19492 checks/s  —  ETA 10s  —  0 failed so far
[OUTPUT] 2026-07-09T20:20:30.292893 skip_listing [train]:   91,000/280,000 checked (32%)  —  19496 checks/s  —  ETA 10s  —  0 failed so far
[OUTPUT] 2026-07-09T20:20:30.316787 skip_listing [train]:   91,500/280,000 checked (33%)  —  19503 checks/s  —  ETA 10s  —  0 failed so far
[OUTPUT] 2026-07-09T20:20:30.341676 skip_listing [train]:   92,000/280,000 checked (33%)  —  19506 checks/s  —  ETA 10s  —  0 failed so far
[OUTPUT] 2026-07-09T20:20:30.369162 skip_listing [train]:   92,500/280,000 checked (33%)  —  19498 checks/s  —  ETA 10s  —  0 failed so far
[OUTPUT] 2026-07-09T20:20:30.393606 skip_listing [train]:   93,000/280,000 checked (33%)  —  19503 checks/s  —  ETA 10s  —  0 failed so far
[OUTPUT] 2026-07-09T20:20:30.415493 skip_listing [train]:   93,500/280,000 checked (33%)  —  19519 checks/s  —  ETA 10s  —  0 failed so far
[OUTPUT] 2026-07-09T20:20:30.444714 skip_listing [train]:   94,000/280,000 checked (34%)  —  19504 checks/s  —  ETA 10s  —  0 failed so far
[OUTPUT] 2026-07-09T20:20:30.469341 skip_listing [train]:   94,500/280,000 checked (34%)  —  19508 checks/s  —  ETA 10s  —  0 failed so far
[OUTPUT] 2026-07-09T20:20:30.492557 skip_listing [train]:   95,000/280,000 checked (34%)  —  19518 checks/s  —  ETA 9s  —  0 failed so far
[OUTPUT] 2026-07-09T20:20:30.516257 skip_listing [train]:   95,500/280,000 checked (34%)  —  19525 checks/s  —  ETA 9s  —  0 failed so far
[OUTPUT] 2026-07-09T20:20:30.542781 skip_listing [train]:   96,000/280,000 checked (34%)  —  19522 checks/s  —  ETA 9s  —  0 failed so far
[OUTPUT] 2026-07-09T20:20:30.566675 skip_listing [train]:   96,500/280,000 checked (34%)  —  19529 checks/s  —  ETA 9s  —  0 failed so far
[OUTPUT] 2026-07-09T20:20:30.595572 skip_listing [train]:   97,000/280,000 checked (35%)  —  19516 checks/s  —  ETA 9s  —  0 failed so far
[OUTPUT] 2026-07-09T20:20:30.620235 skip_listing [train]:   97,500/280,000 checked (35%)  —  19519 checks/s  —  ETA 9s  —  0 failed so far
[OUTPUT] 2026-07-09T20:20:30.651728 skip_listing [train]:   98,000/280,000 checked (35%)  —  19496 checks/s  —  ETA 9s  —  0 failed so far
[OUTPUT] 2026-07-09T20:20:30.677415 skip_listing [train]:   98,500/280,000 checked (35%)  —  19496 checks/s  —  ETA 9s  —  0 failed so far
[OUTPUT] 2026-07-09T20:20:30.700881 skip_listing [train]:   99,000/280,000 checked (35%)  —  19505 checks/s  —  ETA 9s  —  0 failed so far
[OUTPUT] 2026-07-09T20:20:30.727437 skip_listing [train]:   99,500/280,000 checked (36%)  —  19501 checks/s  —  ETA 9s  —  0 failed so far
[OUTPUT] 2026-07-09T20:20:30.753050 skip_listing [train]:   100,000/280,000 checked (36%)  —  19501 checks/s  —  ETA 9s  —  0 failed so far
[OUTPUT] 2026-07-09T20:20:30.780542 skip_listing [train]:   100,500/280,000 checked (36%)  —  19494 checks/s  —  ETA 9s  —  0 failed so far
[OUTPUT] 2026-07-09T20:20:30.806540 skip_listing [train]:   101,000/280,000 checked (36%)  —  19493 checks/s  —  ETA 9s  —  0 failed so far
[OUTPUT] 2026-07-09T20:20:30.832654 skip_listing [train]:   101,500/280,000 checked (36%)  —  19491 checks/s  —  ETA 9s  —  0 failed so far
[OUTPUT] 2026-07-09T20:20:30.856811 skip_listing [train]:   102,000/280,000 checked (36%)  —  19497 checks/s  —  ETA 9s  —  0 failed so far
[OUTPUT] 2026-07-09T20:20:30.881275 skip_listing [train]:   102,500/280,000 checked (37%)  —  19501 checks/s  —  ETA 9s  —  0 failed so far
[OUTPUT] 2026-07-09T20:20:30.911244 skip_listing [train]:   103,000/280,000 checked (37%)  —  19485 checks/s  —  ETA 9s  —  0 failed so far
[OUTPUT] 2026-07-09T20:20:30.935717 skip_listing [train]:   103,500/280,000 checked (37%)  —  19490 checks/s  —  ETA 9s  —  0 failed so far
[OUTPUT] 2026-07-09T20:20:30.961553 skip_listing [train]:   104,000/280,000 checked (37%)  —  19489 checks/s  —  ETA 9s  —  0 failed so far
[OUTPUT] 2026-07-09T20:20:30.983835 skip_listing [train]:   104,500/280,000 checked (37%)  —  19501 checks/s  —  ETA 9s  —  0 failed so far
[OUTPUT] 2026-07-09T20:20:31.010019 skip_listing [train]:   105,000/280,000 checked (38%)  —  19499 checks/s  —  ETA 9s  —  0 failed so far
[OUTPUT] 2026-07-09T20:20:31.038569 skip_listing [train]:   105,500/280,000 checked (38%)  —  19489 checks/s  —  ETA 9s  —  0 failed so far
[OUTPUT] 2026-07-09T20:20:31.065945 skip_listing [train]:   106,000/280,000 checked (38%)  —  19483 checks/s  —  ETA 9s  —  0 failed so far
[OUTPUT] 2026-07-09T20:20:31.092420 skip_listing [train]:   106,500/280,000 checked (38%)  —  19480 checks/s  —  ETA 9s  —  0 failed so far
[OUTPUT] 2026-07-09T20:20:31.119646 skip_listing [train]:   107,000/280,000 checked (38%)  —  19474 checks/s  —  ETA 9s  —  0 failed so far
[OUTPUT] 2026-07-09T20:20:31.145208 skip_listing [train]:   107,500/280,000 checked (38%)  —  19475 checks/s  —  ETA 9s  —  0 failed so far
[OUTPUT] 2026-07-09T20:20:31.168569 skip_listing [train]:   108,000/280,000 checked (39%)  —  19483 checks/s  —  ETA 9s  —  0 failed so far
[OUTPUT] 2026-07-09T20:20:31.196592 skip_listing [train]:   108,500/280,000 checked (39%)  —  19474 checks/s  —  ETA 9s  —  0 failed so far
[OUTPUT] 2026-07-09T20:20:31.222119 skip_listing [train]:   109,000/280,000 checked (39%)  —  19475 checks/s  —  ETA 9s  —  0 failed so far
[OUTPUT] 2026-07-09T20:20:31.246212 skip_listing [train]:   109,500/280,000 checked (39%)  —  19480 checks/s  —  ETA 9s  —  0 failed so far
[OUTPUT] 2026-07-09T20:20:31.272371 skip_listing [train]:   110,000/280,000 checked (39%)  —  19479 checks/s  —  ETA 9s  —  0 failed so far
[OUTPUT] 2026-07-09T20:20:31.294519 skip_listing [train]:   110,500/280,000 checked (39%)  —  19491 checks/s  —  ETA 9s  —  0 failed so far
[OUTPUT] 2026-07-09T20:20:31.318533 skip_listing [train]:   111,000/280,000 checked (40%)  —  19496 checks/s  —  ETA 9s  —  0 failed so far
[OUTPUT] 2026-07-09T20:20:31.343088 skip_listing [train]:   111,500/280,000 checked (40%)  —  19500 checks/s  —  ETA 9s  —  0 failed so far
[OUTPUT] 2026-07-09T20:20:31.373240 skip_listing [train]:   112,000/280,000 checked (40%)  —  19485 checks/s  —  ETA 9s  —  0 failed so far
[OUTPUT] 2026-07-09T20:20:31.398381 skip_listing [train]:   112,500/280,000 checked (40%)  —  19487 checks/s  —  ETA 9s  —  0 failed so far
[OUTPUT] 2026-07-09T20:20:31.423171 skip_listing [train]:   113,000/280,000 checked (40%)  —  19490 checks/s  —  ETA 9s  —  0 failed so far
[OUTPUT] 2026-07-09T20:20:31.451930 skip_listing [train]:   113,500/280,000 checked (41%)  —  19479 checks/s  —  ETA 9s  —  0 failed so far
[OUTPUT] 2026-07-09T20:20:31.479021 skip_listing [train]:   114,000/280,000 checked (41%)  —  19474 checks/s  —  ETA 9s  —  0 failed so far
[OUTPUT] 2026-07-09T20:20:31.506874 skip_listing [train]:   114,500/280,000 checked (41%)  —  19467 checks/s  —  ETA 9s  —  0 failed so far
[OUTPUT] 2026-07-09T20:20:31.529235 skip_listing [train]:   115,000/280,000 checked (41%)  —  19478 checks/s  —  ETA 8s  —  0 failed so far
[OUTPUT] 2026-07-09T20:20:31.555037 skip_listing [train]:   115,500/280,000 checked (41%)  —  19478 checks/s  —  ETA 8s  —  0 failed so far
[OUTPUT] 2026-07-09T20:20:31.577942 skip_listing [train]:   116,000/280,000 checked (41%)  —  19487 checks/s  —  ETA 8s  —  0 failed so far
[OUTPUT] 2026-07-09T20:20:31.603876 skip_listing [train]:   116,500/280,000 checked (42%)  —  19486 checks/s  —  ETA 8s  —  0 failed so far
[OUTPUT] 2026-07-09T20:20:31.630769 skip_listing [train]:   117,000/280,000 checked (42%)  —  19482 checks/s  —  ETA 8s  —  0 failed so far
[OUTPUT] 2026-07-09T20:20:31.657817 skip_listing [train]:   117,500/280,000 checked (42%)  —  19477 checks/s  —  ETA 8s  —  0 failed so far
[OUTPUT] 2026-07-09T20:20:31.683414 skip_listing [train]:   118,000/280,000 checked (42%)  —  19478 checks/s  —  ETA 8s  —  0 failed so far
[OUTPUT] 2026-07-09T20:20:31.706324 skip_listing [train]:   118,500/280,000 checked (42%)  —  19486 checks/s  —  ETA 8s  —  0 failed so far
[OUTPUT] 2026-07-09T20:20:31.730214 skip_listing [train]:   119,000/280,000 checked (42%)  —  19492 checks/s  —  ETA 8s  —  0 failed so far
[OUTPUT] 2026-07-09T20:20:31.756793 skip_listing [train]:   119,500/280,000 checked (43%)  —  19489 checks/s  —  ETA 8s  —  0 failed so far
[OUTPUT] 2026-07-09T20:20:31.780439 skip_listing [train]:   120,000/280,000 checked (43%)  —  19496 checks/s  —  ETA 8s  —  0 failed so far
[OUTPUT] 2026-07-09T20:20:31.803823 skip_listing [train]:   120,500/280,000 checked (43%)  —  19503 checks/s  —  ETA 8s  —  0 failed so far
[OUTPUT] 2026-07-09T20:20:31.828316 skip_listing [train]:   121,000/280,000 checked (43%)  —  19506 checks/s  —  ETA 8s  —  0 failed so far
[OUTPUT] 2026-07-09T20:20:31.851803 skip_listing [train]:   121,500/280,000 checked (43%)  —  19513 checks/s  —  ETA 8s  —  0 failed so far
[OUTPUT] 2026-07-09T20:20:31.875702 skip_listing [train]:   122,000/280,000 checked (44%)  —  19518 checks/s  —  ETA 8s  —  0 failed so far
[OUTPUT] 2026-07-09T20:20:31.900404 skip_listing [train]:   122,500/280,000 checked (44%)  —  19521 checks/s  —  ETA 8s  —  0 failed so far
[OUTPUT] 2026-07-09T20:20:31.927838 skip_listing [train]:   123,000/280,000 checked (44%)  —  19516 checks/s  —  ETA 8s  —  0 failed so far
[OUTPUT] 2026-07-09T20:20:31.956107 skip_listing [train]:   123,500/280,000 checked (44%)  —  19507 checks/s  —  ETA 8s  —  0 failed so far
[OUTPUT] 2026-07-09T20:20:31.981245 skip_listing [train]:   124,000/280,000 checked (44%)  —  19509 checks/s  —  ETA 8s  —  0 failed so far
[OUTPUT] 2026-07-09T20:20:32.005454 skip_listing [train]:   124,500/280,000 checked (44%)  —  19513 checks/s  —  ETA 8s  —  0 failed so far
[OUTPUT] 2026-07-09T20:20:32.030825 skip_listing [train]:   125,000/280,000 checked (45%)  —  19514 checks/s  —  ETA 8s  —  0 failed so far
[OUTPUT] 2026-07-09T20:20:32.056411 skip_listing [train]:   125,500/280,000 checked (45%)  —  19514 checks/s  —  ETA 8s  —  0 failed so far
[OUTPUT] 2026-07-09T20:20:32.082743 skip_listing [train]:   126,000/280,000 checked (45%)  —  19512 checks/s  —  ETA 8s  —  0 failed so far
[OUTPUT] 2026-07-09T20:20:32.107282 skip_listing [train]:   126,500/280,000 checked (45%)  —  19515 checks/s  —  ETA 8s  —  0 failed so far
[OUTPUT] 2026-07-09T20:20:32.131061 skip_listing [train]:   127,000/280,000 checked (45%)  —  19521 checks/s  —  ETA 8s  —  0 failed so far
[OUTPUT] 2026-07-09T20:20:32.157081 skip_listing [train]:   127,500/280,000 checked (46%)  —  19520 checks/s  —  ETA 8s  —  0 failed so far
[OUTPUT] 2026-07-09T20:20:32.184111 skip_listing [train]:   128,000/280,000 checked (46%)  —  19515 checks/s  —  ETA 8s  —  0 failed so far
[OUTPUT] 2026-07-09T20:20:32.211340 skip_listing [train]:   128,500/280,000 checked (46%)  —  19511 checks/s  —  ETA 8s  —  0 failed so far
[OUTPUT] 2026-07-09T20:20:32.234571 skip_listing [train]:   129,000/280,000 checked (46%)  —  19518 checks/s  —  ETA 8s  —  0 failed so far
[OUTPUT] 2026-07-09T20:20:32.261700 skip_listing [train]:   129,500/280,000 checked (46%)  —  19513 checks/s  —  ETA 8s  —  0 failed so far
[OUTPUT] 2026-07-09T20:20:32.286724 skip_listing [train]:   130,000/280,000 checked (46%)  —  19515 checks/s  —  ETA 8s  —  0 failed so far
[OUTPUT] 2026-07-09T20:20:32.311650 skip_listing [train]:   130,500/280,000 checked (47%)  —  19517 checks/s  —  ETA 8s  —  0 failed so far
[OUTPUT] 2026-07-09T20:20:32.338210 skip_listing [train]:   131,000/280,000 checked (47%)  —  19514 checks/s  —  ETA 8s  —  0 failed so far
[OUTPUT] 2026-07-09T20:20:32.363258 skip_listing [train]:   131,500/280,000 checked (47%)  —  19516 checks/s  —  ETA 8s  —  0 failed so far
[OUTPUT] 2026-07-09T20:20:32.386199 skip_listing [train]:   132,000/280,000 checked (47%)  —  19524 checks/s  —  ETA 8s  —  0 failed so far
[OUTPUT] 2026-07-09T20:20:32.408403 skip_listing [train]:   132,500/280,000 checked (47%)  —  19533 checks/s  —  ETA 8s  —  0 failed so far
[OUTPUT] 2026-07-09T20:20:32.433736 skip_listing [train]:   133,000/280,000 checked (48%)  —  19534 checks/s  —  ETA 8s  —  0 failed so far
[OUTPUT] 2026-07-09T20:20:32.458372 skip_listing [train]:   133,500/280,000 checked (48%)  —  19537 checks/s  —  ETA 7s  —  0 failed so far
[OUTPUT] 2026-07-09T20:20:32.485290 skip_listing [train]:   134,000/280,000 checked (48%)  —  19533 checks/s  —  ETA 7s  —  0 failed so far
[OUTPUT] 2026-07-09T20:20:32.510677 skip_listing [train]:   134,500/280,000 checked (48%)  —  19534 checks/s  —  ETA 7s  —  0 failed so far
[OUTPUT] 2026-07-09T20:20:32.534707 skip_listing [train]:   135,000/280,000 checked (48%)  —  19538 checks/s  —  ETA 7s  —  0 failed so far
[OUTPUT] 2026-07-09T20:20:32.557234 skip_listing [train]:   135,500/280,000 checked (48%)  —  19547 checks/s  —  ETA 7s  —  0 failed so far
[OUTPUT] 2026-07-09T20:20:32.581981 skip_listing [train]:   136,000/280,000 checked (49%)  —  19549 checks/s  —  ETA 7s  —  0 failed so far
[OUTPUT] 2026-07-09T20:20:32.609447 skip_listing [train]:   136,500/280,000 checked (49%)  —  19544 checks/s  —  ETA 7s  —  0 failed so far
[OUTPUT] 2026-07-09T20:20:32.639048 skip_listing [train]:   137,000/280,000 checked (49%)  —  19533 checks/s  —  ETA 7s  —  0 failed so far
[OUTPUT] 2026-07-09T20:20:32.667389 skip_listing [train]:   137,500/280,000 checked (49%)  —  19525 checks/s  —  ETA 7s  —  0 failed so far
[OUTPUT] 2026-07-09T20:20:32.689462 skip_listing [train]:   138,000/280,000 checked (49%)  —  19535 checks/s  —  ETA 7s  —  0 failed so far
[OUTPUT] 2026-07-09T20:20:32.713470 skip_listing [train]:   138,500/280,000 checked (49%)  —  19539 checks/s  —  ETA 7s  —  0 failed so far
[OUTPUT] 2026-07-09T20:20:32.738769 skip_listing [train]:   139,000/280,000 checked (50%)  —  19540 checks/s  —  ETA 7s  —  0 failed so far
[OUTPUT] 2026-07-09T20:20:32.763415 skip_listing [train]:   139,500/280,000 checked (50%)  —  19543 checks/s  —  ETA 7s  —  0 failed so far
[OUTPUT] 2026-07-09T20:20:32.789662 skip_listing [train]:   140,000/280,000 checked (50%)  —  19541 checks/s  —  ETA 7s  —  0 failed so far
[OUTPUT] 2026-07-09T20:20:32.819357 skip_listing [train]:   140,500/280,000 checked (50%)  —  19530 checks/s  —  ETA 7s  —  0 failed so far
[OUTPUT] 2026-07-09T20:20:32.843095 skip_listing [train]:   141,000/280,000 checked (50%)  —  19535 checks/s  —  ETA 7s  —  0 failed so far
[OUTPUT] 2026-07-09T20:20:32.868594 skip_listing [train]:   141,500/280,000 checked (51%)  —  19535 checks/s  —  ETA 7s  —  0 failed so far
[OUTPUT] 2026-07-09T20:20:32.896844 skip_listing [train]:   142,000/280,000 checked (51%)  —  19528 checks/s  —  ETA 7s  —  0 failed so far
[OUTPUT] 2026-07-09T20:20:32.924776 skip_listing [train]:   142,500/280,000 checked (51%)  —  19522 checks/s  —  ETA 7s  —  0 failed so far
[OUTPUT] 2026-07-09T20:20:32.949641 skip_listing [train]:   143,000/280,000 checked (51%)  —  19524 checks/s  —  ETA 7s  —  0 failed so far
[OUTPUT] 2026-07-09T20:20:32.971756 skip_listing [train]:   143,500/280,000 checked (51%)  —  19533 checks/s  —  ETA 7s  —  0 failed so far
[OUTPUT] 2026-07-09T20:20:32.994211 skip_listing [train]:   144,000/280,000 checked (51%)  —  19541 checks/s  —  ETA 7s  —  0 failed so far
[OUTPUT] 2026-07-09T20:20:33.016559 skip_listing [train]:   144,500/280,000 checked (52%)  —  19550 checks/s  —  ETA 7s  —  0 failed so far
[OUTPUT] 2026-07-09T20:20:33.042529 skip_listing [train]:   145,000/280,000 checked (52%)  —  19549 checks/s  —  ETA 7s  —  0 failed so far
[OUTPUT] 2026-07-09T20:20:33.072378 skip_listing [train]:   145,500/280,000 checked (52%)  —  19538 checks/s  —  ETA 7s  —  0 failed so far
[OUTPUT] 2026-07-09T20:20:33.096727 skip_listing [train]:   146,000/280,000 checked (52%)  —  19541 checks/s  —  ETA 7s  —  0 failed so far
[OUTPUT] 2026-07-09T20:20:33.121226 skip_listing [train]:   146,500/280,000 checked (52%)  —  19544 checks/s  —  ETA 7s  —  0 failed so far
[OUTPUT] 2026-07-09T20:20:33.147914 skip_listing [train]:   147,000/280,000 checked (52%)  —  19541 checks/s  —  ETA 7s  —  0 failed so far
[OUTPUT] 2026-07-09T20:20:33.171008 skip_listing [train]:   147,500/280,000 checked (53%)  —  19547 checks/s  —  ETA 7s  —  0 failed so far
[OUTPUT] 2026-07-09T20:20:33.197372 skip_listing [train]:   148,000/280,000 checked (53%)  —  19545 checks/s  —  ETA 7s  —  0 failed so far
[OUTPUT] 2026-07-09T20:20:33.220574 skip_listing [train]:   148,500/280,000 checked (53%)  —  19551 checks/s  —  ETA 7s  —  0 failed so far
[OUTPUT] 2026-07-09T20:20:33.248585 skip_listing [train]:   149,000/280,000 checked (53%)  —  19545 checks/s  —  ETA 7s  —  0 failed so far
[OUTPUT] 2026-07-09T20:20:33.276439 skip_listing [train]:   149,500/280,000 checked (53%)  —  19539 checks/s  —  ETA 7s  —  0 failed so far
[OUTPUT] 2026-07-09T20:20:33.306570 skip_listing [train]:   150,000/280,000 checked (54%)  —  19528 checks/s  —  ETA 7s  —  0 failed so far
[OUTPUT] 2026-07-09T20:20:33.331874 skip_listing [train]:   150,500/280,000 checked (54%)  —  19528 checks/s  —  ETA 7s  —  0 failed so far
[OUTPUT] 2026-07-09T20:20:33.353885 skip_listing [train]:   151,000/280,000 checked (54%)  —  19538 checks/s  —  ETA 7s  —  0 failed so far
[OUTPUT] 2026-07-09T20:20:33.380397 skip_listing [train]:   151,500/280,000 checked (54%)  —  19535 checks/s  —  ETA 7s  —  0 failed so far
[OUTPUT] 2026-07-09T20:20:33.405128 skip_listing [train]:   152,000/280,000 checked (54%)  —  19537 checks/s  —  ETA 7s  —  0 failed so far
[OUTPUT] 2026-07-09T20:20:33.432137 skip_listing [train]:   152,500/280,000 checked (54%)  —  19534 checks/s  —  ETA 7s  —  0 failed so far
[OUTPUT] 2026-07-09T20:20:33.457949 skip_listing [train]:   153,000/280,000 checked (55%)  —  19533 checks/s  —  ETA 7s  —  0 failed so far
[OUTPUT] 2026-07-09T20:20:33.483301 skip_listing [train]:   153,500/280,000 checked (55%)  —  19534 checks/s  —  ETA 6s  —  0 failed so far
[OUTPUT] 2026-07-09T20:20:33.506556 skip_listing [train]:   154,000/280,000 checked (55%)  —  19540 checks/s  —  ETA 6s  —  0 failed so far
[OUTPUT] 2026-07-09T20:20:33.532453 skip_listing [train]:   154,500/280,000 checked (55%)  —  19539 checks/s  —  ETA 6s  —  0 failed so far
[OUTPUT] 2026-07-09T20:20:33.559293 skip_listing [train]:   155,000/280,000 checked (55%)  —  19536 checks/s  —  ETA 6s  —  0 failed so far
[OUTPUT] 2026-07-09T20:20:33.581140 skip_listing [train]:   155,500/280,000 checked (56%)  —  19545 checks/s  —  ETA 6s  —  0 failed so far
[OUTPUT] 2026-07-09T20:20:33.608619 skip_listing [train]:   156,000/280,000 checked (56%)  —  19540 checks/s  —  ETA 6s  —  0 failed so far
[OUTPUT] 2026-07-09T20:20:33.636014 skip_listing [train]:   156,500/280,000 checked (56%)  —  19536 checks/s  —  ETA 6s  —  0 failed so far
[OUTPUT] 2026-07-09T20:20:33.664189 skip_listing [train]:   157,000/280,000 checked (56%)  —  19530 checks/s  —  ETA 6s  —  0 failed so far
[OUTPUT] 2026-07-09T20:20:33.687237 skip_listing [train]:   157,500/280,000 checked (56%)  —  19536 checks/s  —  ETA 6s  —  0 failed so far
[OUTPUT] 2026-07-09T20:20:33.714091 skip_listing [train]:   158,000/280,000 checked (56%)  —  19533 checks/s  —  ETA 6s  —  0 failed so far
[OUTPUT] 2026-07-09T20:20:33.739438 skip_listing [train]:   158,500/280,000 checked (57%)  —  19534 checks/s  —  ETA 6s  —  0 failed so far
[OUTPUT] 2026-07-09T20:20:33.762577 skip_listing [train]:   159,000/280,000 checked (57%)  —  19539 checks/s  —  ETA 6s  —  0 failed so far
[OUTPUT] 2026-07-09T20:20:33.787990 skip_listing [train]:   159,500/280,000 checked (57%)  —  19540 checks/s  —  ETA 6s  —  0 failed so far
[OUTPUT] 2026-07-09T20:20:33.813708 skip_listing [train]:   160,000/280,000 checked (57%)  —  19540 checks/s  —  ETA 6s  —  0 failed so far
[OUTPUT] 2026-07-09T20:20:33.839291 skip_listing [train]:   160,500/280,000 checked (57%)  —  19540 checks/s  —  ETA 6s  —  0 failed so far
[OUTPUT] 2026-07-09T20:20:33.865734 skip_listing [train]:   161,000/280,000 checked (58%)  —  19538 checks/s  —  ETA 6s  —  0 failed so far
[OUTPUT] 2026-07-09T20:20:33.892276 skip_listing [train]:   161,500/280,000 checked (58%)  —  19535 checks/s  —  ETA 6s  —  0 failed so far
[OUTPUT] 2026-07-09T20:20:33.917275 skip_listing [train]:   162,000/280,000 checked (58%)  —  19537 checks/s  —  ETA 6s  —  0 failed so far
[OUTPUT] 2026-07-09T20:20:33.941598 skip_listing [train]:   162,500/280,000 checked (58%)  —  19540 checks/s  —  ETA 6s  —  0 failed so far
[OUTPUT] 2026-07-09T20:20:33.966521 skip_listing [train]:   163,000/280,000 checked (58%)  —  19541 checks/s  —  ETA 6s  —  0 failed so far
[OUTPUT] 2026-07-09T20:20:33.992552 skip_listing [train]:   163,500/280,000 checked (58%)  —  19540 checks/s  —  ETA 6s  —  0 failed so far
[OUTPUT] 2026-07-09T20:20:34.016841 skip_listing [train]:   164,000/280,000 checked (59%)  —  19543 checks/s  —  ETA 6s  —  0 failed so far
[OUTPUT] 2026-07-09T20:20:34.040412 skip_listing [train]:   164,500/280,000 checked (59%)  —  19548 checks/s  —  ETA 6s  —  0 failed so far
[OUTPUT] 2026-07-09T20:20:34.065376 skip_listing [train]:   165,000/280,000 checked (59%)  —  19549 checks/s  —  ETA 6s  —  0 failed so far
[OUTPUT] 2026-07-09T20:20:34.090514 skip_listing [train]:   165,500/280,000 checked (59%)  —  19550 checks/s  —  ETA 6s  —  0 failed so far
[OUTPUT] 2026-07-09T20:20:34.117082 skip_listing [train]:   166,000/280,000 checked (59%)  —  19548 checks/s  —  ETA 6s  —  0 failed so far
[OUTPUT] 2026-07-09T20:20:34.144030 skip_listing [train]:   166,500/280,000 checked (59%)  —  19545 checks/s  —  ETA 6s  —  0 failed so far
[OUTPUT] 2026-07-09T20:20:34.172522 skip_listing [train]:   167,000/280,000 checked (60%)  —  19538 checks/s  —  ETA 6s  —  0 failed so far
[OUTPUT] 2026-07-09T20:20:34.198511 skip_listing [train]:   167,500/280,000 checked (60%)  —  19537 checks/s  —  ETA 6s  —  0 failed so far
[OUTPUT] 2026-07-09T20:20:34.222129 skip_listing [train]:   168,000/280,000 checked (60%)  —  19542 checks/s  —  ETA 6s  —  0 failed so far
[OUTPUT] 2026-07-09T20:20:34.248188 skip_listing [train]:   168,500/280,000 checked (60%)  —  19541 checks/s  —  ETA 6s  —  0 failed so far
[OUTPUT] 2026-07-09T20:20:34.272544 skip_listing [train]:   169,000/280,000 checked (60%)  —  19544 checks/s  —  ETA 6s  —  0 failed so far
[OUTPUT] 2026-07-09T20:20:34.298351 skip_listing [train]:   169,500/280,000 checked (61%)  —  19543 checks/s  —  ETA 6s  —  0 failed so far
[OUTPUT] 2026-07-09T20:20:34.323436 skip_listing [train]:   170,000/280,000 checked (61%)  —  19544 checks/s  —  ETA 6s  —  0 failed so far
[OUTPUT] 2026-07-09T20:20:34.347809 skip_listing [train]:   170,500/280,000 checked (61%)  —  19547 checks/s  —  ETA 6s  —  0 failed so far
[OUTPUT] 2026-07-09T20:20:34.371869 skip_listing [train]:   171,000/280,000 checked (61%)  —  19550 checks/s  —  ETA 6s  —  0 failed so far
[OUTPUT] 2026-07-09T20:20:34.394214 skip_listing [train]:   171,500/280,000 checked (61%)  —  19557 checks/s  —  ETA 6s  —  0 failed so far
[OUTPUT] 2026-07-09T20:20:34.418137 skip_listing [train]:   172,000/280,000 checked (61%)  —  19561 checks/s  —  ETA 6s  —  0 failed so far
[OUTPUT] 2026-07-09T20:20:34.442915 skip_listing [train]:   172,500/280,000 checked (62%)  —  19563 checks/s  —  ETA 5s  —  0 failed so far
[OUTPUT] 2026-07-09T20:20:34.469093 skip_listing [train]:   173,000/280,000 checked (62%)  —  19561 checks/s  —  ETA 5s  —  0 failed so far
[OUTPUT] 2026-07-09T20:20:34.490921 skip_listing [train]:   173,500/280,000 checked (62%)  —  19570 checks/s  —  ETA 5s  —  0 failed so far
[OUTPUT] 2026-07-09T20:20:34.513073 skip_listing [train]:   174,000/280,000 checked (62%)  —  19577 checks/s  —  ETA 5s  —  0 failed so far
[OUTPUT] 2026-07-09T20:20:34.537440 skip_listing [train]:   174,500/280,000 checked (62%)  —  19580 checks/s  —  ETA 5s  —  0 failed so far
[OUTPUT] 2026-07-09T20:20:34.562771 skip_listing [train]:   175,000/280,000 checked (62%)  —  19580 checks/s  —  ETA 5s  —  0 failed so far
[OUTPUT] 2026-07-09T20:20:34.586189 skip_listing [train]:   175,500/280,000 checked (63%)  —  19585 checks/s  —  ETA 5s  —  0 failed so far
[OUTPUT] 2026-07-09T20:20:34.615180 skip_listing [train]:   176,000/280,000 checked (63%)  —  19577 checks/s  —  ETA 5s  —  0 failed so far
[OUTPUT] 2026-07-09T20:20:34.641427 skip_listing [train]:   176,500/280,000 checked (63%)  —  19576 checks/s  —  ETA 5s  —  0 failed so far
[OUTPUT] 2026-07-09T20:20:34.669130 skip_listing [train]:   177,000/280,000 checked (63%)  —  19571 checks/s  —  ETA 5s  —  0 failed so far
[OUTPUT] 2026-07-09T20:20:34.693038 skip_listing [train]:   177,500/280,000 checked (63%)  —  19575 checks/s  —  ETA 5s  —  0 failed so far
[OUTPUT] 2026-07-09T20:20:34.722436 skip_listing [train]:   178,000/280,000 checked (64%)  —  19566 checks/s  —  ETA 5s  —  0 failed so far
[OUTPUT] 2026-07-09T20:20:34.748079 skip_listing [train]:   178,500/280,000 checked (64%)  —  19566 checks/s  —  ETA 5s  —  0 failed so far
[OUTPUT] 2026-07-09T20:20:34.772822 skip_listing [train]:   179,000/280,000 checked (64%)  —  19568 checks/s  —  ETA 5s  —  0 failed so far
[OUTPUT] 2026-07-09T20:20:34.799355 skip_listing [train]:   179,500/280,000 checked (64%)  —  19566 checks/s  —  ETA 5s  —  0 failed so far
[OUTPUT] 2026-07-09T20:20:34.824583 skip_listing [train]:   180,000/280,000 checked (64%)  —  19566 checks/s  —  ETA 5s  —  0 failed so far
[OUTPUT] 2026-07-09T20:20:34.851873 skip_listing [train]:   180,500/280,000 checked (64%)  —  19563 checks/s  —  ETA 5s  —  0 failed so far
[OUTPUT] 2026-07-09T20:20:34.876511 skip_listing [train]:   181,000/280,000 checked (65%)  —  19565 checks/s  —  ETA 5s  —  0 failed so far
[OUTPUT] 2026-07-09T20:20:34.899812 skip_listing [train]:   181,500/280,000 checked (65%)  —  19570 checks/s  —  ETA 5s  —  0 failed so far
[OUTPUT] 2026-07-09T20:20:34.923757 skip_listing [train]:   182,000/280,000 checked (65%)  —  19573 checks/s  —  ETA 5s  —  0 failed so far
[OUTPUT] 2026-07-09T20:20:34.949762 skip_listing [train]:   182,500/280,000 checked (65%)  —  19572 checks/s  —  ETA 5s  —  0 failed so far
[OUTPUT] 2026-07-09T20:20:34.976695 skip_listing [train]:   183,000/280,000 checked (65%)  —  19569 checks/s  —  ETA 5s  —  0 failed so far
[OUTPUT] 2026-07-09T20:20:34.999341 skip_listing [train]:   183,500/280,000 checked (66%)  —  19575 checks/s  —  ETA 5s  —  0 failed so far
[OUTPUT] 2026-07-09T20:20:35.025052 skip_listing [train]:   184,000/280,000 checked (66%)  —  19575 checks/s  —  ETA 5s  —  0 failed so far
[OUTPUT] 2026-07-09T20:20:35.050171 skip_listing [train]:   184,500/280,000 checked (66%)  —  19576 checks/s  —  ETA 5s  —  0 failed so far
[OUTPUT] 2026-07-09T20:20:35.075967 skip_listing [train]:   185,000/280,000 checked (66%)  —  19575 checks/s  —  ETA 5s  —  0 failed so far
[OUTPUT] 2026-07-09T20:20:35.104872 skip_listing [train]:   185,500/280,000 checked (66%)  —  19568 checks/s  —  ETA 5s  —  0 failed so far
[OUTPUT] 2026-07-09T20:20:35.126232 skip_listing [train]:   186,000/280,000 checked (66%)  —  19577 checks/s  —  ETA 5s  —  0 failed so far
[OUTPUT] 2026-07-09T20:20:35.150254 skip_listing [train]:   186,500/280,000 checked (67%)  —  19580 checks/s  —  ETA 5s  —  0 failed so far
[OUTPUT] 2026-07-09T20:20:35.174894 skip_listing [train]:   187,000/280,000 checked (67%)  —  19582 checks/s  —  ETA 5s  —  0 failed so far
[OUTPUT] 2026-07-09T20:20:35.198998 skip_listing [train]:   187,500/280,000 checked (67%)  —  19585 checks/s  —  ETA 5s  —  0 failed so far
[OUTPUT] 2026-07-09T20:20:35.224203 skip_listing [train]:   188,000/280,000 checked (67%)  —  19585 checks/s  —  ETA 5s  —  0 failed so far
[OUTPUT] 2026-07-09T20:20:35.251839 skip_listing [train]:   188,500/280,000 checked (67%)  —  19581 checks/s  —  ETA 5s  —  0 failed so far
[OUTPUT] 2026-07-09T20:20:35.280767 skip_listing [train]:   189,000/280,000 checked (68%)  —  19574 checks/s  —  ETA 5s  —  0 failed so far
[OUTPUT] 2026-07-09T20:20:35.307869 skip_listing [train]:   189,500/280,000 checked (68%)  —  19571 checks/s  —  ETA 5s  —  0 failed so far
[OUTPUT] 2026-07-09T20:20:35.331872 skip_listing [train]:   190,000/280,000 checked (68%)  —  19574 checks/s  —  ETA 5s  —  0 failed so far
[OUTPUT] 2026-07-09T20:20:35.355662 skip_listing [train]:   190,500/280,000 checked (68%)  —  19578 checks/s  —  ETA 5s  —  0 failed so far
[OUTPUT] 2026-07-09T20:20:35.380740 skip_listing [train]:   191,000/280,000 checked (68%)  —  19579 checks/s  —  ETA 5s  —  0 failed so far
[OUTPUT] 2026-07-09T20:20:35.403254 skip_listing [train]:   191,500/280,000 checked (68%)  —  19585 checks/s  —  ETA 5s  —  0 failed so far
[OUTPUT] 2026-07-09T20:20:35.430788 skip_listing [train]:   192,000/280,000 checked (69%)  —  19581 checks/s  —  ETA 4s  —  0 failed so far
[OUTPUT] 2026-07-09T20:20:35.455629 skip_listing [train]:   192,500/280,000 checked (69%)  —  19582 checks/s  —  ETA 4s  —  0 failed so far
[OUTPUT] 2026-07-09T20:20:35.478702 skip_listing [train]:   193,000/280,000 checked (69%)  —  19587 checks/s  —  ETA 4s  —  0 failed so far
[OUTPUT] 2026-07-09T20:20:35.504947 skip_listing [train]:   193,500/280,000 checked (69%)  —  19585 checks/s  —  ETA 4s  —  0 failed so far
[OUTPUT] 2026-07-09T20:20:35.531598 skip_listing [train]:   194,000/280,000 checked (69%)  —  19583 checks/s  —  ETA 4s  —  0 failed so far
[OUTPUT] 2026-07-09T20:20:35.556455 skip_listing [train]:   194,500/280,000 checked (69%)  —  19585 checks/s  —  ETA 4s  —  0 failed so far
[OUTPUT] 2026-07-09T20:20:35.579547 skip_listing [train]:   195,000/280,000 checked (70%)  —  19589 checks/s  —  ETA 4s  —  0 failed so far
[OUTPUT] 2026-07-09T20:20:35.603649 skip_listing [train]:   195,500/280,000 checked (70%)  —  19592 checks/s  —  ETA 4s  —  0 failed so far
[OUTPUT] 2026-07-09T20:20:35.628143 skip_listing [train]:   196,000/280,000 checked (70%)  —  19594 checks/s  —  ETA 4s  —  0 failed so far
[OUTPUT] 2026-07-09T20:20:35.654328 skip_listing [train]:   196,500/280,000 checked (70%)  —  19593 checks/s  —  ETA 4s  —  0 failed so far
[OUTPUT] 2026-07-09T20:20:35.680024 skip_listing [train]:   197,000/280,000 checked (70%)  —  19593 checks/s  —  ETA 4s  —  0 failed so far
[OUTPUT] 2026-07-09T20:20:35.704716 skip_listing [train]:   197,500/280,000 checked (71%)  —  19594 checks/s  —  ETA 4s  —  0 failed so far
[OUTPUT] 2026-07-09T20:20:35.727950 skip_listing [train]:   198,000/280,000 checked (71%)  —  19599 checks/s  —  ETA 4s  —  0 failed so far
[OUTPUT] 2026-07-09T20:20:35.750647 skip_listing [train]:   198,500/280,000 checked (71%)  —  19604 checks/s  —  ETA 4s  —  0 failed so far
[OUTPUT] 2026-07-09T20:20:35.777049 skip_listing [train]:   199,000/280,000 checked (71%)  —  19602 checks/s  —  ETA 4s  —  0 failed so far
[OUTPUT] 2026-07-09T20:20:35.802349 skip_listing [train]:   199,500/280,000 checked (71%)  —  19603 checks/s  —  ETA 4s  —  0 failed so far
[OUTPUT] 2026-07-09T20:20:35.825881 skip_listing [train]:   200,000/280,000 checked (71%)  —  19606 checks/s  —  ETA 4s  —  0 failed so far
[OUTPUT] 2026-07-09T20:20:35.848692 skip_listing [train]:   200,500/280,000 checked (72%)  —  19612 checks/s  —  ETA 4s  —  0 failed so far
[OUTPUT] 2026-07-09T20:20:35.871151 skip_listing [train]:   201,000/280,000 checked (72%)  —  19617 checks/s  —  ETA 4s  —  0 failed so far
[OUTPUT] 2026-07-09T20:20:35.896197 skip_listing [train]:   201,500/280,000 checked (72%)  —  19618 checks/s  —  ETA 4s  —  0 failed so far
[OUTPUT] 2026-07-09T20:20:35.923926 skip_listing [train]:   202,000/280,000 checked (72%)  —  19614 checks/s  —  ETA 4s  —  0 failed so far
[OUTPUT] 2026-07-09T20:20:35.948981 skip_listing [train]:   202,500/280,000 checked (72%)  —  19615 checks/s  —  ETA 4s  —  0 failed so far
[OUTPUT] 2026-07-09T20:20:35.976038 skip_listing [train]:   203,000/280,000 checked (72%)  —  19612 checks/s  —  ETA 4s  —  0 failed so far
[OUTPUT] 2026-07-09T20:20:36.004080 skip_listing [train]:   203,500/280,000 checked (73%)  —  19607 checks/s  —  ETA 4s  —  0 failed so far
[OUTPUT] 2026-07-09T20:20:36.029265 skip_listing [train]:   204,000/280,000 checked (73%)  —  19608 checks/s  —  ETA 4s  —  0 failed so far
[OUTPUT] 2026-07-09T20:20:36.056037 skip_listing [train]:   204,500/280,000 checked (73%)  —  19605 checks/s  —  ETA 4s  —  0 failed so far
[OUTPUT] 2026-07-09T20:20:36.082486 skip_listing [train]:   205,000/280,000 checked (73%)  —  19604 checks/s  —  ETA 4s  —  0 failed so far
[OUTPUT] 2026-07-09T20:20:36.106213 skip_listing [train]:   205,500/280,000 checked (73%)  —  19607 checks/s  —  ETA 4s  —  0 failed so far
[OUTPUT] 2026-07-09T20:20:36.133035 skip_listing [train]:   206,000/280,000 checked (74%)  —  19604 checks/s  —  ETA 4s  —  0 failed so far
[OUTPUT] 2026-07-09T20:20:36.155792 skip_listing [train]:   206,500/280,000 checked (74%)  —  19609 checks/s  —  ETA 4s  —  0 failed so far
[OUTPUT] 2026-07-09T20:20:36.180680 skip_listing [train]:   207,000/280,000 checked (74%)  —  19611 checks/s  —  ETA 4s  —  0 failed so far
[OUTPUT] 2026-07-09T20:20:36.203456 skip_listing [train]:   207,500/280,000 checked (74%)  —  19616 checks/s  —  ETA 4s  —  0 failed so far
[OUTPUT] 2026-07-09T20:20:36.230529 skip_listing [train]:   208,000/280,000 checked (74%)  —  19613 checks/s  —  ETA 4s  —  0 failed so far
[OUTPUT] 2026-07-09T20:20:36.256854 skip_listing [train]:   208,500/280,000 checked (74%)  —  19611 checks/s  —  ETA 4s  —  0 failed so far
[OUTPUT] 2026-07-09T20:20:36.284396 skip_listing [train]:   209,000/280,000 checked (75%)  —  19607 checks/s  —  ETA 4s  —  0 failed so far
[OUTPUT] 2026-07-09T20:20:36.308438 skip_listing [train]:   209,500/280,000 checked (75%)  —  19610 checks/s  —  ETA 4s  —  0 failed so far
[OUTPUT] 2026-07-09T20:20:36.334441 skip_listing [train]:   210,000/280,000 checked (75%)  —  19609 checks/s  —  ETA 4s  —  0 failed so far
[OUTPUT] 2026-07-09T20:20:36.360454 skip_listing [train]:   210,500/280,000 checked (75%)  —  19608 checks/s  —  ETA 4s  —  0 failed so far
[OUTPUT] 2026-07-09T20:20:36.385329 skip_listing [train]:   211,000/280,000 checked (75%)  —  19609 checks/s  —  ETA 4s  —  0 failed so far
[OUTPUT] 2026-07-09T20:20:36.406365 skip_listing [train]:   211,500/280,000 checked (76%)  —  19618 checks/s  —  ETA 3s  —  0 failed so far
[OUTPUT] 2026-07-09T20:20:36.429989 skip_listing [train]:   212,000/280,000 checked (76%)  —  19621 checks/s  —  ETA 3s  —  0 failed so far
[OUTPUT] 2026-07-09T20:20:36.453719 skip_listing [train]:   212,500/280,000 checked (76%)  —  19624 checks/s  —  ETA 3s  —  0 failed so far
[OUTPUT] 2026-07-09T20:20:36.479914 skip_listing [train]:   213,000/280,000 checked (76%)  —  19623 checks/s  —  ETA 3s  —  0 failed so far
[OUTPUT] 2026-07-09T20:20:36.503718 skip_listing [train]:   213,500/280,000 checked (76%)  —  19626 checks/s  —  ETA 3s  —  0 failed so far
[OUTPUT] 2026-07-09T20:20:36.534855 skip_listing [train]:   214,000/280,000 checked (76%)  —  19616 checks/s  —  ETA 3s  —  0 failed so far
[OUTPUT] 2026-07-09T20:20:36.559992 skip_listing [train]:   214,500/280,000 checked (77%)  —  19616 checks/s  —  ETA 3s  —  0 failed so far
[OUTPUT] 2026-07-09T20:20:36.585483 skip_listing [train]:   215,000/280,000 checked (77%)  —  19616 checks/s  —  ETA 3s  —  0 failed so far
[OUTPUT] 2026-07-09T20:20:36.610936 skip_listing [train]:   215,500/280,000 checked (77%)  —  19616 checks/s  —  ETA 3s  —  0 failed so far
[OUTPUT] 2026-07-09T20:20:36.638818 skip_listing [train]:   216,000/280,000 checked (77%)  —  19612 checks/s  —  ETA 3s  —  0 failed so far
[OUTPUT] 2026-07-09T20:20:36.665534 skip_listing [train]:   216,500/280,000 checked (77%)  —  19610 checks/s  —  ETA 3s  —  0 failed so far
[OUTPUT] 2026-07-09T20:20:36.692269 skip_listing [train]:   217,000/280,000 checked (78%)  —  19608 checks/s  —  ETA 3s  —  0 failed so far
[OUTPUT] 2026-07-09T20:20:36.715957 skip_listing [train]:   217,500/280,000 checked (78%)  —  19611 checks/s  —  ETA 3s  —  0 failed so far
[OUTPUT] 2026-07-09T20:20:36.739762 skip_listing [train]:   218,000/280,000 checked (78%)  —  19614 checks/s  —  ETA 3s  —  0 failed so far
[OUTPUT] 2026-07-09T20:20:36.767062 skip_listing [train]:   218,500/280,000 checked (78%)  —  19611 checks/s  —  ETA 3s  —  0 failed so far
[OUTPUT] 2026-07-09T20:20:36.791805 skip_listing [train]:   219,000/280,000 checked (78%)  —  19612 checks/s  —  ETA 3s  —  0 failed so far
[OUTPUT] 2026-07-09T20:20:36.815823 skip_listing [train]:   219,500/280,000 checked (78%)  —  19615 checks/s  —  ETA 3s  —  0 failed so far
[OUTPUT] 2026-07-09T20:20:36.845389 skip_listing [train]:   220,000/280,000 checked (79%)  —  19607 checks/s  —  ETA 3s  —  0 failed so far
[OUTPUT] 2026-07-09T20:20:36.870705 skip_listing [train]:   220,500/280,000 checked (79%)  —  19608 checks/s  —  ETA 3s  —  0 failed so far
[OUTPUT] 2026-07-09T20:20:36.894041 skip_listing [train]:   221,000/280,000 checked (79%)  —  19612 checks/s  —  ETA 3s  —  0 failed so far
[OUTPUT] 2026-07-09T20:20:36.918421 skip_listing [train]:   221,500/280,000 checked (79%)  —  19614 checks/s  —  ETA 3s  —  0 failed so far
[OUTPUT] 2026-07-09T20:20:36.947489 skip_listing [train]:   222,000/280,000 checked (79%)  —  19607 checks/s  —  ETA 3s  —  0 failed so far
[OUTPUT] 2026-07-09T20:20:36.976432 skip_listing [train]:   222,500/280,000 checked (79%)  —  19601 checks/s  —  ETA 3s  —  0 failed so far
[OUTPUT] 2026-07-09T20:20:37.004450 skip_listing [train]:   223,000/280,000 checked (80%)  —  19597 checks/s  —  ETA 3s  —  0 failed so far
[OUTPUT] 2026-07-09T20:20:37.028084 skip_listing [train]:   223,500/280,000 checked (80%)  —  19600 checks/s  —  ETA 3s  —  0 failed so far
[OUTPUT] 2026-07-09T20:20:37.052365 skip_listing [train]:   224,000/280,000 checked (80%)  —  19602 checks/s  —  ETA 3s  —  0 failed so far
[OUTPUT] 2026-07-09T20:20:37.075178 skip_listing [train]:   224,500/280,000 checked (80%)  —  19607 checks/s  —  ETA 3s  —  0 failed so far
[OUTPUT] 2026-07-09T20:20:37.100685 skip_listing [train]:   225,000/280,000 checked (80%)  —  19607 checks/s  —  ETA 3s  —  0 failed so far
[OUTPUT] 2026-07-09T20:20:37.125704 skip_listing [train]:   225,500/280,000 checked (81%)  —  19608 checks/s  —  ETA 3s  —  0 failed so far
[OUTPUT] 2026-07-09T20:20:37.150680 skip_listing [train]:   226,000/280,000 checked (81%)  —  19609 checks/s  —  ETA 3s  —  0 failed so far
[OUTPUT] 2026-07-09T20:20:37.174714 skip_listing [train]:   226,500/280,000 checked (81%)  —  19611 checks/s  —  ETA 3s  —  0 failed so far
[OUTPUT] 2026-07-09T20:20:37.200596 skip_listing [train]:   227,000/280,000 checked (81%)  —  19611 checks/s  —  ETA 3s  —  0 failed so far
[OUTPUT] 2026-07-09T20:20:37.225426 skip_listing [train]:   227,500/280,000 checked (81%)  —  19612 checks/s  —  ETA 3s  —  0 failed so far
[OUTPUT] 2026-07-09T20:20:37.249823 skip_listing [train]:   228,000/280,000 checked (81%)  —  19614 checks/s  —  ETA 3s  —  0 failed so far
[OUTPUT] 2026-07-09T20:20:37.274973 skip_listing [train]:   228,500/280,000 checked (82%)  —  19614 checks/s  —  ETA 3s  —  0 failed so far
[OUTPUT] 2026-07-09T20:20:37.301070 skip_listing [train]:   229,000/280,000 checked (82%)  —  19613 checks/s  —  ETA 3s  —  0 failed so far
[OUTPUT] 2026-07-09T20:20:37.327020 skip_listing [train]:   229,500/280,000 checked (82%)  —  19612 checks/s  —  ETA 3s  —  0 failed so far
[OUTPUT] 2026-07-09T20:20:37.352430 skip_listing [train]:   230,000/280,000 checked (82%)  —  19612 checks/s  —  ETA 3s  —  0 failed so far
[OUTPUT] 2026-07-09T20:20:37.378120 skip_listing [train]:   230,500/280,000 checked (82%)  —  19612 checks/s  —  ETA 3s  —  0 failed so far
[OUTPUT] 2026-07-09T20:20:37.404689 skip_listing [train]:   231,000/280,000 checked (82%)  —  19610 checks/s  —  ETA 2s  —  0 failed so far
[OUTPUT] 2026-07-09T20:20:37.429533 skip_listing [train]:   231,500/280,000 checked (83%)  —  19611 checks/s  —  ETA 2s  —  0 failed so far
[OUTPUT] 2026-07-09T20:20:37.457738 skip_listing [train]:   232,000/280,000 checked (83%)  —  19607 checks/s  —  ETA 2s  —  0 failed so far
[OUTPUT] 2026-07-09T20:20:37.486988 skip_listing [train]:   232,500/280,000 checked (83%)  —  19601 checks/s  —  ETA 2s  —  0 failed so far
[OUTPUT] 2026-07-09T20:20:37.512460 skip_listing [train]:   233,000/280,000 checked (83%)  —  19601 checks/s  —  ETA 2s  —  0 failed so far
[OUTPUT] 2026-07-09T20:20:37.535370 skip_listing [train]:   233,500/280,000 checked (83%)  —  19605 checks/s  —  ETA 2s  —  0 failed so far
[OUTPUT] 2026-07-09T20:20:37.558751 skip_listing [train]:   234,000/280,000 checked (84%)  —  19609 checks/s  —  ETA 2s  —  0 failed so far
[OUTPUT] 2026-07-09T20:20:37.583035 skip_listing [train]:   234,500/280,000 checked (84%)  —  19611 checks/s  —  ETA 2s  —  0 failed so far
[OUTPUT] 2026-07-09T20:20:37.604949 skip_listing [train]:   235,000/280,000 checked (84%)  —  19616 checks/s  —  ETA 2s  —  0 failed so far
[OUTPUT] 2026-07-09T20:20:37.633419 skip_listing [train]:   235,500/280,000 checked (84%)  —  19612 checks/s  —  ETA 2s  —  0 failed so far
[OUTPUT] 2026-07-09T20:20:37.656577 skip_listing [train]:   236,000/280,000 checked (84%)  —  19615 checks/s  —  ETA 2s  —  0 failed so far
[OUTPUT] 2026-07-09T20:20:37.679406 skip_listing [train]:   236,500/280,000 checked (84%)  —  19620 checks/s  —  ETA 2s  —  0 failed so far
[OUTPUT] 2026-07-09T20:20:37.704416 skip_listing [train]:   237,000/280,000 checked (85%)  —  19620 checks/s  —  ETA 2s  —  0 failed so far
[OUTPUT] 2026-07-09T20:20:37.726121 skip_listing [train]:   237,500/280,000 checked (85%)  —  19627 checks/s  —  ETA 2s  —  0 failed so far
[OUTPUT] 2026-07-09T20:20:37.752606 skip_listing [train]:   238,000/280,000 checked (85%)  —  19625 checks/s  —  ETA 2s  —  0 failed so far
[OUTPUT] 2026-07-09T20:20:37.777342 skip_listing [train]:   238,500/280,000 checked (85%)  —  19626 checks/s  —  ETA 2s  —  0 failed so far
[OUTPUT] 2026-07-09T20:20:37.797733 skip_listing [train]:   239,000/280,000 checked (85%)  —  19634 checks/s  —  ETA 2s  —  0 failed so far
[OUTPUT] 2026-07-09T20:20:37.823716 skip_listing [train]:   239,500/280,000 checked (86%)  —  19634 checks/s  —  ETA 2s  —  0 failed so far
[OUTPUT] 2026-07-09T20:20:37.846969 skip_listing [train]:   240,000/280,000 checked (86%)  —  19637 checks/s  —  ETA 2s  —  0 failed so far
[OUTPUT] 2026-07-09T20:20:37.872965 skip_listing [train]:   240,500/280,000 checked (86%)  —  19636 checks/s  —  ETA 2s  —  0 failed so far
[OUTPUT] 2026-07-09T20:20:37.898257 skip_listing [train]:   241,000/280,000 checked (86%)  —  19636 checks/s  —  ETA 2s  —  0 failed so far
[OUTPUT] 2026-07-09T20:20:37.919995 skip_listing [train]:   241,500/280,000 checked (86%)  —  19642 checks/s  —  ETA 2s  —  0 failed so far
[OUTPUT] 2026-07-09T20:20:37.944764 skip_listing [train]:   242,000/280,000 checked (86%)  —  19644 checks/s  —  ETA 2s  —  0 failed so far
[OUTPUT] 2026-07-09T20:20:37.968191 skip_listing [train]:   242,500/280,000 checked (87%)  —  19647 checks/s  —  ETA 2s  —  0 failed so far
[OUTPUT] 2026-07-09T20:20:37.991712 skip_listing [train]:   243,000/280,000 checked (87%)  —  19650 checks/s  —  ETA 2s  —  0 failed so far
[OUTPUT] 2026-07-09T20:20:38.016962 skip_listing [train]:   243,500/280,000 checked (87%)  —  19650 checks/s  —  ETA 2s  —  0 failed so far
[OUTPUT] 2026-07-09T20:20:38.041625 skip_listing [train]:   244,000/280,000 checked (87%)  —  19651 checks/s  —  ETA 2s  —  0 failed so far
[OUTPUT] 2026-07-09T20:20:38.067396 skip_listing [train]:   244,500/280,000 checked (87%)  —  19651 checks/s  —  ETA 2s  —  0 failed so far
[OUTPUT] 2026-07-09T20:20:38.092194 skip_listing [train]:   245,000/280,000 checked (88%)  —  19652 checks/s  —  ETA 2s  —  0 failed so far
[OUTPUT] 2026-07-09T20:20:38.119387 skip_listing [train]:   245,500/280,000 checked (88%)  —  19649 checks/s  —  ETA 2s  —  0 failed so far
[OUTPUT] 2026-07-09T20:20:38.141996 skip_listing [train]:   246,000/280,000 checked (88%)  —  19654 checks/s  —  ETA 2s  —  0 failed so far
[OUTPUT] 2026-07-09T20:20:38.165960 skip_listing [train]:   246,500/280,000 checked (88%)  —  19656 checks/s  —  ETA 2s  —  0 failed so far
[OUTPUT] 2026-07-09T20:20:38.191128 skip_listing [train]:   247,000/280,000 checked (88%)  —  19656 checks/s  —  ETA 2s  —  0 failed so far
[OUTPUT] 2026-07-09T20:20:38.217755 skip_listing [train]:   247,500/280,000 checked (88%)  —  19654 checks/s  —  ETA 2s  —  0 failed so far
[OUTPUT] 2026-07-09T20:20:38.243902 skip_listing [train]:   248,000/280,000 checked (89%)  —  19653 checks/s  —  ETA 2s  —  0 failed so far
[OUTPUT] 2026-07-09T20:20:38.270875 skip_listing [train]:   248,500/280,000 checked (89%)  —  19651 checks/s  —  ETA 2s  —  0 failed so far
[OUTPUT] 2026-07-09T20:20:38.297567 skip_listing [train]:   249,000/280,000 checked (89%)  —  19649 checks/s  —  ETA 2s  —  0 failed so far
[OUTPUT] 2026-07-09T20:20:38.323297 skip_listing [train]:   249,500/280,000 checked (89%)  —  19649 checks/s  —  ETA 2s  —  0 failed so far
[OUTPUT] 2026-07-09T20:20:38.347846 skip_listing [train]:   250,000/280,000 checked (89%)  —  19650 checks/s  —  ETA 2s  —  0 failed so far
[OUTPUT] 2026-07-09T20:20:38.373214 skip_listing [train]:   250,500/280,000 checked (89%)  —  19650 checks/s  —  ETA 2s  —  0 failed so far
[OUTPUT] 2026-07-09T20:20:38.402340 skip_listing [train]:   251,000/280,000 checked (90%)  —  19644 checks/s  —  ETA 1s  —  0 failed so far
[OUTPUT] 2026-07-09T20:20:38.426681 skip_listing [train]:   251,500/280,000 checked (90%)  —  19646 checks/s  —  ETA 1s  —  0 failed so far
[OUTPUT] 2026-07-09T20:20:38.451937 skip_listing [train]:   252,000/280,000 checked (90%)  —  19646 checks/s  —  ETA 1s  —  0 failed so far
[OUTPUT] 2026-07-09T20:20:38.476360 skip_listing [train]:   252,500/280,000 checked (90%)  —  19648 checks/s  —  ETA 1s  —  0 failed so far
[OUTPUT] 2026-07-09T20:20:38.499176 skip_listing [train]:   253,000/280,000 checked (90%)  —  19652 checks/s  —  ETA 1s  —  0 failed so far
[OUTPUT] 2026-07-09T20:20:38.521798 skip_listing [train]:   253,500/280,000 checked (91%)  —  19656 checks/s  —  ETA 1s  —  0 failed so far
[OUTPUT] 2026-07-09T20:20:38.551245 skip_listing [train]:   254,000/280,000 checked (91%)  —  19650 checks/s  —  ETA 1s  —  0 failed so far
[OUTPUT] 2026-07-09T20:20:38.576734 skip_listing [train]:   254,500/280,000 checked (91%)  —  19650 checks/s  —  ETA 1s  —  0 failed so far
[OUTPUT] 2026-07-09T20:20:38.600624 skip_listing [train]:   255,000/280,000 checked (91%)  —  19653 checks/s  —  ETA 1s  —  0 failed so far
[OUTPUT] 2026-07-09T20:20:38.627103 skip_listing [train]:   255,500/280,000 checked (91%)  —  19651 checks/s  —  ETA 1s  —  0 failed so far
[OUTPUT] 2026-07-09T20:20:38.650595 skip_listing [train]:   256,000/280,000 checked (91%)  —  19654 checks/s  —  ETA 1s  —  0 failed so far
[OUTPUT] 2026-07-09T20:20:38.673709 skip_listing [train]:   256,500/280,000 checked (92%)  —  19657 checks/s  —  ETA 1s  —  0 failed so far
[OUTPUT] 2026-07-09T20:20:38.700675 skip_listing [train]:   257,000/280,000 checked (92%)  —  19655 checks/s  —  ETA 1s  —  0 failed so far
[OUTPUT] 2026-07-09T20:20:38.727591 skip_listing [train]:   257,500/280,000 checked (92%)  —  19653 checks/s  —  ETA 1s  —  0 failed so far
[OUTPUT] 2026-07-09T20:20:38.752644 skip_listing [train]:   258,000/280,000 checked (92%)  —  19653 checks/s  —  ETA 1s  —  0 failed so far
[OUTPUT] 2026-07-09T20:20:38.777467 skip_listing [train]:   258,500/280,000 checked (92%)  —  19654 checks/s  —  ETA 1s  —  0 failed so far
[OUTPUT] 2026-07-09T20:20:38.807293 skip_listing [train]:   259,000/280,000 checked (92%)  —  19648 checks/s  —  ETA 1s  —  0 failed so far
[OUTPUT] 2026-07-09T20:20:38.831368 skip_listing [train]:   259,500/280,000 checked (93%)  —  19650 checks/s  —  ETA 1s  —  0 failed so far
[OUTPUT] 2026-07-09T20:20:38.860415 skip_listing [train]:   260,000/280,000 checked (93%)  —  19645 checks/s  —  ETA 1s  —  0 failed so far
[OUTPUT] 2026-07-09T20:20:38.888026 skip_listing [train]:   260,500/280,000 checked (93%)  —  19641 checks/s  —  ETA 1s  —  0 failed so far
[OUTPUT] 2026-07-09T20:20:38.915396 skip_listing [train]:   261,000/280,000 checked (93%)  —  19639 checks/s  —  ETA 1s  —  0 failed so far
[OUTPUT] 2026-07-09T20:20:38.939831 skip_listing [train]:   261,500/280,000 checked (93%)  —  19640 checks/s  —  ETA 1s  —  0 failed so far
[OUTPUT] 2026-07-09T20:20:38.966139 skip_listing [train]:   262,000/280,000 checked (94%)  —  19639 checks/s  —  ETA 1s  —  0 failed so far
[OUTPUT] 2026-07-09T20:20:38.990686 skip_listing [train]:   262,500/280,000 checked (94%)  —  19640 checks/s  —  ETA 1s  —  0 failed so far
[OUTPUT] 2026-07-09T20:20:39.020248 skip_listing [train]:   263,000/280,000 checked (94%)  —  19634 checks/s  —  ETA 1s  —  0 failed so far
[OUTPUT] 2026-07-09T20:20:39.045182 skip_listing [train]:   263,500/280,000 checked (94%)  —  19635 checks/s  —  ETA 1s  —  0 failed so far
[OUTPUT] 2026-07-09T20:20:39.067764 skip_listing [train]:   264,000/280,000 checked (94%)  —  19639 checks/s  —  ETA 1s  —  0 failed so far
[OUTPUT] 2026-07-09T20:20:39.092221 skip_listing [train]:   264,500/280,000 checked (94%)  —  19641 checks/s  —  ETA 1s  —  0 failed so far
[OUTPUT] 2026-07-09T20:20:39.115886 skip_listing [train]:   265,000/280,000 checked (95%)  —  19643 checks/s  —  ETA 1s  —  0 failed so far
[OUTPUT] 2026-07-09T20:20:39.145706 skip_listing [train]:   265,500/280,000 checked (95%)  —  19637 checks/s  —  ETA 1s  —  0 failed so far
[OUTPUT] 2026-07-09T20:20:39.169583 skip_listing [train]:   266,000/280,000 checked (95%)  —  19639 checks/s  —  ETA 1s  —  0 failed so far
[OUTPUT] 2026-07-09T20:20:39.196816 skip_listing [train]:   266,500/280,000 checked (95%)  —  19637 checks/s  —  ETA 1s  —  0 failed so far
[OUTPUT] 2026-07-09T20:20:39.223163 skip_listing [train]:   267,000/280,000 checked (95%)  —  19635 checks/s  —  ETA 1s  —  0 failed so far
[OUTPUT] 2026-07-09T20:20:39.250010 skip_listing [train]:   267,500/280,000 checked (96%)  —  19633 checks/s  —  ETA 1s  —  0 failed so far
[OUTPUT] 2026-07-09T20:20:39.275509 skip_listing [train]:   268,000/280,000 checked (96%)  —  19633 checks/s  —  ETA 1s  —  0 failed so far
[OUTPUT] 2026-07-09T20:20:39.299680 skip_listing [train]:   268,500/280,000 checked (96%)  —  19635 checks/s  —  ETA 1s  —  0 failed so far
[OUTPUT] 2026-07-09T20:20:39.324128 skip_listing [train]:   269,000/280,000 checked (96%)  —  19637 checks/s  —  ETA 1s  —  0 failed so far
[OUTPUT] 2026-07-09T20:20:39.350160 skip_listing [train]:   269,500/280,000 checked (96%)  —  19636 checks/s  —  ETA 1s  —  0 failed so far
[OUTPUT] 2026-07-09T20:20:39.373854 skip_listing [train]:   270,000/280,000 checked (96%)  —  19638 checks/s  —  ETA 1s  —  0 failed so far
[OUTPUT] 2026-07-09T20:20:39.399941 skip_listing [train]:   270,500/280,000 checked (97%)  —  19637 checks/s  —  ETA 0s  —  0 failed so far
[OUTPUT] 2026-07-09T20:20:39.427448 skip_listing [train]:   271,000/280,000 checked (97%)  —  19634 checks/s  —  ETA 0s  —  0 failed so far
[OUTPUT] 2026-07-09T20:20:39.451577 skip_listing [train]:   271,500/280,000 checked (97%)  —  19636 checks/s  —  ETA 0s  —  0 failed so far
[OUTPUT] 2026-07-09T20:20:39.477959 skip_listing [train]:   272,000/280,000 checked (97%)  —  19635 checks/s  —  ETA 0s  —  0 failed so far
[OUTPUT] 2026-07-09T20:20:39.503160 skip_listing [train]:   272,500/280,000 checked (97%)  —  19635 checks/s  —  ETA 0s  —  0 failed so far
[OUTPUT] 2026-07-09T20:20:39.530420 skip_listing [train]:   273,000/280,000 checked (98%)  —  19633 checks/s  —  ETA 0s  —  0 failed so far
[OUTPUT] 2026-07-09T20:20:39.555790 skip_listing [train]:   273,500/280,000 checked (98%)  —  19633 checks/s  —  ETA 0s  —  0 failed so far
[OUTPUT] 2026-07-09T20:20:39.583592 skip_listing [train]:   274,000/280,000 checked (98%)  —  19630 checks/s  —  ETA 0s  —  0 failed so far
[OUTPUT] 2026-07-09T20:20:39.610883 skip_listing [train]:   274,500/280,000 checked (98%)  —  19627 checks/s  —  ETA 0s  —  0 failed so far
[OUTPUT] 2026-07-09T20:20:39.639893 skip_listing [train]:   275,000/280,000 checked (98%)  —  19622 checks/s  —  ETA 0s  —  0 failed so far
[OUTPUT] 2026-07-09T20:20:39.667293 skip_listing [train]:   275,500/280,000 checked (98%)  —  19620 checks/s  —  ETA 0s  —  0 failed so far
[OUTPUT] 2026-07-09T20:20:39.694566 skip_listing [train]:   276,000/280,000 checked (99%)  —  19617 checks/s  —  ETA 0s  —  0 failed so far
[OUTPUT] 2026-07-09T20:20:39.719793 skip_listing [train]:   276,500/280,000 checked (99%)  —  19617 checks/s  —  ETA 0s  —  0 failed so far
[OUTPUT] 2026-07-09T20:20:39.743913 skip_listing [train]:   277,000/280,000 checked (99%)  —  19619 checks/s  —  ETA 0s  —  0 failed so far
[OUTPUT] 2026-07-09T20:20:39.767009 skip_listing [train]:   277,500/280,000 checked (99%)  —  19623 checks/s  —  ETA 0s  —  0 failed so far
[OUTPUT] 2026-07-09T20:20:39.789679 skip_listing [train]:   278,000/280,000 checked (99%)  —  19627 checks/s  —  ETA 0s  —  0 failed so far
[OUTPUT] 2026-07-09T20:20:39.815584 skip_listing [train]:   278,500/280,000 checked (99%)  —  19626 checks/s  —  ETA 0s  —  0 failed so far
[OUTPUT] 2026-07-09T20:20:39.837628 skip_listing [train]:   279,000/280,000 checked (100%)  —  19631 checks/s  —  ETA 0s  —  0 failed so far
[OUTPUT] 2026-07-09T20:20:39.860052 skip_listing [train]:   279,500/280,000 checked (100%)  —  19635 checks/s  —  ETA 0s  —  0 failed so far
[OUTPUT] 2026-07-09T20:20:39.885134 skip_listing [train]: validation complete — all 280,000 samples exist (14.3s, 19635 checks/s); 3,500 URIs ready for rank 0 (280,000 total across all ranks)
[OUTPUT] 2026-07-09T20:20:39.885224 File listing [train]: 280000 files discovered, 3500 assigned to rank 0, completed in 14.28s
[OUTPUT] 2026-07-09T20:20:39.885249 skip_listing [valid]: generated 0 file URIs deterministically (0 total — validation disabled)
[OUTPUT] 2026-07-09T20:20:39.885267 File listing [valid]: 0 files discovered, 0 assigned to rank 0, completed in 0.00s
[OUTPUT] 2026-07-09T20:20:39.885282 Streamed file sharding: 280000 train files across 80 ranks via round-robin (rank 0 shard: 3500 files)
[OUTPUT] 2026-07-09T20:20:39.889878 Max steps per epoch per rank: 40000 = 1 * 280000 / 7 (samples per file * local files / batch size)
[OUTPUT] 2026-07-09T20:20:39.976769 Reshard for epoch 1: 3500 train files, 0 eval files redistributed via alltoall in 0.09s
[OUTPUT] 2026-07-09T20:20:40.907956 Worker pre-warm complete (3 workers spawned)
[OUTPUT] 2026-07-09T20:20:41.749716 Starting epoch 1: 500 steps expected
[OUTPUT] 2026-07-09T20:20:41.750028 Starting block 1
[OUTPUT] 2026-07-09T20:22:10.585092 Ending block 1 - 500 steps completed in 88.84 s
[OUTPUT] 2026-07-09T20:22:10.587055 Epoch 1 - Block 1 [Training] Accelerator Utilization [AU] (%): 91.9866
[OUTPUT] 2026-07-09T20:22:10.587090 Epoch 1 - Block 1 [Training] Throughput (samples/second): 3177.8690
[OUTPUT] 2026-07-09T20:22:10.587504 Epoch 1 - Block 1 [Training] Computation time per step (second): 0.1621+/-0.0000 (set value: {'mean': 0.162})
[OUTPUT] 2026-07-09T20:22:10.596746 Ending epoch 1 - 500 steps completed in 88.85 s
[OUTPUT] 2026-07-09T20:22:10.641478 Reshard for epoch 2: 3500 train files, 0 eval files redistributed via alltoall in 0.04s
[OUTPUT] 2026-07-09T20:22:11.462093 Worker pre-warm complete for epoch 2 (3 workers spawned)
[OUTPUT] 2026-07-09T20:22:11.840514 Starting epoch 2: 500 steps expected
[OUTPUT] 2026-07-09T20:22:11.840843 Starting block 1
[OUTPUT] 2026-07-09T20:23:40.740313 Ending block 1 - 500 steps completed in 88.90 s
[OUTPUT] 2026-07-09T20:23:40.741483 Epoch 2 - Block 1 [Training] Accelerator Utilization [AU] (%): 91.8071
[OUTPUT] 2026-07-09T20:23:40.741514 Epoch 2 - Block 1 [Training] Throughput (samples/second): 3171.5526
[OUTPUT] 2026-07-09T20:23:40.741635 Epoch 2 - Block 1 [Training] Computation time per step (second): 0.1621+/-0.0000 (set value: {'mean': 0.162})
[OUTPUT] 2026-07-09T20:23:40.759383 Ending epoch 2 - 500 steps completed in 88.92 s
[OUTPUT] 2026-07-09T20:23:40.763502 Reshard for epoch 3: 3500 train files, 0 eval files redistributed via alltoall in 0.00s
[OUTPUT] 2026-07-09T20:23:41.520833 Worker pre-warm complete for epoch 3 (3 workers spawned)
[OUTPUT] 2026-07-09T20:23:41.879869 Starting epoch 3: 500 steps expected
[OUTPUT] 2026-07-09T20:23:41.880151 Starting block 1
[OUTPUT] 2026-07-09T20:25:10.815265 Ending block 1 - 500 steps completed in 88.94 s
[OUTPUT] 2026-07-09T20:25:10.816372 Epoch 3 - Block 1 [Training] Accelerator Utilization [AU] (%): 91.7301
[OUTPUT] 2026-07-09T20:25:10.816407 Epoch 3 - Block 1 [Training] Throughput (samples/second): 3168.9907
[OUTPUT] 2026-07-09T20:25:10.816527 Epoch 3 - Block 1 [Training] Computation time per step (second): 0.1621+/-0.0001 (set value: {'mean': 0.162})
[OUTPUT] 2026-07-09T20:25:10.823330 Ending epoch 3 - 500 steps completed in 88.94 s
[OUTPUT] 2026-07-09T20:25:10.827170 Reshard for epoch 4: 3500 train files, 0 eval files redistributed via alltoall in 0.00s
[OUTPUT] 2026-07-09T20:25:11.721620 Worker pre-warm complete for epoch 4 (3 workers spawned)
[OUTPUT] 2026-07-09T20:25:12.155379 Starting epoch 4: 500 steps expected
[OUTPUT] 2026-07-09T20:25:12.155684 Starting block 1
[OUTPUT] 2026-07-09T20:26:41.149177 Ending block 1 - 500 steps completed in 88.99 s
[OUTPUT] 2026-07-09T20:26:41.150282 Epoch 4 - Block 1 [Training] Accelerator Utilization [AU] (%): 91.8250
[OUTPUT] 2026-07-09T20:26:41.150312 Epoch 4 - Block 1 [Training] Throughput (samples/second): 3172.1674
[OUTPUT] 2026-07-09T20:26:41.150426 Epoch 4 - Block 1 [Training] Computation time per step (second): 0.1621+/-0.0000 (set value: {'mean': 0.162})
[OUTPUT] 2026-07-09T20:26:41.160836 Ending epoch 4 - 500 steps completed in 89.01 s
[OUTPUT] 2026-07-09T20:26:41.175918 Reshard for epoch 5: 3500 train files, 0 eval files redistributed via alltoall in 0.01s
[OUTPUT] 2026-07-09T20:26:42.076134 Worker pre-warm complete for epoch 5 (3 workers spawned)
[OUTPUT] 2026-07-09T20:26:42.607070 Starting epoch 5: 500 steps expected
[OUTPUT] 2026-07-09T20:26:42.607337 Starting block 1
[OUTPUT] 2026-07-09T20:28:11.582008 Ending block 1 - 500 steps completed in 88.97 s
[OUTPUT] 2026-07-09T20:28:11.583021 Epoch 5 - Block 1 [Training] Accelerator Utilization [AU] (%): 91.7578
[OUTPUT] 2026-07-09T20:28:11.583048 Epoch 5 - Block 1 [Training] Throughput (samples/second): 3169.8257
[OUTPUT] 2026-07-09T20:28:11.583160 Epoch 5 - Block 1 [Training] Computation time per step (second): 0.1621+/-0.0000 (set value: {'mean': 0.162})
[OUTPUT] 2026-07-09T20:28:11.604126 Ending epoch 5 - 500 steps completed in 89.00 s
[OUTPUT] 2026-07-09T20:28:11.608137 Reshard for epoch 6: 3500 train files, 0 eval files redistributed via alltoall in 0.00s
[OUTPUT] 2026-07-09T20:28:12.515769 Worker pre-warm complete for epoch 6 (3 workers spawned)
[OUTPUT] 2026-07-09T20:28:12.537706 Saved outputs in /root/results/closed/Suzhou_Zishan_Longlin/results/GalaxSphere-4Tier0/training/unet3d/run/20260709_202000
[OUTPUT] Averaged metric over all steps/epochs
[METRIC] ==========================================================
[METRIC] Number of Simulated Accelerators: 80 
[METRIC] Training Accelerator Utilization [AU] (%): 91.8270 (0.0546)
[METRIC] Training Throughput (samples/second): 3172.3376 (1.8784)
[METRIC] Training I/O Throughput (MiB/second): 443522.1499 (262.6177)
[METRIC] train_au_meet_expectation: success
[METRIC] ==========================================================

[OUTPUT] 2026-07-09T20:28:12.654827 outputs saved in RANKID_output.json
