[OUTPUT] [DEBUG DLIOBenchmark.__init__] After LoadConfig:
[OUTPUT]   storage_type   = <StorageType.LOCAL_FS: 'local_fs'>
[OUTPUT]   storage_root   = './'
[OUTPUT]   storage_options= None
[OUTPUT]   data_folder    = '/mnt/mlp/retinanet_data/retinanet'
[OUTPUT]   framework      = <FrameworkType.PYTORCH: 'pytorch'>
[OUTPUT]   num_files_train= 17023000
[OUTPUT]   record_length  = 322957
[OUTPUT]   generate_data  = False
[OUTPUT]   do_train       = True
[OUTPUT]   do_checkpoint  = False
[OUTPUT]   epochs         = 8
[OUTPUT]   batch_size     = 24
[OUTPUT] 2026-07-13T23:15:28.768695 Running DLIO [Training] with 20 process(es)
[OUTPUT] 2026-07-13T23:15:31.236287 skip_listing [train]: validating 17,024 of 17,023,000 files (first, last, every 1,000) via HEAD requests ...
[OUTPUT] 2026-07-13T23:15:31.665439 skip_listing [train]:   500/17,024 checked (3%)  —  1166 checks/s  —  ETA 14s  —  0 failed so far
[OUTPUT] 2026-07-13T23:15:31.965358 skip_listing [train]:   1,000/17,024 checked (6%)  —  1372 checks/s  —  ETA 12s  —  0 failed so far
[OUTPUT] 2026-07-13T23:15:32.152947 skip_listing [train]:   1,500/17,024 checked (9%)  —  1637 checks/s  —  ETA 9s  —  0 failed so far
[OUTPUT] 2026-07-13T23:15:32.341578 skip_listing [train]:   2,000/17,024 checked (12%)  —  1810 checks/s  —  ETA 8s  —  0 failed so far
[OUTPUT] 2026-07-13T23:15:32.542172 skip_listing [train]:   2,500/17,024 checked (15%)  —  1915 checks/s  —  ETA 8s  —  0 failed so far
[OUTPUT] 2026-07-13T23:15:32.741545 skip_listing [train]:   3,000/17,024 checked (18%)  —  1994 checks/s  —  ETA 7s  —  0 failed so far
[OUTPUT] 2026-07-13T23:15:32.939002 skip_listing [train]:   3,500/17,024 checked (21%)  —  2056 checks/s  —  ETA 7s  —  0 failed so far
[OUTPUT] 2026-07-13T23:15:33.139932 skip_listing [train]:   4,000/17,024 checked (23%)  —  2102 checks/s  —  ETA 6s  —  0 failed so far
[OUTPUT] 2026-07-13T23:15:33.339048 skip_listing [train]:   4,500/17,024 checked (26%)  —  2140 checks/s  —  ETA 6s  —  0 failed so far
[OUTPUT] 2026-07-13T23:15:33.541166 skip_listing [train]:   5,000/17,024 checked (29%)  —  2170 checks/s  —  ETA 6s  —  0 failed so far
[OUTPUT] 2026-07-13T23:15:33.746356 skip_listing [train]:   5,500/17,024 checked (32%)  —  2192 checks/s  —  ETA 5s  —  0 failed so far
[OUTPUT] 2026-07-13T23:15:33.947088 skip_listing [train]:   6,000/17,024 checked (35%)  —  2214 checks/s  —  ETA 5s  —  0 failed so far
[OUTPUT] 2026-07-13T23:15:34.143333 skip_listing [train]:   6,500/17,024 checked (38%)  —  2236 checks/s  —  ETA 5s  —  0 failed so far
[OUTPUT] 2026-07-13T23:15:34.342842 skip_listing [train]:   7,000/17,024 checked (41%)  —  2254 checks/s  —  ETA 4s  —  0 failed so far
[OUTPUT] 2026-07-13T23:15:34.543518 skip_listing [train]:   7,500/17,024 checked (44%)  —  2268 checks/s  —  ETA 4s  —  0 failed so far
[OUTPUT] 2026-07-13T23:15:34.737543 skip_listing [train]:   8,000/17,024 checked (47%)  —  2285 checks/s  —  ETA 4s  —  0 failed so far
[OUTPUT] 2026-07-13T23:15:34.935325 skip_listing [train]:   8,500/17,024 checked (50%)  —  2298 checks/s  —  ETA 4s  —  0 failed so far
[OUTPUT] 2026-07-13T23:15:35.129909 skip_listing [train]:   9,000/17,024 checked (53%)  —  2312 checks/s  —  ETA 3s  —  0 failed so far
[OUTPUT] 2026-07-13T23:15:35.337833 skip_listing [train]:   9,500/17,024 checked (56%)  —  2316 checks/s  —  ETA 3s  —  0 failed so far
[OUTPUT] 2026-07-13T23:15:35.544377 skip_listing [train]:   10,000/17,024 checked (59%)  —  2321 checks/s  —  ETA 3s  —  0 failed so far
[OUTPUT] 2026-07-13T23:15:35.748681 skip_listing [train]:   10,500/17,024 checked (62%)  —  2327 checks/s  —  ETA 3s  —  0 failed so far
[OUTPUT] 2026-07-13T23:15:35.956234 skip_listing [train]:   11,000/17,024 checked (65%)  —  2331 checks/s  —  ETA 3s  —  0 failed so far
[OUTPUT] 2026-07-13T23:15:36.144443 skip_listing [train]:   11,500/17,024 checked (68%)  —  2343 checks/s  —  ETA 2s  —  0 failed so far
[OUTPUT] 2026-07-13T23:15:36.370703 skip_listing [train]:   12,000/17,024 checked (70%)  —  2337 checks/s  —  ETA 2s  —  0 failed so far
[OUTPUT] 2026-07-13T23:15:36.587337 skip_listing [train]:   12,500/17,024 checked (73%)  —  2336 checks/s  —  ETA 2s  —  0 failed so far
[OUTPUT] 2026-07-13T23:15:36.799537 skip_listing [train]:   13,000/17,024 checked (76%)  —  2337 checks/s  —  ETA 2s  —  0 failed so far
[OUTPUT] 2026-07-13T23:15:37.119011 skip_listing [train]:   13,500/17,024 checked (79%)  —  2295 checks/s  —  ETA 2s  —  0 failed so far
[OUTPUT] 2026-07-13T23:15:37.373448 skip_listing [train]:   14,000/17,024 checked (82%)  —  2281 checks/s  —  ETA 1s  —  0 failed so far
[OUTPUT] 2026-07-13T23:15:37.568141 skip_listing [train]:   14,500/17,024 checked (85%)  —  2290 checks/s  —  ETA 1s  —  0 failed so far
[OUTPUT] 2026-07-13T23:15:37.760856 skip_listing [train]:   15,000/17,024 checked (88%)  —  2299 checks/s  —  ETA 1s  —  0 failed so far
[OUTPUT] 2026-07-13T23:15:37.950521 skip_listing [train]:   15,500/17,024 checked (91%)  —  2309 checks/s  —  ETA 1s  —  0 failed so far
[OUTPUT] 2026-07-13T23:15:38.141898 skip_listing [train]:   16,000/17,024 checked (94%)  —  2317 checks/s  —  ETA 0s  —  0 failed so far
[OUTPUT] 2026-07-13T23:15:38.336605 skip_listing [train]:   16,500/17,024 checked (97%)  —  2324 checks/s  —  ETA 0s  —  0 failed so far
[OUTPUT] 2026-07-13T23:15:38.541110 skip_listing [train]:   17,000/17,024 checked (100%)  —  2327 checks/s  —  ETA 0s  —  0 failed so far
[OUTPUT] 2026-07-13T23:15:38.550672 skip_listing [train]: validation complete — all 17,024 samples exist (7.3s, 2328 checks/s); 851,150 URIs ready for rank 0 (17,023,000 total across all ranks)
[OUTPUT] 2026-07-13T23:15:38.588037 File listing [train]: 17023000 files discovered, 851150 assigned to rank 0, completed in 9.80s
[OUTPUT] 2026-07-13T23:15:38.588600 skip_listing [valid]: generated 0 file URIs deterministically (0 total — validation disabled)
[OUTPUT] 2026-07-13T23:15:38.588744 File listing [valid]: 0 files discovered, 0 assigned to rank 0, completed in 0.00s
[OUTPUT] 2026-07-13T23:15:38.588844 Streamed file sharding: 17023000 train files across 20 ranks via round-robin (rank 0 shard: 851150 files)
[OUTPUT] 2026-07-13T23:17:52.725708 Max steps per epoch per rank: 709291 = 1 * 17023000 / 24 (samples per file * local files / batch size)
[OUTPUT] 2026-07-13T23:17:53.578493 Reshard for epoch 1: 851150 train files, 0 eval files redistributed via alltoall in 0.85s
[OUTPUT] 2026-07-13T23:17:57.317554 Worker pre-warm complete (15 workers spawned)
[OUTPUT] 2026-07-13T23:17:57.509744 Starting epoch 1: 35464 steps expected
[OUTPUT] 2026-07-13T23:17:57.510004 Starting block 1
[OUTPUT] 2026-07-13T23:50:48.730187 Ending block 1 - 35464 steps completed in 1971.22 s
[OUTPUT] 2026-07-13T23:50:48.735273 Epoch 1 - Block 1 [Training] Accelerator Utilization [AU] (%): 85.7941
[OUTPUT] 2026-07-13T23:50:48.735339 Epoch 1 - Block 1 [Training] Throughput (samples/second): 8640.6221
[OUTPUT] 2026-07-13T23:50:48.739955 Epoch 1 - Block 1 [Training] Computation time per step (second): 0.0477+/-0.0000 (set value: {'mean': 0.04755})
[OUTPUT] 2026-07-13T23:50:48.753021 Ending epoch 1 - 35464 steps completed in 1971.24 s
[OUTPUT] 2026-07-13T23:50:49.627405 Reshard for epoch 2: 851150 train files, 0 eval files redistributed via alltoall in 0.87s
[OUTPUT] 2026-07-13T23:50:53.648138 Worker pre-warm complete for epoch 2 (15 workers spawned)
[OUTPUT] 2026-07-13T23:53:04.316431 Starting epoch 2: 35464 steps expected
[OUTPUT] 2026-07-13T23:53:04.317244 Starting block 1
[OUTPUT] 2026-07-14T00:25:56.551473 Ending block 1 - 35464 steps completed in 1972.23 s
[OUTPUT] 2026-07-14T00:25:56.558486 Epoch 2 - Block 1 [Training] Accelerator Utilization [AU] (%): 85.7415
[OUTPUT] 2026-07-14T00:25:56.558555 Epoch 2 - Block 1 [Training] Throughput (samples/second): 8635.2404
[OUTPUT] 2026-07-14T00:25:56.564802 Epoch 2 - Block 1 [Training] Computation time per step (second): 0.0477+/-0.0000 (set value: {'mean': 0.04755})
[OUTPUT] 2026-07-14T00:25:56.603178 Ending epoch 2 - 35464 steps completed in 1972.29 s
[OUTPUT] 2026-07-14T00:25:57.621618 Reshard for epoch 3: 851150 train files, 0 eval files redistributed via alltoall in 1.02s
[OUTPUT] 2026-07-14T00:26:01.805871 Worker pre-warm complete for epoch 3 (15 workers spawned)
[OUTPUT] 2026-07-14T00:28:15.493277 Starting epoch 3: 35464 steps expected
[OUTPUT] 2026-07-14T00:28:15.494126 Starting block 1
[OUTPUT] 2026-07-14T01:01:07.303071 Ending block 1 - 35464 steps completed in 1971.81 s
[OUTPUT] 2026-07-14T01:01:07.313272 Epoch 3 - Block 1 [Training] Accelerator Utilization [AU] (%): 85.7572
[OUTPUT] 2026-07-14T01:01:07.313326 Epoch 3 - Block 1 [Training] Throughput (samples/second): 8636.8638
[OUTPUT] 2026-07-14T01:01:07.316999 Epoch 3 - Block 1 [Training] Computation time per step (second): 0.0477+/-0.0000 (set value: {'mean': 0.04755})
[OUTPUT] 2026-07-14T01:01:07.592788 Ending epoch 3 - 35464 steps completed in 1972.10 s
[OUTPUT] 2026-07-14T01:01:08.649543 Reshard for epoch 4: 851150 train files, 0 eval files redistributed via alltoall in 1.06s
[OUTPUT] 2026-07-14T01:01:13.000336 Worker pre-warm complete for epoch 4 (15 workers spawned)
[OUTPUT] 2026-07-14T01:03:19.958950 Starting epoch 4: 35464 steps expected
[OUTPUT] 2026-07-14T01:03:19.959458 Starting block 1
[OUTPUT] 2026-07-14T01:36:16.011984 Ending block 1 - 35464 steps completed in 1976.05 s
[OUTPUT] 2026-07-14T01:36:16.014048 Epoch 4 - Block 1 [Training] Accelerator Utilization [AU] (%): 85.5898
[OUTPUT] 2026-07-14T01:36:16.014098 Epoch 4 - Block 1 [Training] Throughput (samples/second): 8619.9894
[OUTPUT] 2026-07-14T01:36:16.016423 Epoch 4 - Block 1 [Training] Computation time per step (second): 0.0477+/-0.0000 (set value: {'mean': 0.04755})
[OUTPUT] 2026-07-14T01:36:16.109570 Ending epoch 4 - 35464 steps completed in 1976.15 s
[OUTPUT] 2026-07-14T01:36:17.101713 Reshard for epoch 5: 851150 train files, 0 eval files redistributed via alltoall in 0.99s
[OUTPUT] 2026-07-14T01:36:21.065330 Worker pre-warm complete for epoch 5 (15 workers spawned)
[OUTPUT] 2026-07-14T01:38:35.621501 Starting epoch 5: 35464 steps expected
[OUTPUT] 2026-07-14T01:38:35.622233 Starting block 1
[OUTPUT] 2026-07-14T02:11:31.303499 Ending block 1 - 35464 steps completed in 1975.68 s
[OUTPUT] 2026-07-14T02:11:31.308213 Epoch 5 - Block 1 [Training] Accelerator Utilization [AU] (%): 85.5887
[OUTPUT] 2026-07-14T02:11:31.308270 Epoch 5 - Block 1 [Training] Throughput (samples/second): 8619.7353
[OUTPUT] 2026-07-14T02:11:31.313084 Epoch 5 - Block 1 [Training] Computation time per step (second): 0.0477+/-0.0000 (set value: {'mean': 0.04755})
[OUTPUT] 2026-07-14T02:11:31.469337 Ending epoch 5 - 35464 steps completed in 1975.85 s
[OUTPUT] 2026-07-14T02:11:32.411667 Reshard for epoch 6: 851150 train files, 0 eval files redistributed via alltoall in 0.94s
[OUTPUT] 2026-07-14T02:11:36.534824 Worker pre-warm complete for epoch 6 (15 workers spawned)
[OUTPUT] 2026-07-14T02:13:51.405296 Starting epoch 6: 35464 steps expected
[OUTPUT] 2026-07-14T02:13:51.410639 Starting block 1
[OUTPUT] 2026-07-14T02:46:47.559219 Ending block 1 - 35464 steps completed in 1976.15 s
[OUTPUT] 2026-07-14T02:46:47.567535 Epoch 6 - Block 1 [Training] Accelerator Utilization [AU] (%): 85.5747
[OUTPUT] 2026-07-14T02:46:47.567587 Epoch 6 - Block 1 [Training] Throughput (samples/second): 8618.4491
[OUTPUT] 2026-07-14T02:46:47.569960 Epoch 6 - Block 1 [Training] Computation time per step (second): 0.0477+/-0.0000 (set value: {'mean': 0.04755})
[OUTPUT] 2026-07-14T02:46:47.744578 Ending epoch 6 - 35464 steps completed in 1976.34 s
[OUTPUT] 2026-07-14T02:46:48.820559 Reshard for epoch 7: 851150 train files, 0 eval files redistributed via alltoall in 1.07s
[OUTPUT] 2026-07-14T02:46:53.119375 Worker pre-warm complete for epoch 7 (15 workers spawned)
[OUTPUT] 2026-07-14T02:49:00.499693 Starting epoch 7: 35464 steps expected
[OUTPUT] 2026-07-14T02:49:00.500065 Starting block 1
[OUTPUT] 2026-07-14T03:21:58.313117 Ending block 1 - 35464 steps completed in 1977.81 s
[OUTPUT] 2026-07-14T03:21:58.314935 Epoch 7 - Block 1 [Training] Accelerator Utilization [AU] (%): 85.5054
[OUTPUT] 2026-07-14T03:21:58.314992 Epoch 7 - Block 1 [Training] Throughput (samples/second): 8611.4347
[OUTPUT] 2026-07-14T03:21:58.317201 Epoch 7 - Block 1 [Training] Computation time per step (second): 0.0477+/-0.0000 (set value: {'mean': 0.04755})
[OUTPUT] 2026-07-14T03:21:58.335125 Ending epoch 7 - 35464 steps completed in 1977.84 s
[OUTPUT] 2026-07-14T03:21:59.441164 Reshard for epoch 8: 851150 train files, 0 eval files redistributed via alltoall in 1.10s
[OUTPUT] 2026-07-14T03:22:03.505823 Worker pre-warm complete for epoch 8 (15 workers spawned)
[OUTPUT] 2026-07-14T03:24:12.710965 Starting epoch 8: 35464 steps expected
[OUTPUT] 2026-07-14T03:24:12.711853 Starting block 1
[OUTPUT] 2026-07-14T03:57:06.408202 Ending block 1 - 35464 steps completed in 1973.70 s
[OUTPUT] 2026-07-14T03:57:06.410441 Epoch 8 - Block 1 [Training] Accelerator Utilization [AU] (%): 85.6759
[OUTPUT] 2026-07-14T03:57:06.410515 Epoch 8 - Block 1 [Training] Throughput (samples/second): 8628.5174
[OUTPUT] 2026-07-14T03:57:06.412956 Epoch 8 - Block 1 [Training] Computation time per step (second): 0.0477+/-0.0000 (set value: {'mean': 0.04755})
[OUTPUT] 2026-07-14T03:57:06.434028 Ending epoch 8 - 35464 steps completed in 1973.72 s
[OUTPUT] 2026-07-14T03:57:07.416037 Reshard for epoch 9: 851150 train files, 0 eval files redistributed via alltoall in 0.98s
[OUTPUT] 2026-07-14T03:57:11.609322 Worker pre-warm complete for epoch 9 (15 workers spawned)
[OUTPUT] 2026-07-14T03:57:11.824090 Saved outputs in /tmp/mlperf_storage_results_retinanet_b200_1t_20acc_15reader/closed/holmesai_limited/results/StorMeshAI/training/retinanet/run/20260713_231522
[OUTPUT] Averaged metric over all steps/epochs
[METRIC] ==========================================================
[METRIC] Number of Simulated Accelerators: 20 
[METRIC] Training Accelerator Utilization [AU] (%): 85.6575 (0.0958)
[METRIC] Training Throughput (samples/second): 8627.9772 (9.6724)
[METRIC] Training I/O Throughput (MiB/second): 2657.3807 (2.9791)
[METRIC] train_au_meet_expectation: success
[METRIC] ==========================================================

[OUTPUT] 2026-07-14T03:57:12.442580 outputs saved in RANKID_output.json
