[OUTPUT] [DEBUG DLIOBenchmark.__init__] After LoadConfig:
[OUTPUT]   storage_type   = <StorageType.LOCAL_FS: 'local_fs'>
[OUTPUT]   storage_root   = './'
[OUTPUT]   storage_options= None
[OUTPUT]   data_folder    = '/mnt/pfs/unet3d'
[OUTPUT]   framework      = <FrameworkType.PYTORCH: 'pytorch'>
[OUTPUT]   num_files_train= 380000
[OUTPUT]   record_length  = 146600628
[OUTPUT]   generate_data  = False
[OUTPUT]   do_train       = True
[OUTPUT]   do_checkpoint  = False
[OUTPUT]   epochs         = 5
[OUTPUT]   batch_size     = 7
[OUTPUT] 2026-07-24T12:07:10.093389 Running DLIO [Training] with 96 process(es)
[OUTPUT] 2026-07-24T12:07:11.663875 File listing [train]: 420000 files discovered, 3958 assigned to rank 0, completed in 1.55s
[OUTPUT] 2026-07-24T12:07:11.664490 File listing [valid]: 0 files discovered, 0 assigned to rank 0, completed in 0.00s
[OUTPUT] 2026-07-24T12:07:11.664549 Streamed file sharding: 420000 train files across 96 ranks via round-robin (rank 0 shard: 3958 files)
[OUTPUT] 2026-07-24T12:07:13.679338 Max steps per epoch per rank: 54285 = 1 * 380000 / 7 (samples per file * local files / batch size)
[OUTPUT] 2026-07-24T12:07:14.008046 Reshard for epoch 1: 3958 train files, 0 eval files redistributed via alltoall in 0.33s
[OUTPUT] 2026-07-24T12:07:16.920322 Worker pre-warm complete (12 workers spawned)
[OUTPUT] 2026-07-24T12:07:17.214116 Starting epoch 1: 565 steps expected
[OUTPUT] 2026-07-24T12:07:17.214383 Starting block 1
[OUTPUT] 2026-07-24T12:08:55.305801 Ending block 1 - 565 steps completed in 98.09 s
[OUTPUT] 2026-07-24T12:08:55.309297 Epoch 1 - Block 1 [Training] Accelerator Utilization [AU] (%): 95.4641
[OUTPUT] 2026-07-24T12:08:55.309347 Epoch 1 - Block 1 [Training] Throughput (samples/second): 3958.0798
[OUTPUT] 2026-07-24T12:08:55.310132 Epoch 1 - Block 1 [Training] Computation time per step (second): 0.1621+/-0.0000 (set value: {'mean': 0.162})
[OUTPUT] 2026-07-24T12:08:55.340711 Ending epoch 1 - 565 steps completed in 98.13 s
[OUTPUT] 2026-07-24T12:08:57.910102 Reshard for epoch 2: 3958 train files, 0 eval files redistributed via alltoall in 2.57s
[OUTPUT] 2026-07-24T12:09:00.786088 Worker pre-warm complete for epoch 2 (12 workers spawned)
[OUTPUT] 2026-07-24T12:09:01.052415 Starting epoch 2: 565 steps expected
[OUTPUT] 2026-07-24T12:09:01.052714 Starting block 1
[OUTPUT] 2026-07-24T12:10:38.775033 Ending block 1 - 565 steps completed in 97.72 s
[OUTPUT] 2026-07-24T12:10:38.776907 Epoch 2 - Block 1 [Training] Accelerator Utilization [AU] (%): 95.8160
[OUTPUT] 2026-07-24T12:10:38.776958 Epoch 2 - Block 1 [Training] Throughput (samples/second): 3972.6812
[OUTPUT] 2026-07-24T12:10:38.777190 Epoch 2 - Block 1 [Training] Computation time per step (second): 0.1621+/-0.0000 (set value: {'mean': 0.162})
[OUTPUT] 2026-07-24T12:10:38.912575 Ending epoch 2 - 565 steps completed in 97.86 s
[OUTPUT] 2026-07-24T12:10:38.934723 Reshard for epoch 3: 3958 train files, 0 eval files redistributed via alltoall in 0.02s
[OUTPUT] 2026-07-24T12:10:41.734338 Worker pre-warm complete for epoch 3 (12 workers spawned)
[OUTPUT] 2026-07-24T12:10:42.066556 Starting epoch 3: 565 steps expected
[OUTPUT] 2026-07-24T12:10:42.066921 Starting block 1
[OUTPUT] 2026-07-24T12:12:19.741287 Ending block 1 - 565 steps completed in 97.67 s
[OUTPUT] 2026-07-24T12:12:19.743348 Epoch 3 - Block 1 [Training] Accelerator Utilization [AU] (%): 95.9094
[OUTPUT] 2026-07-24T12:12:19.743406 Epoch 3 - Block 1 [Training] Throughput (samples/second): 3976.5870
[OUTPUT] 2026-07-24T12:12:19.743640 Epoch 3 - Block 1 [Training] Computation time per step (second): 0.1621+/-0.0000 (set value: {'mean': 0.162})
[OUTPUT] 2026-07-24T12:12:19.985830 Ending epoch 3 - 565 steps completed in 97.92 s
[OUTPUT] 2026-07-24T12:12:20.006367 Reshard for epoch 4: 3958 train files, 0 eval files redistributed via alltoall in 0.02s
[OUTPUT] 2026-07-24T12:12:22.787889 Worker pre-warm complete for epoch 4 (12 workers spawned)
[OUTPUT] 2026-07-24T12:12:23.051824 Starting epoch 4: 565 steps expected
[OUTPUT] 2026-07-24T12:12:23.052136 Starting block 1
[OUTPUT] 2026-07-24T12:14:00.817725 Ending block 1 - 565 steps completed in 97.77 s
[OUTPUT] 2026-07-24T12:14:00.819411 Epoch 4 - Block 1 [Training] Accelerator Utilization [AU] (%): 95.6012
[OUTPUT] 2026-07-24T12:14:00.819463 Epoch 4 - Block 1 [Training] Throughput (samples/second): 3963.7587
[OUTPUT] 2026-07-24T12:14:00.819662 Epoch 4 - Block 1 [Training] Computation time per step (second): 0.1621+/-0.0000 (set value: {'mean': 0.162})
[OUTPUT] 2026-07-24T12:14:00.958185 Ending epoch 4 - 565 steps completed in 97.91 s
[OUTPUT] 2026-07-24T12:14:01.378266 Reshard for epoch 5: 3958 train files, 0 eval files redistributed via alltoall in 0.42s
[OUTPUT] 2026-07-24T12:14:04.282963 Worker pre-warm complete for epoch 5 (12 workers spawned)
[OUTPUT] 2026-07-24T12:14:04.552577 Starting epoch 5: 565 steps expected
[OUTPUT] 2026-07-24T12:14:04.552879 Starting block 1
[OUTPUT] 2026-07-24T12:15:42.360256 Ending block 1 - 565 steps completed in 97.81 s
[OUTPUT] 2026-07-24T12:15:42.364852 Epoch 5 - Block 1 [Training] Accelerator Utilization [AU] (%): 95.6966
[OUTPUT] 2026-07-24T12:15:42.364907 Epoch 5 - Block 1 [Training] Throughput (samples/second): 3967.7782
[OUTPUT] 2026-07-24T12:15:42.365372 Epoch 5 - Block 1 [Training] Computation time per step (second): 0.1621+/-0.0000 (set value: {'mean': 0.162})
[OUTPUT] 2026-07-24T12:15:42.442247 Ending epoch 5 - 565 steps completed in 97.89 s
[OUTPUT] 2026-07-24T12:15:42.468096 Reshard for epoch 6: 3958 train files, 0 eval files redistributed via alltoall in 0.02s
[OUTPUT] 2026-07-24T12:15:45.288860 Worker pre-warm complete for epoch 6 (12 workers spawned)
[OUTPUT] 2026-07-24T12:15:45.481499 Saved outputs in /home/mlperf/results/TuringData/closed/TuringData/results/TuringData_F9200_8_Clients/training/unet3d/run/20260724_120645
[OUTPUT] Averaged metric over all steps/epochs
[METRIC] ==========================================================
[METRIC] Number of Simulated Accelerators: 96 
[METRIC] Training Accelerator Utilization [AU] (%): 95.5820 (0.1288)
[METRIC] Training Throughput (samples/second): 3963.0448 (5.3331)
[METRIC] Training I/O Throughput (MiB/second): 554070.3362 (745.6206)
[METRIC] train_au_meet_expectation: success
[METRIC] ==========================================================

[OUTPUT] 2026-07-24T12:15:45.652398 outputs saved in RANKID_output.json
