[OUTPUT] [DEBUG DLIOBenchmark.__init__] After LoadConfig:
[OUTPUT]   storage_type   = <StorageType.S3: 's3'>
[OUTPUT]   storage_root   = 'mlp-retinanet'
[OUTPUT]   storage_options= {'storage_library': 's3dlio', 'uri_scheme': 's3', 'access_key_id': 'ais', 'secret_access_key': 'ais', 'endpoint_url': 'http://10.49.42.215:51080/s3/', 'region': 'us-east-1'}
[OUTPUT]   data_folder    = 'data/r10-6n/retinanet'
[OUTPUT]   framework      = <FrameworkType.PYTORCH: 'pytorch'>
[OUTPUT]   num_files_train= 252000000
[OUTPUT]   record_length  = 322957
[OUTPUT]   generate_data  = False
[OUTPUT]   do_train       = True
[OUTPUT]   do_checkpoint  = False
[OUTPUT]   epochs         = 8
[OUTPUT]   batch_size     = 24
[OUTPUT] 2026-07-12T07:08:13.011382 Running DLIO [Training] with 370 process(es)
[OUTPUT] 2026-07-12T07:08:14.590388 skip_listing [train]: validating 25,201 of 252,000,000 files (first, last, every 10,000) via HEAD requests ...
[OUTPUT] 2026-07-12T07:08:14.851246 skip_listing [train]:   500/25,201 checked (2%)  —  1934 checks/s  —  ETA 13s  —  0 failed so far
[OUTPUT] 2026-07-12T07:08:15.095231 skip_listing [train]:   1,000/25,201 checked (4%)  —  1990 checks/s  —  ETA 12s  —  0 failed so far
[OUTPUT] 2026-07-12T07:08:15.363099 skip_listing [train]:   1,500/25,201 checked (6%)  —  1947 checks/s  —  ETA 12s  —  0 failed so far
[OUTPUT] 2026-07-12T07:08:15.618916 skip_listing [train]:   2,000/25,201 checked (8%)  —  1949 checks/s  —  ETA 12s  —  0 failed so far
[OUTPUT] 2026-07-12T07:08:15.867658 skip_listing [train]:   2,500/25,201 checked (10%)  —  1961 checks/s  —  ETA 12s  —  0 failed so far
[OUTPUT] 2026-07-12T07:08:16.113607 skip_listing [train]:   3,000/25,201 checked (12%)  —  1972 checks/s  —  ETA 11s  —  0 failed so far
[OUTPUT] 2026-07-12T07:08:16.361793 skip_listing [train]:   3,500/25,201 checked (14%)  —  1978 checks/s  —  ETA 11s  —  0 failed so far
[OUTPUT] 2026-07-12T07:08:16.622477 skip_listing [train]:   4,000/25,201 checked (16%)  —  1971 checks/s  —  ETA 11s  —  0 failed so far
[OUTPUT] 2026-07-12T07:08:16.887391 skip_listing [train]:   4,500/25,201 checked (18%)  —  1961 checks/s  —  ETA 11s  —  0 failed so far
[OUTPUT] 2026-07-12T07:08:17.147041 skip_listing [train]:   5,000/25,201 checked (20%)  —  1957 checks/s  —  ETA 10s  —  0 failed so far
[OUTPUT] 2026-07-12T07:08:17.406043 skip_listing [train]:   5,500/25,201 checked (22%)  —  1955 checks/s  —  ETA 10s  —  0 failed so far
[OUTPUT] 2026-07-12T07:08:17.655817 skip_listing [train]:   6,000/25,201 checked (24%)  —  1959 checks/s  —  ETA 10s  —  0 failed so far
[OUTPUT] 2026-07-12T07:08:17.890435 skip_listing [train]:   6,500/25,201 checked (26%)  —  1971 checks/s  —  ETA 9s  —  0 failed so far
[OUTPUT] 2026-07-12T07:08:18.125355 skip_listing [train]:   7,000/25,201 checked (28%)  —  1981 checks/s  —  ETA 9s  —  0 failed so far
[OUTPUT] 2026-07-12T07:08:18.361045 skip_listing [train]:   7,500/25,201 checked (30%)  —  1990 checks/s  —  ETA 9s  —  0 failed so far
[OUTPUT] 2026-07-12T07:08:18.596741 skip_listing [train]:   8,000/25,201 checked (32%)  —  1998 checks/s  —  ETA 9s  —  0 failed so far
[OUTPUT] 2026-07-12T07:08:18.831812 skip_listing [train]:   8,500/25,201 checked (34%)  —  2005 checks/s  —  ETA 8s  —  0 failed so far
[OUTPUT] 2026-07-12T07:08:19.072559 skip_listing [train]:   9,000/25,201 checked (36%)  —  2009 checks/s  —  ETA 8s  —  0 failed so far
[OUTPUT] 2026-07-12T07:08:19.314225 skip_listing [train]:   9,500/25,201 checked (38%)  —  2012 checks/s  —  ETA 8s  —  0 failed so far
[OUTPUT] 2026-07-12T07:08:19.540369 skip_listing [train]:   10,000/25,201 checked (40%)  —  2021 checks/s  —  ETA 8s  —  0 failed so far
[OUTPUT] 2026-07-12T07:08:19.787648 skip_listing [train]:   10,500/25,201 checked (42%)  —  2021 checks/s  —  ETA 7s  —  0 failed so far
[OUTPUT] 2026-07-12T07:08:20.008553 skip_listing [train]:   11,000/25,201 checked (44%)  —  2031 checks/s  —  ETA 7s  —  0 failed so far
[OUTPUT] 2026-07-12T07:08:20.244738 skip_listing [train]:   11,500/25,201 checked (46%)  —  2035 checks/s  —  ETA 7s  —  0 failed so far
[OUTPUT] 2026-07-12T07:08:20.499715 skip_listing [train]:   12,000/25,201 checked (48%)  —  2031 checks/s  —  ETA 6s  —  0 failed so far
[OUTPUT] 2026-07-12T07:08:20.764363 skip_listing [train]:   12,500/25,201 checked (50%)  —  2025 checks/s  —  ETA 6s  —  0 failed so far
[OUTPUT] 2026-07-12T07:08:21.041874 skip_listing [train]:   13,000/25,201 checked (52%)  —  2016 checks/s  —  ETA 6s  —  0 failed so far
[OUTPUT] 2026-07-12T07:08:21.298820 skip_listing [train]:   13,500/25,201 checked (54%)  —  2013 checks/s  —  ETA 6s  —  0 failed so far
[OUTPUT] 2026-07-12T07:08:21.536055 skip_listing [train]:   14,000/25,201 checked (56%)  —  2016 checks/s  —  ETA 6s  —  0 failed so far
[OUTPUT] 2026-07-12T07:08:21.774817 skip_listing [train]:   14,500/25,201 checked (58%)  —  2019 checks/s  —  ETA 5s  —  0 failed so far
[OUTPUT] 2026-07-12T07:08:22.028341 skip_listing [train]:   15,000/25,201 checked (60%)  —  2017 checks/s  —  ETA 5s  —  0 failed so far
[OUTPUT] 2026-07-12T07:08:22.288046 skip_listing [train]:   15,500/25,201 checked (62%)  —  2014 checks/s  —  ETA 5s  —  0 failed so far
[OUTPUT] 2026-07-12T07:08:22.511918 skip_listing [train]:   16,000/25,201 checked (63%)  —  2020 checks/s  —  ETA 5s  —  0 failed so far
[OUTPUT] 2026-07-12T07:08:22.735789 skip_listing [train]:   16,500/25,201 checked (65%)  —  2026 checks/s  —  ETA 4s  —  0 failed so far
[OUTPUT] 2026-07-12T07:08:22.973688 skip_listing [train]:   17,000/25,201 checked (67%)  —  2028 checks/s  —  ETA 4s  —  0 failed so far
[OUTPUT] 2026-07-12T07:08:23.218266 skip_listing [train]:   17,500/25,201 checked (69%)  —  2029 checks/s  —  ETA 4s  —  0 failed so far
[OUTPUT] 2026-07-12T07:08:23.462348 skip_listing [train]:   18,000/25,201 checked (71%)  —  2029 checks/s  —  ETA 4s  —  0 failed so far
[OUTPUT] 2026-07-12T07:08:23.699287 skip_listing [train]:   18,500/25,201 checked (73%)  —  2031 checks/s  —  ETA 3s  —  0 failed so far
[OUTPUT] 2026-07-12T07:08:23.939234 skip_listing [train]:   19,000/25,201 checked (75%)  —  2033 checks/s  —  ETA 3s  —  0 failed so far
[OUTPUT] 2026-07-12T07:08:24.163717 skip_listing [train]:   19,500/25,201 checked (77%)  —  2037 checks/s  —  ETA 3s  —  0 failed so far
[OUTPUT] 2026-07-12T07:08:24.395385 skip_listing [train]:   20,000/25,201 checked (79%)  —  2040 checks/s  —  ETA 3s  —  0 failed so far
[OUTPUT] 2026-07-12T07:08:24.622269 skip_listing [train]:   20,500/25,201 checked (81%)  —  2044 checks/s  —  ETA 2s  —  0 failed so far
[OUTPUT] 2026-07-12T07:08:24.874531 skip_listing [train]:   21,000/25,201 checked (83%)  —  2042 checks/s  —  ETA 2s  —  0 failed so far
[OUTPUT] 2026-07-12T07:08:25.119080 skip_listing [train]:   21,500/25,201 checked (85%)  —  2042 checks/s  —  ETA 2s  —  0 failed so far
[OUTPUT] 2026-07-12T07:08:25.361882 skip_listing [train]:   22,000/25,201 checked (87%)  —  2043 checks/s  —  ETA 2s  —  0 failed so far
[OUTPUT] 2026-07-12T07:08:25.594775 skip_listing [train]:   22,500/25,201 checked (89%)  —  2045 checks/s  —  ETA 1s  —  0 failed so far
[OUTPUT] 2026-07-12T07:08:25.829112 skip_listing [train]:   23,000/25,201 checked (91%)  —  2047 checks/s  —  ETA 1s  —  0 failed so far
[OUTPUT] 2026-07-12T07:08:26.058039 skip_listing [train]:   23,500/25,201 checked (93%)  —  2050 checks/s  —  ETA 1s  —  0 failed so far
[OUTPUT] 2026-07-12T07:08:26.280560 skip_listing [train]:   24,000/25,201 checked (95%)  —  2053 checks/s  —  ETA 1s  —  0 failed so far
[OUTPUT] 2026-07-12T07:08:26.498224 skip_listing [train]:   24,500/25,201 checked (97%)  —  2058 checks/s  —  ETA 0s  —  0 failed so far
[OUTPUT] 2026-07-12T07:08:26.726791 skip_listing [train]:   25,000/25,201 checked (99%)  —  2060 checks/s  —  ETA 0s  —  0 failed so far
[OUTPUT] 2026-07-12T07:08:26.825666 skip_listing [train]: validation complete — all 25,201 samples exist (12.2s, 2060 checks/s); 681,082 URIs ready for rank 0 (252,000,000 total across all ranks)
[OUTPUT] 2026-07-12T07:08:26.886960 File listing [train]: 252000000 files discovered, 681081 assigned to rank 0, completed in 13.83s
[OUTPUT] 2026-07-12T07:08:26.887199 skip_listing [valid]: generated 0 file URIs deterministically (0 total — validation disabled)
[OUTPUT] 2026-07-12T07:08:26.887245 File listing [valid]: 0 files discovered, 0 assigned to rank 0, completed in 0.00s
[OUTPUT] 2026-07-12T07:08:26.887278 Streamed file sharding: 252000000 train files across 370 ranks via round-robin (rank 0 shard: 681081 files)
[OUTPUT] 2026-07-12T07:08:26.907431 Max steps per epoch per rank: 10500000 = 1 * 252000000 / 24 (samples per file * local files / batch size)
[OUTPUT] 2026-07-12T07:08:29.618228 Reshard for epoch 1: 681081 train files, 0 eval files redistributed via alltoall in 2.71s
[OUTPUT] 2026-07-12T07:08:30.902466 Worker pre-warm complete (0 workers spawned)
[OUTPUT] 2026-07-12T07:08:31.558375 Starting epoch 1: 28378 steps expected
[OUTPUT] 2026-07-12T07:08:31.559126 Starting block 1
[OUTPUT] 2026-07-12T07:33:56.466177 Ending block 1 - 28378 steps completed in 1524.91 s
[OUTPUT] 2026-07-12T07:33:56.469978 Epoch 1 - Block 1 [Training] Accelerator Utilization [AU] (%): 88.6809
[OUTPUT] 2026-07-12T07:33:56.470025 Epoch 1 - Block 1 [Training] Throughput (samples/second): 165310.2088
[OUTPUT] 2026-07-12T07:33:56.474329 Epoch 1 - Block 1 [Training] Computation time per step (second): 0.0476+/-0.0000 (set value: {'mean': 0.04755})
[OUTPUT] 2026-07-12T07:33:58.662264 Ending epoch 1 - 28378 steps completed in 1527.10 s
[OUTPUT] 2026-07-12T07:33:59.097996 Reshard for epoch 2: 681081 train files, 0 eval files redistributed via alltoall in 0.43s
[OUTPUT] 2026-07-12T07:34:00.243341 Worker pre-warm complete for epoch 2 (0 workers spawned)
[OUTPUT] 2026-07-12T07:34:00.584990 Starting epoch 2: 28378 steps expected
[OUTPUT] 2026-07-12T07:34:00.585780 Starting block 1
[OUTPUT] 2026-07-12T07:59:13.260469 Ending block 1 - 28378 steps completed in 1512.67 s
[OUTPUT] 2026-07-12T07:59:13.265144 Epoch 2 - Block 1 [Training] Accelerator Utilization [AU] (%): 89.3998
[OUTPUT] 2026-07-12T07:59:13.265222 Epoch 2 - Block 1 [Training] Throughput (samples/second): 166648.3039
[OUTPUT] 2026-07-12T07:59:13.267223 Epoch 2 - Block 1 [Training] Computation time per step (second): 0.0476+/-0.0000 (set value: {'mean': 0.04755})
[OUTPUT] 2026-07-12T07:59:22.331808 Ending epoch 2 - 28378 steps completed in 1521.75 s
[OUTPUT] 2026-07-12T07:59:22.720577 Reshard for epoch 3: 681081 train files, 0 eval files redistributed via alltoall in 0.39s
[OUTPUT] 2026-07-12T07:59:23.640044 Worker pre-warm complete for epoch 3 (0 workers spawned)
[OUTPUT] 2026-07-12T07:59:24.160009 Starting epoch 3: 28378 steps expected
[OUTPUT] 2026-07-12T07:59:24.161657 Starting block 1
[OUTPUT] 2026-07-12T08:24:50.781465 Ending block 1 - 28378 steps completed in 1526.62 s
[OUTPUT] 2026-07-12T08:24:50.783474 Epoch 3 - Block 1 [Training] Accelerator Utilization [AU] (%): 88.5780
[OUTPUT] 2026-07-12T08:24:50.783520 Epoch 3 - Block 1 [Training] Throughput (samples/second): 165117.9116
[OUTPUT] 2026-07-12T08:24:50.785407 Epoch 3 - Block 1 [Training] Computation time per step (second): 0.0476+/-0.0000 (set value: {'mean': 0.04755})
[OUTPUT] 2026-07-12T08:24:55.046945 Ending epoch 3 - 28378 steps completed in 1530.89 s
[OUTPUT] 2026-07-12T08:24:55.335842 Reshard for epoch 4: 681081 train files, 0 eval files redistributed via alltoall in 0.29s
[OUTPUT] 2026-07-12T08:24:56.317569 Worker pre-warm complete for epoch 4 (0 workers spawned)
[OUTPUT] 2026-07-12T08:24:56.812700 Starting epoch 4: 28378 steps expected
[OUTPUT] 2026-07-12T08:24:56.813514 Starting block 1
[OUTPUT] 2026-07-12T08:50:13.275597 Ending block 1 - 28378 steps completed in 1516.46 s
[OUTPUT] 2026-07-12T08:50:13.277494 Epoch 4 - Block 1 [Training] Accelerator Utilization [AU] (%): 89.1708
[OUTPUT] 2026-07-12T08:50:13.277536 Epoch 4 - Block 1 [Training] Throughput (samples/second): 166225.9168
[OUTPUT] 2026-07-12T08:50:13.279381 Epoch 4 - Block 1 [Training] Computation time per step (second): 0.0476+/-0.0000 (set value: {'mean': 0.04755})
[OUTPUT] 2026-07-12T08:50:14.455759 Ending epoch 4 - 28378 steps completed in 1517.64 s
[OUTPUT] 2026-07-12T08:50:14.703539 Reshard for epoch 5: 681081 train files, 0 eval files redistributed via alltoall in 0.25s
[OUTPUT] 2026-07-12T08:50:15.709123 Worker pre-warm complete for epoch 5 (0 workers spawned)
[OUTPUT] 2026-07-12T08:50:16.247095 Starting epoch 5: 28378 steps expected
[OUTPUT] 2026-07-12T08:50:16.247957 Starting block 1
[OUTPUT] 2026-07-12T09:15:29.152699 Ending block 1 - 28378 steps completed in 1512.90 s
[OUTPUT] 2026-07-12T09:15:29.154524 Epoch 5 - Block 1 [Training] Accelerator Utilization [AU] (%): 89.3776
[OUTPUT] 2026-07-12T09:15:29.154567 Epoch 5 - Block 1 [Training] Throughput (samples/second): 166612.3072
[OUTPUT] 2026-07-12T09:15:29.156419 Epoch 5 - Block 1 [Training] Computation time per step (second): 0.0476+/-0.0000 (set value: {'mean': 0.04755})
[OUTPUT] 2026-07-12T09:15:42.884177 Ending epoch 5 - 28378 steps completed in 1526.64 s
[OUTPUT] 2026-07-12T09:15:43.147373 Reshard for epoch 6: 681081 train files, 0 eval files redistributed via alltoall in 0.26s
[OUTPUT] 2026-07-12T09:15:44.165623 Worker pre-warm complete for epoch 6 (0 workers spawned)
[OUTPUT] 2026-07-12T09:15:44.659493 Starting epoch 6: 28378 steps expected
[OUTPUT] 2026-07-12T09:15:44.660300 Starting block 1
[OUTPUT] 2026-07-12T09:41:07.419536 Ending block 1 - 28378 steps completed in 1522.76 s
[OUTPUT] 2026-07-12T09:41:07.421265 Epoch 6 - Block 1 [Training] Accelerator Utilization [AU] (%): 88.8020
[OUTPUT] 2026-07-12T09:41:07.421305 Epoch 6 - Block 1 [Training] Throughput (samples/second): 165539.1038
[OUTPUT] 2026-07-12T09:41:07.423160 Epoch 6 - Block 1 [Training] Computation time per step (second): 0.0476+/-0.0000 (set value: {'mean': 0.04755})
[OUTPUT] 2026-07-12T09:41:12.870980 Ending epoch 6 - 28378 steps completed in 1528.21 s
[OUTPUT] 2026-07-12T09:41:13.150280 Reshard for epoch 7: 681081 train files, 0 eval files redistributed via alltoall in 0.28s
[OUTPUT] 2026-07-12T09:41:14.209303 Worker pre-warm complete for epoch 7 (0 workers spawned)
[OUTPUT] 2026-07-12T09:41:14.662417 Starting epoch 7: 28378 steps expected
[OUTPUT] 2026-07-12T09:41:14.663231 Starting block 1
[OUTPUT] 2026-07-12T10:06:46.896862 Ending block 1 - 28378 steps completed in 1532.23 s
[OUTPUT] 2026-07-12T10:06:46.898673 Epoch 7 - Block 1 [Training] Accelerator Utilization [AU] (%): 88.2518
[OUTPUT] 2026-07-12T10:06:46.898716 Epoch 7 - Block 1 [Training] Throughput (samples/second): 164512.4053
[OUTPUT] 2026-07-12T10:06:46.900575 Epoch 7 - Block 1 [Training] Computation time per step (second): 0.0476+/-0.0000 (set value: {'mean': 0.04755})
[OUTPUT] 2026-07-12T10:06:51.687880 Ending epoch 7 - 28378 steps completed in 1537.03 s
[OUTPUT] 2026-07-12T10:06:51.953393 Reshard for epoch 8: 681081 train files, 0 eval files redistributed via alltoall in 0.26s
[OUTPUT] 2026-07-12T10:06:53.058582 Worker pre-warm complete for epoch 8 (0 workers spawned)
[OUTPUT] 2026-07-12T10:06:53.475259 Starting epoch 8: 28378 steps expected
[OUTPUT] 2026-07-12T10:06:53.476131 Starting block 1
[OUTPUT] 2026-07-12T10:31:56.777708 Ending block 1 - 28378 steps completed in 1503.30 s
[OUTPUT] 2026-07-12T10:31:56.779465 Epoch 8 - Block 1 [Training] Accelerator Utilization [AU] (%): 89.9504
[OUTPUT] 2026-07-12T10:31:56.779504 Epoch 8 - Block 1 [Training] Throughput (samples/second): 167680.1852
[OUTPUT] 2026-07-12T10:31:56.781352 Epoch 8 - Block 1 [Training] Computation time per step (second): 0.0476+/-0.0000 (set value: {'mean': 0.04755})
[OUTPUT] 2026-07-12T10:31:59.133716 Ending epoch 8 - 28378 steps completed in 1505.66 s
[OUTPUT] 2026-07-12T10:31:59.390577 Reshard for epoch 9: 681081 train files, 0 eval files redistributed via alltoall in 0.26s
[OUTPUT] 2026-07-12T10:32:00.335475 Worker pre-warm complete for epoch 9 (0 workers spawned)
[OUTPUT] 2026-07-12T10:32:00.895755 Saved outputs in /home/opc/mlps-6n10-retinanet-submission/closed/nvidia/results/aistore-6n-oci-bm-denseio-e5-128-10client/training/retinanet/run/20260712_070758
[OUTPUT] Averaged metric over all steps/epochs
[METRIC] ==========================================================
[METRIC] Number of Simulated Accelerators: 370 
[METRIC] Training Accelerator Utilization [AU] (%): 88.9173 (0.5030)
[METRIC] Training Throughput (samples/second): 165756.8215 (937.6780)
[METRIC] Training I/O Throughput (MiB/second): 51052.4042 (288.8009)
[METRIC] train_au_meet_expectation: success
[METRIC] ==========================================================

[OUTPUT] 2026-07-12T10:32:01.341238 outputs saved in RANKID_output.json
