[OUTPUT] [DEBUG DLIOBenchmark.__init__] After LoadConfig:
[OUTPUT]   storage_type   = <StorageType.LOCAL_FS: 'local_fs'>
[OUTPUT]   storage_root   = './'
[OUTPUT]   storage_options= None
[OUTPUT]   data_folder    = '/mlperf-storage/mlpstorage_run/unet3d_data/unet3d'
[OUTPUT]   framework      = <FrameworkType.PYTORCH: 'pytorch'>
[OUTPUT]   num_files_train= 450002
[OUTPUT]   record_length  = 146600628
[OUTPUT]   generate_data  = False
[OUTPUT]   do_train       = True
[OUTPUT]   do_checkpoint  = False
[OUTPUT]   epochs         = 5
[OUTPUT]   batch_size     = 7
[OUTPUT] 2026-07-22T12:00:03.896086 Running DLIO [Training] with 16 process(es)
[OUTPUT] 2026-07-22T12:00:04.128046 skip_listing [train]: validating 4,502 of 450,002 files (first, last, every 100) via HEAD requests ...
[OUTPUT] 2026-07-22T12:00:04.545955 skip_listing [train]:   450/4,502 checked (10%)  —  1077 checks/s  —  ETA 4s  —  0 failed so far
[OUTPUT] 2026-07-22T12:00:04.956800 skip_listing [train]:   900/4,502 checked (20%)  —  1086 checks/s  —  ETA 3s  —  0 failed so far
[OUTPUT] 2026-07-22T12:00:05.367366 skip_listing [train]:   1,350/4,502 checked (30%)  —  1089 checks/s  —  ETA 3s  —  0 failed so far
[OUTPUT] 2026-07-22T12:00:05.771990 skip_listing [train]:   1,800/4,502 checked (40%)  —  1095 checks/s  —  ETA 2s  —  0 failed so far
[OUTPUT] 2026-07-22T12:00:06.222525 skip_listing [train]:   2,250/4,502 checked (50%)  —  1074 checks/s  —  ETA 2s  —  0 failed so far
[OUTPUT] 2026-07-22T12:00:06.702640 skip_listing [train]:   2,700/4,502 checked (60%)  —  1049 checks/s  —  ETA 2s  —  0 failed so far
[OUTPUT] 2026-07-22T12:00:07.183343 skip_listing [train]:   3,150/4,502 checked (70%)  —  1031 checks/s  —  ETA 1s  —  0 failed so far
[OUTPUT] 2026-07-22T12:00:07.805576 skip_listing [train]:   3,600/4,502 checked (80%)  —  979 checks/s  —  ETA 1s  —  0 failed so far
[OUTPUT] 2026-07-22T12:00:08.279450 skip_listing [train]:   4,050/4,502 checked (90%)  —  976 checks/s  —  ETA 0s  —  0 failed so far
[OUTPUT] 2026-07-22T12:00:08.759613 skip_listing [train]:   4,500/4,502 checked (100%)  —  972 checks/s  —  ETA 0s  —  0 failed so far
[OUTPUT] 2026-07-22T12:00:08.761002 skip_listing [train]: validation complete — all 4,502 samples exist (4.6s, 972 checks/s); 28,126 URIs ready for rank 0 (450,002 total across all ranks)
[OUTPUT] 2026-07-22T12:00:08.762293 File listing [train]: 450002 files discovered, 28125 assigned to rank 0, completed in 4.69s
[OUTPUT] 2026-07-22T12:00:08.762370 skip_listing [valid]: generated 0 file URIs deterministically (0 total — validation disabled)
[OUTPUT] 2026-07-22T12:00:08.762408 File listing [valid]: 0 files discovered, 0 assigned to rank 0, completed in 0.00s
[OUTPUT] 2026-07-22T12:00:08.762439 Streamed file sharding: 450002 train files across 16 ranks via round-robin (rank 0 shard: 28125 files)
[OUTPUT] 2026-07-22T12:00:09.611126 Max steps per epoch per rank: 64286 = 1 * 450002 / 7 (samples per file * local files / batch size)
[OUTPUT] 2026-07-22T12:00:09.684742 Reshard for epoch 1: 28125 train files, 0 eval files redistributed via alltoall in 0.07s
[OUTPUT] 2026-07-22T12:00:27.501335 Worker pre-warm complete (96 workers spawned)
[OUTPUT] 2026-07-22T12:00:28.142573 Starting epoch 1: 4017 steps expected
[OUTPUT] 2026-07-22T12:00:28.142844 Starting block 1
[OUTPUT] 2026-07-22T12:11:57.958634 Ending block 1 - 4017 steps completed in 689.82 s
[OUTPUT] 2026-07-22T12:11:58.125273 Epoch 1 - Block 1 [Training] Accelerator Utilization [AU] (%): 96.3200
[OUTPUT] 2026-07-22T12:11:58.125331 Epoch 1 - Block 1 [Training] Throughput (samples/second): 665.4593
[OUTPUT] 2026-07-22T12:11:58.127214 Epoch 1 - Block 1 [Training] Computation time per step (second): 0.1621+/-0.0000 (set value: {'mean': 0.162})
[OUTPUT] 2026-07-22T12:11:58.128555 Ending epoch 1 - 4017 steps completed in 689.99 s
[OUTPUT] 2026-07-22T12:11:58.151572 Reshard for epoch 2: 28125 train files, 0 eval files redistributed via alltoall in 0.02s
[OUTPUT] 2026-07-22T12:12:13.822085 Worker pre-warm complete for epoch 2 (96 workers spawned)
[OUTPUT] 2026-07-22T12:12:18.278719 Starting epoch 2: 4017 steps expected
[OUTPUT] 2026-07-22T12:12:18.279093 Starting block 1
[OUTPUT] 2026-07-22T12:23:47.719838 Ending block 1 - 4017 steps completed in 689.44 s
[OUTPUT] 2026-07-22T12:23:47.875152 Epoch 2 - Block 1 [Training] Accelerator Utilization [AU] (%): 96.3088
[OUTPUT] 2026-07-22T12:23:47.875216 Epoch 2 - Block 1 [Training] Throughput (samples/second): 665.3884
[OUTPUT] 2026-07-22T12:23:47.875655 Epoch 2 - Block 1 [Training] Computation time per step (second): 0.1621+/-0.0000 (set value: {'mean': 0.162})
[OUTPUT] 2026-07-22T12:23:47.877265 Ending epoch 2 - 4017 steps completed in 689.60 s
[OUTPUT] 2026-07-22T12:23:47.909311 Reshard for epoch 3: 28125 train files, 0 eval files redistributed via alltoall in 0.03s
[OUTPUT] 2026-07-22T12:24:02.841980 Worker pre-warm complete for epoch 3 (96 workers spawned)
[OUTPUT] 2026-07-22T12:24:07.371671 Starting epoch 3: 4017 steps expected
[OUTPUT] 2026-07-22T12:24:07.372114 Starting block 1
[OUTPUT] 2026-07-22T12:35:37.759630 Ending block 1 - 4017 steps completed in 690.39 s
[OUTPUT] 2026-07-22T12:35:37.915007 Epoch 3 - Block 1 [Training] Accelerator Utilization [AU] (%): 96.2811
[OUTPUT] 2026-07-22T12:35:37.915072 Epoch 3 - Block 1 [Training] Throughput (samples/second): 665.1882
[OUTPUT] 2026-07-22T12:35:37.915456 Epoch 3 - Block 1 [Training] Computation time per step (second): 0.1621+/-0.0000 (set value: {'mean': 0.162})
[OUTPUT] 2026-07-22T12:35:37.916617 Ending epoch 3 - 4017 steps completed in 690.54 s
[OUTPUT] 2026-07-22T12:35:37.945025 Reshard for epoch 4: 28125 train files, 0 eval files redistributed via alltoall in 0.03s
[OUTPUT] 2026-07-22T12:35:53.691881 Worker pre-warm complete for epoch 4 (96 workers spawned)
[OUTPUT] 2026-07-22T12:35:58.190807 Starting epoch 4: 4017 steps expected
[OUTPUT] 2026-07-22T12:35:58.191187 Starting block 1
[OUTPUT] 2026-07-22T12:47:31.050184 Ending block 1 - 4017 steps completed in 692.86 s
[OUTPUT] 2026-07-22T12:47:31.210955 Epoch 4 - Block 1 [Training] Accelerator Utilization [AU] (%): 95.8416
[OUTPUT] 2026-07-22T12:47:31.211028 Epoch 4 - Block 1 [Training] Throughput (samples/second): 662.1578
[OUTPUT] 2026-07-22T12:47:31.211439 Epoch 4 - Block 1 [Training] Computation time per step (second): 0.1621+/-0.0000 (set value: {'mean': 0.162})
[OUTPUT] 2026-07-22T12:47:31.213106 Ending epoch 4 - 4017 steps completed in 693.02 s
[OUTPUT] 2026-07-22T12:47:31.237985 Reshard for epoch 5: 28125 train files, 0 eval files redistributed via alltoall in 0.02s
[OUTPUT] 2026-07-22T12:47:47.033933 Worker pre-warm complete for epoch 5 (96 workers spawned)
[OUTPUT] 2026-07-22T12:47:51.577439 Starting epoch 5: 4017 steps expected
[OUTPUT] 2026-07-22T12:47:51.577808 Starting block 1
[OUTPUT] 2026-07-22T12:59:31.426863 Ending block 1 - 4017 steps completed in 699.85 s
[OUTPUT] 2026-07-22T12:59:31.585233 Epoch 5 - Block 1 [Training] Accelerator Utilization [AU] (%): 94.8477
[OUTPUT] 2026-07-22T12:59:31.585318 Epoch 5 - Block 1 [Training] Throughput (samples/second): 655.2651
[OUTPUT] 2026-07-22T12:59:31.585758 Epoch 5 - Block 1 [Training] Computation time per step (second): 0.1621+/-0.0000 (set value: {'mean': 0.162})
[OUTPUT] 2026-07-22T12:59:31.587130 Ending epoch 5 - 4017 steps completed in 700.01 s
[OUTPUT] 2026-07-22T12:59:31.622113 Reshard for epoch 6: 28125 train files, 0 eval files redistributed via alltoall in 0.03s
[OUTPUT] 2026-07-22T12:59:47.555629 Worker pre-warm complete for epoch 6 (96 workers spawned)
[OUTPUT] 2026-07-22T12:59:47.932328 Saved outputs in /submission/submission_Microsoft_training/closed/Microsoft/results/AMLFS-Durable-Premium-20-4800TiB-16-Standard_D192ds_v6/training/unet3d/run/20260722_115837
[OUTPUT] Averaged metric over all steps/epochs
[METRIC] ==========================================================
[METRIC] Number of Simulated Accelerators: 16 
[METRIC] Training Accelerator Utilization [AU] (%): 95.6626 (0.5468)
[METRIC] Training Throughput (samples/second): 660.9019 (3.7847)
[METRIC] Training I/O Throughput (MiB/second): 92400.2066 (529.1304)
[METRIC] train_au_meet_expectation: success
[METRIC] ==========================================================

[OUTPUT] 2026-07-22T12:59:50.999022 outputs saved in RANKID_output.json
