[OUTPUT] [DEBUG DLIOBenchmark.__init__] After LoadConfig:
[OUTPUT]   storage_type   = <StorageType.LOCAL_FS: 'local_fs'>
[OUTPUT]   storage_root   = './'
[OUTPUT]   storage_options= None
[OUTPUT]   data_folder    = '/mnt/glfs/GalaxSphere-3Tier0/training/retinanet'
[OUTPUT]   framework      = <FrameworkType.PYTORCH: 'pytorch'>
[OUTPUT]   num_files_train= 15958659
[OUTPUT]   record_length  = 322957
[OUTPUT]   generate_data  = False
[OUTPUT]   do_train       = True
[OUTPUT]   do_checkpoint  = False
[OUTPUT]   epochs         = 8
[OUTPUT]   batch_size     = 24
[OUTPUT] 2026-07-13T20:51:06.434421 Running DLIO [Training] with 153 process(es)
[OUTPUT] 2026-07-13T20:51:06.701526 skip_listing [train]: validating 15,960 of 15,958,659 files (first, last, every 1,000) via HEAD requests ...
[OUTPUT] 2026-07-13T20:51:06.705979 skip_listing [train]:   500/15,960 checked (3%)  —  116470 checks/s  —  ETA 0s  —  0 failed so far
[OUTPUT] 2026-07-13T20:51:06.708536 skip_listing [train]:   1,000/15,960 checked (6%)  —  145960 checks/s  —  ETA 0s  —  0 failed so far
[OUTPUT] 2026-07-13T20:51:06.711026 skip_listing [train]:   1,500/15,960 checked (9%)  —  160562 checks/s  —  ETA 0s  —  0 failed so far
[OUTPUT] 2026-07-13T20:51:06.713499 skip_listing [train]:   2,000/15,960 checked (13%)  —  169268 checks/s  —  ETA 0s  —  0 failed so far
[OUTPUT] 2026-07-13T20:51:06.715966 skip_listing [train]:   2,500/15,960 checked (16%)  —  175040 checks/s  —  ETA 0s  —  0 failed so far
[OUTPUT] 2026-07-13T20:51:06.718433 skip_listing [train]:   3,000/15,960 checked (19%)  —  179098 checks/s  —  ETA 0s  —  0 failed so far
[OUTPUT] 2026-07-13T20:51:06.720907 skip_listing [train]:   3,500/15,960 checked (22%)  —  182067 checks/s  —  ETA 0s  —  0 failed so far
[OUTPUT] 2026-07-13T20:51:06.723382 skip_listing [train]:   4,000/15,960 checked (25%)  —  184343 checks/s  —  ETA 0s  —  0 failed so far
[OUTPUT] 2026-07-13T20:51:06.725842 skip_listing [train]:   4,500/15,960 checked (28%)  —  186263 checks/s  —  ETA 0s  —  0 failed so far
[OUTPUT] 2026-07-13T20:51:06.728314 skip_listing [train]:   5,000/15,960 checked (31%)  —  187749 checks/s  —  ETA 0s  —  0 failed so far
[OUTPUT] 2026-07-13T20:51:06.730775 skip_listing [train]:   5,500/15,960 checked (34%)  —  189052 checks/s  —  ETA 0s  —  0 failed so far
[OUTPUT] 2026-07-13T20:51:06.733241 skip_listing [train]:   6,000/15,960 checked (38%)  —  190124 checks/s  —  ETA 0s  —  0 failed so far
[OUTPUT] 2026-07-13T20:51:06.735740 skip_listing [train]:   6,500/15,960 checked (41%)  —  190857 checks/s  —  ETA 0s  —  0 failed so far
[OUTPUT] 2026-07-13T20:51:06.738240 skip_listing [train]:   7,000/15,960 checked (44%)  —  191480 checks/s  —  ETA 0s  —  0 failed so far
[OUTPUT] 2026-07-13T20:51:06.740736 skip_listing [train]:   7,500/15,960 checked (47%)  —  192048 checks/s  —  ETA 0s  —  0 failed so far
[OUTPUT] 2026-07-13T20:51:06.743223 skip_listing [train]:   8,000/15,960 checked (50%)  —  192583 checks/s  —  ETA 0s  —  0 failed so far
[OUTPUT] 2026-07-13T20:51:06.745719 skip_listing [train]:   8,500/15,960 checked (53%)  —  193022 checks/s  —  ETA 0s  —  0 failed so far
[OUTPUT] 2026-07-13T20:51:06.748205 skip_listing [train]:   9,000/15,960 checked (56%)  —  193457 checks/s  —  ETA 0s  —  0 failed so far
[OUTPUT] 2026-07-13T20:51:06.750689 skip_listing [train]:   9,500/15,960 checked (60%)  —  193853 checks/s  —  ETA 0s  —  0 failed so far
[OUTPUT] 2026-07-13T20:51:06.753184 skip_listing [train]:   10,000/15,960 checked (63%)  —  194169 checks/s  —  ETA 0s  —  0 failed so far
[OUTPUT] 2026-07-13T20:51:06.755670 skip_listing [train]:   10,500/15,960 checked (66%)  —  194489 checks/s  —  ETA 0s  —  0 failed so far
[OUTPUT] 2026-07-13T20:51:06.758157 skip_listing [train]:   11,000/15,960 checked (69%)  —  194778 checks/s  —  ETA 0s  —  0 failed so far
[OUTPUT] 2026-07-13T20:51:06.760636 skip_listing [train]:   11,500/15,960 checked (72%)  —  195082 checks/s  —  ETA 0s  —  0 failed so far
[OUTPUT] 2026-07-13T20:51:06.763125 skip_listing [train]:   12,000/15,960 checked (75%)  —  195307 checks/s  —  ETA 0s  —  0 failed so far
[OUTPUT] 2026-07-13T20:51:06.765597 skip_listing [train]:   12,500/15,960 checked (78%)  —  195574 checks/s  —  ETA 0s  —  0 failed so far
[OUTPUT] 2026-07-13T20:51:06.768062 skip_listing [train]:   13,000/15,960 checked (81%)  —  195846 checks/s  —  ETA 0s  —  0 failed so far
[OUTPUT] 2026-07-13T20:51:06.770539 skip_listing [train]:   13,500/15,960 checked (85%)  —  196060 checks/s  —  ETA 0s  —  0 failed so far
[OUTPUT] 2026-07-13T20:51:06.773012 skip_listing [train]:   14,000/15,960 checked (88%)  —  196273 checks/s  —  ETA 0s  —  0 failed so far
[OUTPUT] 2026-07-13T20:51:06.775486 skip_listing [train]:   14,500/15,960 checked (91%)  —  196470 checks/s  —  ETA 0s  —  0 failed so far
[OUTPUT] 2026-07-13T20:51:06.777955 skip_listing [train]:   15,000/15,960 checked (94%)  —  196665 checks/s  —  ETA 0s  —  0 failed so far
[OUTPUT] 2026-07-13T20:51:06.780432 skip_listing [train]:   15,500/15,960 checked (97%)  —  196827 checks/s  —  ETA 0s  —  0 failed so far
[OUTPUT] 2026-07-13T20:51:06.782760 skip_listing [train]: validation complete — all 15,960 samples exist (0.1s, 196850 checks/s); 104,305 URIs ready for rank 0 (15,958,659 total across all ranks)
[OUTPUT] 2026-07-13T20:51:06.783427 File listing [train]: 15958659 files discovered, 104304 assigned to rank 0, completed in 0.32s
[OUTPUT] 2026-07-13T20:51:06.783456 skip_listing [valid]: generated 0 file URIs deterministically (0 total — validation disabled)
[OUTPUT] 2026-07-13T20:51:06.783473 File listing [valid]: 0 files discovered, 0 assigned to rank 0, completed in 0.00s
[OUTPUT] 2026-07-13T20:51:06.783489 Streamed file sharding: 15958659 train files across 153 ranks via round-robin (rank 0 shard: 104304 files)
[OUTPUT] 2026-07-13T20:51:43.254361 Max steps per epoch per rank: 664944 = 1 * 15958659 / 24 (samples per file * local files / batch size)
[OUTPUT] 2026-07-13T20:51:44.701223 Reshard for epoch 1: 104304 train files, 0 eval files redistributed via alltoall in 1.45s
[OUTPUT] 2026-07-13T20:51:46.302120 Worker pre-warm complete (4 workers spawned)
[OUTPUT] 2026-07-13T20:51:51.339374 Starting epoch 1: 4346 steps expected
[OUTPUT] 2026-07-13T20:51:51.339837 Starting block 1
[OUTPUT] 2026-07-13T20:55:54.918218 Ending block 1 - 4346 steps completed in 243.58 s
[OUTPUT] 2026-07-13T20:55:54.920268 Epoch 1 - Block 1 [Training] Accelerator Utilization [AU] (%): 85.2432
[OUTPUT] 2026-07-13T20:55:54.920305 Epoch 1 - Block 1 [Training] Throughput (samples/second): 65729.1496
[OUTPUT] 2026-07-13T20:55:54.921064 Epoch 1 - Block 1 [Training] Computation time per step (second): 0.0476+/-0.0000 (set value: {'mean': 0.04755})
[OUTPUT] 2026-07-13T20:55:55.349695 Ending epoch 1 - 4346 steps completed in 244.01 s
[OUTPUT] 2026-07-13T20:55:56.581768 Reshard for epoch 2: 104304 train files, 0 eval files redistributed via alltoall in 1.23s
[OUTPUT] 2026-07-13T20:55:58.038335 Worker pre-warm complete for epoch 2 (4 workers spawned)
[OUTPUT] 2026-07-13T20:56:13.459020 Starting epoch 2: 4346 steps expected
[OUTPUT] 2026-07-13T20:56:13.459535 Starting block 1
[OUTPUT] 2026-07-13T21:00:17.361269 Ending block 1 - 4346 steps completed in 243.90 s
[OUTPUT] 2026-07-13T21:00:17.362529 Epoch 2 - Block 1 [Training] Accelerator Utilization [AU] (%): 85.1409
[OUTPUT] 2026-07-13T21:00:17.362565 Epoch 2 - Block 1 [Training] Throughput (samples/second): 65652.2166
[OUTPUT] 2026-07-13T21:00:17.362914 Epoch 2 - Block 1 [Training] Computation time per step (second): 0.0476+/-0.0000 (set value: {'mean': 0.04755})
[OUTPUT] 2026-07-13T21:00:17.796582 Ending epoch 2 - 4346 steps completed in 244.34 s
[OUTPUT] 2026-07-13T21:00:18.970212 Reshard for epoch 3: 104304 train files, 0 eval files redistributed via alltoall in 1.17s
[OUTPUT] 2026-07-13T21:00:20.384909 Worker pre-warm complete for epoch 3 (4 workers spawned)
[OUTPUT] 2026-07-13T21:00:35.521729 Starting epoch 3: 4346 steps expected
[OUTPUT] 2026-07-13T21:00:35.522306 Starting block 1
[OUTPUT] 2026-07-13T21:04:39.474863 Ending block 1 - 4346 steps completed in 243.95 s
[OUTPUT] 2026-07-13T21:04:39.476102 Epoch 3 - Block 1 [Training] Accelerator Utilization [AU] (%): 85.1125
[OUTPUT] 2026-07-13T21:04:39.478261 Epoch 3 - Block 1 [Training] Throughput (samples/second): 65629.0479
[OUTPUT] 2026-07-13T21:04:39.478672 Epoch 3 - Block 1 [Training] Computation time per step (second): 0.0476+/-0.0001 (set value: {'mean': 0.04755})
[OUTPUT] 2026-07-13T21:04:39.957349 Ending epoch 3 - 4346 steps completed in 244.44 s
[OUTPUT] 2026-07-13T21:04:41.149714 Reshard for epoch 4: 104304 train files, 0 eval files redistributed via alltoall in 1.19s
[OUTPUT] 2026-07-13T21:04:42.628833 Worker pre-warm complete for epoch 4 (4 workers spawned)
[OUTPUT] 2026-07-13T21:04:57.956859 Starting epoch 4: 4346 steps expected
[OUTPUT] 2026-07-13T21:04:57.957485 Starting block 1
[OUTPUT] 2026-07-13T21:09:01.762197 Ending block 1 - 4346 steps completed in 243.80 s
[OUTPUT] 2026-07-13T21:09:01.763588 Epoch 4 - Block 1 [Training] Accelerator Utilization [AU] (%): 85.1645
[OUTPUT] 2026-07-13T21:09:01.763648 Epoch 4 - Block 1 [Training] Throughput (samples/second): 65670.0638
[OUTPUT] 2026-07-13T21:09:01.763977 Epoch 4 - Block 1 [Training] Computation time per step (second): 0.0476+/-0.0000 (set value: {'mean': 0.04755})
[OUTPUT] 2026-07-13T21:09:02.283713 Ending epoch 4 - 4346 steps completed in 244.33 s
[OUTPUT] 2026-07-13T21:09:03.483701 Reshard for epoch 5: 104304 train files, 0 eval files redistributed via alltoall in 1.20s
[OUTPUT] 2026-07-13T21:09:05.006635 Worker pre-warm complete for epoch 5 (4 workers spawned)
[OUTPUT] 2026-07-13T21:09:20.400782 Starting epoch 5: 4346 steps expected
[OUTPUT] 2026-07-13T21:09:20.401233 Starting block 1
[OUTPUT] 2026-07-13T21:13:24.543767 Ending block 1 - 4346 steps completed in 244.14 s
[OUTPUT] 2026-07-13T21:13:24.545095 Epoch 5 - Block 1 [Training] Accelerator Utilization [AU] (%): 85.0500
[OUTPUT] 2026-07-13T21:13:24.546408 Epoch 5 - Block 1 [Training] Throughput (samples/second): 65581.6265
[OUTPUT] 2026-07-13T21:13:24.546762 Epoch 5 - Block 1 [Training] Computation time per step (second): 0.0476+/-0.0000 (set value: {'mean': 0.04755})
[OUTPUT] 2026-07-13T21:13:25.061713 Ending epoch 5 - 4346 steps completed in 244.66 s
[OUTPUT] 2026-07-13T21:13:26.259775 Reshard for epoch 6: 104304 train files, 0 eval files redistributed via alltoall in 1.20s
[OUTPUT] 2026-07-13T21:13:27.736763 Worker pre-warm complete for epoch 6 (4 workers spawned)
[OUTPUT] 2026-07-13T21:13:43.358828 Starting epoch 6: 4346 steps expected
[OUTPUT] 2026-07-13T21:13:43.359231 Starting block 1
[OUTPUT] 2026-07-13T21:17:47.267286 Ending block 1 - 4346 steps completed in 243.91 s
[OUTPUT] 2026-07-13T21:17:47.268440 Epoch 6 - Block 1 [Training] Accelerator Utilization [AU] (%): 85.1322
[OUTPUT] 2026-07-13T21:17:47.274686 Epoch 6 - Block 1 [Training] Throughput (samples/second): 65645.0726
[OUTPUT] 2026-07-13T21:17:47.275023 Epoch 6 - Block 1 [Training] Computation time per step (second): 0.0476+/-0.0000 (set value: {'mean': 0.04755})
[OUTPUT] 2026-07-13T21:17:47.807240 Ending epoch 6 - 4346 steps completed in 244.45 s
[OUTPUT] 2026-07-13T21:17:49.007263 Reshard for epoch 7: 104304 train files, 0 eval files redistributed via alltoall in 1.20s
[OUTPUT] 2026-07-13T21:17:50.521035 Worker pre-warm complete for epoch 7 (4 workers spawned)
[OUTPUT] 2026-07-13T21:18:05.938714 Starting epoch 7: 4346 steps expected
[OUTPUT] 2026-07-13T21:18:05.939209 Starting block 1
[OUTPUT] 2026-07-13T21:22:09.878191 Ending block 1 - 4346 steps completed in 243.94 s
[OUTPUT] 2026-07-13T21:22:09.879553 Epoch 7 - Block 1 [Training] Accelerator Utilization [AU] (%): 85.1268
[OUTPUT] 2026-07-13T21:22:09.879592 Epoch 7 - Block 1 [Training] Throughput (samples/second): 65641.0626
[OUTPUT] 2026-07-13T21:22:09.879897 Epoch 7 - Block 1 [Training] Computation time per step (second): 0.0476+/-0.0000 (set value: {'mean': 0.04755})
[OUTPUT] 2026-07-13T21:22:10.533171 Ending epoch 7 - 4346 steps completed in 244.59 s
[OUTPUT] 2026-07-13T21:22:11.762977 Reshard for epoch 8: 104304 train files, 0 eval files redistributed via alltoall in 1.23s
[OUTPUT] 2026-07-13T21:22:13.050567 Worker pre-warm complete for epoch 8 (4 workers spawned)
[OUTPUT] 2026-07-13T21:22:28.582299 Starting epoch 8: 4346 steps expected
[OUTPUT] 2026-07-13T21:22:28.582723 Starting block 1
[OUTPUT] 2026-07-13T21:26:32.535972 Ending block 1 - 4346 steps completed in 243.95 s
[OUTPUT] 2026-07-13T21:26:32.538742 Epoch 8 - Block 1 [Training] Accelerator Utilization [AU] (%): 85.1275
[OUTPUT] 2026-07-13T21:26:32.551753 Epoch 8 - Block 1 [Training] Throughput (samples/second): 65641.9179
[OUTPUT] 2026-07-13T21:26:32.552231 Epoch 8 - Block 1 [Training] Computation time per step (second): 0.0476+/-0.0000 (set value: {'mean': 0.04755})
[OUTPUT] 2026-07-13T21:26:33.092826 Ending epoch 8 - 4346 steps completed in 244.51 s
[OUTPUT] 2026-07-13T21:26:34.304713 Reshard for epoch 9: 104304 train files, 0 eval files redistributed via alltoall in 1.21s
[OUTPUT] 2026-07-13T21:26:35.381060 Worker pre-warm complete for epoch 9 (4 workers spawned)
[OUTPUT] 2026-07-13T21:26:36.097966 Saved outputs in /root/Suzhou_Zishan_Longlin/closed/Suzhou_Zishan_Longlin/results/GalaxSphere-3Tier0/training/retinanet/run/20260713_205026
[OUTPUT] Averaged metric over all steps/epochs
[METRIC] ==========================================================
[METRIC] Number of Simulated Accelerators: 153 
[METRIC] Training Accelerator Utilization [AU] (%): 85.0157 (0.0577)
[METRIC] Training Throughput (samples/second): 65553.9521 (43.8487)
[METRIC] Training I/O Throughput (MiB/second): 20190.3417 (13.5052)
[METRIC] train_au_meet_expectation: success
[METRIC] ==========================================================

[OUTPUT] 2026-07-13T21:26:36.562463 outputs saved in RANKID_output.json
