Warning: Permanently added '172.31.4.133' (ED25519) to the list of known hosts.
Warning: Permanently added '172.31.9.105' (ED25519) to the list of known hosts.
Warning: Permanently added '172.31.9.50' (ED25519) to the list of known hosts.
Warning: Permanently added '172.31.15.44' (ED25519) to the list of known hosts.
Warning: Permanently added '172.31.13.26' (ED25519) to the list of known hosts.
Warning: Permanently added '172.31.12.239' (ED25519) to the list of known hosts.
Warning: Permanently added '172.31.4.111' (ED25519) to the list of known hosts.
[OUTPUT] [DEBUG DLIOBenchmark.__init__] After LoadConfig:
[OUTPUT]   storage_type   = <StorageType.LOCAL_FS: 'local_fs'>
[OUTPUT]   storage_root   = './'
[OUTPUT]   storage_options= None
[OUTPUT]   data_folder    = '/mnt/alluxio/mlperf/unet3d'
[OUTPUT]   framework      = <FrameworkType.PYTORCH: 'pytorch'>
[OUTPUT]   num_files_train= 55500
[OUTPUT]   record_length  = 146600628
[OUTPUT]   generate_data  = False
[OUTPUT]   do_train       = True
[OUTPUT]   do_checkpoint  = False
[OUTPUT]   epochs         = 5
[OUTPUT]   batch_size     = 7
[OUTPUT] 2026-07-04T06:02:05.378440 Running DLIO [Training] with 8 process(es)
[OUTPUT] 2026-07-04T06:02:05.413324 skip_listing [train]: validating 55,500 of 55,500 files (first, last, every 1) via HEAD requests ...
[OUTPUT] 2026-07-04T06:02:06.270242 skip_listing [train]:   500/55,500 checked (1%)  —  584 checks/s  —  ETA 94s  —  0 failed so far
[OUTPUT] 2026-07-04T06:02:07.144586 skip_listing [train]:   1,000/55,500 checked (2%)  —  578 checks/s  —  ETA 94s  —  0 failed so far
[OUTPUT] 2026-07-04T06:02:08.030827 skip_listing [train]:   1,500/55,500 checked (3%)  —  573 checks/s  —  ETA 94s  —  0 failed so far
[OUTPUT] 2026-07-04T06:02:08.906770 skip_listing [train]:   2,000/55,500 checked (4%)  —  573 checks/s  —  ETA 93s  —  0 failed so far
[OUTPUT] 2026-07-04T06:02:09.791282 skip_listing [train]:   2,500/55,500 checked (5%)  —  571 checks/s  —  ETA 93s  —  0 failed so far
[OUTPUT] 2026-07-04T06:02:10.665174 skip_listing [train]:   3,000/55,500 checked (5%)  —  571 checks/s  —  ETA 92s  —  0 failed so far
[OUTPUT] 2026-07-04T06:02:11.443721 skip_listing [train]:   3,500/55,500 checked (6%)  —  580 checks/s  —  ETA 90s  —  0 failed so far
[OUTPUT] 2026-07-04T06:02:12.317278 skip_listing [train]:   4,000/55,500 checked (7%)  —  579 checks/s  —  ETA 89s  —  0 failed so far
[OUTPUT] 2026-07-04T06:02:13.180266 skip_listing [train]:   4,500/55,500 checked (8%)  —  579 checks/s  —  ETA 88s  —  0 failed so far
[OUTPUT] 2026-07-04T06:02:14.056013 skip_listing [train]:   5,000/55,500 checked (9%)  —  579 checks/s  —  ETA 87s  —  0 failed so far
[OUTPUT] 2026-07-04T06:02:14.934359 skip_listing [train]:   5,500/55,500 checked (10%)  —  578 checks/s  —  ETA 87s  —  0 failed so far
[OUTPUT] 2026-07-04T06:02:15.802718 skip_listing [train]:   6,000/55,500 checked (11%)  —  578 checks/s  —  ETA 86s  —  0 failed so far
[OUTPUT] 2026-07-04T06:02:16.668452 skip_listing [train]:   6,500/55,500 checked (12%)  —  578 checks/s  —  ETA 85s  —  0 failed so far
[OUTPUT] 2026-07-04T06:02:17.538281 skip_listing [train]:   7,000/55,500 checked (13%)  —  577 checks/s  —  ETA 84s  —  0 failed so far
[OUTPUT] 2026-07-04T06:02:18.432995 skip_listing [train]:   7,500/55,500 checked (14%)  —  576 checks/s  —  ETA 83s  —  0 failed so far
[OUTPUT] 2026-07-04T06:02:19.344323 skip_listing [train]:   8,000/55,500 checked (14%)  —  574 checks/s  —  ETA 83s  —  0 failed so far
[OUTPUT] 2026-07-04T06:02:20.246777 skip_listing [train]:   8,500/55,500 checked (15%)  —  573 checks/s  —  ETA 82s  —  0 failed so far
[OUTPUT] 2026-07-04T06:02:21.137773 skip_listing [train]:   9,000/55,500 checked (16%)  —  572 checks/s  —  ETA 81s  —  0 failed so far
[OUTPUT] 2026-07-04T06:02:21.876791 skip_listing [train]:   9,500/55,500 checked (17%)  —  577 checks/s  —  ETA 80s  —  0 failed so far
[OUTPUT] 2026-07-04T06:02:22.723093 skip_listing [train]:   10,000/55,500 checked (18%)  —  578 checks/s  —  ETA 79s  —  0 failed so far
[OUTPUT] 2026-07-04T06:02:23.620080 skip_listing [train]:   10,500/55,500 checked (19%)  —  577 checks/s  —  ETA 78s  —  0 failed so far
[OUTPUT] 2026-07-04T06:02:24.527606 skip_listing [train]:   11,000/55,500 checked (20%)  —  575 checks/s  —  ETA 77s  —  0 failed so far
[OUTPUT] 2026-07-04T06:02:25.454363 skip_listing [train]:   11,500/55,500 checked (21%)  —  574 checks/s  —  ETA 77s  —  0 failed so far
[OUTPUT] 2026-07-04T06:02:26.369700 skip_listing [train]:   12,000/55,500 checked (22%)  —  573 checks/s  —  ETA 76s  —  0 failed so far
[OUTPUT] 2026-07-04T06:02:27.281979 skip_listing [train]:   12,500/55,500 checked (23%)  —  572 checks/s  —  ETA 75s  —  0 failed so far
[OUTPUT] 2026-07-04T06:02:28.213240 skip_listing [train]:   13,000/55,500 checked (23%)  —  570 checks/s  —  ETA 75s  —  0 failed so far
[OUTPUT] 2026-07-04T06:02:29.134990 skip_listing [train]:   13,500/55,500 checked (24%)  —  569 checks/s  —  ETA 74s  —  0 failed so far
[OUTPUT] 2026-07-04T06:02:30.018122 skip_listing [train]:   14,000/55,500 checked (25%)  —  569 checks/s  —  ETA 73s  —  0 failed so far
[OUTPUT] 2026-07-04T06:02:30.904831 skip_listing [train]:   14,500/55,500 checked (26%)  —  569 checks/s  —  ETA 72s  —  0 failed so far
[OUTPUT] 2026-07-04T06:02:31.831674 skip_listing [train]:   15,000/55,500 checked (27%)  —  568 checks/s  —  ETA 71s  —  0 failed so far
[OUTPUT] 2026-07-04T06:02:32.641356 skip_listing [train]:   15,500/55,500 checked (28%)  —  569 checks/s  —  ETA 70s  —  0 failed so far
[OUTPUT] 2026-07-04T06:02:33.556597 skip_listing [train]:   16,000/55,500 checked (29%)  —  569 checks/s  —  ETA 69s  —  0 failed so far
[OUTPUT] 2026-07-04T06:02:34.469734 skip_listing [train]:   16,500/55,500 checked (30%)  —  568 checks/s  —  ETA 69s  —  0 failed so far
[OUTPUT] 2026-07-04T06:02:35.378379 skip_listing [train]:   17,000/55,500 checked (31%)  —  567 checks/s  —  ETA 68s  —  0 failed so far
[OUTPUT] 2026-07-04T06:02:36.295470 skip_listing [train]:   17,500/55,500 checked (32%)  —  567 checks/s  —  ETA 67s  —  0 failed so far
[OUTPUT] 2026-07-04T06:02:37.214127 skip_listing [train]:   18,000/55,500 checked (32%)  —  566 checks/s  —  ETA 66s  —  0 failed so far
[OUTPUT] 2026-07-04T06:02:38.140261 skip_listing [train]:   18,500/55,500 checked (33%)  —  565 checks/s  —  ETA 65s  —  0 failed so far
[OUTPUT] 2026-07-04T06:02:39.071274 skip_listing [train]:   19,000/55,500 checked (34%)  —  565 checks/s  —  ETA 65s  —  0 failed so far
[OUTPUT] 2026-07-04T06:02:39.999675 skip_listing [train]:   19,500/55,500 checked (35%)  —  564 checks/s  —  ETA 64s  —  0 failed so far
[OUTPUT] 2026-07-04T06:02:40.923138 skip_listing [train]:   20,000/55,500 checked (36%)  —  563 checks/s  —  ETA 63s  —  0 failed so far
[OUTPUT] 2026-07-04T06:02:41.854257 skip_listing [train]:   20,500/55,500 checked (37%)  —  563 checks/s  —  ETA 62s  —  0 failed so far
[OUTPUT] 2026-07-04T06:02:42.779701 skip_listing [train]:   21,000/55,500 checked (38%)  —  562 checks/s  —  ETA 61s  —  0 failed so far
[OUTPUT] 2026-07-04T06:02:43.589706 skip_listing [train]:   21,500/55,500 checked (39%)  —  563 checks/s  —  ETA 60s  —  0 failed so far
[OUTPUT] 2026-07-04T06:02:44.520003 skip_listing [train]:   22,000/55,500 checked (40%)  —  563 checks/s  —  ETA 60s  —  0 failed so far
[OUTPUT] 2026-07-04T06:02:45.441125 skip_listing [train]:   22,500/55,500 checked (41%)  —  562 checks/s  —  ETA 59s  —  0 failed so far
[OUTPUT] 2026-07-04T06:02:46.360049 skip_listing [train]:   23,000/55,500 checked (41%)  —  562 checks/s  —  ETA 58s  —  0 failed so far
[OUTPUT] 2026-07-04T06:02:47.287883 skip_listing [train]:   23,500/55,500 checked (42%)  —  561 checks/s  —  ETA 57s  —  0 failed so far
[OUTPUT] 2026-07-04T06:02:48.208312 skip_listing [train]:   24,000/55,500 checked (43%)  —  561 checks/s  —  ETA 56s  —  0 failed so far
[OUTPUT] 2026-07-04T06:02:49.156394 skip_listing [train]:   24,500/55,500 checked (44%)  —  560 checks/s  —  ETA 55s  —  0 failed so far
[OUTPUT] 2026-07-04T06:02:50.079667 skip_listing [train]:   25,000/55,500 checked (45%)  —  560 checks/s  —  ETA 54s  —  0 failed so far
[OUTPUT] 2026-07-04T06:02:50.993348 skip_listing [train]:   25,500/55,500 checked (46%)  —  559 checks/s  —  ETA 54s  —  0 failed so far
[OUTPUT] 2026-07-04T06:02:51.905168 skip_listing [train]:   26,000/55,500 checked (47%)  —  559 checks/s  —  ETA 53s  —  0 failed so far
[OUTPUT] 2026-07-04T06:02:52.830427 skip_listing [train]:   26,500/55,500 checked (48%)  —  559 checks/s  —  ETA 52s  —  0 failed so far
[OUTPUT] 2026-07-04T06:02:53.605895 skip_listing [train]:   27,000/55,500 checked (49%)  —  560 checks/s  —  ETA 51s  —  0 failed so far
[OUTPUT] 2026-07-04T06:02:54.351063 skip_listing [train]:   27,500/55,500 checked (50%)  —  562 checks/s  —  ETA 50s  —  0 failed so far
[OUTPUT] 2026-07-04T06:02:55.097754 skip_listing [train]:   28,000/55,500 checked (50%)  —  564 checks/s  —  ETA 49s  —  0 failed so far
[OUTPUT] 2026-07-04T06:02:55.848080 skip_listing [train]:   28,500/55,500 checked (51%)  —  565 checks/s  —  ETA 48s  —  0 failed so far
[OUTPUT] 2026-07-04T06:02:56.586581 skip_listing [train]:   29,000/55,500 checked (52%)  —  567 checks/s  —  ETA 47s  —  0 failed so far
[OUTPUT] 2026-07-04T06:02:57.350588 skip_listing [train]:   29,500/55,500 checked (53%)  —  568 checks/s  —  ETA 46s  —  0 failed so far
[OUTPUT] 2026-07-04T06:02:58.115852 skip_listing [train]:   30,000/55,500 checked (54%)  —  569 checks/s  —  ETA 45s  —  0 failed so far
[OUTPUT] 2026-07-04T06:02:58.880352 skip_listing [train]:   30,500/55,500 checked (55%)  —  570 checks/s  —  ETA 44s  —  0 failed so far
[OUTPUT] 2026-07-04T06:02:59.635594 skip_listing [train]:   31,000/55,500 checked (56%)  —  572 checks/s  —  ETA 43s  —  0 failed so far
[OUTPUT] 2026-07-04T06:03:00.371894 skip_listing [train]:   31,500/55,500 checked (57%)  —  573 checks/s  —  ETA 42s  —  0 failed so far
[OUTPUT] 2026-07-04T06:03:01.133928 skip_listing [train]:   32,000/55,500 checked (58%)  —  574 checks/s  —  ETA 41s  —  0 failed so far
[OUTPUT] 2026-07-04T06:03:01.891385 skip_listing [train]:   32,500/55,500 checked (59%)  —  575 checks/s  —  ETA 40s  —  0 failed so far
[OUTPUT] 2026-07-04T06:03:02.727269 skip_listing [train]:   33,000/55,500 checked (59%)  —  576 checks/s  —  ETA 39s  —  0 failed so far
[OUTPUT] 2026-07-04T06:03:03.481393 skip_listing [train]:   33,500/55,500 checked (60%)  —  577 checks/s  —  ETA 38s  —  0 failed so far
[OUTPUT] 2026-07-04T06:03:04.205296 skip_listing [train]:   34,000/55,500 checked (61%)  —  578 checks/s  —  ETA 37s  —  0 failed so far
[OUTPUT] 2026-07-04T06:03:05.008088 skip_listing [train]:   34,500/55,500 checked (62%)  —  579 checks/s  —  ETA 36s  —  0 failed so far
[OUTPUT] 2026-07-04T06:03:05.792233 skip_listing [train]:   35,000/55,500 checked (63%)  —  580 checks/s  —  ETA 35s  —  0 failed so far
[OUTPUT] 2026-07-04T06:03:06.581780 skip_listing [train]:   35,500/55,500 checked (64%)  —  580 checks/s  —  ETA 34s  —  0 failed so far
[OUTPUT] 2026-07-04T06:03:07.314573 skip_listing [train]:   36,000/55,500 checked (65%)  —  582 checks/s  —  ETA 34s  —  0 failed so far
[OUTPUT] 2026-07-04T06:03:08.062817 skip_listing [train]:   36,500/55,500 checked (66%)  —  583 checks/s  —  ETA 33s  —  0 failed so far
[OUTPUT] 2026-07-04T06:03:08.835393 skip_listing [train]:   37,000/55,500 checked (67%)  —  583 checks/s  —  ETA 32s  —  0 failed so far
[OUTPUT] 2026-07-04T06:03:09.593177 skip_listing [train]:   37,500/55,500 checked (68%)  —  584 checks/s  —  ETA 31s  —  0 failed so far
[OUTPUT] 2026-07-04T06:03:10.321002 skip_listing [train]:   38,000/55,500 checked (68%)  —  585 checks/s  —  ETA 30s  —  0 failed so far
[OUTPUT] 2026-07-04T06:03:11.049653 skip_listing [train]:   38,500/55,500 checked (69%)  —  587 checks/s  —  ETA 29s  —  0 failed so far
[OUTPUT] 2026-07-04T06:03:11.720834 skip_listing [train]:   39,000/55,500 checked (70%)  —  588 checks/s  —  ETA 28s  —  0 failed so far
[OUTPUT] 2026-07-04T06:03:12.406517 skip_listing [train]:   39,500/55,500 checked (71%)  —  590 checks/s  —  ETA 27s  —  0 failed so far
[OUTPUT] 2026-07-04T06:03:13.122402 skip_listing [train]:   40,000/55,500 checked (72%)  —  591 checks/s  —  ETA 26s  —  0 failed so far
[OUTPUT] 2026-07-04T06:03:13.833359 skip_listing [train]:   40,500/55,500 checked (73%)  —  592 checks/s  —  ETA 25s  —  0 failed so far
[OUTPUT] 2026-07-04T06:03:14.509234 skip_listing [train]:   41,000/55,500 checked (74%)  —  593 checks/s  —  ETA 24s  —  0 failed so far
[OUTPUT] 2026-07-04T06:03:15.231794 skip_listing [train]:   41,500/55,500 checked (75%)  —  594 checks/s  —  ETA 24s  —  0 failed so far
[OUTPUT] 2026-07-04T06:03:15.965774 skip_listing [train]:   42,000/55,500 checked (76%)  —  595 checks/s  —  ETA 23s  —  0 failed so far
[OUTPUT] 2026-07-04T06:03:16.671571 skip_listing [train]:   42,500/55,500 checked (77%)  —  596 checks/s  —  ETA 22s  —  0 failed so far
[OUTPUT] 2026-07-04T06:03:17.385213 skip_listing [train]:   43,000/55,500 checked (77%)  —  597 checks/s  —  ETA 21s  —  0 failed so far
[OUTPUT] 2026-07-04T06:03:18.079175 skip_listing [train]:   43,500/55,500 checked (78%)  —  599 checks/s  —  ETA 20s  —  0 failed so far
[OUTPUT] 2026-07-04T06:03:18.810744 skip_listing [train]:   44,000/55,500 checked (79%)  —  599 checks/s  —  ETA 19s  —  0 failed so far
[OUTPUT] 2026-07-04T06:03:19.605382 skip_listing [train]:   44,500/55,500 checked (80%)  —  600 checks/s  —  ETA 18s  —  0 failed so far
[OUTPUT] 2026-07-04T06:03:20.395378 skip_listing [train]:   45,000/55,500 checked (81%)  —  600 checks/s  —  ETA 17s  —  0 failed so far
[OUTPUT] 2026-07-04T06:03:21.194157 skip_listing [train]:   45,500/55,500 checked (82%)  —  600 checks/s  —  ETA 17s  —  0 failed so far
[OUTPUT] 2026-07-04T06:03:21.985089 skip_listing [train]:   46,000/55,500 checked (83%)  —  601 checks/s  —  ETA 16s  —  0 failed so far
[OUTPUT] 2026-07-04T06:03:22.689790 skip_listing [train]:   46,500/55,500 checked (84%)  —  602 checks/s  —  ETA 15s  —  0 failed so far
[OUTPUT] 2026-07-04T06:03:23.399983 skip_listing [train]:   47,000/55,500 checked (85%)  —  603 checks/s  —  ETA 14s  —  0 failed so far
[OUTPUT] 2026-07-04T06:03:24.134474 skip_listing [train]:   47,500/55,500 checked (86%)  —  603 checks/s  —  ETA 13s  —  0 failed so far
[OUTPUT] 2026-07-04T06:03:24.793435 skip_listing [train]:   48,000/55,500 checked (86%)  —  605 checks/s  —  ETA 12s  —  0 failed so far
[OUTPUT] 2026-07-04T06:03:25.481268 skip_listing [train]:   48,500/55,500 checked (87%)  —  606 checks/s  —  ETA 12s  —  0 failed so far
[OUTPUT] 2026-07-04T06:03:26.209139 skip_listing [train]:   49,000/55,500 checked (88%)  —  606 checks/s  —  ETA 11s  —  0 failed so far
[OUTPUT] 2026-07-04T06:03:26.983758 skip_listing [train]:   49,500/55,500 checked (89%)  —  607 checks/s  —  ETA 10s  —  0 failed so far
[OUTPUT] 2026-07-04T06:03:27.714121 skip_listing [train]:   50,000/55,500 checked (90%)  —  608 checks/s  —  ETA 9s  —  0 failed so far
[OUTPUT] 2026-07-04T06:03:28.472831 skip_listing [train]:   50,500/55,500 checked (91%)  —  608 checks/s  —  ETA 8s  —  0 failed so far
[OUTPUT] 2026-07-04T06:03:29.298541 skip_listing [train]:   51,000/55,500 checked (92%)  —  608 checks/s  —  ETA 7s  —  0 failed so far
[OUTPUT] 2026-07-04T06:03:30.083132 skip_listing [train]:   51,500/55,500 checked (93%)  —  608 checks/s  —  ETA 7s  —  0 failed so far
[OUTPUT] 2026-07-04T06:03:30.775450 skip_listing [train]:   52,000/55,500 checked (94%)  —  609 checks/s  —  ETA 6s  —  0 failed so far
[OUTPUT] 2026-07-04T06:03:31.539886 skip_listing [train]:   52,500/55,500 checked (95%)  —  610 checks/s  —  ETA 5s  —  0 failed so far
[OUTPUT] 2026-07-04T06:03:32.312288 skip_listing [train]:   53,000/55,500 checked (95%)  —  610 checks/s  —  ETA 4s  —  0 failed so far
[OUTPUT] 2026-07-04T06:03:33.057732 skip_listing [train]:   53,500/55,500 checked (96%)  —  610 checks/s  —  ETA 3s  —  0 failed so far
[OUTPUT] 2026-07-04T06:03:33.860102 skip_listing [train]:   54,000/55,500 checked (97%)  —  611 checks/s  —  ETA 2s  —  0 failed so far
[OUTPUT] 2026-07-04T06:03:34.645678 skip_listing [train]:   54,500/55,500 checked (98%)  —  611 checks/s  —  ETA 2s  —  0 failed so far
[OUTPUT] 2026-07-04T06:03:35.387237 skip_listing [train]:   55,000/55,500 checked (99%)  —  611 checks/s  —  ETA 1s  —  0 failed so far
[OUTPUT] 2026-07-04T06:03:36.174750 skip_listing [train]: validation complete — all 55,500 samples exist (90.8s, 611 checks/s); 6,938 URIs ready for rank 0 (55,500 total across all ranks)
[OUTPUT] 2026-07-04T06:03:36.175331 File listing [train]: 55500 files discovered, 6937 assigned to rank 0, completed in 90.79s
[OUTPUT] 2026-07-04T06:03:36.175452 skip_listing [valid]: generated 0 file URIs deterministically (0 total — validation disabled)
[OUTPUT] 2026-07-04T06:03:36.175524 File listing [valid]: 0 files discovered, 0 assigned to rank 0, completed in 0.00s
[OUTPUT] 2026-07-04T06:03:36.175571 Streamed file sharding: 55500 train files across 8 ranks via round-robin (rank 0 shard: 6937 files)
[OUTPUT] 2026-07-04T06:03:36.188625 Max steps per epoch per rank: 7928 = 1 * 55500 / 7 (samples per file * local files / batch size)
[OUTPUT] 2026-07-04T06:03:36.194517 Reshard for epoch 1: 6937 train files, 0 eval files redistributed via alltoall in 0.01s
[OUTPUT] 2026-07-04T06:03:41.402323 Worker pre-warm complete (24 workers spawned)
[OUTPUT] 2026-07-04T06:04:21.631732 Starting epoch 1: 991 steps expected
[OUTPUT] 2026-07-04T06:04:21.632109 Starting block 1
[OUTPUT] 2026-07-04T06:07:16.359584 Ending block 1 - 991 steps completed in 174.73 s
[OUTPUT] 2026-07-04T06:07:16.375925 Epoch 1 - Block 1 [Training] Accelerator Utilization [AU] (%): 93.6619
[OUTPUT] 2026-07-04T06:07:16.375995 Epoch 1 - Block 1 [Training] Throughput (samples/second): 323.5235
[OUTPUT] 2026-07-04T06:07:16.377443 Epoch 1 - Block 1 [Training] Computation time per step (second): 0.1621+/-0.0002 (set value: {'mean': 0.162})
[OUTPUT] 2026-07-04T06:07:16.383976 Ending epoch 1 - 991 steps completed in 174.75 s
[OUTPUT] 2026-07-04T06:07:16.391226 Reshard for epoch 2: 6937 train files, 0 eval files redistributed via alltoall in 0.01s
[OUTPUT] 2026-07-04T06:07:20.920697 Worker pre-warm complete for epoch 2 (24 workers spawned)
[OUTPUT] 2026-07-04T06:07:44.407756 Starting epoch 2: 991 steps expected
[OUTPUT] 2026-07-04T06:07:44.408175 Starting block 1
[OUTPUT] 2026-07-04T06:10:39.437158 Ending block 1 - 991 steps completed in 175.03 s
[OUTPUT] 2026-07-04T06:10:39.440132 Epoch 2 - Block 1 [Training] Accelerator Utilization [AU] (%): 93.6702
[OUTPUT] 2026-07-04T06:10:39.440293 Epoch 2 - Block 1 [Training] Throughput (samples/second): 323.5628
[OUTPUT] 2026-07-04T06:10:39.440896 Epoch 2 - Block 1 [Training] Computation time per step (second): 0.1621+/-0.0001 (set value: {'mean': 0.162})
[OUTPUT] 2026-07-04T06:10:39.446690 Ending epoch 2 - 991 steps completed in 175.04 s
[OUTPUT] 2026-07-04T06:10:39.457840 Reshard for epoch 3: 6937 train files, 0 eval files redistributed via alltoall in 0.01s
[OUTPUT] 2026-07-04T06:10:44.651965 Worker pre-warm complete for epoch 3 (24 workers spawned)
[OUTPUT] 2026-07-04T06:11:25.038857 Starting epoch 3: 991 steps expected
[OUTPUT] 2026-07-04T06:11:25.039222 Starting block 1
[OUTPUT] 2026-07-04T06:14:19.591854 Ending block 1 - 991 steps completed in 174.55 s
[OUTPUT] 2026-07-04T06:14:19.594762 Epoch 3 - Block 1 [Training] Accelerator Utilization [AU] (%): 93.7109
[OUTPUT] 2026-07-04T06:14:19.594834 Epoch 3 - Block 1 [Training] Throughput (samples/second): 323.6903
[OUTPUT] 2026-07-04T06:14:19.595130 Epoch 3 - Block 1 [Training] Computation time per step (second): 0.1621+/-0.0002 (set value: {'mean': 0.162})
[OUTPUT] 2026-07-04T06:14:19.602265 Ending epoch 3 - 991 steps completed in 174.56 s
[OUTPUT] 2026-07-04T06:14:19.615547 Reshard for epoch 4: 6937 train files, 0 eval files redistributed via alltoall in 0.01s
[OUTPUT] 2026-07-04T06:14:24.825072 Worker pre-warm complete for epoch 4 (24 workers spawned)
[OUTPUT] 2026-07-04T06:15:03.956139 Starting epoch 4: 991 steps expected
[OUTPUT] 2026-07-04T06:15:03.956509 Starting block 1
[OUTPUT] 2026-07-04T06:17:58.546949 Ending block 1 - 991 steps completed in 174.59 s
[OUTPUT] 2026-07-04T06:17:58.549755 Epoch 4 - Block 1 [Training] Accelerator Utilization [AU] (%): 93.7042
[OUTPUT] 2026-07-04T06:17:58.549820 Epoch 4 - Block 1 [Training] Throughput (samples/second): 323.6582
[OUTPUT] 2026-07-04T06:17:58.550097 Epoch 4 - Block 1 [Training] Computation time per step (second): 0.1621+/-0.0003 (set value: {'mean': 0.162})
[OUTPUT] 2026-07-04T06:17:58.552475 Ending epoch 4 - 991 steps completed in 174.60 s
[OUTPUT] 2026-07-04T06:17:58.567519 Reshard for epoch 5: 6937 train files, 0 eval files redistributed via alltoall in 0.01s
[OUTPUT] 2026-07-04T06:18:02.654744 Worker pre-warm complete for epoch 5 (24 workers spawned)
[OUTPUT] 2026-07-04T06:18:42.247330 Starting epoch 5: 991 steps expected
[OUTPUT] 2026-07-04T06:18:42.247791 Starting block 1
[OUTPUT] 2026-07-04T06:21:37.269223 Ending block 1 - 991 steps completed in 175.02 s
[OUTPUT] 2026-07-04T06:21:37.272055 Epoch 5 - Block 1 [Training] Accelerator Utilization [AU] (%): 93.5664
[OUTPUT] 2026-07-04T06:21:37.272212 Epoch 5 - Block 1 [Training] Throughput (samples/second): 323.2029
[OUTPUT] 2026-07-04T06:21:37.272709 Epoch 5 - Block 1 [Training] Computation time per step (second): 0.1621+/-0.0001 (set value: {'mean': 0.162})
[OUTPUT] 2026-07-04T06:21:37.275822 Ending epoch 5 - 991 steps completed in 175.03 s
[OUTPUT] 2026-07-04T06:21:37.286086 Reshard for epoch 6: 6937 train files, 0 eval files redistributed via alltoall in 0.01s
[OUTPUT] 2026-07-04T06:21:42.469515 Worker pre-warm complete for epoch 6 (24 workers spawned)
[OUTPUT] 2026-07-04T06:21:42.836463 Saved outputs in /home/ubuntu/mlps_na8/closed/Alluxio/results/aws_c5n18xlarge_i3en24xlarge_8c_10s_8a/training/unet3d/run/20260704_060141
[OUTPUT] Averaged metric over all steps/epochs
[METRIC] ==========================================================
[METRIC] Number of Simulated Accelerators: 8 
[METRIC] Training Accelerator Utilization [AU] (%): 92.7775 (0.1383)
[METRIC] Training Throughput (samples/second): 320.4605 (0.4758)
[METRIC] Training I/O Throughput (MiB/second): 44803.3426 (66.5281)
[METRIC] train_au_meet_expectation: success
[METRIC] ==========================================================

[OUTPUT] 2026-07-04T06:21:42.857982 outputs saved in RANKID_output.json
