[OUTPUT] [DEBUG DLIOBenchmark.__init__] After LoadConfig:
[OUTPUT]   storage_type   = <StorageType.LOCAL_FS: 'local_fs'>
[OUTPUT]   storage_root   = './'
[OUTPUT]   storage_options= None
[OUTPUT]   data_folder    = '/mnt/mlps_nvme/training/unet3d'
[OUTPUT]   framework      = <FrameworkType.PYTORCH: 'pytorch'>
[OUTPUT]   num_files_train= 28000
[OUTPUT]   record_length  = 146600628
[OUTPUT]   generate_data  = False
[OUTPUT]   do_train       = True
[OUTPUT]   do_checkpoint  = False
[OUTPUT]   epochs         = 5
[OUTPUT]   batch_size     = 7
[OUTPUT] 2026-07-20T16:20:22.485359 Running DLIO [Training] with 5 process(es)
[OUTPUT] 2026-07-20T16:20:22.511043 skip_listing [train]: validating 2,801 of 28,000 files (first, last, every 10) via HEAD requests ...
[OUTPUT] 2026-07-20T16:20:22.512439 skip_listing [train]:   280/2,801 checked (10%)  —  215132 checks/s  —  ETA 0s  —  0 failed so far
[OUTPUT] 2026-07-20T16:20:22.513751 skip_listing [train]:   560/2,801 checked (20%)  —  213800 checks/s  —  ETA 0s  —  0 failed so far
[OUTPUT] 2026-07-20T16:20:22.515054 skip_listing [train]:   840/2,801 checked (30%)  —  214164 checks/s  —  ETA 0s  —  0 failed so far
[OUTPUT] 2026-07-20T16:20:22.516350 skip_listing [train]:   1,120/2,801 checked (40%)  —  214591 checks/s  —  ETA 0s  —  0 failed so far
[OUTPUT] 2026-07-20T16:20:22.517636 skip_listing [train]:   1,400/2,801 checked (50%)  —  215234 checks/s  —  ETA 0s  —  0 failed so far
[OUTPUT] 2026-07-20T16:20:22.518922 skip_listing [train]:   1,680/2,801 checked (60%)  —  215626 checks/s  —  ETA 0s  —  0 failed so far
[OUTPUT] 2026-07-20T16:20:22.520204 skip_listing [train]:   1,960/2,801 checked (70%)  —  216019 checks/s  —  ETA 0s  —  0 failed so far
[OUTPUT] 2026-07-20T16:20:22.521485 skip_listing [train]:   2,240/2,801 checked (80%)  —  216331 checks/s  —  ETA 0s  —  0 failed so far
[OUTPUT] 2026-07-20T16:20:22.522768 skip_listing [train]:   2,520/2,801 checked (90%)  —  216547 checks/s  —  ETA 0s  —  0 failed so far
[OUTPUT] 2026-07-20T16:20:22.524043 skip_listing [train]:   2,800/2,801 checked (100%)  —  216856 checks/s  —  ETA 0s  —  0 failed so far
[OUTPUT] 2026-07-20T16:20:22.524066 skip_listing [train]: validation complete — all 2,801 samples exist (0.0s, 216546 checks/s); 5,600 URIs ready for rank 0 (28,000 total across all ranks)
[OUTPUT] 2026-07-20T16:20:22.524133 File listing [train]: 28000 files discovered, 5600 assigned to rank 0, completed in 0.03s
[OUTPUT] 2026-07-20T16:20:22.524158 skip_listing [valid]: generated 0 file URIs deterministically (0 total — validation disabled)
[OUTPUT] 2026-07-20T16:20:22.524182 File listing [valid]: 0 files discovered, 0 assigned to rank 0, completed in 0.00s
[OUTPUT] 2026-07-20T16:20:22.524200 Streamed file sharding: 28000 train files across 5 ranks via round-robin (rank 0 shard: 5600 files)
[OUTPUT] 2026-07-20T16:20:22.696406 Max steps per epoch per rank: 4000 = 1 * 28000 / 7 (samples per file * local files / batch size)
[OUTPUT] 2026-07-20T16:20:22.698254 Reshard for epoch 1: 5600 train files, 0 eval files redistributed via alltoall in 0.00s
[OUTPUT] 2026-07-20T16:20:29.805563 Worker pre-warm complete (32 workers spawned)
[OUTPUT] 2026-07-20T16:20:29.866417 Starting epoch 1: 800 steps expected
[OUTPUT] 2026-07-20T16:20:29.866697 Starting block 1
[OUTPUT] 2026-07-20T16:22:59.266872 Ending block 1 - 800 steps completed in 149.40 s
[OUTPUT] 2026-07-20T16:22:59.271156 Epoch 1 - Block 1 [Training] Accelerator Utilization [AU] (%): 90.4801
[OUTPUT] 2026-07-20T16:22:59.271209 Epoch 1 - Block 1 [Training] Throughput (samples/second): 195.3558
[OUTPUT] 2026-07-20T16:22:59.271886 Epoch 1 - Block 1 [Training] Computation time per step (second): 0.1621+/-0.0000 (set value: {'mean': 0.162})
[OUTPUT] 2026-07-20T16:22:59.288599 Ending epoch 1 - 800 steps completed in 149.42 s
[OUTPUT] 2026-07-20T16:22:59.293130 Reshard for epoch 2: 5600 train files, 0 eval files redistributed via alltoall in 0.00s
[OUTPUT] 2026-07-20T16:23:05.708311 Worker pre-warm complete for epoch 2 (32 workers spawned)
[OUTPUT] 2026-07-20T16:23:06.118972 Starting epoch 2: 800 steps expected
[OUTPUT] 2026-07-20T16:23:06.119323 Starting block 1
[OUTPUT] 2026-07-20T16:25:36.005704 Ending block 1 - 800 steps completed in 149.89 s
[OUTPUT] 2026-07-20T16:25:36.007531 Epoch 2 - Block 1 [Training] Accelerator Utilization [AU] (%): 90.0733
[OUTPUT] 2026-07-20T16:25:36.007579 Epoch 2 - Block 1 [Training] Throughput (samples/second): 194.4769
[OUTPUT] 2026-07-20T16:25:36.007813 Epoch 2 - Block 1 [Training] Computation time per step (second): 0.1621+/-0.0000 (set value: {'mean': 0.162})
[OUTPUT] 2026-07-20T16:25:36.012038 Ending epoch 2 - 800 steps completed in 149.89 s
[OUTPUT] 2026-07-20T16:25:36.017277 Reshard for epoch 3: 5600 train files, 0 eval files redistributed via alltoall in 0.00s
[OUTPUT] 2026-07-20T16:25:42.650946 Worker pre-warm complete for epoch 3 (32 workers spawned)
[OUTPUT] 2026-07-20T16:25:42.775715 Starting epoch 3: 800 steps expected
[OUTPUT] 2026-07-20T16:25:42.776006 Starting block 1
[OUTPUT] 2026-07-20T16:28:12.447399 Ending block 1 - 800 steps completed in 149.67 s
[OUTPUT] 2026-07-20T16:28:12.448987 Epoch 3 - Block 1 [Training] Accelerator Utilization [AU] (%): 90.3339
[OUTPUT] 2026-07-20T16:28:12.449031 Epoch 3 - Block 1 [Training] Throughput (samples/second): 195.0402
[OUTPUT] 2026-07-20T16:28:12.449232 Epoch 3 - Block 1 [Training] Computation time per step (second): 0.1621+/-0.0000 (set value: {'mean': 0.162})
[OUTPUT] 2026-07-20T16:28:12.488264 Ending epoch 3 - 800 steps completed in 149.71 s
[OUTPUT] 2026-07-20T16:28:12.493019 Reshard for epoch 4: 5600 train files, 0 eval files redistributed via alltoall in 0.00s
[OUTPUT] 2026-07-20T16:28:19.116925 Worker pre-warm complete for epoch 4 (32 workers spawned)
[OUTPUT] 2026-07-20T16:28:19.272425 Starting epoch 4: 800 steps expected
[OUTPUT] 2026-07-20T16:28:19.272753 Starting block 1
[OUTPUT] 2026-07-20T16:30:49.009294 Ending block 1 - 800 steps completed in 149.74 s
[OUTPUT] 2026-07-20T16:30:49.010931 Epoch 4 - Block 1 [Training] Accelerator Utilization [AU] (%): 90.2183
[OUTPUT] 2026-07-20T16:30:49.010977 Epoch 4 - Block 1 [Training] Throughput (samples/second): 194.7898
[OUTPUT] 2026-07-20T16:30:49.011178 Epoch 4 - Block 1 [Training] Computation time per step (second): 0.1621+/-0.0000 (set value: {'mean': 0.162})
[OUTPUT] 2026-07-20T16:30:49.043817 Ending epoch 4 - 800 steps completed in 149.77 s
[OUTPUT] 2026-07-20T16:30:49.049209 Reshard for epoch 5: 5600 train files, 0 eval files redistributed via alltoall in 0.00s
[OUTPUT] 2026-07-20T16:30:56.014013 Worker pre-warm complete for epoch 5 (32 workers spawned)
[OUTPUT] 2026-07-20T16:30:56.114997 Starting epoch 5: 800 steps expected
[OUTPUT] 2026-07-20T16:30:56.115229 Starting block 1
[OUTPUT] 2026-07-20T16:33:25.600775 Ending block 1 - 800 steps completed in 149.49 s
[OUTPUT] 2026-07-20T16:33:25.602386 Epoch 5 - Block 1 [Training] Accelerator Utilization [AU] (%): 90.4999
[OUTPUT] 2026-07-20T16:33:25.602434 Epoch 5 - Block 1 [Training] Throughput (samples/second): 195.3951
[OUTPUT] 2026-07-20T16:33:25.602637 Epoch 5 - Block 1 [Training] Computation time per step (second): 0.1621+/-0.0001 (set value: {'mean': 0.162})
[OUTPUT] 2026-07-20T16:33:25.635593 Ending epoch 5 - 800 steps completed in 149.52 s
[OUTPUT] 2026-07-20T16:33:25.642742 Reshard for epoch 6: 5600 train files, 0 eval files redistributed via alltoall in 0.01s
[OUTPUT] 2026-07-20T16:33:32.697048 Worker pre-warm complete for epoch 6 (32 workers spawned)
[OUTPUT] 2026-07-20T16:33:32.698048 Saved outputs in /tmp/mlperf_storage_results/closed/SAMSUNG/results/MEMORY_AE/training/unet3d/run/20260720_162016
[OUTPUT] Averaged metric over all steps/epochs
[METRIC] ==========================================================
[METRIC] Number of Simulated Accelerators: 5 
[METRIC] Training Accelerator Utilization [AU] (%): 90.1903 (0.1583)
[METRIC] Training Throughput (samples/second): 194.7295 (0.3408)
[METRIC] Training I/O Throughput (MiB/second): 27224.9816 (47.6481)
[METRIC] train_au_meet_expectation: success
[METRIC] ==========================================================

[OUTPUT] 2026-07-20T16:33:32.707727 outputs saved in RANKID_output.json
