[OUTPUT] [DEBUG DLIOBenchmark.__init__] After LoadConfig:
[OUTPUT]   storage_type   = <StorageType.LOCAL_FS: 'local_fs'>
[OUTPUT]   storage_root   = './'
[OUTPUT]   storage_options= None
[OUTPUT]   data_folder    = '/mnt/glfs/GalaxSphere-4Tier0/training/unet3d'
[OUTPUT]   framework      = <FrameworkType.PYTORCH: 'pytorch'>
[OUTPUT]   num_files_train= 280000
[OUTPUT]   record_length  = 146600628
[OUTPUT]   generate_data  = False
[OUTPUT]   do_train       = True
[OUTPUT]   do_checkpoint  = False
[OUTPUT]   epochs         = 5
[OUTPUT]   batch_size     = 7
[OUTPUT] 2026-07-09T20:54:20.232114 Running DLIO [Training] with 80 process(es)
[OUTPUT] 2026-07-09T20:54:20.260205 skip_listing [train]: validating 280,000 of 280,000 files (first, last, every 1) via HEAD requests ...
[OUTPUT] 2026-07-09T20:54:20.288145 skip_listing [train]:   500/280,000 checked (0%)  —  17993 checks/s  —  ETA 16s  —  0 failed so far
[OUTPUT] 2026-07-09T20:54:20.302951 skip_listing [train]:   1,000/280,000 checked (0%)  —  23477 checks/s  —  ETA 12s  —  0 failed so far
[OUTPUT] 2026-07-09T20:54:20.318051 skip_listing [train]:   1,500/280,000 checked (1%)  —  25998 checks/s  —  ETA 11s  —  0 failed so far
[OUTPUT] 2026-07-09T20:54:20.330852 skip_listing [train]:   2,000/280,000 checked (1%)  —  28370 checks/s  —  ETA 10s  —  0 failed so far
[OUTPUT] 2026-07-09T20:54:20.347907 skip_listing [train]:   2,500/280,000 checked (1%)  —  28555 checks/s  —  ETA 10s  —  0 failed so far
[OUTPUT] 2026-07-09T20:54:20.365510 skip_listing [train]:   3,000/280,000 checked (1%)  —  28530 checks/s  —  ETA 10s  —  0 failed so far
[OUTPUT] 2026-07-09T20:54:20.380919 skip_listing [train]:   3,500/280,000 checked (1%)  —  29031 checks/s  —  ETA 10s  —  0 failed so far
[OUTPUT] 2026-07-09T20:54:20.394474 skip_listing [train]:   4,000/280,000 checked (1%)  —  29825 checks/s  —  ETA 9s  —  0 failed so far
[OUTPUT] 2026-07-09T20:54:20.407352 skip_listing [train]:   4,500/280,000 checked (2%)  —  30613 checks/s  —  ETA 9s  —  0 failed so far
[OUTPUT] 2026-07-09T20:54:20.421193 skip_listing [train]:   5,000/280,000 checked (2%)  —  31087 checks/s  —  ETA 9s  —  0 failed so far
[OUTPUT] 2026-07-09T20:54:20.435155 skip_listing [train]:   5,500/280,000 checked (2%)  —  31464 checks/s  —  ETA 9s  —  0 failed so far
[OUTPUT] 2026-07-09T20:54:20.450000 skip_listing [train]:   6,000/280,000 checked (2%)  —  31638 checks/s  —  ETA 9s  —  0 failed so far
[OUTPUT] 2026-07-09T20:54:20.464028 skip_listing [train]:   6,500/280,000 checked (2%)  —  31914 checks/s  —  ETA 9s  —  0 failed so far
[OUTPUT] 2026-07-09T20:54:20.476759 skip_listing [train]:   7,000/280,000 checked (2%)  —  32347 checks/s  —  ETA 8s  —  0 failed so far
[OUTPUT] 2026-07-09T20:54:20.490983 skip_listing [train]:   7,500/280,000 checked (3%)  —  32520 checks/s  —  ETA 8s  —  0 failed so far
[OUTPUT] 2026-07-09T20:54:20.504172 skip_listing [train]:   8,000/280,000 checked (3%)  —  32811 checks/s  —  ETA 8s  —  0 failed so far
[OUTPUT] 2026-07-09T20:54:20.519949 skip_listing [train]:   8,500/280,000 checked (3%)  —  32744 checks/s  —  ETA 8s  —  0 failed so far
[OUTPUT] 2026-07-09T20:54:20.534262 skip_listing [train]:   9,000/280,000 checked (3%)  —  32858 checks/s  —  ETA 8s  —  0 failed so far
[OUTPUT] 2026-07-09T20:54:20.548729 skip_listing [train]:   9,500/280,000 checked (3%)  —  32943 checks/s  —  ETA 8s  —  0 failed so far
[OUTPUT] 2026-07-09T20:54:20.562681 skip_listing [train]:   10,000/280,000 checked (4%)  —  33077 checks/s  —  ETA 8s  —  0 failed so far
[OUTPUT] 2026-07-09T20:54:20.578615 skip_listing [train]:   10,500/280,000 checked (4%)  —  32992 checks/s  —  ETA 8s  —  0 failed so far
[OUTPUT] 2026-07-09T20:54:20.592535 skip_listing [train]:   11,000/280,000 checked (4%)  —  33115 checks/s  —  ETA 8s  —  0 failed so far
[OUTPUT] 2026-07-09T20:54:20.605810 skip_listing [train]:   11,500/280,000 checked (4%)  —  33289 checks/s  —  ETA 8s  —  0 failed so far
[OUTPUT] 2026-07-09T20:54:20.617526 skip_listing [train]:   12,000/280,000 checked (4%)  —  33597 checks/s  —  ETA 8s  —  0 failed so far
[OUTPUT] 2026-07-09T20:54:20.628886 skip_listing [train]:   12,500/280,000 checked (4%)  —  33918 checks/s  —  ETA 8s  —  0 failed so far
[OUTPUT] 2026-07-09T20:54:20.641674 skip_listing [train]:   13,000/280,000 checked (5%)  —  34092 checks/s  —  ETA 8s  —  0 failed so far
[OUTPUT] 2026-07-09T20:54:20.656950 skip_listing [train]:   13,500/280,000 checked (5%)  —  34040 checks/s  —  ETA 8s  —  0 failed so far
[OUTPUT] 2026-07-09T20:54:20.672970 skip_listing [train]:   14,000/280,000 checked (5%)  —  33930 checks/s  —  ETA 8s  —  0 failed so far
[OUTPUT] 2026-07-09T20:54:20.684385 skip_listing [train]:   14,500/280,000 checked (5%)  —  34196 checks/s  —  ETA 8s  —  0 failed so far
[OUTPUT] 2026-07-09T20:54:20.699413 skip_listing [train]:   15,000/280,000 checked (5%)  —  34164 checks/s  —  ETA 8s  —  0 failed so far
[OUTPUT] 2026-07-09T20:54:20.714675 skip_listing [train]:   15,500/280,000 checked (6%)  —  34117 checks/s  —  ETA 8s  —  0 failed so far
[OUTPUT] 2026-07-09T20:54:20.729803 skip_listing [train]:   16,000/280,000 checked (6%)  —  34083 checks/s  —  ETA 8s  —  0 failed so far
[OUTPUT] 2026-07-09T20:54:20.744885 skip_listing [train]:   16,500/280,000 checked (6%)  —  34054 checks/s  —  ETA 8s  —  0 failed so far
[OUTPUT] 2026-07-09T20:54:20.760760 skip_listing [train]:   17,000/280,000 checked (6%)  —  33972 checks/s  —  ETA 8s  —  0 failed so far
[OUTPUT] 2026-07-09T20:54:20.773306 skip_listing [train]:   17,500/280,000 checked (6%)  —  34116 checks/s  —  ETA 8s  —  0 failed so far
[OUTPUT] 2026-07-09T20:54:20.790215 skip_listing [train]:   18,000/280,000 checked (6%)  —  33971 checks/s  —  ETA 8s  —  0 failed so far
[OUTPUT] 2026-07-09T20:54:20.802487 skip_listing [train]:   18,500/280,000 checked (7%)  —  34124 checks/s  —  ETA 8s  —  0 failed so far
[OUTPUT] 2026-07-09T20:54:20.818862 skip_listing [train]:   19,000/280,000 checked (7%)  —  34019 checks/s  —  ETA 8s  —  0 failed so far
[OUTPUT] 2026-07-09T20:54:20.833419 skip_listing [train]:   19,500/280,000 checked (7%)  —  34028 checks/s  —  ETA 8s  —  0 failed so far
[OUTPUT] 2026-07-09T20:54:20.843863 skip_listing [train]:   20,000/280,000 checked (7%)  —  34275 checks/s  —  ETA 8s  —  0 failed so far
[OUTPUT] 2026-07-09T20:54:20.858613 skip_listing [train]:   20,500/280,000 checked (7%)  —  34266 checks/s  —  ETA 8s  —  0 failed so far
[OUTPUT] 2026-07-09T20:54:20.874234 skip_listing [train]:   21,000/280,000 checked (8%)  —  34209 checks/s  —  ETA 8s  —  0 failed so far
[OUTPUT] 2026-07-09T20:54:20.886054 skip_listing [train]:   21,500/280,000 checked (8%)  —  34362 checks/s  —  ETA 8s  —  0 failed so far
[OUTPUT] 2026-07-09T20:54:20.899362 skip_listing [train]:   22,000/280,000 checked (8%)  —  34428 checks/s  —  ETA 7s  —  0 failed so far
[OUTPUT] 2026-07-09T20:54:20.911588 skip_listing [train]:   22,500/280,000 checked (8%)  —  34550 checks/s  —  ETA 7s  —  0 failed so far
[OUTPUT] 2026-07-09T20:54:20.924712 skip_listing [train]:   23,000/280,000 checked (8%)  —  34620 checks/s  —  ETA 7s  —  0 failed so far
[OUTPUT] 2026-07-09T20:54:20.937047 skip_listing [train]:   23,500/280,000 checked (8%)  —  34728 checks/s  —  ETA 7s  —  0 failed so far
[OUTPUT] 2026-07-09T20:54:20.950807 skip_listing [train]:   24,000/280,000 checked (9%)  —  34760 checks/s  —  ETA 7s  —  0 failed so far
[OUTPUT] 2026-07-09T20:54:20.965581 skip_listing [train]:   24,500/280,000 checked (9%)  —  34741 checks/s  —  ETA 7s  —  0 failed so far
[OUTPUT] 2026-07-09T20:54:20.978203 skip_listing [train]:   25,000/280,000 checked (9%)  —  34826 checks/s  —  ETA 7s  —  0 failed so far
[OUTPUT] 2026-07-09T20:54:20.992567 skip_listing [train]:   25,500/280,000 checked (9%)  —  34826 checks/s  —  ETA 7s  —  0 failed so far
[OUTPUT] 2026-07-09T20:54:21.005986 skip_listing [train]:   26,000/280,000 checked (9%)  —  34870 checks/s  —  ETA 7s  —  0 failed so far
[OUTPUT] 2026-07-09T20:54:21.018768 skip_listing [train]:   26,500/280,000 checked (9%)  —  34941 checks/s  —  ETA 7s  —  0 failed so far
[OUTPUT] 2026-07-09T20:54:21.032740 skip_listing [train]:   27,000/280,000 checked (10%)  —  34957 checks/s  —  ETA 7s  —  0 failed so far
[OUTPUT] 2026-07-09T20:54:21.044757 skip_listing [train]:   27,500/280,000 checked (10%)  —  35058 checks/s  —  ETA 7s  —  0 failed so far
[OUTPUT] 2026-07-09T20:54:21.059155 skip_listing [train]:   28,000/280,000 checked (10%)  —  35052 checks/s  —  ETA 7s  —  0 failed so far
[OUTPUT] 2026-07-09T20:54:21.071346 skip_listing [train]:   28,500/280,000 checked (10%)  —  35142 checks/s  —  ETA 7s  —  0 failed so far
[OUTPUT] 2026-07-09T20:54:21.081654 skip_listing [train]:   29,000/280,000 checked (10%)  —  35310 checks/s  —  ETA 7s  —  0 failed so far
[OUTPUT] 2026-07-09T20:54:21.096301 skip_listing [train]:   29,500/280,000 checked (11%)  —  35289 checks/s  —  ETA 7s  —  0 failed so far
[OUTPUT] 2026-07-09T20:54:21.110552 skip_listing [train]:   30,000/280,000 checked (11%)  —  35286 checks/s  —  ETA 7s  —  0 failed so far
[OUTPUT] 2026-07-09T20:54:21.124788 skip_listing [train]:   30,500/280,000 checked (11%)  —  35283 checks/s  —  ETA 7s  —  0 failed so far
[OUTPUT] 2026-07-09T20:54:21.138416 skip_listing [train]:   31,000/280,000 checked (11%)  —  35305 checks/s  —  ETA 7s  —  0 failed so far
[OUTPUT] 2026-07-09T20:54:21.151471 skip_listing [train]:   31,500/280,000 checked (11%)  —  35349 checks/s  —  ETA 7s  —  0 failed so far
[OUTPUT] 2026-07-09T20:54:21.166275 skip_listing [train]:   32,000/280,000 checked (11%)  —  35323 checks/s  —  ETA 7s  —  0 failed so far
[OUTPUT] 2026-07-09T20:54:21.179224 skip_listing [train]:   32,500/280,000 checked (12%)  —  35369 checks/s  —  ETA 7s  —  0 failed so far
[OUTPUT] 2026-07-09T20:54:21.193200 skip_listing [train]:   33,000/280,000 checked (12%)  —  35376 checks/s  —  ETA 7s  —  0 failed so far
[OUTPUT] 2026-07-09T20:54:21.208379 skip_listing [train]:   33,500/280,000 checked (12%)  —  35337 checks/s  —  ETA 7s  —  0 failed so far
[OUTPUT] 2026-07-09T20:54:21.222517 skip_listing [train]:   34,000/280,000 checked (12%)  —  35337 checks/s  —  ETA 7s  —  0 failed so far
[OUTPUT] 2026-07-09T20:54:21.237127 skip_listing [train]:   34,500/280,000 checked (12%)  —  35320 checks/s  —  ETA 7s  —  0 failed so far
[OUTPUT] 2026-07-09T20:54:21.250504 skip_listing [train]:   35,000/280,000 checked (12%)  —  35348 checks/s  —  ETA 7s  —  0 failed so far
[OUTPUT] 2026-07-09T20:54:21.266776 skip_listing [train]:   35,500/280,000 checked (13%)  —  35273 checks/s  —  ETA 7s  —  0 failed so far
[OUTPUT] 2026-07-09T20:54:21.280625 skip_listing [train]:   36,000/280,000 checked (13%)  —  35285 checks/s  —  ETA 7s  —  0 failed so far
[OUTPUT] 2026-07-09T20:54:21.293634 skip_listing [train]:   36,500/280,000 checked (13%)  —  35324 checks/s  —  ETA 7s  —  0 failed so far
[OUTPUT] 2026-07-09T20:54:21.306978 skip_listing [train]:   37,000/280,000 checked (13%)  —  35352 checks/s  —  ETA 7s  —  0 failed so far
[OUTPUT] 2026-07-09T20:54:21.320544 skip_listing [train]:   37,500/280,000 checked (13%)  —  35371 checks/s  —  ETA 7s  —  0 failed so far
[OUTPUT] 2026-07-09T20:54:21.333354 skip_listing [train]:   38,000/280,000 checked (14%)  —  35415 checks/s  —  ETA 7s  —  0 failed so far
[OUTPUT] 2026-07-09T20:54:21.346942 skip_listing [train]:   38,500/280,000 checked (14%)  —  35432 checks/s  —  ETA 7s  —  0 failed so far
[OUTPUT] 2026-07-09T20:54:21.359633 skip_listing [train]:   39,000/280,000 checked (14%)  —  35478 checks/s  —  ETA 7s  —  0 failed so far
[OUTPUT] 2026-07-09T20:54:21.371643 skip_listing [train]:   39,500/280,000 checked (14%)  —  35544 checks/s  —  ETA 7s  —  0 failed so far
[OUTPUT] 2026-07-09T20:54:21.384366 skip_listing [train]:   40,000/280,000 checked (14%)  —  35587 checks/s  —  ETA 7s  —  0 failed so far
[OUTPUT] 2026-07-09T20:54:21.400164 skip_listing [train]:   40,500/280,000 checked (14%)  —  35532 checks/s  —  ETA 7s  —  0 failed so far
[OUTPUT] 2026-07-09T20:54:21.413599 skip_listing [train]:   41,000/280,000 checked (15%)  —  35552 checks/s  —  ETA 7s  —  0 failed so far
[OUTPUT] 2026-07-09T20:54:21.430300 skip_listing [train]:   41,500/280,000 checked (15%)  —  35472 checks/s  —  ETA 7s  —  0 failed so far
[OUTPUT] 2026-07-09T20:54:21.442462 skip_listing [train]:   42,000/280,000 checked (15%)  —  35530 checks/s  —  ETA 7s  —  0 failed so far
[OUTPUT] 2026-07-09T20:54:21.457450 skip_listing [train]:   42,500/280,000 checked (15%)  —  35503 checks/s  —  ETA 7s  —  0 failed so far
[OUTPUT] 2026-07-09T20:54:21.473512 skip_listing [train]:   43,000/280,000 checked (15%)  —  35445 checks/s  —  ETA 7s  —  0 failed so far
[OUTPUT] 2026-07-09T20:54:21.488628 skip_listing [train]:   43,500/280,000 checked (16%)  —  35416 checks/s  —  ETA 7s  —  0 failed so far
[OUTPUT] 2026-07-09T20:54:21.504101 skip_listing [train]:   44,000/280,000 checked (16%)  —  35377 checks/s  —  ETA 7s  —  0 failed so far
[OUTPUT] 2026-07-09T20:54:21.517236 skip_listing [train]:   44,500/280,000 checked (16%)  —  35405 checks/s  —  ETA 7s  —  0 failed so far
[OUTPUT] 2026-07-09T20:54:21.531171 skip_listing [train]:   45,000/280,000 checked (16%)  —  35410 checks/s  —  ETA 7s  —  0 failed so far
[OUTPUT] 2026-07-09T20:54:21.543976 skip_listing [train]:   45,500/280,000 checked (16%)  —  35447 checks/s  —  ETA 7s  —  0 failed so far
[OUTPUT] 2026-07-09T20:54:21.554960 skip_listing [train]:   46,000/280,000 checked (16%)  —  35532 checks/s  —  ETA 7s  —  0 failed so far
[OUTPUT] 2026-07-09T20:54:21.569956 skip_listing [train]:   46,500/280,000 checked (17%)  —  35507 checks/s  —  ETA 7s  —  0 failed so far
[OUTPUT] 2026-07-09T20:54:21.585194 skip_listing [train]:   47,000/280,000 checked (17%)  —  35476 checks/s  —  ETA 7s  —  0 failed so far
[OUTPUT] 2026-07-09T20:54:21.601947 skip_listing [train]:   47,500/280,000 checked (17%)  —  35406 checks/s  —  ETA 7s  —  0 failed so far
[OUTPUT] 2026-07-09T20:54:21.614799 skip_listing [train]:   48,000/280,000 checked (17%)  —  35439 checks/s  —  ETA 7s  —  0 failed so far
[OUTPUT] 2026-07-09T20:54:21.628823 skip_listing [train]:   48,500/280,000 checked (17%)  —  35441 checks/s  —  ETA 7s  —  0 failed so far
[OUTPUT] 2026-07-09T20:54:21.642425 skip_listing [train]:   49,000/280,000 checked (18%)  —  35454 checks/s  —  ETA 7s  —  0 failed so far
[OUTPUT] 2026-07-09T20:54:21.654135 skip_listing [train]:   49,500/280,000 checked (18%)  —  35515 checks/s  —  ETA 6s  —  0 failed so far
[OUTPUT] 2026-07-09T20:54:21.665270 skip_listing [train]:   50,000/280,000 checked (18%)  —  35589 checks/s  —  ETA 6s  —  0 failed so far
[OUTPUT] 2026-07-09T20:54:21.678552 skip_listing [train]:   50,500/280,000 checked (18%)  —  35609 checks/s  —  ETA 6s  —  0 failed so far
[OUTPUT] 2026-07-09T20:54:21.693443 skip_listing [train]:   51,000/280,000 checked (18%)  —  35587 checks/s  —  ETA 6s  —  0 failed so far
[OUTPUT] 2026-07-09T20:54:21.705177 skip_listing [train]:   51,500/280,000 checked (18%)  —  35644 checks/s  —  ETA 6s  —  0 failed so far
[OUTPUT] 2026-07-09T20:54:21.717353 skip_listing [train]:   52,000/280,000 checked (19%)  —  35690 checks/s  —  ETA 6s  —  0 failed so far
[OUTPUT] 2026-07-09T20:54:21.732070 skip_listing [train]:   52,500/280,000 checked (19%)  —  35673 checks/s  —  ETA 6s  —  0 failed so far
[OUTPUT] 2026-07-09T20:54:21.743624 skip_listing [train]:   53,000/280,000 checked (19%)  —  35732 checks/s  —  ETA 6s  —  0 failed so far
[OUTPUT] 2026-07-09T20:54:21.757145 skip_listing [train]:   53,500/280,000 checked (19%)  —  35743 checks/s  —  ETA 6s  —  0 failed so far
[OUTPUT] 2026-07-09T20:54:21.770565 skip_listing [train]:   54,000/280,000 checked (19%)  —  35757 checks/s  —  ETA 6s  —  0 failed so far
[OUTPUT] 2026-07-09T20:54:21.787364 skip_listing [train]:   54,500/280,000 checked (19%)  —  35691 checks/s  —  ETA 6s  —  0 failed so far
[OUTPUT] 2026-07-09T20:54:21.799636 skip_listing [train]:   55,000/280,000 checked (20%)  —  35731 checks/s  —  ETA 6s  —  0 failed so far
[OUTPUT] 2026-07-09T20:54:21.812605 skip_listing [train]:   55,500/280,000 checked (20%)  —  35755 checks/s  —  ETA 6s  —  0 failed so far
[OUTPUT] 2026-07-09T20:54:21.827488 skip_listing [train]:   56,000/280,000 checked (20%)  —  35734 checks/s  —  ETA 6s  —  0 failed so far
[OUTPUT] 2026-07-09T20:54:21.841023 skip_listing [train]:   56,500/280,000 checked (20%)  —  35744 checks/s  —  ETA 6s  —  0 failed so far
[OUTPUT] 2026-07-09T20:54:21.854075 skip_listing [train]:   57,000/280,000 checked (20%)  —  35765 checks/s  —  ETA 6s  —  0 failed so far
[OUTPUT] 2026-07-09T20:54:21.869047 skip_listing [train]:   57,500/280,000 checked (21%)  —  35743 checks/s  —  ETA 6s  —  0 failed so far
[OUTPUT] 2026-07-09T20:54:21.882896 skip_listing [train]:   58,000/280,000 checked (21%)  —  35746 checks/s  —  ETA 6s  —  0 failed so far
[OUTPUT] 2026-07-09T20:54:21.896584 skip_listing [train]:   58,500/280,000 checked (21%)  —  35753 checks/s  —  ETA 6s  —  0 failed so far
[OUTPUT] 2026-07-09T20:54:21.909837 skip_listing [train]:   59,000/280,000 checked (21%)  —  35769 checks/s  —  ETA 6s  —  0 failed so far
[OUTPUT] 2026-07-09T20:54:21.923210 skip_listing [train]:   59,500/280,000 checked (21%)  —  35782 checks/s  —  ETA 6s  —  0 failed so far
[OUTPUT] 2026-07-09T20:54:21.937512 skip_listing [train]:   60,000/280,000 checked (21%)  —  35775 checks/s  —  ETA 6s  —  0 failed so far
[OUTPUT] 2026-07-09T20:54:21.951581 skip_listing [train]:   60,500/280,000 checked (22%)  —  35773 checks/s  —  ETA 6s  —  0 failed so far
[OUTPUT] 2026-07-09T20:54:21.963693 skip_listing [train]:   61,000/280,000 checked (22%)  —  35812 checks/s  —  ETA 6s  —  0 failed so far
[OUTPUT] 2026-07-09T20:54:21.973958 skip_listing [train]:   61,500/280,000 checked (22%)  —  35889 checks/s  —  ETA 6s  —  0 failed so far
[OUTPUT] 2026-07-09T20:54:21.987414 skip_listing [train]:   62,000/280,000 checked (22%)  —  35899 checks/s  —  ETA 6s  —  0 failed so far
[OUTPUT] 2026-07-09T20:54:22.000885 skip_listing [train]:   62,500/280,000 checked (22%)  —  35909 checks/s  —  ETA 6s  —  0 failed so far
[OUTPUT] 2026-07-09T20:54:22.013972 skip_listing [train]:   63,000/280,000 checked (22%)  —  35926 checks/s  —  ETA 6s  —  0 failed so far
[OUTPUT] 2026-07-09T20:54:22.025554 skip_listing [train]:   63,500/280,000 checked (23%)  —  35973 checks/s  —  ETA 6s  —  0 failed so far
[OUTPUT] 2026-07-09T20:54:22.039752 skip_listing [train]:   64,000/280,000 checked (23%)  —  35967 checks/s  —  ETA 6s  —  0 failed so far
[OUTPUT] 2026-07-09T20:54:22.053011 skip_listing [train]:   64,500/280,000 checked (23%)  —  35980 checks/s  —  ETA 6s  —  0 failed so far
[OUTPUT] 2026-07-09T20:54:22.065987 skip_listing [train]:   65,000/280,000 checked (23%)  —  35998 checks/s  —  ETA 6s  —  0 failed so far
[OUTPUT] 2026-07-09T20:54:22.080953 skip_listing [train]:   65,500/280,000 checked (23%)  —  35977 checks/s  —  ETA 6s  —  0 failed so far
[OUTPUT] 2026-07-09T20:54:22.095992 skip_listing [train]:   66,000/280,000 checked (24%)  —  35955 checks/s  —  ETA 6s  —  0 failed so far
[OUTPUT] 2026-07-09T20:54:22.111331 skip_listing [train]:   66,500/280,000 checked (24%)  —  35927 checks/s  —  ETA 6s  —  0 failed so far
[OUTPUT] 2026-07-09T20:54:22.122424 skip_listing [train]:   67,000/280,000 checked (24%)  —  35981 checks/s  —  ETA 6s  —  0 failed so far
[OUTPUT] 2026-07-09T20:54:22.134361 skip_listing [train]:   67,500/280,000 checked (24%)  —  36019 checks/s  —  ETA 6s  —  0 failed so far
[OUTPUT] 2026-07-09T20:54:22.146756 skip_listing [train]:   68,000/280,000 checked (24%)  —  36047 checks/s  —  ETA 6s  —  0 failed so far
[OUTPUT] 2026-07-09T20:54:22.160399 skip_listing [train]:   68,500/280,000 checked (24%)  —  36052 checks/s  —  ETA 6s  —  0 failed so far
[OUTPUT] 2026-07-09T20:54:22.174739 skip_listing [train]:   69,000/280,000 checked (25%)  —  36043 checks/s  —  ETA 6s  —  0 failed so far
[OUTPUT] 2026-07-09T20:54:22.188689 skip_listing [train]:   69,500/280,000 checked (25%)  —  36041 checks/s  —  ETA 6s  —  0 failed so far
[OUTPUT] 2026-07-09T20:54:22.203323 skip_listing [train]:   70,000/280,000 checked (25%)  —  36027 checks/s  —  ETA 6s  —  0 failed so far
[OUTPUT] 2026-07-09T20:54:22.215483 skip_listing [train]:   70,500/280,000 checked (25%)  —  36059 checks/s  —  ETA 6s  —  0 failed so far
[OUTPUT] 2026-07-09T20:54:22.227735 skip_listing [train]:   71,000/280,000 checked (25%)  —  36089 checks/s  —  ETA 6s  —  0 failed so far
[OUTPUT] 2026-07-09T20:54:22.242424 skip_listing [train]:   71,500/280,000 checked (26%)  —  36073 checks/s  —  ETA 6s  —  0 failed so far
[OUTPUT] 2026-07-09T20:54:22.258686 skip_listing [train]:   72,000/280,000 checked (26%)  —  36030 checks/s  —  ETA 6s  —  0 failed so far
[OUTPUT] 2026-07-09T20:54:22.274201 skip_listing [train]:   72,500/280,000 checked (26%)  —  36001 checks/s  —  ETA 6s  —  0 failed so far
[OUTPUT] 2026-07-09T20:54:22.288099 skip_listing [train]:   73,000/280,000 checked (26%)  —  36001 checks/s  —  ETA 6s  —  0 failed so far
[OUTPUT] 2026-07-09T20:54:22.299492 skip_listing [train]:   73,500/280,000 checked (26%)  —  36045 checks/s  —  ETA 6s  —  0 failed so far
[OUTPUT] 2026-07-09T20:54:22.312286 skip_listing [train]:   74,000/280,000 checked (26%)  —  36064 checks/s  —  ETA 6s  —  0 failed so far
[OUTPUT] 2026-07-09T20:54:22.327407 skip_listing [train]:   74,500/280,000 checked (27%)  —  36042 checks/s  —  ETA 6s  —  0 failed so far
[OUTPUT] 2026-07-09T20:54:22.340881 skip_listing [train]:   75,000/280,000 checked (27%)  —  36049 checks/s  —  ETA 6s  —  0 failed so far
[OUTPUT] 2026-07-09T20:54:22.352804 skip_listing [train]:   75,500/280,000 checked (27%)  —  36082 checks/s  —  ETA 6s  —  0 failed so far
[OUTPUT] 2026-07-09T20:54:22.366511 skip_listing [train]:   76,000/280,000 checked (27%)  —  36085 checks/s  —  ETA 6s  —  0 failed so far
[OUTPUT] 2026-07-09T20:54:22.379963 skip_listing [train]:   76,500/280,000 checked (27%)  —  36092 checks/s  —  ETA 6s  —  0 failed so far
[OUTPUT] 2026-07-09T20:54:22.394256 skip_listing [train]:   77,000/280,000 checked (28%)  —  36084 checks/s  —  ETA 6s  —  0 failed so far
[OUTPUT] 2026-07-09T20:54:22.408706 skip_listing [train]:   77,500/280,000 checked (28%)  —  36074 checks/s  —  ETA 6s  —  0 failed so far
[OUTPUT] 2026-07-09T20:54:22.423536 skip_listing [train]:   78,000/280,000 checked (28%)  —  36058 checks/s  —  ETA 6s  —  0 failed so far
[OUTPUT] 2026-07-09T20:54:22.434426 skip_listing [train]:   78,500/280,000 checked (28%)  —  36107 checks/s  —  ETA 6s  —  0 failed so far
[OUTPUT] 2026-07-09T20:54:22.448680 skip_listing [train]:   79,000/280,000 checked (28%)  —  36101 checks/s  —  ETA 6s  —  0 failed so far
[OUTPUT] 2026-07-09T20:54:22.458708 skip_listing [train]:   79,500/280,000 checked (28%)  —  36163 checks/s  —  ETA 6s  —  0 failed so far
[OUTPUT] 2026-07-09T20:54:22.471101 skip_listing [train]:   80,000/280,000 checked (29%)  —  36187 checks/s  —  ETA 6s  —  0 failed so far
[OUTPUT] 2026-07-09T20:54:22.483420 skip_listing [train]:   80,500/280,000 checked (29%)  —  36211 checks/s  —  ETA 6s  —  0 failed so far
[OUTPUT] 2026-07-09T20:54:22.499772 skip_listing [train]:   81,000/280,000 checked (29%)  —  36170 checks/s  —  ETA 6s  —  0 failed so far
[OUTPUT] 2026-07-09T20:54:22.513128 skip_listing [train]:   81,500/280,000 checked (29%)  —  36178 checks/s  —  ETA 5s  —  0 failed so far
[OUTPUT] 2026-07-09T20:54:22.524331 skip_listing [train]:   82,000/280,000 checked (29%)  —  36219 checks/s  —  ETA 5s  —  0 failed so far
[OUTPUT] 2026-07-09T20:54:22.535701 skip_listing [train]:   82,500/280,000 checked (29%)  —  36258 checks/s  —  ETA 5s  —  0 failed so far
[OUTPUT] 2026-07-09T20:54:22.547216 skip_listing [train]:   83,000/280,000 checked (30%)  —  36294 checks/s  —  ETA 5s  —  0 failed so far
[OUTPUT] 2026-07-09T20:54:22.561550 skip_listing [train]:   83,500/280,000 checked (30%)  —  36285 checks/s  —  ETA 5s  —  0 failed so far
[OUTPUT] 2026-07-09T20:54:22.574441 skip_listing [train]:   84,000/280,000 checked (30%)  —  36299 checks/s  —  ETA 5s  —  0 failed so far
[OUTPUT] 2026-07-09T20:54:22.585489 skip_listing [train]:   84,500/280,000 checked (30%)  —  36342 checks/s  —  ETA 5s  —  0 failed so far
[OUTPUT] 2026-07-09T20:54:22.597600 skip_listing [train]:   85,000/280,000 checked (30%)  —  36368 checks/s  —  ETA 5s  —  0 failed so far
[OUTPUT] 2026-07-09T20:54:22.611761 skip_listing [train]:   85,500/280,000 checked (31%)  —  36361 checks/s  —  ETA 5s  —  0 failed so far
[OUTPUT] 2026-07-09T20:54:22.624172 skip_listing [train]:   86,000/280,000 checked (31%)  —  36382 checks/s  —  ETA 5s  —  0 failed so far
[OUTPUT] 2026-07-09T20:54:22.637484 skip_listing [train]:   86,500/280,000 checked (31%)  —  36388 checks/s  —  ETA 5s  —  0 failed so far
[OUTPUT] 2026-07-09T20:54:22.651527 skip_listing [train]:   87,000/280,000 checked (31%)  —  36384 checks/s  —  ETA 5s  —  0 failed so far
[OUTPUT] 2026-07-09T20:54:22.662730 skip_listing [train]:   87,500/280,000 checked (31%)  —  36422 checks/s  —  ETA 5s  —  0 failed so far
[OUTPUT] 2026-07-09T20:54:22.674805 skip_listing [train]:   88,000/280,000 checked (31%)  —  36447 checks/s  —  ETA 5s  —  0 failed so far
[OUTPUT] 2026-07-09T20:54:22.688026 skip_listing [train]:   88,500/280,000 checked (32%)  —  36455 checks/s  —  ETA 5s  —  0 failed so far
[OUTPUT] 2026-07-09T20:54:22.701360 skip_listing [train]:   89,000/280,000 checked (32%)  —  36460 checks/s  —  ETA 5s  —  0 failed so far
[OUTPUT] 2026-07-09T20:54:22.713851 skip_listing [train]:   89,500/280,000 checked (32%)  —  36479 checks/s  —  ETA 5s  —  0 failed so far
[OUTPUT] 2026-07-09T20:54:22.725331 skip_listing [train]:   90,000/280,000 checked (32%)  —  36511 checks/s  —  ETA 5s  —  0 failed so far
[OUTPUT] 2026-07-09T20:54:22.738736 skip_listing [train]:   90,500/280,000 checked (32%)  —  36516 checks/s  —  ETA 5s  —  0 failed so far
[OUTPUT] 2026-07-09T20:54:22.752851 skip_listing [train]:   91,000/280,000 checked (32%)  —  36510 checks/s  —  ETA 5s  —  0 failed so far
[OUTPUT] 2026-07-09T20:54:22.765152 skip_listing [train]:   91,500/280,000 checked (33%)  —  36530 checks/s  —  ETA 5s  —  0 failed so far
[OUTPUT] 2026-07-09T20:54:22.778516 skip_listing [train]:   92,000/280,000 checked (33%)  —  36535 checks/s  —  ETA 5s  —  0 failed so far
[OUTPUT] 2026-07-09T20:54:22.793478 skip_listing [train]:   92,500/280,000 checked (33%)  —  36516 checks/s  —  ETA 5s  —  0 failed so far
[OUTPUT] 2026-07-09T20:54:22.806929 skip_listing [train]:   93,000/280,000 checked (33%)  —  36520 checks/s  —  ETA 5s  —  0 failed so far
[OUTPUT] 2026-07-09T20:54:22.819401 skip_listing [train]:   93,500/280,000 checked (33%)  —  36537 checks/s  —  ETA 5s  —  0 failed so far
[OUTPUT] 2026-07-09T20:54:22.833892 skip_listing [train]:   94,000/280,000 checked (34%)  —  36526 checks/s  —  ETA 5s  —  0 failed so far
[OUTPUT] 2026-07-09T20:54:22.846622 skip_listing [train]:   94,500/280,000 checked (34%)  —  36539 checks/s  —  ETA 5s  —  0 failed so far
[OUTPUT] 2026-07-09T20:54:22.857571 skip_listing [train]:   95,000/280,000 checked (34%)  —  36578 checks/s  —  ETA 5s  —  0 failed so far
[OUTPUT] 2026-07-09T20:54:22.870013 skip_listing [train]:   95,500/280,000 checked (34%)  —  36595 checks/s  —  ETA 5s  —  0 failed so far
[OUTPUT] 2026-07-09T20:54:22.885465 skip_listing [train]:   96,000/280,000 checked (34%)  —  36570 checks/s  —  ETA 5s  —  0 failed so far
[OUTPUT] 2026-07-09T20:54:22.896346 skip_listing [train]:   96,500/280,000 checked (34%)  —  36609 checks/s  —  ETA 5s  —  0 failed so far
[OUTPUT] 2026-07-09T20:54:22.912244 skip_listing [train]:   97,000/280,000 checked (35%)  —  36578 checks/s  —  ETA 5s  —  0 failed so far
[OUTPUT] 2026-07-09T20:54:22.927272 skip_listing [train]:   97,500/280,000 checked (35%)  —  36559 checks/s  —  ETA 5s  —  0 failed so far
[OUTPUT] 2026-07-09T20:54:22.940912 skip_listing [train]:   98,000/280,000 checked (35%)  —  36560 checks/s  —  ETA 5s  —  0 failed so far
[OUTPUT] 2026-07-09T20:54:22.953367 skip_listing [train]:   98,500/280,000 checked (35%)  —  36576 checks/s  —  ETA 5s  —  0 failed so far
[OUTPUT] 2026-07-09T20:54:22.963472 skip_listing [train]:   99,000/280,000 checked (35%)  —  36624 checks/s  —  ETA 5s  —  0 failed so far
[OUTPUT] 2026-07-09T20:54:22.979163 skip_listing [train]:   99,500/280,000 checked (36%)  —  36597 checks/s  —  ETA 5s  —  0 failed so far
[OUTPUT] 2026-07-09T20:54:22.991356 skip_listing [train]:   100,000/280,000 checked (36%)  —  36617 checks/s  —  ETA 5s  —  0 failed so far
[OUTPUT] 2026-07-09T20:54:23.005644 skip_listing [train]:   100,500/280,000 checked (36%)  —  36608 checks/s  —  ETA 5s  —  0 failed so far
[OUTPUT] 2026-07-09T20:54:23.018685 skip_listing [train]:   101,000/280,000 checked (36%)  —  36616 checks/s  —  ETA 5s  —  0 failed so far
[OUTPUT] 2026-07-09T20:54:23.031424 skip_listing [train]:   101,500/280,000 checked (36%)  —  36628 checks/s  —  ETA 5s  —  0 failed so far
[OUTPUT] 2026-07-09T20:54:23.042788 skip_listing [train]:   102,000/280,000 checked (36%)  —  36659 checks/s  —  ETA 5s  —  0 failed so far
[OUTPUT] 2026-07-09T20:54:23.055488 skip_listing [train]:   102,500/280,000 checked (37%)  —  36671 checks/s  —  ETA 5s  —  0 failed so far
[OUTPUT] 2026-07-09T20:54:23.070957 skip_listing [train]:   103,000/280,000 checked (37%)  —  36647 checks/s  —  ETA 5s  —  0 failed so far
[OUTPUT] 2026-07-09T20:54:23.082039 skip_listing [train]:   103,500/280,000 checked (37%)  —  36680 checks/s  —  ETA 5s  —  0 failed so far
[OUTPUT] 2026-07-09T20:54:23.094812 skip_listing [train]:   104,000/280,000 checked (37%)  —  36691 checks/s  —  ETA 5s  —  0 failed so far
[OUTPUT] 2026-07-09T20:54:23.106616 skip_listing [train]:   104,500/280,000 checked (37%)  —  36715 checks/s  —  ETA 5s  —  0 failed so far
[OUTPUT] 2026-07-09T20:54:23.119779 skip_listing [train]:   105,000/280,000 checked (38%)  —  36721 checks/s  —  ETA 5s  —  0 failed so far
[OUTPUT] 2026-07-09T20:54:23.134505 skip_listing [train]:   105,500/280,000 checked (38%)  —  36707 checks/s  —  ETA 5s  —  0 failed so far
[OUTPUT] 2026-07-09T20:54:23.147942 skip_listing [train]:   106,000/280,000 checked (38%)  —  36709 checks/s  —  ETA 5s  —  0 failed so far
[OUTPUT] 2026-07-09T20:54:23.161910 skip_listing [train]:   106,500/280,000 checked (38%)  —  36704 checks/s  —  ETA 5s  —  0 failed so far
[OUTPUT] 2026-07-09T20:54:23.176228 skip_listing [train]:   107,000/280,000 checked (38%)  —  36696 checks/s  —  ETA 5s  —  0 failed so far
[OUTPUT] 2026-07-09T20:54:23.188407 skip_listing [train]:   107,500/280,000 checked (38%)  —  36714 checks/s  —  ETA 5s  —  0 failed so far
[OUTPUT] 2026-07-09T20:54:23.199484 skip_listing [train]:   108,000/280,000 checked (39%)  —  36746 checks/s  —  ETA 5s  —  0 failed so far
[OUTPUT] 2026-07-09T20:54:23.214127 skip_listing [train]:   108,500/280,000 checked (39%)  —  36733 checks/s  —  ETA 5s  —  0 failed so far
[OUTPUT] 2026-07-09T20:54:23.227671 skip_listing [train]:   109,000/280,000 checked (39%)  —  36734 checks/s  —  ETA 5s  —  0 failed so far
[OUTPUT] 2026-07-09T20:54:23.239311 skip_listing [train]:   109,500/280,000 checked (39%)  —  36758 checks/s  —  ETA 5s  —  0 failed so far
[OUTPUT] 2026-07-09T20:54:23.253652 skip_listing [train]:   110,000/280,000 checked (39%)  —  36749 checks/s  —  ETA 5s  —  0 failed so far
[OUTPUT] 2026-07-09T20:54:23.266997 skip_listing [train]:   110,500/280,000 checked (39%)  —  36752 checks/s  —  ETA 5s  —  0 failed so far
[OUTPUT] 2026-07-09T20:54:23.279834 skip_listing [train]:   111,000/280,000 checked (40%)  —  36761 checks/s  —  ETA 5s  —  0 failed so far
[OUTPUT] 2026-07-09T20:54:23.292361 skip_listing [train]:   111,500/280,000 checked (40%)  —  36774 checks/s  —  ETA 5s  —  0 failed so far
[OUTPUT] 2026-07-09T20:54:23.308353 skip_listing [train]:   112,000/280,000 checked (40%)  —  36745 checks/s  —  ETA 5s  —  0 failed so far
[OUTPUT] 2026-07-09T20:54:23.320965 skip_listing [train]:   112,500/280,000 checked (40%)  —  36757 checks/s  —  ETA 5s  —  0 failed so far
[OUTPUT] 2026-07-09T20:54:23.330880 skip_listing [train]:   113,000/280,000 checked (40%)  —  36802 checks/s  —  ETA 5s  —  0 failed so far
[OUTPUT] 2026-07-09T20:54:23.345372 skip_listing [train]:   113,500/280,000 checked (41%)  —  36791 checks/s  —  ETA 5s  —  0 failed so far
[OUTPUT] 2026-07-09T20:54:23.359015 skip_listing [train]:   114,000/280,000 checked (41%)  —  36790 checks/s  —  ETA 5s  —  0 failed so far
[OUTPUT] 2026-07-09T20:54:23.374325 skip_listing [train]:   114,500/280,000 checked (41%)  —  36770 checks/s  —  ETA 5s  —  0 failed so far
[OUTPUT] 2026-07-09T20:54:23.387249 skip_listing [train]:   115,000/280,000 checked (41%)  —  36778 checks/s  —  ETA 4s  —  0 failed so far
[OUTPUT] 2026-07-09T20:54:23.399747 skip_listing [train]:   115,500/280,000 checked (41%)  —  36791 checks/s  —  ETA 4s  —  0 failed so far
[OUTPUT] 2026-07-09T20:54:23.412703 skip_listing [train]:   116,000/280,000 checked (41%)  —  36798 checks/s  —  ETA 4s  —  0 failed so far
[OUTPUT] 2026-07-09T20:54:23.428151 skip_listing [train]:   116,500/280,000 checked (42%)  —  36776 checks/s  —  ETA 4s  —  0 failed so far
[OUTPUT] 2026-07-09T20:54:23.442471 skip_listing [train]:   117,000/280,000 checked (42%)  —  36768 checks/s  —  ETA 4s  —  0 failed so far
[OUTPUT] 2026-07-09T20:54:23.455559 skip_listing [train]:   117,500/280,000 checked (42%)  —  36774 checks/s  —  ETA 4s  —  0 failed so far
[OUTPUT] 2026-07-09T20:54:23.469700 skip_listing [train]:   118,000/280,000 checked (42%)  —  36768 checks/s  —  ETA 4s  —  0 failed so far
[OUTPUT] 2026-07-09T20:54:23.482353 skip_listing [train]:   118,500/280,000 checked (42%)  —  36778 checks/s  —  ETA 4s  —  0 failed so far
[OUTPUT] 2026-07-09T20:54:23.494692 skip_listing [train]:   119,000/280,000 checked (42%)  —  36793 checks/s  —  ETA 4s  —  0 failed so far
[OUTPUT] 2026-07-09T20:54:23.510020 skip_listing [train]:   119,500/280,000 checked (43%)  —  36773 checks/s  —  ETA 4s  —  0 failed so far
[OUTPUT] 2026-07-09T20:54:23.522770 skip_listing [train]:   120,000/280,000 checked (43%)  —  36783 checks/s  —  ETA 4s  —  0 failed so far
[OUTPUT] 2026-07-09T20:54:23.535486 skip_listing [train]:   120,500/280,000 checked (43%)  —  36792 checks/s  —  ETA 4s  —  0 failed so far
[OUTPUT] 2026-07-09T20:54:23.548775 skip_listing [train]:   121,000/280,000 checked (43%)  —  36796 checks/s  —  ETA 4s  —  0 failed so far
[OUTPUT] 2026-07-09T20:54:23.561889 skip_listing [train]:   121,500/280,000 checked (43%)  —  36801 checks/s  —  ETA 4s  —  0 failed so far
[OUTPUT] 2026-07-09T20:54:23.573750 skip_listing [train]:   122,000/280,000 checked (44%)  —  36820 checks/s  —  ETA 4s  —  0 failed so far
[OUTPUT] 2026-07-09T20:54:23.585432 skip_listing [train]:   122,500/280,000 checked (44%)  —  36841 checks/s  —  ETA 4s  —  0 failed so far
[OUTPUT] 2026-07-09T20:54:23.600769 skip_listing [train]:   123,000/280,000 checked (44%)  —  36822 checks/s  —  ETA 4s  —  0 failed so far
[OUTPUT] 2026-07-09T20:54:23.616717 skip_listing [train]:   123,500/280,000 checked (44%)  —  36796 checks/s  —  ETA 4s  —  0 failed so far
[OUTPUT] 2026-07-09T20:54:23.630101 skip_listing [train]:   124,000/280,000 checked (44%)  —  36798 checks/s  —  ETA 4s  —  0 failed so far
[OUTPUT] 2026-07-09T20:54:23.644229 skip_listing [train]:   124,500/280,000 checked (44%)  —  36792 checks/s  —  ETA 4s  —  0 failed so far
[OUTPUT] 2026-07-09T20:54:23.657847 skip_listing [train]:   125,000/280,000 checked (45%)  —  36792 checks/s  —  ETA 4s  —  0 failed so far
[OUTPUT] 2026-07-09T20:54:23.671561 skip_listing [train]:   125,500/280,000 checked (45%)  —  36791 checks/s  —  ETA 4s  —  0 failed so far
[OUTPUT] 2026-07-09T20:54:23.686369 skip_listing [train]:   126,000/280,000 checked (45%)  —  36777 checks/s  —  ETA 4s  —  0 failed so far
[OUTPUT] 2026-07-09T20:54:23.698660 skip_listing [train]:   126,500/280,000 checked (45%)  —  36791 checks/s  —  ETA 4s  —  0 failed so far
[OUTPUT] 2026-07-09T20:54:23.712063 skip_listing [train]:   127,000/280,000 checked (45%)  —  36793 checks/s  —  ETA 4s  —  0 failed so far
[OUTPUT] 2026-07-09T20:54:23.727085 skip_listing [train]:   127,500/280,000 checked (46%)  —  36778 checks/s  —  ETA 4s  —  0 failed so far
[OUTPUT] 2026-07-09T20:54:23.741023 skip_listing [train]:   128,000/280,000 checked (46%)  —  36775 checks/s  —  ETA 4s  —  0 failed so far
[OUTPUT] 2026-07-09T20:54:23.756846 skip_listing [train]:   128,500/280,000 checked (46%)  —  36751 checks/s  —  ETA 4s  —  0 failed so far
[OUTPUT] 2026-07-09T20:54:23.770621 skip_listing [train]:   129,000/280,000 checked (46%)  —  36749 checks/s  —  ETA 4s  —  0 failed so far
[OUTPUT] 2026-07-09T20:54:23.786250 skip_listing [train]:   129,500/280,000 checked (46%)  —  36728 checks/s  —  ETA 4s  —  0 failed so far
[OUTPUT] 2026-07-09T20:54:23.800321 skip_listing [train]:   130,000/280,000 checked (46%)  —  36724 checks/s  —  ETA 4s  —  0 failed so far
[OUTPUT] 2026-07-09T20:54:23.813958 skip_listing [train]:   130,500/280,000 checked (47%)  —  36723 checks/s  —  ETA 4s  —  0 failed so far
[OUTPUT] 2026-07-09T20:54:23.829212 skip_listing [train]:   131,000/280,000 checked (47%)  —  36706 checks/s  —  ETA 4s  —  0 failed so far
[OUTPUT] 2026-07-09T20:54:23.844876 skip_listing [train]:   131,500/280,000 checked (47%)  —  36686 checks/s  —  ETA 4s  —  0 failed so far
[OUTPUT] 2026-07-09T20:54:23.856189 skip_listing [train]:   132,000/280,000 checked (47%)  —  36709 checks/s  —  ETA 4s  —  0 failed so far
[OUTPUT] 2026-07-09T20:54:23.867428 skip_listing [train]:   132,500/280,000 checked (47%)  —  36733 checks/s  —  ETA 4s  —  0 failed so far
[OUTPUT] 2026-07-09T20:54:23.879771 skip_listing [train]:   133,000/280,000 checked (48%)  —  36746 checks/s  —  ETA 4s  —  0 failed so far
[OUTPUT] 2026-07-09T20:54:23.893179 skip_listing [train]:   133,500/280,000 checked (48%)  —  36748 checks/s  —  ETA 4s  —  0 failed so far
[OUTPUT] 2026-07-09T20:54:23.908074 skip_listing [train]:   134,000/280,000 checked (48%)  —  36735 checks/s  —  ETA 4s  —  0 failed so far
[OUTPUT] 2026-07-09T20:54:23.922817 skip_listing [train]:   134,500/280,000 checked (48%)  —  36724 checks/s  —  ETA 4s  —  0 failed so far
[OUTPUT] 2026-07-09T20:54:23.935888 skip_listing [train]:   135,000/280,000 checked (48%)  —  36729 checks/s  —  ETA 4s  —  0 failed so far
[OUTPUT] 2026-07-09T20:54:23.948613 skip_listing [train]:   135,500/280,000 checked (48%)  —  36738 checks/s  —  ETA 4s  —  0 failed so far
[OUTPUT] 2026-07-09T20:54:23.962230 skip_listing [train]:   136,000/280,000 checked (49%)  —  36738 checks/s  —  ETA 4s  —  0 failed so far
[OUTPUT] 2026-07-09T20:54:23.976581 skip_listing [train]:   136,500/280,000 checked (49%)  —  36731 checks/s  —  ETA 4s  —  0 failed so far
[OUTPUT] 2026-07-09T20:54:23.991449 skip_listing [train]:   137,000/280,000 checked (49%)  —  36718 checks/s  —  ETA 4s  —  0 failed so far
[OUTPUT] 2026-07-09T20:54:24.006091 skip_listing [train]:   137,500/280,000 checked (49%)  —  36708 checks/s  —  ETA 4s  —  0 failed so far
[OUTPUT] 2026-07-09T20:54:24.018025 skip_listing [train]:   138,000/280,000 checked (49%)  —  36725 checks/s  —  ETA 4s  —  0 failed so far
[OUTPUT] 2026-07-09T20:54:24.030542 skip_listing [train]:   138,500/280,000 checked (49%)  —  36736 checks/s  —  ETA 4s  —  0 failed so far
[OUTPUT] 2026-07-09T20:54:24.044728 skip_listing [train]:   139,000/280,000 checked (50%)  —  36730 checks/s  —  ETA 4s  —  0 failed so far
[OUTPUT] 2026-07-09T20:54:24.057311 skip_listing [train]:   139,500/280,000 checked (50%)  —  36740 checks/s  —  ETA 4s  —  0 failed so far
[OUTPUT] 2026-07-09T20:54:24.073761 skip_listing [train]:   140,000/280,000 checked (50%)  —  36713 checks/s  —  ETA 4s  —  0 failed so far
[OUTPUT] 2026-07-09T20:54:24.089082 skip_listing [train]:   140,500/280,000 checked (50%)  —  36696 checks/s  —  ETA 4s  —  0 failed so far
[OUTPUT] 2026-07-09T20:54:24.101540 skip_listing [train]:   141,000/280,000 checked (50%)  —  36707 checks/s  —  ETA 4s  —  0 failed so far
[OUTPUT] 2026-07-09T20:54:24.115905 skip_listing [train]:   141,500/280,000 checked (51%)  —  36700 checks/s  —  ETA 4s  —  0 failed so far
[OUTPUT] 2026-07-09T20:54:24.131920 skip_listing [train]:   142,000/280,000 checked (51%)  —  36678 checks/s  —  ETA 4s  —  0 failed so far
[OUTPUT] 2026-07-09T20:54:24.147883 skip_listing [train]:   142,500/280,000 checked (51%)  —  36656 checks/s  —  ETA 4s  —  0 failed so far
[OUTPUT] 2026-07-09T20:54:24.161218 skip_listing [train]:   143,000/280,000 checked (51%)  —  36659 checks/s  —  ETA 4s  —  0 failed so far
[OUTPUT] 2026-07-09T20:54:24.173823 skip_listing [train]:   143,500/280,000 checked (51%)  —  36668 checks/s  —  ETA 4s  —  0 failed so far
[OUTPUT] 2026-07-09T20:54:24.185664 skip_listing [train]:   144,000/280,000 checked (51%)  —  36685 checks/s  —  ETA 4s  —  0 failed so far
[OUTPUT] 2026-07-09T20:54:24.198189 skip_listing [train]:   144,500/280,000 checked (52%)  —  36695 checks/s  —  ETA 4s  —  0 failed so far
[OUTPUT] 2026-07-09T20:54:24.213140 skip_listing [train]:   145,000/280,000 checked (52%)  —  36683 checks/s  —  ETA 4s  —  0 failed so far
[OUTPUT] 2026-07-09T20:54:24.227941 skip_listing [train]:   145,500/280,000 checked (52%)  —  36672 checks/s  —  ETA 4s  —  0 failed so far
[OUTPUT] 2026-07-09T20:54:24.242004 skip_listing [train]:   146,000/280,000 checked (52%)  —  36668 checks/s  —  ETA 4s  —  0 failed so far
[OUTPUT] 2026-07-09T20:54:24.254280 skip_listing [train]:   146,500/280,000 checked (52%)  —  36681 checks/s  —  ETA 4s  —  0 failed so far
[OUTPUT] 2026-07-09T20:54:24.270471 skip_listing [train]:   147,000/280,000 checked (52%)  —  36657 checks/s  —  ETA 4s  —  0 failed so far
[OUTPUT] 2026-07-09T20:54:24.281261 skip_listing [train]:   147,500/280,000 checked (53%)  —  36683 checks/s  —  ETA 4s  —  0 failed so far
[OUTPUT] 2026-07-09T20:54:24.296954 skip_listing [train]:   148,000/280,000 checked (53%)  —  36665 checks/s  —  ETA 4s  —  0 failed so far
[OUTPUT] 2026-07-09T20:54:24.312029 skip_listing [train]:   148,500/280,000 checked (53%)  —  36652 checks/s  —  ETA 4s  —  0 failed so far
[OUTPUT] 2026-07-09T20:54:24.327790 skip_listing [train]:   149,000/280,000 checked (53%)  —  36632 checks/s  —  ETA 4s  —  0 failed so far
[OUTPUT] 2026-07-09T20:54:24.344010 skip_listing [train]:   149,500/280,000 checked (53%)  —  36609 checks/s  —  ETA 4s  —  0 failed so far
[OUTPUT] 2026-07-09T20:54:24.359770 skip_listing [train]:   150,000/280,000 checked (54%)  —  36591 checks/s  —  ETA 4s  —  0 failed so far
[OUTPUT] 2026-07-09T20:54:24.372908 skip_listing [train]:   150,500/280,000 checked (54%)  —  36595 checks/s  —  ETA 4s  —  0 failed so far
[OUTPUT] 2026-07-09T20:54:24.385310 skip_listing [train]:   151,000/280,000 checked (54%)  —  36606 checks/s  —  ETA 4s  —  0 failed so far
[OUTPUT] 2026-07-09T20:54:24.399749 skip_listing [train]:   151,500/280,000 checked (54%)  —  36600 checks/s  —  ETA 4s  —  0 failed so far
[OUTPUT] 2026-07-09T20:54:24.413823 skip_listing [train]:   152,000/280,000 checked (54%)  —  36596 checks/s  —  ETA 3s  —  0 failed so far
[OUTPUT] 2026-07-09T20:54:24.427325 skip_listing [train]:   152,500/280,000 checked (54%)  —  36597 checks/s  —  ETA 3s  —  0 failed so far
[OUTPUT] 2026-07-09T20:54:24.441434 skip_listing [train]:   153,000/280,000 checked (55%)  —  36593 checks/s  —  ETA 3s  —  0 failed so far
[OUTPUT] 2026-07-09T20:54:24.454165 skip_listing [train]:   153,500/280,000 checked (55%)  —  36602 checks/s  —  ETA 3s  —  0 failed so far
[OUTPUT] 2026-07-09T20:54:24.469841 skip_listing [train]:   154,000/280,000 checked (55%)  —  36584 checks/s  —  ETA 3s  —  0 failed so far
[OUTPUT] 2026-07-09T20:54:24.484762 skip_listing [train]:   154,500/280,000 checked (55%)  —  36573 checks/s  —  ETA 3s  —  0 failed so far
[OUTPUT] 2026-07-09T20:54:24.498926 skip_listing [train]:   155,000/280,000 checked (55%)  —  36569 checks/s  —  ETA 3s  —  0 failed so far
[OUTPUT] 2026-07-09T20:54:24.513259 skip_listing [train]:   155,500/280,000 checked (56%)  —  36563 checks/s  —  ETA 3s  —  0 failed so far
[OUTPUT] 2026-07-09T20:54:24.526284 skip_listing [train]:   156,000/280,000 checked (56%)  —  36569 checks/s  —  ETA 3s  —  0 failed so far
[OUTPUT] 2026-07-09T20:54:24.541414 skip_listing [train]:   156,500/280,000 checked (56%)  —  36556 checks/s  —  ETA 3s  —  0 failed so far
[OUTPUT] 2026-07-09T20:54:24.555595 skip_listing [train]:   157,000/280,000 checked (56%)  —  36552 checks/s  —  ETA 3s  —  0 failed so far
[OUTPUT] 2026-07-09T20:54:24.569173 skip_listing [train]:   157,500/280,000 checked (56%)  —  36553 checks/s  —  ETA 3s  —  0 failed so far
[OUTPUT] 2026-07-09T20:54:24.585292 skip_listing [train]:   158,000/280,000 checked (56%)  —  36532 checks/s  —  ETA 3s  —  0 failed so far
[OUTPUT] 2026-07-09T20:54:24.598403 skip_listing [train]:   158,500/280,000 checked (57%)  —  36537 checks/s  —  ETA 3s  —  0 failed so far
[OUTPUT] 2026-07-09T20:54:24.609833 skip_listing [train]:   159,000/280,000 checked (57%)  —  36556 checks/s  —  ETA 3s  —  0 failed so far
[OUTPUT] 2026-07-09T20:54:24.623143 skip_listing [train]:   159,500/280,000 checked (57%)  —  36559 checks/s  —  ETA 3s  —  0 failed so far
[OUTPUT] 2026-07-09T20:54:24.635376 skip_listing [train]:   160,000/280,000 checked (57%)  —  36571 checks/s  —  ETA 3s  —  0 failed so far
[OUTPUT] 2026-07-09T20:54:24.649702 skip_listing [train]:   160,500/280,000 checked (57%)  —  36566 checks/s  —  ETA 3s  —  0 failed so far
[OUTPUT] 2026-07-09T20:54:24.665636 skip_listing [train]:   161,000/280,000 checked (58%)  —  36547 checks/s  —  ETA 3s  —  0 failed so far
[OUTPUT] 2026-07-09T20:54:24.678075 skip_listing [train]:   161,500/280,000 checked (58%)  —  36557 checks/s  —  ETA 3s  —  0 failed so far
[OUTPUT] 2026-07-09T20:54:24.690674 skip_listing [train]:   162,000/280,000 checked (58%)  —  36566 checks/s  —  ETA 3s  —  0 failed so far
[OUTPUT] 2026-07-09T20:54:24.703955 skip_listing [train]:   162,500/280,000 checked (58%)  —  36569 checks/s  —  ETA 3s  —  0 failed so far
[OUTPUT] 2026-07-09T20:54:24.717251 skip_listing [train]:   163,000/280,000 checked (58%)  —  36573 checks/s  —  ETA 3s  —  0 failed so far
[OUTPUT] 2026-07-09T20:54:24.732624 skip_listing [train]:   163,500/280,000 checked (58%)  —  36559 checks/s  —  ETA 3s  —  0 failed so far
[OUTPUT] 2026-07-09T20:54:24.745271 skip_listing [train]:   164,000/280,000 checked (59%)  —  36567 checks/s  —  ETA 3s  —  0 failed so far
[OUTPUT] 2026-07-09T20:54:24.757225 skip_listing [train]:   164,500/280,000 checked (59%)  —  36581 checks/s  —  ETA 3s  —  0 failed so far
[OUTPUT] 2026-07-09T20:54:24.770259 skip_listing [train]:   165,000/280,000 checked (59%)  —  36586 checks/s  —  ETA 3s  —  0 failed so far
[OUTPUT] 2026-07-09T20:54:24.783722 skip_listing [train]:   165,500/280,000 checked (59%)  —  36588 checks/s  —  ETA 3s  —  0 failed so far
[OUTPUT] 2026-07-09T20:54:24.797615 skip_listing [train]:   166,000/280,000 checked (59%)  —  36586 checks/s  —  ETA 3s  —  0 failed so far
[OUTPUT] 2026-07-09T20:54:24.814142 skip_listing [train]:   166,500/280,000 checked (59%)  —  36563 checks/s  —  ETA 3s  —  0 failed so far
[OUTPUT] 2026-07-09T20:54:24.827804 skip_listing [train]:   167,000/280,000 checked (60%)  —  36563 checks/s  —  ETA 3s  —  0 failed so far
[OUTPUT] 2026-07-09T20:54:24.843169 skip_listing [train]:   167,500/280,000 checked (60%)  —  36550 checks/s  —  ETA 3s  —  0 failed so far
[OUTPUT] 2026-07-09T20:54:24.856030 skip_listing [train]:   168,000/280,000 checked (60%)  —  36556 checks/s  —  ETA 3s  —  0 failed so far
[OUTPUT] 2026-07-09T20:54:24.871130 skip_listing [train]:   168,500/280,000 checked (60%)  —  36545 checks/s  —  ETA 3s  —  0 failed so far
[OUTPUT] 2026-07-09T20:54:24.884325 skip_listing [train]:   169,000/280,000 checked (60%)  —  36549 checks/s  —  ETA 3s  —  0 failed so far
[OUTPUT] 2026-07-09T20:54:24.897691 skip_listing [train]:   169,500/280,000 checked (61%)  —  36551 checks/s  —  ETA 3s  —  0 failed so far
[OUTPUT] 2026-07-09T20:54:24.910945 skip_listing [train]:   170,000/280,000 checked (61%)  —  36555 checks/s  —  ETA 3s  —  0 failed so far
[OUTPUT] 2026-07-09T20:54:24.924882 skip_listing [train]:   170,500/280,000 checked (61%)  —  36552 checks/s  —  ETA 3s  —  0 failed so far
[OUTPUT] 2026-07-09T20:54:24.938073 skip_listing [train]:   171,000/280,000 checked (61%)  —  36556 checks/s  —  ETA 3s  —  0 failed so far
[OUTPUT] 2026-07-09T20:54:24.951153 skip_listing [train]:   171,500/280,000 checked (61%)  —  36561 checks/s  —  ETA 3s  —  0 failed so far
[OUTPUT] 2026-07-09T20:54:24.964081 skip_listing [train]:   172,000/280,000 checked (61%)  —  36567 checks/s  —  ETA 3s  —  0 failed so far
[OUTPUT] 2026-07-09T20:54:24.976456 skip_listing [train]:   172,500/280,000 checked (62%)  —  36577 checks/s  —  ETA 3s  —  0 failed so far
[OUTPUT] 2026-07-09T20:54:24.990539 skip_listing [train]:   173,000/280,000 checked (62%)  —  36574 checks/s  —  ETA 3s  —  0 failed so far
[OUTPUT] 2026-07-09T20:54:25.000932 skip_listing [train]:   173,500/280,000 checked (62%)  —  36599 checks/s  —  ETA 3s  —  0 failed so far
[OUTPUT] 2026-07-09T20:54:25.013871 skip_listing [train]:   174,000/280,000 checked (62%)  —  36604 checks/s  —  ETA 3s  —  0 failed so far
[OUTPUT] 2026-07-09T20:54:25.027315 skip_listing [train]:   174,500/280,000 checked (62%)  —  36606 checks/s  —  ETA 3s  —  0 failed so far
[OUTPUT] 2026-07-09T20:54:25.041011 skip_listing [train]:   175,000/280,000 checked (62%)  —  36606 checks/s  —  ETA 3s  —  0 failed so far
[OUTPUT] 2026-07-09T20:54:25.054769 skip_listing [train]:   175,500/280,000 checked (63%)  —  36605 checks/s  —  ETA 3s  —  0 failed so far
[OUTPUT] 2026-07-09T20:54:25.069049 skip_listing [train]:   176,000/280,000 checked (63%)  —  36600 checks/s  —  ETA 3s  —  0 failed so far
[OUTPUT] 2026-07-09T20:54:25.081145 skip_listing [train]:   176,500/280,000 checked (63%)  —  36612 checks/s  —  ETA 3s  —  0 failed so far
[OUTPUT] 2026-07-09T20:54:25.096496 skip_listing [train]:   177,000/280,000 checked (63%)  —  36599 checks/s  —  ETA 3s  —  0 failed so far
[OUTPUT] 2026-07-09T20:54:25.109984 skip_listing [train]:   177,500/280,000 checked (63%)  —  36601 checks/s  —  ETA 3s  —  0 failed so far
[OUTPUT] 2026-07-09T20:54:25.125011 skip_listing [train]:   178,000/280,000 checked (64%)  —  36590 checks/s  —  ETA 3s  —  0 failed so far
[OUTPUT] 2026-07-09T20:54:25.137294 skip_listing [train]:   178,500/280,000 checked (64%)  —  36601 checks/s  —  ETA 3s  —  0 failed so far
[OUTPUT] 2026-07-09T20:54:25.150867 skip_listing [train]:   179,000/280,000 checked (64%)  —  36601 checks/s  —  ETA 3s  —  0 failed so far
[OUTPUT] 2026-07-09T20:54:25.164533 skip_listing [train]:   179,500/280,000 checked (64%)  —  36601 checks/s  —  ETA 3s  —  0 failed so far
[OUTPUT] 2026-07-09T20:54:25.179791 skip_listing [train]:   180,000/280,000 checked (64%)  —  36590 checks/s  —  ETA 3s  —  0 failed so far
[OUTPUT] 2026-07-09T20:54:25.194499 skip_listing [train]:   180,500/280,000 checked (64%)  —  36582 checks/s  —  ETA 3s  —  0 failed so far
[OUTPUT] 2026-07-09T20:54:25.209689 skip_listing [train]:   181,000/280,000 checked (65%)  —  36571 checks/s  —  ETA 3s  —  0 failed so far
[OUTPUT] 2026-07-09T20:54:25.224172 skip_listing [train]:   181,500/280,000 checked (65%)  —  36565 checks/s  —  ETA 3s  —  0 failed so far
[OUTPUT] 2026-07-09T20:54:25.237499 skip_listing [train]:   182,000/280,000 checked (65%)  —  36567 checks/s  —  ETA 3s  —  0 failed so far
[OUTPUT] 2026-07-09T20:54:25.252467 skip_listing [train]:   182,500/280,000 checked (65%)  —  36558 checks/s  —  ETA 3s  —  0 failed so far
[OUTPUT] 2026-07-09T20:54:25.270540 skip_listing [train]:   183,000/280,000 checked (65%)  —  36526 checks/s  —  ETA 3s  —  0 failed so far
[OUTPUT] 2026-07-09T20:54:25.285049 skip_listing [train]:   183,500/280,000 checked (66%)  —  36520 checks/s  —  ETA 3s  —  0 failed so far
[OUTPUT] 2026-07-09T20:54:25.297073 skip_listing [train]:   184,000/280,000 checked (66%)  —  36532 checks/s  —  ETA 3s  —  0 failed so far
[OUTPUT] 2026-07-09T20:54:25.310102 skip_listing [train]:   184,500/280,000 checked (66%)  —  36536 checks/s  —  ETA 3s  —  0 failed so far
[OUTPUT] 2026-07-09T20:54:25.324268 skip_listing [train]:   185,000/280,000 checked (66%)  —  36533 checks/s  —  ETA 3s  —  0 failed so far
[OUTPUT] 2026-07-09T20:54:25.338063 skip_listing [train]:   185,500/280,000 checked (66%)  —  36532 checks/s  —  ETA 3s  —  0 failed so far
[OUTPUT] 2026-07-09T20:54:25.350413 skip_listing [train]:   186,000/280,000 checked (66%)  —  36542 checks/s  —  ETA 3s  —  0 failed so far
[OUTPUT] 2026-07-09T20:54:25.363332 skip_listing [train]:   186,500/280,000 checked (67%)  —  36547 checks/s  —  ETA 3s  —  0 failed so far
[OUTPUT] 2026-07-09T20:54:25.378529 skip_listing [train]:   187,000/280,000 checked (67%)  —  36536 checks/s  —  ETA 3s  —  0 failed so far
[OUTPUT] 2026-07-09T20:54:25.393047 skip_listing [train]:   187,500/280,000 checked (67%)  —  36531 checks/s  —  ETA 3s  —  0 failed so far
[OUTPUT] 2026-07-09T20:54:25.408094 skip_listing [train]:   188,000/280,000 checked (67%)  —  36521 checks/s  —  ETA 3s  —  0 failed so far
[OUTPUT] 2026-07-09T20:54:25.422973 skip_listing [train]:   188,500/280,000 checked (67%)  —  36512 checks/s  —  ETA 3s  —  0 failed so far
[OUTPUT] 2026-07-09T20:54:25.438498 skip_listing [train]:   189,000/280,000 checked (68%)  —  36500 checks/s  —  ETA 2s  —  0 failed so far
[OUTPUT] 2026-07-09T20:54:25.455310 skip_listing [train]:   189,500/280,000 checked (68%)  —  36478 checks/s  —  ETA 2s  —  0 failed so far
[OUTPUT] 2026-07-09T20:54:25.469586 skip_listing [train]:   190,000/280,000 checked (68%)  —  36474 checks/s  —  ETA 2s  —  0 failed so far
[OUTPUT] 2026-07-09T20:54:25.482760 skip_listing [train]:   190,500/280,000 checked (68%)  —  36477 checks/s  —  ETA 2s  —  0 failed so far
[OUTPUT] 2026-07-09T20:54:25.498108 skip_listing [train]:   191,000/280,000 checked (68%)  —  36466 checks/s  —  ETA 2s  —  0 failed so far
[OUTPUT] 2026-07-09T20:54:25.510987 skip_listing [train]:   191,500/280,000 checked (68%)  —  36472 checks/s  —  ETA 2s  —  0 failed so far
[OUTPUT] 2026-07-09T20:54:25.526001 skip_listing [train]:   192,000/280,000 checked (69%)  —  36463 checks/s  —  ETA 2s  —  0 failed so far
[OUTPUT] 2026-07-09T20:54:25.540298 skip_listing [train]:   192,500/280,000 checked (69%)  —  36459 checks/s  —  ETA 2s  —  0 failed so far
[OUTPUT] 2026-07-09T20:54:25.554716 skip_listing [train]:   193,000/280,000 checked (69%)  —  36454 checks/s  —  ETA 2s  —  0 failed so far
[OUTPUT] 2026-07-09T20:54:25.571828 skip_listing [train]:   193,500/280,000 checked (69%)  —  36431 checks/s  —  ETA 2s  —  0 failed so far
[OUTPUT] 2026-07-09T20:54:25.584711 skip_listing [train]:   194,000/280,000 checked (69%)  —  36436 checks/s  —  ETA 2s  —  0 failed so far
[OUTPUT] 2026-07-09T20:54:25.597370 skip_listing [train]:   194,500/280,000 checked (69%)  —  36444 checks/s  —  ETA 2s  —  0 failed so far
[OUTPUT] 2026-07-09T20:54:25.610439 skip_listing [train]:   195,000/280,000 checked (70%)  —  36448 checks/s  —  ETA 2s  —  0 failed so far
[OUTPUT] 2026-07-09T20:54:25.622267 skip_listing [train]:   195,500/280,000 checked (70%)  —  36461 checks/s  —  ETA 2s  —  0 failed so far
[OUTPUT] 2026-07-09T20:54:25.634088 skip_listing [train]:   196,000/280,000 checked (70%)  —  36474 checks/s  —  ETA 2s  —  0 failed so far
[OUTPUT] 2026-07-09T20:54:25.648193 skip_listing [train]:   196,500/280,000 checked (70%)  —  36471 checks/s  —  ETA 2s  —  0 failed so far
[OUTPUT] 2026-07-09T20:54:25.661769 skip_listing [train]:   197,000/280,000 checked (70%)  —  36472 checks/s  —  ETA 2s  —  0 failed so far
[OUTPUT] 2026-07-09T20:54:25.674664 skip_listing [train]:   197,500/280,000 checked (71%)  —  36477 checks/s  —  ETA 2s  —  0 failed so far
[OUTPUT] 2026-07-09T20:54:25.687851 skip_listing [train]:   198,000/280,000 checked (71%)  —  36481 checks/s  —  ETA 2s  —  0 failed so far
[OUTPUT] 2026-07-09T20:54:25.701500 skip_listing [train]:   198,500/280,000 checked (71%)  —  36481 checks/s  —  ETA 2s  —  0 failed so far
[OUTPUT] 2026-07-09T20:54:25.717006 skip_listing [train]:   199,000/280,000 checked (71%)  —  36469 checks/s  —  ETA 2s  —  0 failed so far
[OUTPUT] 2026-07-09T20:54:25.731396 skip_listing [train]:   199,500/280,000 checked (71%)  —  36465 checks/s  —  ETA 2s  —  0 failed so far
[OUTPUT] 2026-07-09T20:54:25.744537 skip_listing [train]:   200,000/280,000 checked (71%)  —  36469 checks/s  —  ETA 2s  —  0 failed so far
[OUTPUT] 2026-07-09T20:54:25.758461 skip_listing [train]:   200,500/280,000 checked (72%)  —  36467 checks/s  —  ETA 2s  —  0 failed so far
[OUTPUT] 2026-07-09T20:54:25.769705 skip_listing [train]:   201,000/280,000 checked (72%)  —  36483 checks/s  —  ETA 2s  —  0 failed so far
[OUTPUT] 2026-07-09T20:54:25.782674 skip_listing [train]:   201,500/280,000 checked (72%)  —  36488 checks/s  —  ETA 2s  —  0 failed so far
[OUTPUT] 2026-07-09T20:54:25.799403 skip_listing [train]:   202,000/280,000 checked (72%)  —  36468 checks/s  —  ETA 2s  —  0 failed so far
[OUTPUT] 2026-07-09T20:54:25.813878 skip_listing [train]:   202,500/280,000 checked (72%)  —  36463 checks/s  —  ETA 2s  —  0 failed so far
[OUTPUT] 2026-07-09T20:54:25.828478 skip_listing [train]:   203,000/280,000 checked (72%)  —  36458 checks/s  —  ETA 2s  —  0 failed so far
[OUTPUT] 2026-07-09T20:54:25.843909 skip_listing [train]:   203,500/280,000 checked (73%)  —  36446 checks/s  —  ETA 2s  —  0 failed so far
[OUTPUT] 2026-07-09T20:54:25.858687 skip_listing [train]:   204,000/280,000 checked (73%)  —  36439 checks/s  —  ETA 2s  —  0 failed so far
[OUTPUT] 2026-07-09T20:54:25.874016 skip_listing [train]:   204,500/280,000 checked (73%)  —  36429 checks/s  —  ETA 2s  —  0 failed so far
[OUTPUT] 2026-07-09T20:54:25.889252 skip_listing [train]:   205,000/280,000 checked (73%)  —  36419 checks/s  —  ETA 2s  —  0 failed so far
[OUTPUT] 2026-07-09T20:54:25.904009 skip_listing [train]:   205,500/280,000 checked (73%)  —  36413 checks/s  —  ETA 2s  —  0 failed so far
[OUTPUT] 2026-07-09T20:54:25.919072 skip_listing [train]:   206,000/280,000 checked (74%)  —  36404 checks/s  —  ETA 2s  —  0 failed so far
[OUTPUT] 2026-07-09T20:54:25.932641 skip_listing [train]:   206,500/280,000 checked (74%)  —  36405 checks/s  —  ETA 2s  —  0 failed so far
[OUTPUT] 2026-07-09T20:54:25.946522 skip_listing [train]:   207,000/280,000 checked (74%)  —  36404 checks/s  —  ETA 2s  —  0 failed so far
[OUTPUT] 2026-07-09T20:54:25.960254 skip_listing [train]:   207,500/280,000 checked (74%)  —  36404 checks/s  —  ETA 2s  —  0 failed so far
[OUTPUT] 2026-07-09T20:54:25.977629 skip_listing [train]:   208,000/280,000 checked (74%)  —  36381 checks/s  —  ETA 2s  —  0 failed so far
[OUTPUT] 2026-07-09T20:54:25.992327 skip_listing [train]:   208,500/280,000 checked (74%)  —  36375 checks/s  —  ETA 2s  —  0 failed so far
[OUTPUT] 2026-07-09T20:54:26.007025 skip_listing [train]:   209,000/280,000 checked (75%)  —  36369 checks/s  —  ETA 2s  —  0 failed so far
[OUTPUT] 2026-07-09T20:54:26.020277 skip_listing [train]:   209,500/280,000 checked (75%)  —  36372 checks/s  —  ETA 2s  —  0 failed so far
[OUTPUT] 2026-07-09T20:54:26.035003 skip_listing [train]:   210,000/280,000 checked (75%)  —  36366 checks/s  —  ETA 2s  —  0 failed so far
[OUTPUT] 2026-07-09T20:54:26.049496 skip_listing [train]:   210,500/280,000 checked (75%)  —  36361 checks/s  —  ETA 2s  —  0 failed so far
[OUTPUT] 2026-07-09T20:54:26.063152 skip_listing [train]:   211,000/280,000 checked (75%)  —  36362 checks/s  —  ETA 2s  —  0 failed so far
[OUTPUT] 2026-07-09T20:54:26.075238 skip_listing [train]:   211,500/280,000 checked (76%)  —  36372 checks/s  —  ETA 2s  —  0 failed so far
[OUTPUT] 2026-07-09T20:54:26.089264 skip_listing [train]:   212,000/280,000 checked (76%)  —  36370 checks/s  —  ETA 2s  —  0 failed so far
[OUTPUT] 2026-07-09T20:54:26.101325 skip_listing [train]:   212,500/280,000 checked (76%)  —  36381 checks/s  —  ETA 2s  —  0 failed so far
[OUTPUT] 2026-07-09T20:54:26.116125 skip_listing [train]:   213,000/280,000 checked (76%)  —  36374 checks/s  —  ETA 2s  —  0 failed so far
[OUTPUT] 2026-07-09T20:54:26.130298 skip_listing [train]:   213,500/280,000 checked (76%)  —  36372 checks/s  —  ETA 2s  —  0 failed so far
[OUTPUT] 2026-07-09T20:54:26.144524 skip_listing [train]:   214,000/280,000 checked (76%)  —  36369 checks/s  —  ETA 2s  —  0 failed so far
[OUTPUT] 2026-07-09T20:54:26.158843 skip_listing [train]:   214,500/280,000 checked (77%)  —  36365 checks/s  —  ETA 2s  —  0 failed so far
[OUTPUT] 2026-07-09T20:54:26.173528 skip_listing [train]:   215,000/280,000 checked (77%)  —  36359 checks/s  —  ETA 2s  —  0 failed so far
[OUTPUT] 2026-07-09T20:54:26.187686 skip_listing [train]:   215,500/280,000 checked (77%)  —  36357 checks/s  —  ETA 2s  —  0 failed so far
[OUTPUT] 2026-07-09T20:54:26.204853 skip_listing [train]:   216,000/280,000 checked (77%)  —  36336 checks/s  —  ETA 2s  —  0 failed so far
[OUTPUT] 2026-07-09T20:54:26.219435 skip_listing [train]:   216,500/280,000 checked (77%)  —  36331 checks/s  —  ETA 2s  —  0 failed so far
[OUTPUT] 2026-07-09T20:54:26.234272 skip_listing [train]:   217,000/280,000 checked (78%)  —  36325 checks/s  —  ETA 2s  —  0 failed so far
[OUTPUT] 2026-07-09T20:54:26.247174 skip_listing [train]:   217,500/280,000 checked (78%)  —  36330 checks/s  —  ETA 2s  —  0 failed so far
[OUTPUT] 2026-07-09T20:54:26.260713 skip_listing [train]:   218,000/280,000 checked (78%)  —  36331 checks/s  —  ETA 2s  —  0 failed so far
[OUTPUT] 2026-07-09T20:54:26.277143 skip_listing [train]:   218,500/280,000 checked (78%)  —  36315 checks/s  —  ETA 2s  —  0 failed so far
[OUTPUT] 2026-07-09T20:54:26.290432 skip_listing [train]:   219,000/280,000 checked (78%)  —  36318 checks/s  —  ETA 2s  —  0 failed so far
[OUTPUT] 2026-07-09T20:54:26.308209 skip_listing [train]:   219,500/280,000 checked (78%)  —  36294 checks/s  —  ETA 2s  —  0 failed so far
[OUTPUT] 2026-07-09T20:54:26.322910 skip_listing [train]:   220,000/280,000 checked (79%)  —  36288 checks/s  —  ETA 2s  —  0 failed so far
[OUTPUT] 2026-07-09T20:54:26.336965 skip_listing [train]:   220,500/280,000 checked (79%)  —  36287 checks/s  —  ETA 2s  —  0 failed so far
[OUTPUT] 2026-07-09T20:54:26.351245 skip_listing [train]:   221,000/280,000 checked (79%)  —  36284 checks/s  —  ETA 2s  —  0 failed so far
[OUTPUT] 2026-07-09T20:54:26.364206 skip_listing [train]:   221,500/280,000 checked (79%)  —  36289 checks/s  —  ETA 2s  —  0 failed so far
[OUTPUT] 2026-07-09T20:54:26.378364 skip_listing [train]:   222,000/280,000 checked (79%)  —  36286 checks/s  —  ETA 2s  —  0 failed so far
[OUTPUT] 2026-07-09T20:54:26.393564 skip_listing [train]:   222,500/280,000 checked (79%)  —  36278 checks/s  —  ETA 2s  —  0 failed so far
[OUTPUT] 2026-07-09T20:54:26.409285 skip_listing [train]:   223,000/280,000 checked (80%)  —  36266 checks/s  —  ETA 2s  —  0 failed so far
[OUTPUT] 2026-07-09T20:54:26.421895 skip_listing [train]:   223,500/280,000 checked (80%)  —  36273 checks/s  —  ETA 2s  —  0 failed so far
[OUTPUT] 2026-07-09T20:54:26.436592 skip_listing [train]:   224,000/280,000 checked (80%)  —  36268 checks/s  —  ETA 2s  —  0 failed so far
[OUTPUT] 2026-07-09T20:54:26.448951 skip_listing [train]:   224,500/280,000 checked (80%)  —  36276 checks/s  —  ETA 2s  —  0 failed so far
[OUTPUT] 2026-07-09T20:54:26.462162 skip_listing [train]:   225,000/280,000 checked (80%)  —  36280 checks/s  —  ETA 2s  —  0 failed so far
[OUTPUT] 2026-07-09T20:54:26.475241 skip_listing [train]:   225,500/280,000 checked (81%)  —  36284 checks/s  —  ETA 2s  —  0 failed so far
[OUTPUT] 2026-07-09T20:54:26.490030 skip_listing [train]:   226,000/280,000 checked (81%)  —  36278 checks/s  —  ETA 1s  —  0 failed so far
[OUTPUT] 2026-07-09T20:54:26.503016 skip_listing [train]:   226,500/280,000 checked (81%)  —  36283 checks/s  —  ETA 1s  —  0 failed so far
[OUTPUT] 2026-07-09T20:54:26.517662 skip_listing [train]:   227,000/280,000 checked (81%)  —  36278 checks/s  —  ETA 1s  —  0 failed so far
[OUTPUT] 2026-07-09T20:54:26.533346 skip_listing [train]:   227,500/280,000 checked (81%)  —  36267 checks/s  —  ETA 1s  —  0 failed so far
[OUTPUT] 2026-07-09T20:54:26.545260 skip_listing [train]:   228,000/280,000 checked (81%)  —  36277 checks/s  —  ETA 1s  —  0 failed so far
[OUTPUT] 2026-07-09T20:54:26.560076 skip_listing [train]:   228,500/280,000 checked (82%)  —  36271 checks/s  —  ETA 1s  —  0 failed so far
[OUTPUT] 2026-07-09T20:54:26.574191 skip_listing [train]:   229,000/280,000 checked (82%)  —  36270 checks/s  —  ETA 1s  —  0 failed so far
[OUTPUT] 2026-07-09T20:54:26.587561 skip_listing [train]:   229,500/280,000 checked (82%)  —  36272 checks/s  —  ETA 1s  —  0 failed so far
[OUTPUT] 2026-07-09T20:54:26.601589 skip_listing [train]:   230,000/280,000 checked (82%)  —  36271 checks/s  —  ETA 1s  —  0 failed so far
[OUTPUT] 2026-07-09T20:54:26.615289 skip_listing [train]:   230,500/280,000 checked (82%)  —  36271 checks/s  —  ETA 1s  —  0 failed so far
[OUTPUT] 2026-07-09T20:54:26.628527 skip_listing [train]:   231,000/280,000 checked (82%)  —  36274 checks/s  —  ETA 1s  —  0 failed so far
[OUTPUT] 2026-07-09T20:54:26.642799 skip_listing [train]:   231,500/280,000 checked (83%)  —  36271 checks/s  —  ETA 1s  —  0 failed so far
[OUTPUT] 2026-07-09T20:54:26.658446 skip_listing [train]:   232,000/280,000 checked (83%)  —  36261 checks/s  —  ETA 1s  —  0 failed so far
[OUTPUT] 2026-07-09T20:54:26.674585 skip_listing [train]:   232,500/280,000 checked (83%)  —  36248 checks/s  —  ETA 1s  —  0 failed so far
[OUTPUT] 2026-07-09T20:54:26.689588 skip_listing [train]:   233,000/280,000 checked (83%)  —  36241 checks/s  —  ETA 1s  —  0 failed so far
[OUTPUT] 2026-07-09T20:54:26.702184 skip_listing [train]:   233,500/280,000 checked (83%)  —  36247 checks/s  —  ETA 1s  —  0 failed so far
[OUTPUT] 2026-07-09T20:54:26.714166 skip_listing [train]:   234,000/280,000 checked (84%)  —  36258 checks/s  —  ETA 1s  —  0 failed so far
[OUTPUT] 2026-07-09T20:54:26.725693 skip_listing [train]:   234,500/280,000 checked (84%)  —  36270 checks/s  —  ETA 1s  —  0 failed so far
[OUTPUT] 2026-07-09T20:54:26.738419 skip_listing [train]:   235,000/280,000 checked (84%)  —  36276 checks/s  —  ETA 1s  —  0 failed so far
[OUTPUT] 2026-07-09T20:54:26.751672 skip_listing [train]:   235,500/280,000 checked (84%)  —  36279 checks/s  —  ETA 1s  —  0 failed so far
[OUTPUT] 2026-07-09T20:54:26.762831 skip_listing [train]:   236,000/280,000 checked (84%)  —  36294 checks/s  —  ETA 1s  —  0 failed so far
[OUTPUT] 2026-07-09T20:54:26.774844 skip_listing [train]:   236,500/280,000 checked (84%)  —  36304 checks/s  —  ETA 1s  —  0 failed so far
[OUTPUT] 2026-07-09T20:54:26.789365 skip_listing [train]:   237,000/280,000 checked (85%)  —  36300 checks/s  —  ETA 1s  —  0 failed so far
[OUTPUT] 2026-07-09T20:54:26.802018 skip_listing [train]:   237,500/280,000 checked (85%)  —  36306 checks/s  —  ETA 1s  —  0 failed so far
[OUTPUT] 2026-07-09T20:54:26.816116 skip_listing [train]:   238,000/280,000 checked (85%)  —  36304 checks/s  —  ETA 1s  —  0 failed so far
[OUTPUT] 2026-07-09T20:54:26.828169 skip_listing [train]:   238,500/280,000 checked (85%)  —  36313 checks/s  —  ETA 1s  —  0 failed so far
[OUTPUT] 2026-07-09T20:54:26.839759 skip_listing [train]:   239,000/280,000 checked (85%)  —  36325 checks/s  —  ETA 1s  —  0 failed so far
[OUTPUT] 2026-07-09T20:54:26.853716 skip_listing [train]:   239,500/280,000 checked (86%)  —  36324 checks/s  —  ETA 1s  —  0 failed so far
[OUTPUT] 2026-07-09T20:54:26.866608 skip_listing [train]:   240,000/280,000 checked (86%)  —  36329 checks/s  —  ETA 1s  —  0 failed so far
[OUTPUT] 2026-07-09T20:54:26.880354 skip_listing [train]:   240,500/280,000 checked (86%)  —  36329 checks/s  —  ETA 1s  —  0 failed so far
[OUTPUT] 2026-07-09T20:54:26.891850 skip_listing [train]:   241,000/280,000 checked (86%)  —  36342 checks/s  —  ETA 1s  —  0 failed so far
[OUTPUT] 2026-07-09T20:54:26.903605 skip_listing [train]:   241,500/280,000 checked (86%)  —  36353 checks/s  —  ETA 1s  —  0 failed so far
[OUTPUT] 2026-07-09T20:54:26.917594 skip_listing [train]:   242,000/280,000 checked (86%)  —  36351 checks/s  —  ETA 1s  —  0 failed so far
[OUTPUT] 2026-07-09T20:54:26.931214 skip_listing [train]:   242,500/280,000 checked (87%)  —  36352 checks/s  —  ETA 1s  —  0 failed so far
[OUTPUT] 2026-07-09T20:54:26.944885 skip_listing [train]:   243,000/280,000 checked (87%)  —  36353 checks/s  —  ETA 1s  —  0 failed so far
[OUTPUT] 2026-07-09T20:54:26.957662 skip_listing [train]:   243,500/280,000 checked (87%)  —  36358 checks/s  —  ETA 1s  —  0 failed so far
[OUTPUT] 2026-07-09T20:54:26.971503 skip_listing [train]:   244,000/280,000 checked (87%)  —  36357 checks/s  —  ETA 1s  —  0 failed so far
[OUTPUT] 2026-07-09T20:54:26.985160 skip_listing [train]:   244,500/280,000 checked (87%)  —  36358 checks/s  —  ETA 1s  —  0 failed so far
[OUTPUT] 2026-07-09T20:54:26.998878 skip_listing [train]:   245,000/280,000 checked (88%)  —  36358 checks/s  —  ETA 1s  —  0 failed so far
[OUTPUT] 2026-07-09T20:54:27.013875 skip_listing [train]:   245,500/280,000 checked (88%)  —  36351 checks/s  —  ETA 1s  —  0 failed so far
[OUTPUT] 2026-07-09T20:54:27.025841 skip_listing [train]:   246,000/280,000 checked (88%)  —  36361 checks/s  —  ETA 1s  —  0 failed so far
[OUTPUT] 2026-07-09T20:54:27.039777 skip_listing [train]:   246,500/280,000 checked (88%)  —  36360 checks/s  —  ETA 1s  —  0 failed so far
[OUTPUT] 2026-07-09T20:54:27.055112 skip_listing [train]:   247,000/280,000 checked (88%)  —  36352 checks/s  —  ETA 1s  —  0 failed so far
[OUTPUT] 2026-07-09T20:54:27.069268 skip_listing [train]:   247,500/280,000 checked (88%)  —  36349 checks/s  —  ETA 1s  —  0 failed so far
[OUTPUT] 2026-07-09T20:54:27.083671 skip_listing [train]:   248,000/280,000 checked (89%)  —  36346 checks/s  —  ETA 1s  —  0 failed so far
[OUTPUT] 2026-07-09T20:54:27.097635 skip_listing [train]:   248,500/280,000 checked (89%)  —  36345 checks/s  —  ETA 1s  —  0 failed so far
[OUTPUT] 2026-07-09T20:54:27.111717 skip_listing [train]:   249,000/280,000 checked (89%)  —  36343 checks/s  —  ETA 1s  —  0 failed so far
[OUTPUT] 2026-07-09T20:54:27.125867 skip_listing [train]:   249,500/280,000 checked (89%)  —  36341 checks/s  —  ETA 1s  —  0 failed so far
[OUTPUT] 2026-07-09T20:54:27.140204 skip_listing [train]:   250,000/280,000 checked (89%)  —  36338 checks/s  —  ETA 1s  —  0 failed so far
[OUTPUT] 2026-07-09T20:54:27.154004 skip_listing [train]:   250,500/280,000 checked (89%)  —  36338 checks/s  —  ETA 1s  —  0 failed so far
[OUTPUT] 2026-07-09T20:54:27.170485 skip_listing [train]:   251,000/280,000 checked (90%)  —  36323 checks/s  —  ETA 1s  —  0 failed so far
[OUTPUT] 2026-07-09T20:54:27.186087 skip_listing [train]:   251,500/280,000 checked (90%)  —  36314 checks/s  —  ETA 1s  —  0 failed so far
[OUTPUT] 2026-07-09T20:54:27.201324 skip_listing [train]:   252,000/280,000 checked (90%)  —  36306 checks/s  —  ETA 1s  —  0 failed so far
[OUTPUT] 2026-07-09T20:54:27.214956 skip_listing [train]:   252,500/280,000 checked (90%)  —  36307 checks/s  —  ETA 1s  —  0 failed so far
[OUTPUT] 2026-07-09T20:54:27.226912 skip_listing [train]:   253,000/280,000 checked (90%)  —  36316 checks/s  —  ETA 1s  —  0 failed so far
[OUTPUT] 2026-07-09T20:54:27.238575 skip_listing [train]:   253,500/280,000 checked (91%)  —  36327 checks/s  —  ETA 1s  —  0 failed so far
[OUTPUT] 2026-07-09T20:54:27.254285 skip_listing [train]:   254,000/280,000 checked (91%)  —  36317 checks/s  —  ETA 1s  —  0 failed so far
[OUTPUT] 2026-07-09T20:54:27.269749 skip_listing [train]:   254,500/280,000 checked (91%)  —  36308 checks/s  —  ETA 1s  —  0 failed so far
[OUTPUT] 2026-07-09T20:54:27.282114 skip_listing [train]:   255,000/280,000 checked (91%)  —  36316 checks/s  —  ETA 1s  —  0 failed so far
[OUTPUT] 2026-07-09T20:54:27.295623 skip_listing [train]:   255,500/280,000 checked (91%)  —  36317 checks/s  —  ETA 1s  —  0 failed so far
[OUTPUT] 2026-07-09T20:54:27.307727 skip_listing [train]:   256,000/280,000 checked (91%)  —  36326 checks/s  —  ETA 1s  —  0 failed so far
[OUTPUT] 2026-07-09T20:54:27.320760 skip_listing [train]:   256,500/280,000 checked (92%)  —  36329 checks/s  —  ETA 1s  —  0 failed so far
[OUTPUT] 2026-07-09T20:54:27.335171 skip_listing [train]:   257,000/280,000 checked (92%)  —  36326 checks/s  —  ETA 1s  —  0 failed so far
[OUTPUT] 2026-07-09T20:54:27.350569 skip_listing [train]:   257,500/280,000 checked (92%)  —  36318 checks/s  —  ETA 1s  —  0 failed so far
[OUTPUT] 2026-07-09T20:54:27.364413 skip_listing [train]:   258,000/280,000 checked (92%)  —  36317 checks/s  —  ETA 1s  —  0 failed so far
[OUTPUT] 2026-07-09T20:54:27.378760 skip_listing [train]:   258,500/280,000 checked (92%)  —  36314 checks/s  —  ETA 1s  —  0 failed so far
[OUTPUT] 2026-07-09T20:54:27.393958 skip_listing [train]:   259,000/280,000 checked (92%)  —  36307 checks/s  —  ETA 1s  —  0 failed so far
[OUTPUT] 2026-07-09T20:54:27.407036 skip_listing [train]:   259,500/280,000 checked (93%)  —  36311 checks/s  —  ETA 1s  —  0 failed so far
[OUTPUT] 2026-07-09T20:54:27.421833 skip_listing [train]:   260,000/280,000 checked (93%)  —  36305 checks/s  —  ETA 1s  —  0 failed so far
[OUTPUT] 2026-07-09T20:54:27.437002 skip_listing [train]:   260,500/280,000 checked (93%)  —  36298 checks/s  —  ETA 1s  —  0 failed so far
[OUTPUT] 2026-07-09T20:54:27.450295 skip_listing [train]:   261,000/280,000 checked (93%)  —  36301 checks/s  —  ETA 1s  —  0 failed so far
[OUTPUT] 2026-07-09T20:54:27.464422 skip_listing [train]:   261,500/280,000 checked (93%)  —  36299 checks/s  —  ETA 1s  —  0 failed so far
[OUTPUT] 2026-07-09T20:54:27.477276 skip_listing [train]:   262,000/280,000 checked (94%)  —  36304 checks/s  —  ETA 0s  —  0 failed so far
[OUTPUT] 2026-07-09T20:54:27.491292 skip_listing [train]:   262,500/280,000 checked (94%)  —  36302 checks/s  —  ETA 0s  —  0 failed so far
[OUTPUT] 2026-07-09T20:54:27.506174 skip_listing [train]:   263,000/280,000 checked (94%)  —  36297 checks/s  —  ETA 0s  —  0 failed so far
[OUTPUT] 2026-07-09T20:54:27.518582 skip_listing [train]:   263,500/280,000 checked (94%)  —  36304 checks/s  —  ETA 0s  —  0 failed so far
[OUTPUT] 2026-07-09T20:54:27.528931 skip_listing [train]:   264,000/280,000 checked (94%)  —  36321 checks/s  —  ETA 0s  —  0 failed so far
[OUTPUT] 2026-07-09T20:54:27.543291 skip_listing [train]:   264,500/280,000 checked (94%)  —  36318 checks/s  —  ETA 0s  —  0 failed so far
[OUTPUT] 2026-07-09T20:54:27.555760 skip_listing [train]:   265,000/280,000 checked (95%)  —  36324 checks/s  —  ETA 0s  —  0 failed so far
[OUTPUT] 2026-07-09T20:54:27.570170 skip_listing [train]:   265,500/280,000 checked (95%)  —  36321 checks/s  —  ETA 0s  —  0 failed so far
[OUTPUT] 2026-07-09T20:54:27.584052 skip_listing [train]:   266,000/280,000 checked (95%)  —  36320 checks/s  —  ETA 0s  —  0 failed so far
[OUTPUT] 2026-07-09T20:54:27.598735 skip_listing [train]:   266,500/280,000 checked (95%)  —  36316 checks/s  —  ETA 0s  —  0 failed so far
[OUTPUT] 2026-07-09T20:54:27.613604 skip_listing [train]:   267,000/280,000 checked (95%)  —  36310 checks/s  —  ETA 0s  —  0 failed so far
[OUTPUT] 2026-07-09T20:54:27.626902 skip_listing [train]:   267,500/280,000 checked (96%)  —  36313 checks/s  —  ETA 0s  —  0 failed so far
[OUTPUT] 2026-07-09T20:54:27.641466 skip_listing [train]:   268,000/280,000 checked (96%)  —  36309 checks/s  —  ETA 0s  —  0 failed so far
[OUTPUT] 2026-07-09T20:54:27.654293 skip_listing [train]:   268,500/280,000 checked (96%)  —  36314 checks/s  —  ETA 0s  —  0 failed so far
[OUTPUT] 2026-07-09T20:54:27.666809 skip_listing [train]:   269,000/280,000 checked (96%)  —  36320 checks/s  —  ETA 0s  —  0 failed so far
[OUTPUT] 2026-07-09T20:54:27.679734 skip_listing [train]:   269,500/280,000 checked (96%)  —  36324 checks/s  —  ETA 0s  —  0 failed so far
[OUTPUT] 2026-07-09T20:54:27.691906 skip_listing [train]:   270,000/280,000 checked (96%)  —  36332 checks/s  —  ETA 0s  —  0 failed so far
[OUTPUT] 2026-07-09T20:54:27.706516 skip_listing [train]:   270,500/280,000 checked (97%)  —  36327 checks/s  —  ETA 0s  —  0 failed so far
[OUTPUT] 2026-07-09T20:54:27.722736 skip_listing [train]:   271,000/280,000 checked (97%)  —  36315 checks/s  —  ETA 0s  —  0 failed so far
[OUTPUT] 2026-07-09T20:54:27.735938 skip_listing [train]:   271,500/280,000 checked (97%)  —  36318 checks/s  —  ETA 0s  —  0 failed so far
[OUTPUT] 2026-07-09T20:54:27.748760 skip_listing [train]:   272,000/280,000 checked (97%)  —  36323 checks/s  —  ETA 0s  —  0 failed so far
[OUTPUT] 2026-07-09T20:54:27.764578 skip_listing [train]:   272,500/280,000 checked (97%)  —  36313 checks/s  —  ETA 0s  —  0 failed so far
[OUTPUT] 2026-07-09T20:54:27.781230 skip_listing [train]:   273,000/280,000 checked (98%)  —  36299 checks/s  —  ETA 0s  —  0 failed so far
[OUTPUT] 2026-07-09T20:54:27.795746 skip_listing [train]:   273,500/280,000 checked (98%)  —  36295 checks/s  —  ETA 0s  —  0 failed so far
[OUTPUT] 2026-07-09T20:54:27.810890 skip_listing [train]:   274,000/280,000 checked (98%)  —  36289 checks/s  —  ETA 0s  —  0 failed so far
[OUTPUT] 2026-07-09T20:54:27.824857 skip_listing [train]:   274,500/280,000 checked (98%)  —  36288 checks/s  —  ETA 0s  —  0 failed so far
[OUTPUT] 2026-07-09T20:54:27.836853 skip_listing [train]:   275,000/280,000 checked (98%)  —  36296 checks/s  —  ETA 0s  —  0 failed so far
[OUTPUT] 2026-07-09T20:54:27.849844 skip_listing [train]:   275,500/280,000 checked (98%)  —  36300 checks/s  —  ETA 0s  —  0 failed so far
[OUTPUT] 2026-07-09T20:54:27.862889 skip_listing [train]:   276,000/280,000 checked (99%)  —  36304 checks/s  —  ETA 0s  —  0 failed so far
[OUTPUT] 2026-07-09T20:54:27.875875 skip_listing [train]:   276,500/280,000 checked (99%)  —  36307 checks/s  —  ETA 0s  —  0 failed so far
[OUTPUT] 2026-07-09T20:54:27.888295 skip_listing [train]:   277,000/280,000 checked (99%)  —  36314 checks/s  —  ETA 0s  —  0 failed so far
[OUTPUT] 2026-07-09T20:54:27.898153 skip_listing [train]:   277,500/280,000 checked (99%)  —  36332 checks/s  —  ETA 0s  —  0 failed so far
[OUTPUT] 2026-07-09T20:54:27.909408 skip_listing [train]:   278,000/280,000 checked (99%)  —  36344 checks/s  —  ETA 0s  —  0 failed so far
[OUTPUT] 2026-07-09T20:54:27.922136 skip_listing [train]:   278,500/280,000 checked (99%)  —  36349 checks/s  —  ETA 0s  —  0 failed so far
[OUTPUT] 2026-07-09T20:54:27.933609 skip_listing [train]:   279,000/280,000 checked (100%)  —  36360 checks/s  —  ETA 0s  —  0 failed so far
[OUTPUT] 2026-07-09T20:54:27.944147 skip_listing [train]:   279,500/280,000 checked (100%)  —  36375 checks/s  —  ETA 0s  —  0 failed so far
[OUTPUT] 2026-07-09T20:54:27.958062 skip_listing [train]: validation complete — all 280,000 samples exist (7.7s, 36374 checks/s); 3,500 URIs ready for rank 0 (280,000 total across all ranks)
[OUTPUT] 2026-07-09T20:54:27.958160 File listing [train]: 280000 files discovered, 3500 assigned to rank 0, completed in 7.71s
[OUTPUT] 2026-07-09T20:54:27.958187 skip_listing [valid]: generated 0 file URIs deterministically (0 total — validation disabled)
[OUTPUT] 2026-07-09T20:54:27.958206 File listing [valid]: 0 files discovered, 0 assigned to rank 0, completed in 0.00s
[OUTPUT] 2026-07-09T20:54:27.958221 Streamed file sharding: 280000 train files across 80 ranks via round-robin (rank 0 shard: 3500 files)
[OUTPUT] 2026-07-09T20:54:27.962383 Max steps per epoch per rank: 40000 = 1 * 280000 / 7 (samples per file * local files / batch size)
[OUTPUT] 2026-07-09T20:54:28.047878 Reshard for epoch 1: 3500 train files, 0 eval files redistributed via alltoall in 0.09s
[OUTPUT] 2026-07-09T20:54:28.964945 Worker pre-warm complete (3 workers spawned)
[OUTPUT] 2026-07-09T20:54:29.495263 Starting epoch 1: 500 steps expected
[OUTPUT] 2026-07-09T20:54:29.495454 Starting block 1
[OUTPUT] 2026-07-09T20:55:58.163102 Ending block 1 - 500 steps completed in 88.67 s
[OUTPUT] 2026-07-09T20:55:58.165030 Epoch 1 - Block 1 [Training] Accelerator Utilization [AU] (%): 91.9343
[OUTPUT] 2026-07-09T20:55:58.165060 Epoch 1 - Block 1 [Training] Throughput (samples/second): 3176.1404
[OUTPUT] 2026-07-09T20:55:58.165444 Epoch 1 - Block 1 [Training] Computation time per step (second): 0.1621+/-0.0000 (set value: {'mean': 0.162})
[OUTPUT] 2026-07-09T20:55:58.245277 Ending epoch 1 - 500 steps completed in 88.75 s
[OUTPUT] 2026-07-09T20:55:58.263805 Reshard for epoch 2: 3500 train files, 0 eval files redistributed via alltoall in 0.02s
[OUTPUT] 2026-07-09T20:55:59.003543 Worker pre-warm complete for epoch 2 (3 workers spawned)
[OUTPUT] 2026-07-09T20:55:59.518648 Starting epoch 2: 500 steps expected
[OUTPUT] 2026-07-09T20:55:59.518927 Starting block 1
[OUTPUT] 2026-07-09T20:57:28.454913 Ending block 1 - 500 steps completed in 88.94 s
[OUTPUT] 2026-07-09T20:57:28.456084 Epoch 2 - Block 1 [Training] Accelerator Utilization [AU] (%): 91.8315
[OUTPUT] 2026-07-09T20:57:28.456119 Epoch 2 - Block 1 [Training] Throughput (samples/second): 3172.4376
[OUTPUT] 2026-07-09T20:57:28.456253 Epoch 2 - Block 1 [Training] Computation time per step (second): 0.1621+/-0.0000 (set value: {'mean': 0.162})
[OUTPUT] 2026-07-09T20:57:28.460263 Ending epoch 2 - 500 steps completed in 88.94 s
[OUTPUT] 2026-07-09T20:57:28.464514 Reshard for epoch 3: 3500 train files, 0 eval files redistributed via alltoall in 0.00s
[OUTPUT] 2026-07-09T20:57:29.181033 Worker pre-warm complete for epoch 3 (3 workers spawned)
[OUTPUT] 2026-07-09T20:57:29.605520 Starting epoch 3: 500 steps expected
[OUTPUT] 2026-07-09T20:57:29.605834 Starting block 1
[OUTPUT] 2026-07-09T20:58:58.491514 Ending block 1 - 500 steps completed in 88.89 s
[OUTPUT] 2026-07-09T20:58:58.492975 Epoch 3 - Block 1 [Training] Accelerator Utilization [AU] (%): 91.7620
[OUTPUT] 2026-07-09T20:58:58.493008 Epoch 3 - Block 1 [Training] Throughput (samples/second): 3170.2515
[OUTPUT] 2026-07-09T20:58:58.493124 Epoch 3 - Block 1 [Training] Computation time per step (second): 0.1621+/-0.0000 (set value: {'mean': 0.162})
[OUTPUT] 2026-07-09T20:58:58.503012 Ending epoch 3 - 500 steps completed in 88.90 s
[OUTPUT] 2026-07-09T20:58:58.540696 Reshard for epoch 4: 3500 train files, 0 eval files redistributed via alltoall in 0.04s
[OUTPUT] 2026-07-09T20:58:59.400530 Worker pre-warm complete for epoch 4 (3 workers spawned)
[OUTPUT] 2026-07-09T20:58:59.764637 Starting epoch 4: 500 steps expected
[OUTPUT] 2026-07-09T20:58:59.764851 Starting block 1
[OUTPUT] 2026-07-09T21:00:28.574974 Ending block 1 - 500 steps completed in 88.81 s
[OUTPUT] 2026-07-09T21:00:28.576099 Epoch 4 - Block 1 [Training] Accelerator Utilization [AU] (%): 92.0006
[OUTPUT] 2026-07-09T21:00:28.576133 Epoch 4 - Block 1 [Training] Throughput (samples/second): 3178.5806
[OUTPUT] 2026-07-09T21:00:28.576247 Epoch 4 - Block 1 [Training] Computation time per step (second): 0.1621+/-0.0000 (set value: {'mean': 0.162})
[OUTPUT] 2026-07-09T21:00:28.629785 Ending epoch 4 - 500 steps completed in 88.87 s
[OUTPUT] 2026-07-09T21:00:28.684585 Reshard for epoch 5: 3500 train files, 0 eval files redistributed via alltoall in 0.05s
[OUTPUT] 2026-07-09T21:00:29.469265 Worker pre-warm complete for epoch 5 (3 workers spawned)
[OUTPUT] 2026-07-09T21:00:29.816127 Starting epoch 5: 500 steps expected
[OUTPUT] 2026-07-09T21:00:29.816432 Starting block 1
[OUTPUT] 2026-07-09T21:01:58.819678 Ending block 1 - 500 steps completed in 89.00 s
[OUTPUT] 2026-07-09T21:01:58.820824 Epoch 5 - Block 1 [Training] Accelerator Utilization [AU] (%): 91.7403
[OUTPUT] 2026-07-09T21:01:58.820857 Epoch 5 - Block 1 [Training] Throughput (samples/second): 3169.3415
[OUTPUT] 2026-07-09T21:01:58.820979 Epoch 5 - Block 1 [Training] Computation time per step (second): 0.1621+/-0.0000 (set value: {'mean': 0.162})
[OUTPUT] 2026-07-09T21:01:58.845978 Ending epoch 5 - 500 steps completed in 89.03 s
[OUTPUT] 2026-07-09T21:01:58.870353 Reshard for epoch 6: 3500 train files, 0 eval files redistributed via alltoall in 0.02s
[OUTPUT] 2026-07-09T21:01:59.731238 Worker pre-warm complete for epoch 6 (3 workers spawned)
[OUTPUT] 2026-07-09T21:01:59.786731 Saved outputs in /root/results/closed/Suzhou_Zishan_Longlin/results/GalaxSphere-4Tier0/training/unet3d/run/20260709_205344
[OUTPUT] Averaged metric over all steps/epochs
[METRIC] ==========================================================
[METRIC] Number of Simulated Accelerators: 80 
[METRIC] Training Accelerator Utilization [AU] (%): 91.8718 (0.1043)
[METRIC] Training Throughput (samples/second): 3173.9098 (3.6017)
[METRIC] Training I/O Throughput (MiB/second): 443741.9657 (503.5491)
[METRIC] train_au_meet_expectation: success
[METRIC] ==========================================================

[OUTPUT] 2026-07-09T21:01:59.897156 outputs saved in RANKID_output.json
