[OUTPUT] [DEBUG DLIOBenchmark.__init__] After LoadConfig:
[OUTPUT]   storage_type   = <StorageType.LOCAL_FS: 'local_fs'>
[OUTPUT]   storage_root   = './'
[OUTPUT]   storage_options= None
[OUTPUT]   data_folder    = '/mnt/glfs/GalaxSphere-4Tier0/training/retinanet'
[OUTPUT]   framework      = <FrameworkType.PYTORCH: 'pytorch'>
[OUTPUT]   num_files_train= 21278212
[OUTPUT]   record_length  = 322957
[OUTPUT]   generate_data  = False
[OUTPUT]   do_train       = True
[OUTPUT]   do_checkpoint  = False
[OUTPUT]   epochs         = 8
[OUTPUT]   batch_size     = 24
[OUTPUT] 2026-07-16T21:40:56.784430 Running DLIO [Training] with 200 process(es)
[OUTPUT] 2026-07-16T21:40:57.050549 skip_listing [train]: validating 21,280 of 21,278,212 files (first, last, every 1,000) via HEAD requests ...
[OUTPUT] 2026-07-16T21:40:57.072745 skip_listing [train]:   500/21,280 checked (2%)  —  22767 checks/s  —  ETA 1s  —  0 failed so far
[OUTPUT] 2026-07-16T21:40:57.075294 skip_listing [train]:   1,000/21,280 checked (5%)  —  40798 checks/s  —  ETA 0s  —  0 failed so far
[OUTPUT] 2026-07-16T21:40:57.077766 skip_listing [train]:   1,500/21,280 checked (7%)  —  55586 checks/s  —  ETA 0s  —  0 failed so far
[OUTPUT] 2026-07-16T21:40:57.080230 skip_listing [train]:   2,000/21,280 checked (9%)  —  67912 checks/s  —  ETA 0s  —  0 failed so far
[OUTPUT] 2026-07-16T21:40:57.082690 skip_listing [train]:   2,500/21,280 checked (12%)  —  78348 checks/s  —  ETA 0s  —  0 failed so far
[OUTPUT] 2026-07-16T21:40:57.085138 skip_listing [train]:   3,000/21,280 checked (14%)  —  87316 checks/s  —  ETA 0s  —  0 failed so far
[OUTPUT] 2026-07-16T21:40:57.087592 skip_listing [train]:   3,500/21,280 checked (16%)  —  95080 checks/s  —  ETA 0s  —  0 failed so far
[OUTPUT] 2026-07-16T21:40:57.090041 skip_listing [train]:   4,000/21,280 checked (19%)  —  101883 checks/s  —  ETA 0s  —  0 failed so far
[OUTPUT] 2026-07-16T21:40:57.092571 skip_listing [train]:   4,500/21,280 checked (21%)  —  107681 checks/s  —  ETA 0s  —  0 failed so far
[OUTPUT] 2026-07-16T21:40:57.095108 skip_listing [train]:   5,000/21,280 checked (23%)  —  112797 checks/s  —  ETA 0s  —  0 failed so far
[OUTPUT] 2026-07-16T21:40:57.097647 skip_listing [train]:   5,500/21,280 checked (26%)  —  117354 checks/s  —  ETA 0s  —  0 failed so far
[OUTPUT] 2026-07-16T21:40:57.100209 skip_listing [train]:   6,000/21,280 checked (28%)  —  121389 checks/s  —  ETA 0s  —  0 failed so far
[OUTPUT] 2026-07-16T21:40:57.102770 skip_listing [train]:   6,500/21,280 checked (31%)  —  125026 checks/s  —  ETA 0s  —  0 failed so far
[OUTPUT] 2026-07-16T21:40:57.105333 skip_listing [train]:   7,000/21,280 checked (33%)  —  128316 checks/s  —  ETA 0s  —  0 failed so far
[OUTPUT] 2026-07-16T21:40:57.107891 skip_listing [train]:   7,500/21,280 checked (35%)  —  131323 checks/s  —  ETA 0s  —  0 failed so far
[OUTPUT] 2026-07-16T21:40:57.110450 skip_listing [train]:   8,000/21,280 checked (38%)  —  134070 checks/s  —  ETA 0s  —  0 failed so far
[OUTPUT] 2026-07-16T21:40:57.113019 skip_listing [train]:   8,500/21,280 checked (40%)  —  136572 checks/s  —  ETA 0s  —  0 failed so far
[OUTPUT] 2026-07-16T21:40:57.115571 skip_listing [train]:   9,000/21,280 checked (42%)  —  138909 checks/s  —  ETA 0s  —  0 failed so far
[OUTPUT] 2026-07-16T21:40:57.118121 skip_listing [train]:   9,500/21,280 checked (45%)  —  141075 checks/s  —  ETA 0s  —  0 failed so far
[OUTPUT] 2026-07-16T21:40:57.120667 skip_listing [train]:   10,000/21,280 checked (47%)  —  143089 checks/s  —  ETA 0s  —  0 failed so far
[OUTPUT] 2026-07-16T21:40:57.123196 skip_listing [train]:   10,500/21,280 checked (49%)  —  144996 checks/s  —  ETA 0s  —  0 failed so far
[OUTPUT] 2026-07-16T21:40:57.125736 skip_listing [train]:   11,000/21,280 checked (52%)  —  146754 checks/s  —  ETA 0s  —  0 failed so far
[OUTPUT] 2026-07-16T21:40:57.128280 skip_listing [train]:   11,500/21,280 checked (54%)  —  148387 checks/s  —  ETA 0s  —  0 failed so far
[OUTPUT] 2026-07-16T21:40:57.130828 skip_listing [train]:   12,000/21,280 checked (56%)  —  149911 checks/s  —  ETA 0s  —  0 failed so far
[OUTPUT] 2026-07-16T21:40:57.133388 skip_listing [train]:   12,500/21,280 checked (59%)  —  151318 checks/s  —  ETA 0s  —  0 failed so far
[OUTPUT] 2026-07-16T21:40:57.135926 skip_listing [train]:   13,000/21,280 checked (61%)  —  152680 checks/s  —  ETA 0s  —  0 failed so far
[OUTPUT] 2026-07-16T21:40:57.138467 skip_listing [train]:   13,500/21,280 checked (63%)  —  153957 checks/s  —  ETA 0s  —  0 failed so far
[OUTPUT] 2026-07-16T21:40:57.141003 skip_listing [train]:   14,000/21,280 checked (66%)  —  155173 checks/s  —  ETA 0s  —  0 failed so far
[OUTPUT] 2026-07-16T21:40:57.143547 skip_listing [train]:   14,500/21,280 checked (68%)  —  156307 checks/s  —  ETA 0s  —  0 failed so far
[OUTPUT] 2026-07-16T21:40:57.146077 skip_listing [train]:   15,000/21,280 checked (70%)  —  157404 checks/s  —  ETA 0s  —  0 failed so far
[OUTPUT] 2026-07-16T21:40:57.148605 skip_listing [train]:   15,500/21,280 checked (73%)  —  158448 checks/s  —  ETA 0s  —  0 failed so far
[OUTPUT] 2026-07-16T21:40:57.151115 skip_listing [train]:   16,000/21,280 checked (75%)  —  159467 checks/s  —  ETA 0s  —  0 failed so far
[OUTPUT] 2026-07-16T21:40:57.153641 skip_listing [train]:   16,500/21,280 checked (78%)  —  160411 checks/s  —  ETA 0s  —  0 failed so far
[OUTPUT] 2026-07-16T21:40:57.156157 skip_listing [train]:   17,000/21,280 checked (80%)  —  161327 checks/s  —  ETA 0s  —  0 failed so far
[OUTPUT] 2026-07-16T21:40:57.158673 skip_listing [train]:   17,500/21,280 checked (82%)  —  162198 checks/s  —  ETA 0s  —  0 failed so far
[OUTPUT] 2026-07-16T21:40:57.161198 skip_listing [train]:   18,000/21,280 checked (85%)  —  163017 checks/s  —  ETA 0s  —  0 failed so far
[OUTPUT] 2026-07-16T21:40:57.163713 skip_listing [train]:   18,500/21,280 checked (87%)  —  163815 checks/s  —  ETA 0s  —  0 failed so far
[OUTPUT] 2026-07-16T21:40:57.166222 skip_listing [train]:   19,000/21,280 checked (89%)  —  164586 checks/s  —  ETA 0s  —  0 failed so far
[OUTPUT] 2026-07-16T21:40:57.168754 skip_listing [train]:   19,500/21,280 checked (92%)  —  165291 checks/s  —  ETA 0s  —  0 failed so far
[OUTPUT] 2026-07-16T21:40:57.171286 skip_listing [train]:   20,000/21,280 checked (94%)  —  165968 checks/s  —  ETA 0s  —  0 failed so far
[OUTPUT] 2026-07-16T21:40:57.173813 skip_listing [train]:   20,500/21,280 checked (96%)  —  166622 checks/s  —  ETA 0s  —  0 failed so far
[OUTPUT] 2026-07-16T21:40:57.176328 skip_listing [train]:   21,000/21,280 checked (99%)  —  167267 checks/s  —  ETA 0s  —  0 failed so far
[OUTPUT] 2026-07-16T21:40:57.177876 skip_listing [train]: validation complete — all 21,280 samples exist (0.1s, 167434 checks/s); 106,392 URIs ready for rank 0 (21,278,212 total across all ranks)
[OUTPUT] 2026-07-16T21:40:57.178492 File listing [train]: 21278212 files discovered, 106391 assigned to rank 0, completed in 0.36s
[OUTPUT] 2026-07-16T21:40:57.178518 skip_listing [valid]: generated 0 file URIs deterministically (0 total — validation disabled)
[OUTPUT] 2026-07-16T21:40:57.178535 File listing [valid]: 0 files discovered, 0 assigned to rank 0, completed in 0.00s
[OUTPUT] 2026-07-16T21:40:57.178554 Streamed file sharding: 21278212 train files across 200 ranks via round-robin (rank 0 shard: 106391 files)
[OUTPUT] 2026-07-16T21:41:41.803766 Max steps per epoch per rank: 886592 = 1 * 21278212 / 24 (samples per file * local files / batch size)
[OUTPUT] 2026-07-16T21:41:43.742472 Reshard for epoch 1: 106391 train files, 0 eval files redistributed via alltoall in 1.94s
[OUTPUT] 2026-07-16T21:41:44.607949 Worker pre-warm complete (2 workers spawned)
[OUTPUT] 2026-07-16T21:41:50.856996 Starting epoch 1: 4432 steps expected
[OUTPUT] 2026-07-16T21:41:50.857432 Starting block 1
[OUTPUT] 2026-07-16T21:45:58.311407 Ending block 1 - 4432 steps completed in 247.45 s
[OUTPUT] 2026-07-16T21:45:58.315022 Epoch 1 - Block 1 [Training] Accelerator Utilization [AU] (%): 85.4220
[OUTPUT] 2026-07-16T21:45:58.318245 Epoch 1 - Block 1 [Training] Throughput (samples/second): 86096.2189
[OUTPUT] 2026-07-16T21:45:58.318893 Epoch 1 - Block 1 [Training] Computation time per step (second): 0.0476+/-0.0000 (set value: {'mean': 0.04755})
[OUTPUT] 2026-07-16T21:45:58.406436 Ending epoch 1 - 4432 steps completed in 247.55 s
[OUTPUT] 2026-07-16T21:46:00.145544 Reshard for epoch 2: 106391 train files, 0 eval files redistributed via alltoall in 1.74s
[OUTPUT] 2026-07-16T21:46:00.986780 Worker pre-warm complete for epoch 2 (2 workers spawned)
[OUTPUT] 2026-07-16T21:46:16.961827 Starting epoch 2: 4432 steps expected
[OUTPUT] 2026-07-16T21:46:16.962270 Starting block 1
[OUTPUT] 2026-07-16T21:50:24.490333 Ending block 1 - 4432 steps completed in 247.53 s
[OUTPUT] 2026-07-16T21:50:24.491443 Epoch 2 - Block 1 [Training] Accelerator Utilization [AU] (%): 85.4004
[OUTPUT] 2026-07-16T21:50:24.491475 Epoch 2 - Block 1 [Training] Throughput (samples/second): 86076.5877
[OUTPUT] 2026-07-16T21:50:24.491780 Epoch 2 - Block 1 [Training] Computation time per step (second): 0.0476+/-0.0000 (set value: {'mean': 0.04755})
[OUTPUT] 2026-07-16T21:50:24.581846 Ending epoch 2 - 4432 steps completed in 247.62 s
[OUTPUT] 2026-07-16T21:50:26.262452 Reshard for epoch 3: 106391 train files, 0 eval files redistributed via alltoall in 1.68s
[OUTPUT] 2026-07-16T21:50:27.132662 Worker pre-warm complete for epoch 3 (2 workers spawned)
[OUTPUT] 2026-07-16T21:50:44.117086 Starting epoch 3: 4432 steps expected
[OUTPUT] 2026-07-16T21:50:44.117552 Starting block 1
[OUTPUT] 2026-07-16T21:54:51.855740 Ending block 1 - 4432 steps completed in 247.74 s
[OUTPUT] 2026-07-16T21:54:51.856971 Epoch 3 - Block 1 [Training] Accelerator Utilization [AU] (%): 85.3356
[OUTPUT] 2026-07-16T21:54:51.857016 Epoch 3 - Block 1 [Training] Throughput (samples/second): 86008.9853
[OUTPUT] 2026-07-16T21:54:51.857359 Epoch 3 - Block 1 [Training] Computation time per step (second): 0.0476+/-0.0000 (set value: {'mean': 0.04755})
[OUTPUT] 2026-07-16T21:54:51.971081 Ending epoch 3 - 4432 steps completed in 247.85 s
[OUTPUT] 2026-07-16T21:54:53.693802 Reshard for epoch 4: 106391 train files, 0 eval files redistributed via alltoall in 1.72s
[OUTPUT] 2026-07-16T21:54:54.589712 Worker pre-warm complete for epoch 4 (2 workers spawned)
[OUTPUT] 2026-07-16T21:55:11.047308 Starting epoch 4: 4432 steps expected
[OUTPUT] 2026-07-16T21:55:11.047746 Starting block 1
[OUTPUT] 2026-07-16T21:59:19.053649 Ending block 1 - 4432 steps completed in 248.01 s
[OUTPUT] 2026-07-16T21:59:19.054846 Epoch 4 - Block 1 [Training] Accelerator Utilization [AU] (%): 85.2309
[OUTPUT] 2026-07-16T21:59:19.054881 Epoch 4 - Block 1 [Training] Throughput (samples/second): 85906.2838
[OUTPUT] 2026-07-16T21:59:19.055181 Epoch 4 - Block 1 [Training] Computation time per step (second): 0.0476+/-0.0000 (set value: {'mean': 0.04755})
[OUTPUT] 2026-07-16T21:59:19.163224 Ending epoch 4 - 4432 steps completed in 248.12 s
[OUTPUT] 2026-07-16T21:59:20.844027 Reshard for epoch 5: 106391 train files, 0 eval files redistributed via alltoall in 1.68s
[OUTPUT] 2026-07-16T21:59:21.705882 Worker pre-warm complete for epoch 5 (2 workers spawned)
[OUTPUT] 2026-07-16T21:59:38.398892 Starting epoch 5: 4432 steps expected
[OUTPUT] 2026-07-16T21:59:38.399318 Starting block 1
[OUTPUT] 2026-07-16T22:03:46.196012 Ending block 1 - 4432 steps completed in 247.80 s
[OUTPUT] 2026-07-16T22:03:46.197147 Epoch 5 - Block 1 [Training] Accelerator Utilization [AU] (%): 85.3098
[OUTPUT] 2026-07-16T22:03:46.197180 Epoch 5 - Block 1 [Training] Throughput (samples/second): 85985.1512
[OUTPUT] 2026-07-16T22:03:46.197470 Epoch 5 - Block 1 [Training] Computation time per step (second): 0.0476+/-0.0000 (set value: {'mean': 0.04755})
[OUTPUT] 2026-07-16T22:03:46.297220 Ending epoch 5 - 4432 steps completed in 247.90 s
[OUTPUT] 2026-07-16T22:03:48.011465 Reshard for epoch 6: 106391 train files, 0 eval files redistributed via alltoall in 1.71s
[OUTPUT] 2026-07-16T22:03:48.908083 Worker pre-warm complete for epoch 6 (2 workers spawned)
[OUTPUT] 2026-07-16T22:04:05.771382 Starting epoch 6: 4432 steps expected
[OUTPUT] 2026-07-16T22:04:05.771845 Starting block 1
[OUTPUT] 2026-07-16T22:08:13.835432 Ending block 1 - 4432 steps completed in 248.06 s
[OUTPUT] 2026-07-16T22:08:13.836773 Epoch 6 - Block 1 [Training] Accelerator Utilization [AU] (%): 85.2206
[OUTPUT] 2026-07-16T22:08:13.836803 Epoch 6 - Block 1 [Training] Throughput (samples/second): 85894.1775
[OUTPUT] 2026-07-16T22:08:13.837085 Epoch 6 - Block 1 [Training] Computation time per step (second): 0.0476+/-0.0001 (set value: {'mean': 0.04755})
[OUTPUT] 2026-07-16T22:08:13.969040 Ending epoch 6 - 4432 steps completed in 248.20 s
[OUTPUT] 2026-07-16T22:08:15.694330 Reshard for epoch 7: 106391 train files, 0 eval files redistributed via alltoall in 1.72s
[OUTPUT] 2026-07-16T22:08:16.585227 Worker pre-warm complete for epoch 7 (2 workers spawned)
[OUTPUT] 2026-07-16T22:08:33.334323 Starting epoch 7: 4432 steps expected
[OUTPUT] 2026-07-16T22:08:33.334801 Starting block 1
[OUTPUT] 2026-07-16T22:12:41.196615 Ending block 1 - 4432 steps completed in 247.86 s
[OUTPUT] 2026-07-16T22:12:41.197705 Epoch 7 - Block 1 [Training] Accelerator Utilization [AU] (%): 85.2872
[OUTPUT] 2026-07-16T22:12:41.197737 Epoch 7 - Block 1 [Training] Throughput (samples/second): 85958.8264
[OUTPUT] 2026-07-16T22:12:41.198040 Epoch 7 - Block 1 [Training] Computation time per step (second): 0.0476+/-0.0001 (set value: {'mean': 0.04755})
[OUTPUT] 2026-07-16T22:12:41.275009 Ending epoch 7 - 4432 steps completed in 247.94 s
[OUTPUT] 2026-07-16T22:12:43.015592 Reshard for epoch 8: 106391 train files, 0 eval files redistributed via alltoall in 1.74s
[OUTPUT] 2026-07-16T22:12:43.878135 Worker pre-warm complete for epoch 8 (2 workers spawned)
[OUTPUT] 2026-07-16T22:13:00.651685 Starting epoch 8: 4432 steps expected
[OUTPUT] 2026-07-16T22:13:00.652094 Starting block 1
[OUTPUT] 2026-07-16T22:17:08.513316 Ending block 1 - 4432 steps completed in 247.86 s
[OUTPUT] 2026-07-16T22:17:08.514456 Epoch 8 - Block 1 [Training] Accelerator Utilization [AU] (%): 85.2934
[OUTPUT] 2026-07-16T22:17:08.514488 Epoch 8 - Block 1 [Training] Throughput (samples/second): 85968.0905
[OUTPUT] 2026-07-16T22:17:08.514775 Epoch 8 - Block 1 [Training] Computation time per step (second): 0.0476+/-0.0000 (set value: {'mean': 0.04755})
[OUTPUT] 2026-07-16T22:17:08.621774 Ending epoch 8 - 4432 steps completed in 247.97 s
[OUTPUT] 2026-07-16T22:17:10.334963 Reshard for epoch 9: 106391 train files, 0 eval files redistributed via alltoall in 1.71s
[OUTPUT] 2026-07-16T22:17:11.198063 Worker pre-warm complete for epoch 9 (2 workers spawned)
[OUTPUT] 2026-07-16T22:17:11.260749 Saved outputs in /root/Suzhou_Zishan_Longlin/closed/Suzhou_Zishan_Longlin/results/GalaxSphere-4Tier0/training/retinanet/run/20260716_214031
[OUTPUT] Averaged metric over all steps/epochs
[METRIC] ==========================================================
[METRIC] Number of Simulated Accelerators: 200 
[METRIC] Training Accelerator Utilization [AU] (%): 85.2838 (0.0695)
[METRIC] Training Throughput (samples/second): 85962.5390 (69.6047)
[METRIC] Training I/O Throughput (MiB/second): 26476.1006 (21.4380)
[METRIC] train_au_meet_expectation: success
[METRIC] ==========================================================

[OUTPUT] 2026-07-16T22:17:11.752829 outputs saved in RANKID_output.json
