[OUTPUT] [DEBUG DLIOBenchmark.__init__] After LoadConfig:
[OUTPUT]   storage_type   = <StorageType.S3: 's3'>
[OUTPUT]   storage_root   = 'mlp-retinanet-aws-m8gn'
[OUTPUT]   storage_options= {'prefetch_window': 16, 'storage_library': 's3dlio', 'uri_scheme': 's3', 'access_key_id': 'testing', 'secret_access_key': 'testing', 'endpoint_url': 'http://100.64.177.85:51080/s3/', 'region': 'us-east-1'}
[OUTPUT]   data_folder    = 'data/final/retinanet-m8gn-exact-v3/retinanet'
[OUTPUT]   framework      = <FrameworkType.PYTORCH: 'pytorch'>
[OUTPUT]   num_files_train= 31917318
[OUTPUT]   record_length  = 322957
[OUTPUT]   generate_data  = False
[OUTPUT]   do_train       = True
[OUTPUT]   do_checkpoint  = False
[OUTPUT]   epochs         = 8
[OUTPUT]   batch_size     = 24
[OUTPUT] 2026-07-18T09:36:55.132552 Running DLIO [Training] with 255 process(es)
[OUTPUT] 2026-07-18T09:36:55.460090 skip_listing [train]: validating 3,193 of 31,917,318 files (first, last, every 10,000) via HEAD requests ...
[OUTPUT] 2026-07-18T09:36:55.585924 skip_listing [train]:   319/3,193 checked (10%)  —  2538 checks/s  —  ETA 1s  —  0 failed so far
[OUTPUT] 2026-07-18T09:36:55.707238 skip_listing [train]:   638/3,193 checked (20%)  —  2583 checks/s  —  ETA 1s  —  0 failed so far
[OUTPUT] 2026-07-18T09:36:55.827106 skip_listing [train]:   957/3,193 checked (30%)  —  2609 checks/s  —  ETA 1s  —  0 failed so far
[OUTPUT] 2026-07-18T09:36:55.947482 skip_listing [train]:   1,276/3,193 checked (40%)  —  2619 checks/s  —  ETA 1s  —  0 failed so far
[OUTPUT] 2026-07-18T09:36:56.068846 skip_listing [train]:   1,595/3,193 checked (50%)  —  2621 checks/s  —  ETA 1s  —  0 failed so far
[OUTPUT] 2026-07-18T09:36:56.190181 skip_listing [train]:   1,914/3,193 checked (60%)  —  2622 checks/s  —  ETA 0s  —  0 failed so far
[OUTPUT] 2026-07-18T09:36:56.309464 skip_listing [train]:   2,233/3,193 checked (70%)  —  2629 checks/s  —  ETA 0s  —  0 failed so far
[OUTPUT] 2026-07-18T09:36:56.431118 skip_listing [train]:   2,552/3,193 checked (80%)  —  2629 checks/s  —  ETA 0s  —  0 failed so far
[OUTPUT] 2026-07-18T09:36:56.552543 skip_listing [train]:   2,871/3,193 checked (90%)  —  2628 checks/s  —  ETA 0s  —  0 failed so far
[OUTPUT] 2026-07-18T09:36:56.672748 skip_listing [train]:   3,190/3,193 checked (100%)  —  2631 checks/s  —  ETA 0s  —  0 failed so far
[OUTPUT] 2026-07-18T09:36:56.673571 skip_listing [train]: validation complete — all 3,193 samples exist (1.2s, 2632 checks/s); 125,166 URIs ready for rank 0 (31,917,318 total across all ranks)
[OUTPUT] 2026-07-18T09:36:56.674674 File listing [train]: 31917318 files discovered, 125165 assigned to rank 0, completed in 1.53s
[OUTPUT] 2026-07-18T09:36:56.674767 skip_listing [valid]: generated 0 file URIs deterministically (0 total — validation disabled)
[OUTPUT] 2026-07-18T09:36:56.674794 File listing [valid]: 0 files discovered, 0 assigned to rank 0, completed in 0.00s
[OUTPUT] 2026-07-18T09:36:56.674812 Streamed file sharding: 31917318 train files across 255 ranks via round-robin (rank 0 shard: 125165 files)
[OUTPUT] 2026-07-18T09:36:56.803400 Max steps per epoch per rank: 1329888 = 1 * 31917318 / 24 (samples per file * local files / batch size)
[OUTPUT] 2026-07-18T09:36:57.345877 Reshard for epoch 1: 125165 train files, 0 eval files redistributed via alltoall in 0.54s
[OUTPUT] 2026-07-18T09:37:02.047172 Worker pre-warm complete (1 workers spawned)
[OUTPUT] 2026-07-18T09:37:21.951566 Starting epoch 1: 5215 steps expected
[OUTPUT] 2026-07-18T09:37:21.951786 Starting block 1
[OUTPUT] 2026-07-18T09:41:59.772694 Ending block 1 - 5215 steps completed in 277.82 s
[OUTPUT] 2026-07-18T09:41:59.778900 Epoch 1 - Block 1 [Training] Accelerator Utilization [AU] (%): 89.4621
[OUTPUT] 2026-07-18T09:41:59.778936 Epoch 1 - Block 1 [Training] Throughput (samples/second): 114946.6290
[OUTPUT] 2026-07-18T09:41:59.780153 Epoch 1 - Block 1 [Training] Computation time per step (second): 0.0476+/-0.0000 (set value: {'mean': 0.04755})
[OUTPUT] 2026-07-18T09:41:59.780378 Ending epoch 1 - 5215 steps completed in 277.83 s
[OUTPUT] 2026-07-18T09:42:00.485677 Reshard for epoch 2: 125165 train files, 0 eval files redistributed via alltoall in 0.70s
[OUTPUT] 2026-07-18T09:42:00.670235 Worker pre-warm complete for epoch 2 (1 workers spawned)
[OUTPUT] 2026-07-18T09:42:00.754423 Starting epoch 2: 5215 steps expected
[OUTPUT] 2026-07-18T09:42:00.754764 Starting block 1
[OUTPUT] 2026-07-18T09:46:40.372645 Ending block 1 - 5215 steps completed in 279.62 s
[OUTPUT] 2026-07-18T09:46:40.373604 Epoch 2 - Block 1 [Training] Accelerator Utilization [AU] (%): 88.8766
[OUTPUT] 2026-07-18T09:46:40.373639 Epoch 2 - Block 1 [Training] Throughput (samples/second): 114193.4843
[OUTPUT] 2026-07-18T09:46:40.373987 Epoch 2 - Block 1 [Training] Computation time per step (second): 0.0476+/-0.0000 (set value: {'mean': 0.04755})
[OUTPUT] 2026-07-18T09:46:40.375668 Ending epoch 2 - 5215 steps completed in 279.62 s
[OUTPUT] 2026-07-18T09:46:41.006687 Reshard for epoch 3: 125165 train files, 0 eval files redistributed via alltoall in 0.63s
[OUTPUT] 2026-07-18T09:46:41.229169 Worker pre-warm complete for epoch 3 (1 workers spawned)
[OUTPUT] 2026-07-18T09:46:41.307522 Starting epoch 3: 5215 steps expected
[OUTPUT] 2026-07-18T09:46:41.307781 Starting block 1
[OUTPUT] 2026-07-18T09:51:17.020174 Ending block 1 - 5215 steps completed in 275.71 s
[OUTPUT] 2026-07-18T09:51:17.021805 Epoch 3 - Block 1 [Training] Accelerator Utilization [AU] (%): 90.1468
[OUTPUT] 2026-07-18T09:51:17.021848 Epoch 3 - Block 1 [Training] Throughput (samples/second): 115825.6993
[OUTPUT] 2026-07-18T09:51:17.022183 Epoch 3 - Block 1 [Training] Computation time per step (second): 0.0476+/-0.0000 (set value: {'mean': 0.04755})
[OUTPUT] 2026-07-18T09:51:17.022940 Ending epoch 3 - 5215 steps completed in 275.72 s
[OUTPUT] 2026-07-18T09:51:18.100587 Reshard for epoch 4: 125165 train files, 0 eval files redistributed via alltoall in 1.08s
[OUTPUT] 2026-07-18T09:51:18.277720 Worker pre-warm complete for epoch 4 (1 workers spawned)
[OUTPUT] 2026-07-18T09:51:18.362577 Starting epoch 4: 5215 steps expected
[OUTPUT] 2026-07-18T09:51:18.362860 Starting block 1
[OUTPUT] 2026-07-18T09:55:54.178685 Ending block 1 - 5215 steps completed in 275.82 s
[OUTPUT] 2026-07-18T09:55:54.179679 Epoch 4 - Block 1 [Training] Accelerator Utilization [AU] (%): 90.1000
[OUTPUT] 2026-07-18T09:55:54.179714 Epoch 4 - Block 1 [Training] Throughput (samples/second): 115765.7098
[OUTPUT] 2026-07-18T09:55:54.180045 Epoch 4 - Block 1 [Training] Computation time per step (second): 0.0476+/-0.0000 (set value: {'mean': 0.04755})
[OUTPUT] 2026-07-18T09:55:54.181532 Ending epoch 4 - 5215 steps completed in 275.82 s
[OUTPUT] 2026-07-18T09:55:54.638089 Reshard for epoch 5: 125165 train files, 0 eval files redistributed via alltoall in 0.46s
[OUTPUT] 2026-07-18T09:55:54.831174 Worker pre-warm complete for epoch 5 (1 workers spawned)
[OUTPUT] 2026-07-18T09:55:54.911891 Starting epoch 5: 5215 steps expected
[OUTPUT] 2026-07-18T09:55:54.912163 Starting block 1
[OUTPUT] 2026-07-18T10:00:30.523857 Ending block 1 - 5215 steps completed in 275.61 s
[OUTPUT] 2026-07-18T10:00:30.525510 Epoch 5 - Block 1 [Training] Accelerator Utilization [AU] (%): 90.1617
[OUTPUT] 2026-07-18T10:00:30.525549 Epoch 5 - Block 1 [Training] Throughput (samples/second): 115845.3263
[OUTPUT] 2026-07-18T10:00:30.525899 Epoch 5 - Block 1 [Training] Computation time per step (second): 0.0476+/-0.0000 (set value: {'mean': 0.04755})
[OUTPUT] 2026-07-18T10:00:30.526675 Ending epoch 5 - 5215 steps completed in 275.61 s
[OUTPUT] 2026-07-18T10:00:30.975230 Reshard for epoch 6: 125165 train files, 0 eval files redistributed via alltoall in 0.45s
[OUTPUT] 2026-07-18T10:00:31.189138 Worker pre-warm complete for epoch 6 (1 workers spawned)
[OUTPUT] 2026-07-18T10:00:31.267527 Starting epoch 6: 5215 steps expected
[OUTPUT] 2026-07-18T10:00:31.268468 Starting block 1
[OUTPUT] 2026-07-18T10:05:28.548646 Ending block 1 - 5215 steps completed in 297.28 s
[OUTPUT] 2026-07-18T10:05:28.549620 Epoch 6 - Block 1 [Training] Accelerator Utilization [AU] (%): 83.5892
[OUTPUT] 2026-07-18T10:05:28.549653 Epoch 6 - Block 1 [Training] Throughput (samples/second): 107401.7574
[OUTPUT] 2026-07-18T10:05:28.550000 Epoch 6 - Block 1 [Training] Computation time per step (second): 0.0476+/-0.0000 (set value: {'mean': 0.04755})
[OUTPUT] 2026-07-18T10:05:28.551581 Ending epoch 6 - 5215 steps completed in 297.28 s
[OUTPUT] 2026-07-18T10:05:29.146875 Reshard for epoch 7: 125165 train files, 0 eval files redistributed via alltoall in 0.59s
[OUTPUT] 2026-07-18T10:05:29.336067 Worker pre-warm complete for epoch 7 (1 workers spawned)
[OUTPUT] 2026-07-18T10:05:29.453011 Starting epoch 7: 5215 steps expected
[OUTPUT] 2026-07-18T10:05:29.453360 Starting block 1
[OUTPUT] 2026-07-18T10:10:04.041222 Ending block 1 - 5215 steps completed in 274.59 s
[OUTPUT] 2026-07-18T10:10:04.042723 Epoch 7 - Block 1 [Training] Accelerator Utilization [AU] (%): 90.5076
[OUTPUT] 2026-07-18T10:10:04.042762 Epoch 7 - Block 1 [Training] Throughput (samples/second): 116290.4800
[OUTPUT] 2026-07-18T10:10:04.043096 Epoch 7 - Block 1 [Training] Computation time per step (second): 0.0476+/-0.0000 (set value: {'mean': 0.04755})
[OUTPUT] 2026-07-18T10:10:04.044333 Ending epoch 7 - 5215 steps completed in 274.59 s
[OUTPUT] 2026-07-18T10:10:04.486606 Reshard for epoch 8: 125165 train files, 0 eval files redistributed via alltoall in 0.44s
[OUTPUT] 2026-07-18T10:10:04.659614 Worker pre-warm complete for epoch 8 (1 workers spawned)
[OUTPUT] 2026-07-18T10:10:04.937580 Starting epoch 8: 5215 steps expected
[OUTPUT] 2026-07-18T10:10:04.938100 Starting block 1
[OUTPUT] 2026-07-18T10:14:41.930976 Ending block 1 - 5215 steps completed in 276.99 s
[OUTPUT] 2026-07-18T10:14:41.931997 Epoch 8 - Block 1 [Training] Accelerator Utilization [AU] (%): 89.7277
[OUTPUT] 2026-07-18T10:14:41.932030 Epoch 8 - Block 1 [Training] Throughput (samples/second): 115287.3113
[OUTPUT] 2026-07-18T10:14:41.932370 Epoch 8 - Block 1 [Training] Computation time per step (second): 0.0476+/-0.0000 (set value: {'mean': 0.04755})
[OUTPUT] 2026-07-18T10:14:42.026123 Ending epoch 8 - 5215 steps completed in 277.09 s
[OUTPUT] 2026-07-18T10:14:42.625391 Reshard for epoch 9: 125165 train files, 0 eval files redistributed via alltoall in 0.60s
[OUTPUT] 2026-07-18T10:14:42.826962 Worker pre-warm complete for epoch 9 (1 workers spawned)
[OUTPUT] 2026-07-18T10:14:42.883118 Saved outputs in /home/ec2-user/mlps-aws-m8gn-retinanet-5c-final-v3/closed/nvidia/results/aistore-3n-aws-i8ge-150g-5client-m8gn24xl/training/retinanet/run/20260718_093642
[OUTPUT] Averaged metric over all steps/epochs
[METRIC] ==========================================================
[METRIC] Number of Simulated Accelerators: 255 
[METRIC] Training Accelerator Utilization [AU] (%): 89.0792 (2.1240)
[METRIC] Training Throughput (samples/second): 114450.5596 (2728.8990)
[METRIC] Training I/O Throughput (MiB/second): 35250.2912 (840.4894)
[METRIC] train_au_meet_expectation: success
[METRIC] ==========================================================

[OUTPUT] 2026-07-18T10:14:42.977322 outputs saved in RANKID_output.json
