[OUTPUT] [DEBUG DLIOBenchmark.__init__] After LoadConfig:
[OUTPUT]   storage_type   = <StorageType.LOCAL_FS: 'local_fs'>
[OUTPUT]   storage_root   = './'
[OUTPUT]   storage_options= None
[OUTPUT]   data_folder    = '/mnt/pfs/unet3d'
[OUTPUT]   framework      = <FrameworkType.PYTORCH: 'pytorch'>
[OUTPUT]   num_files_train= 380000
[OUTPUT]   record_length  = 146600628
[OUTPUT]   generate_data  = False
[OUTPUT]   do_train       = True
[OUTPUT]   do_checkpoint  = False
[OUTPUT]   epochs         = 5
[OUTPUT]   batch_size     = 7
[OUTPUT] 2026-07-24T11:48:45.971020 Running DLIO [Training] with 96 process(es)
[OUTPUT] 2026-07-24T11:48:47.537047 File listing [train]: 420000 files discovered, 3958 assigned to rank 0, completed in 1.55s
[OUTPUT] 2026-07-24T11:48:47.537693 File listing [valid]: 0 files discovered, 0 assigned to rank 0, completed in 0.00s
[OUTPUT] 2026-07-24T11:48:47.537758 Streamed file sharding: 420000 train files across 96 ranks via round-robin (rank 0 shard: 3958 files)
[OUTPUT] 2026-07-24T11:48:49.377449 Max steps per epoch per rank: 54285 = 1 * 380000 / 7 (samples per file * local files / batch size)
[OUTPUT] 2026-07-24T11:48:49.561878 Reshard for epoch 1: 3958 train files, 0 eval files redistributed via alltoall in 0.18s
[OUTPUT] 2026-07-24T11:48:52.400517 Worker pre-warm complete (12 workers spawned)
[OUTPUT] 2026-07-24T11:48:52.685307 Starting epoch 1: 565 steps expected
[OUTPUT] 2026-07-24T11:48:52.685586 Starting block 1
[OUTPUT] 2026-07-24T11:50:30.258410 Ending block 1 - 565 steps completed in 97.57 s
[OUTPUT] 2026-07-24T11:50:30.262242 Epoch 1 - Block 1 [Training] Accelerator Utilization [AU] (%): 95.9891
[OUTPUT] 2026-07-24T11:50:30.262300 Epoch 1 - Block 1 [Training] Throughput (samples/second): 3979.8885
[OUTPUT] 2026-07-24T11:50:30.263159 Epoch 1 - Block 1 [Training] Computation time per step (second): 0.1621+/-0.0000 (set value: {'mean': 0.162})
[OUTPUT] 2026-07-24T11:50:30.672256 Ending epoch 1 - 565 steps completed in 97.99 s
[OUTPUT] 2026-07-24T11:50:30.777372 Reshard for epoch 2: 3958 train files, 0 eval files redistributed via alltoall in 0.10s
[OUTPUT] 2026-07-24T11:50:33.529780 Worker pre-warm complete for epoch 2 (12 workers spawned)
[OUTPUT] 2026-07-24T11:50:33.870006 Starting epoch 2: 565 steps expected
[OUTPUT] 2026-07-24T11:50:33.870312 Starting block 1
[OUTPUT] 2026-07-24T11:52:11.526428 Ending block 1 - 565 steps completed in 97.66 s
[OUTPUT] 2026-07-24T11:52:11.528175 Epoch 2 - Block 1 [Training] Accelerator Utilization [AU] (%): 95.8899
[OUTPUT] 2026-07-24T11:52:11.528236 Epoch 2 - Block 1 [Training] Throughput (samples/second): 3975.8169
[OUTPUT] 2026-07-24T11:52:11.528467 Epoch 2 - Block 1 [Training] Computation time per step (second): 0.1621+/-0.0000 (set value: {'mean': 0.162})
[OUTPUT] 2026-07-24T11:52:11.703581 Ending epoch 2 - 565 steps completed in 97.83 s
[OUTPUT] 2026-07-24T11:52:11.726771 Reshard for epoch 3: 3958 train files, 0 eval files redistributed via alltoall in 0.02s
[OUTPUT] 2026-07-24T11:52:14.552455 Worker pre-warm complete for epoch 3 (12 workers spawned)
[OUTPUT] 2026-07-24T11:52:14.816451 Starting epoch 3: 565 steps expected
[OUTPUT] 2026-07-24T11:52:14.816743 Starting block 1
[OUTPUT] 2026-07-24T11:53:52.467839 Ending block 1 - 565 steps completed in 97.65 s
[OUTPUT] 2026-07-24T11:53:52.469467 Epoch 3 - Block 1 [Training] Accelerator Utilization [AU] (%): 95.8656
[OUTPUT] 2026-07-24T11:53:52.469519 Epoch 3 - Block 1 [Training] Throughput (samples/second): 3974.7825
[OUTPUT] 2026-07-24T11:53:52.469703 Epoch 3 - Block 1 [Training] Computation time per step (second): 0.1621+/-0.0000 (set value: {'mean': 0.162})
[OUTPUT] 2026-07-24T11:53:52.753471 Ending epoch 3 - 565 steps completed in 97.94 s
[OUTPUT] 2026-07-24T11:53:52.775285 Reshard for epoch 4: 3958 train files, 0 eval files redistributed via alltoall in 0.02s
[OUTPUT] 2026-07-24T11:53:55.561298 Worker pre-warm complete for epoch 4 (12 workers spawned)
[OUTPUT] 2026-07-24T11:53:55.836759 Starting epoch 4: 565 steps expected
[OUTPUT] 2026-07-24T11:53:55.837069 Starting block 1
[OUTPUT] 2026-07-24T11:55:33.453841 Ending block 1 - 565 steps completed in 97.62 s
[OUTPUT] 2026-07-24T11:55:33.455487 Epoch 4 - Block 1 [Training] Accelerator Utilization [AU] (%): 95.8038
[OUTPUT] 2026-07-24T11:55:33.455540 Epoch 4 - Block 1 [Training] Throughput (samples/second): 3972.2007
[OUTPUT] 2026-07-24T11:55:33.455728 Epoch 4 - Block 1 [Training] Computation time per step (second): 0.1621+/-0.0000 (set value: {'mean': 0.162})
[OUTPUT] 2026-07-24T11:55:33.698851 Ending epoch 4 - 565 steps completed in 97.86 s
[OUTPUT] 2026-07-24T11:55:33.753640 Reshard for epoch 5: 3958 train files, 0 eval files redistributed via alltoall in 0.05s
[OUTPUT] 2026-07-24T11:55:36.638652 Worker pre-warm complete for epoch 5 (12 workers spawned)
[OUTPUT] 2026-07-24T11:55:36.900715 Starting epoch 5: 565 steps expected
[OUTPUT] 2026-07-24T11:55:36.901008 Starting block 1
[OUTPUT] 2026-07-24T11:57:14.640904 Ending block 1 - 565 steps completed in 97.74 s
[OUTPUT] 2026-07-24T11:57:14.642612 Epoch 5 - Block 1 [Training] Accelerator Utilization [AU] (%): 95.8090
[OUTPUT] 2026-07-24T11:57:14.642666 Epoch 5 - Block 1 [Training] Throughput (samples/second): 3972.4108
[OUTPUT] 2026-07-24T11:57:14.642864 Epoch 5 - Block 1 [Training] Computation time per step (second): 0.1621+/-0.0000 (set value: {'mean': 0.162})
[OUTPUT] 2026-07-24T11:57:14.662766 Ending epoch 5 - 565 steps completed in 97.76 s
[OUTPUT] 2026-07-24T11:57:14.685734 Reshard for epoch 6: 3958 train files, 0 eval files redistributed via alltoall in 0.02s
[OUTPUT] 2026-07-24T11:57:17.476416 Worker pre-warm complete for epoch 6 (12 workers spawned)
[OUTPUT] 2026-07-24T11:57:17.694188 Saved outputs in /home/mlperf/results/TuringData/closed/TuringData/results/TuringData_F9200_8_Clients/training/unet3d/run/20260724_114820
[OUTPUT] Averaged metric over all steps/epochs
[METRIC] ==========================================================
[METRIC] Number of Simulated Accelerators: 96 
[METRIC] Training Accelerator Utilization [AU] (%): 95.7108 (0.0274)
[METRIC] Training Throughput (samples/second): 3968.3801 (1.1378)
[METRIC] Training I/O Throughput (MiB/second): 554816.2651 (159.0746)
[METRIC] train_au_meet_expectation: success
[METRIC] ==========================================================

[OUTPUT] 2026-07-24T11:57:17.872385 outputs saved in RANKID_output.json
