[OUTPUT] [DEBUG DLIOBenchmark.__init__] After LoadConfig:
[OUTPUT]   storage_type   = <StorageType.LOCAL_FS: 'local_fs'>
[OUTPUT]   storage_root   = './'
[OUTPUT]   storage_options= None
[OUTPUT]   data_folder    = '/mnt/xpc/mlperf/data/formal/unet3d_closed_7client_a70_20260721_095215/unet3d'
[OUTPUT]   framework      = <FrameworkType.PYTORCH: 'pytorch'>
[OUTPUT]   num_files_train= 245000
[OUTPUT]   record_length  = 146600628
[OUTPUT]   generate_data  = False
[OUTPUT]   do_train       = True
[OUTPUT]   do_checkpoint  = False
[OUTPUT]   epochs         = 5
[OUTPUT]   batch_size     = 7
[OUTPUT] 2026-07-21T10:59:14.292491 Running DLIO [Training] with 70 process(es)
[OUTPUT] 2026-07-21T10:59:14.340246 skip_listing [train]: validating 24,501 of 245,000 files (first, last, every 10) via HEAD requests ...
[OUTPUT] 2026-07-21T10:59:14.363041 skip_listing [train]:   500/24,501 checked (2%)  —  22037 checks/s  —  ETA 1s  —  0 failed so far
[OUTPUT] 2026-07-21T10:59:14.382775 skip_listing [train]:   1,000/24,501 checked (4%)  —  23573 checks/s  —  ETA 1s  —  0 failed so far
[OUTPUT] 2026-07-21T10:59:14.401285 skip_listing [train]:   1,500/24,501 checked (6%)  —  24617 checks/s  —  ETA 1s  —  0 failed so far
[OUTPUT] 2026-07-21T10:59:14.419480 skip_listing [train]:   2,000/24,501 checked (8%)  —  25275 checks/s  —  ETA 1s  —  0 failed so far
[OUTPUT] 2026-07-21T10:59:14.438389 skip_listing [train]:   2,500/24,501 checked (10%)  —  25501 checks/s  —  ETA 1s  —  0 failed so far
[OUTPUT] 2026-07-21T10:59:14.456312 skip_listing [train]:   3,000/24,501 checked (12%)  —  25871 checks/s  —  ETA 1s  —  0 failed so far
[OUTPUT] 2026-07-21T10:59:14.474288 skip_listing [train]:   3,500/24,501 checked (14%)  —  26132 checks/s  —  ETA 1s  —  0 failed so far
[OUTPUT] 2026-07-21T10:59:14.492629 skip_listing [train]:   4,000/24,501 checked (16%)  —  26268 checks/s  —  ETA 1s  —  0 failed so far
[OUTPUT] 2026-07-21T10:59:14.510845 skip_listing [train]:   4,500/24,501 checked (18%)  —  26394 checks/s  —  ETA 1s  —  0 failed so far
[OUTPUT] 2026-07-21T10:59:14.528642 skip_listing [train]:   5,000/24,501 checked (20%)  —  26555 checks/s  —  ETA 1s  —  0 failed so far
[OUTPUT] 2026-07-21T10:59:14.547792 skip_listing [train]:   5,500/24,501 checked (22%)  —  26514 checks/s  —  ETA 1s  —  0 failed so far
[OUTPUT] 2026-07-21T10:59:14.565995 skip_listing [train]:   6,000/24,501 checked (24%)  —  26591 checks/s  —  ETA 1s  —  0 failed so far
[OUTPUT] 2026-07-21T10:59:14.583818 skip_listing [train]:   6,500/24,501 checked (27%)  —  26698 checks/s  —  ETA 1s  —  0 failed so far
[OUTPUT] 2026-07-21T10:59:14.601417 skip_listing [train]:   7,000/24,501 checked (29%)  —  26813 checks/s  —  ETA 1s  —  0 failed so far
[OUTPUT] 2026-07-21T10:59:14.619019 skip_listing [train]:   7,500/24,501 checked (31%)  —  26914 checks/s  —  ETA 1s  —  0 failed so far
[OUTPUT] 2026-07-21T10:59:14.636356 skip_listing [train]:   8,000/24,501 checked (33%)  —  27027 checks/s  —  ETA 1s  —  0 failed so far
[OUTPUT] 2026-07-21T10:59:14.653716 skip_listing [train]:   8,500/24,501 checked (35%)  —  27125 checks/s  —  ETA 1s  —  0 failed so far
[OUTPUT] 2026-07-21T10:59:14.675687 skip_listing [train]:   9,000/24,501 checked (37%)  —  26839 checks/s  —  ETA 1s  —  0 failed so far
[OUTPUT] 2026-07-21T10:59:14.693872 skip_listing [train]:   9,500/24,501 checked (39%)  —  26873 checks/s  —  ETA 1s  —  0 failed so far
[OUTPUT] 2026-07-21T10:59:14.711451 skip_listing [train]:   10,000/24,501 checked (41%)  —  26947 checks/s  —  ETA 1s  —  0 failed so far
[OUTPUT] 2026-07-21T10:59:14.729402 skip_listing [train]:   10,500/24,501 checked (43%)  —  26989 checks/s  —  ETA 1s  —  0 failed so far
[OUTPUT] 2026-07-21T10:59:14.747165 skip_listing [train]:   11,000/24,501 checked (45%)  —  27039 checks/s  —  ETA 0s  —  0 failed so far
[OUTPUT] 2026-07-21T10:59:14.764346 skip_listing [train]:   11,500/24,501 checked (47%)  —  27123 checks/s  —  ETA 0s  —  0 failed so far
[OUTPUT] 2026-07-21T10:59:14.782233 skip_listing [train]:   12,000/24,501 checked (49%)  —  27157 checks/s  —  ETA 0s  —  0 failed so far
[OUTPUT] 2026-07-21T10:59:14.801139 skip_listing [train]:   12,500/24,501 checked (51%)  —  27127 checks/s  —  ETA 0s  —  0 failed so far
[OUTPUT] 2026-07-21T10:59:14.818825 skip_listing [train]:   13,000/24,501 checked (53%)  —  27170 checks/s  —  ETA 0s  —  0 failed so far
[OUTPUT] 2026-07-21T10:59:14.836258 skip_listing [train]:   13,500/24,501 checked (55%)  —  27223 checks/s  —  ETA 0s  —  0 failed so far
[OUTPUT] 2026-07-21T10:59:14.853794 skip_listing [train]:   14,000/24,501 checked (57%)  —  27267 checks/s  —  ETA 0s  —  0 failed so far
[OUTPUT] 2026-07-21T10:59:14.871279 skip_listing [train]:   14,500/24,501 checked (59%)  —  27311 checks/s  —  ETA 0s  —  0 failed so far
[OUTPUT] 2026-07-21T10:59:14.888751 skip_listing [train]:   15,000/24,501 checked (61%)  —  27352 checks/s  —  ETA 0s  —  0 failed so far
[OUTPUT] 2026-07-21T10:59:14.906780 skip_listing [train]:   15,500/24,501 checked (63%)  —  27364 checks/s  —  ETA 0s  —  0 failed so far
[OUTPUT] 2026-07-21T10:59:14.926150 skip_listing [train]:   16,000/24,501 checked (65%)  —  27313 checks/s  —  ETA 0s  —  0 failed so far
[OUTPUT] 2026-07-21T10:59:14.944423 skip_listing [train]:   16,500/24,501 checked (67%)  —  27315 checks/s  —  ETA 0s  —  0 failed so far
[OUTPUT] 2026-07-21T10:59:14.962470 skip_listing [train]:   17,000/24,501 checked (69%)  —  27326 checks/s  —  ETA 0s  —  0 failed so far
[OUTPUT] 2026-07-21T10:59:14.982460 skip_listing [train]:   17,500/24,501 checked (71%)  —  27254 checks/s  —  ETA 0s  —  0 failed so far
[OUTPUT] 2026-07-21T10:59:14.999915 skip_listing [train]:   18,000/24,501 checked (73%)  —  27291 checks/s  —  ETA 0s  —  0 failed so far
[OUTPUT] 2026-07-21T10:59:15.020346 skip_listing [train]:   18,500/24,501 checked (76%)  —  27206 checks/s  —  ETA 0s  —  0 failed so far
[OUTPUT] 2026-07-21T10:59:15.037932 skip_listing [train]:   19,000/24,501 checked (78%)  —  27237 checks/s  —  ETA 0s  —  0 failed so far
[OUTPUT] 2026-07-21T10:59:15.055165 skip_listing [train]:   19,500/24,501 checked (80%)  —  27280 checks/s  —  ETA 0s  —  0 failed so far
[OUTPUT] 2026-07-21T10:59:15.072557 skip_listing [train]:   20,000/24,501 checked (82%)  —  27315 checks/s  —  ETA 0s  —  0 failed so far
[OUTPUT] 2026-07-21T10:59:15.089545 skip_listing [train]:   20,500/24,501 checked (84%)  —  27363 checks/s  —  ETA 0s  —  0 failed so far
[OUTPUT] 2026-07-21T10:59:15.106792 skip_listing [train]:   21,000/24,501 checked (86%)  —  27399 checks/s  —  ETA 0s  —  0 failed so far
[OUTPUT] 2026-07-21T10:59:15.124827 skip_listing [train]:   21,500/24,501 checked (88%)  —  27407 checks/s  —  ETA 0s  —  0 failed so far
[OUTPUT] 2026-07-21T10:59:15.142673 skip_listing [train]:   22,000/24,501 checked (90%)  —  27420 checks/s  —  ETA 0s  —  0 failed so far
[OUTPUT] 2026-07-21T10:59:15.160628 skip_listing [train]:   22,500/24,501 checked (92%)  —  27430 checks/s  —  ETA 0s  —  0 failed so far
[OUTPUT] 2026-07-21T10:59:15.178362 skip_listing [train]:   23,000/24,501 checked (94%)  —  27446 checks/s  —  ETA 0s  —  0 failed so far
[OUTPUT] 2026-07-21T10:59:15.196843 skip_listing [train]:   23,500/24,501 checked (96%)  —  27437 checks/s  —  ETA 0s  —  0 failed so far
[OUTPUT] 2026-07-21T10:59:15.214394 skip_listing [train]:   24,000/24,501 checked (98%)  —  27459 checks/s  —  ETA 0s  —  0 failed so far
[OUTPUT] 2026-07-21T10:59:15.234792 skip_listing [train]:   24,500/24,501 checked (100%)  —  27391 checks/s  —  ETA 0s  —  0 failed so far
[OUTPUT] 2026-07-21T10:59:15.234826 skip_listing [train]: validation complete — all 24,501 samples exist (0.9s, 27392 checks/s); 3,500 URIs ready for rank 0 (245,000 total across all ranks)
[OUTPUT] 2026-07-21T10:59:15.234887 File listing [train]: 245000 files discovered, 3500 assigned to rank 0, completed in 0.91s
[OUTPUT] 2026-07-21T10:59:15.234917 skip_listing [valid]: generated 0 file URIs deterministically (0 total — validation disabled)
[OUTPUT] 2026-07-21T10:59:15.234948 File listing [valid]: 0 files discovered, 0 assigned to rank 0, completed in 0.00s
[OUTPUT] 2026-07-21T10:59:15.234972 Streamed file sharding: 245000 train files across 70 ranks via round-robin (rank 0 shard: 3500 files)
[OUTPUT] 2026-07-21T10:59:16.270357 Max steps per epoch per rank: 35000 = 1 * 245000 / 7 (samples per file * local files / batch size)
[OUTPUT] 2026-07-21T10:59:16.343800 Reshard for epoch 1: 3500 train files, 0 eval files redistributed via alltoall in 0.07s
[OUTPUT] 2026-07-21T10:59:19.026397 Worker pre-warm complete (13 workers spawned)
[OUTPUT] 2026-07-21T10:59:20.348902 Starting epoch 1: 500 steps expected
[OUTPUT] 2026-07-21T10:59:20.349156 Starting block 1
[OUTPUT] 2026-07-21T11:00:50.750245 Ending block 1 - 500 steps completed in 90.40 s
[OUTPUT] 2026-07-21T11:00:50.753359 Epoch 1 - Block 1 [Training] Accelerator Utilization [AU] (%): 92.2141
[OUTPUT] 2026-07-21T11:00:50.753412 Epoch 1 - Block 1 [Training] Throughput (samples/second): 2783.5751
[OUTPUT] 2026-07-21T11:00:50.754316 Epoch 1 - Block 1 [Training] Computation time per step (second): 0.1623+/-0.0005 (set value: {'mean': 0.162})
[OUTPUT] 2026-07-21T11:00:50.800155 Ending epoch 1 - 500 steps completed in 90.45 s
[OUTPUT] 2026-07-21T11:00:50.818846 Reshard for epoch 2: 3500 train files, 0 eval files redistributed via alltoall in 0.02s
[OUTPUT] 2026-07-21T11:00:53.995563 Worker pre-warm complete for epoch 2 (13 workers spawned)
[OUTPUT] 2026-07-21T11:00:54.327914 Starting epoch 2: 500 steps expected
[OUTPUT] 2026-07-21T11:00:54.328196 Starting block 1
[OUTPUT] 2026-07-21T11:02:24.540450 Ending block 1 - 500 steps completed in 90.21 s
[OUTPUT] 2026-07-21T11:02:24.542319 Epoch 2 - Block 1 [Training] Accelerator Utilization [AU] (%): 92.2938
[OUTPUT] 2026-07-21T11:02:24.542372 Epoch 2 - Block 1 [Training] Throughput (samples/second): 2786.0613
[OUTPUT] 2026-07-21T11:02:24.542560 Epoch 2 - Block 1 [Training] Computation time per step (second): 0.1623+/-0.0006 (set value: {'mean': 0.162})
[OUTPUT] 2026-07-21T11:02:24.589286 Ending epoch 2 - 500 steps completed in 90.26 s
[OUTPUT] 2026-07-21T11:02:24.610297 Reshard for epoch 3: 3500 train files, 0 eval files redistributed via alltoall in 0.02s
[OUTPUT] 2026-07-21T11:02:27.229942 Worker pre-warm complete for epoch 3 (13 workers spawned)
[OUTPUT] 2026-07-21T11:02:28.146628 Starting epoch 3: 500 steps expected
[OUTPUT] 2026-07-21T11:02:28.146942 Starting block 1
[OUTPUT] 2026-07-21T11:03:58.001911 Ending block 1 - 500 steps completed in 89.85 s
[OUTPUT] 2026-07-21T11:03:58.004053 Epoch 3 - Block 1 [Training] Accelerator Utilization [AU] (%): 92.6090
[OUTPUT] 2026-07-21T11:03:58.004110 Epoch 3 - Block 1 [Training] Throughput (samples/second): 2795.5471
[OUTPUT] 2026-07-21T11:03:58.004307 Epoch 3 - Block 1 [Training] Computation time per step (second): 0.1623+/-0.0005 (set value: {'mean': 0.162})
[OUTPUT] 2026-07-21T11:03:58.048001 Ending epoch 3 - 500 steps completed in 89.90 s
[OUTPUT] 2026-07-21T11:03:58.068681 Reshard for epoch 4: 3500 train files, 0 eval files redistributed via alltoall in 0.02s
[OUTPUT] 2026-07-21T11:04:00.688041 Worker pre-warm complete for epoch 4 (13 workers spawned)
[OUTPUT] 2026-07-21T11:04:01.729847 Starting epoch 4: 500 steps expected
[OUTPUT] 2026-07-21T11:04:01.730180 Starting block 1
[OUTPUT] 2026-07-21T11:05:31.848992 Ending block 1 - 500 steps completed in 90.12 s
[OUTPUT] 2026-07-21T11:05:31.851010 Epoch 4 - Block 1 [Training] Accelerator Utilization [AU] (%): 92.4521
[OUTPUT] 2026-07-21T11:05:31.851065 Epoch 4 - Block 1 [Training] Throughput (samples/second): 2790.7387
[OUTPUT] 2026-07-21T11:05:31.851260 Epoch 4 - Block 1 [Training] Computation time per step (second): 0.1623+/-0.0005 (set value: {'mean': 0.162})
[OUTPUT] 2026-07-21T11:05:31.901177 Ending epoch 4 - 500 steps completed in 90.17 s
[OUTPUT] 2026-07-21T11:05:31.915130 Reshard for epoch 5: 3500 train files, 0 eval files redistributed via alltoall in 0.01s
[OUTPUT] 2026-07-21T11:05:34.927606 Worker pre-warm complete for epoch 5 (13 workers spawned)
[OUTPUT] 2026-07-21T11:05:35.453713 Starting epoch 5: 500 steps expected
[OUTPUT] 2026-07-21T11:05:35.454025 Starting block 1
[OUTPUT] 2026-07-21T11:07:05.966991 Ending block 1 - 500 steps completed in 90.51 s
[OUTPUT] 2026-07-21T11:07:05.968943 Epoch 5 - Block 1 [Training] Accelerator Utilization [AU] (%): 91.6432
[OUTPUT] 2026-07-21T11:07:05.968998 Epoch 5 - Block 1 [Training] Throughput (samples/second): 2766.1025
[OUTPUT] 2026-07-21T11:07:05.969202 Epoch 5 - Block 1 [Training] Computation time per step (second): 0.1623+/-0.0005 (set value: {'mean': 0.162})
[OUTPUT] 2026-07-21T11:07:06.017948 Ending epoch 5 - 500 steps completed in 90.56 s
[OUTPUT] 2026-07-21T11:07:06.032553 Reshard for epoch 6: 3500 train files, 0 eval files redistributed via alltoall in 0.01s
[OUTPUT] 2026-07-21T11:07:08.606393 Worker pre-warm complete for epoch 6 (13 workers spawned)
[OUTPUT] 2026-07-21T11:07:09.536875 Saved outputs in /mnt/mlperf-results-nfs/mlps-results-training-unet3d-7client-a70-closed-20260721_105151/closed/XSKY/results/AIMesh-7-node/training/unet3d/run/20260721_105850
[OUTPUT] Averaged metric over all steps/epochs
[METRIC] ==========================================================
[METRIC] Number of Simulated Accelerators: 70 
[METRIC] Training Accelerator Utilization [AU] (%): 92.0516 (0.2561)
[METRIC] Training Throughput (samples/second): 2781.2538 (7.7008)
[METRIC] Training I/O Throughput (MiB/second): 388845.0231 (1076.6392)
[METRIC] train_au_meet_expectation: success
[METRIC] ==========================================================

[OUTPUT] 2026-07-21T11:07:09.683449 outputs saved in RANKID_output.json
