[OUTPUT] [DEBUG DLIOBenchmark.__init__] After LoadConfig:
[OUTPUT]   storage_type   = <StorageType.LOCAL_FS: 'local_fs'>
[OUTPUT]   storage_root   = './'
[OUTPUT]   storage_options= None
[OUTPUT]   data_folder    = '/mnt/mlperf-block/unet3d/data/unet3d'
[OUTPUT]   framework      = <FrameworkType.PYTORCH: 'pytorch'>
[OUTPUT]   num_files_train= 14000
[OUTPUT]   record_length  = 146600628
[OUTPUT]   generate_data  = False
[OUTPUT]   do_train       = True
[OUTPUT]   do_checkpoint  = True
[OUTPUT]   epochs         = 5
[OUTPUT]   batch_size     = 7
[OUTPUT] 2026-06-29T18:21:37.617406 Running DLIO [Training & Checkpointing] with 4 process(es)
[OUTPUT] 2026-06-29T18:21:37.633926 skip_listing [train]: validating 1,401 of 14,000 files (first, last, every 10) via HEAD requests ...
[OUTPUT] 2026-06-29T18:21:37.662109 skip_listing [train]:   140/1,401 checked (10%)  —  4980 checks/s  —  ETA 0s  —  0 failed so far
[OUTPUT] 2026-06-29T18:21:37.690287 skip_listing [train]:   280/1,401 checked (20%)  —  4974 checks/s  —  ETA 0s  —  0 failed so far
[OUTPUT] 2026-06-29T18:21:37.717616 skip_listing [train]:   420/1,401 checked (30%)  —  5023 checks/s  —  ETA 0s  —  0 failed so far
[OUTPUT] 2026-06-29T18:21:37.742652 skip_listing [train]:   560/1,401 checked (40%)  —  5154 checks/s  —  ETA 0s  —  0 failed so far
[OUTPUT] 2026-06-29T18:21:37.766970 skip_listing [train]:   700/1,401 checked (50%)  —  5264 checks/s  —  ETA 0s  —  0 failed so far
[OUTPUT] 2026-06-29T18:21:37.789354 skip_listing [train]:   840/1,401 checked (60%)  —  5407 checks/s  —  ETA 0s  —  0 failed so far
[OUTPUT] 2026-06-29T18:21:37.812048 skip_listing [train]:   980/1,401 checked (70%)  —  5504 checks/s  —  ETA 0s  —  0 failed so far
[OUTPUT] 2026-06-29T18:21:37.835325 skip_listing [train]:   1,120/1,401 checked (80%)  —  5563 checks/s  —  ETA 0s  —  0 failed so far
[OUTPUT] 2026-06-29T18:21:37.859216 skip_listing [train]:   1,260/1,401 checked (90%)  —  5594 checks/s  —  ETA 0s  —  0 failed so far
[OUTPUT] 2026-06-29T18:21:37.878975 skip_listing [train]:   1,400/1,401 checked (100%)  —  5715 checks/s  —  ETA 0s  —  0 failed so far
[OUTPUT] 2026-06-29T18:21:37.879030 skip_listing [train]: validation complete — all 1,401 samples exist (0.2s, 5717 checks/s); 3,500 URIs ready for rank 0 (14,000 total across all ranks)
[OUTPUT] 2026-06-29T18:21:37.879077 File listing [train]: 14000 files discovered, 3500 assigned to rank 0, completed in 0.25s
[OUTPUT] 2026-06-29T18:21:37.879101 skip_listing [valid]: generated 0 file URIs deterministically (0 total — validation disabled)
[OUTPUT] 2026-06-29T18:21:37.879122 File listing [valid]: 0 files discovered, 0 assigned to rank 0, completed in 0.00s
[OUTPUT] 2026-06-29T18:21:37.879139 Streamed file sharding: 14000 train files across 4 ranks via round-robin (rank 0 shard: 3500 files)
[OUTPUT] ================================================================================
[OUTPUT] Data Generation Method: DGEN (default)
[OUTPUT]   dgen-py zero-copy BytesView — 155x faster than NumPy, 0 MiB overhead
[OUTPUT] ================================================================================
[OUTPUT] 2026-06-29T18:21:37.892497 Model size: 0.000010 GiB 
[OUTPUT] 2026-06-29T18:21:37.892548 Total checkpoint size: 0.000010 GiB 
[OUTPUT] 2026-06-29T18:21:37.892606 Max steps per epoch per rank: 2000 = 1 * 14000 / 7 (samples per file * local files / batch size)
[OUTPUT] 2026-06-29T18:21:37.893674 Reshard for epoch 1: 3500 train files, 0 eval files redistributed via alltoall in 0.00s
[OUTPUT] 2026-06-29T18:21:41.036279 Worker pre-warm complete (16 workers spawned)
[OUTPUT] 2026-06-29T18:21:41.633687 Starting epoch 1: 500 steps expected
[OUTPUT] 2026-06-29T18:21:41.633940 Starting block 1
[OUTPUT] 2026-06-29T18:23:10.845352 Ending block 1 - 500 steps completed in 89.21 s
[OUTPUT] 2026-06-29T18:23:10.860584 Epoch 1 - Block 1 [Training] Accelerator Utilization [AU] (%): 93.9725
[OUTPUT] 2026-06-29T18:23:10.860632 Epoch 1 - Block 1 [Training] Throughput (samples/second): 162.3038
[OUTPUT] 2026-06-29T18:23:10.861563 Epoch 1 - Block 1 [Training] Computation time per step (second): 0.1621+/-0.0000 (set value: {'mean': 0.162})
[OUTPUT] 2026-06-29T18:23:10.862884 Ending epoch 1 - 500 steps completed in 89.23 s
[OUTPUT] 2026-06-29T18:23:10.865991 Reshard for epoch 2: 3500 train files, 0 eval files redistributed via alltoall in 0.00s
[OUTPUT] 2026-06-29T18:23:13.753989 Worker pre-warm complete for epoch 2 (16 workers spawned)
[OUTPUT] 2026-06-29T18:23:14.273260 Starting epoch 2: 500 steps expected
[OUTPUT] 2026-06-29T18:23:14.273543 Starting block 1
[OUTPUT] 2026-06-29T18:24:43.598986 Ending block 1 - 500 steps completed in 89.33 s
[OUTPUT] 2026-06-29T18:24:43.600586 Epoch 2 - Block 1 [Training] Accelerator Utilization [AU] (%): 93.8288
[OUTPUT] 2026-06-29T18:24:43.600636 Epoch 2 - Block 1 [Training] Throughput (samples/second): 162.0620
[OUTPUT] 2026-06-29T18:24:43.600811 Epoch 2 - Block 1 [Training] Computation time per step (second): 0.1621+/-0.0000 (set value: {'mean': 0.162})
[OUTPUT] 2026-06-29T18:24:43.602539 Ending epoch 2 - 500 steps completed in 89.33 s
[OUTPUT] 2026-06-29T18:24:43.605725 Reshard for epoch 3: 3500 train files, 0 eval files redistributed via alltoall in 0.00s
[OUTPUT] 2026-06-29T18:24:47.142790 Worker pre-warm complete for epoch 3 (16 workers spawned)
[OUTPUT] 2026-06-29T18:24:47.363654 Starting epoch 3: 500 steps expected
[OUTPUT] 2026-06-29T18:24:47.363917 Starting block 1
[OUTPUT] 2026-06-29T18:26:16.449980 Ending block 1 - 500 steps completed in 89.09 s
[OUTPUT] 2026-06-29T18:26:16.451423 Epoch 3 - Block 1 [Training] Accelerator Utilization [AU] (%): 94.2242
[OUTPUT] 2026-06-29T18:26:16.451477 Epoch 3 - Block 1 [Training] Throughput (samples/second): 162.7394
[OUTPUT] 2026-06-29T18:26:16.451655 Epoch 3 - Block 1 [Training] Computation time per step (second): 0.1621+/-0.0000 (set value: {'mean': 0.162})
[OUTPUT] 2026-06-29T18:26:16.453995 Ending epoch 3 - 500 steps completed in 89.09 s
[OUTPUT] 2026-06-29T18:26:16.456849 Reshard for epoch 4: 3500 train files, 0 eval files redistributed via alltoall in 0.00s
[OUTPUT] 2026-06-29T18:26:19.956321 Worker pre-warm complete for epoch 4 (16 workers spawned)
[OUTPUT] 2026-06-29T18:26:20.048597 Starting epoch 4: 500 steps expected
[OUTPUT] 2026-06-29T18:26:20.048792 Starting block 1
[OUTPUT] 2026-06-29T18:27:49.304050 Ending block 1 - 500 steps completed in 89.26 s
[OUTPUT] 2026-06-29T18:27:49.305557 Epoch 4 - Block 1 [Training] Accelerator Utilization [AU] (%): 94.0376
[OUTPUT] 2026-06-29T18:27:49.305600 Epoch 4 - Block 1 [Training] Throughput (samples/second): 162.4194
[OUTPUT] 2026-06-29T18:27:49.305774 Epoch 4 - Block 1 [Training] Computation time per step (second): 0.1621+/-0.0000 (set value: {'mean': 0.162})
[OUTPUT] 2026-06-29T18:27:49.307875 Ending epoch 4 - 500 steps completed in 89.26 s
[OUTPUT] 2026-06-29T18:27:49.311123 Reshard for epoch 5: 3500 train files, 0 eval files redistributed via alltoall in 0.00s
[OUTPUT] 2026-06-29T18:27:52.985479 Worker pre-warm complete for epoch 5 (16 workers spawned)
[OUTPUT] 2026-06-29T18:27:53.085417 Starting epoch 5: 500 steps expected
[OUTPUT] 2026-06-29T18:27:53.085643 Starting block 1
[OUTPUT] 2026-06-29T18:29:22.709930 Ending block 1 - 500 steps completed in 89.62 s
[OUTPUT] 2026-06-29T18:29:22.711415 Epoch 5 - Block 1 [Training] Accelerator Utilization [AU] (%): 93.5359
[OUTPUT] 2026-06-29T18:29:22.711460 Epoch 5 - Block 1 [Training] Throughput (samples/second): 161.5448
[OUTPUT] 2026-06-29T18:29:22.711639 Epoch 5 - Block 1 [Training] Computation time per step (second): 0.1621+/-0.0000 (set value: {'mean': 0.162})
[OUTPUT] 2026-06-29T18:29:22.711696 Starting saving checkpoint 1 after total step 500 for epoch 5
/home/mayascale/storage/mlpstorage_py/checkpointing/streaming_checkpoint.py:142: RuntimeWarning: total_size_bytes (10240) < chunk_size (33554432). Consider reducing chunk_size for better efficiency.
  warnings.warn(
[OUTPUT] 2026-06-29T18:29:22.778080 Finished saving checkpoint 1 for epoch 5 in 0.0664 s; Throughput: 0.0001 GiB/s
[OUTPUT] 2026-06-29T18:29:22.780016 Ending epoch 5 - 500 steps completed in 89.69 s
[OUTPUT] 2026-06-29T18:29:22.782820 Reshard for epoch 6: 3500 train files, 0 eval files redistributed via alltoall in 0.00s
[OUTPUT] 2026-06-29T18:29:25.767383 Worker pre-warm complete for epoch 6 (16 workers spawned)
[OUTPUT] 2026-06-29T18:29:25.924119 Saved outputs in /home/mayascale/mlperf-runs/unet3d-official/closed/ZettaLane/results/mayascale-gcp_c4hc192_n2hc64_1c_4s/training/unet3d/run/20260629_182128
[OUTPUT] Averaged metric over all steps/epochs
[METRIC] ==========================================================
[METRIC] Number of Simulated Accelerators: 4 
[METRIC] Training Accelerator Utilization [AU] (%): 93.9184 (0.2318)
[METRIC] Training Throughput (samples/second): 162.2133 (0.4008)
[METRIC] Training I/O Throughput (MiB/second): 22678.9253 (56.0361)
[METRIC] train_au_meet_expectation: success
[METRIC] ==========================================================

[OUTPUT] 2026-06-29T18:29:25.930350 outputs saved in RANKID_output.json
