[OUTPUT] [DEBUG DLIOBenchmark.__init__] After LoadConfig:
[OUTPUT]   storage_type   = <StorageType.LOCAL_FS: 'local_fs'>
[OUTPUT]   storage_root   = './'
[OUTPUT]   storage_options= None
[OUTPUT]   data_folder    = '/mnt/pfs/unet3d'
[OUTPUT]   framework      = <FrameworkType.PYTORCH: 'pytorch'>
[OUTPUT]   num_files_train= 380000
[OUTPUT]   record_length  = 146600628
[OUTPUT]   generate_data  = False
[OUTPUT]   do_train       = True
[OUTPUT]   do_checkpoint  = False
[OUTPUT]   epochs         = 5
[OUTPUT]   batch_size     = 7
[OUTPUT] 2026-07-24T11:57:56.872510 Running DLIO [Training] with 96 process(es)
[OUTPUT] 2026-07-24T11:57:58.449969 File listing [train]: 420000 files discovered, 3958 assigned to rank 0, completed in 1.56s
[OUTPUT] 2026-07-24T11:57:58.450614 File listing [valid]: 0 files discovered, 0 assigned to rank 0, completed in 0.00s
[OUTPUT] 2026-07-24T11:57:58.450672 Streamed file sharding: 420000 train files across 96 ranks via round-robin (rank 0 shard: 3958 files)
[OUTPUT] 2026-07-24T11:58:00.381496 Max steps per epoch per rank: 54285 = 1 * 380000 / 7 (samples per file * local files / batch size)
[OUTPUT] 2026-07-24T11:58:00.556491 Reshard for epoch 1: 3958 train files, 0 eval files redistributed via alltoall in 0.17s
[OUTPUT] 2026-07-24T11:58:03.351635 Worker pre-warm complete (12 workers spawned)
[OUTPUT] 2026-07-24T11:58:03.701315 Starting epoch 1: 565 steps expected
[OUTPUT] 2026-07-24T11:58:03.701616 Starting block 1
[OUTPUT] 2026-07-24T11:59:41.259381 Ending block 1 - 565 steps completed in 97.56 s
[OUTPUT] 2026-07-24T11:59:41.263829 Epoch 1 - Block 1 [Training] Accelerator Utilization [AU] (%): 96.0012
[OUTPUT] 2026-07-24T11:59:41.263887 Epoch 1 - Block 1 [Training] Throughput (samples/second): 3980.3933
[OUTPUT] 2026-07-24T11:59:41.264922 Epoch 1 - Block 1 [Training] Computation time per step (second): 0.1621+/-0.0000 (set value: {'mean': 0.162})
[OUTPUT] 2026-07-24T11:59:41.519359 Ending epoch 1 - 565 steps completed in 97.82 s
[OUTPUT] 2026-07-24T11:59:41.624660 Reshard for epoch 2: 3958 train files, 0 eval files redistributed via alltoall in 0.10s
[OUTPUT] 2026-07-24T11:59:44.478548 Worker pre-warm complete for epoch 2 (12 workers spawned)
[OUTPUT] 2026-07-24T11:59:44.744461 Starting epoch 2: 565 steps expected
[OUTPUT] 2026-07-24T11:59:44.744733 Starting block 1
[OUTPUT] 2026-07-24T12:01:22.588414 Ending block 1 - 565 steps completed in 97.84 s
[OUTPUT] 2026-07-24T12:01:22.590494 Epoch 2 - Block 1 [Training] Accelerator Utilization [AU] (%): 95.6898
[OUTPUT] 2026-07-24T12:01:22.590548 Epoch 2 - Block 1 [Training] Throughput (samples/second): 3967.4024
[OUTPUT] 2026-07-24T12:01:22.590762 Epoch 2 - Block 1 [Training] Computation time per step (second): 0.1621+/-0.0000 (set value: {'mean': 0.162})
[OUTPUT] 2026-07-24T12:01:22.664019 Ending epoch 2 - 565 steps completed in 97.92 s
[OUTPUT] 2026-07-24T12:01:22.688443 Reshard for epoch 3: 3958 train files, 0 eval files redistributed via alltoall in 0.02s
[OUTPUT] 2026-07-24T12:01:25.520007 Worker pre-warm complete for epoch 3 (12 workers spawned)
[OUTPUT] 2026-07-24T12:01:25.786935 Starting epoch 3: 565 steps expected
[OUTPUT] 2026-07-24T12:01:25.787262 Starting block 1
[OUTPUT] 2026-07-24T12:03:03.446720 Ending block 1 - 565 steps completed in 97.66 s
[OUTPUT] 2026-07-24T12:03:03.448495 Epoch 3 - Block 1 [Training] Accelerator Utilization [AU] (%): 95.8982
[OUTPUT] 2026-07-24T12:03:03.448549 Epoch 3 - Block 1 [Training] Throughput (samples/second): 3976.1115
[OUTPUT] 2026-07-24T12:03:03.448742 Epoch 3 - Block 1 [Training] Computation time per step (second): 0.1621+/-0.0000 (set value: {'mean': 0.162})
[OUTPUT] 2026-07-24T12:03:03.867463 Ending epoch 3 - 565 steps completed in 98.08 s
[OUTPUT] 2026-07-24T12:03:03.888900 Reshard for epoch 4: 3958 train files, 0 eval files redistributed via alltoall in 0.02s
[OUTPUT] 2026-07-24T12:03:06.677533 Worker pre-warm complete for epoch 4 (12 workers spawned)
[OUTPUT] 2026-07-24T12:03:06.948890 Starting epoch 4: 565 steps expected
[OUTPUT] 2026-07-24T12:03:06.949243 Starting block 1
[OUTPUT] 2026-07-24T12:04:44.599481 Ending block 1 - 565 steps completed in 97.65 s
[OUTPUT] 2026-07-24T12:04:44.601595 Epoch 4 - Block 1 [Training] Accelerator Utilization [AU] (%): 95.7671
[OUTPUT] 2026-07-24T12:04:44.601652 Epoch 4 - Block 1 [Training] Throughput (samples/second): 3970.6146
[OUTPUT] 2026-07-24T12:04:44.601874 Epoch 4 - Block 1 [Training] Computation time per step (second): 0.1621+/-0.0000 (set value: {'mean': 0.162})
[OUTPUT] 2026-07-24T12:04:44.814527 Ending epoch 4 - 565 steps completed in 97.87 s
[OUTPUT] 2026-07-24T12:04:45.959145 Reshard for epoch 5: 3958 train files, 0 eval files redistributed via alltoall in 1.14s
[OUTPUT] 2026-07-24T12:04:48.892850 Worker pre-warm complete for epoch 5 (12 workers spawned)
[OUTPUT] 2026-07-24T12:04:49.163170 Starting epoch 5: 565 steps expected
[OUTPUT] 2026-07-24T12:04:49.163474 Starting block 1
[OUTPUT] 2026-07-24T12:06:27.257536 Ending block 1 - 565 steps completed in 98.09 s
[OUTPUT] 2026-07-24T12:06:27.259384 Epoch 5 - Block 1 [Training] Accelerator Utilization [AU] (%): 95.4543
[OUTPUT] 2026-07-24T12:06:27.259439 Epoch 5 - Block 1 [Training] Throughput (samples/second): 3957.7081
[OUTPUT] 2026-07-24T12:06:27.259649 Epoch 5 - Block 1 [Training] Computation time per step (second): 0.1621+/-0.0000 (set value: {'mean': 0.162})
[OUTPUT] 2026-07-24T12:06:27.621318 Ending epoch 5 - 565 steps completed in 98.46 s
[OUTPUT] 2026-07-24T12:06:27.788262 Reshard for epoch 6: 3958 train files, 0 eval files redistributed via alltoall in 0.17s
[OUTPUT] 2026-07-24T12:06:30.611238 Worker pre-warm complete for epoch 6 (12 workers spawned)
[OUTPUT] 2026-07-24T12:06:30.860389 Saved outputs in /home/mlperf/results/TuringData/closed/TuringData/results/TuringData_F9200_8_Clients/training/unet3d/run/20260724_115732
[OUTPUT] Averaged metric over all steps/epochs
[METRIC] ==========================================================
[METRIC] Number of Simulated Accelerators: 96 
[METRIC] Training Accelerator Utilization [AU] (%): 95.5938 (0.1675)
[METRIC] Training Throughput (samples/second): 3963.5390 (6.9437)
[METRIC] Training I/O Throughput (MiB/second): 554139.4299 (970.7967)
[METRIC] train_au_meet_expectation: success
[METRIC] ==========================================================

[OUTPUT] 2026-07-24T12:06:31.038736 outputs saved in RANKID_output.json
