[OUTPUT] [DEBUG DLIOBenchmark.__init__] After LoadConfig:
[OUTPUT]   storage_type   = <StorageType.LOCAL_FS: 'local_fs'>
[OUTPUT]   storage_root   = './'
[OUTPUT]   storage_options= None
[OUTPUT]   data_folder    = '/mnt/glfs/GalaxSphere-3Tier0/training/unet3d'
[OUTPUT]   framework      = <FrameworkType.PYTORCH: 'pytorch'>
[OUTPUT]   num_files_train= 262500
[OUTPUT]   record_length  = 146600628
[OUTPUT]   generate_data  = False
[OUTPUT]   do_train       = True
[OUTPUT]   do_checkpoint  = False
[OUTPUT]   epochs         = 5
[OUTPUT]   batch_size     = 7
[OUTPUT] 2026-07-13T15:40:06.940290 Running DLIO [Training] with 60 process(es)
[OUTPUT] 2026-07-13T15:40:06.966295 skip_listing [train]: validating 262,500 of 262,500 files (first, last, every 1) via HEAD requests ...
[OUTPUT] 2026-07-13T15:40:06.972501 skip_listing [train]:   500/262,500 checked (0%)  —  82562 checks/s  —  ETA 3s  —  0 failed so far
[OUTPUT] 2026-07-13T15:40:06.978184 skip_listing [train]:   1,000/262,500 checked (0%)  —  85162 checks/s  —  ETA 3s  —  0 failed so far
[OUTPUT] 2026-07-13T15:40:06.984617 skip_listing [train]:   1,500/262,500 checked (1%)  —  82521 checks/s  —  ETA 3s  —  0 failed so far
[OUTPUT] 2026-07-13T15:40:06.991942 skip_listing [train]:   2,000/262,500 checked (1%)  —  78426 checks/s  —  ETA 3s  —  0 failed so far
[OUTPUT] 2026-07-13T15:40:06.995245 skip_listing [train]:   2,500/262,500 checked (1%)  —  86791 checks/s  —  ETA 3s  —  0 failed so far
[OUTPUT] 2026-07-13T15:40:06.998626 skip_listing [train]:   3,000/262,500 checked (1%)  —  93207 checks/s  —  ETA 3s  —  0 failed so far
[OUTPUT] 2026-07-13T15:40:07.002843 skip_listing [train]:   3,500/262,500 checked (1%)  —  96146 checks/s  —  ETA 3s  —  0 failed so far
[OUTPUT] 2026-07-13T15:40:07.004828 skip_listing [train]:   4,000/262,500 checked (2%)  —  104199 checks/s  —  ETA 2s  —  0 failed so far
[OUTPUT] 2026-07-13T15:40:07.009763 skip_listing [train]:   4,500/262,500 checked (2%)  —  103871 checks/s  —  ETA 2s  —  0 failed so far
[OUTPUT] 2026-07-13T15:40:07.013873 skip_listing [train]:   5,000/262,500 checked (2%)  —  105413 checks/s  —  ETA 2s  —  0 failed so far
[OUTPUT] 2026-07-13T15:40:07.017786 skip_listing [train]:   5,500/262,500 checked (2%)  —  107117 checks/s  —  ETA 2s  —  0 failed so far
[OUTPUT] 2026-07-13T15:40:07.020919 skip_listing [train]:   6,000/262,500 checked (2%)  —  110133 checks/s  —  ETA 2s  —  0 failed so far
[OUTPUT] 2026-07-13T15:40:07.025366 skip_listing [train]:   6,500/262,500 checked (2%)  —  110308 checks/s  —  ETA 2s  —  0 failed so far
[OUTPUT] 2026-07-13T15:40:07.027350 skip_listing [train]:   7,000/262,500 checked (3%)  —  114924 checks/s  —  ETA 2s  —  0 failed so far
[OUTPUT] 2026-07-13T15:40:07.030617 skip_listing [train]:   7,500/262,500 checked (3%)  —  116865 checks/s  —  ETA 2s  —  0 failed so far
[OUTPUT] 2026-07-13T15:40:07.033369 skip_listing [train]:   8,000/262,500 checked (3%)  —  119529 checks/s  —  ETA 2s  —  0 failed so far
[OUTPUT] 2026-07-13T15:40:07.037885 skip_listing [train]:   8,500/262,500 checked (3%)  —  118972 checks/s  —  ETA 2s  —  0 failed so far
[OUTPUT] 2026-07-13T15:40:07.042137 skip_listing [train]:   9,000/262,500 checked (3%)  —  118894 checks/s  —  ETA 2s  —  0 failed so far
[OUTPUT] 2026-07-13T15:40:07.044812 skip_listing [train]:   9,500/262,500 checked (4%)  —  121217 checks/s  —  ETA 2s  —  0 failed so far
[OUTPUT] 2026-07-13T15:40:07.047245 skip_listing [train]:   10,000/262,500 checked (4%)  —  123754 checks/s  —  ETA 2s  —  0 failed so far
[OUTPUT] 2026-07-13T15:40:07.051054 skip_listing [train]:   10,500/262,500 checked (4%)  —  124093 checks/s  —  ETA 2s  —  0 failed so far
[OUTPUT] 2026-07-13T15:40:07.053798 skip_listing [train]:   11,000/262,500 checked (4%)  —  125918 checks/s  —  ETA 2s  —  0 failed so far
[OUTPUT] 2026-07-13T15:40:07.056584 skip_listing [train]:   11,500/262,500 checked (4%)  —  127573 checks/s  —  ETA 2s  —  0 failed so far
[OUTPUT] 2026-07-13T15:40:07.059820 skip_listing [train]:   12,000/262,500 checked (5%)  —  128507 checks/s  —  ETA 2s  —  0 failed so far
[OUTPUT] 2026-07-13T15:40:07.062040 skip_listing [train]:   12,500/262,500 checked (5%)  —  130753 checks/s  —  ETA 2s  —  0 failed so far
[OUTPUT] 2026-07-13T15:40:07.066239 skip_listing [train]:   13,000/262,500 checked (5%)  —  130262 checks/s  —  ETA 2s  —  0 failed so far
[OUTPUT] 2026-07-13T15:40:07.069947 skip_listing [train]:   13,500/262,500 checked (5%)  —  130426 checks/s  —  ETA 2s  —  0 failed so far
[OUTPUT] 2026-07-13T15:40:07.074793 skip_listing [train]:   14,000/262,500 checked (5%)  —  129207 checks/s  —  ETA 2s  —  0 failed so far
[OUTPUT] 2026-07-13T15:40:07.078165 skip_listing [train]:   14,500/262,500 checked (6%)  —  129783 checks/s  —  ETA 2s  —  0 failed so far
[OUTPUT] 2026-07-13T15:40:07.081898 skip_listing [train]:   15,000/262,500 checked (6%)  —  129917 checks/s  —  ETA 2s  —  0 failed so far
[OUTPUT] 2026-07-13T15:40:07.084688 skip_listing [train]:   15,500/262,500 checked (6%)  —  131080 checks/s  —  ETA 2s  —  0 failed so far
[OUTPUT] 2026-07-13T15:40:07.088778 skip_listing [train]:   16,000/262,500 checked (6%)  —  130785 checks/s  —  ETA 2s  —  0 failed so far
[OUTPUT] 2026-07-13T15:40:07.092507 skip_listing [train]:   16,500/262,500 checked (6%)  —  130882 checks/s  —  ETA 2s  —  0 failed so far
[OUTPUT] 2026-07-13T15:40:07.095120 skip_listing [train]:   17,000/262,500 checked (6%)  —  132110 checks/s  —  ETA 2s  —  0 failed so far
[OUTPUT] 2026-07-13T15:40:07.097372 skip_listing [train]:   17,500/262,500 checked (7%)  —  133657 checks/s  —  ETA 2s  —  0 failed so far
[OUTPUT] 2026-07-13T15:40:07.099864 skip_listing [train]:   18,000/262,500 checked (7%)  —  134908 checks/s  —  ETA 2s  —  0 failed so far
[OUTPUT] 2026-07-13T15:40:07.102681 skip_listing [train]:   18,500/262,500 checked (7%)  —  135789 checks/s  —  ETA 2s  —  0 failed so far
[OUTPUT] 2026-07-13T15:40:07.105891 skip_listing [train]:   19,000/262,500 checked (7%)  —  136249 checks/s  —  ETA 2s  —  0 failed so far
[OUTPUT] 2026-07-13T15:40:07.109163 skip_listing [train]:   19,500/262,500 checked (7%)  —  136628 checks/s  —  ETA 2s  —  0 failed so far
[OUTPUT] 2026-07-13T15:40:07.113257 skip_listing [train]:   20,000/262,500 checked (8%)  —  136224 checks/s  —  ETA 2s  —  0 failed so far
[OUTPUT] 2026-07-13T15:40:07.117272 skip_listing [train]:   20,500/262,500 checked (8%)  —  135913 checks/s  —  ETA 2s  —  0 failed so far
[OUTPUT] 2026-07-13T15:40:07.121694 skip_listing [train]:   21,000/262,500 checked (8%)  —  135263 checks/s  —  ETA 2s  —  0 failed so far
[OUTPUT] 2026-07-13T15:40:07.126886 skip_listing [train]:   21,500/262,500 checked (8%)  —  134002 checks/s  —  ETA 2s  —  0 failed so far
[OUTPUT] 2026-07-13T15:40:07.131225 skip_listing [train]:   22,000/262,500 checked (8%)  —  133508 checks/s  —  ETA 2s  —  0 failed so far
[OUTPUT] 2026-07-13T15:40:07.133422 skip_listing [train]:   22,500/262,500 checked (9%)  —  134745 checks/s  —  ETA 2s  —  0 failed so far
[OUTPUT] 2026-07-13T15:40:07.136488 skip_listing [train]:   23,000/262,500 checked (9%)  —  135255 checks/s  —  ETA 2s  —  0 failed so far
[OUTPUT] 2026-07-13T15:40:07.139528 skip_listing [train]:   23,500/262,500 checked (9%)  —  135769 checks/s  —  ETA 2s  —  0 failed so far
[OUTPUT] 2026-07-13T15:40:07.141789 skip_listing [train]:   24,000/262,500 checked (9%)  —  136870 checks/s  —  ETA 2s  —  0 failed so far
[OUTPUT] 2026-07-13T15:40:07.144836 skip_listing [train]:   24,500/262,500 checked (9%)  —  137335 checks/s  —  ETA 2s  —  0 failed so far
[OUTPUT] 2026-07-13T15:40:07.147995 skip_listing [train]:   25,000/262,500 checked (10%)  —  137699 checks/s  —  ETA 2s  —  0 failed so far
[OUTPUT] 2026-07-13T15:40:07.150194 skip_listing [train]:   25,500/262,500 checked (10%)  —  138772 checks/s  —  ETA 2s  —  0 failed so far
[OUTPUT] 2026-07-13T15:40:07.153465 skip_listing [train]:   26,000/262,500 checked (10%)  —  139019 checks/s  —  ETA 2s  —  0 failed so far
[OUTPUT] 2026-07-13T15:40:07.156649 skip_listing [train]:   26,500/262,500 checked (10%)  —  139321 checks/s  —  ETA 2s  —  0 failed so far
[OUTPUT] 2026-07-13T15:40:07.160463 skip_listing [train]:   27,000/262,500 checked (10%)  —  139159 checks/s  —  ETA 2s  —  0 failed so far
[OUTPUT] 2026-07-13T15:40:07.164607 skip_listing [train]:   27,500/262,500 checked (10%)  —  138772 checks/s  —  ETA 2s  —  0 failed so far
[OUTPUT] 2026-07-13T15:40:07.169307 skip_listing [train]:   28,000/262,500 checked (11%)  —  138022 checks/s  —  ETA 2s  —  0 failed so far
[OUTPUT] 2026-07-13T15:40:07.174834 skip_listing [train]:   28,500/262,500 checked (11%)  —  136760 checks/s  —  ETA 2s  —  0 failed so far
[OUTPUT] 2026-07-13T15:40:07.176800 skip_listing [train]:   29,000/262,500 checked (11%)  —  137859 checks/s  —  ETA 2s  —  0 failed so far
[OUTPUT] 2026-07-13T15:40:07.180563 skip_listing [train]:   29,500/262,500 checked (11%)  —  137771 checks/s  —  ETA 2s  —  0 failed so far
[OUTPUT] 2026-07-13T15:40:07.183852 skip_listing [train]:   30,000/262,500 checked (11%)  —  137987 checks/s  —  ETA 2s  —  0 failed so far
[OUTPUT] 2026-07-13T15:40:07.187257 skip_listing [train]:   30,500/262,500 checked (12%)  —  138124 checks/s  —  ETA 2s  —  0 failed so far
[OUTPUT] 2026-07-13T15:40:07.190306 skip_listing [train]:   31,000/262,500 checked (12%)  —  138476 checks/s  —  ETA 2s  —  0 failed so far
[OUTPUT] 2026-07-13T15:40:07.193498 skip_listing [train]:   31,500/262,500 checked (12%)  —  138731 checks/s  —  ETA 2s  —  0 failed so far
[OUTPUT] 2026-07-13T15:40:07.198205 skip_listing [train]:   32,000/262,500 checked (12%)  —  138071 checks/s  —  ETA 2s  —  0 failed so far
[OUTPUT] 2026-07-13T15:40:07.200598 skip_listing [train]:   32,500/262,500 checked (12%)  —  138795 checks/s  —  ETA 2s  —  0 failed so far
[OUTPUT] 2026-07-13T15:40:07.203475 skip_listing [train]:   33,000/262,500 checked (13%)  —  139220 checks/s  —  ETA 2s  —  0 failed so far
[OUTPUT] 2026-07-13T15:40:07.205439 skip_listing [train]:   33,500/262,500 checked (13%)  —  140168 checks/s  —  ETA 2s  —  0 failed so far
[OUTPUT] 2026-07-13T15:40:07.208604 skip_listing [train]:   34,000/262,500 checked (13%)  —  140401 checks/s  —  ETA 2s  —  0 failed so far
[OUTPUT] 2026-07-13T15:40:07.211904 skip_listing [train]:   34,500/262,500 checked (13%)  —  140550 checks/s  —  ETA 2s  —  0 failed so far
[OUTPUT] 2026-07-13T15:40:07.214949 skip_listing [train]:   35,000/262,500 checked (13%)  —  140840 checks/s  —  ETA 2s  —  0 failed so far
[OUTPUT] 2026-07-13T15:40:07.218068 skip_listing [train]:   35,500/262,500 checked (14%)  —  141081 checks/s  —  ETA 2s  —  0 failed so far
[OUTPUT] 2026-07-13T15:40:07.220529 skip_listing [train]:   36,000/262,500 checked (14%)  —  141682 checks/s  —  ETA 2s  —  0 failed so far
[OUTPUT] 2026-07-13T15:40:07.223642 skip_listing [train]:   36,500/262,500 checked (14%)  —  141912 checks/s  —  ETA 2s  —  0 failed so far
[OUTPUT] 2026-07-13T15:40:07.227340 skip_listing [train]:   37,000/262,500 checked (14%)  —  141817 checks/s  —  ETA 2s  —  0 failed so far
[OUTPUT] 2026-07-13T15:40:07.229307 skip_listing [train]:   37,500/262,500 checked (14%)  —  142657 checks/s  —  ETA 2s  —  0 failed so far
[OUTPUT] 2026-07-13T15:40:07.233418 skip_listing [train]:   38,000/262,500 checked (14%)  —  142334 checks/s  —  ETA 2s  —  0 failed so far
[OUTPUT] 2026-07-13T15:40:07.235385 skip_listing [train]:   38,500/262,500 checked (15%)  —  143152 checks/s  —  ETA 2s  —  0 failed so far
[OUTPUT] 2026-07-13T15:40:07.237580 skip_listing [train]:   39,000/262,500 checked (15%)  —  143837 checks/s  —  ETA 2s  —  0 failed so far
[OUTPUT] 2026-07-13T15:40:07.241765 skip_listing [train]:   39,500/262,500 checked (15%)  —  143467 checks/s  —  ETA 2s  —  0 failed so far
[OUTPUT] 2026-07-13T15:40:07.244520 skip_listing [train]:   40,000/262,500 checked (15%)  —  143843 checks/s  —  ETA 2s  —  0 failed so far
[OUTPUT] 2026-07-13T15:40:07.248237 skip_listing [train]:   40,500/262,500 checked (15%)  —  143720 checks/s  —  ETA 2s  —  0 failed so far
[OUTPUT] 2026-07-13T15:40:07.251816 skip_listing [train]:   41,000/262,500 checked (16%)  —  143670 checks/s  —  ETA 2s  —  0 failed so far
[OUTPUT] 2026-07-13T15:40:07.256133 skip_listing [train]:   41,500/262,500 checked (16%)  —  143255 checks/s  —  ETA 2s  —  0 failed so far
[OUTPUT] 2026-07-13T15:40:07.258948 skip_listing [train]:   42,000/262,500 checked (16%)  —  143586 checks/s  —  ETA 2s  —  0 failed so far
[OUTPUT] 2026-07-13T15:40:07.261857 skip_listing [train]:   42,500/262,500 checked (16%)  —  143865 checks/s  —  ETA 2s  —  0 failed so far
[OUTPUT] 2026-07-13T15:40:07.265097 skip_listing [train]:   43,000/262,500 checked (16%)  —  143978 checks/s  —  ETA 2s  —  0 failed so far
[OUTPUT] 2026-07-13T15:40:07.268640 skip_listing [train]:   43,500/262,500 checked (17%)  —  143944 checks/s  —  ETA 2s  —  0 failed so far
[OUTPUT] 2026-07-13T15:40:07.271616 skip_listing [train]:   44,000/262,500 checked (17%)  —  144179 checks/s  —  ETA 2s  —  0 failed so far
[OUTPUT] 2026-07-13T15:40:07.275594 skip_listing [train]:   44,500/262,500 checked (17%)  —  143941 checks/s  —  ETA 2s  —  0 failed so far
[OUTPUT] 2026-07-13T15:40:07.279243 skip_listing [train]:   45,000/262,500 checked (17%)  —  143860 checks/s  —  ETA 2s  —  0 failed so far
[OUTPUT] 2026-07-13T15:40:07.281492 skip_listing [train]:   45,500/262,500 checked (17%)  —  144420 checks/s  —  ETA 2s  —  0 failed so far
[OUTPUT] 2026-07-13T15:40:07.285905 skip_listing [train]:   46,000/262,500 checked (18%)  —  143991 checks/s  —  ETA 2s  —  0 failed so far
[OUTPUT] 2026-07-13T15:40:07.288101 skip_listing [train]:   46,500/262,500 checked (18%)  —  144562 checks/s  —  ETA 1s  —  0 failed so far
[OUTPUT] 2026-07-13T15:40:07.290902 skip_listing [train]:   47,000/262,500 checked (18%)  —  144855 checks/s  —  ETA 1s  —  0 failed so far
[OUTPUT] 2026-07-13T15:40:07.293267 skip_listing [train]:   47,500/262,500 checked (18%)  —  145337 checks/s  —  ETA 1s  —  0 failed so far
[OUTPUT] 2026-07-13T15:40:07.296417 skip_listing [train]:   48,000/262,500 checked (18%)  —  145464 checks/s  —  ETA 1s  —  0 failed so far
[OUTPUT] 2026-07-13T15:40:07.298904 skip_listing [train]:   48,500/262,500 checked (18%)  —  145881 checks/s  —  ETA 1s  —  0 failed so far
[OUTPUT] 2026-07-13T15:40:07.301920 skip_listing [train]:   49,000/262,500 checked (19%)  —  146059 checks/s  —  ETA 1s  —  0 failed so far
[OUTPUT] 2026-07-13T15:40:07.306012 skip_listing [train]:   49,500/262,500 checked (19%)  —  145772 checks/s  —  ETA 1s  —  0 failed so far
[OUTPUT] 2026-07-13T15:40:07.310205 skip_listing [train]:   50,000/262,500 checked (19%)  —  145448 checks/s  —  ETA 1s  —  0 failed so far
[OUTPUT] 2026-07-13T15:40:07.314600 skip_listing [train]:   50,500/262,500 checked (19%)  —  145048 checks/s  —  ETA 1s  —  0 failed so far
[OUTPUT] 2026-07-13T15:40:07.317232 skip_listing [train]:   51,000/262,500 checked (19%)  —  145385 checks/s  —  ETA 1s  —  0 failed so far
[OUTPUT] 2026-07-13T15:40:07.320763 skip_listing [train]:   51,500/262,500 checked (20%)  —  145348 checks/s  —  ETA 1s  —  0 failed so far
[OUTPUT] 2026-07-13T15:40:07.323291 skip_listing [train]:   52,000/262,500 checked (20%)  —  145719 checks/s  —  ETA 1s  —  0 failed so far
[OUTPUT] 2026-07-13T15:40:07.326443 skip_listing [train]:   52,500/262,500 checked (20%)  —  145832 checks/s  —  ETA 1s  —  0 failed so far
[OUTPUT] 2026-07-13T15:40:07.329116 skip_listing [train]:   53,000/262,500 checked (20%)  —  146136 checks/s  —  ETA 1s  —  0 failed so far
[OUTPUT] 2026-07-13T15:40:07.331342 skip_listing [train]:   53,500/262,500 checked (20%)  —  146615 checks/s  —  ETA 1s  —  0 failed so far
[OUTPUT] 2026-07-13T15:40:07.335562 skip_listing [train]:   54,000/262,500 checked (21%)  —  146293 checks/s  —  ETA 1s  —  0 failed so far
[OUTPUT] 2026-07-13T15:40:07.338957 skip_listing [train]:   54,500/262,500 checked (21%)  —  146302 checks/s  —  ETA 1s  —  0 failed so far
[OUTPUT] 2026-07-13T15:40:07.343946 skip_listing [train]:   55,000/262,500 checked (21%)  —  145693 checks/s  —  ETA 1s  —  0 failed so far
[OUTPUT] 2026-07-13T15:40:07.346539 skip_listing [train]:   55,500/262,500 checked (21%)  —  146015 checks/s  —  ETA 1s  —  0 failed so far
[OUTPUT] 2026-07-13T15:40:07.348821 skip_listing [train]:   56,000/262,500 checked (21%)  —  146451 checks/s  —  ETA 1s  —  0 failed so far
[OUTPUT] 2026-07-13T15:40:07.352132 skip_listing [train]:   56,500/262,500 checked (22%)  —  146490 checks/s  —  ETA 1s  —  0 failed so far
[OUTPUT] 2026-07-13T15:40:07.355701 skip_listing [train]:   57,000/262,500 checked (22%)  —  146431 checks/s  —  ETA 1s  —  0 failed so far
[OUTPUT] 2026-07-13T15:40:07.358818 skip_listing [train]:   57,500/262,500 checked (22%)  —  146542 checks/s  —  ETA 1s  —  0 failed so far
[OUTPUT] 2026-07-13T15:40:07.361992 skip_listing [train]:   58,000/262,500 checked (22%)  —  146630 checks/s  —  ETA 1s  —  0 failed so far
[OUTPUT] 2026-07-13T15:40:07.366424 skip_listing [train]:   58,500/262,500 checked (22%)  —  146256 checks/s  —  ETA 1s  —  0 failed so far
[OUTPUT] 2026-07-13T15:40:07.371852 skip_listing [train]:   59,000/262,500 checked (22%)  —  145531 checks/s  —  ETA 1s  —  0 failed so far
[OUTPUT] 2026-07-13T15:40:07.376418 skip_listing [train]:   59,500/262,500 checked (23%)  —  145130 checks/s  —  ETA 1s  —  0 failed so far
[OUTPUT] 2026-07-13T15:40:07.379487 skip_listing [train]:   60,000/262,500 checked (23%)  —  145262 checks/s  —  ETA 1s  —  0 failed so far
[OUTPUT] 2026-07-13T15:40:07.384170 skip_listing [train]:   60,500/262,500 checked (23%)  —  144830 checks/s  —  ETA 1s  —  0 failed so far
[OUTPUT] 2026-07-13T15:40:07.386131 skip_listing [train]:   61,000/262,500 checked (23%)  —  145345 checks/s  —  ETA 1s  —  0 failed so far
[OUTPUT] 2026-07-13T15:40:07.388528 skip_listing [train]:   61,500/262,500 checked (23%)  —  145704 checks/s  —  ETA 1s  —  0 failed so far
[OUTPUT] 2026-07-13T15:40:07.392321 skip_listing [train]:   62,000/262,500 checked (24%)  —  145581 checks/s  —  ETA 1s  —  0 failed so far
[OUTPUT] 2026-07-13T15:40:07.395072 skip_listing [train]:   62,500/262,500 checked (24%)  —  145813 checks/s  —  ETA 1s  —  0 failed so far
[OUTPUT] 2026-07-13T15:40:07.397101 skip_listing [train]:   63,000/262,500 checked (24%)  —  146287 checks/s  —  ETA 1s  —  0 failed so far
[OUTPUT] 2026-07-13T15:40:07.400098 skip_listing [train]:   63,500/262,500 checked (24%)  —  146429 checks/s  —  ETA 1s  —  0 failed so far
[OUTPUT] 2026-07-13T15:40:07.402726 skip_listing [train]:   64,000/262,500 checked (24%)  —  146693 checks/s  —  ETA 1s  —  0 failed so far
[OUTPUT] 2026-07-13T15:40:07.405169 skip_listing [train]:   64,500/262,500 checked (25%)  —  147016 checks/s  —  ETA 1s  —  0 failed so far
[OUTPUT] 2026-07-13T15:40:07.409325 skip_listing [train]:   65,000/262,500 checked (25%)  —  146765 checks/s  —  ETA 1s  —  0 failed so far
[OUTPUT] 2026-07-13T15:40:07.412579 skip_listing [train]:   65,500/262,500 checked (25%)  —  146815 checks/s  —  ETA 1s  —  0 failed so far
[OUTPUT] 2026-07-13T15:40:07.415224 skip_listing [train]:   66,000/262,500 checked (25%)  —  147064 checks/s  —  ETA 1s  —  0 failed so far
[OUTPUT] 2026-07-13T15:40:07.417817 skip_listing [train]:   66,500/262,500 checked (25%)  —  147327 checks/s  —  ETA 1s  —  0 failed so far
[OUTPUT] 2026-07-13T15:40:07.420665 skip_listing [train]:   67,000/262,500 checked (26%)  —  147504 checks/s  —  ETA 1s  —  0 failed so far
[OUTPUT] 2026-07-13T15:40:07.423681 skip_listing [train]:   67,500/262,500 checked (26%)  —  147624 checks/s  —  ETA 1s  —  0 failed so far
[OUTPUT] 2026-07-13T15:40:07.427601 skip_listing [train]:   68,000/262,500 checked (26%)  —  147454 checks/s  —  ETA 1s  —  0 failed so far
[OUTPUT] 2026-07-13T15:40:07.430705 skip_listing [train]:   68,500/262,500 checked (26%)  —  147545 checks/s  —  ETA 1s  —  0 failed so far
[OUTPUT] 2026-07-13T15:40:07.433976 skip_listing [train]:   69,000/262,500 checked (26%)  —  147582 checks/s  —  ETA 1s  —  0 failed so far
[OUTPUT] 2026-07-13T15:40:07.437927 skip_listing [train]:   69,500/262,500 checked (26%)  —  147406 checks/s  —  ETA 1s  —  0 failed so far
[OUTPUT] 2026-07-13T15:40:07.440982 skip_listing [train]:   70,000/262,500 checked (27%)  —  147511 checks/s  —  ETA 1s  —  0 failed so far
[OUTPUT] 2026-07-13T15:40:07.443147 skip_listing [train]:   70,500/262,500 checked (27%)  —  147890 checks/s  —  ETA 1s  —  0 failed so far
[OUTPUT] 2026-07-13T15:40:07.446007 skip_listing [train]:   71,000/262,500 checked (27%)  —  148050 checks/s  —  ETA 1s  —  0 failed so far
[OUTPUT] 2026-07-13T15:40:07.449787 skip_listing [train]:   71,500/262,500 checked (27%)  —  147927 checks/s  —  ETA 1s  —  0 failed so far
[OUTPUT] 2026-07-13T15:40:07.452672 skip_listing [train]:   72,000/262,500 checked (27%)  —  148077 checks/s  —  ETA 1s  —  0 failed so far
[OUTPUT] 2026-07-13T15:40:07.456075 skip_listing [train]:   72,500/262,500 checked (28%)  —  148070 checks/s  —  ETA 1s  —  0 failed so far
[OUTPUT] 2026-07-13T15:40:07.458970 skip_listing [train]:   73,000/262,500 checked (28%)  —  148214 checks/s  —  ETA 1s  —  0 failed so far
[OUTPUT] 2026-07-13T15:40:07.465272 skip_listing [train]:   73,500/262,500 checked (28%)  —  147344 checks/s  —  ETA 1s  —  0 failed so far
[OUTPUT] 2026-07-13T15:40:07.467725 skip_listing [train]:   74,000/262,500 checked (28%)  —  147620 checks/s  —  ETA 1s  —  0 failed so far
[OUTPUT] 2026-07-13T15:40:07.470098 skip_listing [train]:   74,500/262,500 checked (28%)  —  147918 checks/s  —  ETA 1s  —  0 failed so far
[OUTPUT] 2026-07-13T15:40:07.473200 skip_listing [train]:   75,000/262,500 checked (29%)  —  147999 checks/s  —  ETA 1s  —  0 failed so far
[OUTPUT] 2026-07-13T15:40:07.477269 skip_listing [train]:   75,500/262,500 checked (29%)  —  147799 checks/s  —  ETA 1s  —  0 failed so far
[OUTPUT] 2026-07-13T15:40:07.480254 skip_listing [train]:   76,000/262,500 checked (29%)  —  147913 checks/s  —  ETA 1s  —  0 failed so far
[OUTPUT] 2026-07-13T15:40:07.483386 skip_listing [train]:   76,500/262,500 checked (29%)  —  147984 checks/s  —  ETA 1s  —  0 failed so far
[OUTPUT] 2026-07-13T15:40:07.487103 skip_listing [train]:   77,000/262,500 checked (29%)  —  147888 checks/s  —  ETA 1s  —  0 failed so far
[OUTPUT] 2026-07-13T15:40:07.490548 skip_listing [train]:   77,500/262,500 checked (30%)  —  147870 checks/s  —  ETA 1s  —  0 failed so far
[OUTPUT] 2026-07-13T15:40:07.493137 skip_listing [train]:   78,000/262,500 checked (30%)  —  148093 checks/s  —  ETA 1s  —  0 failed so far
[OUTPUT] 2026-07-13T15:40:07.496126 skip_listing [train]:   78,500/262,500 checked (30%)  —  148201 checks/s  —  ETA 1s  —  0 failed so far
[OUTPUT] 2026-07-13T15:40:07.498299 skip_listing [train]:   79,000/262,500 checked (30%)  —  148535 checks/s  —  ETA 1s  —  0 failed so far
[OUTPUT] 2026-07-13T15:40:07.500884 skip_listing [train]:   79,500/262,500 checked (30%)  —  148753 checks/s  —  ETA 1s  —  0 failed so far
[OUTPUT] 2026-07-13T15:40:07.505014 skip_listing [train]:   80,000/262,500 checked (30%)  —  148540 checks/s  —  ETA 1s  —  0 failed so far
[OUTPUT] 2026-07-13T15:40:07.508825 skip_listing [train]:   80,500/262,500 checked (31%)  —  148418 checks/s  —  ETA 1s  —  0 failed so far
[OUTPUT] 2026-07-13T15:40:07.511204 skip_listing [train]:   81,000/262,500 checked (31%)  —  148688 checks/s  —  ETA 1s  —  0 failed so far
[OUTPUT] 2026-07-13T15:40:07.513916 skip_listing [train]:   81,500/262,500 checked (31%)  —  148865 checks/s  —  ETA 1s  —  0 failed so far
[OUTPUT] 2026-07-13T15:40:07.516082 skip_listing [train]:   82,000/262,500 checked (31%)  —  149188 checks/s  —  ETA 1s  —  0 failed so far
[OUTPUT] 2026-07-13T15:40:07.519428 skip_listing [train]:   82,500/262,500 checked (31%)  —  149190 checks/s  —  ETA 1s  —  0 failed so far
[OUTPUT] 2026-07-13T15:40:07.521689 skip_listing [train]:   83,000/262,500 checked (32%)  —  149482 checks/s  —  ETA 1s  —  0 failed so far
[OUTPUT] 2026-07-13T15:40:07.525049 skip_listing [train]:   83,500/262,500 checked (32%)  —  149478 checks/s  —  ETA 1s  —  0 failed so far
[OUTPUT] 2026-07-13T15:40:07.528032 skip_listing [train]:   84,000/262,500 checked (32%)  —  149575 checks/s  —  ETA 1s  —  0 failed so far
[OUTPUT] 2026-07-13T15:40:07.530277 skip_listing [train]:   84,500/262,500 checked (32%)  —  149866 checks/s  —  ETA 1s  —  0 failed so far
[OUTPUT] 2026-07-13T15:40:07.534574 skip_listing [train]:   85,000/262,500 checked (32%)  —  149613 checks/s  —  ETA 1s  —  0 failed so far
[OUTPUT] 2026-07-13T15:40:07.537082 skip_listing [train]:   85,500/262,500 checked (33%)  —  149831 checks/s  —  ETA 1s  —  0 failed so far
[OUTPUT] 2026-07-13T15:40:07.540177 skip_listing [train]:   86,000/262,500 checked (33%)  —  149894 checks/s  —  ETA 1s  —  0 failed so far
[OUTPUT] 2026-07-13T15:40:07.542956 skip_listing [train]:   86,500/262,500 checked (33%)  —  150039 checks/s  —  ETA 1s  —  0 failed so far
[OUTPUT] 2026-07-13T15:40:07.545896 skip_listing [train]:   87,000/262,500 checked (33%)  —  150141 checks/s  —  ETA 1s  —  0 failed so far
[OUTPUT] 2026-07-13T15:40:07.549418 skip_listing [train]:   87,500/262,500 checked (33%)  —  150091 checks/s  —  ETA 1s  —  0 failed so far
[OUTPUT] 2026-07-13T15:40:07.553109 skip_listing [train]:   88,000/262,500 checked (34%)  —  149999 checks/s  —  ETA 1s  —  0 failed so far
[OUTPUT] 2026-07-13T15:40:07.556344 skip_listing [train]:   88,500/262,500 checked (34%)  —  150024 checks/s  —  ETA 1s  —  0 failed so far
[OUTPUT] 2026-07-13T15:40:07.560472 skip_listing [train]:   89,000/262,500 checked (34%)  —  149824 checks/s  —  ETA 1s  —  0 failed so far
[OUTPUT] 2026-07-13T15:40:07.565162 skip_listing [train]:   89,500/262,500 checked (34%)  —  149485 checks/s  —  ETA 1s  —  0 failed so far
[OUTPUT] 2026-07-13T15:40:07.567126 skip_listing [train]:   90,000/262,500 checked (34%)  —  149829 checks/s  —  ETA 1s  —  0 failed so far
[OUTPUT] 2026-07-13T15:40:07.570309 skip_listing [train]:   90,500/262,500 checked (34%)  —  149867 checks/s  —  ETA 1s  —  0 failed so far
[OUTPUT] 2026-07-13T15:40:07.573299 skip_listing [train]:   91,000/262,500 checked (35%)  —  149952 checks/s  —  ETA 1s  —  0 failed so far
[OUTPUT] 2026-07-13T15:40:07.576033 skip_listing [train]:   91,500/262,500 checked (35%)  —  150100 checks/s  —  ETA 1s  —  0 failed so far
[OUTPUT] 2026-07-13T15:40:07.579025 skip_listing [train]:   92,000/262,500 checked (35%)  —  150183 checks/s  —  ETA 1s  —  0 failed so far
[OUTPUT] 2026-07-13T15:40:07.582489 skip_listing [train]:   92,500/262,500 checked (35%)  —  150150 checks/s  —  ETA 1s  —  0 failed so far
[OUTPUT] 2026-07-13T15:40:07.585640 skip_listing [train]:   93,000/262,500 checked (35%)  —  150194 checks/s  —  ETA 1s  —  0 failed so far
[OUTPUT] 2026-07-13T15:40:07.589314 skip_listing [train]:   93,500/262,500 checked (36%)  —  150110 checks/s  —  ETA 1s  —  0 failed so far
[OUTPUT] 2026-07-13T15:40:07.592445 skip_listing [train]:   94,000/262,500 checked (36%)  —  150159 checks/s  —  ETA 1s  —  0 failed so far
[OUTPUT] 2026-07-13T15:40:07.595004 skip_listing [train]:   94,500/262,500 checked (36%)  —  150343 checks/s  —  ETA 1s  —  0 failed so far
[OUTPUT] 2026-07-13T15:40:07.598227 skip_listing [train]:   95,000/262,500 checked (36%)  —  150367 checks/s  —  ETA 1s  —  0 failed so far
[OUTPUT] 2026-07-13T15:40:07.601356 skip_listing [train]:   95,500/262,500 checked (36%)  —  150414 checks/s  —  ETA 1s  —  0 failed so far
[OUTPUT] 2026-07-13T15:40:07.603992 skip_listing [train]:   96,000/262,500 checked (37%)  —  150576 checks/s  —  ETA 1s  —  0 failed so far
[OUTPUT] 2026-07-13T15:40:07.608031 skip_listing [train]:   96,500/262,500 checked (37%)  —  150407 checks/s  —  ETA 1s  —  0 failed so far
[OUTPUT] 2026-07-13T15:40:07.611409 skip_listing [train]:   97,000/262,500 checked (37%)  —  150395 checks/s  —  ETA 1s  —  0 failed so far
[OUTPUT] 2026-07-13T15:40:07.615516 skip_listing [train]:   97,500/262,500 checked (37%)  —  150213 checks/s  —  ETA 1s  —  0 failed so far
[OUTPUT] 2026-07-13T15:40:07.619468 skip_listing [train]:   98,000/262,500 checked (37%)  —  150070 checks/s  —  ETA 1s  —  0 failed so far
[OUTPUT] 2026-07-13T15:40:07.624009 skip_listing [train]:   98,500/262,500 checked (38%)  —  149794 checks/s  —  ETA 1s  —  0 failed so far
[OUTPUT] 2026-07-13T15:40:07.626999 skip_listing [train]:   99,000/262,500 checked (38%)  —  149873 checks/s  —  ETA 1s  —  0 failed so far
[OUTPUT] 2026-07-13T15:40:07.630637 skip_listing [train]:   99,500/262,500 checked (38%)  —  149805 checks/s  —  ETA 1s  —  0 failed so far
[OUTPUT] 2026-07-13T15:40:07.633940 skip_listing [train]:   100,000/262,500 checked (38%)  —  149813 checks/s  —  ETA 1s  —  0 failed so far
[OUTPUT] 2026-07-13T15:40:07.637272 skip_listing [train]:   100,500/262,500 checked (38%)  —  149814 checks/s  —  ETA 1s  —  0 failed so far
[OUTPUT] 2026-07-13T15:40:07.641388 skip_listing [train]:   101,000/262,500 checked (38%)  —  149641 checks/s  —  ETA 1s  —  0 failed so far
[OUTPUT] 2026-07-13T15:40:07.644432 skip_listing [train]:   101,500/262,500 checked (39%)  —  149707 checks/s  —  ETA 1s  —  0 failed so far
[OUTPUT] 2026-07-13T15:40:07.647328 skip_listing [train]:   102,000/262,500 checked (39%)  —  149804 checks/s  —  ETA 1s  —  0 failed so far
[OUTPUT] 2026-07-13T15:40:07.649823 skip_listing [train]:   102,500/262,500 checked (39%)  —  149989 checks/s  —  ETA 1s  —  0 failed so far
[OUTPUT] 2026-07-13T15:40:07.652412 skip_listing [train]:   103,000/262,500 checked (39%)  —  150152 checks/s  —  ETA 1s  —  0 failed so far
[OUTPUT] 2026-07-13T15:40:07.655442 skip_listing [train]:   103,500/262,500 checked (39%)  —  150217 checks/s  —  ETA 1s  —  0 failed so far
[OUTPUT] 2026-07-13T15:40:07.658513 skip_listing [train]:   104,000/262,500 checked (40%)  —  150273 checks/s  —  ETA 1s  —  0 failed so far
[OUTPUT] 2026-07-13T15:40:07.662796 skip_listing [train]:   104,500/262,500 checked (40%)  —  150067 checks/s  —  ETA 1s  —  0 failed so far
[OUTPUT] 2026-07-13T15:40:07.665550 skip_listing [train]:   105,000/262,500 checked (40%)  —  150191 checks/s  —  ETA 1s  —  0 failed so far
[OUTPUT] 2026-07-13T15:40:07.670330 skip_listing [train]:   105,500/262,500 checked (40%)  —  149881 checks/s  —  ETA 1s  —  0 failed so far
[OUTPUT] 2026-07-13T15:40:07.672334 skip_listing [train]:   106,000/262,500 checked (40%)  —  150164 checks/s  —  ETA 1s  —  0 failed so far
[OUTPUT] 2026-07-13T15:40:07.674608 skip_listing [train]:   106,500/262,500 checked (41%)  —  150388 checks/s  —  ETA 1s  —  0 failed so far
[OUTPUT] 2026-07-13T15:40:07.679507 skip_listing [train]:   107,000/262,500 checked (41%)  —  150056 checks/s  —  ETA 1s  —  0 failed so far
[OUTPUT] 2026-07-13T15:40:07.681924 skip_listing [train]:   107,500/262,500 checked (41%)  —  150248 checks/s  —  ETA 1s  —  0 failed so far
[OUTPUT] 2026-07-13T15:40:07.684868 skip_listing [train]:   108,000/262,500 checked (41%)  —  150328 checks/s  —  ETA 1s  —  0 failed so far
[OUTPUT] 2026-07-13T15:40:07.687025 skip_listing [train]:   108,500/262,500 checked (41%)  —  150572 checks/s  —  ETA 1s  —  0 failed so far
[OUTPUT] 2026-07-13T15:40:07.690308 skip_listing [train]:   109,000/262,500 checked (42%)  —  150580 checks/s  —  ETA 1s  —  0 failed so far
[OUTPUT] 2026-07-13T15:40:07.692694 skip_listing [train]:   109,500/262,500 checked (42%)  —  150774 checks/s  —  ETA 1s  —  0 failed so far
[OUTPUT] 2026-07-13T15:40:07.694966 skip_listing [train]:   110,000/262,500 checked (42%)  —  150990 checks/s  —  ETA 1s  —  0 failed so far
[OUTPUT] 2026-07-13T15:40:07.697289 skip_listing [train]:   110,500/262,500 checked (42%)  —  151194 checks/s  —  ETA 1s  —  0 failed so far
[OUTPUT] 2026-07-13T15:40:07.701149 skip_listing [train]:   111,000/262,500 checked (42%)  —  151080 checks/s  —  ETA 1s  —  0 failed so far
[OUTPUT] 2026-07-13T15:40:07.703585 skip_listing [train]:   111,500/262,500 checked (42%)  —  151259 checks/s  —  ETA 1s  —  0 failed so far
[OUTPUT] 2026-07-13T15:40:07.706200 skip_listing [train]:   112,000/262,500 checked (43%)  —  151400 checks/s  —  ETA 1s  —  0 failed so far
[OUTPUT] 2026-07-13T15:40:07.709900 skip_listing [train]:   112,500/262,500 checked (43%)  —  151319 checks/s  —  ETA 1s  —  0 failed so far
[OUTPUT] 2026-07-13T15:40:07.712347 skip_listing [train]:   113,000/262,500 checked (43%)  —  151493 checks/s  —  ETA 1s  —  0 failed so far
[OUTPUT] 2026-07-13T15:40:07.716088 skip_listing [train]:   113,500/262,500 checked (43%)  —  151404 checks/s  —  ETA 1s  —  0 failed so far
[OUTPUT] 2026-07-13T15:40:07.719989 skip_listing [train]:   114,000/262,500 checked (43%)  —  151284 checks/s  —  ETA 1s  —  0 failed so far
[OUTPUT] 2026-07-13T15:40:07.722996 skip_listing [train]:   114,500/262,500 checked (44%)  —  151344 checks/s  —  ETA 1s  —  0 failed so far
[OUTPUT] 2026-07-13T15:40:07.726383 skip_listing [train]:   115,000/262,500 checked (44%)  —  151327 checks/s  —  ETA 1s  —  0 failed so far
[OUTPUT] 2026-07-13T15:40:07.729663 skip_listing [train]:   115,500/262,500 checked (44%)  —  151332 checks/s  —  ETA 1s  —  0 failed so far
[OUTPUT] 2026-07-13T15:40:07.734891 skip_listing [train]:   116,000/262,500 checked (44%)  —  150953 checks/s  —  ETA 1s  —  0 failed so far
[OUTPUT] 2026-07-13T15:40:07.737803 skip_listing [train]:   116,500/262,500 checked (44%)  —  151031 checks/s  —  ETA 1s  —  0 failed so far
[OUTPUT] 2026-07-13T15:40:07.740484 skip_listing [train]:   117,000/262,500 checked (45%)  —  151154 checks/s  —  ETA 1s  —  0 failed so far
[OUTPUT] 2026-07-13T15:40:07.742636 skip_listing [train]:   117,500/262,500 checked (45%)  —  151379 checks/s  —  ETA 1s  —  0 failed so far
[OUTPUT] 2026-07-13T15:40:07.746704 skip_listing [train]:   118,000/262,500 checked (45%)  —  151231 checks/s  —  ETA 1s  —  0 failed so far
[OUTPUT] 2026-07-13T15:40:07.750404 skip_listing [train]:   118,500/262,500 checked (45%)  —  151155 checks/s  —  ETA 1s  —  0 failed so far
[OUTPUT] 2026-07-13T15:40:07.752389 skip_listing [train]:   119,000/262,500 checked (45%)  —  151409 checks/s  —  ETA 1s  —  0 failed so far
[OUTPUT] 2026-07-13T15:40:07.756336 skip_listing [train]:   119,500/262,500 checked (46%)  —  151286 checks/s  —  ETA 1s  —  0 failed so far
[OUTPUT] 2026-07-13T15:40:07.759515 skip_listing [train]:   120,000/262,500 checked (46%)  —  151310 checks/s  —  ETA 1s  —  0 failed so far
[OUTPUT] 2026-07-13T15:40:07.762252 skip_listing [train]:   120,500/262,500 checked (46%)  —  151418 checks/s  —  ETA 1s  —  0 failed so far
[OUTPUT] 2026-07-13T15:40:07.765441 skip_listing [train]:   121,000/262,500 checked (46%)  —  151439 checks/s  —  ETA 1s  —  0 failed so far
[OUTPUT] 2026-07-13T15:40:07.768433 skip_listing [train]:   121,500/262,500 checked (46%)  —  151498 checks/s  —  ETA 1s  —  0 failed so far
[OUTPUT] 2026-07-13T15:40:07.771611 skip_listing [train]:   122,000/262,500 checked (46%)  —  151521 checks/s  —  ETA 1s  —  0 failed so far
[OUTPUT] 2026-07-13T15:40:07.774411 skip_listing [train]:   122,500/262,500 checked (47%)  —  151614 checks/s  —  ETA 1s  —  0 failed so far
[OUTPUT] 2026-07-13T15:40:07.777277 skip_listing [train]:   123,000/262,500 checked (47%)  —  151695 checks/s  —  ETA 1s  —  0 failed so far
[OUTPUT] 2026-07-13T15:40:07.779524 skip_listing [train]:   123,500/262,500 checked (47%)  —  151891 checks/s  —  ETA 1s  —  0 failed so far
[OUTPUT] 2026-07-13T15:40:07.782899 skip_listing [train]:   124,000/262,500 checked (47%)  —  151875 checks/s  —  ETA 1s  —  0 failed so far
[OUTPUT] 2026-07-13T15:40:07.786057 skip_listing [train]:   124,500/262,500 checked (47%)  —  151900 checks/s  —  ETA 1s  —  0 failed so far
[OUTPUT] 2026-07-13T15:40:07.788855 skip_listing [train]:   125,000/262,500 checked (48%)  —  151991 checks/s  —  ETA 1s  —  0 failed so far
[OUTPUT] 2026-07-13T15:40:07.791995 skip_listing [train]:   125,500/262,500 checked (48%)  —  152019 checks/s  —  ETA 1s  —  0 failed so far
[OUTPUT] 2026-07-13T15:40:07.793952 skip_listing [train]:   126,000/262,500 checked (48%)  —  152264 checks/s  —  ETA 1s  —  0 failed so far
[OUTPUT] 2026-07-13T15:40:07.797348 skip_listing [train]:   126,500/262,500 checked (48%)  —  152243 checks/s  —  ETA 1s  —  0 failed so far
[OUTPUT] 2026-07-13T15:40:07.801065 skip_listing [train]:   127,000/262,500 checked (48%)  —  152164 checks/s  —  ETA 1s  —  0 failed so far
[OUTPUT] 2026-07-13T15:40:07.803215 skip_listing [train]:   127,500/262,500 checked (49%)  —  152371 checks/s  —  ETA 1s  —  0 failed so far
[OUTPUT] 2026-07-13T15:40:07.806377 skip_listing [train]:   128,000/262,500 checked (49%)  —  152392 checks/s  —  ETA 1s  —  0 failed so far
[OUTPUT] 2026-07-13T15:40:07.810450 skip_listing [train]:   128,500/262,500 checked (49%)  —  152249 checks/s  —  ETA 1s  —  0 failed so far
[OUTPUT] 2026-07-13T15:40:07.813824 skip_listing [train]:   129,000/262,500 checked (49%)  —  152233 checks/s  —  ETA 1s  —  0 failed so far
[OUTPUT] 2026-07-13T15:40:07.816000 skip_listing [train]:   129,500/262,500 checked (49%)  —  152432 checks/s  —  ETA 1s  —  0 failed so far
[OUTPUT] 2026-07-13T15:40:07.820447 skip_listing [train]:   130,000/262,500 checked (50%)  —  152224 checks/s  —  ETA 1s  —  0 failed so far
[OUTPUT] 2026-07-13T15:40:07.823481 skip_listing [train]:   130,500/262,500 checked (50%)  —  152268 checks/s  —  ETA 1s  —  0 failed so far
[OUTPUT] 2026-07-13T15:40:07.826648 skip_listing [train]:   131,000/262,500 checked (50%)  —  152289 checks/s  —  ETA 1s  —  0 failed so far
[OUTPUT] 2026-07-13T15:40:07.829298 skip_listing [train]:   131,500/262,500 checked (50%)  —  152400 checks/s  —  ETA 1s  —  0 failed so far
[OUTPUT] 2026-07-13T15:40:07.831859 skip_listing [train]:   132,000/262,500 checked (50%)  —  152527 checks/s  —  ETA 1s  —  0 failed so far
[OUTPUT] 2026-07-13T15:40:07.833983 skip_listing [train]:   132,500/262,500 checked (50%)  —  152730 checks/s  —  ETA 1s  —  0 failed so far
[OUTPUT] 2026-07-13T15:40:07.836900 skip_listing [train]:   133,000/262,500 checked (51%)  —  152793 checks/s  —  ETA 1s  —  0 failed so far
[OUTPUT] 2026-07-13T15:40:07.839115 skip_listing [train]:   133,500/262,500 checked (51%)  —  152978 checks/s  —  ETA 1s  —  0 failed so far
[OUTPUT] 2026-07-13T15:40:07.842465 skip_listing [train]:   134,000/262,500 checked (51%)  —  152964 checks/s  —  ETA 1s  —  0 failed so far
[OUTPUT] 2026-07-13T15:40:07.845745 skip_listing [train]:   134,500/262,500 checked (51%)  —  152962 checks/s  —  ETA 1s  —  0 failed so far
[OUTPUT] 2026-07-13T15:40:07.849185 skip_listing [train]:   135,000/262,500 checked (51%)  —  152932 checks/s  —  ETA 1s  —  0 failed so far
[OUTPUT] 2026-07-13T15:40:07.851914 skip_listing [train]:   135,500/262,500 checked (52%)  —  153025 checks/s  —  ETA 1s  —  0 failed so far
[OUTPUT] 2026-07-13T15:40:07.854935 skip_listing [train]:   136,000/262,500 checked (52%)  —  153068 checks/s  —  ETA 1s  —  0 failed so far
[OUTPUT] 2026-07-13T15:40:07.857479 skip_listing [train]:   136,500/262,500 checked (52%)  —  153192 checks/s  —  ETA 1s  —  0 failed so far
[OUTPUT] 2026-07-13T15:40:07.861202 skip_listing [train]:   137,000/262,500 checked (52%)  —  153113 checks/s  —  ETA 1s  —  0 failed so far
[OUTPUT] 2026-07-13T15:40:07.863725 skip_listing [train]:   137,500/262,500 checked (52%)  —  153240 checks/s  —  ETA 1s  —  0 failed so far
[OUTPUT] 2026-07-13T15:40:07.866209 skip_listing [train]:   138,000/262,500 checked (53%)  —  153373 checks/s  —  ETA 1s  —  0 failed so far
[OUTPUT] 2026-07-13T15:40:07.869027 skip_listing [train]:   138,500/262,500 checked (53%)  —  153448 checks/s  —  ETA 1s  —  0 failed so far
[OUTPUT] 2026-07-13T15:40:07.870976 skip_listing [train]:   139,000/262,500 checked (53%)  —  153670 checks/s  —  ETA 1s  —  0 failed so far
[OUTPUT] 2026-07-13T15:40:07.874087 skip_listing [train]:   139,500/262,500 checked (53%)  —  153694 checks/s  —  ETA 1s  —  0 failed so far
[OUTPUT] 2026-07-13T15:40:07.877355 skip_listing [train]:   140,000/262,500 checked (53%)  —  153692 checks/s  —  ETA 1s  —  0 failed so far
[OUTPUT] 2026-07-13T15:40:07.880236 skip_listing [train]:   140,500/262,500 checked (54%)  —  153754 checks/s  —  ETA 1s  —  0 failed so far
[OUTPUT] 2026-07-13T15:40:07.882688 skip_listing [train]:   141,000/262,500 checked (54%)  —  153888 checks/s  —  ETA 1s  —  0 failed so far
[OUTPUT] 2026-07-13T15:40:07.885293 skip_listing [train]:   141,500/262,500 checked (54%)  —  153996 checks/s  —  ETA 1s  —  0 failed so far
[OUTPUT] 2026-07-13T15:40:07.888816 skip_listing [train]:   142,000/262,500 checked (54%)  —  153950 checks/s  —  ETA 1s  —  0 failed so far
[OUTPUT] 2026-07-13T15:40:07.893659 skip_listing [train]:   142,500/262,500 checked (54%)  —  153685 checks/s  —  ETA 1s  —  0 failed so far
[OUTPUT] 2026-07-13T15:40:07.897968 skip_listing [train]:   143,000/262,500 checked (54%)  —  153511 checks/s  —  ETA 1s  —  0 failed so far
[OUTPUT] 2026-07-13T15:40:07.901101 skip_listing [train]:   143,500/262,500 checked (55%)  —  153532 checks/s  —  ETA 1s  —  0 failed so far
[OUTPUT] 2026-07-13T15:40:07.903898 skip_listing [train]:   144,000/262,500 checked (55%)  —  153607 checks/s  —  ETA 1s  —  0 failed so far
[OUTPUT] 2026-07-13T15:40:07.906465 skip_listing [train]:   144,500/262,500 checked (55%)  —  153719 checks/s  —  ETA 1s  —  0 failed so far
[OUTPUT] 2026-07-13T15:40:07.908605 skip_listing [train]:   145,000/262,500 checked (55%)  —  153901 checks/s  —  ETA 1s  —  0 failed so far
[OUTPUT] 2026-07-13T15:40:07.911238 skip_listing [train]:   145,500/262,500 checked (55%)  —  154001 checks/s  —  ETA 1s  —  0 failed so far
[OUTPUT] 2026-07-13T15:40:07.916224 skip_listing [train]:   146,000/262,500 checked (56%)  —  153719 checks/s  —  ETA 1s  —  0 failed so far
[OUTPUT] 2026-07-13T15:40:07.918752 skip_listing [train]:   146,500/262,500 checked (56%)  —  153836 checks/s  —  ETA 1s  —  0 failed so far
[OUTPUT] 2026-07-13T15:40:07.921945 skip_listing [train]:   147,000/262,500 checked (56%)  —  153845 checks/s  —  ETA 1s  —  0 failed so far
[OUTPUT] 2026-07-13T15:40:07.924129 skip_listing [train]:   147,500/262,500 checked (56%)  —  154017 checks/s  —  ETA 1s  —  0 failed so far
[OUTPUT] 2026-07-13T15:40:07.927086 skip_listing [train]:   148,000/262,500 checked (56%)  —  154063 checks/s  —  ETA 1s  —  0 failed so far
[OUTPUT] 2026-07-13T15:40:07.932679 skip_listing [train]:   148,500/262,500 checked (57%)  —  153689 checks/s  —  ETA 1s  —  0 failed so far
[OUTPUT] 2026-07-13T15:40:07.936938 skip_listing [train]:   149,000/262,500 checked (57%)  —  153529 checks/s  —  ETA 1s  —  0 failed so far
[OUTPUT] 2026-07-13T15:40:07.940575 skip_listing [train]:   149,500/262,500 checked (57%)  —  153470 checks/s  —  ETA 1s  —  0 failed so far
[OUTPUT] 2026-07-13T15:40:07.944853 skip_listing [train]:   150,000/262,500 checked (57%)  —  153309 checks/s  —  ETA 1s  —  0 failed so far
[OUTPUT] 2026-07-13T15:40:07.949158 skip_listing [train]:   150,500/262,500 checked (57%)  —  153147 checks/s  —  ETA 1s  —  0 failed so far
[OUTPUT] 2026-07-13T15:40:07.951498 skip_listing [train]:   151,000/262,500 checked (58%)  —  153290 checks/s  —  ETA 1s  —  0 failed so far
[OUTPUT] 2026-07-13T15:40:07.954519 skip_listing [train]:   151,500/262,500 checked (58%)  —  153328 checks/s  —  ETA 1s  —  0 failed so far
[OUTPUT] 2026-07-13T15:40:07.957170 skip_listing [train]:   152,000/262,500 checked (58%)  —  153422 checks/s  —  ETA 1s  —  0 failed so far
[OUTPUT] 2026-07-13T15:40:07.961283 skip_listing [train]:   152,500/262,500 checked (58%)  —  153291 checks/s  —  ETA 1s  —  0 failed so far
[OUTPUT] 2026-07-13T15:40:07.964524 skip_listing [train]:   153,000/262,500 checked (58%)  —  153294 checks/s  —  ETA 1s  —  0 failed so far
[OUTPUT] 2026-07-13T15:40:07.968651 skip_listing [train]:   153,500/262,500 checked (58%)  —  153161 checks/s  —  ETA 1s  —  0 failed so far
[OUTPUT] 2026-07-13T15:40:07.972053 skip_listing [train]:   154,000/262,500 checked (59%)  —  153140 checks/s  —  ETA 1s  —  0 failed so far
[OUTPUT] 2026-07-13T15:40:07.974687 skip_listing [train]:   154,500/262,500 checked (59%)  —  153236 checks/s  —  ETA 1s  —  0 failed so far
[OUTPUT] 2026-07-13T15:40:07.977232 skip_listing [train]:   155,000/262,500 checked (59%)  —  153345 checks/s  —  ETA 1s  —  0 failed so far
[OUTPUT] 2026-07-13T15:40:07.980394 skip_listing [train]:   155,500/262,500 checked (59%)  —  153360 checks/s  —  ETA 1s  —  0 failed so far
[OUTPUT] 2026-07-13T15:40:07.984208 skip_listing [train]:   156,000/262,500 checked (59%)  —  153277 checks/s  —  ETA 1s  —  0 failed so far
[OUTPUT] 2026-07-13T15:40:07.987344 skip_listing [train]:   156,500/262,500 checked (60%)  —  153296 checks/s  —  ETA 1s  —  0 failed so far
[OUTPUT] 2026-07-13T15:40:07.990770 skip_listing [train]:   157,000/262,500 checked (60%)  —  153271 checks/s  —  ETA 1s  —  0 failed so far
[OUTPUT] 2026-07-13T15:40:07.993302 skip_listing [train]:   157,500/262,500 checked (60%)  —  153380 checks/s  —  ETA 1s  —  0 failed so far
[OUTPUT] 2026-07-13T15:40:07.996382 skip_listing [train]:   158,000/262,500 checked (60%)  —  153407 checks/s  —  ETA 1s  —  0 failed so far
[OUTPUT] 2026-07-13T15:40:07.999085 skip_listing [train]:   158,500/262,500 checked (60%)  —  153489 checks/s  —  ETA 1s  —  0 failed so far
[OUTPUT] 2026-07-13T15:40:08.004143 skip_listing [train]:   159,000/262,500 checked (61%)  —  153223 checks/s  —  ETA 1s  —  0 failed so far
[OUTPUT] 2026-07-13T15:40:08.007142 skip_listing [train]:   159,500/262,500 checked (61%)  —  153262 checks/s  —  ETA 1s  —  0 failed so far
[OUTPUT] 2026-07-13T15:40:08.010411 skip_listing [train]:   160,000/262,500 checked (61%)  —  153261 checks/s  —  ETA 1s  —  0 failed so far
[OUTPUT] 2026-07-13T15:40:08.013638 skip_listing [train]:   160,500/262,500 checked (61%)  —  153266 checks/s  —  ETA 1s  —  0 failed so far
[OUTPUT] 2026-07-13T15:40:08.015859 skip_listing [train]:   161,000/262,500 checked (61%)  —  153418 checks/s  —  ETA 1s  —  0 failed so far
[OUTPUT] 2026-07-13T15:40:08.018560 skip_listing [train]:   161,500/262,500 checked (62%)  —  153500 checks/s  —  ETA 1s  —  0 failed so far
[OUTPUT] 2026-07-13T15:40:08.021170 skip_listing [train]:   162,000/262,500 checked (62%)  —  153594 checks/s  —  ETA 1s  —  0 failed so far
[OUTPUT] 2026-07-13T15:40:08.023862 skip_listing [train]:   162,500/262,500 checked (62%)  —  153676 checks/s  —  ETA 1s  —  0 failed so far
[OUTPUT] 2026-07-13T15:40:08.026572 skip_listing [train]:   163,000/262,500 checked (62%)  —  153754 checks/s  —  ETA 1s  —  0 failed so far
[OUTPUT] 2026-07-13T15:40:08.031149 skip_listing [train]:   163,500/262,500 checked (62%)  —  153563 checks/s  —  ETA 1s  —  0 failed so far
[OUTPUT] 2026-07-13T15:40:08.035460 skip_listing [train]:   164,000/262,500 checked (62%)  —  153412 checks/s  —  ETA 1s  —  0 failed so far
[OUTPUT] 2026-07-13T15:40:08.037840 skip_listing [train]:   164,500/262,500 checked (63%)  —  153537 checks/s  —  ETA 1s  —  0 failed so far
[OUTPUT] 2026-07-13T15:40:08.040231 skip_listing [train]:   165,000/262,500 checked (63%)  —  153661 checks/s  —  ETA 1s  —  0 failed so far
[OUTPUT] 2026-07-13T15:40:08.042835 skip_listing [train]:   165,500/262,500 checked (63%)  —  153754 checks/s  —  ETA 1s  —  0 failed so far
[OUTPUT] 2026-07-13T15:40:08.045372 skip_listing [train]:   166,000/262,500 checked (63%)  —  153856 checks/s  —  ETA 1s  —  0 failed so far
[OUTPUT] 2026-07-13T15:40:08.048479 skip_listing [train]:   166,500/262,500 checked (63%)  —  153876 checks/s  —  ETA 1s  —  0 failed so far
[OUTPUT] 2026-07-13T15:40:08.050899 skip_listing [train]:   167,000/262,500 checked (64%)  —  153994 checks/s  —  ETA 1s  —  0 failed so far
[OUTPUT] 2026-07-13T15:40:08.055359 skip_listing [train]:   167,500/262,500 checked (64%)  —  153822 checks/s  —  ETA 1s  —  0 failed so far
[OUTPUT] 2026-07-13T15:40:08.057338 skip_listing [train]:   168,000/262,500 checked (64%)  —  154002 checks/s  —  ETA 1s  —  0 failed so far
[OUTPUT] 2026-07-13T15:40:08.060428 skip_listing [train]:   168,500/262,500 checked (64%)  —  154024 checks/s  —  ETA 1s  —  0 failed so far
[OUTPUT] 2026-07-13T15:40:08.063334 skip_listing [train]:   169,000/262,500 checked (64%)  —  154071 checks/s  —  ETA 1s  —  0 failed so far
[OUTPUT] 2026-07-13T15:40:08.065984 skip_listing [train]:   169,500/262,500 checked (65%)  —  154155 checks/s  —  ETA 1s  —  0 failed so far
[OUTPUT] 2026-07-13T15:40:08.068529 skip_listing [train]:   170,000/262,500 checked (65%)  —  154252 checks/s  —  ETA 1s  —  0 failed so far
[OUTPUT] 2026-07-13T15:40:08.070674 skip_listing [train]:   170,500/262,500 checked (65%)  —  154406 checks/s  —  ETA 1s  —  0 failed so far
[OUTPUT] 2026-07-13T15:40:08.072637 skip_listing [train]:   171,000/262,500 checked (65%)  —  154584 checks/s  —  ETA 1s  —  0 failed so far
[OUTPUT] 2026-07-13T15:40:08.076283 skip_listing [train]:   171,500/262,500 checked (65%)  —  154526 checks/s  —  ETA 1s  —  0 failed so far
[OUTPUT] 2026-07-13T15:40:08.079512 skip_listing [train]:   172,000/262,500 checked (66%)  —  154527 checks/s  —  ETA 1s  —  0 failed so far
[OUTPUT] 2026-07-13T15:40:08.081959 skip_listing [train]:   172,500/262,500 checked (66%)  —  154637 checks/s  —  ETA 1s  —  0 failed so far
[OUTPUT] 2026-07-13T15:40:08.087351 skip_listing [train]:   173,000/262,500 checked (66%)  —  154339 checks/s  —  ETA 1s  —  0 failed so far
[OUTPUT] 2026-07-13T15:40:08.090929 skip_listing [train]:   173,500/262,500 checked (66%)  —  154292 checks/s  —  ETA 1s  —  0 failed so far
[OUTPUT] 2026-07-13T15:40:08.094380 skip_listing [train]:   174,000/262,500 checked (66%)  —  154264 checks/s  —  ETA 1s  —  0 failed so far
[OUTPUT] 2026-07-13T15:40:08.097902 skip_listing [train]:   174,500/262,500 checked (66%)  —  154225 checks/s  —  ETA 1s  —  0 failed so far
[OUTPUT] 2026-07-13T15:40:08.101297 skip_listing [train]:   175,000/262,500 checked (67%)  —  154204 checks/s  —  ETA 1s  —  0 failed so far
[OUTPUT] 2026-07-13T15:40:08.104134 skip_listing [train]:   175,500/262,500 checked (67%)  —  154259 checks/s  —  ETA 1s  —  0 failed so far
[OUTPUT] 2026-07-13T15:40:08.107062 skip_listing [train]:   176,000/262,500 checked (67%)  —  154302 checks/s  —  ETA 1s  —  0 failed so far
[OUTPUT] 2026-07-13T15:40:08.110564 skip_listing [train]:   176,500/262,500 checked (67%)  —  154266 checks/s  —  ETA 1s  —  0 failed so far
[OUTPUT] 2026-07-13T15:40:08.112778 skip_listing [train]:   177,000/262,500 checked (67%)  —  154405 checks/s  —  ETA 1s  —  0 failed so far
[OUTPUT] 2026-07-13T15:40:08.115310 skip_listing [train]:   177,500/262,500 checked (68%)  —  154500 checks/s  —  ETA 1s  —  0 failed so far
[OUTPUT] 2026-07-13T15:40:08.118136 skip_listing [train]:   178,000/262,500 checked (68%)  —  154555 checks/s  —  ETA 1s  —  0 failed so far
[OUTPUT] 2026-07-13T15:40:08.120986 skip_listing [train]:   178,500/262,500 checked (68%)  —  154606 checks/s  —  ETA 1s  —  0 failed so far
[OUTPUT] 2026-07-13T15:40:08.123337 skip_listing [train]:   179,000/262,500 checked (68%)  —  154724 checks/s  —  ETA 1s  —  0 failed so far
[OUTPUT] 2026-07-13T15:40:08.125992 skip_listing [train]:   179,500/262,500 checked (68%)  —  154801 checks/s  —  ETA 1s  —  0 failed so far
[OUTPUT] 2026-07-13T15:40:08.128979 skip_listing [train]:   180,000/262,500 checked (69%)  —  154834 checks/s  —  ETA 1s  —  0 failed so far
[OUTPUT] 2026-07-13T15:40:08.131834 skip_listing [train]:   180,500/262,500 checked (69%)  —  154883 checks/s  —  ETA 1s  —  0 failed so far
[OUTPUT] 2026-07-13T15:40:08.134489 skip_listing [train]:   181,000/262,500 checked (69%)  —  154959 checks/s  —  ETA 1s  —  0 failed so far
[OUTPUT] 2026-07-13T15:40:08.136831 skip_listing [train]:   181,500/262,500 checked (69%)  —  155076 checks/s  —  ETA 1s  —  0 failed so far
[OUTPUT] 2026-07-13T15:40:08.139370 skip_listing [train]:   182,000/262,500 checked (69%)  —  155167 checks/s  —  ETA 1s  —  0 failed so far
[OUTPUT] 2026-07-13T15:40:08.142681 skip_listing [train]:   182,500/262,500 checked (70%)  —  155155 checks/s  —  ETA 1s  —  0 failed so far
[OUTPUT] 2026-07-13T15:40:08.147390 skip_listing [train]:   183,000/262,500 checked (70%)  —  154960 checks/s  —  ETA 1s  —  0 failed so far
[OUTPUT] 2026-07-13T15:40:08.149806 skip_listing [train]:   183,500/262,500 checked (70%)  —  155066 checks/s  —  ETA 1s  —  0 failed so far
[OUTPUT] 2026-07-13T15:40:08.153140 skip_listing [train]:   184,000/262,500 checked (70%)  —  155052 checks/s  —  ETA 1s  —  0 failed so far
[OUTPUT] 2026-07-13T15:40:08.155483 skip_listing [train]:   184,500/262,500 checked (70%)  —  155167 checks/s  —  ETA 1s  —  0 failed so far
[OUTPUT] 2026-07-13T15:40:08.158671 skip_listing [train]:   185,000/262,500 checked (70%)  —  155171 checks/s  —  ETA 0s  —  0 failed so far
[OUTPUT] 2026-07-13T15:40:08.161951 skip_listing [train]:   185,500/262,500 checked (71%)  —  155164 checks/s  —  ETA 0s  —  0 failed so far
[OUTPUT] 2026-07-13T15:40:08.164245 skip_listing [train]:   186,000/262,500 checked (71%)  —  155284 checks/s  —  ETA 0s  —  0 failed so far
[OUTPUT] 2026-07-13T15:40:08.166971 skip_listing [train]:   186,500/262,500 checked (71%)  —  155348 checks/s  —  ETA 0s  —  0 failed so far
[OUTPUT] 2026-07-13T15:40:08.170630 skip_listing [train]:   187,000/262,500 checked (71%)  —  155291 checks/s  —  ETA 0s  —  0 failed so far
[OUTPUT] 2026-07-13T15:40:08.173924 skip_listing [train]:   187,500/262,500 checked (71%)  —  155282 checks/s  —  ETA 0s  —  0 failed so far
[OUTPUT] 2026-07-13T15:40:08.177339 skip_listing [train]:   188,000/262,500 checked (72%)  —  155257 checks/s  —  ETA 0s  —  0 failed so far
[OUTPUT] 2026-07-13T15:40:08.179871 skip_listing [train]:   188,500/262,500 checked (72%)  —  155345 checks/s  —  ETA 0s  —  0 failed so far
[OUTPUT] 2026-07-13T15:40:08.182193 skip_listing [train]:   189,000/262,500 checked (72%)  —  155459 checks/s  —  ETA 0s  —  0 failed so far
[OUTPUT] 2026-07-13T15:40:08.185271 skip_listing [train]:   189,500/262,500 checked (72%)  —  155477 checks/s  —  ETA 0s  —  0 failed so far
[OUTPUT] 2026-07-13T15:40:08.188332 skip_listing [train]:   190,000/262,500 checked (72%)  —  155497 checks/s  —  ETA 0s  —  0 failed so far
[OUTPUT] 2026-07-13T15:40:08.191710 skip_listing [train]:   190,500/262,500 checked (73%)  —  155476 checks/s  —  ETA 0s  —  0 failed so far
[OUTPUT] 2026-07-13T15:40:08.193839 skip_listing [train]:   191,000/262,500 checked (73%)  —  155614 checks/s  —  ETA 0s  —  0 failed so far
[OUTPUT] 2026-07-13T15:40:08.196670 skip_listing [train]:   191,500/262,500 checked (73%)  —  155662 checks/s  —  ETA 0s  —  0 failed so far
[OUTPUT] 2026-07-13T15:40:08.200516 skip_listing [train]:   192,000/262,500 checked (73%)  —  155582 checks/s  —  ETA 0s  —  0 failed so far
[OUTPUT] 2026-07-13T15:40:08.204858 skip_listing [train]:   192,500/262,500 checked (73%)  —  155440 checks/s  —  ETA 0s  —  0 failed so far
[OUTPUT] 2026-07-13T15:40:08.208533 skip_listing [train]:   193,000/262,500 checked (74%)  —  155383 checks/s  —  ETA 0s  —  0 failed so far
[OUTPUT] 2026-07-13T15:40:08.211821 skip_listing [train]:   193,500/262,500 checked (74%)  —  155374 checks/s  —  ETA 0s  —  0 failed so far
[OUTPUT] 2026-07-13T15:40:08.214870 skip_listing [train]:   194,000/262,500 checked (74%)  —  155395 checks/s  —  ETA 0s  —  0 failed so far
[OUTPUT] 2026-07-13T15:40:08.217973 skip_listing [train]:   194,500/262,500 checked (74%)  —  155409 checks/s  —  ETA 0s  —  0 failed so far
[OUTPUT] 2026-07-13T15:40:08.220804 skip_listing [train]:   195,000/262,500 checked (74%)  —  155457 checks/s  —  ETA 0s  —  0 failed so far
[OUTPUT] 2026-07-13T15:40:08.224046 skip_listing [train]:   195,500/262,500 checked (74%)  —  155454 checks/s  —  ETA 0s  —  0 failed so far
[OUTPUT] 2026-07-13T15:40:08.226782 skip_listing [train]:   196,000/262,500 checked (75%)  —  155513 checks/s  —  ETA 0s  —  0 failed so far
[OUTPUT] 2026-07-13T15:40:08.229908 skip_listing [train]:   196,500/262,500 checked (75%)  —  155524 checks/s  —  ETA 0s  —  0 failed so far
[OUTPUT] 2026-07-13T15:40:08.233254 skip_listing [train]:   197,000/262,500 checked (75%)  —  155508 checks/s  —  ETA 0s  —  0 failed so far
[OUTPUT] 2026-07-13T15:40:08.236799 skip_listing [train]:   197,500/262,500 checked (75%)  —  155468 checks/s  —  ETA 0s  —  0 failed so far
[OUTPUT] 2026-07-13T15:40:08.239209 skip_listing [train]:   198,000/262,500 checked (75%)  —  155566 checks/s  —  ETA 0s  —  0 failed so far
[OUTPUT] 2026-07-13T15:40:08.242809 skip_listing [train]:   198,500/262,500 checked (76%)  —  155519 checks/s  —  ETA 0s  —  0 failed so far
[OUTPUT] 2026-07-13T15:40:08.245390 skip_listing [train]:   199,000/262,500 checked (76%)  —  155596 checks/s  —  ETA 0s  —  0 failed so far
[OUTPUT] 2026-07-13T15:40:08.248652 skip_listing [train]:   199,500/262,500 checked (76%)  —  155590 checks/s  —  ETA 0s  —  0 failed so far
[OUTPUT] 2026-07-13T15:40:08.251071 skip_listing [train]:   200,000/262,500 checked (76%)  —  155687 checks/s  —  ETA 0s  —  0 failed so far
[OUTPUT] 2026-07-13T15:40:08.255080 skip_listing [train]:   200,500/262,500 checked (76%)  —  155590 checks/s  —  ETA 0s  —  0 failed so far
[OUTPUT] 2026-07-13T15:40:08.257661 skip_listing [train]:   201,000/262,500 checked (77%)  —  155667 checks/s  —  ETA 0s  —  0 failed so far
[OUTPUT] 2026-07-13T15:40:08.260906 skip_listing [train]:   201,500/262,500 checked (77%)  —  155663 checks/s  —  ETA 0s  —  0 failed so far
[OUTPUT] 2026-07-13T15:40:08.264853 skip_listing [train]:   202,000/262,500 checked (77%)  —  155574 checks/s  —  ETA 0s  —  0 failed so far
[OUTPUT] 2026-07-13T15:40:08.267038 skip_listing [train]:   202,500/262,500 checked (77%)  —  155698 checks/s  —  ETA 0s  —  0 failed so far
[OUTPUT] 2026-07-13T15:40:08.270888 skip_listing [train]:   203,000/262,500 checked (77%)  —  155621 checks/s  —  ETA 0s  —  0 failed so far
[OUTPUT] 2026-07-13T15:40:08.273380 skip_listing [train]:   203,500/262,500 checked (78%)  —  155707 checks/s  —  ETA 0s  —  0 failed so far
[OUTPUT] 2026-07-13T15:40:08.278815 skip_listing [train]:   204,000/262,500 checked (78%)  —  155443 checks/s  —  ETA 0s  —  0 failed so far
[OUTPUT] 2026-07-13T15:40:08.281755 skip_listing [train]:   204,500/262,500 checked (78%)  —  155476 checks/s  —  ETA 0s  —  0 failed so far
[OUTPUT] 2026-07-13T15:40:08.284534 skip_listing [train]:   205,000/262,500 checked (78%)  —  155528 checks/s  —  ETA 0s  —  0 failed so far
[OUTPUT] 2026-07-13T15:40:08.287162 skip_listing [train]:   205,500/262,500 checked (78%)  —  155597 checks/s  —  ETA 0s  —  0 failed so far
[OUTPUT] 2026-07-13T15:40:08.290649 skip_listing [train]:   206,000/262,500 checked (78%)  —  155565 checks/s  —  ETA 0s  —  0 failed so far
[OUTPUT] 2026-07-13T15:40:08.293480 skip_listing [train]:   206,500/262,500 checked (79%)  —  155609 checks/s  —  ETA 0s  —  0 failed so far
[OUTPUT] 2026-07-13T15:40:08.296123 skip_listing [train]:   207,000/262,500 checked (79%)  —  155676 checks/s  —  ETA 0s  —  0 failed so far
[OUTPUT] 2026-07-13T15:40:08.300825 skip_listing [train]:   207,500/262,500 checked (79%)  —  155502 checks/s  —  ETA 0s  —  0 failed so far
[OUTPUT] 2026-07-13T15:40:08.303464 skip_listing [train]:   208,000/262,500 checked (79%)  —  155569 checks/s  —  ETA 0s  —  0 failed so far
[OUTPUT] 2026-07-13T15:40:08.306137 skip_listing [train]:   208,500/262,500 checked (79%)  —  155632 checks/s  —  ETA 0s  —  0 failed so far
[OUTPUT] 2026-07-13T15:40:08.309168 skip_listing [train]:   209,000/262,500 checked (80%)  —  155653 checks/s  —  ETA 0s  —  0 failed so far
[OUTPUT] 2026-07-13T15:40:08.312185 skip_listing [train]:   209,500/262,500 checked (80%)  —  155676 checks/s  —  ETA 0s  —  0 failed so far
[OUTPUT] 2026-07-13T15:40:08.314992 skip_listing [train]:   210,000/262,500 checked (80%)  —  155723 checks/s  —  ETA 0s  —  0 failed so far
[OUTPUT] 2026-07-13T15:40:08.318828 skip_listing [train]:   210,500/262,500 checked (80%)  —  155651 checks/s  —  ETA 0s  —  0 failed so far
[OUTPUT] 2026-07-13T15:40:08.321826 skip_listing [train]:   211,000/262,500 checked (80%)  —  155675 checks/s  —  ETA 0s  —  0 failed so far
[OUTPUT] 2026-07-13T15:40:08.324869 skip_listing [train]:   211,500/262,500 checked (81%)  —  155695 checks/s  —  ETA 0s  —  0 failed so far
[OUTPUT] 2026-07-13T15:40:08.327658 skip_listing [train]:   212,000/262,500 checked (81%)  —  155743 checks/s  —  ETA 0s  —  0 failed so far
[OUTPUT] 2026-07-13T15:40:08.330413 skip_listing [train]:   212,500/262,500 checked (81%)  —  155795 checks/s  —  ETA 0s  —  0 failed so far
[OUTPUT] 2026-07-13T15:40:08.332680 skip_listing [train]:   213,000/262,500 checked (81%)  —  155902 checks/s  —  ETA 0s  —  0 failed so far
[OUTPUT] 2026-07-13T15:40:08.336510 skip_listing [train]:   213,500/262,500 checked (81%)  —  155831 checks/s  —  ETA 0s  —  0 failed so far
[OUTPUT] 2026-07-13T15:40:08.339585 skip_listing [train]:   214,000/262,500 checked (82%)  —  155847 checks/s  —  ETA 0s  —  0 failed so far
[OUTPUT] 2026-07-13T15:40:08.341888 skip_listing [train]:   214,500/262,500 checked (82%)  —  155949 checks/s  —  ETA 0s  —  0 failed so far
[OUTPUT] 2026-07-13T15:40:08.345419 skip_listing [train]:   215,000/262,500 checked (82%)  —  155912 checks/s  —  ETA 0s  —  0 failed so far
[OUTPUT] 2026-07-13T15:40:08.348766 skip_listing [train]:   215,500/262,500 checked (82%)  —  155897 checks/s  —  ETA 0s  —  0 failed so far
[OUTPUT] 2026-07-13T15:40:08.351879 skip_listing [train]:   216,000/262,500 checked (82%)  —  155907 checks/s  —  ETA 0s  —  0 failed so far
[OUTPUT] 2026-07-13T15:40:08.355177 skip_listing [train]:   216,500/262,500 checked (82%)  —  155897 checks/s  —  ETA 0s  —  0 failed so far
[OUTPUT] 2026-07-13T15:40:08.357937 skip_listing [train]:   217,000/262,500 checked (83%)  —  155947 checks/s  —  ETA 0s  —  0 failed so far
[OUTPUT] 2026-07-13T15:40:08.361082 skip_listing [train]:   217,500/262,500 checked (83%)  —  155954 checks/s  —  ETA 0s  —  0 failed so far
[OUTPUT] 2026-07-13T15:40:08.363826 skip_listing [train]:   218,000/262,500 checked (83%)  —  156006 checks/s  —  ETA 0s  —  0 failed so far
[OUTPUT] 2026-07-13T15:40:08.366471 skip_listing [train]:   218,500/262,500 checked (83%)  —  156068 checks/s  —  ETA 0s  —  0 failed so far
[OUTPUT] 2026-07-13T15:40:08.368416 skip_listing [train]:   219,000/262,500 checked (83%)  —  156208 checks/s  —  ETA 0s  —  0 failed so far
[OUTPUT] 2026-07-13T15:40:08.372427 skip_listing [train]:   219,500/262,500 checked (84%)  —  156118 checks/s  —  ETA 0s  —  0 failed so far
[OUTPUT] 2026-07-13T15:40:08.375402 skip_listing [train]:   220,000/262,500 checked (84%)  —  156143 checks/s  —  ETA 0s  —  0 failed so far
[OUTPUT] 2026-07-13T15:40:08.377711 skip_listing [train]:   220,500/262,500 checked (84%)  —  156242 checks/s  —  ETA 0s  —  0 failed so far
[OUTPUT] 2026-07-13T15:40:08.380162 skip_listing [train]:   221,000/262,500 checked (84%)  —  156325 checks/s  —  ETA 0s  —  0 failed so far
[OUTPUT] 2026-07-13T15:40:08.383031 skip_listing [train]:   221,500/262,500 checked (84%)  —  156361 checks/s  —  ETA 0s  —  0 failed so far
[OUTPUT] 2026-07-13T15:40:08.386153 skip_listing [train]:   222,000/262,500 checked (85%)  —  156370 checks/s  —  ETA 0s  —  0 failed so far
[OUTPUT] 2026-07-13T15:40:08.389315 skip_listing [train]:   222,500/262,500 checked (85%)  —  156374 checks/s  —  ETA 0s  —  0 failed so far
[OUTPUT] 2026-07-13T15:40:08.392121 skip_listing [train]:   223,000/262,500 checked (85%)  —  156416 checks/s  —  ETA 0s  —  0 failed so far
[OUTPUT] 2026-07-13T15:40:08.395568 skip_listing [train]:   223,500/262,500 checked (85%)  —  156389 checks/s  —  ETA 0s  —  0 failed so far
[OUTPUT] 2026-07-13T15:40:08.398922 skip_listing [train]:   224,000/262,500 checked (85%)  —  156372 checks/s  —  ETA 0s  —  0 failed so far
[OUTPUT] 2026-07-13T15:40:08.401968 skip_listing [train]:   224,500/262,500 checked (86%)  —  156388 checks/s  —  ETA 0s  —  0 failed so far
[OUTPUT] 2026-07-13T15:40:08.405190 skip_listing [train]:   225,000/262,500 checked (86%)  —  156386 checks/s  —  ETA 0s  —  0 failed so far
[OUTPUT] 2026-07-13T15:40:08.408497 skip_listing [train]:   225,500/262,500 checked (86%)  —  156374 checks/s  —  ETA 0s  —  0 failed so far
[OUTPUT] 2026-07-13T15:40:08.411990 skip_listing [train]:   226,000/262,500 checked (86%)  —  156342 checks/s  —  ETA 0s  —  0 failed so far
[OUTPUT] 2026-07-13T15:40:08.415174 skip_listing [train]:   226,500/262,500 checked (86%)  —  156343 checks/s  —  ETA 0s  —  0 failed so far
[OUTPUT] 2026-07-13T15:40:08.417522 skip_listing [train]:   227,000/262,500 checked (86%)  —  156435 checks/s  —  ETA 0s  —  0 failed so far
[OUTPUT] 2026-07-13T15:40:08.419824 skip_listing [train]:   227,500/262,500 checked (87%)  —  156531 checks/s  —  ETA 0s  —  0 failed so far
[OUTPUT] 2026-07-13T15:40:08.422795 skip_listing [train]:   228,000/262,500 checked (87%)  —  156555 checks/s  —  ETA 0s  —  0 failed so far
[OUTPUT] 2026-07-13T15:40:08.425931 skip_listing [train]:   228,500/262,500 checked (87%)  —  156561 checks/s  —  ETA 0s  —  0 failed so far
[OUTPUT] 2026-07-13T15:40:08.429541 skip_listing [train]:   229,000/262,500 checked (87%)  —  156517 checks/s  —  ETA 0s  —  0 failed so far
[OUTPUT] 2026-07-13T15:40:08.432546 skip_listing [train]:   229,500/262,500 checked (87%)  —  156537 checks/s  —  ETA 0s  —  0 failed so far
[OUTPUT] 2026-07-13T15:40:08.435486 skip_listing [train]:   230,000/262,500 checked (88%)  —  156564 checks/s  —  ETA 0s  —  0 failed so far
[OUTPUT] 2026-07-13T15:40:08.438553 skip_listing [train]:   230,500/262,500 checked (88%)  —  156578 checks/s  —  ETA 0s  —  0 failed so far
[OUTPUT] 2026-07-13T15:40:08.441725 skip_listing [train]:   231,000/262,500 checked (88%)  —  156580 checks/s  —  ETA 0s  —  0 failed so far
[OUTPUT] 2026-07-13T15:40:08.443970 skip_listing [train]:   231,500/262,500 checked (88%)  —  156680 checks/s  —  ETA 0s  —  0 failed so far
[OUTPUT] 2026-07-13T15:40:08.446731 skip_listing [train]:   232,000/262,500 checked (88%)  —  156726 checks/s  —  ETA 0s  —  0 failed so far
[OUTPUT] 2026-07-13T15:40:08.449803 skip_listing [train]:   232,500/262,500 checked (89%)  —  156738 checks/s  —  ETA 0s  —  0 failed so far
[OUTPUT] 2026-07-13T15:40:08.452810 skip_listing [train]:   233,000/262,500 checked (89%)  —  156758 checks/s  —  ETA 0s  —  0 failed so far
[OUTPUT] 2026-07-13T15:40:08.455468 skip_listing [train]:   233,500/262,500 checked (89%)  —  156814 checks/s  —  ETA 0s  —  0 failed so far
[OUTPUT] 2026-07-13T15:40:08.459942 skip_listing [train]:   234,000/262,500 checked (89%)  —  156679 checks/s  —  ETA 0s  —  0 failed so far
[OUTPUT] 2026-07-13T15:40:08.462882 skip_listing [train]:   234,500/262,500 checked (89%)  —  156705 checks/s  —  ETA 0s  —  0 failed so far
[OUTPUT] 2026-07-13T15:40:08.464851 skip_listing [train]:   235,000/262,500 checked (90%)  —  156833 checks/s  —  ETA 0s  —  0 failed so far
[OUTPUT] 2026-07-13T15:40:08.468769 skip_listing [train]:   235,500/262,500 checked (90%)  —  156757 checks/s  —  ETA 0s  —  0 failed so far
[OUTPUT] 2026-07-13T15:40:08.472730 skip_listing [train]:   236,000/262,500 checked (90%)  —  156676 checks/s  —  ETA 0s  —  0 failed so far
[OUTPUT] 2026-07-13T15:40:08.474904 skip_listing [train]:   236,500/262,500 checked (90%)  —  156782 checks/s  —  ETA 0s  —  0 failed so far
[OUTPUT] 2026-07-13T15:40:08.478297 skip_listing [train]:   237,000/262,500 checked (90%)  —  156761 checks/s  —  ETA 0s  —  0 failed so far
[OUTPUT] 2026-07-13T15:40:08.481443 skip_listing [train]:   237,500/262,500 checked (90%)  —  156765 checks/s  —  ETA 0s  —  0 failed so far
[OUTPUT] 2026-07-13T15:40:08.485172 skip_listing [train]:   238,000/262,500 checked (91%)  —  156710 checks/s  —  ETA 0s  —  0 failed so far
[OUTPUT] 2026-07-13T15:40:08.488636 skip_listing [train]:   238,500/262,500 checked (91%)  —  156681 checks/s  —  ETA 0s  —  0 failed so far
[OUTPUT] 2026-07-13T15:40:08.491936 skip_listing [train]:   239,000/262,500 checked (91%)  —  156670 checks/s  —  ETA 0s  —  0 failed so far
[OUTPUT] 2026-07-13T15:40:08.495443 skip_listing [train]:   239,500/262,500 checked (91%)  —  156638 checks/s  —  ETA 0s  —  0 failed so far
[OUTPUT] 2026-07-13T15:40:08.497796 skip_listing [train]:   240,000/262,500 checked (91%)  —  156724 checks/s  —  ETA 0s  —  0 failed so far
[OUTPUT] 2026-07-13T15:40:08.500342 skip_listing [train]:   240,500/262,500 checked (92%)  —  156790 checks/s  —  ETA 0s  —  0 failed so far
[OUTPUT] 2026-07-13T15:40:08.503672 skip_listing [train]:   241,000/262,500 checked (92%)  —  156775 checks/s  —  ETA 0s  —  0 failed so far
[OUTPUT] 2026-07-13T15:40:08.506809 skip_listing [train]:   241,500/262,500 checked (92%)  —  156781 checks/s  —  ETA 0s  —  0 failed so far
[OUTPUT] 2026-07-13T15:40:08.508780 skip_listing [train]:   242,000/262,500 checked (92%)  —  156904 checks/s  —  ETA 0s  —  0 failed so far
[OUTPUT] 2026-07-13T15:40:08.512085 skip_listing [train]:   242,500/262,500 checked (92%)  —  156892 checks/s  —  ETA 0s  —  0 failed so far
[OUTPUT] 2026-07-13T15:40:08.515800 skip_listing [train]:   243,000/262,500 checked (93%)  —  156839 checks/s  —  ETA 0s  —  0 failed so far
[OUTPUT] 2026-07-13T15:40:08.519006 skip_listing [train]:   243,500/262,500 checked (93%)  —  156837 checks/s  —  ETA 0s  —  0 failed so far
[OUTPUT] 2026-07-13T15:40:08.521314 skip_listing [train]:   244,000/262,500 checked (93%)  —  156926 checks/s  —  ETA 0s  —  0 failed so far
[OUTPUT] 2026-07-13T15:40:08.524034 skip_listing [train]:   244,500/262,500 checked (93%)  —  156973 checks/s  —  ETA 0s  —  0 failed so far
[OUTPUT] 2026-07-13T15:40:08.526511 skip_listing [train]:   245,000/262,500 checked (93%)  —  157044 checks/s  —  ETA 0s  —  0 failed so far
[OUTPUT] 2026-07-13T15:40:08.528707 skip_listing [train]:   245,500/262,500 checked (94%)  —  157143 checks/s  —  ETA 0s  —  0 failed so far
[OUTPUT] 2026-07-13T15:40:08.531079 skip_listing [train]:   246,000/262,500 checked (94%)  —  157225 checks/s  —  ETA 0s  —  0 failed so far
[OUTPUT] 2026-07-13T15:40:08.533283 skip_listing [train]:   246,500/262,500 checked (94%)  —  157323 checks/s  —  ETA 0s  —  0 failed so far
[OUTPUT] 2026-07-13T15:40:08.535253 skip_listing [train]:   247,000/262,500 checked (94%)  —  157444 checks/s  —  ETA 0s  —  0 failed so far
[OUTPUT] 2026-07-13T15:40:08.538464 skip_listing [train]:   247,500/262,500 checked (94%)  —  157440 checks/s  —  ETA 0s  —  0 failed so far
[OUTPUT] 2026-07-13T15:40:08.540607 skip_listing [train]:   248,000/262,500 checked (94%)  —  157544 checks/s  —  ETA 0s  —  0 failed so far
[OUTPUT] 2026-07-13T15:40:08.542951 skip_listing [train]:   248,500/262,500 checked (95%)  —  157627 checks/s  —  ETA 0s  —  0 failed so far
[OUTPUT] 2026-07-13T15:40:08.545461 skip_listing [train]:   249,000/262,500 checked (95%)  —  157693 checks/s  —  ETA 0s  —  0 failed so far
[OUTPUT] 2026-07-13T15:40:08.549534 skip_listing [train]:   249,500/262,500 checked (95%)  —  157603 checks/s  —  ETA 0s  —  0 failed so far
[OUTPUT] 2026-07-13T15:40:08.552648 skip_listing [train]:   250,000/262,500 checked (95%)  —  157609 checks/s  —  ETA 0s  —  0 failed so far
[OUTPUT] 2026-07-13T15:40:08.556002 skip_listing [train]:   250,500/262,500 checked (95%)  —  157591 checks/s  —  ETA 0s  —  0 failed so far
[OUTPUT] 2026-07-13T15:40:08.558134 skip_listing [train]:   251,000/262,500 checked (96%)  —  157694 checks/s  —  ETA 0s  —  0 failed so far
[OUTPUT] 2026-07-13T15:40:08.562166 skip_listing [train]:   251,500/262,500 checked (96%)  —  157609 checks/s  —  ETA 0s  —  0 failed so far
[OUTPUT] 2026-07-13T15:40:08.565031 skip_listing [train]:   252,000/262,500 checked (96%)  —  157639 checks/s  —  ETA 0s  —  0 failed so far
[OUTPUT] 2026-07-13T15:40:08.568416 skip_listing [train]:   252,500/262,500 checked (96%)  —  157618 checks/s  —  ETA 0s  —  0 failed so far
[OUTPUT] 2026-07-13T15:40:08.571536 skip_listing [train]:   253,000/262,500 checked (96%)  —  157623 checks/s  —  ETA 0s  —  0 failed so far
[OUTPUT] 2026-07-13T15:40:08.574663 skip_listing [train]:   253,500/262,500 checked (97%)  —  157627 checks/s  —  ETA 0s  —  0 failed so far
[OUTPUT] 2026-07-13T15:40:08.577261 skip_listing [train]:   254,000/262,500 checked (97%)  —  157684 checks/s  —  ETA 0s  —  0 failed so far
[OUTPUT] 2026-07-13T15:40:08.579670 skip_listing [train]:   254,500/262,500 checked (97%)  —  157758 checks/s  —  ETA 0s  —  0 failed so far
[OUTPUT] 2026-07-13T15:40:08.581620 skip_listing [train]:   255,000/262,500 checked (97%)  —  157877 checks/s  —  ETA 0s  —  0 failed so far
[OUTPUT] 2026-07-13T15:40:08.584680 skip_listing [train]:   255,500/262,500 checked (97%)  —  157888 checks/s  —  ETA 0s  —  0 failed so far
[OUTPUT] 2026-07-13T15:40:08.588037 skip_listing [train]:   256,000/262,500 checked (98%)  —  157869 checks/s  —  ETA 0s  —  0 failed so far
[OUTPUT] 2026-07-13T15:40:08.591490 skip_listing [train]:   256,500/262,500 checked (98%)  —  157841 checks/s  —  ETA 0s  —  0 failed so far
[OUTPUT] 2026-07-13T15:40:08.593437 skip_listing [train]:   257,000/262,500 checked (98%)  —  157960 checks/s  —  ETA 0s  —  0 failed so far
[OUTPUT] 2026-07-13T15:40:08.596052 skip_listing [train]:   257,500/262,500 checked (98%)  —  158013 checks/s  —  ETA 0s  —  0 failed so far
[OUTPUT] 2026-07-13T15:40:08.599540 skip_listing [train]:   258,000/262,500 checked (98%)  —  157982 checks/s  —  ETA 0s  —  0 failed so far
[OUTPUT] 2026-07-13T15:40:08.601820 skip_listing [train]:   258,500/262,500 checked (98%)  —  158067 checks/s  —  ETA 0s  —  0 failed so far
[OUTPUT] 2026-07-13T15:40:08.605381 skip_listing [train]:   259,000/262,500 checked (99%)  —  158029 checks/s  —  ETA 0s  —  0 failed so far
[OUTPUT] 2026-07-13T15:40:08.607747 skip_listing [train]:   259,500/262,500 checked (99%)  —  158106 checks/s  —  ETA 0s  —  0 failed so far
[OUTPUT] 2026-07-13T15:40:08.610737 skip_listing [train]:   260,000/262,500 checked (99%)  —  158122 checks/s  —  ETA 0s  —  0 failed so far
[OUTPUT] 2026-07-13T15:40:08.613255 skip_listing [train]:   260,500/262,500 checked (99%)  —  158184 checks/s  —  ETA 0s  —  0 failed so far
[OUTPUT] 2026-07-13T15:40:08.616858 skip_listing [train]:   261,000/262,500 checked (99%)  —  158142 checks/s  —  ETA 0s  —  0 failed so far
[OUTPUT] 2026-07-13T15:40:08.620226 skip_listing [train]:   261,500/262,500 checked (100%)  —  158122 checks/s  —  ETA 0s  —  0 failed so far
[OUTPUT] 2026-07-13T15:40:08.624314 skip_listing [train]:   262,000/262,500 checked (100%)  —  158034 checks/s  —  ETA 0s  —  0 failed so far
[OUTPUT] 2026-07-13T15:40:08.628601 skip_listing [train]: validation complete — all 262,500 samples exist (1.7s, 157927 checks/s); 4,375 URIs ready for rank 0 (262,500 total across all ranks)
[OUTPUT] 2026-07-13T15:40:08.628649 File listing [train]: 262500 files discovered, 4375 assigned to rank 0, completed in 1.68s
[OUTPUT] 2026-07-13T15:40:08.628671 skip_listing [valid]: generated 0 file URIs deterministically (0 total — validation disabled)
[OUTPUT] 2026-07-13T15:40:08.628685 File listing [valid]: 0 files discovered, 0 assigned to rank 0, completed in 0.00s
[OUTPUT] 2026-07-13T15:40:08.628696 Streamed file sharding: 262500 train files across 60 ranks via round-robin (rank 0 shard: 4375 files)
[OUTPUT] 2026-07-13T15:40:18.053721 Max steps per epoch per rank: 37500 = 1 * 262500 / 7 (samples per file * local files / batch size)
[OUTPUT] 2026-07-13T15:40:18.163167 Reshard for epoch 1: 4375 train files, 0 eval files redistributed via alltoall in 0.11s
[OUTPUT] 2026-07-13T15:40:18.907328 Worker pre-warm complete (2 workers spawned)
[OUTPUT] 2026-07-13T15:40:19.251025 Starting epoch 1: 625 steps expected
[OUTPUT] 2026-07-13T15:40:19.251298 Starting block 1
[OUTPUT] 2026-07-13T15:42:10.589300 Ending block 1 - 625 steps completed in 111.34 s
[OUTPUT] 2026-07-13T15:42:10.591238 Epoch 1 - Block 1 [Training] Accelerator Utilization [AU] (%): 91.3571
[OUTPUT] 2026-07-13T15:42:10.591286 Epoch 1 - Block 1 [Training] Throughput (samples/second): 2367.0954
[OUTPUT] 2026-07-13T15:42:10.593183 Epoch 1 - Block 1 [Training] Computation time per step (second): 0.1621+/-0.0000 (set value: {'mean': 0.162})
[OUTPUT] 2026-07-13T15:42:10.605033 Ending epoch 1 - 625 steps completed in 111.35 s
[OUTPUT] 2026-07-13T15:42:10.666001 Reshard for epoch 2: 4375 train files, 0 eval files redistributed via alltoall in 0.06s
[OUTPUT] 2026-07-13T15:42:11.237682 Worker pre-warm complete for epoch 2 (2 workers spawned)
[OUTPUT] 2026-07-13T15:42:12.246968 Starting epoch 2: 625 steps expected
[OUTPUT] 2026-07-13T15:42:12.247223 Starting block 1
[OUTPUT] 2026-07-13T15:44:03.680516 Ending block 1 - 625 steps completed in 111.43 s
[OUTPUT] 2026-07-13T15:44:03.681657 Epoch 2 - Block 1 [Training] Accelerator Utilization [AU] (%): 91.2588
[OUTPUT] 2026-07-13T15:44:03.681705 Epoch 2 - Block 1 [Training] Throughput (samples/second): 2364.5332
[OUTPUT] 2026-07-13T15:44:03.681842 Epoch 2 - Block 1 [Training] Computation time per step (second): 0.1621+/-0.0000 (set value: {'mean': 0.162})
[OUTPUT] 2026-07-13T15:44:03.703624 Ending epoch 2 - 625 steps completed in 111.46 s
[OUTPUT] 2026-07-13T15:44:03.764372 Reshard for epoch 3: 4375 train files, 0 eval files redistributed via alltoall in 0.06s
[OUTPUT] 2026-07-13T15:44:04.304792 Worker pre-warm complete for epoch 3 (2 workers spawned)
[OUTPUT] 2026-07-13T15:44:05.214813 Starting epoch 3: 625 steps expected
[OUTPUT] 2026-07-13T15:44:05.215135 Starting block 1
[OUTPUT] 2026-07-13T15:45:56.518645 Ending block 1 - 625 steps completed in 111.30 s
[OUTPUT] 2026-07-13T15:45:56.519825 Epoch 3 - Block 1 [Training] Accelerator Utilization [AU] (%): 91.4220
[OUTPUT] 2026-07-13T15:45:56.519872 Epoch 3 - Block 1 [Training] Throughput (samples/second): 2368.8143
[OUTPUT] 2026-07-13T15:45:56.519999 Epoch 3 - Block 1 [Training] Computation time per step (second): 0.1621+/-0.0000 (set value: {'mean': 0.162})
[OUTPUT] 2026-07-13T15:45:56.527492 Ending epoch 3 - 625 steps completed in 111.31 s
[OUTPUT] 2026-07-13T15:45:56.589052 Reshard for epoch 4: 4375 train files, 0 eval files redistributed via alltoall in 0.06s
[OUTPUT] 2026-07-13T15:45:57.210588 Worker pre-warm complete for epoch 4 (2 workers spawned)
[OUTPUT] 2026-07-13T15:45:58.267620 Starting epoch 4: 625 steps expected
[OUTPUT] 2026-07-13T15:45:58.267873 Starting block 1
[OUTPUT] 2026-07-13T15:47:49.535154 Ending block 1 - 625 steps completed in 111.27 s
[OUTPUT] 2026-07-13T15:47:49.536239 Epoch 4 - Block 1 [Training] Accelerator Utilization [AU] (%): 91.4536
[OUTPUT] 2026-07-13T15:47:49.536272 Epoch 4 - Block 1 [Training] Throughput (samples/second): 2369.6467
[OUTPUT] 2026-07-13T15:47:49.536394 Epoch 4 - Block 1 [Training] Computation time per step (second): 0.1621+/-0.0000 (set value: {'mean': 0.162})
[OUTPUT] 2026-07-13T15:47:49.573571 Ending epoch 4 - 625 steps completed in 111.31 s
[OUTPUT] 2026-07-13T15:47:49.634098 Reshard for epoch 5: 4375 train files, 0 eval files redistributed via alltoall in 0.06s
[OUTPUT] 2026-07-13T15:47:50.223507 Worker pre-warm complete for epoch 5 (2 workers spawned)
[OUTPUT] 2026-07-13T15:47:51.154761 Starting epoch 5: 625 steps expected
[OUTPUT] 2026-07-13T15:47:51.155011 Starting block 1
[OUTPUT] 2026-07-13T15:49:42.423558 Ending block 1 - 625 steps completed in 111.27 s
[OUTPUT] 2026-07-13T15:49:42.424628 Epoch 5 - Block 1 [Training] Accelerator Utilization [AU] (%): 91.3899
[OUTPUT] 2026-07-13T15:49:42.424661 Epoch 5 - Block 1 [Training] Throughput (samples/second): 2367.9887
[OUTPUT] 2026-07-13T15:49:42.424784 Epoch 5 - Block 1 [Training] Computation time per step (second): 0.1621+/-0.0000 (set value: {'mean': 0.162})
[OUTPUT] 2026-07-13T15:49:42.429082 Ending epoch 5 - 625 steps completed in 111.27 s
[OUTPUT] 2026-07-13T15:49:42.489008 Reshard for epoch 6: 4375 train files, 0 eval files redistributed via alltoall in 0.06s
[OUTPUT] 2026-07-13T15:49:43.078425 Worker pre-warm complete for epoch 6 (2 workers spawned)
[OUTPUT] 2026-07-13T15:49:43.110925 Saved outputs in /root/Suzhou_Zishan_Longlin/closed/Suzhou_Zishan_Longlin/results/GalaxSphere-3Tier0/training/unet3d/run/20260713_153943
[OUTPUT] Averaged metric over all steps/epochs
[METRIC] ==========================================================
[METRIC] Number of Simulated Accelerators: 60 
[METRIC] Training Accelerator Utilization [AU] (%): 91.3622 (0.0573)
[METRIC] Training Throughput (samples/second): 2367.2882 (1.4840)
[METRIC] Training I/O Throughput (MiB/second): 330968.8005 (207.4765)
[METRIC] train_au_meet_expectation: success
[METRIC] ==========================================================

[OUTPUT] 2026-07-13T15:49:43.208028 outputs saved in RANKID_output.json
