/home/alto/Desktop/storage/vdb_benchmark/vdbbench/connection.py:63: PyMilvusDeprecationWarning: `connections.connect` is an ORM-style PyMilvus API and will be removed in PyMilvus 3.1. Use `MilvusClient` instead.
  connections.connect(
/home/alto/Desktop/storage/vdb_benchmark/vdbbench/simple_bench.py:1362: PyMilvusDeprecationWarning: `Collection` is an ORM-style PyMilvus API and will be removed in PyMilvus 3.1. Use `MilvusClient` instead.
  collection = Collection(collection_name)
/home/alto/Desktop/storage/vdb_benchmark/vdbbench/simple_bench.py:1371: PyMilvusDeprecationWarning: `utility.load_state` is an ORM-style PyMilvus API and will be removed in PyMilvus 3.1. Use `MilvusClient` instead.
  state = utility.load_state(collection_name)
/home/alto/Desktop/storage/vdb_benchmark/vdbbench/list_collections.py:78: PyMilvusDeprecationWarning: `Collection` is an ORM-style PyMilvus API and will be removed in PyMilvus 3.1. Use `MilvusClient` instead.
  collection = Collection(collection_name)
/home/alto/Desktop/storage/vdb_benchmark/vdbbench/list_collections.py:82: PyMilvusDeprecationWarning: `Collection.num_entities` is an ORM-style PyMilvus API and will be removed in PyMilvus 3.1. Use `MilvusClient` instead.
  row_count = collection.num_entities
/home/alto/Desktop/storage/vdb_benchmark/vdbbench/list_collections.py:95: PyMilvusDeprecationWarning: `Collection.has_index` is an ORM-style PyMilvus API and will be removed in PyMilvus 3.1. Use `MilvusClient` instead.
  if collection.has_index():
/home/alto/Desktop/storage/vdb_benchmark/vdbbench/list_collections.py:96: PyMilvusDeprecationWarning: `Collection.index` is an ORM-style PyMilvus API and will be removed in PyMilvus 3.1. Use `MilvusClient` instead.
  index = collection.index()
/home/alto/Desktop/storage/vdb_benchmark/vdbbench/list_collections.py:105: PyMilvusDeprecationWarning: `Collection.partitions` is an ORM-style PyMilvus API and will be removed in PyMilvus 3.1. Use `MilvusClient` instead.
  partitions = collection.partitions
/home/alto/Desktop/storage/vdb_benchmark/vdbbench/simple_bench.py:1669: PyMilvusDeprecationWarning: `connections.disconnect` is an ORM-style PyMilvus API and will be removed in PyMilvus 3.1. Use `MilvusClient` instead.
  connections.disconnect("default")
/home/alto/Desktop/storage/vdb_benchmark/vdbbench/simple_bench.py:1736: PyMilvusDeprecationWarning: `Collection` is an ORM-style PyMilvus API and will be removed in PyMilvus 3.1. Use `MilvusClient` instead.
  src_coll = Collection(args.collection_name)
/home/alto/Desktop/storage/vdb_benchmark/vdbbench/simple_bench.py:1738: PyMilvusDeprecationWarning: `connections.disconnect` is an ORM-style PyMilvus API and will be removed in PyMilvus 3.1. Use `MilvusClient` instead.
  connections.disconnect("default")
/home/alto/Desktop/storage/vdb_benchmark/vdbbench/simple_bench.py:418: PyMilvusDeprecationWarning: `utility.has_collection` is an ORM-style PyMilvus API and will be removed in PyMilvus 3.1. Use `MilvusClient` instead.
  if utility.has_collection(flat_collection_name, using=conn_alias):
/home/alto/Desktop/storage/vdb_benchmark/vdbbench/simple_bench.py:419: PyMilvusDeprecationWarning: `Collection` is an ORM-style PyMilvus API and will be removed in PyMilvus 3.1. Use `MilvusClient` instead.
  flat_coll = Collection(flat_collection_name, using=conn_alias)
/home/alto/Desktop/storage/vdb_benchmark/vdbbench/simple_bench.py:420: PyMilvusDeprecationWarning: `Collection` is an ORM-style PyMilvus API and will be removed in PyMilvus 3.1. Use `MilvusClient` instead.
  source_coll = Collection(source_collection_name, using=conn_alias)
/home/alto/Desktop/storage/vdb_benchmark/vdbbench/simple_bench.py:422: PyMilvusDeprecationWarning: `Collection.num_entities` is an ORM-style PyMilvus API and will be removed in PyMilvus 3.1. Use `MilvusClient` instead.
  if flat_coll.num_entities > 0 and (
/home/alto/Desktop/storage/vdb_benchmark/vdbbench/simple_bench.py:423: PyMilvusDeprecationWarning: `Collection.num_entities` is an ORM-style PyMilvus API and will be removed in PyMilvus 3.1. Use `MilvusClient` instead.
  flat_coll.num_entities == source_coll.num_entities
/home/alto/Desktop/storage/vdb_benchmark/vdbbench/simple_bench.py:427: PyMilvusDeprecationWarning: `Collection.num_entities` is an ORM-style PyMilvus API and will be removed in PyMilvus 3.1. Use `MilvusClient` instead.
  f"with {flat_coll.num_entities} vectors, reusing it."
/home/alto/Desktop/storage/vdb_benchmark/vdbbench/simple_bench.py:429: PyMilvusDeprecationWarning: `Collection.load` is an ORM-style PyMilvus API and will be removed in PyMilvus 3.1. Use `MilvusClient` instead.
  flat_coll.load()
/home/alto/Desktop/storage/vdb_benchmark/vdbbench/simple_bench.py:433: PyMilvusDeprecationWarning: `Collection.num_entities` is an ORM-style PyMilvus API and will be removed in PyMilvus 3.1. Use `MilvusClient` instead.
  total_vectors=source_coll.num_entities,
/home/alto/Desktop/storage/vdb_benchmark/vdbbench/simple_bench.py:434: PyMilvusDeprecationWarning: `Collection.num_entities` is an ORM-style PyMilvus API and will be removed in PyMilvus 3.1. Use `MilvusClient` instead.
  copied_vectors=flat_coll.num_entities,
/home/alto/Desktop/storage/vdb_benchmark/vdbbench/simple_bench.py:766: PyMilvusDeprecationWarning: `connections.disconnect` is an ORM-style PyMilvus API and will be removed in PyMilvus 3.1. Use `MilvusClient` instead.
  connections.disconnect(conn_alias)
/home/alto/Desktop/storage/vdb_benchmark/vdbbench/simple_bench.py:793: PyMilvusDeprecationWarning: `Collection` is an ORM-style PyMilvus API and will be removed in PyMilvus 3.1. Use `MilvusClient` instead.
  flat_coll = Collection(flat_collection_name, using=conn_alias)
/home/alto/Desktop/storage/vdb_benchmark/vdbbench/simple_bench.py:794: PyMilvusDeprecationWarning: `Collection.load` is an ORM-style PyMilvus API and will be removed in PyMilvus 3.1. Use `MilvusClient` instead.
  flat_coll.load()
/home/alto/Desktop/storage/vdb_benchmark/vdbbench/simple_bench.py:796: PyMilvusDeprecationWarning: `Collection.num_entities` is an ORM-style PyMilvus API and will be removed in PyMilvus 3.1. Use `MilvusClient` instead.
  entity_count = flat_coll.num_entities
/home/alto/Desktop/storage/vdb_benchmark/vdbbench/simple_bench.py:821: PyMilvusDeprecationWarning: `Collection.search` is an ORM-style PyMilvus API and will be removed in PyMilvus 3.1. Use `MilvusClient` instead.
  results = flat_coll.search(
/home/alto/Desktop/storage/vdb_benchmark/vdbbench/simple_bench.py:863: PyMilvusDeprecationWarning: `connections.disconnect` is an ORM-style PyMilvus API and will be removed in PyMilvus 3.1. Use `MilvusClient` instead.
  connections.disconnect(conn_alias)
/home/alto/Desktop/storage/vdb_benchmark/vdbbench/simple_bench.py:1067: PyMilvusDeprecationWarning: `Collection` is an ORM-style PyMilvus API and will be removed in PyMilvus 3.1. Use `MilvusClient` instead.
  collection = Collection(collection_name)
/home/alto/Desktop/storage/vdb_benchmark/vdbbench/simple_bench.py:1069: PyMilvusDeprecationWarning: `Collection.load` is an ORM-style PyMilvus API and will be removed in PyMilvus 3.1. Use `MilvusClient` instead.
  collection.load()
/home/alto/Desktop/storage/vdb_benchmark/vdbbench/simple_bench.py:1127: PyMilvusDeprecationWarning: `Collection.search` is an ORM-style PyMilvus API and will be removed in PyMilvus 3.1. Use `MilvusClient` instead.
  results = collection.search(
/home/alto/Desktop/storage/vdb_benchmark/vdbbench/simple_bench.py:1185: PyMilvusDeprecationWarning: `connections.disconnect` is an ORM-style PyMilvus API and will be removed in PyMilvus 3.1. Use `MilvusClient` instead.
  connections.disconnect("default")
