[OUTPUT] [DEBUG DLIOBenchmark.__init__] After LoadConfig:
[OUTPUT]   storage_type   = <StorageType.LOCAL_FS: 'local_fs'>
[OUTPUT]   storage_root   = './'
[OUTPUT]   storage_options= None
[OUTPUT]   data_folder    = '/mnt/5336_61t/unet3d'
[OUTPUT]   framework      = <FrameworkType.PYTORCH: 'pytorch'>
[OUTPUT]   num_files_train= 14000
[OUTPUT]   record_length  = 146600628
[OUTPUT]   generate_data  = False
[OUTPUT]   do_train       = True
[OUTPUT]   do_checkpoint  = False
[OUTPUT]   epochs         = 5
[OUTPUT]   batch_size     = 7
[OUTPUT] 2026-07-12T13:47:15.911698 Running DLIO [Training] with 1 process(es)
[OUTPUT] 2026-07-12T13:47:15.943713 skip_listing [train]: validating 1,401 of 14,000 files (first, last, every 10) via HEAD requests ...
[OUTPUT] 2026-07-12T13:47:15.950211 skip_listing [train]:   140/1,401 checked (10%)  —  21716 checks/s  —  ETA 0s  —  0 failed so far
[OUTPUT] 2026-07-12T13:47:15.955501 skip_listing [train]:   280/1,401 checked (20%)  —  23856 checks/s  —  ETA 0s  —  0 failed so far
[OUTPUT] 2026-07-12T13:47:15.962034 skip_listing [train]:   420/1,401 checked (30%)  —  22987 checks/s  —  ETA 0s  —  0 failed so far
[OUTPUT] 2026-07-12T13:47:15.966789 skip_listing [train]:   560/1,401 checked (40%)  —  24321 checks/s  —  ETA 0s  —  0 failed so far
[OUTPUT] 2026-07-12T13:47:15.972236 skip_listing [train]:   700/1,401 checked (50%)  —  24585 checks/s  —  ETA 0s  —  0 failed so far
[OUTPUT] 2026-07-12T13:47:15.977172 skip_listing [train]:   840/1,401 checked (60%)  —  25143 checks/s  —  ETA 0s  —  0 failed so far
[OUTPUT] 2026-07-12T13:47:15.982392 skip_listing [train]:   980/1,401 checked (70%)  —  25370 checks/s  —  ETA 0s  —  0 failed so far
[OUTPUT] 2026-07-12T13:47:15.988436 skip_listing [train]:   1,120/1,401 checked (80%)  —  25071 checks/s  —  ETA 0s  —  0 failed so far
[OUTPUT] 2026-07-12T13:47:15.994568 skip_listing [train]:   1,260/1,401 checked (90%)  —  24801 checks/s  —  ETA 0s  —  0 failed so far
[OUTPUT] 2026-07-12T13:47:16.000372 skip_listing [train]:   1,400/1,401 checked (100%)  —  24731 checks/s  —  ETA 0s  —  0 failed so far
[OUTPUT] 2026-07-12T13:47:16.000392 skip_listing [train]: validation complete — all 1,401 samples exist (0.1s, 24740 checks/s); 14,000 URIs ready for rank 0 (14,000 total across all ranks)
[OUTPUT] 2026-07-12T13:47:16.000462 File listing [train]: 14000 files discovered, 14000 assigned to rank 0, completed in 0.08s
[OUTPUT] 2026-07-12T13:47:16.000484 skip_listing [valid]: generated 0 file URIs deterministically (0 total — validation disabled)
[OUTPUT] 2026-07-12T13:47:16.000501 File listing [valid]: 0 files discovered, 0 assigned to rank 0, completed in 0.00s
[OUTPUT] 2026-07-12T13:47:16.000514 Streamed file sharding: 14000 train files across 1 ranks via round-robin (rank 0 shard: 14000 files)
[OUTPUT] 2026-07-12T13:47:16.173068 Max steps per epoch per rank: 2000 = 1 * 14000 / 7 (samples per file * local files / batch size)
[OUTPUT] 2026-07-12T13:47:16.174613 Reshard for epoch 1: 14000 train files, 0 eval files redistributed via alltoall in 0.00s
[OUTPUT] 2026-07-12T13:47:17.383264 Worker pre-warm complete (4 workers spawned)
[OUTPUT] 2026-07-12T13:47:17.434482 Starting epoch 1: 2000 steps expected
[OUTPUT] 2026-07-12T13:47:17.434712 Starting block 1
[OUTPUT] 2026-07-12T13:52:50.308449 Ending block 1 - 2000 steps completed in 332.87 s
[OUTPUT] 2026-07-12T13:52:50.312516 Epoch 1 - Block 1 [Training] Accelerator Utilization [AU] (%): 97.5865
[OUTPUT] 2026-07-12T13:52:50.312547 Epoch 1 - Block 1 [Training] Throughput (samples/second): 42.1461
[OUTPUT] 2026-07-12T13:52:50.313378 Epoch 1 - Block 1 [Training] Computation time per step (second): 0.1621+/-0.0000 (set value: {'mean': 0.162})
[OUTPUT] 2026-07-12T13:52:50.314213 Ending epoch 1 - 2000 steps completed in 332.88 s
[OUTPUT] 2026-07-12T13:52:50.316341 Reshard for epoch 2: 14000 train files, 0 eval files redistributed via alltoall in 0.00s
[OUTPUT] 2026-07-12T13:52:51.054711 Worker pre-warm complete for epoch 2 (4 workers spawned)
[OUTPUT] 2026-07-12T13:52:51.266502 Starting epoch 2: 2000 steps expected
[OUTPUT] 2026-07-12T13:52:51.266924 Starting block 1
[OUTPUT] 2026-07-12T13:58:23.013803 Ending block 1 - 2000 steps completed in 331.75 s
[OUTPUT] 2026-07-12T13:58:23.015470 Epoch 2 - Block 1 [Training] Accelerator Utilization [AU] (%): 97.9195
[OUTPUT] 2026-07-12T13:58:23.015510 Epoch 2 - Block 1 [Training] Throughput (samples/second): 42.2905
[OUTPUT] 2026-07-12T13:58:23.015826 Epoch 2 - Block 1 [Training] Computation time per step (second): 0.1621+/-0.0000 (set value: {'mean': 0.162})
[OUTPUT] 2026-07-12T13:58:23.016854 Ending epoch 2 - 2000 steps completed in 331.75 s
[OUTPUT] 2026-07-12T13:58:23.019038 Reshard for epoch 3: 14000 train files, 0 eval files redistributed via alltoall in 0.00s
[OUTPUT] 2026-07-12T13:58:23.781894 Worker pre-warm complete for epoch 3 (4 workers spawned)
[OUTPUT] 2026-07-12T13:58:24.015642 Starting epoch 3: 2000 steps expected
[OUTPUT] 2026-07-12T13:58:24.016028 Starting block 1
[OUTPUT] 2026-07-12T14:03:56.014701 Ending block 1 - 2000 steps completed in 332.00 s
[OUTPUT] 2026-07-12T14:03:56.017305 Epoch 3 - Block 1 [Training] Accelerator Utilization [AU] (%): 97.8708
[OUTPUT] 2026-07-12T14:03:56.017368 Epoch 3 - Block 1 [Training] Throughput (samples/second): 42.2688
[OUTPUT] 2026-07-12T14:03:56.017687 Epoch 3 - Block 1 [Training] Computation time per step (second): 0.1621+/-0.0000 (set value: {'mean': 0.162})
[OUTPUT] 2026-07-12T14:03:56.019075 Ending epoch 3 - 2000 steps completed in 332.00 s
[OUTPUT] 2026-07-12T14:03:56.021116 Reshard for epoch 4: 14000 train files, 0 eval files redistributed via alltoall in 0.00s
[OUTPUT] 2026-07-12T14:03:57.084570 Worker pre-warm complete for epoch 4 (4 workers spawned)
[OUTPUT] 2026-07-12T14:03:57.312055 Starting epoch 4: 2000 steps expected
[OUTPUT] 2026-07-12T14:03:57.312405 Starting block 1
[OUTPUT] 2026-07-12T14:09:29.795237 Ending block 1 - 2000 steps completed in 332.48 s
[OUTPUT] 2026-07-12T14:09:29.796633 Epoch 4 - Block 1 [Training] Accelerator Utilization [AU] (%): 97.6920
[OUTPUT] 2026-07-12T14:09:29.796660 Epoch 4 - Block 1 [Training] Throughput (samples/second): 42.1920
[OUTPUT] 2026-07-12T14:09:29.796846 Epoch 4 - Block 1 [Training] Computation time per step (second): 0.1621+/-0.0000 (set value: {'mean': 0.162})
[OUTPUT] 2026-07-12T14:09:29.797929 Ending epoch 4 - 2000 steps completed in 332.49 s
[OUTPUT] 2026-07-12T14:09:29.800008 Reshard for epoch 5: 14000 train files, 0 eval files redistributed via alltoall in 0.00s
[OUTPUT] 2026-07-12T14:09:30.846297 Worker pre-warm complete for epoch 5 (4 workers spawned)
[OUTPUT] 2026-07-12T14:09:31.068135 Starting epoch 5: 2000 steps expected
[OUTPUT] 2026-07-12T14:09:31.068494 Starting block 1
[OUTPUT] 2026-07-12T14:15:03.451277 Ending block 1 - 2000 steps completed in 332.38 s
[OUTPUT] 2026-07-12T14:15:03.452615 Epoch 5 - Block 1 [Training] Accelerator Utilization [AU] (%): 97.7259
[OUTPUT] 2026-07-12T14:15:03.452649 Epoch 5 - Block 1 [Training] Throughput (samples/second): 42.2073
[OUTPUT] 2026-07-12T14:15:03.452845 Epoch 5 - Block 1 [Training] Computation time per step (second): 0.1621+/-0.0000 (set value: {'mean': 0.162})
[OUTPUT] 2026-07-12T14:15:03.453962 Ending epoch 5 - 2000 steps completed in 332.39 s
[OUTPUT] 2026-07-12T14:15:03.456280 Reshard for epoch 6: 14000 train files, 0 eval files redistributed via alltoall in 0.00s
[OUTPUT] 2026-07-12T14:15:04.522632 Worker pre-warm complete for epoch 6 (4 workers spawned)
[OUTPUT] 2026-07-12T14:15:04.523736 Saved outputs in /etc/cwp/log/workload/5961/2026-07-12-13-36-45-da71b3c3-55fe-47b6-874c-ff506bba6875/results/closed/Solidigm/results/Solidigm_D5-P5336_61TB_Gen4_NVMe_QLC/training/unet3d/run/20260712_134711
[OUTPUT] Averaged metric over all steps/epochs
[METRIC] ==========================================================
[METRIC] Number of Simulated Accelerators: 1 
[METRIC] Training Accelerator Utilization [AU] (%): 97.7589 (0.1213)
[METRIC] Training Throughput (samples/second): 42.2209 (0.0525)
[METRIC] Training I/O Throughput (MiB/second): 5902.8766 (7.3346)
[METRIC] train_au_meet_expectation: success
[METRIC] ==========================================================

[OUTPUT] 2026-07-12T14:15:04.541576 outputs saved in RANKID_output.json
