[OUTPUT] [DEBUG DLIOBenchmark.__init__] After LoadConfig:
[OUTPUT]   storage_type   = <StorageType.LOCAL_FS: 'local_fs'>
[OUTPUT]   storage_root   = './'
[OUTPUT]   storage_options= None
[OUTPUT]   data_folder    = '/mnt/mlp/unet3d_data/unet3d'
[OUTPUT]   framework      = <FrameworkType.PYTORCH: 'pytorch'>
[OUTPUT]   num_files_train= 37500
[OUTPUT]   record_length  = 146600628
[OUTPUT]   generate_data  = False
[OUTPUT]   do_train       = True
[OUTPUT]   do_checkpoint  = False
[OUTPUT]   epochs         = 5
[OUTPUT]   batch_size     = 7
[OUTPUT] 2026-07-09T04:38:32.100060 Running DLIO [Training] with 4 process(es)
[OUTPUT] 2026-07-09T04:38:32.143749 skip_listing [train]: validating 37,500 of 37,500 files (first, last, every 1) via HEAD requests ...
[OUTPUT] 2026-07-09T04:38:32.280358 skip_listing [train]:   500/37,500 checked (1%)  —  3664 checks/s  —  ETA 10s  —  0 failed so far
[OUTPUT] 2026-07-09T04:38:32.415737 skip_listing [train]:   1,000/37,500 checked (3%)  —  3678 checks/s  —  ETA 10s  —  0 failed so far
[OUTPUT] 2026-07-09T04:38:32.548654 skip_listing [train]:   1,500/37,500 checked (4%)  —  3706 checks/s  —  ETA 10s  —  0 failed so far
[OUTPUT] 2026-07-09T04:38:32.687134 skip_listing [train]:   2,000/37,500 checked (5%)  —  3681 checks/s  —  ETA 10s  —  0 failed so far
[OUTPUT] 2026-07-09T04:38:32.810880 skip_listing [train]:   2,500/37,500 checked (7%)  —  3748 checks/s  —  ETA 9s  —  0 failed so far
[OUTPUT] 2026-07-09T04:38:32.940740 skip_listing [train]:   3,000/37,500 checked (8%)  —  3765 checks/s  —  ETA 9s  —  0 failed so far
[OUTPUT] 2026-07-09T04:38:33.066577 skip_listing [train]:   3,500/37,500 checked (9%)  —  3793 checks/s  —  ETA 9s  —  0 failed so far
[OUTPUT] 2026-07-09T04:38:33.203489 skip_listing [train]:   4,000/37,500 checked (11%)  —  3775 checks/s  —  ETA 9s  —  0 failed so far
[OUTPUT] 2026-07-09T04:38:33.329325 skip_listing [train]:   4,500/37,500 checked (12%)  —  3796 checks/s  —  ETA 9s  —  0 failed so far
[OUTPUT] 2026-07-09T04:38:33.452985 skip_listing [train]:   5,000/37,500 checked (13%)  —  3819 checks/s  —  ETA 9s  —  0 failed so far
[OUTPUT] 2026-07-09T04:38:33.584346 skip_listing [train]:   5,500/37,500 checked (15%)  —  3818 checks/s  —  ETA 8s  —  0 failed so far
[OUTPUT] 2026-07-09T04:38:33.706015 skip_listing [train]:   6,000/37,500 checked (16%)  —  3841 checks/s  —  ETA 8s  —  0 failed so far
[OUTPUT] 2026-07-09T04:38:33.828291 skip_listing [train]:   6,500/37,500 checked (17%)  —  3859 checks/s  —  ETA 8s  —  0 failed so far
[OUTPUT] 2026-07-09T04:38:33.950437 skip_listing [train]:   7,000/37,500 checked (19%)  —  3875 checks/s  —  ETA 8s  —  0 failed so far
[OUTPUT] 2026-07-09T04:38:34.070987 skip_listing [train]:   7,500/37,500 checked (20%)  —  3892 checks/s  —  ETA 8s  —  0 failed so far
[OUTPUT] 2026-07-09T04:38:34.191293 skip_listing [train]:   8,000/37,500 checked (21%)  —  3907 checks/s  —  ETA 8s  —  0 failed so far
[OUTPUT] 2026-07-09T04:38:34.312072 skip_listing [train]:   8,500/37,500 checked (23%)  —  3920 checks/s  —  ETA 7s  —  0 failed so far
[OUTPUT] 2026-07-09T04:38:34.436065 skip_listing [train]:   9,000/37,500 checked (24%)  —  3926 checks/s  —  ETA 7s  —  0 failed so far
[OUTPUT] 2026-07-09T04:38:34.561643 skip_listing [train]:   9,500/37,500 checked (25%)  —  3929 checks/s  —  ETA 7s  —  0 failed so far
[OUTPUT] 2026-07-09T04:38:34.684600 skip_listing [train]:   10,000/37,500 checked (27%)  —  3936 checks/s  —  ETA 7s  —  0 failed so far
[OUTPUT] 2026-07-09T04:38:34.806287 skip_listing [train]:   10,500/37,500 checked (28%)  —  3944 checks/s  —  ETA 7s  —  0 failed so far
[OUTPUT] 2026-07-09T04:38:34.927315 skip_listing [train]:   11,000/37,500 checked (29%)  —  3952 checks/s  —  ETA 7s  —  0 failed so far
[OUTPUT] 2026-07-09T04:38:35.047800 skip_listing [train]:   11,500/37,500 checked (31%)  —  3960 checks/s  —  ETA 7s  —  0 failed so far
[OUTPUT] 2026-07-09T04:38:35.171421 skip_listing [train]:   12,000/37,500 checked (32%)  —  3964 checks/s  —  ETA 6s  —  0 failed so far
[OUTPUT] 2026-07-09T04:38:35.293688 skip_listing [train]:   12,500/37,500 checked (33%)  —  3968 checks/s  —  ETA 6s  —  0 failed so far
[OUTPUT] 2026-07-09T04:38:35.415286 skip_listing [train]:   13,000/37,500 checked (35%)  —  3974 checks/s  —  ETA 6s  —  0 failed so far
[OUTPUT] 2026-07-09T04:38:35.537313 skip_listing [train]:   13,500/37,500 checked (36%)  —  3978 checks/s  —  ETA 6s  —  0 failed so far
[OUTPUT] 2026-07-09T04:38:35.659346 skip_listing [train]:   14,000/37,500 checked (37%)  —  3982 checks/s  —  ETA 6s  —  0 failed so far
[OUTPUT] 2026-07-09T04:38:35.781557 skip_listing [train]:   14,500/37,500 checked (39%)  —  3986 checks/s  —  ETA 6s  —  0 failed so far
[OUTPUT] 2026-07-09T04:38:35.903764 skip_listing [train]:   15,000/37,500 checked (40%)  —  3989 checks/s  —  ETA 6s  —  0 failed so far
[OUTPUT] 2026-07-09T04:38:36.024791 skip_listing [train]:   15,500/37,500 checked (41%)  —  3994 checks/s  —  ETA 6s  —  0 failed so far
[OUTPUT] 2026-07-09T04:38:36.146871 skip_listing [train]:   16,000/37,500 checked (43%)  —  3997 checks/s  —  ETA 5s  —  0 failed so far
[OUTPUT] 2026-07-09T04:38:36.267932 skip_listing [train]:   16,500/37,500 checked (44%)  —  4001 checks/s  —  ETA 5s  —  0 failed so far
[OUTPUT] 2026-07-09T04:38:36.388635 skip_listing [train]:   17,000/37,500 checked (45%)  —  4005 checks/s  —  ETA 5s  —  0 failed so far
[OUTPUT] 2026-07-09T04:38:36.508169 skip_listing [train]:   17,500/37,500 checked (47%)  —  4010 checks/s  —  ETA 5s  —  0 failed so far
[OUTPUT] 2026-07-09T04:38:36.629305 skip_listing [train]:   18,000/37,500 checked (48%)  —  4013 checks/s  —  ETA 5s  —  0 failed so far
[OUTPUT] 2026-07-09T04:38:36.748027 skip_listing [train]:   18,500/37,500 checked (49%)  —  4018 checks/s  —  ETA 5s  —  0 failed so far
[OUTPUT] 2026-07-09T04:38:36.867424 skip_listing [train]:   19,000/37,500 checked (51%)  —  4022 checks/s  —  ETA 5s  —  0 failed so far
[OUTPUT] 2026-07-09T04:38:36.986522 skip_listing [train]:   19,500/37,500 checked (52%)  —  4027 checks/s  —  ETA 4s  —  0 failed so far
[OUTPUT] 2026-07-09T04:38:37.108392 skip_listing [train]:   20,000/37,500 checked (53%)  —  4029 checks/s  —  ETA 4s  —  0 failed so far
[OUTPUT] 2026-07-09T04:38:37.236658 skip_listing [train]:   20,500/37,500 checked (55%)  —  4025 checks/s  —  ETA 4s  —  0 failed so far
[OUTPUT] 2026-07-09T04:38:37.359735 skip_listing [train]:   21,000/37,500 checked (56%)  —  4026 checks/s  —  ETA 4s  —  0 failed so far
[OUTPUT] 2026-07-09T04:38:37.481692 skip_listing [train]:   21,500/37,500 checked (57%)  —  4028 checks/s  —  ETA 4s  —  0 failed so far
[OUTPUT] 2026-07-09T04:38:37.605023 skip_listing [train]:   22,000/37,500 checked (59%)  —  4028 checks/s  —  ETA 4s  —  0 failed so far
[OUTPUT] 2026-07-09T04:38:37.729663 skip_listing [train]:   22,500/37,500 checked (60%)  —  4028 checks/s  —  ETA 4s  —  0 failed so far
[OUTPUT] 2026-07-09T04:38:37.852815 skip_listing [train]:   23,000/37,500 checked (61%)  —  4029 checks/s  —  ETA 4s  —  0 failed so far
[OUTPUT] 2026-07-09T04:38:37.973271 skip_listing [train]:   23,500/37,500 checked (63%)  —  4031 checks/s  —  ETA 3s  —  0 failed so far
[OUTPUT] 2026-07-09T04:38:38.094382 skip_listing [train]:   24,000/37,500 checked (64%)  —  4033 checks/s  —  ETA 3s  —  0 failed so far
[OUTPUT] 2026-07-09T04:38:38.217154 skip_listing [train]:   24,500/37,500 checked (65%)  —  4034 checks/s  —  ETA 3s  —  0 failed so far
[OUTPUT] 2026-07-09T04:38:38.341279 skip_listing [train]:   25,000/37,500 checked (67%)  —  4034 checks/s  —  ETA 3s  —  0 failed so far
[OUTPUT] 2026-07-09T04:38:38.463004 skip_listing [train]:   25,500/37,500 checked (68%)  —  4035 checks/s  —  ETA 3s  —  0 failed so far
[OUTPUT] 2026-07-09T04:38:38.583718 skip_listing [train]:   26,000/37,500 checked (69%)  —  4037 checks/s  —  ETA 3s  —  0 failed so far
[OUTPUT] 2026-07-09T04:38:38.705822 skip_listing [train]:   26,500/37,500 checked (71%)  —  4038 checks/s  —  ETA 3s  —  0 failed so far
[OUTPUT] 2026-07-09T04:38:38.828603 skip_listing [train]:   27,000/37,500 checked (72%)  —  4039 checks/s  —  ETA 3s  —  0 failed so far
[OUTPUT] 2026-07-09T04:38:38.950521 skip_listing [train]:   27,500/37,500 checked (73%)  —  4040 checks/s  —  ETA 2s  —  0 failed so far
[OUTPUT] 2026-07-09T04:38:39.074111 skip_listing [train]:   28,000/37,500 checked (75%)  —  4040 checks/s  —  ETA 2s  —  0 failed so far
[OUTPUT] 2026-07-09T04:38:39.197209 skip_listing [train]:   28,500/37,500 checked (76%)  —  4041 checks/s  —  ETA 2s  —  0 failed so far
[OUTPUT] 2026-07-09T04:38:39.319340 skip_listing [train]:   29,000/37,500 checked (77%)  —  4042 checks/s  —  ETA 2s  —  0 failed so far
[OUTPUT] 2026-07-09T04:38:39.440850 skip_listing [train]:   29,500/37,500 checked (79%)  —  4043 checks/s  —  ETA 2s  —  0 failed so far
[OUTPUT] 2026-07-09T04:38:39.563592 skip_listing [train]:   30,000/37,500 checked (80%)  —  4043 checks/s  —  ETA 2s  —  0 failed so far
[OUTPUT] 2026-07-09T04:38:39.684793 skip_listing [train]:   30,500/37,500 checked (81%)  —  4045 checks/s  —  ETA 2s  —  0 failed so far
[OUTPUT] 2026-07-09T04:38:39.806896 skip_listing [train]:   31,000/37,500 checked (83%)  —  4045 checks/s  —  ETA 2s  —  0 failed so far
[OUTPUT] 2026-07-09T04:38:39.932707 skip_listing [train]:   31,500/37,500 checked (84%)  —  4044 checks/s  —  ETA 1s  —  0 failed so far
[OUTPUT] 2026-07-09T04:38:40.068119 skip_listing [train]:   32,000/37,500 checked (85%)  —  4038 checks/s  —  ETA 1s  —  0 failed so far
[OUTPUT] 2026-07-09T04:38:40.190184 skip_listing [train]:   32,500/37,500 checked (87%)  —  4039 checks/s  —  ETA 1s  —  0 failed so far
[OUTPUT] 2026-07-09T04:38:40.310692 skip_listing [train]:   33,000/37,500 checked (88%)  —  4041 checks/s  —  ETA 1s  —  0 failed so far
[OUTPUT] 2026-07-09T04:38:40.435864 skip_listing [train]:   33,500/37,500 checked (89%)  —  4040 checks/s  —  ETA 1s  —  0 failed so far
[OUTPUT] 2026-07-09T04:38:40.558838 skip_listing [train]:   34,000/37,500 checked (91%)  —  4040 checks/s  —  ETA 1s  —  0 failed so far
[OUTPUT] 2026-07-09T04:38:40.688022 skip_listing [train]:   34,500/37,500 checked (92%)  —  4038 checks/s  —  ETA 1s  —  0 failed so far
[OUTPUT] 2026-07-09T04:38:40.811774 skip_listing [train]:   35,000/37,500 checked (93%)  —  4038 checks/s  —  ETA 1s  —  0 failed so far
[OUTPUT] 2026-07-09T04:38:40.933842 skip_listing [train]:   35,500/37,500 checked (95%)  —  4039 checks/s  —  ETA 0s  —  0 failed so far
[OUTPUT] 2026-07-09T04:38:41.060583 skip_listing [train]:   36,000/37,500 checked (96%)  —  4037 checks/s  —  ETA 0s  —  0 failed so far
[OUTPUT] 2026-07-09T04:38:41.175209 skip_listing [train]:   36,500/37,500 checked (97%)  —  4041 checks/s  —  ETA 0s  —  0 failed so far
[OUTPUT] 2026-07-09T04:38:41.289640 skip_listing [train]:   37,000/37,500 checked (99%)  —  4046 checks/s  —  ETA 0s  —  0 failed so far
[OUTPUT] 2026-07-09T04:38:41.404229 skip_listing [train]: validation complete — all 37,500 samples exist (9.3s, 4050 checks/s); 9,375 URIs ready for rank 0 (37,500 total across all ranks)
[OUTPUT] 2026-07-09T04:38:41.404626 File listing [train]: 37500 files discovered, 9375 assigned to rank 0, completed in 9.29s
[OUTPUT] 2026-07-09T04:38:41.404721 skip_listing [valid]: generated 0 file URIs deterministically (0 total — validation disabled)
[OUTPUT] 2026-07-09T04:38:41.404778 File listing [valid]: 0 files discovered, 0 assigned to rank 0, completed in 0.00s
[OUTPUT] 2026-07-09T04:38:41.404818 Streamed file sharding: 37500 train files across 4 ranks via round-robin (rank 0 shard: 9375 files)
[OUTPUT] 2026-07-09T04:38:41.414692 Max steps per epoch per rank: 5357 = 1 * 37500 / 7 (samples per file * local files / batch size)
[OUTPUT] 2026-07-09T04:38:41.420252 Reshard for epoch 1: 9375 train files, 0 eval files redistributed via alltoall in 0.01s
[OUTPUT] 2026-07-09T04:38:58.950331 Worker pre-warm complete (100 workers spawned)
[OUTPUT] 2026-07-09T04:38:59.352974 Starting epoch 1: 1339 steps expected
[OUTPUT] 2026-07-09T04:38:59.353467 Starting block 1
[OUTPUT] 2026-07-09T04:43:11.220291 Ending block 1 - 1339 steps completed in 251.87 s
[OUTPUT] 2026-07-09T04:43:11.224525 Epoch 1 - Block 1 [Training] Accelerator Utilization [AU] (%): 91.2431
[OUTPUT] 2026-07-09T04:43:11.224580 Epoch 1 - Block 1 [Training] Throughput (samples/second): 157.5852
[OUTPUT] 2026-07-09T04:43:11.225337 Epoch 1 - Block 1 [Training] Computation time per step (second): 0.1621+/-0.0001 (set value: {'mean': 0.162})
[OUTPUT] 2026-07-09T04:43:11.233893 Ending epoch 1 - 1339 steps completed in 251.88 s
[OUTPUT] 2026-07-09T04:43:11.240223 Reshard for epoch 2: 9375 train files, 0 eval files redistributed via alltoall in 0.01s
[OUTPUT] 2026-07-09T04:43:28.028045 Worker pre-warm complete for epoch 2 (100 workers spawned)
[OUTPUT] 2026-07-09T04:43:29.076121 Starting epoch 2: 1339 steps expected
[OUTPUT] 2026-07-09T04:43:29.076740 Starting block 1
[OUTPUT] 2026-07-09T04:47:41.354050 Ending block 1 - 1339 steps completed in 252.28 s
[OUTPUT] 2026-07-09T04:47:41.356104 Epoch 2 - Block 1 [Training] Accelerator Utilization [AU] (%): 90.7825
[OUTPUT] 2026-07-09T04:47:41.356162 Epoch 2 - Block 1 [Training] Throughput (samples/second): 156.7911
[OUTPUT] 2026-07-09T04:47:41.356441 Epoch 2 - Block 1 [Training] Computation time per step (second): 0.1621+/-0.0001 (set value: {'mean': 0.162})
[OUTPUT] 2026-07-09T04:47:41.415902 Ending epoch 2 - 1339 steps completed in 252.34 s
[OUTPUT] 2026-07-09T04:47:41.429337 Reshard for epoch 3: 9375 train files, 0 eval files redistributed via alltoall in 0.01s
[OUTPUT] 2026-07-09T04:47:59.714817 Worker pre-warm complete for epoch 3 (100 workers spawned)
[OUTPUT] 2026-07-09T04:48:00.646173 Starting epoch 3: 1339 steps expected
[OUTPUT] 2026-07-09T04:48:00.646820 Starting block 1
[OUTPUT] 2026-07-09T04:52:13.379470 Ending block 1 - 1339 steps completed in 252.73 s
[OUTPUT] 2026-07-09T04:52:13.381499 Epoch 3 - Block 1 [Training] Accelerator Utilization [AU] (%): 90.7145
[OUTPUT] 2026-07-09T04:52:13.381557 Epoch 3 - Block 1 [Training] Throughput (samples/second): 156.6726
[OUTPUT] 2026-07-09T04:52:13.381836 Epoch 3 - Block 1 [Training] Computation time per step (second): 0.1621+/-0.0000 (set value: {'mean': 0.162})
[OUTPUT] 2026-07-09T04:52:13.423522 Ending epoch 3 - 1339 steps completed in 252.78 s
[OUTPUT] 2026-07-09T04:52:13.431383 Reshard for epoch 4: 9375 train files, 0 eval files redistributed via alltoall in 0.01s
[OUTPUT] 2026-07-09T04:52:29.096588 Worker pre-warm complete for epoch 4 (100 workers spawned)
[OUTPUT] 2026-07-09T04:52:31.746621 Starting epoch 4: 1339 steps expected
[OUTPUT] 2026-07-09T04:52:31.747081 Starting block 1
[OUTPUT] 2026-07-09T04:56:44.090664 Ending block 1 - 1339 steps completed in 252.34 s
[OUTPUT] 2026-07-09T04:56:44.092539 Epoch 4 - Block 1 [Training] Accelerator Utilization [AU] (%): 91.3920
[OUTPUT] 2026-07-09T04:56:44.092591 Epoch 4 - Block 1 [Training] Throughput (samples/second): 157.8446
[OUTPUT] 2026-07-09T04:56:44.092840 Epoch 4 - Block 1 [Training] Computation time per step (second): 0.1621+/-0.0000 (set value: {'mean': 0.162})
[OUTPUT] 2026-07-09T04:56:44.122927 Ending epoch 4 - 1339 steps completed in 252.38 s
[OUTPUT] 2026-07-09T04:56:44.131157 Reshard for epoch 5: 9375 train files, 0 eval files redistributed via alltoall in 0.01s
[OUTPUT] 2026-07-09T04:57:01.898576 Worker pre-warm complete for epoch 5 (100 workers spawned)
[OUTPUT] 2026-07-09T04:57:02.357167 Starting epoch 5: 1339 steps expected
[OUTPUT] 2026-07-09T04:57:02.357657 Starting block 1
[OUTPUT] 2026-07-09T05:01:14.755740 Ending block 1 - 1339 steps completed in 252.40 s
[OUTPUT] 2026-07-09T05:01:14.757632 Epoch 5 - Block 1 [Training] Accelerator Utilization [AU] (%): 90.8816
[OUTPUT] 2026-07-09T05:01:14.757685 Epoch 5 - Block 1 [Training] Throughput (samples/second): 156.9646
[OUTPUT] 2026-07-09T05:01:14.757944 Epoch 5 - Block 1 [Training] Computation time per step (second): 0.1621+/-0.0000 (set value: {'mean': 0.162})
[OUTPUT] 2026-07-09T05:01:14.804537 Ending epoch 5 - 1339 steps completed in 252.45 s
[OUTPUT] 2026-07-09T05:01:14.813209 Reshard for epoch 6: 9375 train files, 0 eval files redistributed via alltoall in 0.01s
[OUTPUT] 2026-07-09T05:01:33.407570 Worker pre-warm complete for epoch 6 (100 workers spawned)
[OUTPUT] 2026-07-09T05:01:33.752299 Saved outputs in /tmp/mlperf_storage_results_1t_4acc_100reader_37500_new/closed/holmesai_limited/results/StorMeshAI/training/unet3d/run/20260709_043827
[OUTPUT] Averaged metric over all steps/epochs
[METRIC] ==========================================================
[METRIC] Number of Simulated Accelerators: 4 
[METRIC] Training Accelerator Utilization [AU] (%): 90.8259 (0.1619)
[METRIC] Training Throughput (samples/second): 156.8705 (0.2800)
[METRIC] Training I/O Throughput (MiB/second): 21931.9442 (39.1447)
[METRIC] train_au_meet_expectation: success
[METRIC] ==========================================================

[OUTPUT] 2026-07-09T05:01:33.772296 outputs saved in RANKID_output.json
