[OUTPUT] [DEBUG DLIOBenchmark.__init__] After LoadConfig:
[OUTPUT]   storage_type   = <StorageType.LOCAL_FS: 'local_fs'>
[OUTPUT]   storage_root   = './'
[OUTPUT]   storage_options= None
[OUTPUT]   data_folder    = '/mnt/alluxio/mlperf/unet3d'
[OUTPUT]   framework      = <FrameworkType.PYTORCH: 'pytorch'>
[OUTPUT]   num_files_train= 55500
[OUTPUT]   record_length  = 146600628
[OUTPUT]   generate_data  = False
[OUTPUT]   do_train       = True
[OUTPUT]   do_checkpoint  = False
[OUTPUT]   epochs         = 5
[OUTPUT]   batch_size     = 7
[OUTPUT] 2026-07-04T06:22:14.286124 Running DLIO [Training] with 8 process(es)
[OUTPUT] 2026-07-04T06:22:14.323145 skip_listing [train]: validating 55,500 of 55,500 files (first, last, every 1) via HEAD requests ...
[OUTPUT] 2026-07-04T06:22:15.236368 skip_listing [train]:   500/55,500 checked (1%)  —  548 checks/s  —  ETA 100s  —  0 failed so far
[OUTPUT] 2026-07-04T06:22:16.123014 skip_listing [train]:   1,000/55,500 checked (2%)  —  556 checks/s  —  ETA 98s  —  0 failed so far
[OUTPUT] 2026-07-04T06:22:17.001552 skip_listing [train]:   1,500/55,500 checked (3%)  —  560 checks/s  —  ETA 96s  —  0 failed so far
[OUTPUT] 2026-07-04T06:22:17.849061 skip_listing [train]:   2,000/55,500 checked (4%)  —  567 checks/s  —  ETA 94s  —  0 failed so far
[OUTPUT] 2026-07-04T06:22:18.696170 skip_listing [train]:   2,500/55,500 checked (5%)  —  572 checks/s  —  ETA 93s  —  0 failed so far
[OUTPUT] 2026-07-04T06:22:19.582892 skip_listing [train]:   3,000/55,500 checked (5%)  —  570 checks/s  —  ETA 92s  —  0 failed so far
[OUTPUT] 2026-07-04T06:22:20.389772 skip_listing [train]:   3,500/55,500 checked (6%)  —  577 checks/s  —  ETA 90s  —  0 failed so far
[OUTPUT] 2026-07-04T06:22:21.258602 skip_listing [train]:   4,000/55,500 checked (7%)  —  577 checks/s  —  ETA 89s  —  0 failed so far
[OUTPUT] 2026-07-04T06:22:22.123527 skip_listing [train]:   4,500/55,500 checked (8%)  —  577 checks/s  —  ETA 88s  —  0 failed so far
[OUTPUT] 2026-07-04T06:22:23.010445 skip_listing [train]:   5,000/55,500 checked (9%)  —  576 checks/s  —  ETA 88s  —  0 failed so far
[OUTPUT] 2026-07-04T06:22:23.905710 skip_listing [train]:   5,500/55,500 checked (10%)  —  574 checks/s  —  ETA 87s  —  0 failed so far
[OUTPUT] 2026-07-04T06:22:24.793936 skip_listing [train]:   6,000/55,500 checked (11%)  —  573 checks/s  —  ETA 86s  —  0 failed so far
[OUTPUT] 2026-07-04T06:22:25.652015 skip_listing [train]:   6,500/55,500 checked (12%)  —  574 checks/s  —  ETA 85s  —  0 failed so far
[OUTPUT] 2026-07-04T06:22:26.537914 skip_listing [train]:   7,000/55,500 checked (13%)  —  573 checks/s  —  ETA 85s  —  0 failed so far
[OUTPUT] 2026-07-04T06:22:27.427864 skip_listing [train]:   7,500/55,500 checked (14%)  —  572 checks/s  —  ETA 84s  —  0 failed so far
[OUTPUT] 2026-07-04T06:22:28.299914 skip_listing [train]:   8,000/55,500 checked (14%)  —  572 checks/s  —  ETA 83s  —  0 failed so far
[OUTPUT] 2026-07-04T06:22:29.178881 skip_listing [train]:   8,500/55,500 checked (15%)  —  572 checks/s  —  ETA 82s  —  0 failed so far
[OUTPUT] 2026-07-04T06:22:30.023672 skip_listing [train]:   9,000/55,500 checked (16%)  —  573 checks/s  —  ETA 81s  —  0 failed so far
[OUTPUT] 2026-07-04T06:22:30.875810 skip_listing [train]:   9,500/55,500 checked (17%)  —  574 checks/s  —  ETA 80s  —  0 failed so far
[OUTPUT] 2026-07-04T06:22:31.767652 skip_listing [train]:   10,000/55,500 checked (18%)  —  573 checks/s  —  ETA 79s  —  0 failed so far
[OUTPUT] 2026-07-04T06:22:32.673080 skip_listing [train]:   10,500/55,500 checked (19%)  —  572 checks/s  —  ETA 79s  —  0 failed so far
[OUTPUT] 2026-07-04T06:22:33.525475 skip_listing [train]:   11,000/55,500 checked (20%)  —  573 checks/s  —  ETA 78s  —  0 failed so far
[OUTPUT] 2026-07-04T06:22:34.375961 skip_listing [train]:   11,500/55,500 checked (21%)  —  573 checks/s  —  ETA 77s  —  0 failed so far
[OUTPUT] 2026-07-04T06:22:35.239836 skip_listing [train]:   12,000/55,500 checked (22%)  —  574 checks/s  —  ETA 76s  —  0 failed so far
[OUTPUT] 2026-07-04T06:22:36.104152 skip_listing [train]:   12,500/55,500 checked (23%)  —  574 checks/s  —  ETA 75s  —  0 failed so far
[OUTPUT] 2026-07-04T06:22:36.958245 skip_listing [train]:   13,000/55,500 checked (23%)  —  574 checks/s  —  ETA 74s  —  0 failed so far
[OUTPUT] 2026-07-04T06:22:37.810976 skip_listing [train]:   13,500/55,500 checked (24%)  —  575 checks/s  —  ETA 73s  —  0 failed so far
[OUTPUT] 2026-07-04T06:22:38.665932 skip_listing [train]:   14,000/55,500 checked (25%)  —  575 checks/s  —  ETA 72s  —  0 failed so far
[OUTPUT] 2026-07-04T06:22:39.544122 skip_listing [train]:   14,500/55,500 checked (26%)  —  575 checks/s  —  ETA 71s  —  0 failed so far
[OUTPUT] 2026-07-04T06:22:40.366143 skip_listing [train]:   15,000/55,500 checked (27%)  —  576 checks/s  —  ETA 70s  —  0 failed so far
[OUTPUT] 2026-07-04T06:22:41.170346 skip_listing [train]:   15,500/55,500 checked (28%)  —  577 checks/s  —  ETA 69s  —  0 failed so far
[OUTPUT] 2026-07-04T06:22:42.049406 skip_listing [train]:   16,000/55,500 checked (29%)  —  577 checks/s  —  ETA 68s  —  0 failed so far
[OUTPUT] 2026-07-04T06:22:42.939442 skip_listing [train]:   16,500/55,500 checked (30%)  —  577 checks/s  —  ETA 68s  —  0 failed so far
[OUTPUT] 2026-07-04T06:22:43.819718 skip_listing [train]:   17,000/55,500 checked (31%)  —  576 checks/s  —  ETA 67s  —  0 failed so far
[OUTPUT] 2026-07-04T06:22:44.682360 skip_listing [train]:   17,500/55,500 checked (32%)  —  576 checks/s  —  ETA 66s  —  0 failed so far
[OUTPUT] 2026-07-04T06:22:45.557918 skip_listing [train]:   18,000/55,500 checked (32%)  —  576 checks/s  —  ETA 65s  —  0 failed so far
[OUTPUT] 2026-07-04T06:22:46.443541 skip_listing [train]:   18,500/55,500 checked (33%)  —  576 checks/s  —  ETA 64s  —  0 failed so far
[OUTPUT] 2026-07-04T06:22:47.324034 skip_listing [train]:   19,000/55,500 checked (34%)  —  576 checks/s  —  ETA 63s  —  0 failed so far
[OUTPUT] 2026-07-04T06:22:48.207489 skip_listing [train]:   19,500/55,500 checked (35%)  —  575 checks/s  —  ETA 63s  —  0 failed so far
[OUTPUT] 2026-07-04T06:22:49.098979 skip_listing [train]:   20,000/55,500 checked (36%)  —  575 checks/s  —  ETA 62s  —  0 failed so far
[OUTPUT] 2026-07-04T06:22:49.960049 skip_listing [train]:   20,500/55,500 checked (37%)  —  575 checks/s  —  ETA 61s  —  0 failed so far
[OUTPUT] 2026-07-04T06:22:50.783201 skip_listing [train]:   21,000/55,500 checked (38%)  —  576 checks/s  —  ETA 60s  —  0 failed so far
[OUTPUT] 2026-07-04T06:22:51.594723 skip_listing [train]:   21,500/55,500 checked (39%)  —  577 checks/s  —  ETA 59s  —  0 failed so far
[OUTPUT] 2026-07-04T06:22:52.471541 skip_listing [train]:   22,000/55,500 checked (40%)  —  577 checks/s  —  ETA 58s  —  0 failed so far
[OUTPUT] 2026-07-04T06:22:53.357117 skip_listing [train]:   22,500/55,500 checked (41%)  —  576 checks/s  —  ETA 57s  —  0 failed so far
[OUTPUT] 2026-07-04T06:22:54.240349 skip_listing [train]:   23,000/55,500 checked (41%)  —  576 checks/s  —  ETA 56s  —  0 failed so far
[OUTPUT] 2026-07-04T06:22:55.135174 skip_listing [train]:   23,500/55,500 checked (42%)  —  576 checks/s  —  ETA 56s  —  0 failed so far
[OUTPUT] 2026-07-04T06:22:56.010924 skip_listing [train]:   24,000/55,500 checked (43%)  —  576 checks/s  —  ETA 55s  —  0 failed so far
[OUTPUT] 2026-07-04T06:22:56.884218 skip_listing [train]:   24,500/55,500 checked (44%)  —  576 checks/s  —  ETA 54s  —  0 failed so far
[OUTPUT] 2026-07-04T06:22:57.746724 skip_listing [train]:   25,000/55,500 checked (45%)  —  576 checks/s  —  ETA 53s  —  0 failed so far
[OUTPUT] 2026-07-04T06:22:58.600415 skip_listing [train]:   25,500/55,500 checked (46%)  —  576 checks/s  —  ETA 52s  —  0 failed so far
[OUTPUT] 2026-07-04T06:22:59.472201 skip_listing [train]:   26,000/55,500 checked (47%)  —  576 checks/s  —  ETA 51s  —  0 failed so far
[OUTPUT] 2026-07-04T06:23:00.353683 skip_listing [train]:   26,500/55,500 checked (48%)  —  576 checks/s  —  ETA 50s  —  0 failed so far
[OUTPUT] 2026-07-04T06:23:01.207836 skip_listing [train]:   27,000/55,500 checked (49%)  —  576 checks/s  —  ETA 49s  —  0 failed so far
[OUTPUT] 2026-07-04T06:23:02.009381 skip_listing [train]:   27,500/55,500 checked (50%)  —  577 checks/s  —  ETA 49s  —  0 failed so far
[OUTPUT] 2026-07-04T06:23:02.902565 skip_listing [train]:   28,000/55,500 checked (50%)  —  576 checks/s  —  ETA 48s  —  0 failed so far
[OUTPUT] 2026-07-04T06:23:03.789670 skip_listing [train]:   28,500/55,500 checked (51%)  —  576 checks/s  —  ETA 47s  —  0 failed so far
[OUTPUT] 2026-07-04T06:23:04.680216 skip_listing [train]:   29,000/55,500 checked (52%)  —  576 checks/s  —  ETA 46s  —  0 failed so far
[OUTPUT] 2026-07-04T06:23:05.559673 skip_listing [train]:   29,500/55,500 checked (53%)  —  576 checks/s  —  ETA 45s  —  0 failed so far
[OUTPUT] 2026-07-04T06:23:06.454006 skip_listing [train]:   30,000/55,500 checked (54%)  —  575 checks/s  —  ETA 44s  —  0 failed so far
[OUTPUT] 2026-07-04T06:23:07.346580 skip_listing [train]:   30,500/55,500 checked (55%)  —  575 checks/s  —  ETA 43s  —  0 failed so far
[OUTPUT] 2026-07-04T06:23:08.217242 skip_listing [train]:   31,000/55,500 checked (56%)  —  575 checks/s  —  ETA 43s  —  0 failed so far
[OUTPUT] 2026-07-04T06:23:09.106288 skip_listing [train]:   31,500/55,500 checked (57%)  —  575 checks/s  —  ETA 42s  —  0 failed so far
[OUTPUT] 2026-07-04T06:23:09.995706 skip_listing [train]:   32,000/55,500 checked (58%)  —  575 checks/s  —  ETA 41s  —  0 failed so far
[OUTPUT] 2026-07-04T06:23:10.873022 skip_listing [train]:   32,500/55,500 checked (59%)  —  575 checks/s  —  ETA 40s  —  0 failed so far
[OUTPUT] 2026-07-04T06:23:11.757744 skip_listing [train]:   33,000/55,500 checked (59%)  —  575 checks/s  —  ETA 39s  —  0 failed so far
[OUTPUT] 2026-07-04T06:23:12.551483 skip_listing [train]:   33,500/55,500 checked (60%)  —  575 checks/s  —  ETA 38s  —  0 failed so far
[OUTPUT] 2026-07-04T06:23:13.427355 skip_listing [train]:   34,000/55,500 checked (61%)  —  575 checks/s  —  ETA 37s  —  0 failed so far
[OUTPUT] 2026-07-04T06:23:14.321342 skip_listing [train]:   34,500/55,500 checked (62%)  —  575 checks/s  —  ETA 37s  —  0 failed so far
[OUTPUT] 2026-07-04T06:23:15.204379 skip_listing [train]:   35,000/55,500 checked (63%)  —  575 checks/s  —  ETA 36s  —  0 failed so far
[OUTPUT] 2026-07-04T06:23:16.100061 skip_listing [train]:   35,500/55,500 checked (64%)  —  575 checks/s  —  ETA 35s  —  0 failed so far
[OUTPUT] 2026-07-04T06:23:17.003833 skip_listing [train]:   36,000/55,500 checked (65%)  —  574 checks/s  —  ETA 34s  —  0 failed so far
[OUTPUT] 2026-07-04T06:23:17.889375 skip_listing [train]:   36,500/55,500 checked (66%)  —  574 checks/s  —  ETA 33s  —  0 failed so far
[OUTPUT] 2026-07-04T06:23:18.772232 skip_listing [train]:   37,000/55,500 checked (67%)  —  574 checks/s  —  ETA 32s  —  0 failed so far
[OUTPUT] 2026-07-04T06:23:19.661064 skip_listing [train]:   37,500/55,500 checked (68%)  —  574 checks/s  —  ETA 31s  —  0 failed so far
[OUTPUT] 2026-07-04T06:23:20.543343 skip_listing [train]:   38,000/55,500 checked (68%)  —  574 checks/s  —  ETA 30s  —  0 failed so far
[OUTPUT] 2026-07-04T06:23:21.425372 skip_listing [train]:   38,500/55,500 checked (69%)  —  574 checks/s  —  ETA 30s  —  0 failed so far
[OUTPUT] 2026-07-04T06:23:22.268758 skip_listing [train]:   39,000/55,500 checked (70%)  —  574 checks/s  —  ETA 29s  —  0 failed so far
[OUTPUT] 2026-07-04T06:23:23.087895 skip_listing [train]:   39,500/55,500 checked (71%)  —  574 checks/s  —  ETA 28s  —  0 failed so far
[OUTPUT] 2026-07-04T06:23:23.995821 skip_listing [train]:   40,000/55,500 checked (72%)  —  574 checks/s  —  ETA 27s  —  0 failed so far
[OUTPUT] 2026-07-04T06:23:24.876776 skip_listing [train]:   40,500/55,500 checked (73%)  —  574 checks/s  —  ETA 26s  —  0 failed so far
[OUTPUT] 2026-07-04T06:23:25.752687 skip_listing [train]:   41,000/55,500 checked (74%)  —  574 checks/s  —  ETA 25s  —  0 failed so far
[OUTPUT] 2026-07-04T06:23:26.626009 skip_listing [train]:   41,500/55,500 checked (75%)  —  574 checks/s  —  ETA 24s  —  0 failed so far
[OUTPUT] 2026-07-04T06:23:27.539705 skip_listing [train]:   42,000/55,500 checked (76%)  —  574 checks/s  —  ETA 24s  —  0 failed so far
[OUTPUT] 2026-07-04T06:23:28.418517 skip_listing [train]:   42,500/55,500 checked (77%)  —  574 checks/s  —  ETA 23s  —  0 failed so far
[OUTPUT] 2026-07-04T06:23:29.301886 skip_listing [train]:   43,000/55,500 checked (77%)  —  573 checks/s  —  ETA 22s  —  0 failed so far
[OUTPUT] 2026-07-04T06:23:30.217867 skip_listing [train]:   43,500/55,500 checked (78%)  —  573 checks/s  —  ETA 21s  —  0 failed so far
[OUTPUT] 2026-07-04T06:23:31.120562 skip_listing [train]:   44,000/55,500 checked (79%)  —  573 checks/s  —  ETA 20s  —  0 failed so far
[OUTPUT] 2026-07-04T06:23:32.024932 skip_listing [train]:   44,500/55,500 checked (80%)  —  573 checks/s  —  ETA 19s  —  0 failed so far
[OUTPUT] 2026-07-04T06:23:32.835239 skip_listing [train]:   45,000/55,500 checked (81%)  —  573 checks/s  —  ETA 18s  —  0 failed so far
[OUTPUT] 2026-07-04T06:23:33.704603 skip_listing [train]:   45,500/55,500 checked (82%)  —  573 checks/s  —  ETA 17s  —  0 failed so far
[OUTPUT] 2026-07-04T06:23:34.618364 skip_listing [train]:   46,000/55,500 checked (83%)  —  573 checks/s  —  ETA 17s  —  0 failed so far
[OUTPUT] 2026-07-04T06:23:35.518553 skip_listing [train]:   46,500/55,500 checked (84%)  —  573 checks/s  —  ETA 16s  —  0 failed so far
[OUTPUT] 2026-07-04T06:23:36.400487 skip_listing [train]:   47,000/55,500 checked (85%)  —  573 checks/s  —  ETA 15s  —  0 failed so far
[OUTPUT] 2026-07-04T06:23:37.286084 skip_listing [train]:   47,500/55,500 checked (86%)  —  573 checks/s  —  ETA 14s  —  0 failed so far
[OUTPUT] 2026-07-04T06:23:38.167519 skip_listing [train]:   48,000/55,500 checked (86%)  —  572 checks/s  —  ETA 13s  —  0 failed so far
[OUTPUT] 2026-07-04T06:23:39.041881 skip_listing [train]:   48,500/55,500 checked (87%)  —  572 checks/s  —  ETA 12s  —  0 failed so far
[OUTPUT] 2026-07-04T06:23:39.946454 skip_listing [train]:   49,000/55,500 checked (88%)  —  572 checks/s  —  ETA 11s  —  0 failed so far
[OUTPUT] 2026-07-04T06:23:40.827505 skip_listing [train]:   49,500/55,500 checked (89%)  —  572 checks/s  —  ETA 10s  —  0 failed so far
[OUTPUT] 2026-07-04T06:23:41.726676 skip_listing [train]:   50,000/55,500 checked (90%)  —  572 checks/s  —  ETA 10s  —  0 failed so far
[OUTPUT] 2026-07-04T06:23:42.627546 skip_listing [train]:   50,500/55,500 checked (91%)  —  572 checks/s  —  ETA 9s  —  0 failed so far
[OUTPUT] 2026-07-04T06:23:43.408243 skip_listing [train]:   51,000/55,500 checked (92%)  —  572 checks/s  —  ETA 8s  —  0 failed so far
[OUTPUT] 2026-07-04T06:23:44.293181 skip_listing [train]:   51,500/55,500 checked (93%)  —  572 checks/s  —  ETA 7s  —  0 failed so far
[OUTPUT] 2026-07-04T06:23:45.170686 skip_listing [train]:   52,000/55,500 checked (94%)  —  572 checks/s  —  ETA 6s  —  0 failed so far
[OUTPUT] 2026-07-04T06:23:46.031917 skip_listing [train]:   52,500/55,500 checked (95%)  —  572 checks/s  —  ETA 5s  —  0 failed so far
[OUTPUT] 2026-07-04T06:23:46.885352 skip_listing [train]:   53,000/55,500 checked (95%)  —  573 checks/s  —  ETA 4s  —  0 failed so far
[OUTPUT] 2026-07-04T06:23:47.759332 skip_listing [train]:   53,500/55,500 checked (96%)  —  573 checks/s  —  ETA 3s  —  0 failed so far
[OUTPUT] 2026-07-04T06:23:48.625991 skip_listing [train]:   54,000/55,500 checked (97%)  —  573 checks/s  —  ETA 3s  —  0 failed so far
[OUTPUT] 2026-07-04T06:23:49.509277 skip_listing [train]:   54,500/55,500 checked (98%)  —  573 checks/s  —  ETA 2s  —  0 failed so far
[OUTPUT] 2026-07-04T06:23:50.377647 skip_listing [train]:   55,000/55,500 checked (99%)  —  573 checks/s  —  ETA 1s  —  0 failed so far
[OUTPUT] 2026-07-04T06:23:51.248155 skip_listing [train]: validation complete — all 55,500 samples exist (96.9s, 573 checks/s); 6,938 URIs ready for rank 0 (55,500 total across all ranks)
[OUTPUT] 2026-07-04T06:23:51.248831 File listing [train]: 55500 files discovered, 6937 assigned to rank 0, completed in 96.96s
[OUTPUT] 2026-07-04T06:23:51.248943 skip_listing [valid]: generated 0 file URIs deterministically (0 total — validation disabled)
[OUTPUT] 2026-07-04T06:23:51.248995 File listing [valid]: 0 files discovered, 0 assigned to rank 0, completed in 0.00s
[OUTPUT] 2026-07-04T06:23:51.249029 Streamed file sharding: 55500 train files across 8 ranks via round-robin (rank 0 shard: 6937 files)
[OUTPUT] 2026-07-04T06:23:51.262909 Max steps per epoch per rank: 7928 = 1 * 55500 / 7 (samples per file * local files / batch size)
[OUTPUT] 2026-07-04T06:23:51.268788 Reshard for epoch 1: 6937 train files, 0 eval files redistributed via alltoall in 0.01s
[OUTPUT] 2026-07-04T06:23:56.929447 Worker pre-warm complete (24 workers spawned)
[OUTPUT] 2026-07-04T06:24:37.348424 Starting epoch 1: 991 steps expected
[OUTPUT] 2026-07-04T06:24:37.348965 Starting block 1
[OUTPUT] 2026-07-04T06:27:32.211849 Ending block 1 - 991 steps completed in 174.86 s
[OUTPUT] 2026-07-04T06:27:32.231931 Epoch 1 - Block 1 [Training] Accelerator Utilization [AU] (%): 93.6536
[OUTPUT] 2026-07-04T06:27:32.232106 Epoch 1 - Block 1 [Training] Throughput (samples/second): 323.5009
[OUTPUT] 2026-07-04T06:27:32.233714 Epoch 1 - Block 1 [Training] Computation time per step (second): 0.1621+/-0.0001 (set value: {'mean': 0.162})
[OUTPUT] 2026-07-04T06:27:32.238705 Ending epoch 1 - 991 steps completed in 174.89 s
[OUTPUT] 2026-07-04T06:27:32.246586 Reshard for epoch 2: 6937 train files, 0 eval files redistributed via alltoall in 0.01s
[OUTPUT] 2026-07-04T06:27:36.585222 Worker pre-warm complete for epoch 2 (24 workers spawned)
[OUTPUT] 2026-07-04T06:28:16.312986 Starting epoch 2: 991 steps expected
[OUTPUT] 2026-07-04T06:28:16.313344 Starting block 1
[OUTPUT] 2026-07-04T06:31:11.832713 Ending block 1 - 991 steps completed in 175.52 s
[OUTPUT] 2026-07-04T06:31:11.836172 Epoch 2 - Block 1 [Training] Accelerator Utilization [AU] (%): 93.3047
[OUTPUT] 2026-07-04T06:31:11.836349 Epoch 2 - Block 1 [Training] Throughput (samples/second): 322.2983
[OUTPUT] 2026-07-04T06:31:11.836805 Epoch 2 - Block 1 [Training] Computation time per step (second): 0.1621+/-0.0001 (set value: {'mean': 0.162})
[OUTPUT] 2026-07-04T06:31:11.841109 Ending epoch 2 - 991 steps completed in 175.53 s
[OUTPUT] 2026-07-04T06:31:11.858545 Reshard for epoch 3: 6937 train files, 0 eval files redistributed via alltoall in 0.02s
[OUTPUT] 2026-07-04T06:31:17.275279 Worker pre-warm complete for epoch 3 (24 workers spawned)
[OUTPUT] 2026-07-04T06:31:57.107809 Starting epoch 3: 991 steps expected
[OUTPUT] 2026-07-04T06:31:57.108171 Starting block 1
[OUTPUT] 2026-07-04T06:34:51.601829 Ending block 1 - 991 steps completed in 174.49 s
[OUTPUT] 2026-07-04T06:34:51.604469 Epoch 3 - Block 1 [Training] Accelerator Utilization [AU] (%): 93.7624
[OUTPUT] 2026-07-04T06:34:51.604666 Epoch 3 - Block 1 [Training] Throughput (samples/second): 323.8741
[OUTPUT] 2026-07-04T06:34:51.605258 Epoch 3 - Block 1 [Training] Computation time per step (second): 0.1621+/-0.0001 (set value: {'mean': 0.162})
[OUTPUT] 2026-07-04T06:34:51.613653 Ending epoch 3 - 991 steps completed in 174.51 s
[OUTPUT] 2026-07-04T06:34:51.627153 Reshard for epoch 4: 6937 train files, 0 eval files redistributed via alltoall in 0.01s
[OUTPUT] 2026-07-04T06:34:55.711002 Worker pre-warm complete for epoch 4 (24 workers spawned)
[OUTPUT] 2026-07-04T06:35:35.128173 Starting epoch 4: 991 steps expected
[OUTPUT] 2026-07-04T06:35:35.128572 Starting block 1
[OUTPUT] 2026-07-04T06:38:30.431061 Ending block 1 - 991 steps completed in 175.30 s
[OUTPUT] 2026-07-04T06:38:30.433746 Epoch 4 - Block 1 [Training] Accelerator Utilization [AU] (%): 93.2279
[OUTPUT] 2026-07-04T06:38:30.433899 Epoch 4 - Block 1 [Training] Throughput (samples/second): 322.0336
[OUTPUT] 2026-07-04T06:38:30.434500 Epoch 4 - Block 1 [Training] Computation time per step (second): 0.1621+/-0.0001 (set value: {'mean': 0.162})
[OUTPUT] 2026-07-04T06:38:30.436498 Ending epoch 4 - 991 steps completed in 175.31 s
[OUTPUT] 2026-07-04T06:38:30.449126 Reshard for epoch 5: 6937 train files, 0 eval files redistributed via alltoall in 0.01s
[OUTPUT] 2026-07-04T06:38:35.975161 Worker pre-warm complete for epoch 5 (24 workers spawned)
[OUTPUT] 2026-07-04T06:39:15.211251 Starting epoch 5: 991 steps expected
[OUTPUT] 2026-07-04T06:39:15.211586 Starting block 1
[OUTPUT] 2026-07-04T06:42:10.280398 Ending block 1 - 991 steps completed in 175.07 s
[OUTPUT] 2026-07-04T06:42:10.283037 Epoch 5 - Block 1 [Training] Accelerator Utilization [AU] (%): 93.4551
[OUTPUT] 2026-07-04T06:42:10.283192 Epoch 5 - Block 1 [Training] Throughput (samples/second): 322.8227
[OUTPUT] 2026-07-04T06:42:10.283737 Epoch 5 - Block 1 [Training] Computation time per step (second): 0.1621+/-0.0001 (set value: {'mean': 0.162})
[OUTPUT] 2026-07-04T06:42:10.286058 Ending epoch 5 - 991 steps completed in 175.07 s
[OUTPUT] 2026-07-04T06:42:10.294928 Reshard for epoch 6: 6937 train files, 0 eval files redistributed via alltoall in 0.01s
[OUTPUT] 2026-07-04T06:42:15.152421 Worker pre-warm complete for epoch 6 (24 workers spawned)
[OUTPUT] 2026-07-04T06:42:15.861861 Saved outputs in /home/ubuntu/mlps_na8/closed/Alluxio/results/aws_c5n18xlarge_i3en24xlarge_8c_10s_8a/training/unet3d/run/20260704_062150
[OUTPUT] Averaged metric over all steps/epochs
[METRIC] ==========================================================
[METRIC] Number of Simulated Accelerators: 8 
[METRIC] Training Accelerator Utilization [AU] (%): 92.6243 (0.2275)
[METRIC] Training Throughput (samples/second): 319.9333 (0.7851)
[METRIC] Training I/O Throughput (MiB/second): 44729.6382 (109.7688)
[METRIC] train_au_meet_expectation: success
[METRIC] ==========================================================

[OUTPUT] 2026-07-04T06:42:15.883713 outputs saved in RANKID_output.json
