[OUTPUT] [DEBUG DLIOBenchmark.__init__] After LoadConfig:
[OUTPUT]   storage_type   = <StorageType.LOCAL_FS: 'local_fs'>
[OUTPUT]   storage_root   = './'
[OUTPUT]   storage_options= None
[OUTPUT]   data_folder    = '/mnt/mlp/retinanet_data/retinanet'
[OUTPUT]   framework      = <FrameworkType.PYTORCH: 'pytorch'>
[OUTPUT]   num_files_train= 17023000
[OUTPUT]   record_length  = 322957
[OUTPUT]   generate_data  = False
[OUTPUT]   do_train       = True
[OUTPUT]   do_checkpoint  = False
[OUTPUT]   epochs         = 8
[OUTPUT]   batch_size     = 24
[OUTPUT] 2026-07-13T18:33:29.782895 Running DLIO [Training] with 20 process(es)
[OUTPUT] 2026-07-13T18:33:32.184289 skip_listing [train]: validating 17,024 of 17,023,000 files (first, last, every 1,000) via HEAD requests ...
[OUTPUT] 2026-07-13T18:33:32.630996 skip_listing [train]:   500/17,024 checked (3%)  —  1120 checks/s  —  ETA 15s  —  0 failed so far
[OUTPUT] 2026-07-13T18:33:32.940811 skip_listing [train]:   1,000/17,024 checked (6%)  —  1322 checks/s  —  ETA 12s  —  0 failed so far
[OUTPUT] 2026-07-13T18:33:33.136042 skip_listing [train]:   1,500/17,024 checked (9%)  —  1577 checks/s  —  ETA 10s  —  0 failed so far
[OUTPUT] 2026-07-13T18:33:33.329235 skip_listing [train]:   2,000/17,024 checked (12%)  —  1747 checks/s  —  ETA 9s  —  0 failed so far
[OUTPUT] 2026-07-13T18:33:33.526754 skip_listing [train]:   2,500/17,024 checked (15%)  —  1863 checks/s  —  ETA 8s  —  0 failed so far
[OUTPUT] 2026-07-13T18:33:33.722936 skip_listing [train]:   3,000/17,024 checked (18%)  —  1950 checks/s  —  ETA 7s  —  0 failed so far
[OUTPUT] 2026-07-13T18:33:33.913486 skip_listing [train]:   3,500/17,024 checked (21%)  —  2024 checks/s  —  ETA 7s  —  0 failed so far
[OUTPUT] 2026-07-13T18:33:34.109386 skip_listing [train]:   4,000/17,024 checked (23%)  —  2078 checks/s  —  ETA 6s  —  0 failed so far
[OUTPUT] 2026-07-13T18:33:34.302465 skip_listing [train]:   4,500/17,024 checked (26%)  —  2125 checks/s  —  ETA 6s  —  0 failed so far
[OUTPUT] 2026-07-13T18:33:34.494486 skip_listing [train]:   5,000/17,024 checked (29%)  —  2165 checks/s  —  ETA 6s  —  0 failed so far
[OUTPUT] 2026-07-13T18:33:34.688335 skip_listing [train]:   5,500/17,024 checked (32%)  —  2197 checks/s  —  ETA 5s  —  0 failed so far
[OUTPUT] 2026-07-13T18:33:34.879130 skip_listing [train]:   6,000/17,024 checked (35%)  —  2227 checks/s  —  ETA 5s  —  0 failed so far
[OUTPUT] 2026-07-13T18:33:35.065764 skip_listing [train]:   6,500/17,024 checked (38%)  —  2256 checks/s  —  ETA 5s  —  0 failed so far
[OUTPUT] 2026-07-13T18:33:35.261750 skip_listing [train]:   7,000/17,024 checked (41%)  —  2275 checks/s  —  ETA 4s  —  0 failed so far
[OUTPUT] 2026-07-13T18:33:35.448270 skip_listing [train]:   7,500/17,024 checked (44%)  —  2298 checks/s  —  ETA 4s  —  0 failed so far
[OUTPUT] 2026-07-13T18:33:35.656042 skip_listing [train]:   8,000/17,024 checked (47%)  —  2305 checks/s  —  ETA 4s  —  0 failed so far
[OUTPUT] 2026-07-13T18:33:35.855312 skip_listing [train]:   8,500/17,024 checked (50%)  —  2316 checks/s  —  ETA 4s  —  0 failed so far
[OUTPUT] 2026-07-13T18:33:36.041428 skip_listing [train]:   9,000/17,024 checked (53%)  —  2334 checks/s  —  ETA 3s  —  0 failed so far
[OUTPUT] 2026-07-13T18:33:36.224255 skip_listing [train]:   9,500/17,024 checked (56%)  —  2352 checks/s  —  ETA 3s  —  0 failed so far
[OUTPUT] 2026-07-13T18:33:36.407960 skip_listing [train]:   10,000/17,024 checked (59%)  —  2368 checks/s  —  ETA 3s  —  0 failed so far
[OUTPUT] 2026-07-13T18:33:36.587886 skip_listing [train]:   10,500/17,024 checked (62%)  —  2385 checks/s  —  ETA 3s  —  0 failed so far
[OUTPUT] 2026-07-13T18:33:36.771185 skip_listing [train]:   11,000/17,024 checked (65%)  —  2398 checks/s  —  ETA 3s  —  0 failed so far
[OUTPUT] 2026-07-13T18:33:36.947145 skip_listing [train]:   11,500/17,024 checked (68%)  —  2415 checks/s  —  ETA 2s  —  0 failed so far
[OUTPUT] 2026-07-13T18:33:37.124633 skip_listing [train]:   12,000/17,024 checked (70%)  —  2429 checks/s  —  ETA 2s  —  0 failed so far
[OUTPUT] 2026-07-13T18:33:37.316412 skip_listing [train]:   12,500/17,024 checked (73%)  —  2436 checks/s  —  ETA 2s  —  0 failed so far
[OUTPUT] 2026-07-13T18:33:37.542240 skip_listing [train]:   13,000/17,024 checked (76%)  —  2426 checks/s  —  ETA 2s  —  0 failed so far
[OUTPUT] 2026-07-13T18:33:37.820994 skip_listing [train]:   13,500/17,024 checked (79%)  —  2395 checks/s  —  ETA 1s  —  0 failed so far
[OUTPUT] 2026-07-13T18:33:38.027064 skip_listing [train]:   14,000/17,024 checked (82%)  —  2396 checks/s  —  ETA 1s  —  0 failed so far
[OUTPUT] 2026-07-13T18:33:38.211263 skip_listing [train]:   14,500/17,024 checked (85%)  —  2406 checks/s  —  ETA 1s  —  0 failed so far
[OUTPUT] 2026-07-13T18:33:38.397320 skip_listing [train]:   15,000/17,024 checked (88%)  —  2414 checks/s  —  ETA 1s  —  0 failed so far
[OUTPUT] 2026-07-13T18:33:38.583247 skip_listing [train]:   15,500/17,024 checked (91%)  —  2422 checks/s  —  ETA 1s  —  0 failed so far
[OUTPUT] 2026-07-13T18:33:38.767491 skip_listing [train]:   16,000/17,024 checked (94%)  —  2431 checks/s  —  ETA 0s  —  0 failed so far
[OUTPUT] 2026-07-13T18:33:38.956335 skip_listing [train]:   16,500/17,024 checked (97%)  —  2437 checks/s  —  ETA 0s  —  0 failed so far
[OUTPUT] 2026-07-13T18:33:39.153285 skip_listing [train]:   17,000/17,024 checked (100%)  —  2440 checks/s  —  ETA 0s  —  0 failed so far
[OUTPUT] 2026-07-13T18:33:39.162206 skip_listing [train]: validation complete — all 17,024 samples exist (7.0s, 2440 checks/s); 851,150 URIs ready for rank 0 (17,023,000 total across all ranks)
[OUTPUT] 2026-07-13T18:33:39.199288 File listing [train]: 17023000 files discovered, 851150 assigned to rank 0, completed in 9.40s
[OUTPUT] 2026-07-13T18:33:39.199537 skip_listing [valid]: generated 0 file URIs deterministically (0 total — validation disabled)
[OUTPUT] 2026-07-13T18:33:39.199660 File listing [valid]: 0 files discovered, 0 assigned to rank 0, completed in 0.00s
[OUTPUT] 2026-07-13T18:33:39.199758 Streamed file sharding: 17023000 train files across 20 ranks via round-robin (rank 0 shard: 851150 files)
[OUTPUT] 2026-07-13T18:35:54.558052 Max steps per epoch per rank: 709291 = 1 * 17023000 / 24 (samples per file * local files / batch size)
[OUTPUT] 2026-07-13T18:35:55.370590 Reshard for epoch 1: 851150 train files, 0 eval files redistributed via alltoall in 0.81s
[OUTPUT] 2026-07-13T18:35:59.148810 Worker pre-warm complete (15 workers spawned)
[OUTPUT] 2026-07-13T18:35:59.333556 Starting epoch 1: 35464 steps expected
[OUTPUT] 2026-07-13T18:35:59.334539 Starting block 1
[OUTPUT] 2026-07-13T19:08:52.446344 Ending block 1 - 35464 steps completed in 1973.11 s
[OUTPUT] 2026-07-13T19:08:52.455537 Epoch 1 - Block 1 [Training] Accelerator Utilization [AU] (%): 85.7259
[OUTPUT] 2026-07-13T19:08:52.455593 Epoch 1 - Block 1 [Training] Throughput (samples/second): 8633.7082
[OUTPUT] 2026-07-13T19:08:52.459776 Epoch 1 - Block 1 [Training] Computation time per step (second): 0.0477+/-0.0000 (set value: {'mean': 0.04755})
[OUTPUT] 2026-07-13T19:08:52.532472 Ending epoch 1 - 35464 steps completed in 1973.20 s
[OUTPUT] 2026-07-13T19:08:53.545264 Reshard for epoch 2: 851150 train files, 0 eval files redistributed via alltoall in 1.01s
[OUTPUT] 2026-07-13T19:08:57.624520 Worker pre-warm complete for epoch 2 (15 workers spawned)
[OUTPUT] 2026-07-13T19:11:10.491417 Starting epoch 2: 35464 steps expected
[OUTPUT] 2026-07-13T19:11:10.492243 Starting block 1
[OUTPUT] 2026-07-13T19:44:03.905487 Ending block 1 - 35464 steps completed in 1973.41 s
[OUTPUT] 2026-07-13T19:44:03.908799 Epoch 2 - Block 1 [Training] Accelerator Utilization [AU] (%): 85.7443
[OUTPUT] 2026-07-13T19:44:03.908872 Epoch 2 - Block 1 [Training] Throughput (samples/second): 8635.5515
[OUTPUT] 2026-07-13T19:44:03.912129 Epoch 2 - Block 1 [Training] Computation time per step (second): 0.0477+/-0.0000 (set value: {'mean': 0.04755})
[OUTPUT] 2026-07-13T19:44:03.933748 Ending epoch 2 - 35464 steps completed in 1973.44 s
[OUTPUT] 2026-07-13T19:44:04.929079 Reshard for epoch 3: 851150 train files, 0 eval files redistributed via alltoall in 0.99s
[OUTPUT] 2026-07-13T19:44:09.025280 Worker pre-warm complete for epoch 3 (15 workers spawned)
[OUTPUT] 2026-07-13T19:46:26.673632 Starting epoch 3: 35464 steps expected
[OUTPUT] 2026-07-13T19:46:26.674635 Starting block 1
[OUTPUT] 2026-07-13T20:19:19.209808 Ending block 1 - 35464 steps completed in 1972.54 s
[OUTPUT] 2026-07-13T20:19:19.212066 Epoch 3 - Block 1 [Training] Accelerator Utilization [AU] (%): 85.7401
[OUTPUT] 2026-07-13T20:19:19.212122 Epoch 3 - Block 1 [Training] Throughput (samples/second): 8635.0747
[OUTPUT] 2026-07-13T20:19:19.214454 Epoch 3 - Block 1 [Training] Computation time per step (second): 0.0477+/-0.0000 (set value: {'mean': 0.04755})
[OUTPUT] 2026-07-13T20:19:19.230618 Ending epoch 3 - 35464 steps completed in 1972.56 s
[OUTPUT] 2026-07-13T20:19:20.209287 Reshard for epoch 4: 851150 train files, 0 eval files redistributed via alltoall in 0.98s
[OUTPUT] 2026-07-13T20:19:24.252273 Worker pre-warm complete for epoch 4 (15 workers spawned)
[OUTPUT] 2026-07-13T20:21:37.398576 Starting epoch 4: 35464 steps expected
[OUTPUT] 2026-07-13T20:21:37.399390 Starting block 1
[OUTPUT] 2026-07-13T20:54:29.936477 Ending block 1 - 35464 steps completed in 1972.54 s
[OUTPUT] 2026-07-13T20:54:29.938371 Epoch 4 - Block 1 [Training] Accelerator Utilization [AU] (%): 85.7231
[OUTPUT] 2026-07-13T20:54:29.938423 Epoch 4 - Block 1 [Training] Throughput (samples/second): 8633.4326
[OUTPUT] 2026-07-13T20:54:29.940887 Epoch 4 - Block 1 [Training] Computation time per step (second): 0.0477+/-0.0000 (set value: {'mean': 0.04755})
[OUTPUT] 2026-07-13T20:54:29.947399 Ending epoch 4 - 35464 steps completed in 1972.55 s
[OUTPUT] 2026-07-13T20:54:30.903455 Reshard for epoch 5: 851150 train files, 0 eval files redistributed via alltoall in 0.95s
[OUTPUT] 2026-07-13T20:54:34.870997 Worker pre-warm complete for epoch 5 (15 workers spawned)
[OUTPUT] 2026-07-13T20:56:49.331298 Starting epoch 5: 35464 steps expected
[OUTPUT] 2026-07-13T20:56:49.331775 Starting block 1
[OUTPUT] 2026-07-13T21:29:42.975090 Ending block 1 - 35464 steps completed in 1973.64 s
[OUTPUT] 2026-07-13T21:29:42.976940 Epoch 5 - Block 1 [Training] Accelerator Utilization [AU] (%): 85.6733
[OUTPUT] 2026-07-13T21:29:42.976988 Epoch 5 - Block 1 [Training] Throughput (samples/second): 8628.4667
[OUTPUT] 2026-07-13T21:29:42.979357 Epoch 5 - Block 1 [Training] Computation time per step (second): 0.0477+/-0.0000 (set value: {'mean': 0.04755})
[OUTPUT] 2026-07-13T21:29:43.083366 Ending epoch 5 - 35464 steps completed in 1973.75 s
[OUTPUT] 2026-07-13T21:29:44.163831 Reshard for epoch 6: 851150 train files, 0 eval files redistributed via alltoall in 1.08s
[OUTPUT] 2026-07-13T21:29:48.328234 Worker pre-warm complete for epoch 6 (15 workers spawned)
[OUTPUT] 2026-07-13T21:32:06.502784 Starting epoch 6: 35464 steps expected
[OUTPUT] 2026-07-13T21:32:06.503557 Starting block 1
[OUTPUT] 2026-07-13T22:04:58.045838 Ending block 1 - 35464 steps completed in 1971.54 s
[OUTPUT] 2026-07-13T22:04:58.047859 Epoch 6 - Block 1 [Training] Accelerator Utilization [AU] (%): 85.7682
[OUTPUT] 2026-07-13T22:04:58.047910 Epoch 6 - Block 1 [Training] Throughput (samples/second): 8637.7961
[OUTPUT] 2026-07-13T22:04:58.050343 Epoch 6 - Block 1 [Training] Computation time per step (second): 0.0477+/-0.0000 (set value: {'mean': 0.04755})
[OUTPUT] 2026-07-13T22:04:58.130681 Ending epoch 6 - 35464 steps completed in 1971.63 s
[OUTPUT] 2026-07-13T22:04:59.095440 Reshard for epoch 7: 851150 train files, 0 eval files redistributed via alltoall in 0.96s
[OUTPUT] 2026-07-13T22:05:03.034959 Worker pre-warm complete for epoch 7 (15 workers spawned)
[OUTPUT] 2026-07-13T22:07:15.332978 Starting epoch 7: 35464 steps expected
[OUTPUT] 2026-07-13T22:07:15.334457 Starting block 1
[OUTPUT] 2026-07-13T22:40:07.012937 Ending block 1 - 35464 steps completed in 1971.68 s
[OUTPUT] 2026-07-13T22:40:07.015151 Epoch 7 - Block 1 [Training] Accelerator Utilization [AU] (%): 85.7843
[OUTPUT] 2026-07-13T22:40:07.015210 Epoch 7 - Block 1 [Training] Throughput (samples/second): 8639.3648
[OUTPUT] 2026-07-13T22:40:07.017753 Epoch 7 - Block 1 [Training] Computation time per step (second): 0.0477+/-0.0000 (set value: {'mean': 0.04755})
[OUTPUT] 2026-07-13T22:40:07.040880 Ending epoch 7 - 35464 steps completed in 1971.71 s
[OUTPUT] 2026-07-13T22:40:07.997346 Reshard for epoch 8: 851150 train files, 0 eval files redistributed via alltoall in 0.96s
[OUTPUT] 2026-07-13T22:40:12.034579 Worker pre-warm complete for epoch 8 (15 workers spawned)
[OUTPUT] 2026-07-13T22:42:21.123905 Starting epoch 8: 35464 steps expected
[OUTPUT] 2026-07-13T22:42:21.125147 Starting block 1
[OUTPUT] 2026-07-13T23:15:12.384756 Ending block 1 - 35464 steps completed in 1971.26 s
[OUTPUT] 2026-07-13T23:15:12.387749 Epoch 8 - Block 1 [Training] Accelerator Utilization [AU] (%): 85.7856
[OUTPUT] 2026-07-13T23:15:12.387817 Epoch 8 - Block 1 [Training] Throughput (samples/second): 8639.5321
[OUTPUT] 2026-07-13T23:15:12.391734 Epoch 8 - Block 1 [Training] Computation time per step (second): 0.0477+/-0.0000 (set value: {'mean': 0.04755})
[OUTPUT] 2026-07-13T23:15:12.412010 Ending epoch 8 - 35464 steps completed in 1971.29 s
[OUTPUT] 2026-07-13T23:15:13.497319 Reshard for epoch 9: 851150 train files, 0 eval files redistributed via alltoall in 1.08s
[OUTPUT] 2026-07-13T23:15:17.601267 Worker pre-warm complete for epoch 9 (15 workers spawned)
[OUTPUT] 2026-07-13T23:15:17.844526 Saved outputs in /tmp/mlperf_storage_results_retinanet_b200_1t_20acc_15reader/closed/holmesai_limited/results/StorMeshAI/training/retinanet/run/20260713_183323
[OUTPUT] Averaged metric over all steps/epochs
[METRIC] ==========================================================
[METRIC] Number of Simulated Accelerators: 20 
[METRIC] Training Accelerator Utilization [AU] (%): 85.7400 (0.0373)
[METRIC] Training Throughput (samples/second): 8636.2146 (3.7356)
[METRIC] Training I/O Throughput (MiB/second): 2659.9178 (1.1506)
[METRIC] train_au_meet_expectation: success
[METRIC] ==========================================================

[OUTPUT] 2026-07-13T23:15:18.464771 outputs saved in RANKID_output.json
