[OUTPUT] [DEBUG DLIOBenchmark.__init__] After LoadConfig:
[OUTPUT]   storage_type   = <StorageType.LOCAL_FS: 'local_fs'>
[OUTPUT]   storage_root   = './'
[OUTPUT]   storage_options= None
[OUTPUT]   data_folder    = '/mnt/xpc/mlperf/data/formal/unet3d_closed/unet3d'
[OUTPUT]   framework      = <FrameworkType.PYTORCH: 'pytorch'>
[OUTPUT]   num_files_train= 42000
[OUTPUT]   record_length  = 146600628
[OUTPUT]   generate_data  = False
[OUTPUT]   do_train       = True
[OUTPUT]   do_checkpoint  = False
[OUTPUT]   epochs         = 5
[OUTPUT]   batch_size     = 7
[OUTPUT] 2026-07-21T08:42:02.652221 Running DLIO [Training] with 12 process(es)
[OUTPUT] 2026-07-21T08:42:02.686749 skip_listing [train]: validating 4,201 of 42,000 files (first, last, every 10) via HEAD requests ...
[OUTPUT] 2026-07-21T08:42:02.702620 skip_listing [train]:   420/4,201 checked (10%)  —  26669 checks/s  —  ETA 0s  —  0 failed so far
[OUTPUT] 2026-07-21T08:42:02.716064 skip_listing [train]:   840/4,201 checked (20%)  —  28774 checks/s  —  ETA 0s  —  0 failed so far
[OUTPUT] 2026-07-21T08:42:02.729644 skip_listing [train]:   1,260/4,201 checked (30%)  —  29457 checks/s  —  ETA 0s  —  0 failed so far
[OUTPUT] 2026-07-21T08:42:02.742608 skip_listing [train]:   1,680/4,201 checked (40%)  —  30141 checks/s  —  ETA 0s  —  0 failed so far
[OUTPUT] 2026-07-21T08:42:02.755757 skip_listing [train]:   2,100/4,201 checked (50%)  —  30484 checks/s  —  ETA 0s  —  0 failed so far
[OUTPUT] 2026-07-21T08:42:02.769520 skip_listing [train]:   2,520/4,201 checked (60%)  —  30490 checks/s  —  ETA 0s  —  0 failed so far
[OUTPUT] 2026-07-21T08:42:02.782300 skip_listing [train]:   2,940/4,201 checked (70%)  —  30808 checks/s  —  ETA 0s  —  0 failed so far
[OUTPUT] 2026-07-21T08:42:02.795401 skip_listing [train]:   3,360/4,201 checked (80%)  —  30959 checks/s  —  ETA 0s  —  0 failed so far
[OUTPUT] 2026-07-21T08:42:02.808088 skip_listing [train]:   3,780/4,201 checked (90%)  —  31183 checks/s  —  ETA 0s  —  0 failed so far
[OUTPUT] 2026-07-21T08:42:02.821219 skip_listing [train]:   4,200/4,201 checked (100%)  —  31262 checks/s  —  ETA 0s  —  0 failed so far
[OUTPUT] 2026-07-21T08:42:02.821250 skip_listing [train]: validation complete — all 4,201 samples exist (0.1s, 31262 checks/s); 3,500 URIs ready for rank 0 (42,000 total across all ranks)
[OUTPUT] 2026-07-21T08:42:02.821308 File listing [train]: 42000 files discovered, 3500 assigned to rank 0, completed in 0.14s
[OUTPUT] 2026-07-21T08:42:02.821338 skip_listing [valid]: generated 0 file URIs deterministically (0 total — validation disabled)
[OUTPUT] 2026-07-21T08:42:02.821361 File listing [valid]: 0 files discovered, 0 assigned to rank 0, completed in 0.00s
[OUTPUT] 2026-07-21T08:42:02.821382 Streamed file sharding: 42000 train files across 12 ranks via round-robin (rank 0 shard: 3500 files)
[OUTPUT] 2026-07-21T08:42:02.989958 Max steps per epoch per rank: 6000 = 1 * 42000 / 7 (samples per file * local files / batch size)
[OUTPUT] 2026-07-21T08:42:02.995136 Reshard for epoch 1: 3500 train files, 0 eval files redistributed via alltoall in 0.00s
[OUTPUT] 2026-07-21T08:42:05.930501 Worker pre-warm complete (13 workers spawned)
[OUTPUT] 2026-07-21T08:42:06.446305 Starting epoch 1: 500 steps expected
[OUTPUT] 2026-07-21T08:42:06.447011 Starting block 1
[OUTPUT] 2026-07-21T08:43:32.553858 Ending block 1 - 500 steps completed in 86.11 s
[OUTPUT] 2026-07-21T08:43:32.560771 Epoch 1 - Block 1 [Training] Accelerator Utilization [AU] (%): 96.2439
[OUTPUT] 2026-07-21T08:43:32.560817 Epoch 1 - Block 1 [Training] Throughput (samples/second): 498.7497
[OUTPUT] 2026-07-21T08:43:32.561603 Epoch 1 - Block 1 [Training] Computation time per step (second): 0.1621+/-0.0000 (set value: {'mean': 0.162})
[OUTPUT] 2026-07-21T08:43:32.570767 Ending epoch 1 - 500 steps completed in 86.12 s
[OUTPUT] 2026-07-21T08:43:32.574339 Reshard for epoch 2: 3500 train files, 0 eval files redistributed via alltoall in 0.00s
[OUTPUT] 2026-07-21T08:43:35.370750 Worker pre-warm complete for epoch 2 (13 workers spawned)
[OUTPUT] 2026-07-21T08:43:35.680095 Starting epoch 2: 500 steps expected
[OUTPUT] 2026-07-21T08:43:35.680365 Starting block 1
[OUTPUT] 2026-07-21T08:45:02.468003 Ending block 1 - 500 steps completed in 86.79 s
[OUTPUT] 2026-07-21T08:45:02.469607 Epoch 2 - Block 1 [Training] Accelerator Utilization [AU] (%): 95.5807
[OUTPUT] 2026-07-21T08:45:02.469648 Epoch 2 - Block 1 [Training] Throughput (samples/second): 495.2942
[OUTPUT] 2026-07-21T08:45:02.469817 Epoch 2 - Block 1 [Training] Computation time per step (second): 0.1621+/-0.0000 (set value: {'mean': 0.162})
[OUTPUT] 2026-07-21T08:45:02.476783 Ending epoch 2 - 500 steps completed in 86.80 s
[OUTPUT] 2026-07-21T08:45:02.483917 Reshard for epoch 3: 3500 train files, 0 eval files redistributed via alltoall in 0.01s
[OUTPUT] 2026-07-21T08:45:05.425340 Worker pre-warm complete for epoch 3 (13 workers spawned)
[OUTPUT] 2026-07-21T08:45:05.565672 Starting epoch 3: 500 steps expected
[OUTPUT] 2026-07-21T08:45:05.566368 Starting block 1
[OUTPUT] 2026-07-21T08:46:31.941931 Ending block 1 - 500 steps completed in 86.38 s
[OUTPUT] 2026-07-21T08:46:31.943284 Epoch 3 - Block 1 [Training] Accelerator Utilization [AU] (%): 96.2112
[OUTPUT] 2026-07-21T08:46:31.943326 Epoch 3 - Block 1 [Training] Throughput (samples/second): 498.5790
[OUTPUT] 2026-07-21T08:46:31.943478 Epoch 3 - Block 1 [Training] Computation time per step (second): 0.1621+/-0.0000 (set value: {'mean': 0.162})
[OUTPUT] 2026-07-21T08:46:31.946792 Ending epoch 3 - 500 steps completed in 86.38 s
[OUTPUT] 2026-07-21T08:46:31.952398 Reshard for epoch 4: 3500 train files, 0 eval files redistributed via alltoall in 0.00s
[OUTPUT] 2026-07-21T08:46:34.277072 Worker pre-warm complete for epoch 4 (13 workers spawned)
[OUTPUT] 2026-07-21T08:46:35.025492 Starting epoch 4: 500 steps expected
[OUTPUT] 2026-07-21T08:46:35.025843 Starting block 1
[OUTPUT] 2026-07-21T08:48:01.925105 Ending block 1 - 500 steps completed in 86.90 s
[OUTPUT] 2026-07-21T08:48:01.927214 Epoch 4 - Block 1 [Training] Accelerator Utilization [AU] (%): 95.9512
[OUTPUT] 2026-07-21T08:48:01.927277 Epoch 4 - Block 1 [Training] Throughput (samples/second): 497.2308
[OUTPUT] 2026-07-21T08:48:01.927501 Epoch 4 - Block 1 [Training] Computation time per step (second): 0.1621+/-0.0000 (set value: {'mean': 0.162})
[OUTPUT] 2026-07-21T08:48:01.929988 Ending epoch 4 - 500 steps completed in 86.90 s
[OUTPUT] 2026-07-21T08:48:01.937664 Reshard for epoch 5: 3500 train files, 0 eval files redistributed via alltoall in 0.01s
[OUTPUT] 2026-07-21T08:48:04.962032 Worker pre-warm complete for epoch 5 (13 workers spawned)
[OUTPUT] 2026-07-21T08:48:05.093111 Starting epoch 5: 500 steps expected
[OUTPUT] 2026-07-21T08:48:05.093793 Starting block 1
[OUTPUT] 2026-07-21T08:49:32.057260 Ending block 1 - 500 steps completed in 86.96 s
[OUTPUT] 2026-07-21T08:49:32.059295 Epoch 5 - Block 1 [Training] Accelerator Utilization [AU] (%): 95.4477
[OUTPUT] 2026-07-21T08:49:32.059354 Epoch 5 - Block 1 [Training] Throughput (samples/second): 494.6025
[OUTPUT] 2026-07-21T08:49:32.059622 Epoch 5 - Block 1 [Training] Computation time per step (second): 0.1621+/-0.0000 (set value: {'mean': 0.162})
[OUTPUT] 2026-07-21T08:49:32.065663 Ending epoch 5 - 500 steps completed in 86.97 s
[OUTPUT] 2026-07-21T08:49:32.072186 Reshard for epoch 6: 3500 train files, 0 eval files redistributed via alltoall in 0.01s
[OUTPUT] 2026-07-21T08:49:34.700887 Worker pre-warm complete for epoch 6 (13 workers spawned)
[OUTPUT] 2026-07-21T08:49:35.360089 Saved outputs in /root/mlps-results-training-unet3d-client8-a12-closed-rerun-20260721_083408/closed/XSKY/results/AIMesh/training/unet3d/run/20260721_084156
[OUTPUT] Averaged metric over all steps/epochs
[METRIC] ==========================================================
[METRIC] Number of Simulated Accelerators: 12 
[METRIC] Training Accelerator Utilization [AU] (%): 95.8292 (0.3445)
[METRIC] Training Throughput (samples/second): 496.5918 (1.7831)
[METRIC] Training I/O Throughput (MiB/second): 69428.1263 (249.2998)
[METRIC] train_au_meet_expectation: success
[METRIC] ==========================================================

[OUTPUT] 2026-07-21T08:49:35.367642 outputs saved in RANKID_output.json
