[OUTPUT] [DEBUG DLIOBenchmark.__init__] After LoadConfig:
[OUTPUT]   storage_type   = <StorageType.LOCAL_FS: 'local_fs'>
[OUTPUT]   storage_root   = './'
[OUTPUT]   storage_options= None
[OUTPUT]   data_folder    = '/mnt/mlp/unet3d_data/unet3d'
[OUTPUT]   framework      = <FrameworkType.PYTORCH: 'pytorch'>
[OUTPUT]   num_files_train= 37500
[OUTPUT]   record_length  = 146600628
[OUTPUT]   generate_data  = False
[OUTPUT]   do_train       = True
[OUTPUT]   do_checkpoint  = False
[OUTPUT]   epochs         = 5
[OUTPUT]   batch_size     = 7
[OUTPUT] 2026-07-09T03:06:03.753372 Running DLIO [Training] with 4 process(es)
[OUTPUT] 2026-07-09T03:06:03.796193 skip_listing [train]: validating 37,500 of 37,500 files (first, last, every 1) via HEAD requests ...
[OUTPUT] 2026-07-09T03:06:03.925262 skip_listing [train]:   500/37,500 checked (1%)  —  3878 checks/s  —  ETA 10s  —  0 failed so far
[OUTPUT] 2026-07-09T03:06:04.047142 skip_listing [train]:   1,000/37,500 checked (3%)  —  3987 checks/s  —  ETA 9s  —  0 failed so far
[OUTPUT] 2026-07-09T03:06:04.165075 skip_listing [train]:   1,500/37,500 checked (4%)  —  4068 checks/s  —  ETA 9s  —  0 failed so far
[OUTPUT] 2026-07-09T03:06:04.282369 skip_listing [train]:   2,000/37,500 checked (5%)  —  4115 checks/s  —  ETA 9s  —  0 failed so far
[OUTPUT] 2026-07-09T03:06:04.403116 skip_listing [train]:   2,500/37,500 checked (7%)  —  4120 checks/s  —  ETA 8s  —  0 failed so far
[OUTPUT] 2026-07-09T03:06:04.524023 skip_listing [train]:   3,000/37,500 checked (8%)  —  4122 checks/s  —  ETA 8s  —  0 failed so far
[OUTPUT] 2026-07-09T03:06:04.642739 skip_listing [train]:   3,500/37,500 checked (9%)  —  4135 checks/s  —  ETA 8s  —  0 failed so far
[OUTPUT] 2026-07-09T03:06:04.762867 skip_listing [train]:   4,000/37,500 checked (11%)  —  4139 checks/s  —  ETA 8s  —  0 failed so far
[OUTPUT] 2026-07-09T03:06:04.884419 skip_listing [train]:   4,500/37,500 checked (12%)  —  4136 checks/s  —  ETA 8s  —  0 failed so far
[OUTPUT] 2026-07-09T03:06:05.005859 skip_listing [train]:   5,000/37,500 checked (13%)  —  4134 checks/s  —  ETA 8s  —  0 failed so far
[OUTPUT] 2026-07-09T03:06:05.126449 skip_listing [train]:   5,500/37,500 checked (15%)  —  4135 checks/s  —  ETA 8s  —  0 failed so far
[OUTPUT] 2026-07-09T03:06:05.246668 skip_listing [train]:   6,000/37,500 checked (16%)  —  4137 checks/s  —  ETA 8s  —  0 failed so far
[OUTPUT] 2026-07-09T03:06:05.367648 skip_listing [train]:   6,500/37,500 checked (17%)  —  4137 checks/s  —  ETA 7s  —  0 failed so far
[OUTPUT] 2026-07-09T03:06:05.488569 skip_listing [train]:   7,000/37,500 checked (19%)  —  4136 checks/s  —  ETA 7s  —  0 failed so far
[OUTPUT] 2026-07-09T03:06:05.606848 skip_listing [train]:   7,500/37,500 checked (20%)  —  4142 checks/s  —  ETA 7s  —  0 failed so far
[OUTPUT] 2026-07-09T03:06:05.725762 skip_listing [train]:   8,000/37,500 checked (21%)  —  4146 checks/s  —  ETA 7s  —  0 failed so far
[OUTPUT] 2026-07-09T03:06:05.844444 skip_listing [train]:   8,500/37,500 checked (23%)  —  4150 checks/s  —  ETA 7s  —  0 failed so far
[OUTPUT] 2026-07-09T03:06:05.963312 skip_listing [train]:   9,000/37,500 checked (24%)  —  4153 checks/s  —  ETA 7s  —  0 failed so far
[OUTPUT] 2026-07-09T03:06:06.082978 skip_listing [train]:   9,500/37,500 checked (25%)  —  4155 checks/s  —  ETA 7s  —  0 failed so far
[OUTPUT] 2026-07-09T03:06:06.203158 skip_listing [train]:   10,000/37,500 checked (27%)  —  4155 checks/s  —  ETA 7s  —  0 failed so far
[OUTPUT] 2026-07-09T03:06:06.323222 skip_listing [train]:   10,500/37,500 checked (28%)  —  4155 checks/s  —  ETA 6s  —  0 failed so far
[OUTPUT] 2026-07-09T03:06:06.442687 skip_listing [train]:   11,000/37,500 checked (29%)  —  4157 checks/s  —  ETA 6s  —  0 failed so far
[OUTPUT] 2026-07-09T03:06:06.562116 skip_listing [train]:   11,500/37,500 checked (31%)  —  4158 checks/s  —  ETA 6s  —  0 failed so far
[OUTPUT] 2026-07-09T03:06:06.682093 skip_listing [train]:   12,000/37,500 checked (32%)  —  4158 checks/s  —  ETA 6s  —  0 failed so far
[OUTPUT] 2026-07-09T03:06:06.801620 skip_listing [train]:   12,500/37,500 checked (33%)  —  4159 checks/s  —  ETA 6s  —  0 failed so far
[OUTPUT] 2026-07-09T03:06:06.924975 skip_listing [train]:   13,000/37,500 checked (35%)  —  4155 checks/s  —  ETA 6s  —  0 failed so far
[OUTPUT] 2026-07-09T03:06:07.049041 skip_listing [train]:   13,500/37,500 checked (36%)  —  4150 checks/s  —  ETA 6s  —  0 failed so far
[OUTPUT] 2026-07-09T03:06:07.176144 skip_listing [train]:   14,000/37,500 checked (37%)  —  4142 checks/s  —  ETA 6s  —  0 failed so far
[OUTPUT] 2026-07-09T03:06:07.306140 skip_listing [train]:   14,500/37,500 checked (39%)  —  4131 checks/s  —  ETA 6s  —  0 failed so far
[OUTPUT] 2026-07-09T03:06:07.436056 skip_listing [train]:   15,000/37,500 checked (40%)  —  4121 checks/s  —  ETA 5s  —  0 failed so far
[OUTPUT] 2026-07-09T03:06:07.560060 skip_listing [train]:   15,500/37,500 checked (41%)  —  4118 checks/s  —  ETA 5s  —  0 failed so far
[OUTPUT] 2026-07-09T03:06:07.686414 skip_listing [train]:   16,000/37,500 checked (43%)  —  4113 checks/s  —  ETA 5s  —  0 failed so far
[OUTPUT] 2026-07-09T03:06:07.812007 skip_listing [train]:   16,500/37,500 checked (44%)  —  4109 checks/s  —  ETA 5s  —  0 failed so far
[OUTPUT] 2026-07-09T03:06:07.944791 skip_listing [train]:   17,000/37,500 checked (45%)  —  4098 checks/s  —  ETA 5s  —  0 failed so far
[OUTPUT] 2026-07-09T03:06:08.067816 skip_listing [train]:   17,500/37,500 checked (47%)  —  4097 checks/s  —  ETA 5s  —  0 failed so far
[OUTPUT] 2026-07-09T03:06:08.192793 skip_listing [train]:   18,000/37,500 checked (48%)  —  4094 checks/s  —  ETA 5s  —  0 failed so far
[OUTPUT] 2026-07-09T03:06:08.315093 skip_listing [train]:   18,500/37,500 checked (49%)  —  4094 checks/s  —  ETA 5s  —  0 failed so far
[OUTPUT] 2026-07-09T03:06:08.438412 skip_listing [train]:   19,000/37,500 checked (51%)  —  4093 checks/s  —  ETA 5s  —  0 failed so far
[OUTPUT] 2026-07-09T03:06:08.559157 skip_listing [train]:   19,500/37,500 checked (52%)  —  4094 checks/s  —  ETA 4s  —  0 failed so far
[OUTPUT] 2026-07-09T03:06:08.681425 skip_listing [train]:   20,000/37,500 checked (53%)  —  4094 checks/s  —  ETA 4s  —  0 failed so far
[OUTPUT] 2026-07-09T03:06:08.804113 skip_listing [train]:   20,500/37,500 checked (55%)  —  4094 checks/s  —  ETA 4s  —  0 failed so far
[OUTPUT] 2026-07-09T03:06:08.926019 skip_listing [train]:   21,000/37,500 checked (56%)  —  4094 checks/s  —  ETA 4s  —  0 failed so far
[OUTPUT] 2026-07-09T03:06:09.049675 skip_listing [train]:   21,500/37,500 checked (57%)  —  4093 checks/s  —  ETA 4s  —  0 failed so far
[OUTPUT] 2026-07-09T03:06:09.172608 skip_listing [train]:   22,000/37,500 checked (59%)  —  4092 checks/s  —  ETA 4s  —  0 failed so far
[OUTPUT] 2026-07-09T03:06:09.296018 skip_listing [train]:   22,500/37,500 checked (60%)  —  4091 checks/s  —  ETA 4s  —  0 failed so far
[OUTPUT] 2026-07-09T03:06:09.418415 skip_listing [train]:   23,000/37,500 checked (61%)  —  4091 checks/s  —  ETA 4s  —  0 failed so far
[OUTPUT] 2026-07-09T03:06:09.542580 skip_listing [train]:   23,500/37,500 checked (63%)  —  4090 checks/s  —  ETA 3s  —  0 failed so far
[OUTPUT] 2026-07-09T03:06:09.666620 skip_listing [train]:   24,000/37,500 checked (64%)  —  4088 checks/s  —  ETA 3s  —  0 failed so far
[OUTPUT] 2026-07-09T03:06:09.788154 skip_listing [train]:   24,500/37,500 checked (65%)  —  4089 checks/s  —  ETA 3s  —  0 failed so far
[OUTPUT] 2026-07-09T03:06:09.915599 skip_listing [train]:   25,000/37,500 checked (67%)  —  4085 checks/s  —  ETA 3s  —  0 failed so far
[OUTPUT] 2026-07-09T03:06:10.047680 skip_listing [train]:   25,500/37,500 checked (68%)  —  4079 checks/s  —  ETA 3s  —  0 failed so far
[OUTPUT] 2026-07-09T03:06:10.170359 skip_listing [train]:   26,000/37,500 checked (69%)  —  4079 checks/s  —  ETA 3s  —  0 failed so far
[OUTPUT] 2026-07-09T03:06:10.292061 skip_listing [train]:   26,500/37,500 checked (71%)  —  4080 checks/s  —  ETA 3s  —  0 failed so far
[OUTPUT] 2026-07-09T03:06:10.413476 skip_listing [train]:   27,000/37,500 checked (72%)  —  4080 checks/s  —  ETA 3s  —  0 failed so far
[OUTPUT] 2026-07-09T03:06:10.537569 skip_listing [train]:   27,500/37,500 checked (73%)  —  4079 checks/s  —  ETA 2s  —  0 failed so far
[OUTPUT] 2026-07-09T03:06:10.665342 skip_listing [train]:   28,000/37,500 checked (75%)  —  4076 checks/s  —  ETA 2s  —  0 failed so far
[OUTPUT] 2026-07-09T03:06:10.788789 skip_listing [train]:   28,500/37,500 checked (76%)  —  4076 checks/s  —  ETA 2s  —  0 failed so far
[OUTPUT] 2026-07-09T03:06:10.910276 skip_listing [train]:   29,000/37,500 checked (77%)  —  4076 checks/s  —  ETA 2s  —  0 failed so far
[OUTPUT] 2026-07-09T03:06:11.030995 skip_listing [train]:   29,500/37,500 checked (79%)  —  4078 checks/s  —  ETA 2s  —  0 failed so far
[OUTPUT] 2026-07-09T03:06:11.153192 skip_listing [train]:   30,000/37,500 checked (80%)  —  4078 checks/s  —  ETA 2s  —  0 failed so far
[OUTPUT] 2026-07-09T03:06:11.272671 skip_listing [train]:   30,500/37,500 checked (81%)  —  4080 checks/s  —  ETA 2s  —  0 failed so far
[OUTPUT] 2026-07-09T03:06:11.391891 skip_listing [train]:   31,000/37,500 checked (83%)  —  4081 checks/s  —  ETA 2s  —  0 failed so far
[OUTPUT] 2026-07-09T03:06:11.512585 skip_listing [train]:   31,500/37,500 checked (84%)  —  4082 checks/s  —  ETA 1s  —  0 failed so far
[OUTPUT] 2026-07-09T03:06:11.630953 skip_listing [train]:   32,000/37,500 checked (85%)  —  4084 checks/s  —  ETA 1s  —  0 failed so far
[OUTPUT] 2026-07-09T03:06:11.753281 skip_listing [train]:   32,500/37,500 checked (87%)  —  4084 checks/s  —  ETA 1s  —  0 failed so far
[OUTPUT] 2026-07-09T03:06:11.871301 skip_listing [train]:   33,000/37,500 checked (88%)  —  4087 checks/s  —  ETA 1s  —  0 failed so far
[OUTPUT] 2026-07-09T03:06:11.990138 skip_listing [train]:   33,500/37,500 checked (89%)  —  4088 checks/s  —  ETA 1s  —  0 failed so far
[OUTPUT] 2026-07-09T03:06:12.108829 skip_listing [train]:   34,000/37,500 checked (91%)  —  4090 checks/s  —  ETA 1s  —  0 failed so far
[OUTPUT] 2026-07-09T03:06:12.227414 skip_listing [train]:   34,500/37,500 checked (92%)  —  4092 checks/s  —  ETA 1s  —  0 failed so far
[OUTPUT] 2026-07-09T03:06:12.347044 skip_listing [train]:   35,000/37,500 checked (93%)  —  4093 checks/s  —  ETA 1s  —  0 failed so far
[OUTPUT] 2026-07-09T03:06:12.465782 skip_listing [train]:   35,500/37,500 checked (95%)  —  4095 checks/s  —  ETA 0s  —  0 failed so far
[OUTPUT] 2026-07-09T03:06:12.584826 skip_listing [train]:   36,000/37,500 checked (96%)  —  4096 checks/s  —  ETA 0s  —  0 failed so far
[OUTPUT] 2026-07-09T03:06:12.703342 skip_listing [train]:   36,500/37,500 checked (97%)  —  4098 checks/s  —  ETA 0s  —  0 failed so far
[OUTPUT] 2026-07-09T03:06:12.822580 skip_listing [train]:   37,000/37,500 checked (99%)  —  4099 checks/s  —  ETA 0s  —  0 failed so far
[OUTPUT] 2026-07-09T03:06:12.940974 skip_listing [train]: validation complete — all 37,500 samples exist (9.1s, 4101 checks/s); 9,375 URIs ready for rank 0 (37,500 total across all ranks)
[OUTPUT] 2026-07-09T03:06:12.941450 File listing [train]: 37500 files discovered, 9375 assigned to rank 0, completed in 9.17s
[OUTPUT] 2026-07-09T03:06:12.941620 skip_listing [valid]: generated 0 file URIs deterministically (0 total — validation disabled)
[OUTPUT] 2026-07-09T03:06:12.941720 File listing [valid]: 0 files discovered, 0 assigned to rank 0, completed in 0.00s
[OUTPUT] 2026-07-09T03:06:12.941800 Streamed file sharding: 37500 train files across 4 ranks via round-robin (rank 0 shard: 9375 files)
[OUTPUT] 2026-07-09T03:06:12.960388 Max steps per epoch per rank: 5357 = 1 * 37500 / 7 (samples per file * local files / batch size)
[OUTPUT] 2026-07-09T03:06:12.971330 Reshard for epoch 1: 9375 train files, 0 eval files redistributed via alltoall in 0.01s
[OUTPUT] 2026-07-09T03:06:31.104897 Worker pre-warm complete (100 workers spawned)
[OUTPUT] 2026-07-09T03:06:31.553828 Starting epoch 1: 1339 steps expected
[OUTPUT] 2026-07-09T03:06:31.554201 Starting block 1
[OUTPUT] 2026-07-09T03:10:43.057249 Ending block 1 - 1339 steps completed in 251.50 s
[OUTPUT] 2026-07-09T03:10:43.060779 Epoch 1 - Block 1 [Training] Accelerator Utilization [AU] (%): 91.3775
[OUTPUT] 2026-07-09T03:10:43.060831 Epoch 1 - Block 1 [Training] Throughput (samples/second): 157.8224
[OUTPUT] 2026-07-09T03:10:43.061590 Epoch 1 - Block 1 [Training] Computation time per step (second): 0.1621+/-0.0000 (set value: {'mean': 0.162})
[OUTPUT] 2026-07-09T03:10:43.095745 Ending epoch 1 - 1339 steps completed in 251.54 s
[OUTPUT] 2026-07-09T03:10:43.103448 Reshard for epoch 2: 9375 train files, 0 eval files redistributed via alltoall in 0.01s
[OUTPUT] 2026-07-09T03:11:00.512666 Worker pre-warm complete for epoch 2 (100 workers spawned)
[OUTPUT] 2026-07-09T03:11:00.994410 Starting epoch 2: 1339 steps expected
[OUTPUT] 2026-07-09T03:11:00.995401 Starting block 1
[OUTPUT] 2026-07-09T03:15:12.804985 Ending block 1 - 1339 steps completed in 251.81 s
[OUTPUT] 2026-07-09T03:15:12.807128 Epoch 2 - Block 1 [Training] Accelerator Utilization [AU] (%): 91.0717
[OUTPUT] 2026-07-09T03:15:12.807178 Epoch 2 - Block 1 [Training] Throughput (samples/second): 157.2915
[OUTPUT] 2026-07-09T03:15:12.807469 Epoch 2 - Block 1 [Training] Computation time per step (second): 0.1621+/-0.0000 (set value: {'mean': 0.162})
[OUTPUT] 2026-07-09T03:15:12.841987 Ending epoch 2 - 1339 steps completed in 251.85 s
[OUTPUT] 2026-07-09T03:15:12.851845 Reshard for epoch 3: 9375 train files, 0 eval files redistributed via alltoall in 0.01s
[OUTPUT] 2026-07-09T03:15:30.881074 Worker pre-warm complete for epoch 3 (100 workers spawned)
[OUTPUT] 2026-07-09T03:15:31.301451 Starting epoch 3: 1339 steps expected
[OUTPUT] 2026-07-09T03:15:31.302190 Starting block 1
[OUTPUT] 2026-07-09T03:19:43.859695 Ending block 1 - 1339 steps completed in 252.56 s
[OUTPUT] 2026-07-09T03:19:43.861686 Epoch 3 - Block 1 [Training] Accelerator Utilization [AU] (%): 90.9186
[OUTPUT] 2026-07-09T03:19:43.861732 Epoch 3 - Block 1 [Training] Throughput (samples/second): 157.0259
[OUTPUT] 2026-07-09T03:19:43.862019 Epoch 3 - Block 1 [Training] Computation time per step (second): 0.1621+/-0.0001 (set value: {'mean': 0.162})
[OUTPUT] 2026-07-09T03:19:43.902059 Ending epoch 3 - 1339 steps completed in 252.60 s
[OUTPUT] 2026-07-09T03:19:43.910137 Reshard for epoch 4: 9375 train files, 0 eval files redistributed via alltoall in 0.01s
[OUTPUT] 2026-07-09T03:19:59.397239 Worker pre-warm complete for epoch 4 (100 workers spawned)
[OUTPUT] 2026-07-09T03:20:01.239013 Starting epoch 4: 1339 steps expected
[OUTPUT] 2026-07-09T03:20:01.239804 Starting block 1
[OUTPUT] 2026-07-09T03:24:13.624523 Ending block 1 - 1339 steps completed in 252.38 s
[OUTPUT] 2026-07-09T03:24:13.626676 Epoch 4 - Block 1 [Training] Accelerator Utilization [AU] (%): 91.4918
[OUTPUT] 2026-07-09T03:24:13.626727 Epoch 4 - Block 1 [Training] Throughput (samples/second): 158.0156
[OUTPUT] 2026-07-09T03:24:13.627004 Epoch 4 - Block 1 [Training] Computation time per step (second): 0.1621+/-0.0001 (set value: {'mean': 0.162})
[OUTPUT] 2026-07-09T03:24:13.680777 Ending epoch 4 - 1339 steps completed in 252.44 s
[OUTPUT] 2026-07-09T03:24:13.689394 Reshard for epoch 5: 9375 train files, 0 eval files redistributed via alltoall in 0.01s
[OUTPUT] 2026-07-09T03:24:31.582677 Worker pre-warm complete for epoch 5 (100 workers spawned)
[OUTPUT] 2026-07-09T03:24:32.067742 Starting epoch 5: 1339 steps expected
[OUTPUT] 2026-07-09T03:24:32.068063 Starting block 1
[OUTPUT] 2026-07-09T03:28:44.428168 Ending block 1 - 1339 steps completed in 252.36 s
[OUTPUT] 2026-07-09T03:28:44.430015 Epoch 5 - Block 1 [Training] Accelerator Utilization [AU] (%): 90.9939
[OUTPUT] 2026-07-09T03:28:44.430063 Epoch 5 - Block 1 [Training] Throughput (samples/second): 157.1584
[OUTPUT] 2026-07-09T03:28:44.430333 Epoch 5 - Block 1 [Training] Computation time per step (second): 0.1621+/-0.0000 (set value: {'mean': 0.162})
[OUTPUT] 2026-07-09T03:28:44.499408 Ending epoch 5 - 1339 steps completed in 252.43 s
[OUTPUT] 2026-07-09T03:28:44.508720 Reshard for epoch 6: 9375 train files, 0 eval files redistributed via alltoall in 0.01s
[OUTPUT] 2026-07-09T03:29:01.768465 Worker pre-warm complete for epoch 6 (100 workers spawned)
[OUTPUT] 2026-07-09T03:29:02.928083 Saved outputs in /tmp/mlperf_storage_results_1t_4acc_100reader_37500_new/closed/holmesai_limited/results/StorMeshAI/training/unet3d/run/20260709_030558
[OUTPUT] Averaged metric over all steps/epochs
[METRIC] ==========================================================
[METRIC] Number of Simulated Accelerators: 4 
[METRIC] Training Accelerator Utilization [AU] (%): 90.9108 (0.1190)
[METRIC] Training Throughput (samples/second): 157.0193 (0.2048)
[METRIC] Training I/O Throughput (MiB/second): 21952.7540 (28.6369)
[METRIC] train_au_meet_expectation: success
[METRIC] ==========================================================

[OUTPUT] 2026-07-09T03:29:02.947882 outputs saved in RANKID_output.json
