[OUTPUT] [DEBUG DLIOBenchmark.__init__] After LoadConfig:
[OUTPUT]   storage_type   = <StorageType.LOCAL_FS: 'local_fs'>
[OUTPUT]   storage_root   = './'
[OUTPUT]   storage_options= None
[OUTPUT]   data_folder    = '/mnt/glfs/GalaxSphere-2Tier0/training/unet3d'
[OUTPUT]   framework      = <FrameworkType.PYTORCH: 'pytorch'>
[OUTPUT]   num_files_train= 196000
[OUTPUT]   record_length  = 146600628
[OUTPUT]   generate_data  = False
[OUTPUT]   do_train       = True
[OUTPUT]   do_checkpoint  = False
[OUTPUT]   epochs         = 5
[OUTPUT]   batch_size     = 7
[OUTPUT] 2026-07-13T12:37:23.289754 Running DLIO [Training] with 48 process(es)
[OUTPUT] 2026-07-13T12:37:23.312751 skip_listing [train]: validating 196,000 of 196,000 files (first, last, every 1) via HEAD requests ...
[OUTPUT] 2026-07-13T12:37:23.316452 skip_listing [train]:   500/196,000 checked (0%)  —  139475 checks/s  —  ETA 1s  —  0 failed so far
[OUTPUT] 2026-07-13T12:37:23.318548 skip_listing [train]:   1,000/196,000 checked (1%)  —  176024 checks/s  —  ETA 1s  —  0 failed so far
[OUTPUT] 2026-07-13T12:37:23.320619 skip_listing [train]:   1,500/196,000 checked (1%)  —  193464 checks/s  —  ETA 1s  —  0 failed so far
[OUTPUT] 2026-07-13T12:37:23.322690 skip_listing [train]:   2,000/196,000 checked (1%)  —  203582 checks/s  —  ETA 1s  —  0 failed so far
[OUTPUT] 2026-07-13T12:37:23.324747 skip_listing [train]:   2,500/196,000 checked (1%)  —  210414 checks/s  —  ETA 1s  —  0 failed so far
[OUTPUT] 2026-07-13T12:37:23.326835 skip_listing [train]:   3,000/196,000 checked (2%)  —  214762 checks/s  —  ETA 1s  —  0 failed so far
[OUTPUT] 2026-07-13T12:37:23.328882 skip_listing [train]:   3,500/196,000 checked (2%)  —  218528 checks/s  —  ETA 1s  —  0 failed so far
[OUTPUT] 2026-07-13T12:37:23.330916 skip_listing [train]:   4,000/196,000 checked (2%)  —  221607 checks/s  —  ETA 1s  —  0 failed so far
[OUTPUT] 2026-07-13T12:37:23.332944 skip_listing [train]:   4,500/196,000 checked (2%)  —  224121 checks/s  —  ETA 1s  —  0 failed so far
[OUTPUT] 2026-07-13T12:37:23.334970 skip_listing [train]:   5,000/196,000 checked (3%)  —  226203 checks/s  —  ETA 1s  —  0 failed so far
[OUTPUT] 2026-07-13T12:37:23.337003 skip_listing [train]:   5,500/196,000 checked (3%)  —  227868 checks/s  —  ETA 1s  —  0 failed so far
[OUTPUT] 2026-07-13T12:37:23.339022 skip_listing [train]:   6,000/196,000 checked (3%)  —  229395 checks/s  —  ETA 1s  —  0 failed so far
[OUTPUT] 2026-07-13T12:37:23.341043 skip_listing [train]:   6,500/196,000 checked (3%)  —  230686 checks/s  —  ETA 1s  —  0 failed so far
[OUTPUT] 2026-07-13T12:37:23.343061 skip_listing [train]:   7,000/196,000 checked (4%)  —  231826 checks/s  —  ETA 1s  —  0 failed so far
[OUTPUT] 2026-07-13T12:37:23.345073 skip_listing [train]:   7,500/196,000 checked (4%)  —  232863 checks/s  —  ETA 1s  —  0 failed so far
[OUTPUT] 2026-07-13T12:37:23.347086 skip_listing [train]:   8,000/196,000 checked (4%)  —  233780 checks/s  —  ETA 1s  —  0 failed so far
[OUTPUT] 2026-07-13T12:37:23.349097 skip_listing [train]:   8,500/196,000 checked (4%)  —  234602 checks/s  —  ETA 1s  —  0 failed so far
[OUTPUT] 2026-07-13T12:37:23.351109 skip_listing [train]:   9,000/196,000 checked (5%)  —  235332 checks/s  —  ETA 1s  —  0 failed so far
[OUTPUT] 2026-07-13T12:37:23.353126 skip_listing [train]:   9,500/196,000 checked (5%)  —  235969 checks/s  —  ETA 1s  —  0 failed so far
[OUTPUT] 2026-07-13T12:37:23.355138 skip_listing [train]:   10,000/196,000 checked (5%)  —  236560 checks/s  —  ETA 1s  —  0 failed so far
[OUTPUT] 2026-07-13T12:37:23.357147 skip_listing [train]:   10,500/196,000 checked (5%)  —  237118 checks/s  —  ETA 1s  —  0 failed so far
[OUTPUT] 2026-07-13T12:37:23.359157 skip_listing [train]:   11,000/196,000 checked (6%)  —  237627 checks/s  —  ETA 1s  —  0 failed so far
[OUTPUT] 2026-07-13T12:37:23.361167 skip_listing [train]:   11,500/196,000 checked (6%)  —  238089 checks/s  —  ETA 1s  —  0 failed so far
[OUTPUT] 2026-07-13T12:37:23.363178 skip_listing [train]:   12,000/196,000 checked (6%)  —  238510 checks/s  —  ETA 1s  —  0 failed so far
[OUTPUT] 2026-07-13T12:37:23.365196 skip_listing [train]:   12,500/196,000 checked (6%)  —  238865 checks/s  —  ETA 1s  —  0 failed so far
[OUTPUT] 2026-07-13T12:37:23.367202 skip_listing [train]:   13,000/196,000 checked (7%)  —  239252 checks/s  —  ETA 1s  —  0 failed so far
[OUTPUT] 2026-07-13T12:37:23.371908 skip_listing [train]:   13,500/196,000 checked (7%)  —  228653 checks/s  —  ETA 1s  —  0 failed so far
[OUTPUT] 2026-07-13T12:37:23.373894 skip_listing [train]:   14,000/196,000 checked (7%)  —  229402 checks/s  —  ETA 1s  —  0 failed so far
[OUTPUT] 2026-07-13T12:37:23.375880 skip_listing [train]:   14,500/196,000 checked (7%)  —  230106 checks/s  —  ETA 1s  —  0 failed so far
[OUTPUT] 2026-07-13T12:37:23.377861 skip_listing [train]:   15,000/196,000 checked (8%)  —  230784 checks/s  —  ETA 1s  —  0 failed so far
[OUTPUT] 2026-07-13T12:37:23.379845 skip_listing [train]:   15,500/196,000 checked (8%)  —  231415 checks/s  —  ETA 1s  —  0 failed so far
[OUTPUT] 2026-07-13T12:37:23.381828 skip_listing [train]:   16,000/196,000 checked (8%)  —  232012 checks/s  —  ETA 1s  —  0 failed so far
[OUTPUT] 2026-07-13T12:37:23.383810 skip_listing [train]:   16,500/196,000 checked (8%)  —  232578 checks/s  —  ETA 1s  —  0 failed so far
[OUTPUT] 2026-07-13T12:37:23.385788 skip_listing [train]:   17,000/196,000 checked (9%)  —  233124 checks/s  —  ETA 1s  —  0 failed so far
[OUTPUT] 2026-07-13T12:37:23.387771 skip_listing [train]:   17,500/196,000 checked (9%)  —  233627 checks/s  —  ETA 1s  —  0 failed so far
[OUTPUT] 2026-07-13T12:37:23.389750 skip_listing [train]:   18,000/196,000 checked (9%)  —  234117 checks/s  —  ETA 1s  —  0 failed so far
[OUTPUT] 2026-07-13T12:37:23.391727 skip_listing [train]:   18,500/196,000 checked (9%)  —  234589 checks/s  —  ETA 1s  —  0 failed so far
[OUTPUT] 2026-07-13T12:37:23.393711 skip_listing [train]:   19,000/196,000 checked (10%)  —  235017 checks/s  —  ETA 1s  —  0 failed so far
[OUTPUT] 2026-07-13T12:37:23.395696 skip_listing [train]:   19,500/196,000 checked (10%)  —  235421 checks/s  —  ETA 1s  —  0 failed so far
[OUTPUT] 2026-07-13T12:37:23.399205 skip_listing [train]:   20,000/196,000 checked (10%)  —  231644 checks/s  —  ETA 1s  —  0 failed so far
[OUTPUT] 2026-07-13T12:37:23.401184 skip_listing [train]:   20,500/196,000 checked (10%)  —  232115 checks/s  —  ETA 1s  —  0 failed so far
[OUTPUT] 2026-07-13T12:37:23.403163 skip_listing [train]:   21,000/196,000 checked (11%)  —  232567 checks/s  —  ETA 1s  —  0 failed so far
[OUTPUT] 2026-07-13T12:37:23.405141 skip_listing [train]:   21,500/196,000 checked (11%)  —  232998 checks/s  —  ETA 1s  —  0 failed so far
[OUTPUT] 2026-07-13T12:37:23.407127 skip_listing [train]:   22,000/196,000 checked (11%)  —  233395 checks/s  —  ETA 1s  —  0 failed so far
[OUTPUT] 2026-07-13T12:37:23.409108 skip_listing [train]:   22,500/196,000 checked (11%)  —  233786 checks/s  —  ETA 1s  —  0 failed so far
[OUTPUT] 2026-07-13T12:37:23.411091 skip_listing [train]:   23,000/196,000 checked (12%)  —  234157 checks/s  —  ETA 1s  —  0 failed so far
[OUTPUT] 2026-07-13T12:37:23.413074 skip_listing [train]:   23,500/196,000 checked (12%)  —  234512 checks/s  —  ETA 1s  —  0 failed so far
[OUTPUT] 2026-07-13T12:37:23.415056 skip_listing [train]:   24,000/196,000 checked (12%)  —  234855 checks/s  —  ETA 1s  —  0 failed so far
[OUTPUT] 2026-07-13T12:37:23.417037 skip_listing [train]:   24,500/196,000 checked (12%)  —  235191 checks/s  —  ETA 1s  —  0 failed so far
[OUTPUT] 2026-07-13T12:37:23.419017 skip_listing [train]:   25,000/196,000 checked (13%)  —  235513 checks/s  —  ETA 1s  —  0 failed so far
[OUTPUT] 2026-07-13T12:37:23.420998 skip_listing [train]:   25,500/196,000 checked (13%)  —  235823 checks/s  —  ETA 1s  —  0 failed so far
[OUTPUT] 2026-07-13T12:37:23.422976 skip_listing [train]:   26,000/196,000 checked (13%)  —  236127 checks/s  —  ETA 1s  —  0 failed so far
[OUTPUT] 2026-07-13T12:37:23.424957 skip_listing [train]:   26,500/196,000 checked (14%)  —  236415 checks/s  —  ETA 1s  —  0 failed so far
[OUTPUT] 2026-07-13T12:37:23.426932 skip_listing [train]:   27,000/196,000 checked (14%)  —  236704 checks/s  —  ETA 1s  —  0 failed so far
[OUTPUT] 2026-07-13T12:37:23.428914 skip_listing [train]:   27,500/196,000 checked (14%)  —  236972 checks/s  —  ETA 1s  —  0 failed so far
[OUTPUT] 2026-07-13T12:37:23.430896 skip_listing [train]:   28,000/196,000 checked (14%)  —  237228 checks/s  —  ETA 1s  —  0 failed so far
[OUTPUT] 2026-07-13T12:37:23.432880 skip_listing [train]:   28,500/196,000 checked (15%)  —  237471 checks/s  —  ETA 1s  —  0 failed so far
[OUTPUT] 2026-07-13T12:37:23.434854 skip_listing [train]:   29,000/196,000 checked (15%)  —  237728 checks/s  —  ETA 1s  —  0 failed so far
[OUTPUT] 2026-07-13T12:37:23.436839 skip_listing [train]:   29,500/196,000 checked (15%)  —  237954 checks/s  —  ETA 1s  —  0 failed so far
[OUTPUT] 2026-07-13T12:37:23.438814 skip_listing [train]:   30,000/196,000 checked (15%)  —  238194 checks/s  —  ETA 1s  —  0 failed so far
[OUTPUT] 2026-07-13T12:37:23.440791 skip_listing [train]:   30,500/196,000 checked (16%)  —  238419 checks/s  —  ETA 1s  —  0 failed so far
[OUTPUT] 2026-07-13T12:37:23.442773 skip_listing [train]:   31,000/196,000 checked (16%)  —  238632 checks/s  —  ETA 1s  —  0 failed so far
[OUTPUT] 2026-07-13T12:37:23.444752 skip_listing [train]:   31,500/196,000 checked (16%)  —  238842 checks/s  —  ETA 1s  —  0 failed so far
[OUTPUT] 2026-07-13T12:37:23.446729 skip_listing [train]:   32,000/196,000 checked (16%)  —  239050 checks/s  —  ETA 1s  —  0 failed so far
[OUTPUT] 2026-07-13T12:37:23.448708 skip_listing [train]:   32,500/196,000 checked (17%)  —  239248 checks/s  —  ETA 1s  —  0 failed so far
[OUTPUT] 2026-07-13T12:37:23.450688 skip_listing [train]:   33,000/196,000 checked (17%)  —  239439 checks/s  —  ETA 1s  —  0 failed so far
[OUTPUT] 2026-07-13T12:37:23.452669 skip_listing [train]:   33,500/196,000 checked (17%)  —  239623 checks/s  —  ETA 1s  —  0 failed so far
[OUTPUT] 2026-07-13T12:37:23.455487 skip_listing [train]:   34,000/196,000 checked (17%)  —  238394 checks/s  —  ETA 1s  —  0 failed so far
[OUTPUT] 2026-07-13T12:37:23.457469 skip_listing [train]:   34,500/196,000 checked (18%)  —  238584 checks/s  —  ETA 1s  —  0 failed so far
[OUTPUT] 2026-07-13T12:37:23.459449 skip_listing [train]:   35,000/196,000 checked (18%)  —  238773 checks/s  —  ETA 1s  —  0 failed so far
[OUTPUT] 2026-07-13T12:37:23.461426 skip_listing [train]:   35,500/196,000 checked (18%)  —  238959 checks/s  —  ETA 1s  —  0 failed so far
[OUTPUT] 2026-07-13T12:37:23.463405 skip_listing [train]:   36,000/196,000 checked (18%)  —  239140 checks/s  —  ETA 1s  —  0 failed so far
[OUTPUT] 2026-07-13T12:37:23.465385 skip_listing [train]:   36,500/196,000 checked (19%)  —  239314 checks/s  —  ETA 1s  —  0 failed so far
[OUTPUT] 2026-07-13T12:37:23.467368 skip_listing [train]:   37,000/196,000 checked (19%)  —  239478 checks/s  —  ETA 1s  —  0 failed so far
[OUTPUT] 2026-07-13T12:37:23.469351 skip_listing [train]:   37,500/196,000 checked (19%)  —  239639 checks/s  —  ETA 1s  —  0 failed so far
[OUTPUT] 2026-07-13T12:37:23.471330 skip_listing [train]:   38,000/196,000 checked (19%)  —  239801 checks/s  —  ETA 1s  —  0 failed so far
[OUTPUT] 2026-07-13T12:37:23.473302 skip_listing [train]:   38,500/196,000 checked (20%)  —  239970 checks/s  —  ETA 1s  —  0 failed so far
[OUTPUT] 2026-07-13T12:37:23.475281 skip_listing [train]:   39,000/196,000 checked (20%)  —  240125 checks/s  —  ETA 1s  —  0 failed so far
[OUTPUT] 2026-07-13T12:37:23.477258 skip_listing [train]:   39,500/196,000 checked (20%)  —  240279 checks/s  —  ETA 1s  —  0 failed so far
[OUTPUT] 2026-07-13T12:37:23.479235 skip_listing [train]:   40,000/196,000 checked (20%)  —  240429 checks/s  —  ETA 1s  —  0 failed so far
[OUTPUT] 2026-07-13T12:37:23.481215 skip_listing [train]:   40,500/196,000 checked (21%)  —  240571 checks/s  —  ETA 1s  —  0 failed so far
[OUTPUT] 2026-07-13T12:37:23.483193 skip_listing [train]:   41,000/196,000 checked (21%)  —  240714 checks/s  —  ETA 1s  —  0 failed so far
[OUTPUT] 2026-07-13T12:37:23.485181 skip_listing [train]:   41,500/196,000 checked (21%)  —  240837 checks/s  —  ETA 1s  —  0 failed so far
[OUTPUT] 2026-07-13T12:37:23.487163 skip_listing [train]:   42,000/196,000 checked (21%)  —  240967 checks/s  —  ETA 1s  —  0 failed so far
[OUTPUT] 2026-07-13T12:37:23.489142 skip_listing [train]:   42,500/196,000 checked (22%)  —  241099 checks/s  —  ETA 1s  —  0 failed so far
[OUTPUT] 2026-07-13T12:37:23.491123 skip_listing [train]:   43,000/196,000 checked (22%)  —  241224 checks/s  —  ETA 1s  —  0 failed so far
[OUTPUT] 2026-07-13T12:37:23.493101 skip_listing [train]:   43,500/196,000 checked (22%)  —  241351 checks/s  —  ETA 1s  —  0 failed so far
[OUTPUT] 2026-07-13T12:37:23.495079 skip_listing [train]:   44,000/196,000 checked (22%)  —  241475 checks/s  —  ETA 1s  —  0 failed so far
[OUTPUT] 2026-07-13T12:37:23.497060 skip_listing [train]:   44,500/196,000 checked (23%)  —  241592 checks/s  —  ETA 1s  —  0 failed so far
[OUTPUT] 2026-07-13T12:37:23.499036 skip_listing [train]:   45,000/196,000 checked (23%)  —  241714 checks/s  —  ETA 1s  —  0 failed so far
[OUTPUT] 2026-07-13T12:37:23.501016 skip_listing [train]:   45,500/196,000 checked (23%)  —  241828 checks/s  —  ETA 1s  —  0 failed so far
[OUTPUT] 2026-07-13T12:37:23.502996 skip_listing [train]:   46,000/196,000 checked (23%)  —  241939 checks/s  —  ETA 1s  —  0 failed so far
[OUTPUT] 2026-07-13T12:37:23.504976 skip_listing [train]:   46,500/196,000 checked (24%)  —  242048 checks/s  —  ETA 1s  —  0 failed so far
[OUTPUT] 2026-07-13T12:37:23.506955 skip_listing [train]:   47,000/196,000 checked (24%)  —  242157 checks/s  —  ETA 1s  —  0 failed so far
[OUTPUT] 2026-07-13T12:37:23.508935 skip_listing [train]:   47,500/196,000 checked (24%)  —  242261 checks/s  —  ETA 1s  —  0 failed so far
[OUTPUT] 2026-07-13T12:37:23.510913 skip_listing [train]:   48,000/196,000 checked (24%)  —  242366 checks/s  —  ETA 1s  —  0 failed so far
[OUTPUT] 2026-07-13T12:37:23.512891 skip_listing [train]:   48,500/196,000 checked (25%)  —  242470 checks/s  —  ETA 1s  —  0 failed so far
[OUTPUT] 2026-07-13T12:37:23.514869 skip_listing [train]:   49,000/196,000 checked (25%)  —  242570 checks/s  —  ETA 1s  —  0 failed so far
[OUTPUT] 2026-07-13T12:37:23.516852 skip_listing [train]:   49,500/196,000 checked (25%)  —  242664 checks/s  —  ETA 1s  —  0 failed so far
[OUTPUT] 2026-07-13T12:37:23.518825 skip_listing [train]:   50,000/196,000 checked (26%)  —  242766 checks/s  —  ETA 1s  —  0 failed so far
[OUTPUT] 2026-07-13T12:37:23.520801 skip_listing [train]:   50,500/196,000 checked (26%)  —  242864 checks/s  —  ETA 1s  —  0 failed so far
[OUTPUT] 2026-07-13T12:37:23.522779 skip_listing [train]:   51,000/196,000 checked (26%)  —  242958 checks/s  —  ETA 1s  —  0 failed so far
[OUTPUT] 2026-07-13T12:37:23.524755 skip_listing [train]:   51,500/196,000 checked (26%)  —  243051 checks/s  —  ETA 1s  —  0 failed so far
[OUTPUT] 2026-07-13T12:37:23.526735 skip_listing [train]:   52,000/196,000 checked (27%)  —  243139 checks/s  —  ETA 1s  —  0 failed so far
[OUTPUT] 2026-07-13T12:37:23.528714 skip_listing [train]:   52,500/196,000 checked (27%)  —  243227 checks/s  —  ETA 1s  —  0 failed so far
[OUTPUT] 2026-07-13T12:37:23.530690 skip_listing [train]:   53,000/196,000 checked (27%)  —  243315 checks/s  —  ETA 1s  —  0 failed so far
[OUTPUT] 2026-07-13T12:37:23.532668 skip_listing [train]:   53,500/196,000 checked (27%)  —  243401 checks/s  —  ETA 1s  —  0 failed so far
[OUTPUT] 2026-07-13T12:37:23.534654 skip_listing [train]:   54,000/196,000 checked (28%)  —  243476 checks/s  —  ETA 1s  —  0 failed so far
[OUTPUT] 2026-07-13T12:37:23.536644 skip_listing [train]:   54,500/196,000 checked (28%)  —  243545 checks/s  —  ETA 1s  —  0 failed so far
[OUTPUT] 2026-07-13T12:37:23.538626 skip_listing [train]:   55,000/196,000 checked (28%)  —  243622 checks/s  —  ETA 1s  —  0 failed so far
[OUTPUT] 2026-07-13T12:37:23.540600 skip_listing [train]:   55,500/196,000 checked (28%)  —  243705 checks/s  —  ETA 1s  —  0 failed so far
[OUTPUT] 2026-07-13T12:37:23.542580 skip_listing [train]:   56,000/196,000 checked (29%)  —  243782 checks/s  —  ETA 1s  —  0 failed so far
[OUTPUT] 2026-07-13T12:37:23.544560 skip_listing [train]:   56,500/196,000 checked (29%)  —  243855 checks/s  —  ETA 1s  —  0 failed so far
[OUTPUT] 2026-07-13T12:37:23.546544 skip_listing [train]:   57,000/196,000 checked (29%)  —  243926 checks/s  —  ETA 1s  —  0 failed so far
[OUTPUT] 2026-07-13T12:37:23.548529 skip_listing [train]:   57,500/196,000 checked (29%)  —  243992 checks/s  —  ETA 1s  —  0 failed so far
[OUTPUT] 2026-07-13T12:37:23.550508 skip_listing [train]:   58,000/196,000 checked (30%)  —  244064 checks/s  —  ETA 1s  —  0 failed so far
[OUTPUT] 2026-07-13T12:37:23.552489 skip_listing [train]:   58,500/196,000 checked (30%)  —  244133 checks/s  —  ETA 1s  —  0 failed so far
[OUTPUT] 2026-07-13T12:37:23.554975 skip_listing [train]:   59,000/196,000 checked (30%)  —  243692 checks/s  —  ETA 1s  —  0 failed so far
[OUTPUT] 2026-07-13T12:37:23.556954 skip_listing [train]:   59,500/196,000 checked (30%)  —  243764 checks/s  —  ETA 1s  —  0 failed so far
[OUTPUT] 2026-07-13T12:37:23.558936 skip_listing [train]:   60,000/196,000 checked (31%)  —  243833 checks/s  —  ETA 1s  —  0 failed so far
[OUTPUT] 2026-07-13T12:37:23.560918 skip_listing [train]:   60,500/196,000 checked (31%)  —  243901 checks/s  —  ETA 1s  —  0 failed so far
[OUTPUT] 2026-07-13T12:37:23.562896 skip_listing [train]:   61,000/196,000 checked (31%)  —  243971 checks/s  —  ETA 1s  —  0 failed so far
[OUTPUT] 2026-07-13T12:37:23.564882 skip_listing [train]:   61,500/196,000 checked (31%)  —  244032 checks/s  —  ETA 1s  —  0 failed so far
[OUTPUT] 2026-07-13T12:37:23.566861 skip_listing [train]:   62,000/196,000 checked (32%)  —  244098 checks/s  —  ETA 1s  —  0 failed so far
[OUTPUT] 2026-07-13T12:37:23.568838 skip_listing [train]:   62,500/196,000 checked (32%)  —  244167 checks/s  —  ETA 1s  —  0 failed so far
[OUTPUT] 2026-07-13T12:37:23.570820 skip_listing [train]:   63,000/196,000 checked (32%)  —  244229 checks/s  —  ETA 1s  —  0 failed so far
[OUTPUT] 2026-07-13T12:37:23.572803 skip_listing [train]:   63,500/196,000 checked (32%)  —  244290 checks/s  —  ETA 1s  —  0 failed so far
[OUTPUT] 2026-07-13T12:37:23.574790 skip_listing [train]:   64,000/196,000 checked (33%)  —  244345 checks/s  —  ETA 1s  —  0 failed so far
[OUTPUT] 2026-07-13T12:37:23.576773 skip_listing [train]:   64,500/196,000 checked (33%)  —  244404 checks/s  —  ETA 1s  —  0 failed so far
[OUTPUT] 2026-07-13T12:37:23.579216 skip_listing [train]:   65,000/196,000 checked (33%)  —  244039 checks/s  —  ETA 1s  —  0 failed so far
[OUTPUT] 2026-07-13T12:37:23.581203 skip_listing [train]:   65,500/196,000 checked (33%)  —  244096 checks/s  —  ETA 1s  —  0 failed so far
[OUTPUT] 2026-07-13T12:37:23.583175 skip_listing [train]:   66,000/196,000 checked (34%)  —  244165 checks/s  —  ETA 1s  —  0 failed so far
[OUTPUT] 2026-07-13T12:37:23.585154 skip_listing [train]:   66,500/196,000 checked (34%)  —  244227 checks/s  —  ETA 1s  —  0 failed so far
[OUTPUT] 2026-07-13T12:37:23.587128 skip_listing [train]:   67,000/196,000 checked (34%)  —  244292 checks/s  —  ETA 1s  —  0 failed so far
[OUTPUT] 2026-07-13T12:37:23.589107 skip_listing [train]:   67,500/196,000 checked (34%)  —  244352 checks/s  —  ETA 1s  —  0 failed so far
[OUTPUT] 2026-07-13T12:37:23.591082 skip_listing [train]:   68,000/196,000 checked (35%)  —  244414 checks/s  —  ETA 1s  —  0 failed so far
[OUTPUT] 2026-07-13T12:37:23.593061 skip_listing [train]:   68,500/196,000 checked (35%)  —  244472 checks/s  —  ETA 1s  —  0 failed so far
[OUTPUT] 2026-07-13T12:37:23.595039 skip_listing [train]:   69,000/196,000 checked (35%)  —  244531 checks/s  —  ETA 1s  —  0 failed so far
[OUTPUT] 2026-07-13T12:37:23.597015 skip_listing [train]:   69,500/196,000 checked (35%)  —  244590 checks/s  —  ETA 1s  —  0 failed so far
[OUTPUT] 2026-07-13T12:37:23.598986 skip_listing [train]:   70,000/196,000 checked (36%)  —  244653 checks/s  —  ETA 1s  —  0 failed so far
[OUTPUT] 2026-07-13T12:37:23.600962 skip_listing [train]:   70,500/196,000 checked (36%)  —  244710 checks/s  —  ETA 1s  —  0 failed so far
[OUTPUT] 2026-07-13T12:37:23.602935 skip_listing [train]:   71,000/196,000 checked (36%)  —  244769 checks/s  —  ETA 1s  —  0 failed so far
[OUTPUT] 2026-07-13T12:37:23.604917 skip_listing [train]:   71,500/196,000 checked (36%)  —  244820 checks/s  —  ETA 1s  —  0 failed so far
[OUTPUT] 2026-07-13T12:37:23.606892 skip_listing [train]:   72,000/196,000 checked (37%)  —  244876 checks/s  —  ETA 1s  —  0 failed so far
[OUTPUT] 2026-07-13T12:37:23.608871 skip_listing [train]:   72,500/196,000 checked (37%)  —  244928 checks/s  —  ETA 1s  —  0 failed so far
[OUTPUT] 2026-07-13T12:37:23.610849 skip_listing [train]:   73,000/196,000 checked (37%)  —  244981 checks/s  —  ETA 1s  —  0 failed so far
[OUTPUT] 2026-07-13T12:37:23.612822 skip_listing [train]:   73,500/196,000 checked (38%)  —  245035 checks/s  —  ETA 0s  —  0 failed so far
[OUTPUT] 2026-07-13T12:37:23.614799 skip_listing [train]:   74,000/196,000 checked (38%)  —  245087 checks/s  —  ETA 0s  —  0 failed so far
[OUTPUT] 2026-07-13T12:37:23.616776 skip_listing [train]:   74,500/196,000 checked (38%)  —  245138 checks/s  —  ETA 0s  —  0 failed so far
[OUTPUT] 2026-07-13T12:37:23.618751 skip_listing [train]:   75,000/196,000 checked (38%)  —  245190 checks/s  —  ETA 0s  —  0 failed so far
[OUTPUT] 2026-07-13T12:37:23.620732 skip_listing [train]:   75,500/196,000 checked (39%)  —  245237 checks/s  —  ETA 0s  —  0 failed so far
[OUTPUT] 2026-07-13T12:37:23.622717 skip_listing [train]:   76,000/196,000 checked (39%)  —  245279 checks/s  —  ETA 0s  —  0 failed so far
[OUTPUT] 2026-07-13T12:37:23.624695 skip_listing [train]:   76,500/196,000 checked (39%)  —  245327 checks/s  —  ETA 0s  —  0 failed so far
[OUTPUT] 2026-07-13T12:37:23.626676 skip_listing [train]:   77,000/196,000 checked (39%)  —  245371 checks/s  —  ETA 0s  —  0 failed so far
[OUTPUT] 2026-07-13T12:37:23.628653 skip_listing [train]:   77,500/196,000 checked (40%)  —  245419 checks/s  —  ETA 0s  —  0 failed so far
[OUTPUT] 2026-07-13T12:37:23.630637 skip_listing [train]:   78,000/196,000 checked (40%)  —  245459 checks/s  —  ETA 0s  —  0 failed so far
[OUTPUT] 2026-07-13T12:37:23.632621 skip_listing [train]:   78,500/196,000 checked (40%)  —  245500 checks/s  —  ETA 0s  —  0 failed so far
[OUTPUT] 2026-07-13T12:37:23.634599 skip_listing [train]:   79,000/196,000 checked (40%)  —  245545 checks/s  —  ETA 0s  —  0 failed so far
[OUTPUT] 2026-07-13T12:37:23.636582 skip_listing [train]:   79,500/196,000 checked (41%)  —  245585 checks/s  —  ETA 0s  —  0 failed so far
[OUTPUT] 2026-07-13T12:37:23.638558 skip_listing [train]:   80,000/196,000 checked (41%)  —  245631 checks/s  —  ETA 0s  —  0 failed so far
[OUTPUT] 2026-07-13T12:37:23.640534 skip_listing [train]:   80,500/196,000 checked (41%)  —  245675 checks/s  —  ETA 0s  —  0 failed so far
[OUTPUT] 2026-07-13T12:37:23.642511 skip_listing [train]:   81,000/196,000 checked (41%)  —  245719 checks/s  —  ETA 0s  —  0 failed so far
[OUTPUT] 2026-07-13T12:37:23.644485 skip_listing [train]:   81,500/196,000 checked (42%)  —  245764 checks/s  —  ETA 0s  —  0 failed so far
[OUTPUT] 2026-07-13T12:37:23.646464 skip_listing [train]:   82,000/196,000 checked (42%)  —  245804 checks/s  —  ETA 0s  —  0 failed so far
[OUTPUT] 2026-07-13T12:37:23.648444 skip_listing [train]:   82,500/196,000 checked (42%)  —  245845 checks/s  —  ETA 0s  —  0 failed so far
[OUTPUT] 2026-07-13T12:37:23.650425 skip_listing [train]:   83,000/196,000 checked (42%)  —  245883 checks/s  —  ETA 0s  —  0 failed so far
[OUTPUT] 2026-07-13T12:37:23.652401 skip_listing [train]:   83,500/196,000 checked (43%)  —  245924 checks/s  —  ETA 0s  —  0 failed so far
[OUTPUT] 2026-07-13T12:37:23.654381 skip_listing [train]:   84,000/196,000 checked (43%)  —  245963 checks/s  —  ETA 0s  —  0 failed so far
[OUTPUT] 2026-07-13T12:37:23.656360 skip_listing [train]:   84,500/196,000 checked (43%)  —  246001 checks/s  —  ETA 0s  —  0 failed so far
[OUTPUT] 2026-07-13T12:37:23.658337 skip_listing [train]:   85,000/196,000 checked (43%)  —  246041 checks/s  —  ETA 0s  —  0 failed so far
[OUTPUT] 2026-07-13T12:37:23.660314 skip_listing [train]:   85,500/196,000 checked (44%)  —  246080 checks/s  —  ETA 0s  —  0 failed so far
[OUTPUT] 2026-07-13T12:37:23.662292 skip_listing [train]:   86,000/196,000 checked (44%)  —  246118 checks/s  —  ETA 0s  —  0 failed so far
[OUTPUT] 2026-07-13T12:37:23.664271 skip_listing [train]:   86,500/196,000 checked (44%)  —  246155 checks/s  —  ETA 0s  —  0 failed so far
[OUTPUT] 2026-07-13T12:37:23.666249 skip_listing [train]:   87,000/196,000 checked (44%)  —  246192 checks/s  —  ETA 0s  —  0 failed so far
[OUTPUT] 2026-07-13T12:37:23.668232 skip_listing [train]:   87,500/196,000 checked (45%)  —  246225 checks/s  —  ETA 0s  —  0 failed so far
[OUTPUT] 2026-07-13T12:37:23.670213 skip_listing [train]:   88,000/196,000 checked (45%)  —  246259 checks/s  —  ETA 0s  —  0 failed so far
[OUTPUT] 2026-07-13T12:37:23.672193 skip_listing [train]:   88,500/196,000 checked (45%)  —  246293 checks/s  —  ETA 0s  —  0 failed so far
[OUTPUT] 2026-07-13T12:37:23.674170 skip_listing [train]:   89,000/196,000 checked (45%)  —  246330 checks/s  —  ETA 0s  —  0 failed so far
[OUTPUT] 2026-07-13T12:37:23.676147 skip_listing [train]:   89,500/196,000 checked (46%)  —  246365 checks/s  —  ETA 0s  —  0 failed so far
[OUTPUT] 2026-07-13T12:37:23.678131 skip_listing [train]:   90,000/196,000 checked (46%)  —  246396 checks/s  —  ETA 0s  —  0 failed so far
[OUTPUT] 2026-07-13T12:37:23.680124 skip_listing [train]:   90,500/196,000 checked (46%)  —  246421 checks/s  —  ETA 0s  —  0 failed so far
[OUTPUT] 2026-07-13T12:37:23.682101 skip_listing [train]:   91,000/196,000 checked (46%)  —  246455 checks/s  —  ETA 0s  —  0 failed so far
[OUTPUT] 2026-07-13T12:37:23.684089 skip_listing [train]:   91,500/196,000 checked (47%)  —  246482 checks/s  —  ETA 0s  —  0 failed so far
[OUTPUT] 2026-07-13T12:37:23.686072 skip_listing [train]:   92,000/196,000 checked (47%)  —  246512 checks/s  —  ETA 0s  —  0 failed so far
[OUTPUT] 2026-07-13T12:37:23.688056 skip_listing [train]:   92,500/196,000 checked (47%)  —  246542 checks/s  —  ETA 0s  —  0 failed so far
[OUTPUT] 2026-07-13T12:37:23.690034 skip_listing [train]:   93,000/196,000 checked (47%)  —  246574 checks/s  —  ETA 0s  —  0 failed so far
[OUTPUT] 2026-07-13T12:37:23.692010 skip_listing [train]:   93,500/196,000 checked (48%)  —  246608 checks/s  —  ETA 0s  —  0 failed so far
[OUTPUT] 2026-07-13T12:37:23.693985 skip_listing [train]:   94,000/196,000 checked (48%)  —  246642 checks/s  —  ETA 0s  —  0 failed so far
[OUTPUT] 2026-07-13T12:37:23.695960 skip_listing [train]:   94,500/196,000 checked (48%)  —  246676 checks/s  —  ETA 0s  —  0 failed so far
[OUTPUT] 2026-07-13T12:37:23.697943 skip_listing [train]:   95,000/196,000 checked (48%)  —  246704 checks/s  —  ETA 0s  —  0 failed so far
[OUTPUT] 2026-07-13T12:37:23.699929 skip_listing [train]:   95,500/196,000 checked (49%)  —  246729 checks/s  —  ETA 0s  —  0 failed so far
[OUTPUT] 2026-07-13T12:37:23.701913 skip_listing [train]:   96,000/196,000 checked (49%)  —  246757 checks/s  —  ETA 0s  —  0 failed so far
[OUTPUT] 2026-07-13T12:37:23.703893 skip_listing [train]:   96,500/196,000 checked (49%)  —  246786 checks/s  —  ETA 0s  —  0 failed so far
[OUTPUT] 2026-07-13T12:37:23.705866 skip_listing [train]:   97,000/196,000 checked (49%)  —  246819 checks/s  —  ETA 0s  —  0 failed so far
[OUTPUT] 2026-07-13T12:37:23.707850 skip_listing [train]:   97,500/196,000 checked (50%)  —  246845 checks/s  —  ETA 0s  —  0 failed so far
[OUTPUT] 2026-07-13T12:37:23.709832 skip_listing [train]:   98,000/196,000 checked (50%)  —  246872 checks/s  —  ETA 0s  —  0 failed so far
[OUTPUT] 2026-07-13T12:37:23.711811 skip_listing [train]:   98,500/196,000 checked (50%)  —  246901 checks/s  —  ETA 0s  —  0 failed so far
[OUTPUT] 2026-07-13T12:37:23.713790 skip_listing [train]:   99,000/196,000 checked (51%)  —  246929 checks/s  —  ETA 0s  —  0 failed so far
[OUTPUT] 2026-07-13T12:37:23.715777 skip_listing [train]:   99,500/196,000 checked (51%)  —  246952 checks/s  —  ETA 0s  —  0 failed so far
[OUTPUT] 2026-07-13T12:37:23.717760 skip_listing [train]:   100,000/196,000 checked (51%)  —  246978 checks/s  —  ETA 0s  —  0 failed so far
[OUTPUT] 2026-07-13T12:37:23.719734 skip_listing [train]:   100,500/196,000 checked (51%)  —  247009 checks/s  —  ETA 0s  —  0 failed so far
[OUTPUT] 2026-07-13T12:37:23.721707 skip_listing [train]:   101,000/196,000 checked (52%)  —  247040 checks/s  —  ETA 0s  —  0 failed so far
[OUTPUT] 2026-07-13T12:37:23.723680 skip_listing [train]:   101,500/196,000 checked (52%)  —  247070 checks/s  —  ETA 0s  —  0 failed so far
[OUTPUT] 2026-07-13T12:37:23.725649 skip_listing [train]:   102,000/196,000 checked (52%)  —  247103 checks/s  —  ETA 0s  —  0 failed so far
[OUTPUT] 2026-07-13T12:37:23.728448 skip_listing [train]:   102,500/196,000 checked (52%)  —  246642 checks/s  —  ETA 0s  —  0 failed so far
[OUTPUT] 2026-07-13T12:37:23.730426 skip_listing [train]:   103,000/196,000 checked (53%)  —  246671 checks/s  —  ETA 0s  —  0 failed so far
[OUTPUT] 2026-07-13T12:37:23.732409 skip_listing [train]:   103,500/196,000 checked (53%)  —  246697 checks/s  —  ETA 0s  —  0 failed so far
[OUTPUT] 2026-07-13T12:37:23.734379 skip_listing [train]:   104,000/196,000 checked (53%)  —  246730 checks/s  —  ETA 0s  —  0 failed so far
[OUTPUT] 2026-07-13T12:37:23.736360 skip_listing [train]:   104,500/196,000 checked (53%)  —  246756 checks/s  —  ETA 0s  —  0 failed so far
[OUTPUT] 2026-07-13T12:37:23.738336 skip_listing [train]:   105,000/196,000 checked (54%)  —  246786 checks/s  —  ETA 0s  —  0 failed so far
[OUTPUT] 2026-07-13T12:37:23.740318 skip_listing [train]:   105,500/196,000 checked (54%)  —  246812 checks/s  —  ETA 0s  —  0 failed so far
[OUTPUT] 2026-07-13T12:37:23.742294 skip_listing [train]:   106,000/196,000 checked (54%)  —  246840 checks/s  —  ETA 0s  —  0 failed so far
[OUTPUT] 2026-07-13T12:37:23.744269 skip_listing [train]:   106,500/196,000 checked (54%)  —  246869 checks/s  —  ETA 0s  —  0 failed so far
[OUTPUT] 2026-07-13T12:37:23.746239 skip_listing [train]:   107,000/196,000 checked (55%)  —  246900 checks/s  —  ETA 0s  —  0 failed so far
[OUTPUT] 2026-07-13T12:37:23.748209 skip_listing [train]:   107,500/196,000 checked (55%)  —  246931 checks/s  —  ETA 0s  —  0 failed so far
[OUTPUT] 2026-07-13T12:37:23.750181 skip_listing [train]:   108,000/196,000 checked (55%)  —  246961 checks/s  —  ETA 0s  —  0 failed so far
[OUTPUT] 2026-07-13T12:37:23.752163 skip_listing [train]:   108,500/196,000 checked (55%)  —  246985 checks/s  —  ETA 0s  —  0 failed so far
[OUTPUT] 2026-07-13T12:37:23.754989 skip_listing [train]:   109,000/196,000 checked (56%)  —  246538 checks/s  —  ETA 0s  —  0 failed so far
[OUTPUT] 2026-07-13T12:37:23.756968 skip_listing [train]:   109,500/196,000 checked (56%)  —  246565 checks/s  —  ETA 0s  —  0 failed so far
[OUTPUT] 2026-07-13T12:37:23.758944 skip_listing [train]:   110,000/196,000 checked (56%)  —  246594 checks/s  —  ETA 0s  —  0 failed so far
[OUTPUT] 2026-07-13T12:37:23.760921 skip_listing [train]:   110,500/196,000 checked (56%)  —  246621 checks/s  —  ETA 0s  —  0 failed so far
[OUTPUT] 2026-07-13T12:37:23.762893 skip_listing [train]:   111,000/196,000 checked (57%)  —  246651 checks/s  —  ETA 0s  —  0 failed so far
[OUTPUT] 2026-07-13T12:37:23.764868 skip_listing [train]:   111,500/196,000 checked (57%)  —  246680 checks/s  —  ETA 0s  —  0 failed so far
[OUTPUT] 2026-07-13T12:37:23.766845 skip_listing [train]:   112,000/196,000 checked (57%)  —  246707 checks/s  —  ETA 0s  —  0 failed so far
[OUTPUT] 2026-07-13T12:37:23.768818 skip_listing [train]:   112,500/196,000 checked (57%)  —  246736 checks/s  —  ETA 0s  —  0 failed so far
[OUTPUT] 2026-07-13T12:37:23.770795 skip_listing [train]:   113,000/196,000 checked (58%)  —  246763 checks/s  —  ETA 0s  —  0 failed so far
[OUTPUT] 2026-07-13T12:37:23.772767 skip_listing [train]:   113,500/196,000 checked (58%)  —  246792 checks/s  —  ETA 0s  —  0 failed so far
[OUTPUT] 2026-07-13T12:37:23.774734 skip_listing [train]:   114,000/196,000 checked (58%)  —  246824 checks/s  —  ETA 0s  —  0 failed so far
[OUTPUT] 2026-07-13T12:37:23.776704 skip_listing [train]:   114,500/196,000 checked (58%)  —  246853 checks/s  —  ETA 0s  —  0 failed so far
[OUTPUT] 2026-07-13T12:37:23.778673 skip_listing [train]:   115,000/196,000 checked (59%)  —  246883 checks/s  —  ETA 0s  —  0 failed so far
[OUTPUT] 2026-07-13T12:37:23.780650 skip_listing [train]:   115,500/196,000 checked (59%)  —  246909 checks/s  —  ETA 0s  —  0 failed so far
[OUTPUT] 2026-07-13T12:37:23.782623 skip_listing [train]:   116,000/196,000 checked (59%)  —  246936 checks/s  —  ETA 0s  —  0 failed so far
[OUTPUT] 2026-07-13T12:37:23.784594 skip_listing [train]:   116,500/196,000 checked (59%)  —  246964 checks/s  —  ETA 0s  —  0 failed so far
[OUTPUT] 2026-07-13T12:37:23.786571 skip_listing [train]:   117,000/196,000 checked (60%)  —  246989 checks/s  —  ETA 0s  —  0 failed so far
[OUTPUT] 2026-07-13T12:37:23.788544 skip_listing [train]:   117,500/196,000 checked (60%)  —  247015 checks/s  —  ETA 0s  —  0 failed so far
[OUTPUT] 2026-07-13T12:37:23.790519 skip_listing [train]:   118,000/196,000 checked (60%)  —  247041 checks/s  —  ETA 0s  —  0 failed so far
[OUTPUT] 2026-07-13T12:37:23.792495 skip_listing [train]:   118,500/196,000 checked (60%)  —  247066 checks/s  —  ETA 0s  —  0 failed so far
[OUTPUT] 2026-07-13T12:37:23.794468 skip_listing [train]:   119,000/196,000 checked (61%)  —  247092 checks/s  —  ETA 0s  —  0 failed so far
[OUTPUT] 2026-07-13T12:37:23.796442 skip_listing [train]:   119,500/196,000 checked (61%)  —  247117 checks/s  —  ETA 0s  —  0 failed so far
[OUTPUT] 2026-07-13T12:37:23.798417 skip_listing [train]:   120,000/196,000 checked (61%)  —  247142 checks/s  —  ETA 0s  —  0 failed so far
[OUTPUT] 2026-07-13T12:37:23.800389 skip_listing [train]:   120,500/196,000 checked (61%)  —  247168 checks/s  —  ETA 0s  —  0 failed so far
[OUTPUT] 2026-07-13T12:37:23.802366 skip_listing [train]:   121,000/196,000 checked (62%)  —  247191 checks/s  —  ETA 0s  —  0 failed so far
[OUTPUT] 2026-07-13T12:37:23.804341 skip_listing [train]:   121,500/196,000 checked (62%)  —  247215 checks/s  —  ETA 0s  —  0 failed so far
[OUTPUT] 2026-07-13T12:37:23.806315 skip_listing [train]:   122,000/196,000 checked (62%)  —  247239 checks/s  —  ETA 0s  —  0 failed so far
[OUTPUT] 2026-07-13T12:37:23.808291 skip_listing [train]:   122,500/196,000 checked (62%)  —  247263 checks/s  —  ETA 0s  —  0 failed so far
[OUTPUT] 2026-07-13T12:37:23.810266 skip_listing [train]:   123,000/196,000 checked (63%)  —  247286 checks/s  —  ETA 0s  —  0 failed so far
[OUTPUT] 2026-07-13T12:37:23.812237 skip_listing [train]:   123,500/196,000 checked (63%)  —  247311 checks/s  —  ETA 0s  —  0 failed so far
[OUTPUT] 2026-07-13T12:37:23.814210 skip_listing [train]:   124,000/196,000 checked (63%)  —  247335 checks/s  —  ETA 0s  —  0 failed so far
[OUTPUT] 2026-07-13T12:37:23.816180 skip_listing [train]:   124,500/196,000 checked (64%)  —  247360 checks/s  —  ETA 0s  —  0 failed so far
[OUTPUT] 2026-07-13T12:37:23.818154 skip_listing [train]:   125,000/196,000 checked (64%)  —  247383 checks/s  —  ETA 0s  —  0 failed so far
[OUTPUT] 2026-07-13T12:37:23.820128 skip_listing [train]:   125,500/196,000 checked (64%)  —  247406 checks/s  —  ETA 0s  —  0 failed so far
[OUTPUT] 2026-07-13T12:37:23.822102 skip_listing [train]:   126,000/196,000 checked (64%)  —  247429 checks/s  —  ETA 0s  —  0 failed so far
[OUTPUT] 2026-07-13T12:37:23.824078 skip_listing [train]:   126,500/196,000 checked (65%)  —  247451 checks/s  —  ETA 0s  —  0 failed so far
[OUTPUT] 2026-07-13T12:37:23.826051 skip_listing [train]:   127,000/196,000 checked (65%)  —  247474 checks/s  —  ETA 0s  —  0 failed so far
[OUTPUT] 2026-07-13T12:37:23.828023 skip_listing [train]:   127,500/196,000 checked (65%)  —  247497 checks/s  —  ETA 0s  —  0 failed so far
[OUTPUT] 2026-07-13T12:37:23.829994 skip_listing [train]:   128,000/196,000 checked (65%)  —  247521 checks/s  —  ETA 0s  —  0 failed so far
[OUTPUT] 2026-07-13T12:37:23.831969 skip_listing [train]:   128,500/196,000 checked (66%)  —  247542 checks/s  —  ETA 0s  —  0 failed so far
[OUTPUT] 2026-07-13T12:37:23.833941 skip_listing [train]:   129,000/196,000 checked (66%)  —  247565 checks/s  —  ETA 0s  —  0 failed so far
[OUTPUT] 2026-07-13T12:37:23.835918 skip_listing [train]:   129,500/196,000 checked (66%)  —  247585 checks/s  —  ETA 0s  —  0 failed so far
[OUTPUT] 2026-07-13T12:37:23.837898 skip_listing [train]:   130,000/196,000 checked (66%)  —  247604 checks/s  —  ETA 0s  —  0 failed so far
[OUTPUT] 2026-07-13T12:37:23.840274 skip_listing [train]:   130,500/196,000 checked (67%)  —  247436 checks/s  —  ETA 0s  —  0 failed so far
[OUTPUT] 2026-07-13T12:37:23.842251 skip_listing [train]:   131,000/196,000 checked (67%)  —  247457 checks/s  —  ETA 0s  —  0 failed so far
[OUTPUT] 2026-07-13T12:37:23.844226 skip_listing [train]:   131,500/196,000 checked (67%)  —  247478 checks/s  —  ETA 0s  —  0 failed so far
[OUTPUT] 2026-07-13T12:37:23.846199 skip_listing [train]:   132,000/196,000 checked (67%)  —  247500 checks/s  —  ETA 0s  —  0 failed so far
[OUTPUT] 2026-07-13T12:37:23.848173 skip_listing [train]:   132,500/196,000 checked (68%)  —  247521 checks/s  —  ETA 0s  —  0 failed so far
[OUTPUT] 2026-07-13T12:37:23.850148 skip_listing [train]:   133,000/196,000 checked (68%)  —  247542 checks/s  —  ETA 0s  —  0 failed so far
[OUTPUT] 2026-07-13T12:37:23.852127 skip_listing [train]:   133,500/196,000 checked (68%)  —  247561 checks/s  —  ETA 0s  —  0 failed so far
[OUTPUT] 2026-07-13T12:37:23.854100 skip_listing [train]:   134,000/196,000 checked (68%)  —  247582 checks/s  —  ETA 0s  —  0 failed so far
[OUTPUT] 2026-07-13T12:37:23.856078 skip_listing [train]:   134,500/196,000 checked (69%)  —  247601 checks/s  —  ETA 0s  —  0 failed so far
[OUTPUT] 2026-07-13T12:37:23.858051 skip_listing [train]:   135,000/196,000 checked (69%)  —  247622 checks/s  —  ETA 0s  —  0 failed so far
[OUTPUT] 2026-07-13T12:37:23.860029 skip_listing [train]:   135,500/196,000 checked (69%)  —  247641 checks/s  —  ETA 0s  —  0 failed so far
[OUTPUT] 2026-07-13T12:37:23.862001 skip_listing [train]:   136,000/196,000 checked (69%)  —  247662 checks/s  —  ETA 0s  —  0 failed so far
[OUTPUT] 2026-07-13T12:37:23.863978 skip_listing [train]:   136,500/196,000 checked (70%)  —  247681 checks/s  —  ETA 0s  —  0 failed so far
[OUTPUT] 2026-07-13T12:37:23.865954 skip_listing [train]:   137,000/196,000 checked (70%)  —  247700 checks/s  —  ETA 0s  —  0 failed so far
[OUTPUT] 2026-07-13T12:37:23.867926 skip_listing [train]:   137,500/196,000 checked (70%)  —  247721 checks/s  —  ETA 0s  —  0 failed so far
[OUTPUT] 2026-07-13T12:37:23.869898 skip_listing [train]:   138,000/196,000 checked (70%)  —  247742 checks/s  —  ETA 0s  —  0 failed so far
[OUTPUT] 2026-07-13T12:37:23.871870 skip_listing [train]:   138,500/196,000 checked (71%)  —  247762 checks/s  —  ETA 0s  —  0 failed so far
[OUTPUT] 2026-07-13T12:37:23.873839 skip_listing [train]:   139,000/196,000 checked (71%)  —  247784 checks/s  —  ETA 0s  —  0 failed so far
[OUTPUT] 2026-07-13T12:37:23.875816 skip_listing [train]:   139,500/196,000 checked (71%)  —  247802 checks/s  —  ETA 0s  —  0 failed so far
[OUTPUT] 2026-07-13T12:37:23.877787 skip_listing [train]:   140,000/196,000 checked (71%)  —  247822 checks/s  —  ETA 0s  —  0 failed so far
[OUTPUT] 2026-07-13T12:37:23.879778 skip_listing [train]:   140,500/196,000 checked (72%)  —  247834 checks/s  —  ETA 0s  —  0 failed so far
[OUTPUT] 2026-07-13T12:37:23.881758 skip_listing [train]:   141,000/196,000 checked (72%)  —  247850 checks/s  —  ETA 0s  —  0 failed so far
[OUTPUT] 2026-07-13T12:37:23.883736 skip_listing [train]:   141,500/196,000 checked (72%)  —  247867 checks/s  —  ETA 0s  —  0 failed so far
[OUTPUT] 2026-07-13T12:37:23.885711 skip_listing [train]:   142,000/196,000 checked (72%)  —  247885 checks/s  —  ETA 0s  —  0 failed so far
[OUTPUT] 2026-07-13T12:37:23.887686 skip_listing [train]:   142,500/196,000 checked (73%)  —  247903 checks/s  —  ETA 0s  —  0 failed so far
[OUTPUT] 2026-07-13T12:37:23.889662 skip_listing [train]:   143,000/196,000 checked (73%)  —  247921 checks/s  —  ETA 0s  —  0 failed so far
[OUTPUT] 2026-07-13T12:37:23.891639 skip_listing [train]:   143,500/196,000 checked (73%)  —  247938 checks/s  —  ETA 0s  —  0 failed so far
[OUTPUT] 2026-07-13T12:37:23.893613 skip_listing [train]:   144,000/196,000 checked (73%)  —  247956 checks/s  —  ETA 0s  —  0 failed so far
[OUTPUT] 2026-07-13T12:37:23.895587 skip_listing [train]:   144,500/196,000 checked (74%)  —  247974 checks/s  —  ETA 0s  —  0 failed so far
[OUTPUT] 2026-07-13T12:37:23.897560 skip_listing [train]:   145,000/196,000 checked (74%)  —  247993 checks/s  —  ETA 0s  —  0 failed so far
[OUTPUT] 2026-07-13T12:37:23.899532 skip_listing [train]:   145,500/196,000 checked (74%)  —  248012 checks/s  —  ETA 0s  —  0 failed so far
[OUTPUT] 2026-07-13T12:37:23.901506 skip_listing [train]:   146,000/196,000 checked (74%)  —  248029 checks/s  —  ETA 0s  —  0 failed so far
[OUTPUT] 2026-07-13T12:37:23.903481 skip_listing [train]:   146,500/196,000 checked (75%)  —  248047 checks/s  —  ETA 0s  —  0 failed so far
[OUTPUT] 2026-07-13T12:37:23.905453 skip_listing [train]:   147,000/196,000 checked (75%)  —  248065 checks/s  —  ETA 0s  —  0 failed so far
[OUTPUT] 2026-07-13T12:37:23.907427 skip_listing [train]:   147,500/196,000 checked (75%)  —  248082 checks/s  —  ETA 0s  —  0 failed so far
[OUTPUT] 2026-07-13T12:37:23.909405 skip_listing [train]:   148,000/196,000 checked (76%)  —  248098 checks/s  —  ETA 0s  —  0 failed so far
[OUTPUT] 2026-07-13T12:37:23.911379 skip_listing [train]:   148,500/196,000 checked (76%)  —  248115 checks/s  —  ETA 0s  —  0 failed so far
[OUTPUT] 2026-07-13T12:37:23.913354 skip_listing [train]:   149,000/196,000 checked (76%)  —  248131 checks/s  —  ETA 0s  —  0 failed so far
[OUTPUT] 2026-07-13T12:37:23.915327 skip_listing [train]:   149,500/196,000 checked (76%)  —  248149 checks/s  —  ETA 0s  —  0 failed so far
[OUTPUT] 2026-07-13T12:37:23.917299 skip_listing [train]:   150,000/196,000 checked (77%)  —  248166 checks/s  —  ETA 0s  —  0 failed so far
[OUTPUT] 2026-07-13T12:37:23.919271 skip_listing [train]:   150,500/196,000 checked (77%)  —  248184 checks/s  —  ETA 0s  —  0 failed so far
[OUTPUT] 2026-07-13T12:37:23.921242 skip_listing [train]:   151,000/196,000 checked (77%)  —  248202 checks/s  —  ETA 0s  —  0 failed so far
[OUTPUT] 2026-07-13T12:37:23.923214 skip_listing [train]:   151,500/196,000 checked (77%)  —  248219 checks/s  —  ETA 0s  —  0 failed so far
[OUTPUT] 2026-07-13T12:37:23.925185 skip_listing [train]:   152,000/196,000 checked (78%)  —  248237 checks/s  —  ETA 0s  —  0 failed so far
[OUTPUT] 2026-07-13T12:37:23.927151 skip_listing [train]:   152,500/196,000 checked (78%)  —  248256 checks/s  —  ETA 0s  —  0 failed so far
[OUTPUT] 2026-07-13T12:37:23.929124 skip_listing [train]:   153,000/196,000 checked (78%)  —  248272 checks/s  —  ETA 0s  —  0 failed so far
[OUTPUT] 2026-07-13T12:37:23.931097 skip_listing [train]:   153,500/196,000 checked (78%)  —  248289 checks/s  —  ETA 0s  —  0 failed so far
[OUTPUT] 2026-07-13T12:37:23.933071 skip_listing [train]:   154,000/196,000 checked (79%)  —  248305 checks/s  —  ETA 0s  —  0 failed so far
[OUTPUT] 2026-07-13T12:37:23.935040 skip_listing [train]:   154,500/196,000 checked (79%)  —  248323 checks/s  —  ETA 0s  —  0 failed so far
[OUTPUT] 2026-07-13T12:37:23.937010 skip_listing [train]:   155,000/196,000 checked (79%)  —  248340 checks/s  —  ETA 0s  —  0 failed so far
[OUTPUT] 2026-07-13T12:37:23.938983 skip_listing [train]:   155,500/196,000 checked (79%)  —  248356 checks/s  —  ETA 0s  —  0 failed so far
[OUTPUT] 2026-07-13T12:37:23.940959 skip_listing [train]:   156,000/196,000 checked (80%)  —  248371 checks/s  —  ETA 0s  —  0 failed so far
[OUTPUT] 2026-07-13T12:37:23.942930 skip_listing [train]:   156,500/196,000 checked (80%)  —  248387 checks/s  —  ETA 0s  —  0 failed so far
[OUTPUT] 2026-07-13T12:37:23.944899 skip_listing [train]:   157,000/196,000 checked (80%)  —  248405 checks/s  —  ETA 0s  —  0 failed so far
[OUTPUT] 2026-07-13T12:37:23.946870 skip_listing [train]:   157,500/196,000 checked (80%)  —  248421 checks/s  —  ETA 0s  —  0 failed so far
[OUTPUT] 2026-07-13T12:37:23.948841 skip_listing [train]:   158,000/196,000 checked (81%)  —  248438 checks/s  —  ETA 0s  —  0 failed so far
[OUTPUT] 2026-07-13T12:37:23.950809 skip_listing [train]:   158,500/196,000 checked (81%)  —  248455 checks/s  —  ETA 0s  —  0 failed so far
[OUTPUT] 2026-07-13T12:37:23.952783 skip_listing [train]:   159,000/196,000 checked (81%)  —  248469 checks/s  —  ETA 0s  —  0 failed so far
[OUTPUT] 2026-07-13T12:37:23.954758 skip_listing [train]:   159,500/196,000 checked (81%)  —  248484 checks/s  —  ETA 0s  —  0 failed so far
[OUTPUT] 2026-07-13T12:37:23.956730 skip_listing [train]:   160,000/196,000 checked (82%)  —  248500 checks/s  —  ETA 0s  —  0 failed so far
[OUTPUT] 2026-07-13T12:37:23.958708 skip_listing [train]:   160,500/196,000 checked (82%)  —  248513 checks/s  —  ETA 0s  —  0 failed so far
[OUTPUT] 2026-07-13T12:37:23.960677 skip_listing [train]:   161,000/196,000 checked (82%)  —  248529 checks/s  —  ETA 0s  —  0 failed so far
[OUTPUT] 2026-07-13T12:37:23.962648 skip_listing [train]:   161,500/196,000 checked (82%)  —  248545 checks/s  —  ETA 0s  —  0 failed so far
[OUTPUT] 2026-07-13T12:37:23.964618 skip_listing [train]:   162,000/196,000 checked (83%)  —  248561 checks/s  —  ETA 0s  —  0 failed so far
[OUTPUT] 2026-07-13T12:37:23.966588 skip_listing [train]:   162,500/196,000 checked (83%)  —  248577 checks/s  —  ETA 0s  —  0 failed so far
[OUTPUT] 2026-07-13T12:37:23.968560 skip_listing [train]:   163,000/196,000 checked (83%)  —  248592 checks/s  —  ETA 0s  —  0 failed so far
[OUTPUT] 2026-07-13T12:37:23.970531 skip_listing [train]:   163,500/196,000 checked (83%)  —  248607 checks/s  —  ETA 0s  —  0 failed so far
[OUTPUT] 2026-07-13T12:37:23.972504 skip_listing [train]:   164,000/196,000 checked (84%)  —  248621 checks/s  —  ETA 0s  —  0 failed so far
[OUTPUT] 2026-07-13T12:37:23.974476 skip_listing [train]:   164,500/196,000 checked (84%)  —  248636 checks/s  —  ETA 0s  —  0 failed so far
[OUTPUT] 2026-07-13T12:37:23.976444 skip_listing [train]:   165,000/196,000 checked (84%)  —  248652 checks/s  —  ETA 0s  —  0 failed so far
[OUTPUT] 2026-07-13T12:37:23.978414 skip_listing [train]:   165,500/196,000 checked (84%)  —  248667 checks/s  —  ETA 0s  —  0 failed so far
[OUTPUT] 2026-07-13T12:37:23.980386 skip_listing [train]:   166,000/196,000 checked (85%)  —  248682 checks/s  —  ETA 0s  —  0 failed so far
[OUTPUT] 2026-07-13T12:37:23.982363 skip_listing [train]:   166,500/196,000 checked (85%)  —  248694 checks/s  —  ETA 0s  —  0 failed so far
[OUTPUT] 2026-07-13T12:37:23.984338 skip_listing [train]:   167,000/196,000 checked (85%)  —  248707 checks/s  —  ETA 0s  —  0 failed so far
[OUTPUT] 2026-07-13T12:37:23.986309 skip_listing [train]:   167,500/196,000 checked (85%)  —  248722 checks/s  —  ETA 0s  —  0 failed so far
[OUTPUT] 2026-07-13T12:37:23.988278 skip_listing [train]:   168,000/196,000 checked (86%)  —  248737 checks/s  —  ETA 0s  —  0 failed so far
[OUTPUT] 2026-07-13T12:37:23.990254 skip_listing [train]:   168,500/196,000 checked (86%)  —  248750 checks/s  —  ETA 0s  —  0 failed so far
[OUTPUT] 2026-07-13T12:37:23.992222 skip_listing [train]:   169,000/196,000 checked (86%)  —  248765 checks/s  —  ETA 0s  —  0 failed so far
[OUTPUT] 2026-07-13T12:37:23.994192 skip_listing [train]:   169,500/196,000 checked (86%)  —  248779 checks/s  —  ETA 0s  —  0 failed so far
[OUTPUT] 2026-07-13T12:37:23.996163 skip_listing [train]:   170,000/196,000 checked (87%)  —  248793 checks/s  —  ETA 0s  —  0 failed so far
[OUTPUT] 2026-07-13T12:37:23.998133 skip_listing [train]:   170,500/196,000 checked (87%)  —  248808 checks/s  —  ETA 0s  —  0 failed so far
[OUTPUT] 2026-07-13T12:37:24.000100 skip_listing [train]:   171,000/196,000 checked (87%)  —  248823 checks/s  —  ETA 0s  —  0 failed so far
[OUTPUT] 2026-07-13T12:37:24.002071 skip_listing [train]:   171,500/196,000 checked (88%)  —  248838 checks/s  —  ETA 0s  —  0 failed so far
[OUTPUT] 2026-07-13T12:37:24.004040 skip_listing [train]:   172,000/196,000 checked (88%)  —  248852 checks/s  —  ETA 0s  —  0 failed so far
[OUTPUT] 2026-07-13T12:37:24.006013 skip_listing [train]:   172,500/196,000 checked (88%)  —  248865 checks/s  —  ETA 0s  —  0 failed so far
[OUTPUT] 2026-07-13T12:37:24.007977 skip_listing [train]:   173,000/196,000 checked (88%)  —  248881 checks/s  —  ETA 0s  —  0 failed so far
[OUTPUT] 2026-07-13T12:37:24.009947 skip_listing [train]:   173,500/196,000 checked (89%)  —  248895 checks/s  —  ETA 0s  —  0 failed so far
[OUTPUT] 2026-07-13T12:37:24.011917 skip_listing [train]:   174,000/196,000 checked (89%)  —  248909 checks/s  —  ETA 0s  —  0 failed so far
[OUTPUT] 2026-07-13T12:37:24.013885 skip_listing [train]:   174,500/196,000 checked (89%)  —  248923 checks/s  —  ETA 0s  —  0 failed so far
[OUTPUT] 2026-07-13T12:37:24.015854 skip_listing [train]:   175,000/196,000 checked (89%)  —  248937 checks/s  —  ETA 0s  —  0 failed so far
[OUTPUT] 2026-07-13T12:37:24.017828 skip_listing [train]:   175,500/196,000 checked (90%)  —  248949 checks/s  —  ETA 0s  —  0 failed so far
[OUTPUT] 2026-07-13T12:37:24.020277 skip_listing [train]:   176,000/196,000 checked (90%)  —  248794 checks/s  —  ETA 0s  —  0 failed so far
[OUTPUT] 2026-07-13T12:37:24.022246 skip_listing [train]:   176,500/196,000 checked (90%)  —  248809 checks/s  —  ETA 0s  —  0 failed so far
[OUTPUT] 2026-07-13T12:37:24.024217 skip_listing [train]:   177,000/196,000 checked (90%)  —  248822 checks/s  —  ETA 0s  —  0 failed so far
[OUTPUT] 2026-07-13T12:37:24.026185 skip_listing [train]:   177,500/196,000 checked (91%)  —  248837 checks/s  —  ETA 0s  —  0 failed so far
[OUTPUT] 2026-07-13T12:37:24.028154 skip_listing [train]:   178,000/196,000 checked (91%)  —  248851 checks/s  —  ETA 0s  —  0 failed so far
[OUTPUT] 2026-07-13T12:37:24.030124 skip_listing [train]:   178,500/196,000 checked (91%)  —  248864 checks/s  —  ETA 0s  —  0 failed so far
[OUTPUT] 2026-07-13T12:37:24.032096 skip_listing [train]:   179,000/196,000 checked (91%)  —  248877 checks/s  —  ETA 0s  —  0 failed so far
[OUTPUT] 2026-07-13T12:37:24.034067 skip_listing [train]:   179,500/196,000 checked (92%)  —  248890 checks/s  —  ETA 0s  —  0 failed so far
[OUTPUT] 2026-07-13T12:37:24.036041 skip_listing [train]:   180,000/196,000 checked (92%)  —  248902 checks/s  —  ETA 0s  —  0 failed so far
[OUTPUT] 2026-07-13T12:37:24.038011 skip_listing [train]:   180,500/196,000 checked (92%)  —  248916 checks/s  —  ETA 0s  —  0 failed so far
[OUTPUT] 2026-07-13T12:37:24.039979 skip_listing [train]:   181,000/196,000 checked (92%)  —  248930 checks/s  —  ETA 0s  —  0 failed so far
[OUTPUT] 2026-07-13T12:37:24.042479 skip_listing [train]:   181,500/196,000 checked (93%)  —  248762 checks/s  —  ETA 0s  —  0 failed so far
[OUTPUT] 2026-07-13T12:37:24.044449 skip_listing [train]:   182,000/196,000 checked (93%)  —  248775 checks/s  —  ETA 0s  —  0 failed so far
[OUTPUT] 2026-07-13T12:37:24.046422 skip_listing [train]:   182,500/196,000 checked (93%)  —  248788 checks/s  —  ETA 0s  —  0 failed so far
[OUTPUT] 2026-07-13T12:37:24.048390 skip_listing [train]:   183,000/196,000 checked (93%)  —  248802 checks/s  —  ETA 0s  —  0 failed so far
[OUTPUT] 2026-07-13T12:37:24.050361 skip_listing [train]:   183,500/196,000 checked (94%)  —  248815 checks/s  —  ETA 0s  —  0 failed so far
[OUTPUT] 2026-07-13T12:37:24.052329 skip_listing [train]:   184,000/196,000 checked (94%)  —  248829 checks/s  —  ETA 0s  —  0 failed so far
[OUTPUT] 2026-07-13T12:37:24.054302 skip_listing [train]:   184,500/196,000 checked (94%)  —  248842 checks/s  —  ETA 0s  —  0 failed so far
[OUTPUT] 2026-07-13T12:37:24.056271 skip_listing [train]:   185,000/196,000 checked (94%)  —  248855 checks/s  —  ETA 0s  —  0 failed so far
[OUTPUT] 2026-07-13T12:37:24.058238 skip_listing [train]:   185,500/196,000 checked (95%)  —  248869 checks/s  —  ETA 0s  —  0 failed so far
[OUTPUT] 2026-07-13T12:37:24.060205 skip_listing [train]:   186,000/196,000 checked (95%)  —  248883 checks/s  —  ETA 0s  —  0 failed so far
[OUTPUT] 2026-07-13T12:37:24.062174 skip_listing [train]:   186,500/196,000 checked (95%)  —  248896 checks/s  —  ETA 0s  —  0 failed so far
[OUTPUT] 2026-07-13T12:37:24.064145 skip_listing [train]:   187,000/196,000 checked (95%)  —  248909 checks/s  —  ETA 0s  —  0 failed so far
[OUTPUT] 2026-07-13T12:37:24.066112 skip_listing [train]:   187,500/196,000 checked (96%)  —  248923 checks/s  —  ETA 0s  —  0 failed so far
[OUTPUT] 2026-07-13T12:37:24.068073 skip_listing [train]:   188,000/196,000 checked (96%)  —  248938 checks/s  —  ETA 0s  —  0 failed so far
[OUTPUT] 2026-07-13T12:37:24.070040 skip_listing [train]:   188,500/196,000 checked (96%)  —  248952 checks/s  —  ETA 0s  —  0 failed so far
[OUTPUT] 2026-07-13T12:37:24.072013 skip_listing [train]:   189,000/196,000 checked (96%)  —  248964 checks/s  —  ETA 0s  —  0 failed so far
[OUTPUT] 2026-07-13T12:37:24.073983 skip_listing [train]:   189,500/196,000 checked (97%)  —  248976 checks/s  —  ETA 0s  —  0 failed so far
[OUTPUT] 2026-07-13T12:37:24.075953 skip_listing [train]:   190,000/196,000 checked (97%)  —  248989 checks/s  —  ETA 0s  —  0 failed so far
[OUTPUT] 2026-07-13T12:37:24.077924 skip_listing [train]:   190,500/196,000 checked (97%)  —  249001 checks/s  —  ETA 0s  —  0 failed so far
[OUTPUT] 2026-07-13T12:37:24.079899 skip_listing [train]:   191,000/196,000 checked (97%)  —  249011 checks/s  —  ETA 0s  —  0 failed so far
[OUTPUT] 2026-07-13T12:37:24.081868 skip_listing [train]:   191,500/196,000 checked (98%)  —  249024 checks/s  —  ETA 0s  —  0 failed so far
[OUTPUT] 2026-07-13T12:37:24.083837 skip_listing [train]:   192,000/196,000 checked (98%)  —  249036 checks/s  —  ETA 0s  —  0 failed so far
[OUTPUT] 2026-07-13T12:37:24.085812 skip_listing [train]:   192,500/196,000 checked (98%)  —  249047 checks/s  —  ETA 0s  —  0 failed so far
[OUTPUT] 2026-07-13T12:37:24.087785 skip_listing [train]:   193,000/196,000 checked (98%)  —  249058 checks/s  —  ETA 0s  —  0 failed so far
[OUTPUT] 2026-07-13T12:37:24.089758 skip_listing [train]:   193,500/196,000 checked (99%)  —  249069 checks/s  —  ETA 0s  —  0 failed so far
[OUTPUT] 2026-07-13T12:37:24.091737 skip_listing [train]:   194,000/196,000 checked (99%)  —  249078 checks/s  —  ETA 0s  —  0 failed so far
[OUTPUT] 2026-07-13T12:37:24.093715 skip_listing [train]:   194,500/196,000 checked (99%)  —  249088 checks/s  —  ETA 0s  —  0 failed so far
[OUTPUT] 2026-07-13T12:37:24.095683 skip_listing [train]:   195,000/196,000 checked (99%)  —  249100 checks/s  —  ETA 0s  —  0 failed so far
[OUTPUT] 2026-07-13T12:37:24.097654 skip_listing [train]:   195,500/196,000 checked (100%)  —  249112 checks/s  —  ETA 0s  —  0 failed so far
[OUTPUT] 2026-07-13T12:37:24.099619 skip_listing [train]: validation complete — all 196,000 samples exist (0.8s, 249125 checks/s); 4,084 URIs ready for rank 0 (196,000 total across all ranks)
[OUTPUT] 2026-07-13T12:37:24.099661 File listing [train]: 196000 files discovered, 4083 assigned to rank 0, completed in 0.80s
[OUTPUT] 2026-07-13T12:37:24.099679 skip_listing [valid]: generated 0 file URIs deterministically (0 total — validation disabled)
[OUTPUT] 2026-07-13T12:37:24.099693 File listing [valid]: 0 files discovered, 0 assigned to rank 0, completed in 0.00s
[OUTPUT] 2026-07-13T12:37:24.099706 Streamed file sharding: 196000 train files across 48 ranks via round-robin (rank 0 shard: 4083 files)
[OUTPUT] 2026-07-13T12:37:41.490943 Max steps per epoch per rank: 28000 = 1 * 196000 / 7 (samples per file * local files / batch size)
[OUTPUT] 2026-07-13T12:37:41.651523 Reshard for epoch 1: 4083 train files, 0 eval files redistributed via alltoall in 0.16s
[OUTPUT] 2026-07-13T12:37:42.536545 Worker pre-warm complete (2 workers spawned)
[OUTPUT] 2026-07-13T12:37:42.897971 Starting epoch 1: 583 steps expected
[OUTPUT] 2026-07-13T12:37:42.898192 Starting block 1
[OUTPUT] 2026-07-13T12:39:27.399227 Ending block 1 - 583 steps completed in 104.50 s
[OUTPUT] 2026-07-13T12:39:27.401081 Epoch 1 - Block 1 [Training] Accelerator Utilization [AU] (%): 90.8719
[OUTPUT] 2026-07-13T12:39:27.401112 Epoch 1 - Block 1 [Training] Throughput (samples/second): 1883.6090
[OUTPUT] 2026-07-13T12:39:27.401514 Epoch 1 - Block 1 [Training] Computation time per step (second): 0.1621+/-0.0000 (set value: {'mean': 0.162})
[OUTPUT] 2026-07-13T12:39:27.407627 Ending epoch 1 - 583 steps completed in 104.51 s
[OUTPUT] 2026-07-13T12:39:27.451117 Reshard for epoch 2: 4083 train files, 0 eval files redistributed via alltoall in 0.04s
[OUTPUT] 2026-07-13T12:39:28.151775 Worker pre-warm complete for epoch 2 (2 workers spawned)
[OUTPUT] 2026-07-13T12:39:37.549375 Starting epoch 2: 583 steps expected
[OUTPUT] 2026-07-13T12:39:37.549713 Starting block 1
[OUTPUT] 2026-07-13T12:41:22.065618 Ending block 1 - 583 steps completed in 104.52 s
[OUTPUT] 2026-07-13T12:41:22.066721 Epoch 2 - Block 1 [Training] Accelerator Utilization [AU] (%): 90.9444
[OUTPUT] 2026-07-13T12:41:22.066755 Epoch 2 - Block 1 [Training] Throughput (samples/second): 1885.0998
[OUTPUT] 2026-07-13T12:41:22.066883 Epoch 2 - Block 1 [Training] Computation time per step (second): 0.1621+/-0.0000 (set value: {'mean': 0.162})
[OUTPUT] 2026-07-13T12:41:22.079552 Ending epoch 2 - 583 steps completed in 104.53 s
[OUTPUT] 2026-07-13T12:41:22.124526 Reshard for epoch 3: 4083 train files, 0 eval files redistributed via alltoall in 0.04s
[OUTPUT] 2026-07-13T12:41:22.854343 Worker pre-warm complete for epoch 3 (2 workers spawned)
[OUTPUT] 2026-07-13T12:41:24.236654 Starting epoch 3: 583 steps expected
[OUTPUT] 2026-07-13T12:41:24.236982 Starting block 1
[OUTPUT] 2026-07-13T12:43:08.870516 Ending block 1 - 583 steps completed in 104.63 s
[OUTPUT] 2026-07-13T12:43:08.871608 Epoch 3 - Block 1 [Training] Accelerator Utilization [AU] (%): 90.7421
[OUTPUT] 2026-07-13T12:43:08.871638 Epoch 3 - Block 1 [Training] Throughput (samples/second): 1880.8809
[OUTPUT] 2026-07-13T12:43:08.871754 Epoch 3 - Block 1 [Training] Computation time per step (second): 0.1621+/-0.0000 (set value: {'mean': 0.162})
[OUTPUT] 2026-07-13T12:43:08.896594 Ending epoch 3 - 583 steps completed in 104.66 s
[OUTPUT] 2026-07-13T12:43:08.941769 Reshard for epoch 4: 4083 train files, 0 eval files redistributed via alltoall in 0.04s
[OUTPUT] 2026-07-13T12:43:09.702930 Worker pre-warm complete for epoch 4 (2 workers spawned)
[OUTPUT] 2026-07-13T12:43:10.928672 Starting epoch 4: 583 steps expected
[OUTPUT] 2026-07-13T12:43:10.928986 Starting block 1
[OUTPUT] 2026-07-13T12:44:55.420567 Ending block 1 - 583 steps completed in 104.49 s
[OUTPUT] 2026-07-13T12:44:55.421678 Epoch 4 - Block 1 [Training] Accelerator Utilization [AU] (%): 90.8919
[OUTPUT] 2026-07-13T12:44:55.423621 Epoch 4 - Block 1 [Training] Throughput (samples/second): 1883.9999
[OUTPUT] 2026-07-13T12:44:55.423747 Epoch 4 - Block 1 [Training] Computation time per step (second): 0.1621+/-0.0000 (set value: {'mean': 0.162})
[OUTPUT] 2026-07-13T12:44:55.433355 Ending epoch 4 - 583 steps completed in 104.50 s
[OUTPUT] 2026-07-13T12:44:55.476709 Reshard for epoch 5: 4083 train files, 0 eval files redistributed via alltoall in 0.04s
[OUTPUT] 2026-07-13T12:44:56.260524 Worker pre-warm complete for epoch 5 (2 workers spawned)
[OUTPUT] 2026-07-13T12:44:57.520560 Starting epoch 5: 583 steps expected
[OUTPUT] 2026-07-13T12:44:57.520818 Starting block 1
[OUTPUT] 2026-07-13T12:46:42.286060 Ending block 1 - 583 steps completed in 104.77 s
[OUTPUT] 2026-07-13T12:46:42.287097 Epoch 5 - Block 1 [Training] Accelerator Utilization [AU] (%): 90.7426
[OUTPUT] 2026-07-13T12:46:42.287127 Epoch 5 - Block 1 [Training] Throughput (samples/second): 1880.9070
[OUTPUT] 2026-07-13T12:46:42.287247 Epoch 5 - Block 1 [Training] Computation time per step (second): 0.1621+/-0.0000 (set value: {'mean': 0.162})
[OUTPUT] 2026-07-13T12:46:42.304366 Ending epoch 5 - 583 steps completed in 104.78 s
[OUTPUT] 2026-07-13T12:46:42.349047 Reshard for epoch 6: 4083 train files, 0 eval files redistributed via alltoall in 0.04s
[OUTPUT] 2026-07-13T12:46:43.055741 Worker pre-warm complete for epoch 6 (2 workers spawned)
[OUTPUT] 2026-07-13T12:46:43.236563 Saved outputs in /root/Suzhou_Zishan_Longlin/closed/Suzhou_Zishan_Longlin/results/GalaxSphere-2Tier0/training/unet3d/run/20260713_123659
[OUTPUT] Averaged metric over all steps/epochs
[METRIC] ==========================================================
[METRIC] Number of Simulated Accelerators: 48 
[METRIC] Training Accelerator Utilization [AU] (%): 90.8694 (0.0869)
[METRIC] Training Throughput (samples/second): 1883.4959 (1.8006)
[METRIC] Training I/O Throughput (MiB/second): 263330.1596 (251.7373)
[METRIC] train_au_meet_expectation: success
[METRIC] ==========================================================

[OUTPUT] 2026-07-13T12:46:43.320557 outputs saved in RANKID_output.json
