Loaded vdbbench configuration from /root/storage/configs/vectordbbench/default.yaml
WARNING - configuration key 'batch_size' appears in multiple sections; keeping value 10 from the earlier section and ignoring 1 from section 'benchmark'.

==================================================
OUTPUT CONFIGURATION
==================================================
Results will be saved to: /root/Suzhou_Zishan_Longlin/closed/Suzhou_Zishan_Longlin/results/GalaxSphere-1Tier0/vector_database/milvus/DISKANN/run/20260723_195640

==================================================
Database Verification and Loading
==================================================
Verifying database connection and loading collection
Connecting to Milvus server at 127.0.0.1:19530...
Collection mlps_1m_1shards_1536dim_uniform already loaded.
Getting collection statistics...

Tabulating information...
+---------------------------------+----------------+-------------+---------------+----------------+--------------+
| Collection Name                 |   Vector Count |   Dimension | Index Types   | Metric Types   |   Partitions |
+=================================+================+=============+===============+================+==============+
| mlps_1m_1shards_1536dim_uniform |        1000000 |        1536 | DISKANN       | COSINE         |            1 |
+---------------------------------+----------------+-------------+---------------+----------------+--------------+

COLLECTION INFORMATION: {'name': 'mlps_1m_1shards_1536dim_uniform', 'row_count': 1000000, 'dimension': 1536, 'schema': "{'auto_id': False, 'description': 'Benchmark Collection', 'fields': [{'name': 'id', 'description': '', 'type': <DataType.INT64: 5>, 'is_primary': True, 'auto_id': False}, {'name': 'vector', 'description': '', 'type': <DataType.FLOAT_VECTOR: 101>, 'params': {'dim': 1536}}], 'enable_dynamic_field': False, 'enable_namespace': False}", 'index_info': [{'field_name': 'vector', 'index_type': 'DISKANN', 'metric_type': 'COSINE', 'params': {'max_degree': 64, 'search_list_size': 200}}], 'partitions': [{'name': '_default', 'description': ''}]}
Writing configuration to /root/Suzhou_Zishan_Longlin/closed/Suzhou_Zishan_Longlin/results/GalaxSphere-1Tier0/vector_database/milvus/DISKANN/run/20260723_195640/config.json

==================================================
RECALL SETUP (outside benchmark timing)
==================================================
Ground truth is pre-computed using a FLAT/brute-force index.
This does NOT affect performance measurements.

Using metric type: COSINE
Using index type: DISKANN
Using search params: {'metric_type': 'COSINE', 'params': {'search_list': 50}}
Detected source vector field: 'vector'

Generating 1000 query vectors (dim=1536, seed=42, mode=independent)...
Generated 1000 query vectors.

Setting up FLAT collection: mlps_1m_1shards_1536dim_uniform_flat_gt
FLAT collection 'mlps_1m_1shards_1536dim_uniform_flat_gt' already exists with 1000000 vectors and passed the content check (8 sampled vectors match the source), reusing it.
Pre-computing ground truth for 1000 queries using FLAT index (top_k=10)...
Ground truth pre-computation complete: 1000 queries in 8.50s
Ground truth ready: 1000 queries pre-computed.

Collecting initial disk statistics...

==================================================
Benchmark Execution
==================================================
Starting benchmark with 24 processes and runtime=60 seconds
Recall measurement: using 1000 pre-generated queries, recall@10
NOTE: batch_end timing is placed BEFORE recall capture; performance is unaffected.
Staggering benchmark execution by 0.041666666666666664 seconds between processes
Starting process 0...
Process 0 initialized
Process 0: loading collection
Process 0: writing results to /root/Suzhou_Zishan_Longlin/closed/Suzhou_Zishan_Longlin/results/GalaxSphere-1Tier0/vector_database/milvus/DISKANN/run/20260723_195640/milvus_benchmark_p0.csv
Process 0: starting benchmark
Starting process 1...
Process 1 initialized
Process 1: loading collection
Process 1: writing results to /root/Suzhou_Zishan_Longlin/closed/Suzhou_Zishan_Longlin/results/GalaxSphere-1Tier0/vector_database/milvus/DISKANN/run/20260723_195640/milvus_benchmark_p1.csv
Process 1: starting benchmark
Starting process 2...
Process 2 initialized
Process 2: loading collection
Process 2: writing results to /root/Suzhou_Zishan_Longlin/closed/Suzhou_Zishan_Longlin/results/GalaxSphere-1Tier0/vector_database/milvus/DISKANN/run/20260723_195640/milvus_benchmark_p2.csv
Process 2: starting benchmark
Starting process 3...
Process 3 initialized
Process 3: loading collection
Process 3: writing results to /root/Suzhou_Zishan_Longlin/closed/Suzhou_Zishan_Longlin/results/GalaxSphere-1Tier0/vector_database/milvus/DISKANN/run/20260723_195640/milvus_benchmark_p3.csv
Process 3: starting benchmark
Starting process 4...
Process 4 initialized
Process 4: loading collection
Process 4: writing results to /root/Suzhou_Zishan_Longlin/closed/Suzhou_Zishan_Longlin/results/GalaxSphere-1Tier0/vector_database/milvus/DISKANN/run/20260723_195640/milvus_benchmark_p4.csv
Process 4: starting benchmark
Starting process 5...
Process 5 initialized
Process 5: loading collection
Process 5: writing results to /root/Suzhou_Zishan_Longlin/closed/Suzhou_Zishan_Longlin/results/GalaxSphere-1Tier0/vector_database/milvus/DISKANN/run/20260723_195640/milvus_benchmark_p5.csv
Process 5: starting benchmark
Starting process 6...
Process 6 initialized
Process 6: loading collection
Process 6: writing results to /root/Suzhou_Zishan_Longlin/closed/Suzhou_Zishan_Longlin/results/GalaxSphere-1Tier0/vector_database/milvus/DISKANN/run/20260723_195640/milvus_benchmark_p6.csv
Process 6: starting benchmark
Starting process 7...
Process 7 initialized
Process 7: loading collection
Process 7: writing results to /root/Suzhou_Zishan_Longlin/closed/Suzhou_Zishan_Longlin/results/GalaxSphere-1Tier0/vector_database/milvus/DISKANN/run/20260723_195640/milvus_benchmark_p7.csv
Process 7: starting benchmark
Starting process 8...
Process 8 initialized
Process 8: loading collection
Process 8: writing results to /root/Suzhou_Zishan_Longlin/closed/Suzhou_Zishan_Longlin/results/GalaxSphere-1Tier0/vector_database/milvus/DISKANN/run/20260723_195640/milvus_benchmark_p8.csv
Process 8: starting benchmark
Starting process 9...
Process 9 initialized
Process 9: loading collection
Process 9: writing results to /root/Suzhou_Zishan_Longlin/closed/Suzhou_Zishan_Longlin/results/GalaxSphere-1Tier0/vector_database/milvus/DISKANN/run/20260723_195640/milvus_benchmark_p9.csv
Process 9: starting benchmark
Starting process 10...
Process 10 initialized
Process 10: loading collection
Process 10: writing results to /root/Suzhou_Zishan_Longlin/closed/Suzhou_Zishan_Longlin/results/GalaxSphere-1Tier0/vector_database/milvus/DISKANN/run/20260723_195640/milvus_benchmark_p10.csv
Process 10: starting benchmark
Starting process 11...
Process 11 initialized
Process 11: loading collection
Process 11: writing results to /root/Suzhou_Zishan_Longlin/closed/Suzhou_Zishan_Longlin/results/GalaxSphere-1Tier0/vector_database/milvus/DISKANN/run/20260723_195640/milvus_benchmark_p11.csv
Process 11: starting benchmark
Starting process 12...
Process 12 initialized
Process 12: loading collection
Process 12: writing results to /root/Suzhou_Zishan_Longlin/closed/Suzhou_Zishan_Longlin/results/GalaxSphere-1Tier0/vector_database/milvus/DISKANN/run/20260723_195640/milvus_benchmark_p12.csv
Process 12: starting benchmark
Starting process 13...
Process 13 initialized
Process 13: loading collection
Process 13: writing results to /root/Suzhou_Zishan_Longlin/closed/Suzhou_Zishan_Longlin/results/GalaxSphere-1Tier0/vector_database/milvus/DISKANN/run/20260723_195640/milvus_benchmark_p13.csv
Process 13: starting benchmark
Starting process 14...
Process 14 initialized
Process 14: loading collection
Process 14: writing results to /root/Suzhou_Zishan_Longlin/closed/Suzhou_Zishan_Longlin/results/GalaxSphere-1Tier0/vector_database/milvus/DISKANN/run/20260723_195640/milvus_benchmark_p14.csv
Process 14: starting benchmark
Starting process 15...
Process 15 initialized
Process 15: loading collection
Process 15: writing results to /root/Suzhou_Zishan_Longlin/closed/Suzhou_Zishan_Longlin/results/GalaxSphere-1Tier0/vector_database/milvus/DISKANN/run/20260723_195640/milvus_benchmark_p15.csv
Process 15: starting benchmark
Starting process 16...
Process 16 initialized
Process 16: loading collection
Process 16: writing results to /root/Suzhou_Zishan_Longlin/closed/Suzhou_Zishan_Longlin/results/GalaxSphere-1Tier0/vector_database/milvus/DISKANN/run/20260723_195640/milvus_benchmark_p16.csv
Process 16: starting benchmark
Starting process 17...
Process 17 initialized
Process 17: loading collection
Process 17: writing results to /root/Suzhou_Zishan_Longlin/closed/Suzhou_Zishan_Longlin/results/GalaxSphere-1Tier0/vector_database/milvus/DISKANN/run/20260723_195640/milvus_benchmark_p17.csv
Process 17: starting benchmark
Starting process 18...
Process 18 initialized
Process 18: loading collection
Process 18: writing results to /root/Suzhou_Zishan_Longlin/closed/Suzhou_Zishan_Longlin/results/GalaxSphere-1Tier0/vector_database/milvus/DISKANN/run/20260723_195640/milvus_benchmark_p18.csv
Process 18: starting benchmark
Starting process 19...
Process 19 initialized
Process 19: loading collection
Process 19: writing results to /root/Suzhou_Zishan_Longlin/closed/Suzhou_Zishan_Longlin/results/GalaxSphere-1Tier0/vector_database/milvus/DISKANN/run/20260723_195640/milvus_benchmark_p19.csv
Process 19: starting benchmark
Starting process 20...
Process 20 initialized
Process 20: loading collection
Process 20: writing results to /root/Suzhou_Zishan_Longlin/closed/Suzhou_Zishan_Longlin/results/GalaxSphere-1Tier0/vector_database/milvus/DISKANN/run/20260723_195640/milvus_benchmark_p20.csv
Process 20: starting benchmark
Starting process 21...
Process 21 initialized
Process 21: loading collection
Process 21: writing results to /root/Suzhou_Zishan_Longlin/closed/Suzhou_Zishan_Longlin/results/GalaxSphere-1Tier0/vector_database/milvus/DISKANN/run/20260723_195640/milvus_benchmark_p21.csv
Process 21: starting benchmark
Starting process 22...
Process 22 initialized
Process 22: loading collection
Process 22: writing results to /root/Suzhou_Zishan_Longlin/closed/Suzhou_Zishan_Longlin/results/GalaxSphere-1Tier0/vector_database/milvus/DISKANN/run/20260723_195640/milvus_benchmark_p22.csv
Process 22: starting benchmark
Starting process 23...
Process 23 initialized
Process 23: loading collection
Process 23: writing results to /root/Suzhou_Zishan_Longlin/closed/Suzhou_Zishan_Longlin/results/GalaxSphere-1Tier0/vector_database/milvus/DISKANN/run/20260723_195640/milvus_benchmark_p23.csv
Process 23: starting benchmark
Process 0: completed 8000 queries in 19.62 seconds.
Process 1: completed 8000 queries in 19.79 seconds.
Process 2: completed 8000 queries in 19.99 seconds.
Process 3: completed 8000 queries in 20.16 seconds.
Process 4: completed 8000 queries in 20.21 seconds.
Process 5: completed 8000 queries in 20.35 seconds.
Process 6: completed 8000 queries in 20.43 seconds.
Process 7: completed 8000 queries in 20.56 seconds.
Process 8: completed 8000 queries in 20.69 seconds.
Process 9: completed 8000 queries in 20.67 seconds.
Process 10: completed 8000 queries in 20.73 seconds.
Process 12: completed 8000 queries in 20.77 seconds.
Process 11: completed 8000 queries in 20.81 seconds.
Process 13: completed 8000 queries in 20.86 seconds.
Process 14: completed 8000 queries in 20.85 seconds.
Process 16: completed 8000 queries in 20.90 seconds.
Process 15: completed 8000 queries in 20.95 seconds.
Process 17: completed 8000 queries in 20.96 seconds.
Process 19: completed 8000 queries in 20.90 seconds.
Process 18: completed 8000 queries in 20.94 seconds.
Process 22: completed 8000 queries in 20.88 seconds.
Process 20: completed 8000 queries in 20.97 seconds.
Process 21: completed 8000 queries in 20.95 seconds.
Process 23: completed 8000 queries in 20.94 seconds.
Process 0: completed 16000 queries in 40.28 seconds.
Process 1: completed 16000 queries in 40.43 seconds.
Process 2: completed 16000 queries in 40.62 seconds.
Process 3: completed 16000 queries in 40.81 seconds.
Process 4: completed 16000 queries in 40.83 seconds.
Process 5: completed 16000 queries in 40.96 seconds.
Process 6: completed 16000 queries in 41.09 seconds.
Process 7: completed 16000 queries in 41.23 seconds.
Process 9: completed 16000 queries in 41.29 seconds.
Process 8: completed 16000 queries in 41.34 seconds.
Process 10: completed 16000 queries in 41.36 seconds.
Process 12: completed 16000 queries in 41.35 seconds.
Process 11: completed 16000 queries in 41.44 seconds.
Process 13: completed 16000 queries in 41.48 seconds.
Process 14: completed 16000 queries in 41.43 seconds.
Process 16: completed 16000 queries in 41.50 seconds.
Process 15: completed 16000 queries in 41.58 seconds.
Process 19: completed 16000 queries in 41.45 seconds.
Process 17: completed 16000 queries in 41.55 seconds.
Process 18: completed 16000 queries in 41.57 seconds.
Process 22: completed 16000 queries in 41.44 seconds.
Process 20: completed 16000 queries in 41.55 seconds.
Process 21: completed 16000 queries in 41.56 seconds.
Process 23: completed 16000 queries in 41.50 seconds.
Process 0: finished. Executed 23608 queries in 60.02 seconds.
Process 1: finished. Executed 23536 queries in 60.01 seconds.
Process 2: finished. Executed 23456 queries in 60.00 seconds.
Process 3: finished. Executed 23384 queries in 60.01 seconds.
Process 4: finished. Executed 23408 queries in 60.02 seconds.
Process 5: finished. Executed 23328 queries in 60.01 seconds.
Process 6: finished. Executed 23312 queries in 60.01 seconds.
Process 7: finished. Executed 23288 queries in 60.00 seconds.
Process 8: finished. Executed 23232 queries in 60.01 seconds.
Process 9: finished. Executed 23264 queries in 60.01 seconds.
Process 10: finished. Executed 23248 queries in 60.01 seconds.
Process 11: finished. Executed 23224 queries in 60.00 seconds.
Process 12: finished. Executed 23288 queries in 60.01 seconds.
Process 13: finished. Executed 23224 queries in 60.01 seconds.
Process 14: finished. Executed 23312 queries in 60.00 seconds.
Process 15: finished. Executed 23272 queries in 60.01 seconds.
Process 16: finished. Executed 23344 queries in 60.01 seconds.
Process 17: finished. Executed 23336 queries in 60.01 seconds.
Process 18: finished. Executed 23360 queries in 60.00 seconds.
Process 19: finished. Executed 23448 queries in 60.00 seconds.
Process 20: finished. Executed 23456 queries in 60.00 seconds.
Process 21: finished. Executed 23528 queries in 60.00 seconds.
Process 22: finished. Executed 23616 queries in 60.00 seconds.
Process 23: finished. Executed 23688 queries in 60.00 seconds.
Reading final disk statistics...

Calculating recall from captured ANN results...
RESULT: valid
Calculating benchmark statistics...

Benchmark statistics as JSON:
{"total_queries": 561160, "total_time_seconds": 61.05881094932556, "min_latency_ms": 0.45689940452570005, "max_latency_ms": 3.5837590694427, "mean_latency_ms": 2.469247936038267, "median_latency_ms": 2.5056302547454, "p95_latency_ms": 2.7647614479064, "p99_latency_ms": 2.9301047325134, "p999_latency_ms": 3.1805038452148, "p9999_latency_ms": 3.3983886241912002, "throughput_qps": 9190.483589104324, "batch_count": 70145, "successful_batches": 70145, "failed_batches": 0, "min_batch_time_ms": 3.655195236206, "max_batch_time_ms": 28.6700725555419, "mean_batch_time_ms": 19.75398348830649, "median_batch_time_ms": 20.0450420379638, "p95_batch_time_ms": 22.1180915832519, "p99_batch_time_ms": 23.439998626708963, "p999_batch_time_ms": 25.44248580932627, "p9999_batch_time_ms": 27.18695793151848, "recall": {"recall_at_k": 0.3052, "recall_at_k_exact": 0.3052, "recall_epsilon": 0.0, "num_queries_evaluated": 1000, "k": 10, "min_recall": 0.0, "max_recall": 0.9, "mean_recall": 0.3052, "median_recall": 0.3, "p5_recall": 0.1, "p95_recall": 0.5, "p99_recall": 0.6, "per_query_recall": [0.3, 0.7, 0.4, 0.1, 0.2, 0.2, 0.1, 0.3, 0.4, 0.2, 0.4, 0.4, 0.4, 0.1, 0.3, 0.2, 0.5, 0.4, 0.2, 0.1, 0.3, 0.5, 0.0, 0.5, 0.4, 0.3, 0.3, 0.3, 0.1, 0.3, 0.2, 0.3, 0.3, 0.4, 0.3, 0.3, 0.7, 0.3, 0.4, 0.5, 0.2, 0.4, 0.3, 0.5, 0.3, 0.2, 0.2, 0.3, 0.1, 0.3, 0.2, 0.2, 0.4, 0.3, 0.4, 0.3, 0.4, 0.4, 0.1, 0.3, 0.3, 0.4, 0.4, 0.3, 0.5, 0.3, 0.3, 0.6, 0.3, 0.2, 0.4, 0.5, 0.5, 0.3, 0.5, 0.2, 0.5, 0.4, 0.1, 0.2, 0.3, 0.3, 0.3, 0.1, 0.2, 0.2, 0.4, 0.1, 0.2, 0.6, 0.5, 0.2, 0.1, 0.3, 0.2, 0.5, 0.1, 0.2, 0.4, 0.5, 0.1, 0.3, 0.3, 0.4, 0.5, 0.3, 0.2, 0.5, 0.3, 0.3, 0.1, 0.2, 0.2, 0.2, 0.4, 0.1, 0.2, 0.1, 0.1, 0.1, 0.4, 0.5, 0.2, 0.3, 0.3, 0.2, 0.6, 0.4, 0.2, 0.4, 0.0, 0.4, 0.0, 0.2, 0.4, 0.3, 0.2, 0.6, 0.6, 0.2, 0.3, 0.0, 0.5, 0.2, 0.1, 0.4, 0.2, 0.4, 0.2, 0.4, 0.3, 0.4, 0.2, 0.1, 0.2, 0.7, 0.3, 0.5, 0.5, 0.2, 0.4, 0.2, 0.3, 0.4, 0.4, 0.1, 0.6, 0.2, 0.3, 0.2, 0.6, 0.2, 0.0, 0.3, 0.3, 0.3, 0.4, 0.3, 0.6, 0.1, 0.2, 0.0, 0.1, 0.3, 0.4, 0.3, 0.4, 0.2, 0.2, 0.2, 0.3, 0.4, 0.4, 0.2, 0.1, 0.3, 0.3, 0.4, 0.3, 0.3, 0.3, 0.2, 0.3, 0.2, 0.1, 0.1, 0.3, 0.4, 0.1, 0.1, 0.0, 0.4, 0.2, 0.4, 0.2, 0.4, 0.4, 0.2, 0.5, 0.4, 0.1, 0.1, 0.4, 0.6, 0.2, 0.1, 0.5, 0.3, 0.5, 0.4, 0.3, 0.5, 0.4, 0.3, 0.4, 0.2, 0.1, 0.3, 0.2, 0.2, 0.1, 0.3, 0.2, 0.3, 0.2, 0.3, 0.1, 0.3, 0.1, 0.0, 0.2, 0.1, 0.3, 0.4, 0.3, 0.3, 0.3, 0.9, 0.3, 0.0, 0.3, 0.3, 0.2, 0.4, 0.2, 0.1, 0.2, 0.2, 0.4, 0.4, 0.3, 0.2, 0.5, 0.5, 0.4, 0.1, 0.3, 0.5, 0.1, 0.4, 0.4, 0.4, 0.4, 0.3, 0.4, 0.2, 0.4, 0.3, 0.2, 0.2, 0.4, 0.3, 0.5, 0.2, 0.2, 0.4, 0.5, 0.2, 0.4, 0.5, 0.2, 0.2, 0.2, 0.2, 0.5, 0.5, 0.3, 0.4, 0.3, 0.4, 0.4, 0.4, 0.3, 0.3, 0.2, 0.4, 0.3, 0.5, 0.4, 0.2, 0.3, 0.2, 0.5, 0.3, 0.4, 0.2, 0.2, 0.1, 0.5, 0.3, 0.2, 0.1, 0.2, 0.4, 0.1, 0.3, 0.3, 0.6, 0.1, 0.4, 0.5, 0.3, 0.3, 0.3, 0.2, 0.3, 0.1, 0.3, 0.3, 0.6, 0.1, 0.2, 0.4, 0.2, 0.5, 0.5, 0.2, 0.1, 0.3, 0.5, 0.2, 0.2, 0.1, 0.2, 0.3, 0.5, 0.3, 0.5, 0.2, 0.2, 0.1, 0.3, 0.3, 0.1, 0.2, 0.3, 0.3, 0.4, 0.4, 0.2, 0.5, 0.2, 0.3, 0.2, 0.4, 0.2, 0.1, 0.4, 0.4, 0.2, 0.6, 0.4, 0.5, 0.3, 0.3, 0.4, 0.4, 0.1, 0.5, 0.4, 0.4, 0.6, 0.2, 0.3, 0.3, 0.5, 0.2, 0.3, 0.5, 0.2, 0.4, 0.5, 0.3, 0.1, 0.3, 0.3, 0.2, 0.4, 0.4, 0.3, 0.2, 0.4, 0.6, 0.2, 0.2, 0.0, 0.0, 0.2, 0.3, 0.3, 0.2, 0.3, 0.2, 0.1, 0.4, 0.3, 0.3, 0.2, 0.4, 0.1, 0.4, 0.0, 0.2, 0.4, 0.1, 0.3, 0.4, 0.5, 0.1, 0.4, 0.2, 0.3, 0.3, 0.4, 0.6, 0.4, 0.4, 0.3, 0.5, 0.3, 0.2, 0.3, 0.3, 0.2, 0.3, 0.4, 0.2, 0.4, 0.6, 0.2, 0.4, 0.3, 0.2, 0.6, 0.4, 0.1, 0.4, 0.2, 0.0, 0.3, 0.4, 0.2, 0.5, 0.4, 0.1, 0.1, 0.4, 0.1, 0.3, 0.5, 0.2, 0.2, 0.2, 0.3, 0.5, 0.3, 0.6, 0.4, 0.2, 0.5, 0.3, 0.2, 0.3, 0.3, 0.2, 0.4, 0.2, 0.3, 0.2, 0.1, 0.5, 0.2, 0.5, 0.6, 0.3, 0.3, 0.2, 0.4, 0.3, 0.3, 0.0, 0.4, 0.3, 0.2, 0.2, 0.3, 0.4, 0.2, 0.4, 0.2, 0.3, 0.2, 0.1, 0.4, 0.1, 0.4, 0.3, 0.6, 0.4, 0.2, 0.2, 0.3, 0.5, 0.4, 0.2, 0.3, 0.4, 0.4, 0.3, 0.6, 0.4, 0.3, 0.3, 0.6, 0.4, 0.1, 0.4, 0.3, 0.1, 0.1, 0.4, 0.3, 0.1, 0.3, 0.2, 0.4, 0.3, 0.4, 0.3, 0.3, 0.5, 0.3, 0.1, 0.2, 0.5, 0.3, 0.2, 0.2, 0.3, 0.3, 0.5, 0.2, 0.2, 0.3, 0.3, 0.3, 0.3, 0.4, 0.3, 0.4, 0.3, 0.3, 0.4, 0.2, 0.5, 0.4, 0.6, 0.3, 0.5, 0.3, 0.2, 0.4, 0.3, 0.4, 0.7, 0.1, 0.3, 0.4, 0.3, 0.2, 0.7, 0.6, 0.0, 0.1, 0.2, 0.4, 0.0, 0.2, 0.4, 0.5, 0.4, 0.2, 0.4, 0.2, 0.2, 0.4, 0.4, 0.4, 0.2, 0.4, 0.3, 0.5, 0.2, 0.2, 0.3, 0.2, 0.2, 0.5, 0.3, 0.5, 0.3, 0.3, 0.3, 0.1, 0.3, 0.1, 0.7, 0.5, 0.3, 0.3, 0.3, 0.3, 0.2, 0.2, 0.1, 0.2, 0.4, 0.4, 0.3, 0.2, 0.4, 0.6, 0.3, 0.3, 0.6, 0.3, 0.1, 0.1, 0.3, 0.3, 0.1, 0.3, 0.3, 0.2, 0.5, 0.3, 0.3, 0.5, 0.4, 0.3, 0.2, 0.2, 0.5, 0.4, 0.4, 0.2, 0.3, 0.3, 0.5, 0.3, 0.1, 0.5, 0.6, 0.3, 0.1, 0.2, 0.3, 0.4, 0.5, 0.3, 0.3, 0.3, 0.3, 0.5, 0.5, 0.5, 0.3, 0.2, 0.2, 0.3, 0.2, 0.2, 0.3, 0.2, 0.2, 0.4, 0.5, 0.4, 0.2, 0.6, 0.3, 0.3, 0.1, 0.2, 0.4, 0.5, 0.3, 0.3, 0.3, 0.2, 0.4, 0.4, 0.2, 0.3, 0.4, 0.6, 0.1, 0.4, 0.3, 0.3, 0.2, 0.3, 0.3, 0.4, 0.4, 0.4, 0.4, 0.5, 0.3, 0.2, 0.3, 0.3, 0.3, 0.3, 0.3, 0.3, 0.2, 0.3, 0.3, 0.3, 0.2, 0.2, 0.2, 0.1, 0.4, 0.4, 0.5, 0.4, 0.3, 0.1, 0.3, 0.0, 0.4, 0.4, 0.4, 0.2, 0.2, 0.4, 0.3, 0.1, 0.2, 0.1, 0.1, 0.4, 0.3, 0.2, 0.5, 0.5, 0.2, 0.1, 0.3, 0.3, 0.2, 0.1, 0.5, 0.2, 0.4, 0.6, 0.4, 0.2, 0.3, 0.5, 0.2, 0.1, 0.4, 0.6, 0.4, 0.4, 0.4, 0.7, 0.5, 0.1, 0.5, 0.5, 0.3, 0.1, 0.3, 0.6, 0.4, 0.3, 0.2, 0.5, 0.2, 0.1, 0.3, 0.3, 0.2, 0.4, 0.2, 0.1, 0.3, 0.1, 0.2, 0.2, 0.4, 0.1, 0.3, 0.2, 0.2, 0.3, 0.3, 0.2, 0.3, 0.4, 0.4, 0.0, 0.3, 0.4, 0.1, 0.3, 0.2, 0.4, 0.2, 0.3, 0.4, 0.2, 0.2, 0.4, 0.4, 0.4, 0.0, 0.5, 0.3, 0.3, 0.6, 0.3, 0.3, 0.4, 0.4, 0.2, 0.3, 0.1, 0.4, 0.2, 0.2, 0.4, 0.1, 0.5, 0.6, 0.1, 0.3, 0.4, 0.2, 0.3, 0.2, 0.3, 0.2, 0.1, 0.3, 0.1, 0.3, 0.3, 0.2, 0.5, 0.3, 0.1, 0.2, 0.3, 0.5, 0.3, 0.4, 0.3, 0.4, 0.3, 0.3, 0.3, 0.1, 0.1, 0.3, 0.6, 0.3, 0.1, 0.6, 0.5, 0.2, 0.6, 0.4, 0.2, 0.1, 0.9, 0.5, 0.3, 0.5, 0.4, 0.3, 0.3, 0.4, 0.1, 0.4, 0.2, 0.2, 0.3, 0.3, 0.3, 0.4, 0.4, 0.3, 0.1, 0.6, 0.3, 0.3, 0.0, 0.5, 0.3, 0.5, 0.1, 0.4, 0.2, 0.1, 0.3, 0.2, 0.4, 0.2, 0.3, 0.1, 0.1, 0.2, 0.6, 0.2, 0.3, 0.2, 0.3, 0.3, 0.2, 0.2, 0.4, 0.5, 0.3, 0.2, 0.4, 0.3, 0.2, 0.1, 0.3, 0.4, 0.4, 0.4, 0.4, 0.5, 0.4, 0.4, 0.2, 0.3, 0.3, 0.3, 0.3, 0.4, 0.2, 0.4, 0.5, 0.4, 0.3, 0.4, 0.4, 0.2, 0.2, 0.3, 0.3, 0.3, 0.2], "recall_by_query": {"0": 0.3, "1": 0.7, "2": 0.4, "3": 0.1, "4": 0.2, "5": 0.2, "6": 0.1, "7": 0.3, "8": 0.4, "9": 0.2, "10": 0.4, "11": 0.4, "12": 0.4, "13": 0.1, "14": 0.3, "15": 0.2, "16": 0.5, "17": 0.4, "18": 0.2, "19": 0.1, "20": 0.3, "21": 0.5, "22": 0.0, "23": 0.5, "24": 0.4, "25": 0.3, "26": 0.3, "27": 0.3, "28": 0.1, "29": 0.3, "30": 0.2, "31": 0.3, "32": 0.3, "33": 0.4, "34": 0.3, "35": 0.3, "36": 0.7, "37": 0.3, "38": 0.4, "39": 0.5, "40": 0.2, "41": 0.4, "42": 0.3, "43": 0.5, "44": 0.3, "45": 0.2, "46": 0.2, "47": 0.3, "48": 0.1, "49": 0.3, "50": 0.2, "51": 0.2, "52": 0.4, "53": 0.3, "54": 0.4, "55": 0.3, "56": 0.4, "57": 0.4, "58": 0.1, "59": 0.3, "60": 0.3, "61": 0.4, "62": 0.4, "63": 0.3, "64": 0.5, "65": 0.3, "66": 0.3, "67": 0.6, "68": 0.3, "69": 0.2, "70": 0.4, "71": 0.5, "72": 0.5, "73": 0.3, "74": 0.5, "75": 0.2, "76": 0.5, "77": 0.4, "78": 0.1, "79": 0.2, "80": 0.3, "81": 0.3, "82": 0.3, "83": 0.1, "84": 0.2, "85": 0.2, "86": 0.4, "87": 0.1, "88": 0.2, "89": 0.6, "90": 0.5, "91": 0.2, "92": 0.1, "93": 0.3, "94": 0.2, "95": 0.5, "96": 0.1, "97": 0.2, "98": 0.4, "99": 0.5, "100": 0.1, "101": 0.3, "102": 0.3, "103": 0.4, "104": 0.5, "105": 0.3, "106": 0.2, "107": 0.5, "108": 0.3, "109": 0.3, "110": 0.1, "111": 0.2, "112": 0.2, "113": 0.2, "114": 0.4, "115": 0.1, "116": 0.2, "117": 0.1, "118": 0.1, "119": 0.1, "120": 0.4, "121": 0.5, "122": 0.2, "123": 0.3, "124": 0.3, "125": 0.2, "126": 0.6, "127": 0.4, "128": 0.2, "129": 0.4, "130": 0.0, "131": 0.4, "132": 0.0, "133": 0.2, "134": 0.4, "135": 0.3, "136": 0.2, "137": 0.6, "138": 0.6, "139": 0.2, "140": 0.3, "141": 0.0, "142": 0.5, "143": 0.2, "144": 0.1, "145": 0.4, "146": 0.2, "147": 0.4, "148": 0.2, "149": 0.4, "150": 0.3, "151": 0.4, "152": 0.2, "153": 0.1, "154": 0.2, "155": 0.7, "156": 0.3, "157": 0.5, "158": 0.5, "159": 0.2, "160": 0.4, "161": 0.2, "162": 0.3, "163": 0.4, "164": 0.4, "165": 0.1, "166": 0.6, "167": 0.2, "168": 0.3, "169": 0.2, "170": 0.6, "171": 0.2, "172": 0.0, "173": 0.3, "174": 0.3, "175": 0.3, "176": 0.4, "177": 0.3, "178": 0.6, "179": 0.1, "180": 0.2, "181": 0.0, "182": 0.1, "183": 0.3, "184": 0.4, "185": 0.3, "186": 0.4, "187": 0.2, "188": 0.2, "189": 0.2, "190": 0.3, "191": 0.4, "192": 0.4, "193": 0.2, "194": 0.1, "195": 0.3, "196": 0.3, "197": 0.4, "198": 0.3, "199": 0.3, "200": 0.3, "201": 0.2, "202": 0.3, "203": 0.2, "204": 0.1, "205": 0.1, "206": 0.3, "207": 0.4, "208": 0.1, "209": 0.1, "210": 0.0, "211": 0.4, "212": 0.2, "213": 0.4, "214": 0.2, "215": 0.4, "216": 0.4, "217": 0.2, "218": 0.5, "219": 0.4, "220": 0.1, "221": 0.1, "222": 0.4, "223": 0.6, "224": 0.2, "225": 0.1, "226": 0.5, "227": 0.3, "228": 0.5, "229": 0.4, "230": 0.3, "231": 0.5, "232": 0.4, "233": 0.3, "234": 0.4, "235": 0.2, "236": 0.1, "237": 0.3, "238": 0.2, "239": 0.2, "240": 0.1, "241": 0.3, "242": 0.2, "243": 0.3, "244": 0.2, "245": 0.3, "246": 0.1, "247": 0.3, "248": 0.1, "249": 0.0, "250": 0.2, "251": 0.1, "252": 0.3, "253": 0.4, "254": 0.3, "255": 0.3, "256": 0.3, "257": 0.9, "258": 0.3, "259": 0.0, "260": 0.3, "261": 0.3, "262": 0.2, "263": 0.4, "264": 0.2, "265": 0.1, "266": 0.2, "267": 0.2, "268": 0.4, "269": 0.4, "270": 0.3, "271": 0.2, "272": 0.5, "273": 0.5, "274": 0.4, "275": 0.1, "276": 0.3, "277": 0.5, "278": 0.1, "279": 0.4, "280": 0.4, "281": 0.4, "282": 0.4, "283": 0.3, "284": 0.4, "285": 0.2, "286": 0.4, "287": 0.3, "288": 0.2, "289": 0.2, "290": 0.4, "291": 0.3, "292": 0.5, "293": 0.2, "294": 0.2, "295": 0.4, "296": 0.5, "297": 0.2, "298": 0.4, "299": 0.5, "300": 0.2, "301": 0.2, "302": 0.2, "303": 0.2, "304": 0.5, "305": 0.5, "306": 0.3, "307": 0.4, "308": 0.3, "309": 0.4, "310": 0.4, "311": 0.4, "312": 0.3, "313": 0.3, "314": 0.2, "315": 0.4, "316": 0.3, "317": 0.5, "318": 0.4, "319": 0.2, "320": 0.3, "321": 0.2, "322": 0.5, "323": 0.3, "324": 0.4, "325": 0.2, "326": 0.2, "327": 0.1, "328": 0.5, "329": 0.3, "330": 0.2, "331": 0.1, "332": 0.2, "333": 0.4, "334": 0.1, "335": 0.3, "336": 0.3, "337": 0.6, "338": 0.1, "339": 0.4, "340": 0.5, "341": 0.3, "342": 0.3, "343": 0.3, "344": 0.2, "345": 0.3, "346": 0.1, "347": 0.3, "348": 0.3, "349": 0.6, "350": 0.1, "351": 0.2, "352": 0.4, "353": 0.2, "354": 0.5, "355": 0.5, "356": 0.2, "357": 0.1, "358": 0.3, "359": 0.5, "360": 0.2, "361": 0.2, "362": 0.1, "363": 0.2, "364": 0.3, "365": 0.5, "366": 0.3, "367": 0.5, "368": 0.2, "369": 0.2, "370": 0.1, "371": 0.3, "372": 0.3, "373": 0.1, "374": 0.2, "375": 0.3, "376": 0.3, "377": 0.4, "378": 0.4, "379": 0.2, "380": 0.5, "381": 0.2, "382": 0.3, "383": 0.2, "384": 0.4, "385": 0.2, "386": 0.1, "387": 0.4, "388": 0.4, "389": 0.2, "390": 0.6, "391": 0.4, "392": 0.5, "393": 0.3, "394": 0.3, "395": 0.4, "396": 0.4, "397": 0.1, "398": 0.5, "399": 0.4, "400": 0.4, "401": 0.6, "402": 0.2, "403": 0.3, "404": 0.3, "405": 0.5, "406": 0.2, "407": 0.3, "408": 0.5, "409": 0.2, "410": 0.4, "411": 0.5, "412": 0.3, "413": 0.1, "414": 0.3, "415": 0.3, "416": 0.2, "417": 0.4, "418": 0.4, "419": 0.3, "420": 0.2, "421": 0.4, "422": 0.6, "423": 0.2, "424": 0.2, "425": 0.0, "426": 0.0, "427": 0.2, "428": 0.3, "429": 0.3, "430": 0.2, "431": 0.3, "432": 0.2, "433": 0.1, "434": 0.4, "435": 0.3, "436": 0.3, "437": 0.2, "438": 0.4, "439": 0.1, "440": 0.4, "441": 0.0, "442": 0.2, "443": 0.4, "444": 0.1, "445": 0.3, "446": 0.4, "447": 0.5, "448": 0.1, "449": 0.4, "450": 0.2, "451": 0.3, "452": 0.3, "453": 0.4, "454": 0.6, "455": 0.4, "456": 0.4, "457": 0.3, "458": 0.5, "459": 0.3, "460": 0.2, "461": 0.3, "462": 0.3, "463": 0.2, "464": 0.3, "465": 0.4, "466": 0.2, "467": 0.4, "468": 0.6, "469": 0.2, "470": 0.4, "471": 0.3, "472": 0.2, "473": 0.6, "474": 0.4, "475": 0.1, "476": 0.4, "477": 0.2, "478": 0.0, "479": 0.3, "480": 0.4, "481": 0.2, "482": 0.5, "483": 0.4, "484": 0.1, "485": 0.1, "486": 0.4, "487": 0.1, "488": 0.3, "489": 0.5, "490": 0.2, "491": 0.2, "492": 0.2, "493": 0.3, "494": 0.5, "495": 0.3, "496": 0.6, "497": 0.4, "498": 0.2, "499": 0.5, "500": 0.3, "501": 0.2, "502": 0.3, "503": 0.3, "504": 0.2, "505": 0.4, "506": 0.2, "507": 0.3, "508": 0.2, "509": 0.1, "510": 0.5, "511": 0.2, "512": 0.5, "513": 0.6, "514": 0.3, "515": 0.3, "516": 0.2, "517": 0.4, "518": 0.3, "519": 0.3, "520": 0.0, "521": 0.4, "522": 0.3, "523": 0.2, "524": 0.2, "525": 0.3, "526": 0.4, "527": 0.2, "528": 0.4, "529": 0.2, "530": 0.3, "531": 0.2, "532": 0.1, "533": 0.4, "534": 0.1, "535": 0.4, "536": 0.3, "537": 0.6, "538": 0.4, "539": 0.2, "540": 0.2, "541": 0.3, "542": 0.5, "543": 0.4, "544": 0.2, "545": 0.3, "546": 0.4, "547": 0.4, "548": 0.3, "549": 0.6, "550": 0.4, "551": 0.3, "552": 0.3, "553": 0.6, "554": 0.4, "555": 0.1, "556": 0.4, "557": 0.3, "558": 0.1, "559": 0.1, "560": 0.4, "561": 0.3, "562": 0.1, "563": 0.3, "564": 0.2, "565": 0.4, "566": 0.3, "567": 0.4, "568": 0.3, "569": 0.3, "570": 0.5, "571": 0.3, "572": 0.1, "573": 0.2, "574": 0.5, "575": 0.3, "576": 0.2, "577": 0.2, "578": 0.3, "579": 0.3, "580": 0.5, "581": 0.2, "582": 0.2, "583": 0.3, "584": 0.3, "585": 0.3, "586": 0.3, "587": 0.4, "588": 0.3, "589": 0.4, "590": 0.3, "591": 0.3, "592": 0.4, "593": 0.2, "594": 0.5, "595": 0.4, "596": 0.6, "597": 0.3, "598": 0.5, "599": 0.3, "600": 0.2, "601": 0.4, "602": 0.3, "603": 0.4, "604": 0.7, "605": 0.1, "606": 0.3, "607": 0.4, "608": 0.3, "609": 0.2, "610": 0.7, "611": 0.6, "612": 0.0, "613": 0.1, "614": 0.2, "615": 0.4, "616": 0.0, "617": 0.2, "618": 0.4, "619": 0.5, "620": 0.4, "621": 0.2, "622": 0.4, "623": 0.2, "624": 0.2, "625": 0.4, "626": 0.4, "627": 0.4, "628": 0.2, "629": 0.4, "630": 0.3, "631": 0.5, "632": 0.2, "633": 0.2, "634": 0.3, "635": 0.2, "636": 0.2, "637": 0.5, "638": 0.3, "639": 0.5, "640": 0.3, "641": 0.3, "642": 0.3, "643": 0.1, "644": 0.3, "645": 0.1, "646": 0.7, "647": 0.5, "648": 0.3, "649": 0.3, "650": 0.3, "651": 0.3, "652": 0.2, "653": 0.2, "654": 0.1, "655": 0.2, "656": 0.4, "657": 0.4, "658": 0.3, "659": 0.2, "660": 0.4, "661": 0.6, "662": 0.3, "663": 0.3, "664": 0.6, "665": 0.3, "666": 0.1, "667": 0.1, "668": 0.3, "669": 0.3, "670": 0.1, "671": 0.3, "672": 0.3, "673": 0.2, "674": 0.5, "675": 0.3, "676": 0.3, "677": 0.5, "678": 0.4, "679": 0.3, "680": 0.2, "681": 0.2, "682": 0.5, "683": 0.4, "684": 0.4, "685": 0.2, "686": 0.3, "687": 0.3, "688": 0.5, "689": 0.3, "690": 0.1, "691": 0.5, "692": 0.6, "693": 0.3, "694": 0.1, "695": 0.2, "696": 0.3, "697": 0.4, "698": 0.5, "699": 0.3, "700": 0.3, "701": 0.3, "702": 0.3, "703": 0.5, "704": 0.5, "705": 0.5, "706": 0.3, "707": 0.2, "708": 0.2, "709": 0.3, "710": 0.2, "711": 0.2, "712": 0.3, "713": 0.2, "714": 0.2, "715": 0.4, "716": 0.5, "717": 0.4, "718": 0.2, "719": 0.6, "720": 0.3, "721": 0.3, "722": 0.1, "723": 0.2, "724": 0.4, "725": 0.5, "726": 0.3, "727": 0.3, "728": 0.3, "729": 0.2, "730": 0.4, "731": 0.4, "732": 0.2, "733": 0.3, "734": 0.4, "735": 0.6, "736": 0.1, "737": 0.4, "738": 0.3, "739": 0.3, "740": 0.2, "741": 0.3, "742": 0.3, "743": 0.4, "744": 0.4, "745": 0.4, "746": 0.4, "747": 0.5, "748": 0.3, "749": 0.2, "750": 0.3, "751": 0.3, "752": 0.3, "753": 0.3, "754": 0.3, "755": 0.3, "756": 0.2, "757": 0.3, "758": 0.3, "759": 0.3, "760": 0.2, "761": 0.2, "762": 0.2, "763": 0.1, "764": 0.4, "765": 0.4, "766": 0.5, "767": 0.4, "768": 0.3, "769": 0.1, "770": 0.3, "771": 0.0, "772": 0.4, "773": 0.4, "774": 0.4, "775": 0.2, "776": 0.2, "777": 0.4, "778": 0.3, "779": 0.1, "780": 0.2, "781": 0.1, "782": 0.1, "783": 0.4, "784": 0.3, "785": 0.2, "786": 0.5, "787": 0.5, "788": 0.2, "789": 0.1, "790": 0.3, "791": 0.3, "792": 0.2, "793": 0.1, "794": 0.5, "795": 0.2, "796": 0.4, "797": 0.6, "798": 0.4, "799": 0.2, "800": 0.3, "801": 0.5, "802": 0.2, "803": 0.1, "804": 0.4, "805": 0.6, "806": 0.4, "807": 0.4, "808": 0.4, "809": 0.7, "810": 0.5, "811": 0.1, "812": 0.5, "813": 0.5, "814": 0.3, "815": 0.1, "816": 0.3, "817": 0.6, "818": 0.4, "819": 0.3, "820": 0.2, "821": 0.5, "822": 0.2, "823": 0.1, "824": 0.3, "825": 0.3, "826": 0.2, "827": 0.4, "828": 0.2, "829": 0.1, "830": 0.3, "831": 0.1, "832": 0.2, "833": 0.2, "834": 0.4, "835": 0.1, "836": 0.3, "837": 0.2, "838": 0.2, "839": 0.3, "840": 0.3, "841": 0.2, "842": 0.3, "843": 0.4, "844": 0.4, "845": 0.0, "846": 0.3, "847": 0.4, "848": 0.1, "849": 0.3, "850": 0.2, "851": 0.4, "852": 0.2, "853": 0.3, "854": 0.4, "855": 0.2, "856": 0.2, "857": 0.4, "858": 0.4, "859": 0.4, "860": 0.0, "861": 0.5, "862": 0.3, "863": 0.3, "864": 0.6, "865": 0.3, "866": 0.3, "867": 0.4, "868": 0.4, "869": 0.2, "870": 0.3, "871": 0.1, "872": 0.4, "873": 0.2, "874": 0.2, "875": 0.4, "876": 0.1, "877": 0.5, "878": 0.6, "879": 0.1, "880": 0.3, "881": 0.4, "882": 0.2, "883": 0.3, "884": 0.2, "885": 0.3, "886": 0.2, "887": 0.1, "888": 0.3, "889": 0.1, "890": 0.3, "891": 0.3, "892": 0.2, "893": 0.5, "894": 0.3, "895": 0.1, "896": 0.2, "897": 0.3, "898": 0.5, "899": 0.3, "900": 0.4, "901": 0.3, "902": 0.4, "903": 0.3, "904": 0.3, "905": 0.3, "906": 0.1, "907": 0.1, "908": 0.3, "909": 0.6, "910": 0.3, "911": 0.1, "912": 0.6, "913": 0.5, "914": 0.2, "915": 0.6, "916": 0.4, "917": 0.2, "918": 0.1, "919": 0.9, "920": 0.5, "921": 0.3, "922": 0.5, "923": 0.4, "924": 0.3, "925": 0.3, "926": 0.4, "927": 0.1, "928": 0.4, "929": 0.2, "930": 0.2, "931": 0.3, "932": 0.3, "933": 0.3, "934": 0.4, "935": 0.4, "936": 0.3, "937": 0.1, "938": 0.6, "939": 0.3, "940": 0.3, "941": 0.0, "942": 0.5, "943": 0.3, "944": 0.5, "945": 0.1, "946": 0.4, "947": 0.2, "948": 0.1, "949": 0.3, "950": 0.2, "951": 0.4, "952": 0.2, "953": 0.3, "954": 0.1, "955": 0.1, "956": 0.2, "957": 0.6, "958": 0.2, "959": 0.3, "960": 0.2, "961": 0.3, "962": 0.3, "963": 0.2, "964": 0.2, "965": 0.4, "966": 0.5, "967": 0.3, "968": 0.2, "969": 0.4, "970": 0.3, "971": 0.2, "972": 0.1, "973": 0.3, "974": 0.4, "975": 0.4, "976": 0.4, "977": 0.4, "978": 0.5, "979": 0.4, "980": 0.4, "981": 0.2, "982": 0.3, "983": 0.3, "984": 0.3, "985": 0.3, "986": 0.4, "987": 0.2, "988": 0.4, "989": 0.5, "990": 0.4, "991": 0.3, "992": 0.4, "993": 0.4, "994": 0.2, "995": 0.2, "996": 0.3, "997": 0.3, "998": 0.3, "999": 0.2}}, "disk_io": {"applicable": true, "status": "OK", "scope": "Derived from /proc/diskstats on the benchmark client node; covers local block devices only. Not meaningful for network-attached storage targets.", "storage_target": {"applicable": true, "confidence": "heuristic", "data_path": null, "fstype": null, "mountpoint": null, "source": null, "network_mounts_detected": [], "reason": "no network/remote mounts detected on this node; disk_io reflects client-local block devices."}, "total_bytes_read": 383488573440, "total_bytes_read_per_sec": 6280642670.199851, "total_bytes_written": 28207104, "total_bytes_written_per_sec": 461966.1529833897, "total_read_formatted": "357.15 GB", "total_write_formatted": "26.90 MB", "devices": {"nvme5c5n1": {"bytes_read": 7948275712, "bytes_written": 1543680, "read_formatted": "7.40 GB", "write_formatted": "1.47 MB"}, "nvme9c9n1": {"bytes_read": 7632408576, "bytes_written": 137728, "read_formatted": "7.11 GB", "write_formatted": "134.50 KB"}, "nvme10c10n1": {"bytes_read": 8055058432, "bytes_written": 235520, "read_formatted": "7.50 GB", "write_formatted": "230.00 KB"}, "nvme6n1": {"bytes_read": 0, "bytes_written": 14180352, "read_formatted": "0.00 B", "write_formatted": "13.52 MB"}, "nvme8c8n1": {"bytes_read": 8296648704, "bytes_written": 58880, "read_formatted": "7.73 GB", "write_formatted": "57.50 KB"}, "nvme4c4n1": {"bytes_read": 7814037504, "bytes_written": 1610752, "read_formatted": "7.28 GB", "write_formatted": "1.54 MB"}, "nvme11c11n1": {"bytes_read": 7821901824, "bytes_written": 142336, "read_formatted": "7.28 GB", "write_formatted": "139.00 KB"}, "nvme7c7n1": {"bytes_read": 7783313408, "bytes_written": 104448, "read_formatted": "7.25 GB", "write_formatted": "102.00 KB"}, "nvme12c12n1": {"bytes_read": 8362725376, "bytes_written": 326656, "read_formatted": "7.79 GB", "write_formatted": "319.00 KB"}, "nvme23c23n1": {"bytes_read": 7919140864, "bytes_written": 199680, "read_formatted": "7.38 GB", "write_formatted": "195.00 KB"}, "nvme2c2n1": {"bytes_read": 7853178880, "bytes_written": 650240, "read_formatted": "7.31 GB", "write_formatted": "635.00 KB"}, "nvme24c24n1": {"bytes_read": 8020221952, "bytes_written": 75264, "read_formatted": "7.47 GB", "write_formatted": "73.50 KB"}, "nvme20c20n1": {"bytes_read": 8103333888, "bytes_written": 116224, "read_formatted": "7.55 GB", "write_formatted": "113.50 KB"}, "nvme3c3n1": {"bytes_read": 7804633088, "bytes_written": 347136, "read_formatted": "7.27 GB", "write_formatted": "339.00 KB"}, "nvme19c19n1": {"bytes_read": 8017297408, "bytes_written": 88064, "read_formatted": "7.47 GB", "write_formatted": "86.00 KB"}, "nvme21c21n1": {"bytes_read": 7949336576, "bytes_written": 150016, "read_formatted": "7.40 GB", "write_formatted": "146.50 KB"}, "nvme22c22n1": {"bytes_read": 8503263232, "bytes_written": 91648, "read_formatted": "7.92 GB", "write_formatted": "89.50 KB"}, "nvme13c13n1": {"bytes_read": 8197578752, "bytes_written": 92672, "read_formatted": "7.63 GB", "write_formatted": "90.50 KB"}, "nvme15c15n1": {"bytes_read": 7954276352, "bytes_written": 198656, "read_formatted": "7.41 GB", "write_formatted": "194.00 KB"}, "nvme1c1n1": {"bytes_read": 7986630656, "bytes_written": 243200, "read_formatted": "7.44 GB", "write_formatted": "237.50 KB"}, "nvme14c14n1": {"bytes_read": 8243773440, "bytes_written": 128512, "read_formatted": "7.68 GB", "write_formatted": "125.50 KB"}, "nvme0c0n1": {"bytes_read": 7856734208, "bytes_written": 125952, "read_formatted": "7.32 GB", "write_formatted": "123.00 KB"}, "nvme16c16n1": {"bytes_read": 7731965952, "bytes_written": 109056, "read_formatted": "7.20 GB", "write_formatted": "106.50 KB"}, "nvme17c17n1": {"bytes_read": 8067915776, "bytes_written": 137216, "read_formatted": "7.51 GB", "write_formatted": "134.00 KB"}, "nvme18c18n1": {"bytes_read": 7820636160, "bytes_written": 99840, "read_formatted": "7.28 GB", "write_formatted": "97.50 KB"}, "md127": {"bytes_read": 31420125184, "bytes_written": 4151808, "read_formatted": "29.26 GB", "write_formatted": "3.96 MB"}, "md126": {"bytes_read": 31767429120, "bytes_written": 536576, "read_formatted": "29.59 GB", "write_formatted": "524.00 KB"}, "md125": {"bytes_read": 32305258496, "bytes_written": 673280, "read_formatted": "30.09 GB", "write_formatted": "657.50 KB"}, "md124": {"bytes_read": 32391962624, "bytes_written": 516608, "read_formatted": "30.17 GB", "write_formatted": "504.50 KB"}, "md123": {"bytes_read": 32284717056, "bytes_written": 590336, "read_formatted": "30.07 GB", "write_formatted": "576.50 KB"}, "md122": {"bytes_read": 31574794240, "bytes_written": 544768, "read_formatted": "29.41 GB", "write_formatted": "532.00 KB"}}}}
