[OUTPUT] [DEBUG DLIOBenchmark.__init__] After LoadConfig:
[OUTPUT]   storage_type   = <StorageType.LOCAL_FS: 'local_fs'>
[OUTPUT]   storage_root   = './'
[OUTPUT]   storage_options= None
[OUTPUT]   data_folder    = '/mlperf-storage/mlpstorage_run/unet3d_data/unet3d'
[OUTPUT]   framework      = <FrameworkType.PYTORCH: 'pytorch'>
[OUTPUT]   num_files_train= 84375
[OUTPUT]   record_length  = 146600628
[OUTPUT]   generate_data  = False
[OUTPUT]   do_train       = True
[OUTPUT]   do_checkpoint  = False
[OUTPUT]   epochs         = 5
[OUTPUT]   batch_size     = 7
[OUTPUT] 2026-07-21T22:06:45.822572 Running DLIO [Training] with 3 process(es)
[OUTPUT] 2026-07-21T22:06:46.037714 skip_listing [train]: validating 8,439 of 84,375 files (first, last, every 10) via HEAD requests ...
[OUTPUT] 2026-07-21T22:06:46.323167 skip_listing [train]:   500/8,439 checked (6%)  —  1752 checks/s  —  ETA 5s  —  0 failed so far
[OUTPUT] 2026-07-21T22:06:46.592540 skip_listing [train]:   1,000/8,439 checked (12%)  —  1803 checks/s  —  ETA 4s  —  0 failed so far
[OUTPUT] 2026-07-21T22:06:46.858274 skip_listing [train]:   1,500/8,439 checked (18%)  —  1828 checks/s  —  ETA 4s  —  0 failed so far
[OUTPUT] 2026-07-21T22:06:47.134483 skip_listing [train]:   2,000/8,439 checked (24%)  —  1824 checks/s  —  ETA 4s  —  0 failed so far
[OUTPUT] 2026-07-21T22:06:47.425324 skip_listing [train]:   2,500/8,439 checked (30%)  —  1802 checks/s  —  ETA 3s  —  0 failed so far
[OUTPUT] 2026-07-21T22:06:47.705116 skip_listing [train]:   3,000/8,439 checked (36%)  —  1799 checks/s  —  ETA 3s  —  0 failed so far
[OUTPUT] 2026-07-21T22:06:47.982376 skip_listing [train]:   3,500/8,439 checked (41%)  —  1800 checks/s  —  ETA 3s  —  0 failed so far
[OUTPUT] 2026-07-21T22:06:48.268938 skip_listing [train]:   4,000/8,439 checked (47%)  —  1793 checks/s  —  ETA 2s  —  0 failed so far
[OUTPUT] 2026-07-21T22:06:48.545213 skip_listing [train]:   4,500/8,439 checked (53%)  —  1795 checks/s  —  ETA 2s  —  0 failed so far
[OUTPUT] 2026-07-21T22:06:48.825189 skip_listing [train]:   5,000/8,439 checked (59%)  —  1794 checks/s  —  ETA 2s  —  0 failed so far
[OUTPUT] 2026-07-21T22:06:49.260753 skip_listing [train]:   5,500/8,439 checked (65%)  —  1707 checks/s  —  ETA 2s  —  0 failed so far
[OUTPUT] 2026-07-21T22:06:49.537388 skip_listing [train]:   6,000/8,439 checked (71%)  —  1714 checks/s  —  ETA 1s  —  0 failed so far
[OUTPUT] 2026-07-21T22:06:49.817621 skip_listing [train]:   6,500/8,439 checked (77%)  —  1720 checks/s  —  ETA 1s  —  0 failed so far
[OUTPUT] 2026-07-21T22:06:50.094754 skip_listing [train]:   7,000/8,439 checked (83%)  —  1725 checks/s  —  ETA 1s  —  0 failed so far
[OUTPUT] 2026-07-21T22:06:50.369952 skip_listing [train]:   7,500/8,439 checked (89%)  —  1731 checks/s  —  ETA 1s  —  0 failed so far
[OUTPUT] 2026-07-21T22:06:50.646210 skip_listing [train]:   8,000/8,439 checked (95%)  —  1736 checks/s  —  ETA 0s  —  0 failed so far
[OUTPUT] 2026-07-21T22:06:50.886782 skip_listing [train]: validation complete — all 8,439 samples exist (4.8s, 1740 checks/s); 28,125 URIs ready for rank 0 (84,375 total across all ranks)
[OUTPUT] 2026-07-21T22:06:50.888094 File listing [train]: 84375 files discovered, 28125 assigned to rank 0, completed in 4.91s
[OUTPUT] 2026-07-21T22:06:50.888179 skip_listing [valid]: generated 0 file URIs deterministically (0 total — validation disabled)
[OUTPUT] 2026-07-21T22:06:50.888219 File listing [valid]: 0 files discovered, 0 assigned to rank 0, completed in 0.00s
[OUTPUT] 2026-07-21T22:06:50.888251 Streamed file sharding: 84375 train files across 3 ranks via round-robin (rank 0 shard: 28125 files)
[OUTPUT] 2026-07-21T22:06:51.362472 Max steps per epoch per rank: 12053 = 1 * 84375 / 7 (samples per file * local files / batch size)
[OUTPUT] 2026-07-21T22:06:51.383798 Reshard for epoch 1: 28125 train files, 0 eval files redistributed via alltoall in 0.02s
[OUTPUT] 2026-07-21T22:07:12.009798 Worker pre-warm complete (96 workers spawned)
[OUTPUT] 2026-07-21T22:07:12.658020 Starting epoch 1: 4017 steps expected
[OUTPUT] 2026-07-21T22:07:12.658345 Starting block 1
[OUTPUT] 2026-07-21T22:18:27.774691 Ending block 1 - 4017 steps completed in 675.12 s
[OUTPUT] 2026-07-21T22:18:27.948647 Epoch 1 - Block 1 [Training] Accelerator Utilization [AU] (%): 98.3814
[OUTPUT] 2026-07-21T22:18:27.948698 Epoch 1 - Block 1 [Training] Throughput (samples/second): 127.4442
[OUTPUT] 2026-07-21T22:18:27.950106 Epoch 1 - Block 1 [Training] Computation time per step (second): 0.1621+/-0.0000 (set value: {'mean': 0.162})
[OUTPUT] 2026-07-21T22:18:27.951503 Ending epoch 1 - 4017 steps completed in 675.29 s
[OUTPUT] 2026-07-21T22:18:27.971606 Reshard for epoch 2: 28125 train files, 0 eval files redistributed via alltoall in 0.02s
[OUTPUT] 2026-07-21T22:18:42.935546 Worker pre-warm complete for epoch 2 (96 workers spawned)
[OUTPUT] 2026-07-21T22:18:44.633368 Starting epoch 2: 4017 steps expected
[OUTPUT] 2026-07-21T22:18:44.633707 Starting block 1
[OUTPUT] 2026-07-21T22:29:58.601532 Ending block 1 - 4017 steps completed in 673.97 s
[OUTPUT] 2026-07-21T22:29:58.756517 Epoch 2 - Block 1 [Training] Accelerator Utilization [AU] (%): 98.4391
[OUTPUT] 2026-07-21T22:29:58.756585 Epoch 2 - Block 1 [Training] Throughput (samples/second): 127.5207
[OUTPUT] 2026-07-21T22:29:58.757028 Epoch 2 - Block 1 [Training] Computation time per step (second): 0.1621+/-0.0000 (set value: {'mean': 0.162})
[OUTPUT] 2026-07-21T22:29:58.758201 Ending epoch 2 - 4017 steps completed in 674.12 s
[OUTPUT] 2026-07-21T22:29:58.781415 Reshard for epoch 3: 28125 train files, 0 eval files redistributed via alltoall in 0.02s
[OUTPUT] 2026-07-21T22:30:13.109621 Worker pre-warm complete for epoch 3 (96 workers spawned)
[OUTPUT] 2026-07-21T22:30:14.800241 Starting epoch 3: 4017 steps expected
[OUTPUT] 2026-07-21T22:30:14.800590 Starting block 1
[OUTPUT] 2026-07-21T22:41:28.883346 Ending block 1 - 4017 steps completed in 674.08 s
[OUTPUT] 2026-07-21T22:41:29.043913 Epoch 3 - Block 1 [Training] Accelerator Utilization [AU] (%): 98.4270
[OUTPUT] 2026-07-21T22:41:29.043977 Epoch 3 - Block 1 [Training] Throughput (samples/second): 127.5062
[OUTPUT] 2026-07-21T22:41:29.044359 Epoch 3 - Block 1 [Training] Computation time per step (second): 0.1621+/-0.0000 (set value: {'mean': 0.162})
[OUTPUT] 2026-07-21T22:41:29.045427 Ending epoch 3 - 4017 steps completed in 674.25 s
[OUTPUT] 2026-07-21T22:41:29.066742 Reshard for epoch 4: 28125 train files, 0 eval files redistributed via alltoall in 0.02s
[OUTPUT] 2026-07-21T22:41:45.810404 Worker pre-warm complete for epoch 4 (96 workers spawned)
[OUTPUT] 2026-07-21T22:41:47.722246 Starting epoch 4: 4017 steps expected
[OUTPUT] 2026-07-21T22:41:47.722665 Starting block 1
[OUTPUT] 2026-07-21T22:53:03.635480 Ending block 1 - 4017 steps completed in 675.91 s
[OUTPUT] 2026-07-21T22:53:03.793767 Epoch 4 - Block 1 [Training] Accelerator Utilization [AU] (%): 98.4162
[OUTPUT] 2026-07-21T22:53:03.793829 Epoch 4 - Block 1 [Training] Throughput (samples/second): 127.4916
[OUTPUT] 2026-07-21T22:53:03.794196 Epoch 4 - Block 1 [Training] Computation time per step (second): 0.1621+/-0.0000 (set value: {'mean': 0.162})
[OUTPUT] 2026-07-21T22:53:03.795246 Ending epoch 4 - 4017 steps completed in 676.07 s
[OUTPUT] 2026-07-21T22:53:03.818972 Reshard for epoch 5: 28125 train files, 0 eval files redistributed via alltoall in 0.02s
[OUTPUT] 2026-07-21T22:53:18.083703 Worker pre-warm complete for epoch 5 (96 workers spawned)
[OUTPUT] 2026-07-21T22:53:19.939525 Starting epoch 5: 4017 steps expected
[OUTPUT] 2026-07-21T22:53:19.939881 Starting block 1
[OUTPUT] 2026-07-21T23:04:33.943915 Ending block 1 - 4017 steps completed in 674.00 s
[OUTPUT] 2026-07-21T23:04:34.101476 Epoch 5 - Block 1 [Training] Accelerator Utilization [AU] (%): 98.3567
[OUTPUT] 2026-07-21T23:04:34.101564 Epoch 5 - Block 1 [Training] Throughput (samples/second): 127.4132
[OUTPUT] 2026-07-21T23:04:34.102002 Epoch 5 - Block 1 [Training] Computation time per step (second): 0.1621+/-0.0000 (set value: {'mean': 0.162})
[OUTPUT] 2026-07-21T23:04:34.103375 Ending epoch 5 - 4017 steps completed in 674.16 s
[OUTPUT] 2026-07-21T23:04:34.126688 Reshard for epoch 6: 28125 train files, 0 eval files redistributed via alltoall in 0.02s
[OUTPUT] 2026-07-21T23:04:49.748783 Worker pre-warm complete for epoch 6 (96 workers spawned)
[OUTPUT] 2026-07-21T23:04:49.750631 Saved outputs in /submission/submission_Microsoft_training/closed/Microsoft/results/AMLFS-Durable-Premium-125-160TiB-3-Standard_D192ds_v6/training/unet3d/run/20260721_220535
[OUTPUT] Averaged metric over all steps/epochs
[METRIC] ==========================================================
[METRIC] Number of Simulated Accelerators: 3 
[METRIC] Training Accelerator Utilization [AU] (%): 98.2077 (0.0926)
[METRIC] Training Throughput (samples/second): 127.2182 (0.1201)
[METRIC] Training I/O Throughput (MiB/second): 17786.2810 (16.7843)
[METRIC] train_au_meet_expectation: success
[METRIC] ==========================================================

[OUTPUT] 2026-07-21T23:04:52.218716 outputs saved in RANKID_output.json
