[OUTPUT] [DEBUG DLIOBenchmark.__init__] After LoadConfig:
[OUTPUT]   storage_type   = <StorageType.LOCAL_FS: 'local_fs'>
[OUTPUT]   storage_root   = './'
[OUTPUT]   storage_options= None
[OUTPUT]   data_folder    = '/mnt/xpc/mlperf/data/formal/unet3d_closed_7client_a70_20260721_095215/unet3d'
[OUTPUT]   framework      = <FrameworkType.PYTORCH: 'pytorch'>
[OUTPUT]   num_files_train= 245000
[OUTPUT]   record_length  = 146600628
[OUTPUT]   generate_data  = False
[OUTPUT]   do_train       = True
[OUTPUT]   do_checkpoint  = False
[OUTPUT]   epochs         = 5
[OUTPUT]   batch_size     = 7
[OUTPUT] 2026-07-21T11:33:02.091212 Running DLIO [Training] with 70 process(es)
[OUTPUT] 2026-07-21T11:33:02.130289 skip_listing [train]: validating 24,501 of 245,000 files (first, last, every 10) via HEAD requests ...
[OUTPUT] 2026-07-21T11:33:02.154414 skip_listing [train]:   500/24,501 checked (2%)  —  20822 checks/s  —  ETA 1s  —  0 failed so far
[OUTPUT] 2026-07-21T11:33:02.174132 skip_listing [train]:   1,000/24,501 checked (4%)  —  22866 checks/s  —  ETA 1s  —  0 failed so far
[OUTPUT] 2026-07-21T11:33:02.193160 skip_listing [train]:   1,500/24,501 checked (6%)  —  23900 checks/s  —  ETA 1s  —  0 failed so far
[OUTPUT] 2026-07-21T11:33:02.211593 skip_listing [train]:   2,000/24,501 checked (8%)  —  24632 checks/s  —  ETA 1s  —  0 failed so far
[OUTPUT] 2026-07-21T11:33:02.230037 skip_listing [train]:   2,500/24,501 checked (10%)  —  25091 checks/s  —  ETA 1s  —  0 failed so far
[OUTPUT] 2026-07-21T11:33:02.248207 skip_listing [train]:   3,000/24,501 checked (12%)  —  25465 checks/s  —  ETA 1s  —  0 failed so far
[OUTPUT] 2026-07-21T11:33:02.266140 skip_listing [train]:   3,500/24,501 checked (14%)  —  25784 checks/s  —  ETA 1s  —  0 failed so far
[OUTPUT] 2026-07-21T11:33:02.284454 skip_listing [train]:   4,000/24,501 checked (16%)  —  25964 checks/s  —  ETA 1s  —  0 failed so far
[OUTPUT] 2026-07-21T11:33:02.302158 skip_listing [train]:   4,500/24,501 checked (18%)  —  26199 checks/s  —  ETA 1s  —  0 failed so far
[OUTPUT] 2026-07-21T11:33:02.319966 skip_listing [train]:   5,000/24,501 checked (20%)  —  26376 checks/s  —  ETA 1s  —  0 failed so far
[OUTPUT] 2026-07-21T11:33:02.338190 skip_listing [train]:   5,500/24,501 checked (22%)  —  26469 checks/s  —  ETA 1s  —  0 failed so far
[OUTPUT] 2026-07-21T11:33:02.355805 skip_listing [train]:   6,000/24,501 checked (24%)  —  26618 checks/s  —  ETA 1s  —  0 failed so far
[OUTPUT] 2026-07-21T11:33:02.373489 skip_listing [train]:   6,500/24,501 checked (27%)  —  26739 checks/s  —  ETA 1s  —  0 failed so far
[OUTPUT] 2026-07-21T11:33:02.391035 skip_listing [train]:   7,000/24,501 checked (29%)  —  26857 checks/s  —  ETA 1s  —  0 failed so far
[OUTPUT] 2026-07-21T11:33:02.409752 skip_listing [train]:   7,500/24,501 checked (31%)  —  26848 checks/s  —  ETA 1s  —  0 failed so far
[OUTPUT] 2026-07-21T11:33:02.427100 skip_listing [train]:   8,000/24,501 checked (33%)  —  26963 checks/s  —  ETA 1s  —  0 failed so far
[OUTPUT] 2026-07-21T11:33:02.444550 skip_listing [train]:   8,500/24,501 checked (35%)  —  27057 checks/s  —  ETA 1s  —  0 failed so far
[OUTPUT] 2026-07-21T11:33:02.462888 skip_listing [train]:   9,000/24,501 checked (37%)  —  27068 checks/s  —  ETA 1s  —  0 failed so far
[OUTPUT] 2026-07-21T11:33:02.480431 skip_listing [train]:   9,500/24,501 checked (39%)  —  27140 checks/s  —  ETA 1s  —  0 failed so far
[OUTPUT] 2026-07-21T11:33:02.498341 skip_listing [train]:   10,000/24,501 checked (41%)  —  27178 checks/s  —  ETA 1s  —  0 failed so far
[OUTPUT] 2026-07-21T11:33:02.515855 skip_listing [train]:   10,500/24,501 checked (43%)  —  27240 checks/s  —  ETA 1s  —  0 failed so far
[OUTPUT] 2026-07-21T11:33:02.533390 skip_listing [train]:   11,000/24,501 checked (45%)  —  27296 checks/s  —  ETA 0s  —  0 failed so far
[OUTPUT] 2026-07-21T11:33:02.550967 skip_listing [train]:   11,500/24,501 checked (47%)  —  27344 checks/s  —  ETA 0s  —  0 failed so far
[OUTPUT] 2026-07-21T11:33:02.568278 skip_listing [train]:   12,000/24,501 checked (49%)  —  27405 checks/s  —  ETA 0s  —  0 failed so far
[OUTPUT] 2026-07-21T11:33:02.585838 skip_listing [train]:   12,500/24,501 checked (51%)  —  27446 checks/s  —  ETA 0s  —  0 failed so far
[OUTPUT] 2026-07-21T11:33:02.603482 skip_listing [train]:   13,000/24,501 checked (53%)  —  27479 checks/s  —  ETA 0s  —  0 failed so far
[OUTPUT] 2026-07-21T11:33:02.620586 skip_listing [train]:   13,500/24,501 checked (55%)  —  27540 checks/s  —  ETA 0s  —  0 failed so far
[OUTPUT] 2026-07-21T11:33:02.637554 skip_listing [train]:   14,000/24,501 checked (57%)  —  27605 checks/s  —  ETA 0s  —  0 failed so far
[OUTPUT] 2026-07-21T11:33:02.655306 skip_listing [train]:   14,500/24,501 checked (59%)  —  27624 checks/s  —  ETA 0s  —  0 failed so far
[OUTPUT] 2026-07-21T11:33:02.672649 skip_listing [train]:   15,000/24,501 checked (61%)  —  27662 checks/s  —  ETA 0s  —  0 failed so far
[OUTPUT] 2026-07-21T11:33:02.690410 skip_listing [train]:   15,500/24,501 checked (63%)  —  27678 checks/s  —  ETA 0s  —  0 failed so far
[OUTPUT] 2026-07-21T11:33:02.707616 skip_listing [train]:   16,000/24,501 checked (65%)  —  27719 checks/s  —  ETA 0s  —  0 failed so far
[OUTPUT] 2026-07-21T11:33:02.724924 skip_listing [train]:   16,500/24,501 checked (67%)  —  27753 checks/s  —  ETA 0s  —  0 failed so far
[OUTPUT] 2026-07-21T11:33:02.742029 skip_listing [train]:   17,000/24,501 checked (69%)  —  27794 checks/s  —  ETA 0s  —  0 failed so far
[OUTPUT] 2026-07-21T11:33:02.759294 skip_listing [train]:   17,500/24,501 checked (71%)  —  27826 checks/s  —  ETA 0s  —  0 failed so far
[OUTPUT] 2026-07-21T11:33:02.776736 skip_listing [train]:   18,000/24,501 checked (73%)  —  27849 checks/s  —  ETA 0s  —  0 failed so far
[OUTPUT] 2026-07-21T11:33:02.793843 skip_listing [train]:   18,500/24,501 checked (76%)  —  27885 checks/s  —  ETA 0s  —  0 failed so far
[OUTPUT] 2026-07-21T11:33:02.811127 skip_listing [train]:   19,000/24,501 checked (78%)  —  27911 checks/s  —  ETA 0s  —  0 failed so far
[OUTPUT] 2026-07-21T11:33:02.828719 skip_listing [train]:   19,500/24,501 checked (80%)  —  27924 checks/s  —  ETA 0s  —  0 failed so far
[OUTPUT] 2026-07-21T11:33:02.845764 skip_listing [train]:   20,000/24,501 checked (82%)  —  27958 checks/s  —  ETA 0s  —  0 failed so far
[OUTPUT] 2026-07-21T11:33:02.863089 skip_listing [train]:   20,500/24,501 checked (84%)  —  27979 checks/s  —  ETA 0s  —  0 failed so far
[OUTPUT] 2026-07-21T11:33:02.880251 skip_listing [train]:   21,000/24,501 checked (86%)  —  28005 checks/s  —  ETA 0s  —  0 failed so far
[OUTPUT] 2026-07-21T11:33:02.897737 skip_listing [train]:   21,500/24,501 checked (88%)  —  28019 checks/s  —  ETA 0s  —  0 failed so far
[OUTPUT] 2026-07-21T11:33:02.915258 skip_listing [train]:   22,000/24,501 checked (90%)  —  28030 checks/s  —  ETA 0s  —  0 failed so far
[OUTPUT] 2026-07-21T11:33:02.932434 skip_listing [train]:   22,500/24,501 checked (92%)  —  28054 checks/s  —  ETA 0s  —  0 failed so far
[OUTPUT] 2026-07-21T11:33:02.949956 skip_listing [train]:   23,000/24,501 checked (94%)  —  28064 checks/s  —  ETA 0s  —  0 failed so far
[OUTPUT] 2026-07-21T11:33:02.967386 skip_listing [train]:   23,500/24,501 checked (96%)  —  28077 checks/s  —  ETA 0s  —  0 failed so far
[OUTPUT] 2026-07-21T11:33:02.985619 skip_listing [train]:   24,000/24,501 checked (98%)  —  28063 checks/s  —  ETA 0s  —  0 failed so far
[OUTPUT] 2026-07-21T11:33:03.003329 skip_listing [train]:   24,500/24,501 checked (100%)  —  28066 checks/s  —  ETA 0s  —  0 failed so far
[OUTPUT] 2026-07-21T11:33:03.003366 skip_listing [train]: validation complete — all 24,501 samples exist (0.9s, 28066 checks/s); 3,500 URIs ready for rank 0 (245,000 total across all ranks)
[OUTPUT] 2026-07-21T11:33:03.003431 File listing [train]: 245000 files discovered, 3500 assigned to rank 0, completed in 0.89s
[OUTPUT] 2026-07-21T11:33:03.003463 skip_listing [valid]: generated 0 file URIs deterministically (0 total — validation disabled)
[OUTPUT] 2026-07-21T11:33:03.003493 File listing [valid]: 0 files discovered, 0 assigned to rank 0, completed in 0.00s
[OUTPUT] 2026-07-21T11:33:03.003516 Streamed file sharding: 245000 train files across 70 ranks via round-robin (rank 0 shard: 3500 files)
[OUTPUT] 2026-07-21T11:33:03.467907 Max steps per epoch per rank: 35000 = 1 * 245000 / 7 (samples per file * local files / batch size)
[OUTPUT] 2026-07-21T11:33:03.547426 Reshard for epoch 1: 3500 train files, 0 eval files redistributed via alltoall in 0.08s
[OUTPUT] 2026-07-21T11:33:06.214387 Worker pre-warm complete (13 workers spawned)
[OUTPUT] 2026-07-21T11:33:07.597964 Starting epoch 1: 500 steps expected
[OUTPUT] 2026-07-21T11:33:07.598257 Starting block 1
[OUTPUT] 2026-07-21T11:34:37.838132 Ending block 1 - 500 steps completed in 90.24 s
[OUTPUT] 2026-07-21T11:34:37.841962 Epoch 1 - Block 1 [Training] Accelerator Utilization [AU] (%): 92.3247
[OUTPUT] 2026-07-21T11:34:37.842016 Epoch 1 - Block 1 [Training] Throughput (samples/second): 2786.3123
[OUTPUT] 2026-07-21T11:34:37.843104 Epoch 1 - Block 1 [Training] Computation time per step (second): 0.1624+/-0.0006 (set value: {'mean': 0.162})
[OUTPUT] 2026-07-21T11:34:37.881562 Ending epoch 1 - 500 steps completed in 90.28 s
[OUTPUT] 2026-07-21T11:34:37.898075 Reshard for epoch 2: 3500 train files, 0 eval files redistributed via alltoall in 0.02s
[OUTPUT] 2026-07-21T11:34:41.071001 Worker pre-warm complete for epoch 2 (13 workers spawned)
[OUTPUT] 2026-07-21T11:34:41.451283 Starting epoch 2: 500 steps expected
[OUTPUT] 2026-07-21T11:34:41.451616 Starting block 1
[OUTPUT] 2026-07-21T11:36:11.470670 Ending block 1 - 500 steps completed in 90.02 s
[OUTPUT] 2026-07-21T11:36:11.472682 Epoch 2 - Block 1 [Training] Accelerator Utilization [AU] (%): 92.4773
[OUTPUT] 2026-07-21T11:36:11.472739 Epoch 2 - Block 1 [Training] Throughput (samples/second): 2790.5378
[OUTPUT] 2026-07-21T11:36:11.472954 Epoch 2 - Block 1 [Training] Computation time per step (second): 0.1624+/-0.0007 (set value: {'mean': 0.162})
[OUTPUT] 2026-07-21T11:36:11.520859 Ending epoch 2 - 500 steps completed in 90.07 s
[OUTPUT] 2026-07-21T11:36:11.540374 Reshard for epoch 3: 3500 train files, 0 eval files redistributed via alltoall in 0.02s
[OUTPUT] 2026-07-21T11:36:14.563524 Worker pre-warm complete for epoch 3 (13 workers spawned)
[OUTPUT] 2026-07-21T11:36:15.266374 Starting epoch 3: 500 steps expected
[OUTPUT] 2026-07-21T11:36:15.266674 Starting block 1
[OUTPUT] 2026-07-21T11:37:45.347188 Ending block 1 - 500 steps completed in 90.08 s
[OUTPUT] 2026-07-21T11:37:45.349178 Epoch 3 - Block 1 [Training] Accelerator Utilization [AU] (%): 92.4148
[OUTPUT] 2026-07-21T11:37:45.349229 Epoch 3 - Block 1 [Training] Throughput (samples/second): 2790.2252
[OUTPUT] 2026-07-21T11:37:45.349419 Epoch 3 - Block 1 [Training] Computation time per step (second): 0.1623+/-0.0005 (set value: {'mean': 0.162})
[OUTPUT] 2026-07-21T11:37:45.403951 Ending epoch 3 - 500 steps completed in 90.14 s
[OUTPUT] 2026-07-21T11:37:45.423143 Reshard for epoch 4: 3500 train files, 0 eval files redistributed via alltoall in 0.02s
[OUTPUT] 2026-07-21T11:37:48.038633 Worker pre-warm complete for epoch 4 (13 workers spawned)
[OUTPUT] 2026-07-21T11:37:49.034270 Starting epoch 4: 500 steps expected
[OUTPUT] 2026-07-21T11:37:49.034627 Starting block 1
[OUTPUT] 2026-07-21T11:39:19.418926 Ending block 1 - 500 steps completed in 90.38 s
[OUTPUT] 2026-07-21T11:39:19.420886 Epoch 4 - Block 1 [Training] Accelerator Utilization [AU] (%): 92.1877
[OUTPUT] 2026-07-21T11:39:19.420942 Epoch 4 - Block 1 [Training] Throughput (samples/second): 2781.9123
[OUTPUT] 2026-07-21T11:39:19.421126 Epoch 4 - Block 1 [Training] Computation time per step (second): 0.1624+/-0.0006 (set value: {'mean': 0.162})
[OUTPUT] 2026-07-21T11:39:19.470272 Ending epoch 4 - 500 steps completed in 90.44 s
[OUTPUT] 2026-07-21T11:39:19.490196 Reshard for epoch 5: 3500 train files, 0 eval files redistributed via alltoall in 0.02s
[OUTPUT] 2026-07-21T11:39:22.049308 Worker pre-warm complete for epoch 5 (13 workers spawned)
[OUTPUT] 2026-07-21T11:39:22.981451 Starting epoch 5: 500 steps expected
[OUTPUT] 2026-07-21T11:39:22.981843 Starting block 1
[OUTPUT] 2026-07-21T11:40:53.302527 Ending block 1 - 500 steps completed in 90.32 s
[OUTPUT] 2026-07-21T11:40:53.304469 Epoch 5 - Block 1 [Training] Accelerator Utilization [AU] (%): 91.8057
[OUTPUT] 2026-07-21T11:40:53.304524 Epoch 5 - Block 1 [Training] Throughput (samples/second): 2770.4123
[OUTPUT] 2026-07-21T11:40:53.304720 Epoch 5 - Block 1 [Training] Computation time per step (second): 0.1624+/-0.0006 (set value: {'mean': 0.162})
[OUTPUT] 2026-07-21T11:40:53.352123 Ending epoch 5 - 500 steps completed in 90.37 s
[OUTPUT] 2026-07-21T11:40:53.373636 Reshard for epoch 6: 3500 train files, 0 eval files redistributed via alltoall in 0.02s
[OUTPUT] 2026-07-21T11:40:55.961582 Worker pre-warm complete for epoch 6 (13 workers spawned)
[OUTPUT] 2026-07-21T11:40:56.840144 Saved outputs in /mnt/mlperf-results-nfs/mlps-results-training-unet3d-7client-a70-closed-20260721_105151/closed/XSKY/results/AIMesh-7-node/training/unet3d/run/20260721_113238
[OUTPUT] Averaged metric over all steps/epochs
[METRIC] ==========================================================
[METRIC] Number of Simulated Accelerators: 70 
[METRIC] Training Accelerator Utilization [AU] (%): 92.0526 (0.1544)
[METRIC] Training Throughput (samples/second): 2781.3136 (4.6247)
[METRIC] Training I/O Throughput (MiB/second): 388853.3785 (646.5808)
[METRIC] train_au_meet_expectation: success
[METRIC] ==========================================================

[OUTPUT] 2026-07-21T11:40:57.039324 outputs saved in RANKID_output.json
