Warning: Permanently added '172.31.9.50' (ED25519) to the list of known hosts.
Warning: Permanently added '172.31.9.105' (ED25519) to the list of known hosts.
Warning: Permanently added '172.31.4.133' (ED25519) to the list of known hosts.
Warning: Permanently added '172.31.13.26' (ED25519) to the list of known hosts.
Warning: Permanently added '172.31.15.44' (ED25519) to the list of known hosts.
Warning: Permanently added '172.31.4.111' (ED25519) to the list of known hosts.
Warning: Permanently added '172.31.12.239' (ED25519) to the list of known hosts.
[OUTPUT] [DEBUG DLIOBenchmark.__init__] After LoadConfig:
[OUTPUT]   storage_type   = <StorageType.LOCAL_FS: 'local_fs'>
[OUTPUT]   storage_root   = './'
[OUTPUT]   storage_options= None
[OUTPUT]   data_folder    = '/mnt/alluxio/mlperf/unet3d'
[OUTPUT]   framework      = <FrameworkType.PYTORCH: 'pytorch'>
[OUTPUT]   num_files_train= 55500
[OUTPUT]   record_length  = 146600628
[OUTPUT]   generate_data  = False
[OUTPUT]   do_train       = True
[OUTPUT]   do_checkpoint  = False
[OUTPUT]   epochs         = 5
[OUTPUT]   batch_size     = 7
[OUTPUT] 2026-07-04T05:21:10.959688 Running DLIO [Training] with 8 process(es)
[OUTPUT] 2026-07-04T05:21:11.009185 skip_listing [train]: validating 55,500 of 55,500 files (first, last, every 1) via HEAD requests ...
[OUTPUT] 2026-07-04T05:21:11.945516 skip_listing [train]:   500/55,500 checked (1%)  —  534 checks/s  —  ETA 103s  —  0 failed so far
[OUTPUT] 2026-07-04T05:21:12.874088 skip_listing [train]:   1,000/55,500 checked (2%)  —  536 checks/s  —  ETA 102s  —  0 failed so far
[OUTPUT] 2026-07-04T05:21:13.801886 skip_listing [train]:   1,500/55,500 checked (3%)  —  537 checks/s  —  ETA 101s  —  0 failed so far
[OUTPUT] 2026-07-04T05:21:14.738698 skip_listing [train]:   2,000/55,500 checked (4%)  —  536 checks/s  —  ETA 100s  —  0 failed so far
[OUTPUT] 2026-07-04T05:21:15.665438 skip_listing [train]:   2,500/55,500 checked (5%)  —  537 checks/s  —  ETA 99s  —  0 failed so far
[OUTPUT] 2026-07-04T05:21:16.545575 skip_listing [train]:   3,000/55,500 checked (5%)  —  542 checks/s  —  ETA 97s  —  0 failed so far
[OUTPUT] 2026-07-04T05:21:17.337962 skip_listing [train]:   3,500/55,500 checked (6%)  —  553 checks/s  —  ETA 94s  —  0 failed so far
[OUTPUT] 2026-07-04T05:21:18.254452 skip_listing [train]:   4,000/55,500 checked (7%)  —  552 checks/s  —  ETA 93s  —  0 failed so far
[OUTPUT] 2026-07-04T05:21:19.188041 skip_listing [train]:   4,500/55,500 checked (8%)  —  550 checks/s  —  ETA 93s  —  0 failed so far
[OUTPUT] 2026-07-04T05:21:20.125954 skip_listing [train]:   5,000/55,500 checked (9%)  —  548 checks/s  —  ETA 92s  —  0 failed so far
[OUTPUT] 2026-07-04T05:21:21.053160 skip_listing [train]:   5,500/55,500 checked (10%)  —  548 checks/s  —  ETA 91s  —  0 failed so far
[OUTPUT] 2026-07-04T05:21:21.985737 skip_listing [train]:   6,000/55,500 checked (11%)  —  547 checks/s  —  ETA 91s  —  0 failed so far
[OUTPUT] 2026-07-04T05:21:22.917244 skip_listing [train]:   6,500/55,500 checked (12%)  —  546 checks/s  —  ETA 90s  —  0 failed so far
[OUTPUT] 2026-07-04T05:21:23.839802 skip_listing [train]:   7,000/55,500 checked (13%)  —  546 checks/s  —  ETA 89s  —  0 failed so far
[OUTPUT] 2026-07-04T05:21:24.775490 skip_listing [train]:   7,500/55,500 checked (14%)  —  545 checks/s  —  ETA 88s  —  0 failed so far
[OUTPUT] 2026-07-04T05:21:25.704588 skip_listing [train]:   8,000/55,500 checked (14%)  —  544 checks/s  —  ETA 87s  —  0 failed so far
[OUTPUT] 2026-07-04T05:21:26.637018 skip_listing [train]:   8,500/55,500 checked (15%)  —  544 checks/s  —  ETA 86s  —  0 failed so far
[OUTPUT] 2026-07-04T05:21:27.488888 skip_listing [train]:   9,000/55,500 checked (16%)  —  546 checks/s  —  ETA 85s  —  0 failed so far
[OUTPUT] 2026-07-04T05:21:28.404212 skip_listing [train]:   9,500/55,500 checked (17%)  —  546 checks/s  —  ETA 84s  —  0 failed so far
[OUTPUT] 2026-07-04T05:21:29.355505 skip_listing [train]:   10,000/55,500 checked (18%)  —  545 checks/s  —  ETA 83s  —  0 failed so far
[OUTPUT] 2026-07-04T05:21:30.298410 skip_listing [train]:   10,500/55,500 checked (19%)  —  544 checks/s  —  ETA 83s  —  0 failed so far
[OUTPUT] 2026-07-04T05:21:31.243326 skip_listing [train]:   11,000/55,500 checked (20%)  —  544 checks/s  —  ETA 82s  —  0 failed so far
[OUTPUT] 2026-07-04T05:21:32.176420 skip_listing [train]:   11,500/55,500 checked (21%)  —  543 checks/s  —  ETA 81s  —  0 failed so far
[OUTPUT] 2026-07-04T05:21:33.123133 skip_listing [train]:   12,000/55,500 checked (22%)  —  543 checks/s  —  ETA 80s  —  0 failed so far
[OUTPUT] 2026-07-04T05:21:34.064205 skip_listing [train]:   12,500/55,500 checked (23%)  —  542 checks/s  —  ETA 79s  —  0 failed so far
[OUTPUT] 2026-07-04T05:21:35.007703 skip_listing [train]:   13,000/55,500 checked (23%)  —  542 checks/s  —  ETA 78s  —  0 failed so far
[OUTPUT] 2026-07-04T05:21:35.950350 skip_listing [train]:   13,500/55,500 checked (24%)  —  541 checks/s  —  ETA 78s  —  0 failed so far
[OUTPUT] 2026-07-04T05:21:36.900523 skip_listing [train]:   14,000/55,500 checked (25%)  —  541 checks/s  —  ETA 77s  —  0 failed so far
[OUTPUT] 2026-07-04T05:21:37.844822 skip_listing [train]:   14,500/55,500 checked (26%)  —  540 checks/s  —  ETA 76s  —  0 failed so far
[OUTPUT] 2026-07-04T05:21:38.656836 skip_listing [train]:   15,000/55,500 checked (27%)  —  543 checks/s  —  ETA 75s  —  0 failed so far
[OUTPUT] 2026-07-04T05:21:39.577912 skip_listing [train]:   15,500/55,500 checked (28%)  —  543 checks/s  —  ETA 74s  —  0 failed so far
[OUTPUT] 2026-07-04T05:21:40.493696 skip_listing [train]:   16,000/55,500 checked (29%)  —  543 checks/s  —  ETA 73s  —  0 failed so far
[OUTPUT] 2026-07-04T05:21:41.409691 skip_listing [train]:   16,500/55,500 checked (30%)  —  543 checks/s  —  ETA 72s  —  0 failed so far
[OUTPUT] 2026-07-04T05:21:42.324080 skip_listing [train]:   17,000/55,500 checked (31%)  —  543 checks/s  —  ETA 71s  —  0 failed so far
[OUTPUT] 2026-07-04T05:21:43.245077 skip_listing [train]:   17,500/55,500 checked (32%)  —  543 checks/s  —  ETA 70s  —  0 failed so far
[OUTPUT] 2026-07-04T05:21:44.157240 skip_listing [train]:   18,000/55,500 checked (32%)  —  543 checks/s  —  ETA 69s  —  0 failed so far
[OUTPUT] 2026-07-04T05:21:45.067533 skip_listing [train]:   18,500/55,500 checked (33%)  —  543 checks/s  —  ETA 68s  —  0 failed so far
[OUTPUT] 2026-07-04T05:21:45.981823 skip_listing [train]:   19,000/55,500 checked (34%)  —  543 checks/s  —  ETA 67s  —  0 failed so far
[OUTPUT] 2026-07-04T05:21:46.897510 skip_listing [train]:   19,500/55,500 checked (35%)  —  543 checks/s  —  ETA 66s  —  0 failed so far
[OUTPUT] 2026-07-04T05:21:47.801492 skip_listing [train]:   20,000/55,500 checked (36%)  —  544 checks/s  —  ETA 65s  —  0 failed so far
[OUTPUT] 2026-07-04T05:21:48.619663 skip_listing [train]:   20,500/55,500 checked (37%)  —  545 checks/s  —  ETA 64s  —  0 failed so far
[OUTPUT] 2026-07-04T05:21:49.516709 skip_listing [train]:   21,000/55,500 checked (38%)  —  545 checks/s  —  ETA 63s  —  0 failed so far
[OUTPUT] 2026-07-04T05:21:50.412214 skip_listing [train]:   21,500/55,500 checked (39%)  —  546 checks/s  —  ETA 62s  —  0 failed so far
[OUTPUT] 2026-07-04T05:21:51.315362 skip_listing [train]:   22,000/55,500 checked (40%)  —  546 checks/s  —  ETA 61s  —  0 failed so far
[OUTPUT] 2026-07-04T05:21:52.209714 skip_listing [train]:   22,500/55,500 checked (41%)  —  546 checks/s  —  ETA 60s  —  0 failed so far
[OUTPUT] 2026-07-04T05:21:53.109472 skip_listing [train]:   23,000/55,500 checked (41%)  —  546 checks/s  —  ETA 59s  —  0 failed so far
[OUTPUT] 2026-07-04T05:21:53.994503 skip_listing [train]:   23,500/55,500 checked (42%)  —  547 checks/s  —  ETA 59s  —  0 failed so far
[OUTPUT] 2026-07-04T05:21:54.899860 skip_listing [train]:   24,000/55,500 checked (43%)  —  547 checks/s  —  ETA 58s  —  0 failed so far
[OUTPUT] 2026-07-04T05:21:55.812334 skip_listing [train]:   24,500/55,500 checked (44%)  —  547 checks/s  —  ETA 57s  —  0 failed so far
[OUTPUT] 2026-07-04T05:21:56.707075 skip_listing [train]:   25,000/55,500 checked (45%)  —  547 checks/s  —  ETA 56s  —  0 failed so far
[OUTPUT] 2026-07-04T05:21:57.600261 skip_listing [train]:   25,500/55,500 checked (46%)  —  547 checks/s  —  ETA 55s  —  0 failed so far
[OUTPUT] 2026-07-04T05:21:58.510482 skip_listing [train]:   26,000/55,500 checked (47%)  —  547 checks/s  —  ETA 54s  —  0 failed so far
[OUTPUT] 2026-07-04T05:21:59.319916 skip_listing [train]:   26,500/55,500 checked (48%)  —  549 checks/s  —  ETA 53s  —  0 failed so far
[OUTPUT] 2026-07-04T05:22:00.225511 skip_listing [train]:   27,000/55,500 checked (49%)  —  549 checks/s  —  ETA 52s  —  0 failed so far
[OUTPUT] 2026-07-04T05:22:01.152217 skip_listing [train]:   27,500/55,500 checked (50%)  —  548 checks/s  —  ETA 51s  —  0 failed so far
[OUTPUT] 2026-07-04T05:22:02.068862 skip_listing [train]:   28,000/55,500 checked (50%)  —  548 checks/s  —  ETA 50s  —  0 failed so far
[OUTPUT] 2026-07-04T05:22:02.978582 skip_listing [train]:   28,500/55,500 checked (51%)  —  548 checks/s  —  ETA 49s  —  0 failed so far
[OUTPUT] 2026-07-04T05:22:03.881535 skip_listing [train]:   29,000/55,500 checked (52%)  —  548 checks/s  —  ETA 48s  —  0 failed so far
[OUTPUT] 2026-07-04T05:22:04.769151 skip_listing [train]:   29,500/55,500 checked (53%)  —  549 checks/s  —  ETA 47s  —  0 failed so far
[OUTPUT] 2026-07-04T05:22:05.677763 skip_listing [train]:   30,000/55,500 checked (54%)  —  549 checks/s  —  ETA 46s  —  0 failed so far
[OUTPUT] 2026-07-04T05:22:06.573559 skip_listing [train]:   30,500/55,500 checked (55%)  —  549 checks/s  —  ETA 46s  —  0 failed so far
[OUTPUT] 2026-07-04T05:22:07.472223 skip_listing [train]:   31,000/55,500 checked (56%)  —  549 checks/s  —  ETA 45s  —  0 failed so far
[OUTPUT] 2026-07-04T05:22:08.378314 skip_listing [train]:   31,500/55,500 checked (57%)  —  549 checks/s  —  ETA 44s  —  0 failed so far
[OUTPUT] 2026-07-04T05:22:09.219041 skip_listing [train]:   32,000/55,500 checked (58%)  —  550 checks/s  —  ETA 43s  —  0 failed so far
[OUTPUT] 2026-07-04T05:22:10.081432 skip_listing [train]:   32,500/55,500 checked (59%)  —  550 checks/s  —  ETA 42s  —  0 failed so far
[OUTPUT] 2026-07-04T05:22:11.008191 skip_listing [train]:   33,000/55,500 checked (59%)  —  550 checks/s  —  ETA 41s  —  0 failed so far
[OUTPUT] 2026-07-04T05:22:11.918275 skip_listing [train]:   33,500/55,500 checked (60%)  —  550 checks/s  —  ETA 40s  —  0 failed so far
[OUTPUT] 2026-07-04T05:22:12.826984 skip_listing [train]:   34,000/55,500 checked (61%)  —  550 checks/s  —  ETA 39s  —  0 failed so far
[OUTPUT] 2026-07-04T05:22:13.729182 skip_listing [train]:   34,500/55,500 checked (62%)  —  550 checks/s  —  ETA 38s  —  0 failed so far
[OUTPUT] 2026-07-04T05:22:14.653166 skip_listing [train]:   35,000/55,500 checked (63%)  —  550 checks/s  —  ETA 37s  —  0 failed so far
[OUTPUT] 2026-07-04T05:22:15.573969 skip_listing [train]:   35,500/55,500 checked (64%)  —  550 checks/s  —  ETA 36s  —  0 failed so far
[OUTPUT] 2026-07-04T05:22:16.496036 skip_listing [train]:   36,000/55,500 checked (65%)  —  550 checks/s  —  ETA 35s  —  0 failed so far
[OUTPUT] 2026-07-04T05:22:17.412887 skip_listing [train]:   36,500/55,500 checked (66%)  —  550 checks/s  —  ETA 35s  —  0 failed so far
[OUTPUT] 2026-07-04T05:22:18.328271 skip_listing [train]:   37,000/55,500 checked (67%)  —  550 checks/s  —  ETA 34s  —  0 failed so far
[OUTPUT] 2026-07-04T05:22:19.244208 skip_listing [train]:   37,500/55,500 checked (68%)  —  550 checks/s  —  ETA 33s  —  0 failed so far
[OUTPUT] 2026-07-04T05:22:19.974641 skip_listing [train]:   38,000/55,500 checked (68%)  —  551 checks/s  —  ETA 32s  —  0 failed so far
[OUTPUT] 2026-07-04T05:22:20.857675 skip_listing [train]:   38,500/55,500 checked (69%)  —  551 checks/s  —  ETA 31s  —  0 failed so far
[OUTPUT] 2026-07-04T05:22:21.776908 skip_listing [train]:   39,000/55,500 checked (70%)  —  551 checks/s  —  ETA 30s  —  0 failed so far
[OUTPUT] 2026-07-04T05:22:22.695941 skip_listing [train]:   39,500/55,500 checked (71%)  —  551 checks/s  —  ETA 29s  —  0 failed so far
[OUTPUT] 2026-07-04T05:22:23.609867 skip_listing [train]:   40,000/55,500 checked (72%)  —  551 checks/s  —  ETA 28s  —  0 failed so far
[OUTPUT] 2026-07-04T05:22:24.527253 skip_listing [train]:   40,500/55,500 checked (73%)  —  551 checks/s  —  ETA 27s  —  0 failed so far
[OUTPUT] 2026-07-04T05:22:25.450628 skip_listing [train]:   41,000/55,500 checked (74%)  —  551 checks/s  —  ETA 26s  —  0 failed so far
[OUTPUT] 2026-07-04T05:22:26.361678 skip_listing [train]:   41,500/55,500 checked (75%)  —  551 checks/s  —  ETA 25s  —  0 failed so far
[OUTPUT] 2026-07-04T05:22:27.281918 skip_listing [train]:   42,000/55,500 checked (76%)  —  551 checks/s  —  ETA 25s  —  0 failed so far
[OUTPUT] 2026-07-04T05:22:28.213468 skip_listing [train]:   42,500/55,500 checked (77%)  —  550 checks/s  —  ETA 24s  —  0 failed so far
[OUTPUT] 2026-07-04T05:22:29.143661 skip_listing [train]:   43,000/55,500 checked (77%)  —  550 checks/s  —  ETA 23s  —  0 failed so far
[OUTPUT] 2026-07-04T05:22:30.018545 skip_listing [train]:   43,500/55,500 checked (78%)  —  551 checks/s  —  ETA 22s  —  0 failed so far
[OUTPUT] 2026-07-04T05:22:30.854915 skip_listing [train]:   44,000/55,500 checked (79%)  —  551 checks/s  —  ETA 21s  —  0 failed so far
[OUTPUT] 2026-07-04T05:22:31.771639 skip_listing [train]:   44,500/55,500 checked (80%)  —  551 checks/s  —  ETA 20s  —  0 failed so far
[OUTPUT] 2026-07-04T05:22:32.685675 skip_listing [train]:   45,000/55,500 checked (81%)  —  551 checks/s  —  ETA 19s  —  0 failed so far
[OUTPUT] 2026-07-04T05:22:33.608598 skip_listing [train]:   45,500/55,500 checked (82%)  —  551 checks/s  —  ETA 18s  —  0 failed so far
[OUTPUT] 2026-07-04T05:22:34.540130 skip_listing [train]:   46,000/55,500 checked (83%)  —  551 checks/s  —  ETA 17s  —  0 failed so far
[OUTPUT] 2026-07-04T05:22:35.468907 skip_listing [train]:   46,500/55,500 checked (84%)  —  551 checks/s  —  ETA 16s  —  0 failed so far
[OUTPUT] 2026-07-04T05:22:36.380546 skip_listing [train]:   47,000/55,500 checked (85%)  —  551 checks/s  —  ETA 15s  —  0 failed so far
[OUTPUT] 2026-07-04T05:22:37.285915 skip_listing [train]:   47,500/55,500 checked (86%)  —  551 checks/s  —  ETA 15s  —  0 failed so far
[OUTPUT] 2026-07-04T05:22:38.201601 skip_listing [train]:   48,000/55,500 checked (86%)  —  551 checks/s  —  ETA 14s  —  0 failed so far
[OUTPUT] 2026-07-04T05:22:39.117044 skip_listing [train]:   48,500/55,500 checked (87%)  —  550 checks/s  —  ETA 13s  —  0 failed so far
[OUTPUT] 2026-07-04T05:22:40.026459 skip_listing [train]:   49,000/55,500 checked (88%)  —  550 checks/s  —  ETA 12s  —  0 failed so far
[OUTPUT] 2026-07-04T05:22:40.871719 skip_listing [train]:   49,500/55,500 checked (89%)  —  551 checks/s  —  ETA 11s  —  0 failed so far
[OUTPUT] 2026-07-04T05:22:41.737337 skip_listing [train]:   50,000/55,500 checked (90%)  —  551 checks/s  —  ETA 10s  —  0 failed so far
[OUTPUT] 2026-07-04T05:22:42.622496 skip_listing [train]:   50,500/55,500 checked (91%)  —  551 checks/s  —  ETA 9s  —  0 failed so far
[OUTPUT] 2026-07-04T05:22:43.533536 skip_listing [train]:   51,000/55,500 checked (92%)  —  551 checks/s  —  ETA 8s  —  0 failed so far
[OUTPUT] 2026-07-04T05:22:44.430948 skip_listing [train]:   51,500/55,500 checked (93%)  —  551 checks/s  —  ETA 7s  —  0 failed so far
[OUTPUT] 2026-07-04T05:22:45.317680 skip_listing [train]:   52,000/55,500 checked (94%)  —  551 checks/s  —  ETA 6s  —  0 failed so far
[OUTPUT] 2026-07-04T05:22:46.191862 skip_listing [train]:   52,500/55,500 checked (95%)  —  552 checks/s  —  ETA 5s  —  0 failed so far
[OUTPUT] 2026-07-04T05:22:47.096015 skip_listing [train]:   53,000/55,500 checked (95%)  —  552 checks/s  —  ETA 5s  —  0 failed so far
[OUTPUT] 2026-07-04T05:22:47.996044 skip_listing [train]:   53,500/55,500 checked (96%)  —  552 checks/s  —  ETA 4s  —  0 failed so far
[OUTPUT] 2026-07-04T05:22:48.885723 skip_listing [train]:   54,000/55,500 checked (97%)  —  552 checks/s  —  ETA 3s  —  0 failed so far
[OUTPUT] 2026-07-04T05:22:49.797655 skip_listing [train]:   54,500/55,500 checked (98%)  —  552 checks/s  —  ETA 2s  —  0 failed so far
[OUTPUT] 2026-07-04T05:22:50.701156 skip_listing [train]:   55,000/55,500 checked (99%)  —  552 checks/s  —  ETA 1s  —  0 failed so far
[OUTPUT] 2026-07-04T05:22:51.491329 skip_listing [train]: validation complete — all 55,500 samples exist (100.5s, 552 checks/s); 6,938 URIs ready for rank 0 (55,500 total across all ranks)
[OUTPUT] 2026-07-04T05:22:51.491849 File listing [train]: 55500 files discovered, 6937 assigned to rank 0, completed in 100.52s
[OUTPUT] 2026-07-04T05:22:51.491963 skip_listing [valid]: generated 0 file URIs deterministically (0 total — validation disabled)
[OUTPUT] 2026-07-04T05:22:51.492016 File listing [valid]: 0 files discovered, 0 assigned to rank 0, completed in 0.00s
[OUTPUT] 2026-07-04T05:22:51.492053 Streamed file sharding: 55500 train files across 8 ranks via round-robin (rank 0 shard: 6937 files)
[OUTPUT] 2026-07-04T05:22:51.505472 Max steps per epoch per rank: 7928 = 1 * 55500 / 7 (samples per file * local files / batch size)
[OUTPUT] 2026-07-04T05:22:51.511492 Reshard for epoch 1: 6937 train files, 0 eval files redistributed via alltoall in 0.01s
[OUTPUT] 2026-07-04T05:22:56.662319 Worker pre-warm complete (24 workers spawned)
[OUTPUT] 2026-07-04T05:23:37.380013 Starting epoch 1: 991 steps expected
[OUTPUT] 2026-07-04T05:23:37.380523 Starting block 1
[OUTPUT] 2026-07-04T05:26:32.566938 Ending block 1 - 991 steps completed in 175.19 s
[OUTPUT] 2026-07-04T05:26:32.588764 Epoch 1 - Block 1 [Training] Accelerator Utilization [AU] (%): 93.5033
[OUTPUT] 2026-07-04T05:26:32.588927 Epoch 1 - Block 1 [Training] Throughput (samples/second): 322.9870
[OUTPUT] 2026-07-04T05:26:32.590864 Epoch 1 - Block 1 [Training] Computation time per step (second): 0.1621+/-0.0001 (set value: {'mean': 0.162})
[OUTPUT] 2026-07-04T05:26:32.592899 Ending epoch 1 - 991 steps completed in 175.21 s
[OUTPUT] 2026-07-04T05:26:32.601212 Reshard for epoch 2: 6937 train files, 0 eval files redistributed via alltoall in 0.01s
[OUTPUT] 2026-07-04T05:26:36.871447 Worker pre-warm complete for epoch 2 (24 workers spawned)
[OUTPUT] 2026-07-04T05:27:16.580398 Starting epoch 2: 991 steps expected
[OUTPUT] 2026-07-04T05:27:16.580782 Starting block 1
[OUTPUT] 2026-07-04T05:30:12.120447 Ending block 1 - 991 steps completed in 175.54 s
[OUTPUT] 2026-07-04T05:30:12.123143 Epoch 2 - Block 1 [Training] Accelerator Utilization [AU] (%): 93.3552
[OUTPUT] 2026-07-04T05:30:12.123281 Epoch 2 - Block 1 [Training] Throughput (samples/second): 322.4303
[OUTPUT] 2026-07-04T05:30:12.123584 Epoch 2 - Block 1 [Training] Computation time per step (second): 0.1621+/-0.0004 (set value: {'mean': 0.162})
[OUTPUT] 2026-07-04T05:30:12.125450 Ending epoch 2 - 991 steps completed in 175.55 s
[OUTPUT] 2026-07-04T05:30:12.138119 Reshard for epoch 3: 6937 train files, 0 eval files redistributed via alltoall in 0.01s
[OUTPUT] 2026-07-04T05:30:16.159421 Worker pre-warm complete for epoch 3 (24 workers spawned)
[OUTPUT] 2026-07-04T05:30:55.544465 Starting epoch 3: 991 steps expected
[OUTPUT] 2026-07-04T05:30:55.544838 Starting block 1
[OUTPUT] 2026-07-04T05:33:50.601746 Ending block 1 - 991 steps completed in 175.06 s
[OUTPUT] 2026-07-04T05:33:50.604924 Epoch 3 - Block 1 [Training] Accelerator Utilization [AU] (%): 93.3623
[OUTPUT] 2026-07-04T05:33:50.604994 Epoch 3 - Block 1 [Training] Throughput (samples/second): 322.4901
[OUTPUT] 2026-07-04T05:33:50.605276 Epoch 3 - Block 1 [Training] Computation time per step (second): 0.1621+/-0.0002 (set value: {'mean': 0.162})
[OUTPUT] 2026-07-04T05:33:50.611546 Ending epoch 3 - 991 steps completed in 175.07 s
[OUTPUT] 2026-07-04T05:33:50.622191 Reshard for epoch 4: 6937 train files, 0 eval files redistributed via alltoall in 0.01s
[OUTPUT] 2026-07-04T05:33:55.826055 Worker pre-warm complete for epoch 4 (24 workers spawned)
[OUTPUT] 2026-07-04T05:34:34.994777 Starting epoch 4: 991 steps expected
[OUTPUT] 2026-07-04T05:34:34.995126 Starting block 1
[OUTPUT] 2026-07-04T05:37:29.859598 Ending block 1 - 991 steps completed in 174.86 s
[OUTPUT] 2026-07-04T05:37:29.862058 Epoch 4 - Block 1 [Training] Accelerator Utilization [AU] (%): 93.4798
[OUTPUT] 2026-07-04T05:37:29.862182 Epoch 4 - Block 1 [Training] Throughput (samples/second): 322.8940
[OUTPUT] 2026-07-04T05:37:29.862505 Epoch 4 - Block 1 [Training] Computation time per step (second): 0.1621+/-0.0001 (set value: {'mean': 0.162})
[OUTPUT] 2026-07-04T05:37:29.871467 Ending epoch 4 - 991 steps completed in 174.88 s
[OUTPUT] 2026-07-04T05:37:29.883270 Reshard for epoch 5: 6937 train files, 0 eval files redistributed via alltoall in 0.01s
[OUTPUT] 2026-07-04T05:37:34.062341 Worker pre-warm complete for epoch 5 (24 workers spawned)
[OUTPUT] 2026-07-04T05:38:13.149000 Starting epoch 5: 991 steps expected
[OUTPUT] 2026-07-04T05:38:13.149420 Starting block 1
[OUTPUT] 2026-07-04T05:41:08.241762 Ending block 1 - 991 steps completed in 175.09 s
[OUTPUT] 2026-07-04T05:41:08.244488 Epoch 5 - Block 1 [Training] Accelerator Utilization [AU] (%): 93.6696
[OUTPUT] 2026-07-04T05:41:08.244603 Epoch 5 - Block 1 [Training] Throughput (samples/second): 323.5537
[OUTPUT] 2026-07-04T05:41:08.244902 Epoch 5 - Block 1 [Training] Computation time per step (second): 0.1621+/-0.0001 (set value: {'mean': 0.162})
[OUTPUT] 2026-07-04T05:41:08.247859 Ending epoch 5 - 991 steps completed in 175.10 s
[OUTPUT] 2026-07-04T05:41:08.261670 Reshard for epoch 6: 6937 train files, 0 eval files redistributed via alltoall in 0.01s
[OUTPUT] 2026-07-04T05:41:13.342947 Worker pre-warm complete for epoch 6 (24 workers spawned)
[OUTPUT] 2026-07-04T05:41:13.747647 Saved outputs in /home/ubuntu/mlps_na8/closed/Alluxio/results/aws_c5n18xlarge_i3en24xlarge_8c_10s_8a/training/unet3d/run/20260704_052047
[OUTPUT] Averaged metric over all steps/epochs
[METRIC] ==========================================================
[METRIC] Number of Simulated Accelerators: 8 
[METRIC] Training Accelerator Utilization [AU] (%): 92.5718 (0.1356)
[METRIC] Training Throughput (samples/second): 319.7487 (0.4702)
[METRIC] Training I/O Throughput (MiB/second): 44703.8282 (65.7331)
[METRIC] train_au_meet_expectation: success
[METRIC] ==========================================================

[OUTPUT] 2026-07-04T05:41:13.769355 outputs saved in RANKID_output.json
