Loaded vdbbench configuration from /home/alto/Desktop/storage/configs/vectordbbench/default.yaml
WARNING - configuration key 'batch_size' appears in multiple sections; keeping value 10 from the earlier section and ignoring 1 from section 'benchmark'.

==================================================
OUTPUT CONFIGURATION
==================================================
Results will be saved to: /tmp/mlperf_storage_results/closed/SAMSUNG/results/MEMORY_AE/vector_database/milvus/DISKANN/run/20260721_102834

==================================================
Database Verification and Loading
==================================================
Verifying database connection and loading collection
Connecting to Milvus server at 127.0.0.1:19530...
Collection mlps_diskann already loaded.
Getting collection statistics...

Tabulating information...
+-------------------+----------------+-------------+---------------+----------------+--------------+
| Collection Name   |   Vector Count |   Dimension | Index Types   | Metric Types   |   Partitions |
+===================+================+=============+===============+================+==============+
| mlps_diskann      |        1000000 |        1536 | DISKANN       | COSINE         |            1 |
+-------------------+----------------+-------------+---------------+----------------+--------------+

COLLECTION INFORMATION: {'name': 'mlps_diskann', 'row_count': 1000000, 'dimension': 1536, 'schema': "{'auto_id': False, 'description': 'Benchmark Collection', 'fields': [{'name': 'id', 'description': '', 'type': <DataType.INT64: 5>, 'is_primary': True, 'auto_id': False}, {'name': 'vector', 'description': '', 'type': <DataType.FLOAT_VECTOR: 101>, 'params': {'dim': 1536}}], 'enable_dynamic_field': False, 'enable_namespace': False}", 'index_info': [{'field_name': 'vector', 'index_type': 'DISKANN', 'metric_type': 'COSINE', 'params': {'max_degree': 64, 'search_list_size': 200}}], 'partitions': [{'name': '_default', 'description': ''}]}
Writing configuration to /tmp/mlperf_storage_results/closed/SAMSUNG/results/MEMORY_AE/vector_database/milvus/DISKANN/run/20260721_102834/config.json

==================================================
RECALL SETUP (outside benchmark timing)
==================================================
Ground truth is pre-computed using a FLAT/brute-force index.
This does NOT affect performance measurements.

Using metric type: COSINE
Using index type: DISKANN
Using search params: {'metric_type': 'COSINE', 'params': {'search_list': 200}}
Detected source vector field: 'vector'

Generating 1000 query vectors (dim=1536, seed=42)...
Generated 1000 query vectors.

Setting up FLAT collection: mlps_diskann_flat_gt
FLAT collection 'mlps_diskann_flat_gt' already exists with 1000000 vectors, reusing it.
Pre-computing ground truth for 1000 queries using FLAT index (top_k=10)...
Ground truth pre-computation complete: 1000 queries in 13.35s
Ground truth ready: 1000 queries pre-computed.

Collecting initial disk statistics...

==================================================
Benchmark Execution
==================================================
Starting benchmark with 1 processes and runtime=60 seconds
Recall measurement: using 1000 pre-generated queries, recall@10
NOTE: batch_end timing is placed BEFORE recall capture; performance is unaffected.
Running single process benchmark...
Process 0 initialized
Process 0: loading collection
Process 0: writing results to /tmp/mlperf_storage_results/closed/SAMSUNG/results/MEMORY_AE/vector_database/milvus/DISKANN/run/20260721_102834/milvus_benchmark_p0.csv
Process 0: starting benchmark
Process 0: completed 100 queries in 0.80 seconds.
Process 0: completed 200 queries in 1.50 seconds.
Process 0: completed 300 queries in 2.21 seconds.
Process 0: completed 400 queries in 2.93 seconds.
Process 0: completed 500 queries in 3.63 seconds.
Process 0: completed 600 queries in 4.33 seconds.
Process 0: completed 700 queries in 5.03 seconds.
Process 0: completed 800 queries in 5.73 seconds.
Process 0: completed 900 queries in 6.43 seconds.
Process 0: completed 1000 queries in 7.13 seconds.
Process 0: completed 1100 queries in 7.82 seconds.
Process 0: completed 1200 queries in 8.51 seconds.
Process 0: completed 1300 queries in 9.21 seconds.
Process 0: completed 1400 queries in 9.92 seconds.
Process 0: completed 1500 queries in 10.62 seconds.
Process 0: completed 1600 queries in 11.31 seconds.
Process 0: completed 1700 queries in 12.00 seconds.
Process 0: completed 1800 queries in 12.69 seconds.
Process 0: completed 1900 queries in 13.38 seconds.
Process 0: completed 2000 queries in 14.07 seconds.
Process 0: completed 2100 queries in 14.76 seconds.
Process 0: completed 2200 queries in 15.45 seconds.
Process 0: completed 2300 queries in 16.14 seconds.
Process 0: completed 2400 queries in 16.84 seconds.
Process 0: completed 2500 queries in 17.53 seconds.
Process 0: completed 2600 queries in 18.23 seconds.
Process 0: completed 2700 queries in 18.92 seconds.
Process 0: completed 2800 queries in 19.62 seconds.
Process 0: completed 2900 queries in 20.31 seconds.
Process 0: completed 3000 queries in 21.00 seconds.
Process 0: completed 3100 queries in 21.69 seconds.
Process 0: completed 3200 queries in 22.39 seconds.
Process 0: completed 3300 queries in 23.09 seconds.
Process 0: completed 3400 queries in 23.79 seconds.
Process 0: completed 3500 queries in 24.48 seconds.
Process 0: completed 3600 queries in 25.17 seconds.
Process 0: completed 3700 queries in 25.86 seconds.
Process 0: completed 3800 queries in 26.56 seconds.
Process 0: completed 3900 queries in 27.25 seconds.
Process 0: completed 4000 queries in 27.94 seconds.
Process 0: completed 4100 queries in 28.63 seconds.
Process 0: completed 4200 queries in 29.32 seconds.
Process 0: completed 4300 queries in 30.02 seconds.
Process 0: completed 4400 queries in 30.72 seconds.
Process 0: completed 4500 queries in 31.42 seconds.
Process 0: completed 4600 queries in 32.12 seconds.
Process 0: completed 4700 queries in 32.81 seconds.
Process 0: completed 4800 queries in 33.50 seconds.
Process 0: completed 4900 queries in 34.21 seconds.
Process 0: completed 5000 queries in 34.90 seconds.
Process 0: completed 5100 queries in 35.59 seconds.
Process 0: completed 5200 queries in 36.28 seconds.
Process 0: completed 5300 queries in 36.98 seconds.
Process 0: completed 5400 queries in 37.69 seconds.
Process 0: completed 5500 queries in 38.38 seconds.
Process 0: completed 5600 queries in 39.08 seconds.
Process 0: completed 5700 queries in 39.77 seconds.
Process 0: completed 5800 queries in 40.48 seconds.
Process 0: completed 5900 queries in 41.20 seconds.
Process 0: completed 6000 queries in 41.90 seconds.
Process 0: completed 6100 queries in 42.59 seconds.
Process 0: completed 6200 queries in 43.29 seconds.
Process 0: completed 6300 queries in 43.99 seconds.
Process 0: completed 6400 queries in 44.69 seconds.
Process 0: completed 6500 queries in 45.39 seconds.
Process 0: completed 6600 queries in 46.09 seconds.
Process 0: completed 6700 queries in 46.78 seconds.
Process 0: completed 6800 queries in 47.47 seconds.
Process 0: completed 6900 queries in 48.16 seconds.
Process 0: completed 7000 queries in 48.87 seconds.
Process 0: completed 7100 queries in 49.59 seconds.
Process 0: completed 7200 queries in 50.34 seconds.
Process 0: completed 7300 queries in 51.06 seconds.
Process 0: completed 7400 queries in 51.75 seconds.
Process 0: completed 7500 queries in 52.44 seconds.
Process 0: completed 7600 queries in 53.13 seconds.
Process 0: completed 7700 queries in 53.81 seconds.
Process 0: completed 7800 queries in 54.49 seconds.
Process 0: completed 7900 queries in 55.18 seconds.
Process 0: completed 8000 queries in 55.86 seconds.
Process 0: completed 8100 queries in 56.55 seconds.
Process 0: completed 8200 queries in 57.25 seconds.
Process 0: completed 8300 queries in 57.95 seconds.
Process 0: completed 8400 queries in 58.65 seconds.
Process 0: completed 8500 queries in 59.34 seconds.
Process 0: finished. Executed 8594 queries in 60.01 seconds.
Reading final disk statistics...

Calculating recall from captured ANN results...
RESULT: valid
Calculating benchmark statistics...

Benchmark statistics as JSON:
{"total_queries": 8594, "total_time_seconds": 60.00654888153076, "min_latency_ms": 6.0994625091552, "max_latency_ms": 37.6152992248535, "mean_latency_ms": 6.913701961393887, "median_latency_ms": 6.8628787994384, "p95_latency_ms": 7.421982288360555, "p99_latency_ms": 7.8612828254699485, "p999_latency_ms": 12.946505308151812, "p9999_latency_ms": 25.80907795429119, "throughput_qps": 143.21770140400662, "batch_count": 8594, "successful_batches": 8594, "failed_batches": 0, "min_batch_time_ms": 6.0994625091552, "max_batch_time_ms": 37.6152992248535, "mean_batch_time_ms": 6.913701961393887, "median_batch_time_ms": 6.8628787994384, "p95_batch_time_ms": 7.421982288360555, "p99_batch_time_ms": 7.8612828254699485, "p999_batch_time_ms": 12.946505308151812, "p9999_batch_time_ms": 25.80907795429119, "recall": {"recall_at_k": 0.5166000000000001, "num_queries_evaluated": 1000, "k": 10, "min_recall": 0.0, "max_recall": 0.9, "mean_recall": 0.5166000000000001, "median_recall": 0.5, "p5_recall": 0.2, "p95_recall": 0.8, "p99_recall": 0.8009999999999992, "per_query_recall": [0.2, 0.3, 0.5, 0.7, 0.2, 0.3, 0.7, 0.5, 0.5, 0.5, 0.4, 0.5, 0.4, 0.5, 0.5, 0.5, 0.5, 0.6, 0.7, 0.6, 0.4, 0.5, 0.8, 0.3, 0.5, 0.5, 0.4, 0.7, 0.6, 0.7, 0.4, 0.4, 0.6, 0.5, 0.3, 0.6, 0.6, 0.7, 0.5, 0.5, 0.6, 0.9, 0.4, 0.6, 0.7, 0.7, 0.4, 0.6, 0.7, 0.5, 0.6, 0.6, 0.7, 0.5, 0.4, 0.6, 0.6, 0.6, 0.8, 0.4, 0.6, 0.6, 0.6, 0.3, 0.5, 0.2, 0.6, 0.7, 0.7, 0.7, 0.4, 0.4, 0.8, 0.3, 0.6, 0.5, 0.6, 0.6, 0.6, 0.5, 0.8, 0.7, 0.6, 0.6, 0.6, 0.7, 0.9, 0.6, 0.3, 0.4, 0.5, 0.5, 0.4, 0.5, 0.4, 0.7, 0.5, 0.4, 0.8, 0.7, 0.3, 0.6, 0.4, 0.4, 0.5, 0.5, 0.7, 0.2, 0.3, 0.5, 0.6, 0.8, 0.6, 0.7, 0.6, 0.4, 0.5, 0.4, 0.6, 0.7, 0.5, 0.8, 0.7, 0.4, 0.2, 0.8, 0.6, 0.6, 0.2, 0.5, 0.4, 0.5, 0.6, 0.6, 0.5, 0.4, 0.2, 0.9, 0.7, 0.2, 0.5, 0.4, 0.4, 0.4, 0.6, 0.6, 0.4, 0.3, 0.5, 0.6, 0.6, 0.3, 0.6, 0.5, 0.2, 0.4, 0.4, 0.6, 0.5, 0.6, 0.5, 0.7, 0.5, 0.5, 0.7, 0.6, 0.3, 0.6, 0.6, 0.5, 0.2, 0.6, 0.4, 0.7, 0.7, 0.7, 0.5, 0.7, 0.6, 0.3, 0.6, 0.3, 0.4, 0.8, 0.4, 0.5, 0.5, 0.3, 0.6, 0.2, 0.6, 0.6, 0.4, 0.6, 0.5, 0.8, 0.7, 0.2, 0.7, 0.5, 0.6, 0.5, 0.5, 0.8, 0.6, 0.8, 0.8, 0.3, 0.3, 0.6, 0.1, 0.6, 0.5, 0.3, 0.5, 0.7, 0.7, 0.5, 0.3, 0.2, 0.6, 0.4, 0.4, 0.4, 0.4, 0.4, 0.5, 0.6, 0.4, 0.5, 0.7, 0.6, 0.7, 0.6, 0.6, 0.5, 0.6, 0.3, 0.8, 0.3, 0.5, 0.5, 0.7, 0.6, 0.5, 0.6, 0.4, 0.2, 0.5, 0.4, 0.6, 0.5, 0.6, 0.9, 0.6, 0.1, 0.4, 0.3, 0.5, 0.5, 0.2, 0.4, 0.3, 0.4, 0.5, 0.4, 0.4, 0.2, 0.6, 0.6, 0.6, 0.7, 0.7, 0.6, 0.3, 0.3, 0.6, 0.7, 0.5, 0.5, 0.4, 0.6, 0.8, 0.2, 0.5, 0.4, 0.7, 0.8, 0.3, 0.4, 0.6, 0.5, 0.7, 0.4, 0.6, 0.4, 0.6, 0.4, 0.4, 0.4, 0.6, 0.5, 0.6, 0.6, 0.7, 0.3, 0.7, 0.6, 0.6, 0.5, 0.4, 0.4, 0.5, 0.8, 0.7, 0.5, 0.3, 0.8, 0.4, 0.5, 0.4, 0.5, 0.6, 0.5, 0.5, 0.5, 0.6, 0.6, 0.6, 0.4, 0.5, 0.3, 0.6, 0.6, 0.4, 0.5, 0.2, 0.4, 0.5, 0.5, 0.6, 0.6, 0.5, 0.6, 0.4, 0.5, 0.4, 0.5, 0.5, 0.4, 0.6, 0.5, 0.7, 0.5, 0.5, 0.1, 0.2, 0.7, 0.5, 0.6, 0.8, 0.3, 0.5, 0.5, 0.4, 0.8, 0.7, 0.5, 0.4, 0.4, 0.5, 0.7, 0.7, 0.6, 0.3, 0.9, 0.2, 0.6, 0.5, 0.5, 0.6, 0.5, 0.8, 0.2, 0.8, 0.6, 0.5, 0.4, 0.4, 0.6, 0.6, 0.3, 0.3, 0.5, 0.6, 0.3, 0.5, 0.0, 0.4, 0.3, 0.4, 0.4, 0.5, 0.3, 0.4, 0.6, 0.5, 0.6, 0.5, 0.5, 0.4, 0.5, 0.4, 0.5, 0.3, 0.5, 0.8, 0.7, 0.5, 0.5, 0.5, 0.2, 0.5, 0.7, 0.6, 0.5, 0.5, 0.6, 0.6, 0.3, 0.4, 0.4, 0.7, 0.3, 0.5, 0.6, 0.7, 0.7, 0.4, 0.2, 0.2, 0.4, 0.4, 0.5, 0.3, 0.4, 0.6, 0.2, 0.4, 0.5, 0.5, 0.7, 0.7, 0.1, 0.4, 0.4, 0.3, 0.4, 0.6, 0.8, 0.7, 0.2, 0.7, 0.5, 0.8, 0.7, 0.4, 0.5, 0.5, 0.4, 0.5, 0.4, 0.6, 0.7, 0.4, 0.5, 0.7, 0.4, 0.4, 0.1, 0.2, 0.5, 0.6, 0.7, 0.7, 0.5, 0.5, 0.3, 0.6, 0.3, 0.4, 0.5, 0.4, 0.3, 0.8, 0.6, 0.7, 0.7, 0.7, 0.5, 0.6, 0.5, 0.6, 0.7, 0.5, 0.8, 0.7, 0.5, 0.6, 0.5, 0.4, 0.6, 0.4, 0.6, 0.5, 0.5, 0.3, 0.7, 0.6, 0.5, 0.6, 0.5, 0.7, 0.3, 0.5, 0.7, 0.6, 0.5, 0.7, 0.6, 0.4, 0.4, 0.5, 0.1, 0.6, 0.4, 0.4, 0.6, 0.6, 0.3, 0.7, 0.3, 0.7, 0.7, 0.8, 0.4, 0.6, 0.5, 0.4, 0.7, 0.6, 0.4, 0.4, 0.6, 0.6, 0.7, 0.8, 0.6, 0.5, 0.6, 0.7, 0.6, 0.3, 0.4, 0.7, 0.5, 0.5, 0.2, 0.3, 0.4, 0.7, 0.4, 0.5, 0.4, 0.4, 0.3, 0.5, 0.5, 0.3, 0.7, 0.5, 0.5, 0.6, 0.8, 0.4, 0.9, 0.9, 0.8, 0.4, 0.4, 0.5, 0.4, 0.5, 0.2, 0.5, 0.4, 0.7, 0.6, 0.2, 0.5, 0.6, 0.4, 0.7, 0.6, 0.5, 0.6, 0.3, 0.7, 0.5, 0.1, 0.6, 0.6, 0.5, 0.5, 0.8, 0.4, 0.8, 0.3, 0.4, 0.7, 0.8, 0.7, 0.3, 0.6, 0.2, 0.4, 0.5, 0.5, 0.3, 0.6, 0.7, 0.2, 0.5, 0.6, 0.3, 0.5, 0.4, 0.6, 0.6, 0.5, 0.5, 0.7, 0.5, 0.5, 0.5, 0.6, 0.4, 0.8, 0.6, 0.5, 0.8, 0.3, 0.6, 0.5, 0.6, 0.4, 0.7, 0.6, 0.6, 0.3, 0.6, 0.7, 0.0, 0.4, 0.4, 0.6, 0.5, 0.5, 0.5, 0.5, 0.3, 0.6, 0.5, 0.6, 0.8, 0.2, 0.2, 0.5, 0.5, 0.3, 0.5, 0.7, 0.3, 0.5, 0.6, 0.5, 0.6, 0.8, 0.6, 0.4, 0.5, 0.6, 0.7, 0.5, 0.6, 0.6, 0.4, 0.5, 0.2, 0.5, 0.4, 0.4, 0.7, 0.8, 0.5, 0.4, 0.5, 0.6, 0.5, 0.8, 0.5, 0.1, 0.7, 0.7, 0.5, 0.7, 0.3, 0.6, 0.4, 0.4, 0.6, 0.4, 0.5, 0.6, 0.7, 0.6, 0.7, 0.7, 0.6, 0.7, 0.7, 0.6, 0.5, 0.8, 0.8, 0.4, 0.4, 0.6, 0.6, 0.6, 0.5, 0.4, 0.7, 0.5, 0.6, 0.8, 0.3, 0.4, 0.5, 0.5, 0.6, 0.6, 0.5, 0.3, 0.6, 0.3, 0.7, 0.6, 0.1, 0.4, 0.7, 0.3, 0.6, 0.6, 0.6, 0.5, 0.5, 0.4, 0.7, 0.4, 0.5, 0.7, 0.5, 0.5, 0.5, 0.5, 0.4, 0.6, 0.2, 0.6, 0.4, 0.5, 0.6, 0.5, 0.6, 0.5, 0.5, 0.6, 0.6, 0.5, 0.6, 0.5, 0.7, 0.6, 0.6, 0.4, 0.6, 0.3, 0.6, 0.4, 0.7, 0.5, 0.7, 0.4, 0.5, 0.3, 0.8, 0.7, 0.3, 0.6, 0.4, 0.6, 0.5, 0.8, 0.5, 0.5, 0.4, 0.2, 0.5, 0.5, 0.6, 0.5, 0.7, 0.8, 0.7, 0.8, 0.4, 0.7, 0.4, 0.6, 0.5, 0.6, 0.6, 0.4, 0.6, 0.3, 0.3, 0.6, 0.6, 0.5, 0.6, 0.5, 0.7, 0.5, 0.6, 0.5, 0.5, 0.5, 0.6, 0.3, 0.6, 0.3, 0.5, 0.5, 0.8, 0.4, 0.4, 0.3, 0.6, 0.8, 0.6, 0.7, 0.7, 0.8, 0.6, 0.4, 0.4, 0.7, 0.4, 0.5, 0.3, 0.4, 0.8, 0.4, 0.5, 0.4, 0.6, 0.3, 0.6, 0.4, 0.6, 0.6, 0.8, 0.4, 0.4, 0.6, 0.7, 0.7, 0.5, 0.4, 0.5, 0.7, 0.4, 0.5, 0.5, 0.5, 0.6, 0.5, 0.5, 0.7, 0.3, 0.8, 0.7, 0.5, 0.5, 0.4, 0.4, 0.6, 0.7, 0.6, 0.2, 0.4, 0.4, 0.6, 0.5, 0.4, 0.7, 0.4, 0.4, 0.4, 0.6, 0.4, 0.5, 0.3, 0.5, 0.5, 0.4, 0.9, 0.6, 0.4, 0.5, 0.2, 0.5, 0.6, 0.4, 0.9, 0.5, 0.2, 0.7, 0.3, 0.5, 0.5, 0.6, 0.6, 0.2, 0.6, 0.4, 0.9, 0.6, 0.4, 0.4, 0.6, 0.6, 0.4, 0.7, 0.4, 0.4, 0.4, 0.4, 0.6, 0.6, 0.5, 0.4, 0.6, 0.6, 0.4, 0.6, 0.4, 0.4, 0.6, 0.5, 0.6, 0.7, 0.4, 0.3, 0.5, 0.5, 0.5, 0.8, 0.5, 0.5, 0.7, 0.6, 0.7, 0.4, 0.7, 0.4, 0.4, 0.4, 0.3, 0.2, 0.6, 0.6, 0.4, 0.3, 0.7, 0.8, 0.5, 0.4, 0.4], "recall_by_query": {"0": 0.2, "1": 0.3, "2": 0.5, "3": 0.7, "4": 0.2, "5": 0.3, "6": 0.7, "7": 0.5, "8": 0.5, "9": 0.5, "10": 0.4, "11": 0.5, "12": 0.4, "13": 0.5, "14": 0.5, "15": 0.5, "16": 0.5, "17": 0.6, "18": 0.7, "19": 0.6, "20": 0.4, "21": 0.5, "22": 0.8, "23": 0.3, "24": 0.5, "25": 0.5, "26": 0.4, "27": 0.7, "28": 0.6, "29": 0.7, "30": 0.4, "31": 0.4, "32": 0.6, "33": 0.5, "34": 0.3, "35": 0.6, "36": 0.6, "37": 0.7, "38": 0.5, "39": 0.5, "40": 0.6, "41": 0.9, "42": 0.4, "43": 0.6, "44": 0.7, "45": 0.7, "46": 0.4, "47": 0.6, "48": 0.7, "49": 0.5, "50": 0.6, "51": 0.6, "52": 0.7, "53": 0.5, "54": 0.4, "55": 0.6, "56": 0.6, "57": 0.6, "58": 0.8, "59": 0.4, "60": 0.6, "61": 0.6, "62": 0.6, "63": 0.3, "64": 0.5, "65": 0.2, "66": 0.6, "67": 0.7, "68": 0.7, "69": 0.7, "70": 0.4, "71": 0.4, "72": 0.8, "73": 0.3, "74": 0.6, "75": 0.5, "76": 0.6, "77": 0.6, "78": 0.6, "79": 0.5, "80": 0.8, "81": 0.7, "82": 0.6, "83": 0.6, "84": 0.6, "85": 0.7, "86": 0.9, "87": 0.6, "88": 0.3, "89": 0.4, "90": 0.5, "91": 0.5, "92": 0.4, "93": 0.5, "94": 0.4, "95": 0.7, "96": 0.5, "97": 0.4, "98": 0.8, "99": 0.7, "100": 0.3, "101": 0.6, "102": 0.4, "103": 0.4, "104": 0.5, "105": 0.5, "106": 0.7, "107": 0.2, "108": 0.3, "109": 0.5, "110": 0.6, "111": 0.8, "112": 0.6, "113": 0.7, "114": 0.6, "115": 0.4, "116": 0.5, "117": 0.4, "118": 0.6, "119": 0.7, "120": 0.5, "121": 0.8, "122": 0.7, "123": 0.4, "124": 0.2, "125": 0.8, "126": 0.6, "127": 0.6, "128": 0.2, "129": 0.5, "130": 0.4, "131": 0.5, "132": 0.6, "133": 0.6, "134": 0.5, "135": 0.4, "136": 0.2, "137": 0.9, "138": 0.7, "139": 0.2, "140": 0.5, "141": 0.4, "142": 0.4, "143": 0.4, "144": 0.6, "145": 0.6, "146": 0.4, "147": 0.3, "148": 0.5, "149": 0.6, "150": 0.6, "151": 0.3, "152": 0.6, "153": 0.5, "154": 0.2, "155": 0.4, "156": 0.4, "157": 0.6, "158": 0.5, "159": 0.6, "160": 0.5, "161": 0.7, "162": 0.5, "163": 0.5, "164": 0.7, "165": 0.6, "166": 0.3, "167": 0.6, "168": 0.6, "169": 0.5, "170": 0.2, "171": 0.6, "172": 0.4, "173": 0.7, "174": 0.7, "175": 0.7, "176": 0.5, "177": 0.7, "178": 0.6, "179": 0.3, "180": 0.6, "181": 0.3, "182": 0.4, "183": 0.8, "184": 0.4, "185": 0.5, "186": 0.5, "187": 0.3, "188": 0.6, "189": 0.2, "190": 0.6, "191": 0.6, "192": 0.4, "193": 0.6, "194": 0.5, "195": 0.8, "196": 0.7, "197": 0.2, "198": 0.7, "199": 0.5, "200": 0.6, "201": 0.5, "202": 0.5, "203": 0.8, "204": 0.6, "205": 0.8, "206": 0.8, "207": 0.3, "208": 0.3, "209": 0.6, "210": 0.1, "211": 0.6, "212": 0.5, "213": 0.3, "214": 0.5, "215": 0.7, "216": 0.7, "217": 0.5, "218": 0.3, "219": 0.2, "220": 0.6, "221": 0.4, "222": 0.4, "223": 0.4, "224": 0.4, "225": 0.4, "226": 0.5, "227": 0.6, "228": 0.4, "229": 0.5, "230": 0.7, "231": 0.6, "232": 0.7, "233": 0.6, "234": 0.6, "235": 0.5, "236": 0.6, "237": 0.3, "238": 0.8, "239": 0.3, "240": 0.5, "241": 0.5, "242": 0.7, "243": 0.6, "244": 0.5, "245": 0.6, "246": 0.4, "247": 0.2, "248": 0.5, "249": 0.4, "250": 0.6, "251": 0.5, "252": 0.6, "253": 0.9, "254": 0.6, "255": 0.1, "256": 0.4, "257": 0.3, "258": 0.5, "259": 0.5, "260": 0.2, "261": 0.4, "262": 0.3, "263": 0.4, "264": 0.5, "265": 0.4, "266": 0.4, "267": 0.2, "268": 0.6, "269": 0.6, "270": 0.6, "271": 0.7, "272": 0.7, "273": 0.6, "274": 0.3, "275": 0.3, "276": 0.6, "277": 0.7, "278": 0.5, "279": 0.5, "280": 0.4, "281": 0.6, "282": 0.8, "283": 0.2, "284": 0.5, "285": 0.4, "286": 0.7, "287": 0.8, "288": 0.3, "289": 0.4, "290": 0.6, "291": 0.5, "292": 0.7, "293": 0.4, "294": 0.6, "295": 0.4, "296": 0.6, "297": 0.4, "298": 0.4, "299": 0.4, "300": 0.6, "301": 0.5, "302": 0.6, "303": 0.6, "304": 0.7, "305": 0.3, "306": 0.7, "307": 0.6, "308": 0.6, "309": 0.5, "310": 0.4, "311": 0.4, "312": 0.5, "313": 0.8, "314": 0.7, "315": 0.5, "316": 0.3, "317": 0.8, "318": 0.4, "319": 0.5, "320": 0.4, "321": 0.5, "322": 0.6, "323": 0.5, "324": 0.5, "325": 0.5, "326": 0.6, "327": 0.6, "328": 0.6, "329": 0.4, "330": 0.5, "331": 0.3, "332": 0.6, "333": 0.6, "334": 0.4, "335": 0.5, "336": 0.2, "337": 0.4, "338": 0.5, "339": 0.5, "340": 0.6, "341": 0.6, "342": 0.5, "343": 0.6, "344": 0.4, "345": 0.5, "346": 0.4, "347": 0.5, "348": 0.5, "349": 0.4, "350": 0.6, "351": 0.5, "352": 0.7, "353": 0.5, "354": 0.5, "355": 0.1, "356": 0.2, "357": 0.7, "358": 0.5, "359": 0.6, "360": 0.8, "361": 0.3, "362": 0.5, "363": 0.5, "364": 0.4, "365": 0.8, "366": 0.7, "367": 0.5, "368": 0.4, "369": 0.4, "370": 0.5, "371": 0.7, "372": 0.7, "373": 0.6, "374": 0.3, "375": 0.9, "376": 0.2, "377": 0.6, "378": 0.5, "379": 0.5, "380": 0.6, "381": 0.5, "382": 0.8, "383": 0.2, "384": 0.8, "385": 0.6, "386": 0.5, "387": 0.4, "388": 0.4, "389": 0.6, "390": 0.6, "391": 0.3, "392": 0.3, "393": 0.5, "394": 0.6, "395": 0.3, "396": 0.5, "397": 0.0, "398": 0.4, "399": 0.3, "400": 0.4, "401": 0.4, "402": 0.5, "403": 0.3, "404": 0.4, "405": 0.6, "406": 0.5, "407": 0.6, "408": 0.5, "409": 0.5, "410": 0.4, "411": 0.5, "412": 0.4, "413": 0.5, "414": 0.3, "415": 0.5, "416": 0.8, "417": 0.7, "418": 0.5, "419": 0.5, "420": 0.5, "421": 0.2, "422": 0.5, "423": 0.7, "424": 0.6, "425": 0.5, "426": 0.5, "427": 0.6, "428": 0.6, "429": 0.3, "430": 0.4, "431": 0.4, "432": 0.7, "433": 0.3, "434": 0.5, "435": 0.6, "436": 0.7, "437": 0.7, "438": 0.4, "439": 0.2, "440": 0.2, "441": 0.4, "442": 0.4, "443": 0.5, "444": 0.3, "445": 0.4, "446": 0.6, "447": 0.2, "448": 0.4, "449": 0.5, "450": 0.5, "451": 0.7, "452": 0.7, "453": 0.1, "454": 0.4, "455": 0.4, "456": 0.3, "457": 0.4, "458": 0.6, "459": 0.8, "460": 0.7, "461": 0.2, "462": 0.7, "463": 0.5, "464": 0.8, "465": 0.7, "466": 0.4, "467": 0.5, "468": 0.5, "469": 0.4, "470": 0.5, "471": 0.4, "472": 0.6, "473": 0.7, "474": 0.4, "475": 0.5, "476": 0.7, "477": 0.4, "478": 0.4, "479": 0.1, "480": 0.2, "481": 0.5, "482": 0.6, "483": 0.7, "484": 0.7, "485": 0.5, "486": 0.5, "487": 0.3, "488": 0.6, "489": 0.3, "490": 0.4, "491": 0.5, "492": 0.4, "493": 0.3, "494": 0.8, "495": 0.6, "496": 0.7, "497": 0.7, "498": 0.7, "499": 0.5, "500": 0.6, "501": 0.5, "502": 0.6, "503": 0.7, "504": 0.5, "505": 0.8, "506": 0.7, "507": 0.5, "508": 0.6, "509": 0.5, "510": 0.4, "511": 0.6, "512": 0.4, "513": 0.6, "514": 0.5, "515": 0.5, "516": 0.3, "517": 0.7, "518": 0.6, "519": 0.5, "520": 0.6, "521": 0.5, "522": 0.7, "523": 0.3, "524": 0.5, "525": 0.7, "526": 0.6, "527": 0.5, "528": 0.7, "529": 0.6, "530": 0.4, "531": 0.4, "532": 0.5, "533": 0.1, "534": 0.6, "535": 0.4, "536": 0.4, "537": 0.6, "538": 0.6, "539": 0.3, "540": 0.7, "541": 0.3, "542": 0.7, "543": 0.7, "544": 0.8, "545": 0.4, "546": 0.6, "547": 0.5, "548": 0.4, "549": 0.7, "550": 0.6, "551": 0.4, "552": 0.4, "553": 0.6, "554": 0.6, "555": 0.7, "556": 0.8, "557": 0.6, "558": 0.5, "559": 0.6, "560": 0.7, "561": 0.6, "562": 0.3, "563": 0.4, "564": 0.7, "565": 0.5, "566": 0.5, "567": 0.2, "568": 0.3, "569": 0.4, "570": 0.7, "571": 0.4, "572": 0.5, "573": 0.4, "574": 0.4, "575": 0.3, "576": 0.5, "577": 0.5, "578": 0.3, "579": 0.7, "580": 0.5, "581": 0.5, "582": 0.6, "583": 0.8, "584": 0.4, "585": 0.9, "586": 0.9, "587": 0.8, "588": 0.4, "589": 0.4, "590": 0.5, "591": 0.4, "592": 0.5, "593": 0.2, "594": 0.5, "595": 0.4, "596": 0.7, "597": 0.6, "598": 0.2, "599": 0.5, "600": 0.6, "601": 0.4, "602": 0.7, "603": 0.6, "604": 0.5, "605": 0.6, "606": 0.3, "607": 0.7, "608": 0.5, "609": 0.1, "610": 0.6, "611": 0.6, "612": 0.5, "613": 0.5, "614": 0.8, "615": 0.4, "616": 0.8, "617": 0.3, "618": 0.4, "619": 0.7, "620": 0.8, "621": 0.7, "622": 0.3, "623": 0.6, "624": 0.2, "625": 0.4, "626": 0.5, "627": 0.5, "628": 0.3, "629": 0.6, "630": 0.7, "631": 0.2, "632": 0.5, "633": 0.6, "634": 0.3, "635": 0.5, "636": 0.4, "637": 0.6, "638": 0.6, "639": 0.5, "640": 0.5, "641": 0.7, "642": 0.5, "643": 0.5, "644": 0.5, "645": 0.6, "646": 0.4, "647": 0.8, "648": 0.6, "649": 0.5, "650": 0.8, "651": 0.3, "652": 0.6, "653": 0.5, "654": 0.6, "655": 0.4, "656": 0.7, "657": 0.6, "658": 0.6, "659": 0.3, "660": 0.6, "661": 0.7, "662": 0.0, "663": 0.4, "664": 0.4, "665": 0.6, "666": 0.5, "667": 0.5, "668": 0.5, "669": 0.5, "670": 0.3, "671": 0.6, "672": 0.5, "673": 0.6, "674": 0.8, "675": 0.2, "676": 0.2, "677": 0.5, "678": 0.5, "679": 0.3, "680": 0.5, "681": 0.7, "682": 0.3, "683": 0.5, "684": 0.6, "685": 0.5, "686": 0.6, "687": 0.8, "688": 0.6, "689": 0.4, "690": 0.5, "691": 0.6, "692": 0.7, "693": 0.5, "694": 0.6, "695": 0.6, "696": 0.4, "697": 0.5, "698": 0.2, "699": 0.5, "700": 0.4, "701": 0.4, "702": 0.7, "703": 0.8, "704": 0.5, "705": 0.4, "706": 0.5, "707": 0.6, "708": 0.5, "709": 0.8, "710": 0.5, "711": 0.1, "712": 0.7, "713": 0.7, "714": 0.5, "715": 0.7, "716": 0.3, "717": 0.6, "718": 0.4, "719": 0.4, "720": 0.6, "721": 0.4, "722": 0.5, "723": 0.6, "724": 0.7, "725": 0.6, "726": 0.7, "727": 0.7, "728": 0.6, "729": 0.7, "730": 0.7, "731": 0.6, "732": 0.5, "733": 0.8, "734": 0.8, "735": 0.4, "736": 0.4, "737": 0.6, "738": 0.6, "739": 0.6, "740": 0.5, "741": 0.4, "742": 0.7, "743": 0.5, "744": 0.6, "745": 0.8, "746": 0.3, "747": 0.4, "748": 0.5, "749": 0.5, "750": 0.6, "751": 0.6, "752": 0.5, "753": 0.3, "754": 0.6, "755": 0.3, "756": 0.7, "757": 0.6, "758": 0.1, "759": 0.4, "760": 0.7, "761": 0.3, "762": 0.6, "763": 0.6, "764": 0.6, "765": 0.5, "766": 0.5, "767": 0.4, "768": 0.7, "769": 0.4, "770": 0.5, "771": 0.7, "772": 0.5, "773": 0.5, "774": 0.5, "775": 0.5, "776": 0.4, "777": 0.6, "778": 0.2, "779": 0.6, "780": 0.4, "781": 0.5, "782": 0.6, "783": 0.5, "784": 0.6, "785": 0.5, "786": 0.5, "787": 0.6, "788": 0.6, "789": 0.5, "790": 0.6, "791": 0.5, "792": 0.7, "793": 0.6, "794": 0.6, "795": 0.4, "796": 0.6, "797": 0.3, "798": 0.6, "799": 0.4, "800": 0.7, "801": 0.5, "802": 0.7, "803": 0.4, "804": 0.5, "805": 0.3, "806": 0.8, "807": 0.7, "808": 0.3, "809": 0.6, "810": 0.4, "811": 0.6, "812": 0.5, "813": 0.8, "814": 0.5, "815": 0.5, "816": 0.4, "817": 0.2, "818": 0.5, "819": 0.5, "820": 0.6, "821": 0.5, "822": 0.7, "823": 0.8, "824": 0.7, "825": 0.8, "826": 0.4, "827": 0.7, "828": 0.4, "829": 0.6, "830": 0.5, "831": 0.6, "832": 0.6, "833": 0.4, "834": 0.6, "835": 0.3, "836": 0.3, "837": 0.6, "838": 0.6, "839": 0.5, "840": 0.6, "841": 0.5, "842": 0.7, "843": 0.5, "844": 0.6, "845": 0.5, "846": 0.5, "847": 0.5, "848": 0.6, "849": 0.3, "850": 0.6, "851": 0.3, "852": 0.5, "853": 0.5, "854": 0.8, "855": 0.4, "856": 0.4, "857": 0.3, "858": 0.6, "859": 0.8, "860": 0.6, "861": 0.7, "862": 0.7, "863": 0.8, "864": 0.6, "865": 0.4, "866": 0.4, "867": 0.7, "868": 0.4, "869": 0.5, "870": 0.3, "871": 0.4, "872": 0.8, "873": 0.4, "874": 0.5, "875": 0.4, "876": 0.6, "877": 0.3, "878": 0.6, "879": 0.4, "880": 0.6, "881": 0.6, "882": 0.8, "883": 0.4, "884": 0.4, "885": 0.6, "886": 0.7, "887": 0.7, "888": 0.5, "889": 0.4, "890": 0.5, "891": 0.7, "892": 0.4, "893": 0.5, "894": 0.5, "895": 0.5, "896": 0.6, "897": 0.5, "898": 0.5, "899": 0.7, "900": 0.3, "901": 0.8, "902": 0.7, "903": 0.5, "904": 0.5, "905": 0.4, "906": 0.4, "907": 0.6, "908": 0.7, "909": 0.6, "910": 0.2, "911": 0.4, "912": 0.4, "913": 0.6, "914": 0.5, "915": 0.4, "916": 0.7, "917": 0.4, "918": 0.4, "919": 0.4, "920": 0.6, "921": 0.4, "922": 0.5, "923": 0.3, "924": 0.5, "925": 0.5, "926": 0.4, "927": 0.9, "928": 0.6, "929": 0.4, "930": 0.5, "931": 0.2, "932": 0.5, "933": 0.6, "934": 0.4, "935": 0.9, "936": 0.5, "937": 0.2, "938": 0.7, "939": 0.3, "940": 0.5, "941": 0.5, "942": 0.6, "943": 0.6, "944": 0.2, "945": 0.6, "946": 0.4, "947": 0.9, "948": 0.6, "949": 0.4, "950": 0.4, "951": 0.6, "952": 0.6, "953": 0.4, "954": 0.7, "955": 0.4, "956": 0.4, "957": 0.4, "958": 0.4, "959": 0.6, "960": 0.6, "961": 0.5, "962": 0.4, "963": 0.6, "964": 0.6, "965": 0.4, "966": 0.6, "967": 0.4, "968": 0.4, "969": 0.6, "970": 0.5, "971": 0.6, "972": 0.7, "973": 0.4, "974": 0.3, "975": 0.5, "976": 0.5, "977": 0.5, "978": 0.8, "979": 0.5, "980": 0.5, "981": 0.7, "982": 0.6, "983": 0.7, "984": 0.4, "985": 0.7, "986": 0.4, "987": 0.4, "988": 0.4, "989": 0.3, "990": 0.2, "991": 0.6, "992": 0.6, "993": 0.4, "994": 0.3, "995": 0.7, "996": 0.8, "997": 0.5, "998": 0.4, "999": 0.4}}, "disk_io": {"applicable": true, "status": "OK", "scope": "Derived from /proc/diskstats on the benchmark client node; covers local block devices only. Not meaningful for network-attached storage targets.", "storage_target": {"applicable": true, "confidence": "heuristic", "data_path": null, "fstype": null, "mountpoint": null, "source": null, "network_mounts_detected": [], "reason": "no network/remote mounts detected on this node; disk_io reflects client-local block devices."}, "total_bytes_read": 26918223872, "total_bytes_read_per_sec": 448588102.0277285, "total_bytes_written": 29204480, "total_bytes_written_per_sec": 486688.2122759231, "total_read_formatted": "25.07 GB", "total_write_formatted": "27.85 MB", "devices": {"nvme0c0n1": {"bytes_read": 13459111936, "bytes_written": 6107136, "read_formatted": "12.53 GB", "write_formatted": "5.82 MB"}, "nvme0n1": {"bytes_read": 13459111936, "bytes_written": 6107136, "read_formatted": "12.53 GB", "write_formatted": "5.82 MB"}, "nvme2n1": {"bytes_read": 0, "bytes_written": 8495104, "read_formatted": "0.00 B", "write_formatted": "8.10 MB"}, "nvme2n1p2": {"bytes_read": 0, "bytes_written": 8495104, "read_formatted": "0.00 B", "write_formatted": "8.10 MB"}}}}
