[OUTPUT] [DEBUG DLIOBenchmark.__init__] After LoadConfig:
[OUTPUT]   storage_type   = <StorageType.LOCAL_FS: 'local_fs'>
[OUTPUT]   storage_root   = './'
[OUTPUT]   storage_options= None
[OUTPUT]   data_folder    = '/mlperf-storage/mlpstorage_run/unet3d_data/unet3d'
[OUTPUT]   framework      = <FrameworkType.PYTORCH: 'pytorch'>
[OUTPUT]   num_files_train= 450002
[OUTPUT]   record_length  = 146600628
[OUTPUT]   generate_data  = False
[OUTPUT]   do_train       = True
[OUTPUT]   do_checkpoint  = False
[OUTPUT]   epochs         = 5
[OUTPUT]   batch_size     = 7
[OUTPUT] 2026-07-22T07:47:52.113259 Running DLIO [Training] with 16 process(es)
[OUTPUT] 2026-07-22T07:47:52.336733 skip_listing [train]: validating 4,502 of 450,002 files (first, last, every 100) via HEAD requests ...
[OUTPUT] 2026-07-22T07:47:52.745305 skip_listing [train]:   450/4,502 checked (10%)  —  1102 checks/s  —  ETA 4s  —  0 failed so far
[OUTPUT] 2026-07-22T07:47:53.153474 skip_listing [train]:   900/4,502 checked (20%)  —  1102 checks/s  —  ETA 3s  —  0 failed so far
[OUTPUT] 2026-07-22T07:47:53.553344 skip_listing [train]:   1,350/4,502 checked (30%)  —  1110 checks/s  —  ETA 3s  —  0 failed so far
[OUTPUT] 2026-07-22T07:47:53.957339 skip_listing [train]:   1,800/4,502 checked (40%)  —  1111 checks/s  —  ETA 2s  —  0 failed so far
[OUTPUT] 2026-07-22T07:47:54.411829 skip_listing [train]:   2,250/4,502 checked (50%)  —  1084 checks/s  —  ETA 2s  —  0 failed so far
[OUTPUT] 2026-07-22T07:47:54.878725 skip_listing [train]:   2,700/4,502 checked (60%)  —  1062 checks/s  —  ETA 2s  —  0 failed so far
[OUTPUT] 2026-07-22T07:47:55.348051 skip_listing [train]:   3,150/4,502 checked (70%)  —  1046 checks/s  —  ETA 1s  —  0 failed so far
[OUTPUT] 2026-07-22T07:47:55.993811 skip_listing [train]:   3,600/4,502 checked (80%)  —  984 checks/s  —  ETA 1s  —  0 failed so far
[OUTPUT] 2026-07-22T07:47:56.474679 skip_listing [train]:   4,050/4,502 checked (90%)  —  979 checks/s  —  ETA 0s  —  0 failed so far
[OUTPUT] 2026-07-22T07:47:56.942154 skip_listing [train]:   4,500/4,502 checked (100%)  —  977 checks/s  —  ETA 0s  —  0 failed so far
[OUTPUT] 2026-07-22T07:47:56.943523 skip_listing [train]: validation complete — all 4,502 samples exist (4.6s, 977 checks/s); 28,126 URIs ready for rank 0 (450,002 total across all ranks)
[OUTPUT] 2026-07-22T07:47:56.944799 File listing [train]: 450002 files discovered, 28125 assigned to rank 0, completed in 4.66s
[OUTPUT] 2026-07-22T07:47:56.944882 skip_listing [valid]: generated 0 file URIs deterministically (0 total — validation disabled)
[OUTPUT] 2026-07-22T07:47:56.944928 File listing [valid]: 0 files discovered, 0 assigned to rank 0, completed in 0.00s
[OUTPUT] 2026-07-22T07:47:56.944958 Streamed file sharding: 450002 train files across 16 ranks via round-robin (rank 0 shard: 28125 files)
[OUTPUT] 2026-07-22T07:47:57.823982 Max steps per epoch per rank: 64286 = 1 * 450002 / 7 (samples per file * local files / batch size)
[OUTPUT] 2026-07-22T07:47:57.903406 Reshard for epoch 1: 28125 train files, 0 eval files redistributed via alltoall in 0.08s
[OUTPUT] 2026-07-22T07:48:14.117285 Worker pre-warm complete (96 workers spawned)
[OUTPUT] 2026-07-22T07:48:15.181700 Starting epoch 1: 4017 steps expected
[OUTPUT] 2026-07-22T07:48:15.182094 Starting block 1
[OUTPUT] 2026-07-22T07:59:42.232823 Ending block 1 - 4017 steps completed in 687.05 s
[OUTPUT] 2026-07-22T07:59:42.395972 Epoch 1 - Block 1 [Training] Accelerator Utilization [AU] (%): 96.7095
[OUTPUT] 2026-07-22T07:59:42.396032 Epoch 1 - Block 1 [Training] Throughput (samples/second): 668.1531
[OUTPUT] 2026-07-22T07:59:42.397560 Epoch 1 - Block 1 [Training] Computation time per step (second): 0.1621+/-0.0000 (set value: {'mean': 0.162})
[OUTPUT] 2026-07-22T07:59:42.398755 Ending epoch 1 - 4017 steps completed in 687.22 s
[OUTPUT] 2026-07-22T07:59:42.422337 Reshard for epoch 2: 28125 train files, 0 eval files redistributed via alltoall in 0.02s
Traceback (most recent call last):
  File "/usr/lib/python3.12/multiprocessing/util.py", line 303, in _run_finalizers
    finalizer()
  File "/usr/lib/python3.12/multiprocessing/util.py", line 227, in __call__
    res = self._callback(*self._args, **self._kwargs)
          ^^^^^^^^^^^^^^^^^^^^^^^^^^^^^^^^^^^^^^^^^^^
  File "/usr/lib/python3.12/multiprocessing/util.py", line 136, in _remove_temp_dir
    rmtree(tempdir, onerror=onerror)
  File "/usr/lib/python3.12/shutil.py", line 796, in rmtree
    onexc(os.rmdir, path, err)
  File "/usr/lib/python3.12/shutil.py", line 764, in onexc
    return onerror(func, path, exc_info)
           ^^^^^^^^^^^^^^^^^^^^^^^^^^^^^
  File "/usr/lib/python3.12/shutil.py", line 794, in rmtree
    os.rmdir(path, dir_fd=dir_fd)
OSError: [Errno 39] Directory not empty: '/tmp/pymp-ris9wm_7'
[OUTPUT] 2026-07-22T07:59:58.032403 Worker pre-warm complete for epoch 2 (96 workers spawned)
[OUTPUT] 2026-07-22T08:00:02.612012 Starting epoch 2: 4017 steps expected
[OUTPUT] 2026-07-22T08:00:02.612353 Starting block 1
[OUTPUT] 2026-07-22T08:11:30.947584 Ending block 1 - 4017 steps completed in 688.34 s
[OUTPUT] 2026-07-22T08:11:31.112001 Epoch 2 - Block 1 [Training] Accelerator Utilization [AU] (%): 96.5581
[OUTPUT] 2026-07-22T08:11:31.112073 Epoch 2 - Block 1 [Training] Throughput (samples/second): 667.1053
[OUTPUT] 2026-07-22T08:11:31.112502 Epoch 2 - Block 1 [Training] Computation time per step (second): 0.1621+/-0.0000 (set value: {'mean': 0.162})
[OUTPUT] 2026-07-22T08:11:31.113935 Ending epoch 2 - 4017 steps completed in 688.50 s
[OUTPUT] 2026-07-22T08:11:31.142237 Reshard for epoch 3: 28125 train files, 0 eval files redistributed via alltoall in 0.03s
[OUTPUT] 2026-07-22T08:11:46.800514 Worker pre-warm complete for epoch 3 (96 workers spawned)
[OUTPUT] 2026-07-22T08:11:51.398785 Starting epoch 3: 4017 steps expected
[OUTPUT] 2026-07-22T08:11:51.399154 Starting block 1
[OUTPUT] 2026-07-22T08:23:20.788086 Ending block 1 - 4017 steps completed in 689.39 s
[OUTPUT] 2026-07-22T08:23:20.952653 Epoch 3 - Block 1 [Training] Accelerator Utilization [AU] (%): 96.2259
[OUTPUT] 2026-07-22T08:23:20.952717 Epoch 3 - Block 1 [Training] Throughput (samples/second): 664.8169
[OUTPUT] 2026-07-22T08:23:20.953105 Epoch 3 - Block 1 [Training] Computation time per step (second): 0.1621+/-0.0000 (set value: {'mean': 0.162})
[OUTPUT] 2026-07-22T08:23:20.954257 Ending epoch 3 - 4017 steps completed in 689.56 s
[OUTPUT] 2026-07-22T08:23:20.983089 Reshard for epoch 4: 28125 train files, 0 eval files redistributed via alltoall in 0.03s
Traceback (most recent call last):
  File "/usr/lib/python3.12/multiprocessing/util.py", line 303, in _run_finalizers
    finalizer()
  File "/usr/lib/python3.12/multiprocessing/util.py", line 227, in __call__
    res = self._callback(*self._args, **self._kwargs)
          ^^^^^^^^^^^^^^^^^^^^^^^^^^^^^^^^^^^^^^^^^^^
  File "/usr/lib/python3.12/multiprocessing/util.py", line 136, in _remove_temp_dir
    rmtree(tempdir, onerror=onerror)
  File "/usr/lib/python3.12/shutil.py", line 796, in rmtree
    onexc(os.rmdir, path, err)
  File "/usr/lib/python3.12/shutil.py", line 764, in onexc
    return onerror(func, path, exc_info)
           ^^^^^^^^^^^^^^^^^^^^^^^^^^^^^
  File "/usr/lib/python3.12/shutil.py", line 794, in rmtree
    os.rmdir(path, dir_fd=dir_fd)
OSError: [Errno 39] Directory not empty: '/tmp/pymp-_yqxbuw3'
[OUTPUT] 2026-07-22T08:23:36.797154 Worker pre-warm complete for epoch 4 (96 workers spawned)
[OUTPUT] 2026-07-22T08:23:42.172277 Starting epoch 4: 4017 steps expected
[OUTPUT] 2026-07-22T08:23:42.172655 Starting block 1
[OUTPUT] 2026-07-22T08:35:13.043561 Ending block 1 - 4017 steps completed in 690.87 s
[OUTPUT] 2026-07-22T08:35:13.196065 Epoch 4 - Block 1 [Training] Accelerator Utilization [AU] (%): 96.1688
[OUTPUT] 2026-07-22T08:35:13.196153 Epoch 4 - Block 1 [Training] Throughput (samples/second): 664.3992
[OUTPUT] 2026-07-22T08:35:13.196546 Epoch 4 - Block 1 [Training] Computation time per step (second): 0.1621+/-0.0000 (set value: {'mean': 0.162})
[OUTPUT] 2026-07-22T08:35:13.197665 Ending epoch 4 - 4017 steps completed in 691.03 s
[OUTPUT] 2026-07-22T08:35:13.229814 Reshard for epoch 5: 28125 train files, 0 eval files redistributed via alltoall in 0.03s
[OUTPUT] 2026-07-22T08:35:29.239417 Worker pre-warm complete for epoch 5 (96 workers spawned)
[OUTPUT] 2026-07-22T08:35:34.253169 Starting epoch 5: 4017 steps expected
[OUTPUT] 2026-07-22T08:35:34.253526 Starting block 1
[OUTPUT] 2026-07-22T08:47:01.883680 Ending block 1 - 4017 steps completed in 687.63 s
[OUTPUT] 2026-07-22T08:47:02.038352 Epoch 5 - Block 1 [Training] Accelerator Utilization [AU] (%): 96.5792
[OUTPUT] 2026-07-22T08:47:02.038418 Epoch 5 - Block 1 [Training] Throughput (samples/second): 667.2494
[OUTPUT] 2026-07-22T08:47:02.038817 Epoch 5 - Block 1 [Training] Computation time per step (second): 0.1621+/-0.0000 (set value: {'mean': 0.162})
[OUTPUT] 2026-07-22T08:47:02.040127 Ending epoch 5 - 4017 steps completed in 687.79 s
[OUTPUT] 2026-07-22T08:47:02.071784 Reshard for epoch 6: 28125 train files, 0 eval files redistributed via alltoall in 0.03s
[OUTPUT] 2026-07-22T08:47:17.642375 Worker pre-warm complete for epoch 6 (96 workers spawned)
[OUTPUT] 2026-07-22T08:47:18.205408 Saved outputs in /submission/submission_Microsoft_training/closed/Microsoft/results/AMLFS-Durable-Premium-20-4800TiB-16-Standard_D192ds_v6/training/unet3d/run/20260722_074626
[OUTPUT] Averaged metric over all steps/epochs
[METRIC] ==========================================================
[METRIC] Number of Simulated Accelerators: 16 
[METRIC] Training Accelerator Utilization [AU] (%): 96.1859 (0.1520)
[METRIC] Training Throughput (samples/second): 664.5159 (1.0554)
[METRIC] Training I/O Throughput (MiB/second): 92905.4675 (147.5523)
[METRIC] train_au_meet_expectation: success
[METRIC] ==========================================================

[OUTPUT] 2026-07-22T08:47:20.921396 outputs saved in RANKID_output.json
