[OUTPUT] [DEBUG DLIOBenchmark.__init__] After LoadConfig:
[OUTPUT]   storage_type   = <StorageType.LOCAL_FS: 'local_fs'>
[OUTPUT]   storage_root   = './'
[OUTPUT]   storage_options= None
[OUTPUT]   data_folder    = '/mnt/alluxio/mlperf/unet3d'
[OUTPUT]   framework      = <FrameworkType.PYTORCH: 'pytorch'>
[OUTPUT]   num_files_train= 7412
[OUTPUT]   record_length  = 146600628
[OUTPUT]   generate_data  = False
[OUTPUT]   do_train       = True
[OUTPUT]   do_checkpoint  = False
[OUTPUT]   epochs         = 5
[OUTPUT]   batch_size     = 7
[OUTPUT] 2026-07-08T08:24:41.504622 Running DLIO [Training] with 1 process(es)
[OUTPUT] 2026-07-08T08:24:41.533359 skip_listing [train]: validating 9 of 7,412 files (first, last, every 1,000) via HEAD requests ...
[OUTPUT] 2026-07-08T08:24:41.534896 skip_listing [train]: validation complete — all 9 samples exist (0.0s, 6202 checks/s); 7,412 URIs ready for rank 0 (7,412 total across all ranks)
[OUTPUT] 2026-07-08T08:24:41.535038 File listing [train]: 7412 files discovered, 7412 assigned to rank 0, completed in 0.02s
[OUTPUT] 2026-07-08T08:24:41.535099 skip_listing [valid]: generated 0 file URIs deterministically (0 total — validation disabled)
[OUTPUT] 2026-07-08T08:24:41.535141 File listing [valid]: 0 files discovered, 0 assigned to rank 0, completed in 0.00s
[OUTPUT] 2026-07-08T08:24:41.535176 Streamed file sharding: 7412 train files across 1 ranks via round-robin (rank 0 shard: 7412 files)
[OUTPUT] 2026-07-08T08:24:41.541386 Max steps per epoch per rank: 1058 = 1 * 7412 / 7 (samples per file * local files / batch size)
[OUTPUT] 2026-07-08T08:24:41.542833 Reshard for epoch 1: 7412 train files, 0 eval files redistributed via alltoall in 0.00s
[OUTPUT] 2026-07-08T08:24:47.257109 Worker pre-warm complete (24 workers spawned)
[OUTPUT] 2026-07-08T08:24:47.376330 Starting epoch 1: 1058 steps expected
[OUTPUT] 2026-07-08T08:24:47.376666 Starting block 1
[OUTPUT] 2026-07-08T08:27:47.452661 Ending block 1 - 1058 steps completed in 180.08 s
[OUTPUT] 2026-07-08T08:27:47.468648 Epoch 1 - Block 1 [Training] Accelerator Utilization [AU] (%): 97.5594
[OUTPUT] 2026-07-08T08:27:47.468712 Epoch 1 - Block 1 [Training] Throughput (samples/second): 42.1241
[OUTPUT] 2026-07-08T08:27:47.470117 Epoch 1 - Block 1 [Training] Computation time per step (second): 0.1621+/-0.0000 (set value: {'mean': 0.162})
[OUTPUT] 2026-07-08T08:27:47.471501 Ending epoch 1 - 1058 steps completed in 180.10 s
[OUTPUT] 2026-07-08T08:27:47.474546 Reshard for epoch 2: 7412 train files, 0 eval files redistributed via alltoall in 0.00s
[OUTPUT] 2026-07-08T08:27:52.639464 Worker pre-warm complete for epoch 2 (24 workers spawned)
[OUTPUT] 2026-07-08T08:27:52.713519 Starting epoch 2: 1058 steps expected
[OUTPUT] 2026-07-08T08:27:52.713832 Starting block 1
[OUTPUT] 2026-07-08T08:30:52.630919 Ending block 1 - 1058 steps completed in 179.92 s
[OUTPUT] 2026-07-08T08:30:52.633245 Epoch 2 - Block 1 [Training] Accelerator Utilization [AU] (%): 97.4208
[OUTPUT] 2026-07-08T08:30:52.633308 Epoch 2 - Block 1 [Training] Throughput (samples/second): 42.0656
[OUTPUT] 2026-07-08T08:30:52.633626 Epoch 2 - Block 1 [Training] Computation time per step (second): 0.1621+/-0.0000 (set value: {'mean': 0.162})
[OUTPUT] 2026-07-08T08:30:52.635814 Ending epoch 2 - 1058 steps completed in 179.92 s
[OUTPUT] 2026-07-08T08:30:52.639880 Reshard for epoch 3: 7412 train files, 0 eval files redistributed via alltoall in 0.00s
[OUTPUT] 2026-07-08T08:30:57.349905 Worker pre-warm complete for epoch 3 (24 workers spawned)
[OUTPUT] 2026-07-08T08:30:57.432342 Starting epoch 3: 1058 steps expected
[OUTPUT] 2026-07-08T08:30:57.432687 Starting block 1
[OUTPUT] 2026-07-08T08:33:57.795946 Ending block 1 - 1058 steps completed in 180.36 s
[OUTPUT] 2026-07-08T08:33:57.798027 Epoch 3 - Block 1 [Training] Accelerator Utilization [AU] (%): 97.5514
[OUTPUT] 2026-07-08T08:33:57.798087 Epoch 3 - Block 1 [Training] Throughput (samples/second): 42.1228
[OUTPUT] 2026-07-08T08:33:57.798415 Epoch 3 - Block 1 [Training] Computation time per step (second): 0.1621+/-0.0000 (set value: {'mean': 0.162})
[OUTPUT] 2026-07-08T08:33:57.800166 Ending epoch 3 - 1058 steps completed in 180.37 s
[OUTPUT] 2026-07-08T08:33:57.803822 Reshard for epoch 4: 7412 train files, 0 eval files redistributed via alltoall in 0.00s
[OUTPUT] 2026-07-08T08:34:03.502321 Worker pre-warm complete for epoch 4 (24 workers spawned)
[OUTPUT] 2026-07-08T08:34:03.580861 Starting epoch 4: 1058 steps expected
[OUTPUT] 2026-07-08T08:34:03.581213 Starting block 1
[OUTPUT] 2026-07-08T08:37:03.841229 Ending block 1 - 1058 steps completed in 180.26 s
[OUTPUT] 2026-07-08T08:37:03.843920 Epoch 4 - Block 1 [Training] Accelerator Utilization [AU] (%): 97.5393
[OUTPUT] 2026-07-08T08:37:03.843985 Epoch 4 - Block 1 [Training] Throughput (samples/second): 42.1179
[OUTPUT] 2026-07-08T08:37:03.844313 Epoch 4 - Block 1 [Training] Computation time per step (second): 0.1621+/-0.0000 (set value: {'mean': 0.162})
[OUTPUT] 2026-07-08T08:37:03.846639 Ending epoch 4 - 1058 steps completed in 180.27 s
[OUTPUT] 2026-07-08T08:37:03.851091 Reshard for epoch 5: 7412 train files, 0 eval files redistributed via alltoall in 0.00s
[OUTPUT] 2026-07-08T08:37:08.346432 Worker pre-warm complete for epoch 5 (24 workers spawned)
[OUTPUT] 2026-07-08T08:37:08.420947 Starting epoch 5: 1058 steps expected
[OUTPUT] 2026-07-08T08:37:08.421322 Starting block 1
[OUTPUT] 2026-07-08T08:40:08.215104 Ending block 1 - 1058 steps completed in 179.79 s
[OUTPUT] 2026-07-08T08:40:08.217309 Epoch 5 - Block 1 [Training] Accelerator Utilization [AU] (%): 97.6732
[OUTPUT] 2026-07-08T08:40:08.217372 Epoch 5 - Block 1 [Training] Throughput (samples/second): 42.1759
[OUTPUT] 2026-07-08T08:40:08.217687 Epoch 5 - Block 1 [Training] Computation time per step (second): 0.1621+/-0.0000 (set value: {'mean': 0.162})
[OUTPUT] 2026-07-08T08:40:08.227797 Ending epoch 5 - 1058 steps completed in 179.81 s
[OUTPUT] 2026-07-08T08:40:08.231571 Reshard for epoch 6: 7412 train files, 0 eval files redistributed via alltoall in 0.00s
[OUTPUT] 2026-07-08T08:40:12.635146 Worker pre-warm complete for epoch 6 (24 workers spawned)
[OUTPUT] 2026-07-08T08:40:12.636549 Saved outputs in /home/ubuntu/mlps_A6/closed/Alluxio/results/rigA_c5n18xl/training/unet3d/run/20260708_082434
[OUTPUT] Averaged metric over all steps/epochs
[METRIC] ==========================================================
[METRIC] Number of Simulated Accelerators: 1 
[METRIC] Training Accelerator Utilization [AU] (%): 97.5488 (0.0801)
[METRIC] Training Throughput (samples/second): 42.1213 (0.0349)
[METRIC] Training I/O Throughput (MiB/second): 5888.9439 (4.8846)
[METRIC] train_au_meet_expectation: success
[METRIC] ==========================================================

[OUTPUT] 2026-07-08T08:40:12.658116 outputs saved in RANKID_output.json
