[OUTPUT] [DEBUG DLIOBenchmark.__init__] After LoadConfig:
[OUTPUT]   storage_type   = <StorageType.LOCAL_FS: 'local_fs'>
[OUTPUT]   storage_root   = './'
[OUTPUT]   storage_options= None
[OUTPUT]   data_folder    = '/mnt/alluxio/mlperf/unet3d'
[OUTPUT]   framework      = <FrameworkType.PYTORCH: 'pytorch'>
[OUTPUT]   num_files_train= 7412
[OUTPUT]   record_length  = 146600628
[OUTPUT]   generate_data  = False
[OUTPUT]   do_train       = True
[OUTPUT]   do_checkpoint  = False
[OUTPUT]   epochs         = 5
[OUTPUT]   batch_size     = 7
[OUTPUT] 2026-07-08T07:05:58.287868 Running DLIO [Training] with 1 process(es)
[OUTPUT] 2026-07-08T07:05:58.316284 skip_listing [train]: validating 9 of 7,412 files (first, last, every 1,000) via HEAD requests ...
[OUTPUT] 2026-07-08T07:05:58.319172 skip_listing [train]: validation complete — all 9 samples exist (0.0s, 3216 checks/s); 7,412 URIs ready for rank 0 (7,412 total across all ranks)
[OUTPUT] 2026-07-08T07:05:58.319316 File listing [train]: 7412 files discovered, 7412 assigned to rank 0, completed in 0.03s
[OUTPUT] 2026-07-08T07:05:58.319377 skip_listing [valid]: generated 0 file URIs deterministically (0 total — validation disabled)
[OUTPUT] 2026-07-08T07:05:58.319419 File listing [valid]: 0 files discovered, 0 assigned to rank 0, completed in 0.00s
[OUTPUT] 2026-07-08T07:05:58.319455 Streamed file sharding: 7412 train files across 1 ranks via round-robin (rank 0 shard: 7412 files)
[OUTPUT] 2026-07-08T07:05:58.325655 Max steps per epoch per rank: 1058 = 1 * 7412 / 7 (samples per file * local files / batch size)
[OUTPUT] 2026-07-08T07:05:58.327128 Reshard for epoch 1: 7412 train files, 0 eval files redistributed via alltoall in 0.00s
[OUTPUT] 2026-07-08T07:06:04.015198 Worker pre-warm complete (24 workers spawned)
[OUTPUT] 2026-07-08T07:06:04.177059 Starting epoch 1: 1058 steps expected
[OUTPUT] 2026-07-08T07:06:04.177468 Starting block 1
[OUTPUT] 2026-07-08T07:09:04.155217 Ending block 1 - 1058 steps completed in 179.98 s
[OUTPUT] 2026-07-08T07:09:04.173457 Epoch 1 - Block 1 [Training] Accelerator Utilization [AU] (%): 97.6921
[OUTPUT] 2026-07-08T07:09:04.173532 Epoch 1 - Block 1 [Training] Throughput (samples/second): 42.1836
[OUTPUT] 2026-07-08T07:09:04.176379 Epoch 1 - Block 1 [Training] Computation time per step (second): 0.1621+/-0.0000 (set value: {'mean': 0.162})
[OUTPUT] 2026-07-08T07:09:04.178041 Ending epoch 1 - 1058 steps completed in 180.00 s
[OUTPUT] 2026-07-08T07:09:04.181288 Reshard for epoch 2: 7412 train files, 0 eval files redistributed via alltoall in 0.00s
[OUTPUT] 2026-07-08T07:09:09.274152 Worker pre-warm complete for epoch 2 (24 workers spawned)
[OUTPUT] 2026-07-08T07:09:09.348509 Starting epoch 2: 1058 steps expected
[OUTPUT] 2026-07-08T07:09:09.348858 Starting block 1
[OUTPUT] 2026-07-08T07:12:08.856305 Ending block 1 - 1058 steps completed in 179.51 s
[OUTPUT] 2026-07-08T07:12:08.858644 Epoch 2 - Block 1 [Training] Accelerator Utilization [AU] (%): 97.4595
[OUTPUT] 2026-07-08T07:12:08.858703 Epoch 2 - Block 1 [Training] Throughput (samples/second): 42.0835
[OUTPUT] 2026-07-08T07:12:08.859057 Epoch 2 - Block 1 [Training] Computation time per step (second): 0.1621+/-0.0000 (set value: {'mean': 0.162})
[OUTPUT] 2026-07-08T07:12:08.860796 Ending epoch 2 - 1058 steps completed in 179.51 s
[OUTPUT] 2026-07-08T07:12:08.864774 Reshard for epoch 3: 7412 train files, 0 eval files redistributed via alltoall in 0.00s
[OUTPUT] 2026-07-08T07:12:13.418089 Worker pre-warm complete for epoch 3 (24 workers spawned)
[OUTPUT] 2026-07-08T07:12:13.494013 Starting epoch 3: 1058 steps expected
[OUTPUT] 2026-07-08T07:12:13.494697 Starting block 1
[OUTPUT] 2026-07-08T07:15:13.958491 Ending block 1 - 1058 steps completed in 180.46 s
[OUTPUT] 2026-07-08T07:15:13.960511 Epoch 3 - Block 1 [Training] Accelerator Utilization [AU] (%): 97.3531
[OUTPUT] 2026-07-08T07:15:13.960570 Epoch 3 - Block 1 [Training] Throughput (samples/second): 42.0378
[OUTPUT] 2026-07-08T07:15:13.960869 Epoch 3 - Block 1 [Training] Computation time per step (second): 0.1621+/-0.0000 (set value: {'mean': 0.162})
[OUTPUT] 2026-07-08T07:15:13.962223 Ending epoch 3 - 1058 steps completed in 180.47 s
[OUTPUT] 2026-07-08T07:15:13.965801 Reshard for epoch 4: 7412 train files, 0 eval files redistributed via alltoall in 0.00s
[OUTPUT] 2026-07-08T07:15:18.545373 Worker pre-warm complete for epoch 4 (24 workers spawned)
[OUTPUT] 2026-07-08T07:15:18.614556 Starting epoch 4: 1058 steps expected
[OUTPUT] 2026-07-08T07:15:18.614869 Starting block 1
[OUTPUT] 2026-07-08T07:18:18.818403 Ending block 1 - 1058 steps completed in 180.20 s
[OUTPUT] 2026-07-08T07:18:18.820727 Epoch 4 - Block 1 [Training] Accelerator Utilization [AU] (%): 97.6387
[OUTPUT] 2026-07-08T07:18:18.820794 Epoch 4 - Block 1 [Training] Throughput (samples/second): 42.1606
[OUTPUT] 2026-07-08T07:18:18.821102 Epoch 4 - Block 1 [Training] Computation time per step (second): 0.1621+/-0.0000 (set value: {'mean': 0.162})
[OUTPUT] 2026-07-08T07:18:18.822741 Ending epoch 4 - 1058 steps completed in 180.21 s
[OUTPUT] 2026-07-08T07:18:18.826768 Reshard for epoch 5: 7412 train files, 0 eval files redistributed via alltoall in 0.00s
[OUTPUT] 2026-07-08T07:18:24.127141 Worker pre-warm complete for epoch 5 (24 workers spawned)
[OUTPUT] 2026-07-08T07:18:24.193103 Starting epoch 5: 1058 steps expected
[OUTPUT] 2026-07-08T07:18:24.193469 Starting block 1
[OUTPUT] 2026-07-08T07:21:23.603922 Ending block 1 - 1058 steps completed in 179.41 s
[OUTPUT] 2026-07-08T07:21:23.605938 Epoch 5 - Block 1 [Training] Accelerator Utilization [AU] (%): 97.7824
[OUTPUT] 2026-07-08T07:21:23.606005 Epoch 5 - Block 1 [Training] Throughput (samples/second): 42.2229
[OUTPUT] 2026-07-08T07:21:23.606348 Epoch 5 - Block 1 [Training] Computation time per step (second): 0.1621+/-0.0000 (set value: {'mean': 0.162})
[OUTPUT] 2026-07-08T07:21:23.608487 Ending epoch 5 - 1058 steps completed in 179.42 s
[OUTPUT] 2026-07-08T07:21:23.612212 Reshard for epoch 6: 7412 train files, 0 eval files redistributed via alltoall in 0.00s
[OUTPUT] 2026-07-08T07:21:28.950765 Worker pre-warm complete for epoch 6 (24 workers spawned)
[OUTPUT] 2026-07-08T07:21:28.951564 Saved outputs in /home/ubuntu/mlps_A6/closed/Alluxio/results/rigA_c5n18xl/training/unet3d/run/20260708_070551
[OUTPUT] Averaged metric over all steps/epochs
[METRIC] ==========================================================
[METRIC] Number of Simulated Accelerators: 1 
[METRIC] Training Accelerator Utilization [AU] (%): 97.5852 (0.1568)
[METRIC] Training Throughput (samples/second): 42.1377 (0.0675)
[METRIC] Training I/O Throughput (MiB/second): 5891.2405 (9.4394)
[METRIC] train_au_meet_expectation: success
[METRIC] ==========================================================

[OUTPUT] 2026-07-08T07:21:28.971858 outputs saved in RANKID_output.json
