cache_clear_start=2026-07-22T01:32:20Z
awk: cmd. line:1: x27/MemAvailable/{print
awk: cmd. line:1:                  ^ syntax error
awk: cmd. line:1: x27/MemAvailable/{print
awk: cmd. line:1:                  ^ syntax error
host=client1 start=2026-07-22T01:32:20Z end=2026-07-22T01:32:20Z rc=0 MemAvailable_before_kB= MemAvailable_after_kB=
awk: cmd. line:1: x27/MemAvailable/{print
awk: cmd. line:1:                  ^ syntax error
awk: cmd. line:1: x27/MemAvailable/{print
awk: cmd. line:1:                  ^ syntax error
host=client2 start=2026-07-22T01:32:20Z end=2026-07-22T01:32:20Z rc=0 MemAvailable_before_kB= MemAvailable_after_kB=
awk: cmd. line:1: x27/MemAvailable/{print
awk: cmd. line:1:                  ^ syntax error
awk: cmd. line:1: x27/MemAvailable/{print
awk: cmd. line:1:                  ^ syntax error
host=client3 start=2026-07-22T01:32:20Z end=2026-07-22T01:32:20Z rc=0 MemAvailable_before_kB= MemAvailable_after_kB=
awk: cmd. line:1: x27/MemAvailable/{print
awk: cmd. line:1:                  ^ syntax error
awk: cmd. line:1: x27/MemAvailable/{print
awk: cmd. line:1:                  ^ syntax error
host=client5 start=2026-07-22T01:32:20Z end=2026-07-22T01:32:22Z rc=0 MemAvailable_before_kB= MemAvailable_after_kB=
awk: cmd. line:1: x27/MemAvailable/{print
awk: cmd. line:1:                  ^ syntax error
awk: cmd. line:1: x27/MemAvailable/{print
awk: cmd. line:1:                  ^ syntax error
host=client6 start=2026-07-22T01:32:20Z end=2026-07-22T01:32:20Z rc=0 MemAvailable_before_kB= MemAvailable_after_kB=
awk: cmd. line:1: x27/MemAvailable/{print
awk: cmd. line:1:                  ^ syntax error
awk: cmd. line:1: x27/MemAvailable/{print
awk: cmd. line:1:                  ^ syntax error
host=client7 start=2026-07-22T01:32:20Z end=2026-07-22T01:32:20Z rc=0 MemAvailable_before_kB= MemAvailable_after_kB=
awk: cmd. line:1: x27/MemAvailable/{print
awk: cmd. line:1:                  ^ syntax error
awk: cmd. line:1: x27/MemAvailable/{print
awk: cmd. line:1:                  ^ syntax error
host=client8 start=2026-07-22T01:32:20Z end=2026-07-22T01:32:20Z rc=0 MemAvailable_before_kB= MemAvailable_after_kB=
awk: cmd. line:1: x27/MemAvailable/{print
awk: cmd. line:1:                  ^ syntax error
awk: cmd. line:1: x27/MemAvailable/{print
awk: cmd. line:1:                  ^ syntax error
host=client10 start=2026-07-22T01:32:20Z end=2026-07-22T01:32:20Z rc=0 MemAvailable_before_kB= MemAvailable_after_kB=
cache_clear_end=2026-07-22T01:32:22Z rc=0
