[OUTPUT] [DEBUG DLIOBenchmark.__init__] After LoadConfig:
[OUTPUT]   storage_type   = <StorageType.LOCAL_FS: 'local_fs'>
[OUTPUT]   storage_root   = './'
[OUTPUT]   storage_options= None
[OUTPUT]   data_folder    = '/mnt/mlp/unet3d_data/unet3d'
[OUTPUT]   framework      = <FrameworkType.PYTORCH: 'pytorch'>
[OUTPUT]   num_files_train= 37500
[OUTPUT]   record_length  = 146600628
[OUTPUT]   generate_data  = False
[OUTPUT]   do_train       = True
[OUTPUT]   do_checkpoint  = False
[OUTPUT]   epochs         = 5
[OUTPUT]   batch_size     = 7
[OUTPUT] 2026-07-09T03:52:15.443887 Running DLIO [Training] with 4 process(es)
[OUTPUT] 2026-07-09T03:52:15.487314 skip_listing [train]: validating 37,500 of 37,500 files (first, last, every 1) via HEAD requests ...
[OUTPUT] 2026-07-09T03:52:15.610068 skip_listing [train]:   500/37,500 checked (1%)  —  4078 checks/s  —  ETA 9s  —  0 failed so far
[OUTPUT] 2026-07-09T03:52:15.729668 skip_listing [train]:   1,000/37,500 checked (3%)  —  4128 checks/s  —  ETA 9s  —  0 failed so far
[OUTPUT] 2026-07-09T03:52:15.848303 skip_listing [train]:   1,500/37,500 checked (4%)  —  4157 checks/s  —  ETA 9s  —  0 failed so far
[OUTPUT] 2026-07-09T03:52:15.966628 skip_listing [train]:   2,000/37,500 checked (5%)  —  4174 checks/s  —  ETA 9s  —  0 failed so far
[OUTPUT] 2026-07-09T03:52:16.085359 skip_listing [train]:   2,500/37,500 checked (7%)  —  4181 checks/s  —  ETA 8s  —  0 failed so far
[OUTPUT] 2026-07-09T03:52:16.203882 skip_listing [train]:   3,000/37,500 checked (8%)  —  4187 checks/s  —  ETA 8s  —  0 failed so far
[OUTPUT] 2026-07-09T03:52:16.327588 skip_listing [train]:   3,500/37,500 checked (9%)  —  4166 checks/s  —  ETA 8s  —  0 failed so far
[OUTPUT] 2026-07-09T03:52:16.455726 skip_listing [train]:   4,000/37,500 checked (11%)  —  4131 checks/s  —  ETA 8s  —  0 failed so far
[OUTPUT] 2026-07-09T03:52:16.577313 skip_listing [train]:   4,500/37,500 checked (12%)  —  4129 checks/s  —  ETA 8s  —  0 failed so far
[OUTPUT] 2026-07-09T03:52:16.698401 skip_listing [train]:   5,000/37,500 checked (13%)  —  4129 checks/s  —  ETA 8s  —  0 failed so far
[OUTPUT] 2026-07-09T03:52:16.825375 skip_listing [train]:   5,500/37,500 checked (15%)  —  4111 checks/s  —  ETA 8s  —  0 failed so far
[OUTPUT] 2026-07-09T03:52:16.944182 skip_listing [train]:   6,000/37,500 checked (16%)  —  4119 checks/s  —  ETA 8s  —  0 failed so far
[OUTPUT] 2026-07-09T03:52:17.063258 skip_listing [train]:   6,500/37,500 checked (17%)  —  4125 checks/s  —  ETA 8s  —  0 failed so far
[OUTPUT] 2026-07-09T03:52:17.182967 skip_listing [train]:   7,000/37,500 checked (19%)  —  4129 checks/s  —  ETA 7s  —  0 failed so far
[OUTPUT] 2026-07-09T03:52:17.302297 skip_listing [train]:   7,500/37,500 checked (20%)  —  4133 checks/s  —  ETA 7s  —  0 failed so far
[OUTPUT] 2026-07-09T03:52:17.421540 skip_listing [train]:   8,000/37,500 checked (21%)  —  4136 checks/s  —  ETA 7s  —  0 failed so far
[OUTPUT] 2026-07-09T03:52:17.541201 skip_listing [train]:   8,500/37,500 checked (23%)  —  4139 checks/s  —  ETA 7s  —  0 failed so far
[OUTPUT] 2026-07-09T03:52:17.660905 skip_listing [train]:   9,000/37,500 checked (24%)  —  4141 checks/s  —  ETA 7s  —  0 failed so far
[OUTPUT] 2026-07-09T03:52:17.780095 skip_listing [train]:   9,500/37,500 checked (25%)  —  4144 checks/s  —  ETA 7s  —  0 failed so far
[OUTPUT] 2026-07-09T03:52:17.899646 skip_listing [train]:   10,000/37,500 checked (27%)  —  4146 checks/s  —  ETA 7s  —  0 failed so far
[OUTPUT] 2026-07-09T03:52:18.019939 skip_listing [train]:   10,500/37,500 checked (28%)  —  4146 checks/s  —  ETA 7s  —  0 failed so far
[OUTPUT] 2026-07-09T03:52:18.145680 skip_listing [train]:   11,000/37,500 checked (29%)  —  4138 checks/s  —  ETA 6s  —  0 failed so far
[OUTPUT] 2026-07-09T03:52:18.263193 skip_listing [train]:   11,500/37,500 checked (31%)  —  4143 checks/s  —  ETA 6s  —  0 failed so far
[OUTPUT] 2026-07-09T03:52:18.380369 skip_listing [train]:   12,000/37,500 checked (32%)  —  4148 checks/s  —  ETA 6s  —  0 failed so far
[OUTPUT] 2026-07-09T03:52:18.507830 skip_listing [train]:   12,500/37,500 checked (33%)  —  4139 checks/s  —  ETA 6s  —  0 failed so far
[OUTPUT] 2026-07-09T03:52:18.624655 skip_listing [train]:   13,000/37,500 checked (35%)  —  4144 checks/s  —  ETA 6s  —  0 failed so far
[OUTPUT] 2026-07-09T03:52:18.742237 skip_listing [train]:   13,500/37,500 checked (36%)  —  4148 checks/s  —  ETA 6s  —  0 failed so far
[OUTPUT] 2026-07-09T03:52:18.858576 skip_listing [train]:   14,000/37,500 checked (37%)  —  4153 checks/s  —  ETA 6s  —  0 failed so far
[OUTPUT] 2026-07-09T03:52:18.975489 skip_listing [train]:   14,500/37,500 checked (39%)  —  4157 checks/s  —  ETA 6s  —  0 failed so far
[OUTPUT] 2026-07-09T03:52:19.092489 skip_listing [train]:   15,000/37,500 checked (40%)  —  4161 checks/s  —  ETA 5s  —  0 failed so far
[OUTPUT] 2026-07-09T03:52:19.208787 skip_listing [train]:   15,500/37,500 checked (41%)  —  4165 checks/s  —  ETA 5s  —  0 failed so far
[OUTPUT] 2026-07-09T03:52:19.325388 skip_listing [train]:   16,000/37,500 checked (43%)  —  4169 checks/s  —  ETA 5s  —  0 failed so far
[OUTPUT] 2026-07-09T03:52:19.443133 skip_listing [train]:   16,500/37,500 checked (44%)  —  4171 checks/s  —  ETA 5s  —  0 failed so far
[OUTPUT] 2026-07-09T03:52:19.564702 skip_listing [train]:   17,000/37,500 checked (45%)  —  4169 checks/s  —  ETA 5s  —  0 failed so far
[OUTPUT] 2026-07-09T03:52:19.684943 skip_listing [train]:   17,500/37,500 checked (47%)  —  4169 checks/s  —  ETA 5s  —  0 failed so far
[OUTPUT] 2026-07-09T03:52:19.804315 skip_listing [train]:   18,000/37,500 checked (48%)  —  4170 checks/s  —  ETA 5s  —  0 failed so far
[OUTPUT] 2026-07-09T03:52:19.922342 skip_listing [train]:   18,500/37,500 checked (49%)  —  4171 checks/s  —  ETA 5s  —  0 failed so far
[OUTPUT] 2026-07-09T03:52:20.042609 skip_listing [train]:   19,000/37,500 checked (51%)  —  4171 checks/s  —  ETA 4s  —  0 failed so far
[OUTPUT] 2026-07-09T03:52:20.161374 skip_listing [train]:   19,500/37,500 checked (52%)  —  4172 checks/s  —  ETA 4s  —  0 failed so far
[OUTPUT] 2026-07-09T03:52:20.280502 skip_listing [train]:   20,000/37,500 checked (53%)  —  4173 checks/s  —  ETA 4s  —  0 failed so far
[OUTPUT] 2026-07-09T03:52:20.399234 skip_listing [train]:   20,500/37,500 checked (55%)  —  4174 checks/s  —  ETA 4s  —  0 failed so far
[OUTPUT] 2026-07-09T03:52:20.520751 skip_listing [train]:   21,000/37,500 checked (56%)  —  4172 checks/s  —  ETA 4s  —  0 failed so far
[OUTPUT] 2026-07-09T03:52:20.639960 skip_listing [train]:   21,500/37,500 checked (57%)  —  4173 checks/s  —  ETA 4s  —  0 failed so far
[OUTPUT] 2026-07-09T03:52:20.759018 skip_listing [train]:   22,000/37,500 checked (59%)  —  4173 checks/s  —  ETA 4s  —  0 failed so far
[OUTPUT] 2026-07-09T03:52:20.877650 skip_listing [train]:   22,500/37,500 checked (60%)  —  4174 checks/s  —  ETA 4s  —  0 failed so far
[OUTPUT] 2026-07-09T03:52:20.996236 skip_listing [train]:   23,000/37,500 checked (61%)  —  4175 checks/s  —  ETA 3s  —  0 failed so far
[OUTPUT] 2026-07-09T03:52:21.115838 skip_listing [train]:   23,500/37,500 checked (63%)  —  4175 checks/s  —  ETA 3s  —  0 failed so far
[OUTPUT] 2026-07-09T03:52:21.234300 skip_listing [train]:   24,000/37,500 checked (64%)  —  4176 checks/s  —  ETA 3s  —  0 failed so far
[OUTPUT] 2026-07-09T03:52:21.353774 skip_listing [train]:   24,500/37,500 checked (65%)  —  4176 checks/s  —  ETA 3s  —  0 failed so far
[OUTPUT] 2026-07-09T03:52:21.473055 skip_listing [train]:   25,000/37,500 checked (67%)  —  4177 checks/s  —  ETA 3s  —  0 failed so far
[OUTPUT] 2026-07-09T03:52:21.594334 skip_listing [train]:   25,500/37,500 checked (68%)  —  4176 checks/s  —  ETA 3s  —  0 failed so far
[OUTPUT] 2026-07-09T03:52:21.714072 skip_listing [train]:   26,000/37,500 checked (69%)  —  4176 checks/s  —  ETA 3s  —  0 failed so far
[OUTPUT] 2026-07-09T03:52:21.834116 skip_listing [train]:   26,500/37,500 checked (71%)  —  4175 checks/s  —  ETA 3s  —  0 failed so far
[OUTPUT] 2026-07-09T03:52:21.953707 skip_listing [train]:   27,000/37,500 checked (72%)  —  4176 checks/s  —  ETA 3s  —  0 failed so far
[OUTPUT] 2026-07-09T03:52:22.073590 skip_listing [train]:   27,500/37,500 checked (73%)  —  4175 checks/s  —  ETA 2s  —  0 failed so far
[OUTPUT] 2026-07-09T03:52:22.192926 skip_listing [train]:   28,000/37,500 checked (75%)  —  4176 checks/s  —  ETA 2s  —  0 failed so far
[OUTPUT] 2026-07-09T03:52:22.312495 skip_listing [train]:   28,500/37,500 checked (76%)  —  4176 checks/s  —  ETA 2s  —  0 failed so far
[OUTPUT] 2026-07-09T03:52:22.427168 skip_listing [train]:   29,000/37,500 checked (77%)  —  4179 checks/s  —  ETA 2s  —  0 failed so far
[OUTPUT] 2026-07-09T03:52:22.545947 skip_listing [train]:   29,500/37,500 checked (79%)  —  4179 checks/s  —  ETA 2s  —  0 failed so far
[OUTPUT] 2026-07-09T03:52:22.664501 skip_listing [train]:   30,000/37,500 checked (80%)  —  4180 checks/s  —  ETA 2s  —  0 failed so far
[OUTPUT] 2026-07-09T03:52:22.778436 skip_listing [train]:   30,500/37,500 checked (81%)  —  4183 checks/s  —  ETA 2s  —  0 failed so far
[OUTPUT] 2026-07-09T03:52:22.891904 skip_listing [train]:   31,000/37,500 checked (83%)  —  4187 checks/s  —  ETA 2s  —  0 failed so far
[OUTPUT] 2026-07-09T03:52:23.005440 skip_listing [train]:   31,500/37,500 checked (84%)  —  4190 checks/s  —  ETA 1s  —  0 failed so far
[OUTPUT] 2026-07-09T03:52:23.117309 skip_listing [train]:   32,000/37,500 checked (85%)  —  4194 checks/s  —  ETA 1s  —  0 failed so far
[OUTPUT] 2026-07-09T03:52:23.231312 skip_listing [train]:   32,500/37,500 checked (87%)  —  4197 checks/s  —  ETA 1s  —  0 failed so far
[OUTPUT] 2026-07-09T03:52:23.343574 skip_listing [train]:   33,000/37,500 checked (88%)  —  4201 checks/s  —  ETA 1s  —  0 failed so far
[OUTPUT] 2026-07-09T03:52:23.457034 skip_listing [train]:   33,500/37,500 checked (89%)  —  4203 checks/s  —  ETA 1s  —  0 failed so far
[OUTPUT] 2026-07-09T03:52:23.570294 skip_listing [train]:   34,000/37,500 checked (91%)  —  4206 checks/s  —  ETA 1s  —  0 failed so far
[OUTPUT] 2026-07-09T03:52:23.683004 skip_listing [train]:   34,500/37,500 checked (92%)  —  4210 checks/s  —  ETA 1s  —  0 failed so far
[OUTPUT] 2026-07-09T03:52:23.800899 skip_listing [train]:   35,000/37,500 checked (93%)  —  4210 checks/s  —  ETA 1s  —  0 failed so far
[OUTPUT] 2026-07-09T03:52:23.914290 skip_listing [train]:   35,500/37,500 checked (95%)  —  4213 checks/s  —  ETA 0s  —  0 failed so far
[OUTPUT] 2026-07-09T03:52:24.027148 skip_listing [train]:   36,000/37,500 checked (96%)  —  4216 checks/s  —  ETA 0s  —  0 failed so far
[OUTPUT] 2026-07-09T03:52:24.139053 skip_listing [train]:   36,500/37,500 checked (97%)  —  4219 checks/s  —  ETA 0s  —  0 failed so far
[OUTPUT] 2026-07-09T03:52:24.251644 skip_listing [train]:   37,000/37,500 checked (99%)  —  4222 checks/s  —  ETA 0s  —  0 failed so far
[OUTPUT] 2026-07-09T03:52:24.364026 skip_listing [train]: validation complete — all 37,500 samples exist (8.9s, 4225 checks/s); 9,375 URIs ready for rank 0 (37,500 total across all ranks)
[OUTPUT] 2026-07-09T03:52:24.364600 File listing [train]: 37500 files discovered, 9375 assigned to rank 0, completed in 8.91s
[OUTPUT] 2026-07-09T03:52:24.364794 skip_listing [valid]: generated 0 file URIs deterministically (0 total — validation disabled)
[OUTPUT] 2026-07-09T03:52:24.364923 File listing [valid]: 0 files discovered, 0 assigned to rank 0, completed in 0.00s
[OUTPUT] 2026-07-09T03:52:24.365012 Streamed file sharding: 37500 train files across 4 ranks via round-robin (rank 0 shard: 9375 files)
[OUTPUT] 2026-07-09T03:52:24.382771 Max steps per epoch per rank: 5357 = 1 * 37500 / 7 (samples per file * local files / batch size)
[OUTPUT] 2026-07-09T03:52:24.393911 Reshard for epoch 1: 9375 train files, 0 eval files redistributed via alltoall in 0.01s
[OUTPUT] 2026-07-09T03:52:41.603035 Worker pre-warm complete (100 workers spawned)
[OUTPUT] 2026-07-09T03:52:42.927238 Starting epoch 1: 1339 steps expected
[OUTPUT] 2026-07-09T03:52:42.928715 Starting block 1
[OUTPUT] 2026-07-09T03:56:55.568167 Ending block 1 - 1339 steps completed in 252.64 s
[OUTPUT] 2026-07-09T03:56:55.573734 Epoch 1 - Block 1 [Training] Accelerator Utilization [AU] (%): 91.1682
[OUTPUT] 2026-07-09T03:56:55.573787 Epoch 1 - Block 1 [Training] Throughput (samples/second): 157.4589
[OUTPUT] 2026-07-09T03:56:55.574563 Epoch 1 - Block 1 [Training] Computation time per step (second): 0.1621+/-0.0000 (set value: {'mean': 0.162})
[OUTPUT] 2026-07-09T03:56:55.600793 Ending epoch 1 - 1339 steps completed in 252.67 s
[OUTPUT] 2026-07-09T03:56:55.608032 Reshard for epoch 2: 9375 train files, 0 eval files redistributed via alltoall in 0.01s
[OUTPUT] 2026-07-09T03:57:12.509245 Worker pre-warm complete for epoch 2 (100 workers spawned)
[OUTPUT] 2026-07-09T03:57:13.606584 Starting epoch 2: 1339 steps expected
[OUTPUT] 2026-07-09T03:57:13.607079 Starting block 1
[OUTPUT] 2026-07-09T04:01:25.837949 Ending block 1 - 1339 steps completed in 252.23 s
[OUTPUT] 2026-07-09T04:01:25.840012 Epoch 2 - Block 1 [Training] Accelerator Utilization [AU] (%): 90.6456
[OUTPUT] 2026-07-09T04:01:25.840062 Epoch 2 - Block 1 [Training] Throughput (samples/second): 156.5540
[OUTPUT] 2026-07-09T04:01:25.840357 Epoch 2 - Block 1 [Training] Computation time per step (second): 0.1621+/-0.0001 (set value: {'mean': 0.162})
[OUTPUT] 2026-07-09T04:01:25.849265 Ending epoch 2 - 1339 steps completed in 252.24 s
[OUTPUT] 2026-07-09T04:01:25.859159 Reshard for epoch 3: 9375 train files, 0 eval files redistributed via alltoall in 0.01s
[OUTPUT] 2026-07-09T04:01:41.371219 Worker pre-warm complete for epoch 3 (100 workers spawned)
[OUTPUT] 2026-07-09T04:01:44.275768 Starting epoch 3: 1339 steps expected
[OUTPUT] 2026-07-09T04:01:44.276699 Starting block 1
[OUTPUT] 2026-07-09T04:05:57.494548 Ending block 1 - 1339 steps completed in 253.22 s
[OUTPUT] 2026-07-09T04:05:57.496505 Epoch 3 - Block 1 [Training] Accelerator Utilization [AU] (%): 90.8297
[OUTPUT] 2026-07-09T04:05:57.496552 Epoch 3 - Block 1 [Training] Throughput (samples/second): 156.8743
[OUTPUT] 2026-07-09T04:05:57.496822 Epoch 3 - Block 1 [Training] Computation time per step (second): 0.1621+/-0.0000 (set value: {'mean': 0.162})
[OUTPUT] 2026-07-09T04:05:57.521191 Ending epoch 3 - 1339 steps completed in 253.25 s
[OUTPUT] 2026-07-09T04:05:57.531274 Reshard for epoch 4: 9375 train files, 0 eval files redistributed via alltoall in 0.01s
[OUTPUT] 2026-07-09T04:06:15.109880 Worker pre-warm complete for epoch 4 (100 workers spawned)
[OUTPUT] 2026-07-09T04:06:15.777876 Starting epoch 4: 1339 steps expected
[OUTPUT] 2026-07-09T04:06:15.778549 Starting block 1
[OUTPUT] 2026-07-09T04:10:28.202258 Ending block 1 - 1339 steps completed in 252.42 s
[OUTPUT] 2026-07-09T04:10:28.204431 Epoch 4 - Block 1 [Training] Accelerator Utilization [AU] (%): 91.2834
[OUTPUT] 2026-07-09T04:10:28.204482 Epoch 4 - Block 1 [Training] Throughput (samples/second): 157.6581
[OUTPUT] 2026-07-09T04:10:28.204750 Epoch 4 - Block 1 [Training] Computation time per step (second): 0.1621+/-0.0000 (set value: {'mean': 0.162})
[OUTPUT] 2026-07-09T04:10:28.214569 Ending epoch 4 - 1339 steps completed in 252.44 s
[OUTPUT] 2026-07-09T04:10:28.224514 Reshard for epoch 5: 9375 train files, 0 eval files redistributed via alltoall in 0.01s
[OUTPUT] 2026-07-09T04:10:46.210041 Worker pre-warm complete for epoch 5 (100 workers spawned)
[OUTPUT] 2026-07-09T04:10:46.727090 Starting epoch 5: 1339 steps expected
[OUTPUT] 2026-07-09T04:10:46.727442 Starting block 1
[OUTPUT] 2026-07-09T04:14:59.655487 Ending block 1 - 1339 steps completed in 252.93 s
[OUTPUT] 2026-07-09T04:14:59.657523 Epoch 5 - Block 1 [Training] Accelerator Utilization [AU] (%): 90.7785
[OUTPUT] 2026-07-09T04:14:59.657573 Epoch 5 - Block 1 [Training] Throughput (samples/second): 156.7864
[OUTPUT] 2026-07-09T04:14:59.657828 Epoch 5 - Block 1 [Training] Computation time per step (second): 0.1621+/-0.0000 (set value: {'mean': 0.162})
[OUTPUT] 2026-07-09T04:14:59.726591 Ending epoch 5 - 1339 steps completed in 253.00 s
[OUTPUT] 2026-07-09T04:14:59.737566 Reshard for epoch 6: 9375 train files, 0 eval files redistributed via alltoall in 0.01s
[OUTPUT] 2026-07-09T04:15:17.098628 Worker pre-warm complete for epoch 6 (100 workers spawned)
[OUTPUT] 2026-07-09T04:15:17.100538 Saved outputs in /tmp/mlperf_storage_results_1t_4acc_100reader_37500_new/closed/holmesai_limited/results/StorMeshAI/training/unet3d/run/20260709_035210
[OUTPUT] Averaged metric over all steps/epochs
[METRIC] ==========================================================
[METRIC] Number of Simulated Accelerators: 4 
[METRIC] Training Accelerator Utilization [AU] (%): 90.7452 (0.2321)
[METRIC] Training Throughput (samples/second): 156.7303 (0.4005)
[METRIC] Training I/O Throughput (MiB/second): 21912.3477 (56.0002)
[METRIC] train_au_meet_expectation: success
[METRIC] ==========================================================

[OUTPUT] 2026-07-09T04:15:17.141516 outputs saved in RANKID_output.json
