[OUTPUT] [DEBUG DLIOBenchmark.__init__] After LoadConfig:
[OUTPUT]   storage_type   = <StorageType.LOCAL_FS: 'local_fs'>
[OUTPUT]   storage_root   = './'
[OUTPUT]   storage_options= None
[OUTPUT]   data_folder    = '/mnt/glfs/GalaxSphere-2Tier0/training/unet3d'
[OUTPUT]   framework      = <FrameworkType.PYTORCH: 'pytorch'>
[OUTPUT]   num_files_train= 196000
[OUTPUT]   record_length  = 146600628
[OUTPUT]   generate_data  = False
[OUTPUT]   do_train       = True
[OUTPUT]   do_checkpoint  = False
[OUTPUT]   epochs         = 5
[OUTPUT]   batch_size     = 7
[OUTPUT] 2026-07-13T11:58:28.746083 Running DLIO [Training] with 48 process(es)
[OUTPUT] 2026-07-13T11:58:28.769243 skip_listing [train]: validating 196,000 of 196,000 files (first, last, every 1) via HEAD requests ...
[OUTPUT] 2026-07-13T11:58:28.775696 skip_listing [train]:   500/196,000 checked (0%)  —  79066 checks/s  —  ETA 2s  —  0 failed so far
[OUTPUT] 2026-07-13T11:58:28.777802 skip_listing [train]:   1,000/196,000 checked (1%)  —  118610 checks/s  —  ETA 2s  —  0 failed so far
[OUTPUT] 2026-07-13T11:58:28.779868 skip_listing [train]:   1,500/196,000 checked (1%)  —  142887 checks/s  —  ETA 1s  —  0 failed so far
[OUTPUT] 2026-07-13T11:58:28.782576 skip_listing [train]:   2,000/196,000 checked (1%)  —  151454 checks/s  —  ETA 1s  —  0 failed so far
[OUTPUT] 2026-07-13T11:58:28.786062 skip_listing [train]:   2,500/196,000 checked (1%)  —  149777 checks/s  —  ETA 1s  —  0 failed so far
[OUTPUT] 2026-07-13T11:58:28.788664 skip_listing [train]:   3,000/196,000 checked (2%)  —  155492 checks/s  —  ETA 1s  —  0 failed so far
[OUTPUT] 2026-07-13T11:58:28.790709 skip_listing [train]:   3,500/196,000 checked (2%)  —  164019 checks/s  —  ETA 1s  —  0 failed so far
[OUTPUT] 2026-07-13T11:58:28.793438 skip_listing [train]:   4,000/196,000 checked (2%)  —  166197 checks/s  —  ETA 1s  —  0 failed so far
[OUTPUT] 2026-07-13T11:58:28.796528 skip_listing [train]:   4,500/196,000 checked (2%)  —  165701 checks/s  —  ETA 1s  —  0 failed so far
[OUTPUT] 2026-07-13T11:58:28.800307 skip_listing [train]:   5,000/196,000 checked (3%)  —  161620 checks/s  —  ETA 1s  —  0 failed so far
[OUTPUT] 2026-07-13T11:58:28.802954 skip_listing [train]:   5,500/196,000 checked (3%)  —  163770 checks/s  —  ETA 1s  —  0 failed so far
[OUTPUT] 2026-07-13T11:58:28.805616 skip_listing [train]:   6,000/196,000 checked (3%)  —  165538 checks/s  —  ETA 1s  —  0 failed so far
[OUTPUT] 2026-07-13T11:58:28.807994 skip_listing [train]:   6,500/196,000 checked (3%)  —  168289 checks/s  —  ETA 1s  —  0 failed so far
[OUTPUT] 2026-07-13T11:58:28.810028 skip_listing [train]:   7,000/196,000 checked (4%)  —  172170 checks/s  —  ETA 1s  —  0 failed so far
[OUTPUT] 2026-07-13T11:58:28.812046 skip_listing [train]:   7,500/196,000 checked (4%)  —  175744 checks/s  —  ETA 1s  —  0 failed so far
[OUTPUT] 2026-07-13T11:58:28.814520 skip_listing [train]:   8,000/196,000 checked (4%)  —  177189 checks/s  —  ETA 1s  —  0 failed so far
[OUTPUT] 2026-07-13T11:58:28.816545 skip_listing [train]:   8,500/196,000 checked (4%)  —  180182 checks/s  —  ETA 1s  —  0 failed so far
[OUTPUT] 2026-07-13T11:58:28.818557 skip_listing [train]:   9,000/196,000 checked (5%)  —  182974 checks/s  —  ETA 1s  —  0 failed so far
[OUTPUT] 2026-07-13T11:58:28.821667 skip_listing [train]:   9,500/196,000 checked (5%)  —  181654 checks/s  —  ETA 1s  —  0 failed so far
[OUTPUT] 2026-07-13T11:58:28.823695 skip_listing [train]:   10,000/196,000 checked (5%)  —  184079 checks/s  —  ETA 1s  —  0 failed so far
[OUTPUT] 2026-07-13T11:58:28.826274 skip_listing [train]:   10,500/196,000 checked (5%)  —  184522 checks/s  —  ETA 1s  —  0 failed so far
[OUTPUT] 2026-07-13T11:58:28.828284 skip_listing [train]:   11,000/196,000 checked (6%)  —  186715 checks/s  —  ETA 1s  —  0 failed so far
[OUTPUT] 2026-07-13T11:58:28.830289 skip_listing [train]:   11,500/196,000 checked (6%)  —  188777 checks/s  —  ETA 1s  —  0 failed so far
[OUTPUT] 2026-07-13T11:58:28.832673 skip_listing [train]:   12,000/196,000 checked (6%)  —  189566 checks/s  —  ETA 1s  —  0 failed so far
[OUTPUT] 2026-07-13T11:58:28.835304 skip_listing [train]:   12,500/196,000 checked (6%)  —  189584 checks/s  —  ETA 1s  —  0 failed so far
[OUTPUT] 2026-07-13T11:58:28.838509 skip_listing [train]:   13,000/196,000 checked (7%)  —  188028 checks/s  —  ETA 1s  —  0 failed so far
[OUTPUT] 2026-07-13T11:58:28.841299 skip_listing [train]:   13,500/196,000 checked (7%)  —  187688 checks/s  —  ETA 1s  —  0 failed so far
[OUTPUT] 2026-07-13T11:58:28.843990 skip_listing [train]:   14,000/196,000 checked (7%)  —  187617 checks/s  —  ETA 1s  —  0 failed so far
[OUTPUT] 2026-07-13T11:58:28.846723 skip_listing [train]:   14,500/196,000 checked (7%)  —  187452 checks/s  —  ETA 1s  —  0 failed so far
[OUTPUT] 2026-07-13T11:58:28.849142 skip_listing [train]:   15,000/196,000 checked (8%)  —  188036 checks/s  —  ETA 1s  —  0 failed so far
[OUTPUT] 2026-07-13T11:58:28.851149 skip_listing [train]:   15,500/196,000 checked (8%)  —  189536 checks/s  —  ETA 1s  —  0 failed so far
[OUTPUT] 2026-07-13T11:58:28.853159 skip_listing [train]:   16,000/196,000 checked (8%)  —  190956 checks/s  —  ETA 1s  —  0 failed so far
[OUTPUT] 2026-07-13T11:58:28.855673 skip_listing [train]:   16,500/196,000 checked (8%)  —  191186 checks/s  —  ETA 1s  —  0 failed so far
[OUTPUT] 2026-07-13T11:58:28.858099 skip_listing [train]:   17,000/196,000 checked (9%)  —  191594 checks/s  —  ETA 1s  —  0 failed so far
[OUTPUT] 2026-07-13T11:58:28.860106 skip_listing [train]:   17,500/196,000 checked (9%)  —  192867 checks/s  —  ETA 1s  —  0 failed so far
[OUTPUT] 2026-07-13T11:58:28.862108 skip_listing [train]:   18,000/196,000 checked (9%)  —  194096 checks/s  —  ETA 1s  —  0 failed so far
[OUTPUT] 2026-07-13T11:58:28.865231 skip_listing [train]:   18,500/196,000 checked (9%)  —  192988 checks/s  —  ETA 1s  —  0 failed so far
[OUTPUT] 2026-07-13T11:58:28.867892 skip_listing [train]:   19,000/196,000 checked (10%)  —  192851 checks/s  —  ETA 1s  —  0 failed so far
[OUTPUT] 2026-07-13T11:58:28.869906 skip_listing [train]:   19,500/196,000 checked (10%)  —  193961 checks/s  —  ETA 1s  —  0 failed so far
[OUTPUT] 2026-07-13T11:58:28.872761 skip_listing [train]:   20,000/196,000 checked (10%)  —  193441 checks/s  —  ETA 1s  —  0 failed so far
[OUTPUT] 2026-07-13T11:58:28.875220 skip_listing [train]:   20,500/196,000 checked (10%)  —  193671 checks/s  —  ETA 1s  —  0 failed so far
[OUTPUT] 2026-07-13T11:58:28.877485 skip_listing [train]:   21,000/196,000 checked (11%)  —  194238 checks/s  —  ETA 1s  —  0 failed so far
[OUTPUT] 2026-07-13T11:58:28.879867 skip_listing [train]:   21,500/196,000 checked (11%)  —  194576 checks/s  —  ETA 1s  —  0 failed so far
[OUTPUT] 2026-07-13T11:58:28.882683 skip_listing [train]:   22,000/196,000 checked (11%)  —  194153 checks/s  —  ETA 1s  —  0 failed so far
[OUTPUT] 2026-07-13T11:58:28.885071 skip_listing [train]:   22,500/196,000 checked (11%)  —  194467 checks/s  —  ETA 1s  —  0 failed so far
[OUTPUT] 2026-07-13T11:58:28.887069 skip_listing [train]:   23,000/196,000 checked (12%)  —  195414 checks/s  —  ETA 1s  —  0 failed so far
[OUTPUT] 2026-07-13T11:58:28.889077 skip_listing [train]:   23,500/196,000 checked (12%)  —  196314 checks/s  —  ETA 1s  —  0 failed so far
[OUTPUT] 2026-07-13T11:58:28.891082 skip_listing [train]:   24,000/196,000 checked (12%)  —  197187 checks/s  —  ETA 1s  —  0 failed so far
[OUTPUT] 2026-07-13T11:58:28.893086 skip_listing [train]:   24,500/196,000 checked (12%)  —  198035 checks/s  —  ETA 1s  —  0 failed so far
[OUTPUT] 2026-07-13T11:58:28.895084 skip_listing [train]:   25,000/196,000 checked (13%)  —  198864 checks/s  —  ETA 1s  —  0 failed so far
[OUTPUT] 2026-07-13T11:58:28.897527 skip_listing [train]:   25,500/196,000 checked (13%)  —  198975 checks/s  —  ETA 1s  —  0 failed so far
[OUTPUT] 2026-07-13T11:58:28.899992 skip_listing [train]:   26,000/196,000 checked (13%)  —  199048 checks/s  —  ETA 1s  —  0 failed so far
[OUTPUT] 2026-07-13T11:58:28.902007 skip_listing [train]:   26,500/196,000 checked (14%)  —  199793 checks/s  —  ETA 1s  —  0 failed so far
[OUTPUT] 2026-07-13T11:58:28.904018 skip_listing [train]:   27,000/196,000 checked (14%)  —  200523 checks/s  —  ETA 1s  —  0 failed so far
[OUTPUT] 2026-07-13T11:58:28.906715 skip_listing [train]:   27,500/196,000 checked (14%)  —  200226 checks/s  —  ETA 1s  —  0 failed so far
[OUTPUT] 2026-07-13T11:58:28.909132 skip_listing [train]:   28,000/196,000 checked (14%)  —  200341 checks/s  —  ETA 1s  —  0 failed so far
[OUTPUT] 2026-07-13T11:58:28.911509 skip_listing [train]:   28,500/196,000 checked (15%)  —  200508 checks/s  —  ETA 1s  —  0 failed so far
[OUTPUT] 2026-07-13T11:58:28.913509 skip_listing [train]:   29,000/196,000 checked (15%)  —  201196 checks/s  —  ETA 1s  —  0 failed so far
[OUTPUT] 2026-07-13T11:58:28.915928 skip_listing [train]:   29,500/196,000 checked (15%)  —  201285 checks/s  —  ETA 1s  —  0 failed so far
[OUTPUT] 2026-07-13T11:58:28.917924 skip_listing [train]:   30,000/196,000 checked (15%)  —  201947 checks/s  —  ETA 1s  —  0 failed so far
[OUTPUT] 2026-07-13T11:58:28.920317 skip_listing [train]:   30,500/196,000 checked (16%)  —  202058 checks/s  —  ETA 1s  —  0 failed so far
[OUTPUT] 2026-07-13T11:58:28.922657 skip_listing [train]:   31,000/196,000 checked (16%)  —  202235 checks/s  —  ETA 1s  —  0 failed so far
[OUTPUT] 2026-07-13T11:58:28.924653 skip_listing [train]:   31,500/196,000 checked (16%)  —  202855 checks/s  —  ETA 1s  —  0 failed so far
[OUTPUT] 2026-07-13T11:58:28.927405 skip_listing [train]:   32,000/196,000 checked (16%)  —  202487 checks/s  —  ETA 1s  —  0 failed so far
[OUTPUT] 2026-07-13T11:58:28.929783 skip_listing [train]:   32,500/196,000 checked (17%)  —  202603 checks/s  —  ETA 1s  —  0 failed so far
[OUTPUT] 2026-07-13T11:58:28.932412 skip_listing [train]:   33,000/196,000 checked (17%)  —  202402 checks/s  —  ETA 1s  —  0 failed so far
[OUTPUT] 2026-07-13T11:58:28.934883 skip_listing [train]:   33,500/196,000 checked (17%)  —  202402 checks/s  —  ETA 1s  —  0 failed so far
[OUTPUT] 2026-07-13T11:58:28.937574 skip_listing [train]:   34,000/196,000 checked (17%)  —  202135 checks/s  —  ETA 1s  —  0 failed so far
[OUTPUT] 2026-07-13T11:58:28.940544 skip_listing [train]:   34,500/196,000 checked (18%)  —  201549 checks/s  —  ETA 1s  —  0 failed so far
[OUTPUT] 2026-07-13T11:58:28.942549 skip_listing [train]:   35,000/196,000 checked (18%)  —  202103 checks/s  —  ETA 1s  —  0 failed so far
[OUTPUT] 2026-07-13T11:58:28.944909 skip_listing [train]:   35,500/196,000 checked (18%)  —  202234 checks/s  —  ETA 1s  —  0 failed so far
[OUTPUT] 2026-07-13T11:58:28.947503 skip_listing [train]:   36,000/196,000 checked (18%)  —  202097 checks/s  —  ETA 1s  —  0 failed so far
[OUTPUT] 2026-07-13T11:58:28.949779 skip_listing [train]:   36,500/196,000 checked (19%)  —  202318 checks/s  —  ETA 1s  —  0 failed so far
[OUTPUT] 2026-07-13T11:58:28.952167 skip_listing [train]:   37,000/196,000 checked (19%)  —  202410 checks/s  —  ETA 1s  —  0 failed so far
[OUTPUT] 2026-07-13T11:58:28.954901 skip_listing [train]:   37,500/196,000 checked (19%)  —  202123 checks/s  —  ETA 1s  —  0 failed so far
[OUTPUT] 2026-07-13T11:58:28.956898 skip_listing [train]:   38,000/196,000 checked (19%)  —  202637 checks/s  —  ETA 1s  —  0 failed so far
[OUTPUT] 2026-07-13T11:58:28.958897 skip_listing [train]:   38,500/196,000 checked (20%)  —  203137 checks/s  —  ETA 1s  —  0 failed so far
[OUTPUT] 2026-07-13T11:58:28.961247 skip_listing [train]:   39,000/196,000 checked (20%)  —  203255 checks/s  —  ETA 1s  —  0 failed so far
[OUTPUT] 2026-07-13T11:58:28.964214 skip_listing [train]:   39,500/196,000 checked (20%)  —  202727 checks/s  —  ETA 1s  —  0 failed so far
[OUTPUT] 2026-07-13T11:58:28.966609 skip_listing [train]:   40,000/196,000 checked (20%)  —  202800 checks/s  —  ETA 1s  —  0 failed so far
[OUTPUT] 2026-07-13T11:58:28.968619 skip_listing [train]:   40,500/196,000 checked (21%)  —  203263 checks/s  —  ETA 1s  —  0 failed so far
[OUTPUT] 2026-07-13T11:58:28.970977 skip_listing [train]:   41,000/196,000 checked (21%)  —  203366 checks/s  —  ETA 1s  —  0 failed so far
[OUTPUT] 2026-07-13T11:58:28.973999 skip_listing [train]:   41,500/196,000 checked (21%)  —  202806 checks/s  —  ETA 1s  —  0 failed so far
[OUTPUT] 2026-07-13T11:58:28.976675 skip_listing [train]:   42,000/196,000 checked (21%)  —  202600 checks/s  —  ETA 1s  —  0 failed so far
[OUTPUT] 2026-07-13T11:58:28.979399 skip_listing [train]:   42,500/196,000 checked (22%)  —  202353 checks/s  —  ETA 1s  —  0 failed so far
[OUTPUT] 2026-07-13T11:58:28.981409 skip_listing [train]:   43,000/196,000 checked (22%)  —  202793 checks/s  —  ETA 1s  —  0 failed so far
[OUTPUT] 2026-07-13T11:58:28.983413 skip_listing [train]:   43,500/196,000 checked (22%)  —  203230 checks/s  —  ETA 1s  —  0 failed so far
[OUTPUT] 2026-07-13T11:58:28.985418 skip_listing [train]:   44,000/196,000 checked (22%)  —  203659 checks/s  —  ETA 1s  —  0 failed so far
[OUTPUT] 2026-07-13T11:58:28.987422 skip_listing [train]:   44,500/196,000 checked (23%)  —  204080 checks/s  —  ETA 1s  —  0 failed so far
[OUTPUT] 2026-07-13T11:58:28.989429 skip_listing [train]:   45,000/196,000 checked (23%)  —  204491 checks/s  —  ETA 1s  —  0 failed so far
[OUTPUT] 2026-07-13T11:58:28.991437 skip_listing [train]:   45,500/196,000 checked (23%)  —  204893 checks/s  —  ETA 1s  —  0 failed so far
[OUTPUT] 2026-07-13T11:58:28.993448 skip_listing [train]:   46,000/196,000 checked (23%)  —  205286 checks/s  —  ETA 1s  —  0 failed so far
[OUTPUT] 2026-07-13T11:58:28.995456 skip_listing [train]:   46,500/196,000 checked (24%)  —  205674 checks/s  —  ETA 1s  —  0 failed so far
[OUTPUT] 2026-07-13T11:58:28.998295 skip_listing [train]:   47,000/196,000 checked (24%)  —  205308 checks/s  —  ETA 1s  —  0 failed so far
[OUTPUT] 2026-07-13T11:58:29.001157 skip_listing [train]:   47,500/196,000 checked (24%)  —  204930 checks/s  —  ETA 1s  —  0 failed so far
[OUTPUT] 2026-07-13T11:58:29.003708 skip_listing [train]:   48,000/196,000 checked (24%)  —  204832 checks/s  —  ETA 1s  —  0 failed so far
[OUTPUT] 2026-07-13T11:58:29.005714 skip_listing [train]:   48,500/196,000 checked (25%)  —  205209 checks/s  —  ETA 1s  —  0 failed so far
[OUTPUT] 2026-07-13T11:58:29.008111 skip_listing [train]:   49,000/196,000 checked (25%)  —  205244 checks/s  —  ETA 1s  —  0 failed so far
[OUTPUT] 2026-07-13T11:58:29.010381 skip_listing [train]:   49,500/196,000 checked (25%)  —  205385 checks/s  —  ETA 1s  —  0 failed so far
[OUTPUT] 2026-07-13T11:58:29.013204 skip_listing [train]:   50,000/196,000 checked (26%)  —  205057 checks/s  —  ETA 1s  —  0 failed so far
[OUTPUT] 2026-07-13T11:58:29.015199 skip_listing [train]:   50,500/196,000 checked (26%)  —  205428 checks/s  —  ETA 1s  —  0 failed so far
[OUTPUT] 2026-07-13T11:58:29.017192 skip_listing [train]:   51,000/196,000 checked (26%)  —  205793 checks/s  —  ETA 1s  —  0 failed so far
[OUTPUT] 2026-07-13T11:58:29.019184 skip_listing [train]:   51,500/196,000 checked (26%)  —  206153 checks/s  —  ETA 1s  —  0 failed so far
[OUTPUT] 2026-07-13T11:58:29.021179 skip_listing [train]:   52,000/196,000 checked (27%)  —  206506 checks/s  —  ETA 1s  —  0 failed so far
[OUTPUT] 2026-07-13T11:58:29.023599 skip_listing [train]:   52,500/196,000 checked (27%)  —  206506 checks/s  —  ETA 1s  —  0 failed so far
[OUTPUT] 2026-07-13T11:58:29.025959 skip_listing [train]:   53,000/196,000 checked (27%)  —  206556 checks/s  —  ETA 1s  —  0 failed so far
[OUTPUT] 2026-07-13T11:58:29.027960 skip_listing [train]:   53,500/196,000 checked (27%)  —  206891 checks/s  —  ETA 1s  —  0 failed so far
[OUTPUT] 2026-07-13T11:58:29.029956 skip_listing [train]:   54,000/196,000 checked (28%)  —  207225 checks/s  —  ETA 1s  —  0 failed so far
[OUTPUT] 2026-07-13T11:58:29.032804 skip_listing [train]:   54,500/196,000 checked (28%)  —  206883 checks/s  —  ETA 1s  —  0 failed so far
[OUTPUT] 2026-07-13T11:58:29.035518 skip_listing [train]:   55,000/196,000 checked (28%)  —  206652 checks/s  —  ETA 1s  —  0 failed so far
[OUTPUT] 2026-07-13T11:58:29.037812 skip_listing [train]:   55,500/196,000 checked (28%)  —  206748 checks/s  —  ETA 1s  —  0 failed so far
[OUTPUT] 2026-07-13T11:58:29.039802 skip_listing [train]:   56,000/196,000 checked (29%)  —  207076 checks/s  —  ETA 1s  —  0 failed so far
[OUTPUT] 2026-07-13T11:58:29.042212 skip_listing [train]:   56,500/196,000 checked (29%)  —  207079 checks/s  —  ETA 1s  —  0 failed so far
[OUTPUT] 2026-07-13T11:58:29.044202 skip_listing [train]:   57,000/196,000 checked (29%)  —  207399 checks/s  —  ETA 1s  —  0 failed so far
[OUTPUT] 2026-07-13T11:58:29.046192 skip_listing [train]:   57,500/196,000 checked (29%)  —  207715 checks/s  —  ETA 1s  —  0 failed so far
[OUTPUT] 2026-07-13T11:58:29.049253 skip_listing [train]:   58,000/196,000 checked (30%)  —  207230 checks/s  —  ETA 1s  —  0 failed so far
[OUTPUT] 2026-07-13T11:58:29.051250 skip_listing [train]:   58,500/196,000 checked (30%)  —  207535 checks/s  —  ETA 1s  —  0 failed so far
[OUTPUT] 2026-07-13T11:58:29.053532 skip_listing [train]:   59,000/196,000 checked (30%)  —  207628 checks/s  —  ETA 1s  —  0 failed so far
[OUTPUT] 2026-07-13T11:58:29.055522 skip_listing [train]:   59,500/196,000 checked (30%)  —  207932 checks/s  —  ETA 1s  —  0 failed so far
[OUTPUT] 2026-07-13T11:58:29.057511 skip_listing [train]:   60,000/196,000 checked (31%)  —  208232 checks/s  —  ETA 1s  —  0 failed so far
[OUTPUT] 2026-07-13T11:58:29.060192 skip_listing [train]:   60,500/196,000 checked (31%)  —  208031 checks/s  —  ETA 1s  —  0 failed so far
[OUTPUT] 2026-07-13T11:58:29.062179 skip_listing [train]:   61,000/196,000 checked (31%)  —  208327 checks/s  —  ETA 1s  —  0 failed so far
[OUTPUT] 2026-07-13T11:58:29.064453 skip_listing [train]:   61,500/196,000 checked (31%)  —  208416 checks/s  —  ETA 1s  —  0 failed so far
[OUTPUT] 2026-07-13T11:58:29.066440 skip_listing [train]:   62,000/196,000 checked (32%)  —  208705 checks/s  —  ETA 1s  —  0 failed so far
[OUTPUT] 2026-07-13T11:58:29.068833 skip_listing [train]:   62,500/196,000 checked (32%)  —  208707 checks/s  —  ETA 1s  —  0 failed so far
[OUTPUT] 2026-07-13T11:58:29.071093 skip_listing [train]:   63,000/196,000 checked (32%)  —  208801 checks/s  —  ETA 1s  —  0 failed so far
[OUTPUT] 2026-07-13T11:58:29.073783 skip_listing [train]:   63,500/196,000 checked (32%)  —  208598 checks/s  —  ETA 1s  —  0 failed so far
[OUTPUT] 2026-07-13T11:58:29.075771 skip_listing [train]:   64,000/196,000 checked (33%)  —  208877 checks/s  —  ETA 1s  —  0 failed so far
[OUTPUT] 2026-07-13T11:58:29.078797 skip_listing [train]:   64,500/196,000 checked (33%)  —  208450 checks/s  —  ETA 1s  —  0 failed so far
[OUTPUT] 2026-07-13T11:58:29.081183 skip_listing [train]:   65,000/196,000 checked (33%)  —  208458 checks/s  —  ETA 1s  —  0 failed so far
[OUTPUT] 2026-07-13T11:58:29.083446 skip_listing [train]:   65,500/196,000 checked (33%)  —  208548 checks/s  —  ETA 1s  —  0 failed so far
[OUTPUT] 2026-07-13T11:58:29.086140 skip_listing [train]:   66,000/196,000 checked (34%)  —  208353 checks/s  —  ETA 1s  —  0 failed so far
[OUTPUT] 2026-07-13T11:58:29.088140 skip_listing [train]:   66,500/196,000 checked (34%)  —  208614 checks/s  —  ETA 1s  —  0 failed so far
[OUTPUT] 2026-07-13T11:58:29.091286 skip_listing [train]:   67,000/196,000 checked (34%)  —  208129 checks/s  —  ETA 1s  —  0 failed so far
[OUTPUT] 2026-07-13T11:58:29.093277 skip_listing [train]:   67,500/196,000 checked (34%)  —  208394 checks/s  —  ETA 1s  —  0 failed so far
[OUTPUT] 2026-07-13T11:58:29.095266 skip_listing [train]:   68,000/196,000 checked (35%)  —  208656 checks/s  —  ETA 1s  —  0 failed so far
[OUTPUT] 2026-07-13T11:58:29.097642 skip_listing [train]:   68,500/196,000 checked (35%)  —  208669 checks/s  —  ETA 1s  —  0 failed so far
[OUTPUT] 2026-07-13T11:58:29.099631 skip_listing [train]:   69,000/196,000 checked (35%)  —  208926 checks/s  —  ETA 1s  —  0 failed so far
[OUTPUT] 2026-07-13T11:58:29.101927 skip_listing [train]:   69,500/196,000 checked (35%)  —  208987 checks/s  —  ETA 1s  —  0 failed so far
[OUTPUT] 2026-07-13T11:58:29.103911 skip_listing [train]:   70,000/196,000 checked (36%)  —  209242 checks/s  —  ETA 1s  —  0 failed so far
[OUTPUT] 2026-07-13T11:58:29.105899 skip_listing [train]:   70,500/196,000 checked (36%)  —  209492 checks/s  —  ETA 1s  —  0 failed so far
[OUTPUT] 2026-07-13T11:58:29.107885 skip_listing [train]:   71,000/196,000 checked (36%)  —  209740 checks/s  —  ETA 1s  —  0 failed so far
[OUTPUT] 2026-07-13T11:58:29.109874 skip_listing [train]:   71,500/196,000 checked (36%)  —  209983 checks/s  —  ETA 1s  —  0 failed so far
[OUTPUT] 2026-07-13T11:58:29.111862 skip_listing [train]:   72,000/196,000 checked (37%)  —  210224 checks/s  —  ETA 1s  —  0 failed so far
[OUTPUT] 2026-07-13T11:58:29.113851 skip_listing [train]:   72,500/196,000 checked (37%)  —  210462 checks/s  —  ETA 1s  —  0 failed so far
[OUTPUT] 2026-07-13T11:58:29.116916 skip_listing [train]:   73,000/196,000 checked (37%)  —  210044 checks/s  —  ETA 1s  —  0 failed so far
[OUTPUT] 2026-07-13T11:58:29.118909 skip_listing [train]:   73,500/196,000 checked (38%)  —  210277 checks/s  —  ETA 1s  —  0 failed so far
[OUTPUT] 2026-07-13T11:58:29.121292 skip_listing [train]:   74,000/196,000 checked (38%)  —  210274 checks/s  —  ETA 1s  —  0 failed so far
[OUTPUT] 2026-07-13T11:58:29.123622 skip_listing [train]:   74,500/196,000 checked (38%)  —  210302 checks/s  —  ETA 1s  —  0 failed so far
[OUTPUT] 2026-07-13T11:58:29.125610 skip_listing [train]:   75,000/196,000 checked (38%)  —  210532 checks/s  —  ETA 1s  —  0 failed so far
[OUTPUT] 2026-07-13T11:58:29.128372 skip_listing [train]:   75,500/196,000 checked (39%)  —  210306 checks/s  —  ETA 1s  —  0 failed so far
[OUTPUT] 2026-07-13T11:58:29.131318 skip_listing [train]:   76,000/196,000 checked (39%)  —  209975 checks/s  —  ETA 1s  —  0 failed so far
[OUTPUT] 2026-07-13T11:58:29.133596 skip_listing [train]:   76,500/196,000 checked (39%)  —  210035 checks/s  —  ETA 1s  —  0 failed so far
[OUTPUT] 2026-07-13T11:58:29.136519 skip_listing [train]:   77,000/196,000 checked (39%)  —  209724 checks/s  —  ETA 1s  —  0 failed so far
[OUTPUT] 2026-07-13T11:58:29.138516 skip_listing [train]:   77,500/196,000 checked (40%)  —  209944 checks/s  —  ETA 1s  —  0 failed so far
[OUTPUT] 2026-07-13T11:58:29.140507 skip_listing [train]:   78,000/196,000 checked (40%)  —  210165 checks/s  —  ETA 1s  —  0 failed so far
[OUTPUT] 2026-07-13T11:58:29.142494 skip_listing [train]:   78,500/196,000 checked (40%)  —  210386 checks/s  —  ETA 1s  —  0 failed so far
[OUTPUT] 2026-07-13T11:58:29.144481 skip_listing [train]:   79,000/196,000 checked (40%)  —  210604 checks/s  —  ETA 1s  —  0 failed so far
[OUTPUT] 2026-07-13T11:58:29.147736 skip_listing [train]:   79,500/196,000 checked (41%)  —  210114 checks/s  —  ETA 1s  —  0 failed so far
[OUTPUT] 2026-07-13T11:58:29.150210 skip_listing [train]:   80,000/196,000 checked (41%)  —  210062 checks/s  —  ETA 1s  —  0 failed so far
[OUTPUT] 2026-07-13T11:58:29.152217 skip_listing [train]:   80,500/196,000 checked (41%)  —  210267 checks/s  —  ETA 1s  —  0 failed so far
[OUTPUT] 2026-07-13T11:58:29.155116 skip_listing [train]:   81,000/196,000 checked (41%)  —  209983 checks/s  —  ETA 1s  —  0 failed so far
[OUTPUT] 2026-07-13T11:58:29.157759 skip_listing [train]:   81,500/196,000 checked (42%)  —  209841 checks/s  —  ETA 1s  —  0 failed so far
[OUTPUT] 2026-07-13T11:58:29.159760 skip_listing [train]:   82,000/196,000 checked (42%)  —  210046 checks/s  —  ETA 1s  —  0 failed so far
[OUTPUT] 2026-07-13T11:58:29.161761 skip_listing [train]:   82,500/196,000 checked (42%)  —  210249 checks/s  —  ETA 1s  —  0 failed so far
[OUTPUT] 2026-07-13T11:58:29.164298 skip_listing [train]:   83,000/196,000 checked (42%)  —  210165 checks/s  —  ETA 1s  —  0 failed so far
[OUTPUT] 2026-07-13T11:58:29.166294 skip_listing [train]:   83,500/196,000 checked (43%)  —  210368 checks/s  —  ETA 1s  —  0 failed so far
[OUTPUT] 2026-07-13T11:58:29.168953 skip_listing [train]:   84,000/196,000 checked (43%)  —  210219 checks/s  —  ETA 1s  —  0 failed so far
[OUTPUT] 2026-07-13T11:58:29.172053 skip_listing [train]:   84,500/196,000 checked (43%)  —  209843 checks/s  —  ETA 1s  —  0 failed so far
[OUTPUT] 2026-07-13T11:58:29.174046 skip_listing [train]:   85,000/196,000 checked (43%)  —  210045 checks/s  —  ETA 1s  —  0 failed so far
[OUTPUT] 2026-07-13T11:58:29.176032 skip_listing [train]:   85,500/196,000 checked (44%)  —  210248 checks/s  —  ETA 1s  —  0 failed so far
[OUTPUT] 2026-07-13T11:58:29.178705 skip_listing [train]:   86,000/196,000 checked (44%)  —  210097 checks/s  —  ETA 1s  —  0 failed so far
[OUTPUT] 2026-07-13T11:58:29.180697 skip_listing [train]:   86,500/196,000 checked (44%)  —  210295 checks/s  —  ETA 1s  —  0 failed so far
[OUTPUT] 2026-07-13T11:58:29.182689 skip_listing [train]:   87,000/196,000 checked (44%)  —  210491 checks/s  —  ETA 1s  —  0 failed so far
[OUTPUT] 2026-07-13T11:58:29.185827 skip_listing [train]:   87,500/196,000 checked (45%)  —  210106 checks/s  —  ETA 1s  —  0 failed so far
[OUTPUT] 2026-07-13T11:58:29.187821 skip_listing [train]:   88,000/196,000 checked (45%)  —  210299 checks/s  —  ETA 1s  —  0 failed so far
[OUTPUT] 2026-07-13T11:58:29.189813 skip_listing [train]:   88,500/196,000 checked (45%)  —  210492 checks/s  —  ETA 1s  —  0 failed so far
[OUTPUT] 2026-07-13T11:58:29.191806 skip_listing [train]:   89,000/196,000 checked (45%)  —  210683 checks/s  —  ETA 1s  —  0 failed so far
[OUTPUT] 2026-07-13T11:58:29.194840 skip_listing [train]:   89,500/196,000 checked (46%)  —  210356 checks/s  —  ETA 1s  —  0 failed so far
[OUTPUT] 2026-07-13T11:58:29.197092 skip_listing [train]:   90,000/196,000 checked (46%)  —  210417 checks/s  —  ETA 1s  —  0 failed so far
[OUTPUT] 2026-07-13T11:58:29.199084 skip_listing [train]:   90,500/196,000 checked (46%)  —  210605 checks/s  —  ETA 1s  —  0 failed so far
[OUTPUT] 2026-07-13T11:58:29.201346 skip_listing [train]:   91,000/196,000 checked (46%)  —  210660 checks/s  —  ETA 0s  —  0 failed so far
[OUTPUT] 2026-07-13T11:58:29.204488 skip_listing [train]:   91,500/196,000 checked (47%)  —  210288 checks/s  —  ETA 0s  —  0 failed so far
[OUTPUT] 2026-07-13T11:58:29.206481 skip_listing [train]:   92,000/196,000 checked (47%)  —  210473 checks/s  —  ETA 0s  —  0 failed so far
[OUTPUT] 2026-07-13T11:58:29.208474 skip_listing [train]:   92,500/196,000 checked (47%)  —  210656 checks/s  —  ETA 0s  —  0 failed so far
[OUTPUT] 2026-07-13T11:58:29.210464 skip_listing [train]:   93,000/196,000 checked (47%)  —  210839 checks/s  —  ETA 0s  —  0 failed so far
[OUTPUT] 2026-07-13T11:58:29.212861 skip_listing [train]:   93,500/196,000 checked (48%)  —  210827 checks/s  —  ETA 0s  —  0 failed so far
[OUTPUT] 2026-07-13T11:58:29.215293 skip_listing [train]:   94,000/196,000 checked (48%)  —  210799 checks/s  —  ETA 0s  —  0 failed so far
[OUTPUT] 2026-07-13T11:58:29.218038 skip_listing [train]:   94,500/196,000 checked (48%)  —  210624 checks/s  —  ETA 0s  —  0 failed so far
[OUTPUT] 2026-07-13T11:58:29.220667 skip_listing [train]:   95,000/196,000 checked (48%)  —  210505 checks/s  —  ETA 0s  —  0 failed so far
[OUTPUT] 2026-07-13T11:58:29.222674 skip_listing [train]:   95,500/196,000 checked (49%)  —  210675 checks/s  —  ETA 0s  —  0 failed so far
[OUTPUT] 2026-07-13T11:58:29.225397 skip_listing [train]:   96,000/196,000 checked (49%)  —  210514 checks/s  —  ETA 0s  —  0 failed so far
[OUTPUT] 2026-07-13T11:58:29.227400 skip_listing [train]:   96,500/196,000 checked (49%)  —  210685 checks/s  —  ETA 0s  —  0 failed so far
[OUTPUT] 2026-07-13T11:58:29.229751 skip_listing [train]:   97,000/196,000 checked (49%)  —  210695 checks/s  —  ETA 0s  —  0 failed so far
[OUTPUT] 2026-07-13T11:58:29.231750 skip_listing [train]:   97,500/196,000 checked (50%)  —  210865 checks/s  —  ETA 0s  —  0 failed so far
[OUTPUT] 2026-07-13T11:58:29.234138 skip_listing [train]:   98,000/196,000 checked (50%)  —  210858 checks/s  —  ETA 0s  —  0 failed so far
[OUTPUT] 2026-07-13T11:58:29.236447 skip_listing [train]:   98,500/196,000 checked (50%)  —  210886 checks/s  —  ETA 0s  —  0 failed so far
[OUTPUT] 2026-07-13T11:58:29.239275 skip_listing [train]:   99,000/196,000 checked (51%)  —  210681 checks/s  —  ETA 0s  —  0 failed so far
[OUTPUT] 2026-07-13T11:58:29.241287 skip_listing [train]:   99,500/196,000 checked (51%)  —  210842 checks/s  —  ETA 0s  —  0 failed so far
[OUTPUT] 2026-07-13T11:58:29.243572 skip_listing [train]:   100,000/196,000 checked (51%)  —  210881 checks/s  —  ETA 0s  —  0 failed so far
[OUTPUT] 2026-07-13T11:58:29.245555 skip_listing [train]:   100,500/196,000 checked (51%)  —  211052 checks/s  —  ETA 0s  —  0 failed so far
[OUTPUT] 2026-07-13T11:58:29.248517 skip_listing [train]:   101,000/196,000 checked (52%)  —  210791 checks/s  —  ETA 0s  —  0 failed so far
[OUTPUT] 2026-07-13T11:58:29.250685 skip_listing [train]:   101,500/196,000 checked (52%)  —  210881 checks/s  —  ETA 0s  —  0 failed so far
[OUTPUT] 2026-07-13T11:58:29.253057 skip_listing [train]:   102,000/196,000 checked (52%)  —  210880 checks/s  —  ETA 0s  —  0 failed so far
[OUTPUT] 2026-07-13T11:58:29.256241 skip_listing [train]:   102,500/196,000 checked (52%)  —  210528 checks/s  —  ETA 0s  —  0 failed so far
[OUTPUT] 2026-07-13T11:58:29.258239 skip_listing [train]:   103,000/196,000 checked (53%)  —  210691 checks/s  —  ETA 0s  —  0 failed so far
[OUTPUT] 2026-07-13T11:58:29.260515 skip_listing [train]:   103,500/196,000 checked (53%)  —  210732 checks/s  —  ETA 0s  —  0 failed so far
[OUTPUT] 2026-07-13T11:58:29.262511 skip_listing [train]:   104,000/196,000 checked (53%)  —  210893 checks/s  —  ETA 0s  —  0 failed so far
[OUTPUT] 2026-07-13T11:58:29.264504 skip_listing [train]:   104,500/196,000 checked (53%)  —  211054 checks/s  —  ETA 0s  —  0 failed so far
[OUTPUT] 2026-07-13T11:58:29.267624 skip_listing [train]:   105,000/196,000 checked (54%)  —  210736 checks/s  —  ETA 0s  —  0 failed so far
[OUTPUT] 2026-07-13T11:58:29.269640 skip_listing [train]:   105,500/196,000 checked (54%)  —  210886 checks/s  —  ETA 0s  —  0 failed so far
[OUTPUT] 2026-07-13T11:58:29.271645 skip_listing [train]:   106,000/196,000 checked (54%)  —  211040 checks/s  —  ETA 0s  —  0 failed so far
[OUTPUT] 2026-07-13T11:58:29.274092 skip_listing [train]:   106,500/196,000 checked (54%)  —  211007 checks/s  —  ETA 0s  —  0 failed so far
[OUTPUT] 2026-07-13T11:58:29.276833 skip_listing [train]:   107,000/196,000 checked (55%)  —  210853 checks/s  —  ETA 0s  —  0 failed so far
[OUTPUT] 2026-07-13T11:58:29.278845 skip_listing [train]:   107,500/196,000 checked (55%)  —  211002 checks/s  —  ETA 0s  —  0 failed so far
[OUTPUT] 2026-07-13T11:58:29.280852 skip_listing [train]:   108,000/196,000 checked (55%)  —  211151 checks/s  —  ETA 0s  —  0 failed so far
[OUTPUT] 2026-07-13T11:58:29.283169 skip_listing [train]:   108,500/196,000 checked (55%)  —  211172 checks/s  —  ETA 0s  —  0 failed so far
[OUTPUT] 2026-07-13T11:58:29.285513 skip_listing [train]:   109,000/196,000 checked (56%)  —  211182 checks/s  —  ETA 0s  —  0 failed so far
[OUTPUT] 2026-07-13T11:58:29.287513 skip_listing [train]:   109,500/196,000 checked (56%)  —  211332 checks/s  —  ETA 0s  —  0 failed so far
[OUTPUT] 2026-07-13T11:58:29.289509 skip_listing [train]:   110,000/196,000 checked (56%)  —  211482 checks/s  —  ETA 0s  —  0 failed so far
[OUTPUT] 2026-07-13T11:58:29.291509 skip_listing [train]:   110,500/196,000 checked (56%)  —  211629 checks/s  —  ETA 0s  —  0 failed so far
[OUTPUT] 2026-07-13T11:58:29.294472 skip_listing [train]:   111,000/196,000 checked (57%)  —  211388 checks/s  —  ETA 0s  —  0 failed so far
[OUTPUT] 2026-07-13T11:58:29.296476 skip_listing [train]:   111,500/196,000 checked (57%)  —  211532 checks/s  —  ETA 0s  —  0 failed so far
[OUTPUT] 2026-07-13T11:58:29.298669 skip_listing [train]:   112,000/196,000 checked (57%)  —  211601 checks/s  —  ETA 0s  —  0 failed so far
[OUTPUT] 2026-07-13T11:58:29.300675 skip_listing [train]:   112,500/196,000 checked (57%)  —  211743 checks/s  —  ETA 0s  —  0 failed so far
[OUTPUT] 2026-07-13T11:58:29.302677 skip_listing [train]:   113,000/196,000 checked (58%)  —  211885 checks/s  —  ETA 0s  —  0 failed so far
[OUTPUT] 2026-07-13T11:58:29.306607 skip_listing [train]:   113,500/196,000 checked (58%)  —  211266 checks/s  —  ETA 0s  —  0 failed so far
[OUTPUT] 2026-07-13T11:58:29.308608 skip_listing [train]:   114,000/196,000 checked (58%)  —  211409 checks/s  —  ETA 0s  —  0 failed so far
[OUTPUT] 2026-07-13T11:58:29.310604 skip_listing [train]:   114,500/196,000 checked (58%)  —  211553 checks/s  —  ETA 0s  —  0 failed so far
[OUTPUT] 2026-07-13T11:58:29.312983 skip_listing [train]:   115,000/196,000 checked (59%)  —  211548 checks/s  —  ETA 0s  —  0 failed so far
[OUTPUT] 2026-07-13T11:58:29.314978 skip_listing [train]:   115,500/196,000 checked (59%)  —  211690 checks/s  —  ETA 0s  —  0 failed so far
[OUTPUT] 2026-07-13T11:58:29.317262 skip_listing [train]:   116,000/196,000 checked (59%)  —  211721 checks/s  —  ETA 0s  —  0 failed so far
[OUTPUT] 2026-07-13T11:58:29.319465 skip_listing [train]:   116,500/196,000 checked (59%)  —  211782 checks/s  —  ETA 0s  —  0 failed so far
[OUTPUT] 2026-07-13T11:58:29.321471 skip_listing [train]:   117,000/196,000 checked (60%)  —  211918 checks/s  —  ETA 0s  —  0 failed so far
[OUTPUT] 2026-07-13T11:58:29.323924 skip_listing [train]:   117,500/196,000 checked (60%)  —  211882 checks/s  —  ETA 0s  —  0 failed so far
[OUTPUT] 2026-07-13T11:58:29.325928 skip_listing [train]:   118,000/196,000 checked (60%)  —  212017 checks/s  —  ETA 0s  —  0 failed so far
[OUTPUT] 2026-07-13T11:58:29.328221 skip_listing [train]:   118,500/196,000 checked (60%)  —  212042 checks/s  —  ETA 0s  —  0 failed so far
[OUTPUT] 2026-07-13T11:58:29.331024 skip_listing [train]:   119,000/196,000 checked (61%)  —  211874 checks/s  —  ETA 0s  —  0 failed so far
[OUTPUT] 2026-07-13T11:58:29.333374 skip_listing [train]:   119,500/196,000 checked (61%)  —  211878 checks/s  —  ETA 0s  —  0 failed so far
[OUTPUT] 2026-07-13T11:58:29.335776 skip_listing [train]:   120,000/196,000 checked (61%)  —  211862 checks/s  —  ETA 0s  —  0 failed so far
[OUTPUT] 2026-07-13T11:58:29.338169 skip_listing [train]:   120,500/196,000 checked (61%)  —  211850 checks/s  —  ETA 0s  —  0 failed so far
[OUTPUT] 2026-07-13T11:58:29.341289 skip_listing [train]:   121,000/196,000 checked (62%)  —  211568 checks/s  —  ETA 0s  —  0 failed so far
[OUTPUT] 2026-07-13T11:58:29.343853 skip_listing [train]:   121,500/196,000 checked (62%)  —  211495 checks/s  —  ETA 0s  —  0 failed so far
[OUTPUT] 2026-07-13T11:58:29.346137 skip_listing [train]:   122,000/196,000 checked (62%)  —  211524 checks/s  —  ETA 0s  —  0 failed so far
[OUTPUT] 2026-07-13T11:58:29.348683 skip_listing [train]:   122,500/196,000 checked (62%)  —  211457 checks/s  —  ETA 0s  —  0 failed so far
[OUTPUT] 2026-07-13T11:58:29.350682 skip_listing [train]:   123,000/196,000 checked (63%)  —  211590 checks/s  —  ETA 0s  —  0 failed so far
[OUTPUT] 2026-07-13T11:58:29.352681 skip_listing [train]:   123,500/196,000 checked (63%)  —  211723 checks/s  —  ETA 0s  —  0 failed so far
[OUTPUT] 2026-07-13T11:58:29.355248 skip_listing [train]:   124,000/196,000 checked (63%)  —  211648 checks/s  —  ETA 0s  —  0 failed so far
[OUTPUT] 2026-07-13T11:58:29.357966 skip_listing [train]:   124,500/196,000 checked (64%)  —  211520 checks/s  —  ETA 0s  —  0 failed so far
[OUTPUT] 2026-07-13T11:58:29.360240 skip_listing [train]:   125,000/196,000 checked (64%)  —  211553 checks/s  —  ETA 0s  —  0 failed so far
[OUTPUT] 2026-07-13T11:58:29.362229 skip_listing [train]:   125,500/196,000 checked (64%)  —  211686 checks/s  —  ETA 0s  —  0 failed so far
[OUTPUT] 2026-07-13T11:58:29.364218 skip_listing [train]:   126,000/196,000 checked (64%)  —  211819 checks/s  —  ETA 0s  —  0 failed so far
[OUTPUT] 2026-07-13T11:58:29.366206 skip_listing [train]:   126,500/196,000 checked (65%)  —  211951 checks/s  —  ETA 0s  —  0 failed so far
[OUTPUT] 2026-07-13T11:58:29.368200 skip_listing [train]:   127,000/196,000 checked (65%)  —  212080 checks/s  —  ETA 0s  —  0 failed so far
[OUTPUT] 2026-07-13T11:58:29.370187 skip_listing [train]:   127,500/196,000 checked (65%)  —  212211 checks/s  —  ETA 0s  —  0 failed so far
[OUTPUT] 2026-07-13T11:58:29.372177 skip_listing [train]:   128,000/196,000 checked (65%)  —  212340 checks/s  —  ETA 0s  —  0 failed so far
[OUTPUT] 2026-07-13T11:58:29.374163 skip_listing [train]:   128,500/196,000 checked (66%)  —  212469 checks/s  —  ETA 0s  —  0 failed so far
[OUTPUT] 2026-07-13T11:58:29.376159 skip_listing [train]:   129,000/196,000 checked (66%)  —  212594 checks/s  —  ETA 0s  —  0 failed so far
[OUTPUT] 2026-07-13T11:58:29.378588 skip_listing [train]:   129,500/196,000 checked (66%)  —  212568 checks/s  —  ETA 0s  —  0 failed so far
[OUTPUT] 2026-07-13T11:58:29.381384 skip_listing [train]:   130,000/196,000 checked (66%)  —  212414 checks/s  —  ETA 0s  —  0 failed so far
[OUTPUT] 2026-07-13T11:58:29.384460 skip_listing [train]:   130,500/196,000 checked (67%)  —  212164 checks/s  —  ETA 0s  —  0 failed so far
[OUTPUT] 2026-07-13T11:58:29.386463 skip_listing [train]:   131,000/196,000 checked (67%)  —  212286 checks/s  —  ETA 0s  —  0 failed so far
[OUTPUT] 2026-07-13T11:58:29.388873 skip_listing [train]:   131,500/196,000 checked (67%)  —  212267 checks/s  —  ETA 0s  —  0 failed so far
[OUTPUT] 2026-07-13T11:58:29.391317 skip_listing [train]:   132,000/196,000 checked (67%)  —  212237 checks/s  —  ETA 0s  —  0 failed so far
[OUTPUT] 2026-07-13T11:58:29.393311 skip_listing [train]:   132,500/196,000 checked (68%)  —  212360 checks/s  —  ETA 0s  —  0 failed so far
[OUTPUT] 2026-07-13T11:58:29.395302 skip_listing [train]:   133,000/196,000 checked (68%)  —  212483 checks/s  —  ETA 0s  —  0 failed so far
[OUTPUT] 2026-07-13T11:58:29.397649 skip_listing [train]:   133,500/196,000 checked (68%)  —  212485 checks/s  —  ETA 0s  —  0 failed so far
[OUTPUT] 2026-07-13T11:58:29.399646 skip_listing [train]:   134,000/196,000 checked (68%)  —  212605 checks/s  —  ETA 0s  —  0 failed so far
[OUTPUT] 2026-07-13T11:58:29.402047 skip_listing [train]:   134,500/196,000 checked (69%)  —  212589 checks/s  —  ETA 0s  —  0 failed so far
[OUTPUT] 2026-07-13T11:58:29.404439 skip_listing [train]:   135,000/196,000 checked (69%)  —  212575 checks/s  —  ETA 0s  —  0 failed so far
[OUTPUT] 2026-07-13T11:58:29.406432 skip_listing [train]:   135,500/196,000 checked (69%)  —  212695 checks/s  —  ETA 0s  —  0 failed so far
[OUTPUT] 2026-07-13T11:58:29.408707 skip_listing [train]:   136,000/196,000 checked (69%)  —  212720 checks/s  —  ETA 0s  —  0 failed so far
[OUTPUT] 2026-07-13T11:58:29.411084 skip_listing [train]:   136,500/196,000 checked (70%)  —  212712 checks/s  —  ETA 0s  —  0 failed so far
[OUTPUT] 2026-07-13T11:58:29.413071 skip_listing [train]:   137,000/196,000 checked (70%)  —  212832 checks/s  —  ETA 0s  —  0 failed so far
[OUTPUT] 2026-07-13T11:58:29.415052 skip_listing [train]:   137,500/196,000 checked (70%)  —  212953 checks/s  —  ETA 0s  —  0 failed so far
[OUTPUT] 2026-07-13T11:58:29.417406 skip_listing [train]:   138,000/196,000 checked (70%)  —  212951 checks/s  —  ETA 0s  —  0 failed so far
[OUTPUT] 2026-07-13T11:58:29.419731 skip_listing [train]:   138,500/196,000 checked (71%)  —  212959 checks/s  —  ETA 0s  —  0 failed so far
[OUTPUT] 2026-07-13T11:58:29.422325 skip_listing [train]:   139,000/196,000 checked (71%)  —  212879 checks/s  —  ETA 0s  —  0 failed so far
[OUTPUT] 2026-07-13T11:58:29.424317 skip_listing [train]:   139,500/196,000 checked (71%)  —  212994 checks/s  —  ETA 0s  —  0 failed so far
[OUTPUT] 2026-07-13T11:58:29.426547 skip_listing [train]:   140,000/196,000 checked (71%)  —  213032 checks/s  —  ETA 0s  —  0 failed so far
[OUTPUT] 2026-07-13T11:58:29.429196 skip_listing [train]:   140,500/196,000 checked (72%)  —  212935 checks/s  —  ETA 0s  —  0 failed so far
[OUTPUT] 2026-07-13T11:58:29.431186 skip_listing [train]:   141,000/196,000 checked (72%)  —  213050 checks/s  —  ETA 0s  —  0 failed so far
[OUTPUT] 2026-07-13T11:58:29.433174 skip_listing [train]:   141,500/196,000 checked (72%)  —  213165 checks/s  —  ETA 0s  —  0 failed so far
[OUTPUT] 2026-07-13T11:58:29.435763 skip_listing [train]:   142,000/196,000 checked (72%)  —  213088 checks/s  —  ETA 0s  —  0 failed so far
[OUTPUT] 2026-07-13T11:58:29.437754 skip_listing [train]:   142,500/196,000 checked (73%)  —  213201 checks/s  —  ETA 0s  —  0 failed so far
[OUTPUT] 2026-07-13T11:58:29.439747 skip_listing [train]:   143,000/196,000 checked (73%)  —  213313 checks/s  —  ETA 0s  —  0 failed so far
[OUTPUT] 2026-07-13T11:58:29.441735 skip_listing [train]:   143,500/196,000 checked (73%)  —  213426 checks/s  —  ETA 0s  —  0 failed so far
[OUTPUT] 2026-07-13T11:58:29.444118 skip_listing [train]:   144,000/196,000 checked (73%)  —  213413 checks/s  —  ETA 0s  —  0 failed so far
[OUTPUT] 2026-07-13T11:58:29.446108 skip_listing [train]:   144,500/196,000 checked (74%)  —  213524 checks/s  —  ETA 0s  —  0 failed so far
[OUTPUT] 2026-07-13T11:58:29.448096 skip_listing [train]:   145,000/196,000 checked (74%)  —  213636 checks/s  —  ETA 0s  —  0 failed so far
[OUTPUT] 2026-07-13T11:58:29.450436 skip_listing [train]:   145,500/196,000 checked (74%)  —  213636 checks/s  —  ETA 0s  —  0 failed so far
[OUTPUT] 2026-07-13T11:58:29.452795 skip_listing [train]:   146,000/196,000 checked (74%)  —  213630 checks/s  —  ETA 0s  —  0 failed so far
[OUTPUT] 2026-07-13T11:58:29.454787 skip_listing [train]:   146,500/196,000 checked (75%)  —  213739 checks/s  —  ETA 0s  —  0 failed so far
[OUTPUT] 2026-07-13T11:58:29.457187 skip_listing [train]:   147,000/196,000 checked (75%)  —  213720 checks/s  —  ETA 0s  —  0 failed so far
[OUTPUT] 2026-07-13T11:58:29.460140 skip_listing [train]:   147,500/196,000 checked (75%)  —  213530 checks/s  —  ETA 0s  —  0 failed so far
[OUTPUT] 2026-07-13T11:58:29.462370 skip_listing [train]:   148,000/196,000 checked (76%)  —  213564 checks/s  —  ETA 0s  —  0 failed so far
[OUTPUT] 2026-07-13T11:58:29.464364 skip_listing [train]:   148,500/196,000 checked (76%)  —  213671 checks/s  —  ETA 0s  —  0 failed so far
[OUTPUT] 2026-07-13T11:58:29.467198 skip_listing [train]:   149,000/196,000 checked (76%)  —  213520 checks/s  —  ETA 0s  —  0 failed so far
[OUTPUT] 2026-07-13T11:58:29.469193 skip_listing [train]:   149,500/196,000 checked (76%)  —  213625 checks/s  —  ETA 0s  —  0 failed so far
[OUTPUT] 2026-07-13T11:58:29.471180 skip_listing [train]:   150,000/196,000 checked (77%)  —  213733 checks/s  —  ETA 0s  —  0 failed so far
[OUTPUT] 2026-07-13T11:58:29.473955 skip_listing [train]:   150,500/196,000 checked (77%)  —  213601 checks/s  —  ETA 0s  —  0 failed so far
[OUTPUT] 2026-07-13T11:58:29.475950 skip_listing [train]:   151,000/196,000 checked (77%)  —  213706 checks/s  —  ETA 0s  —  0 failed so far
[OUTPUT] 2026-07-13T11:58:29.478303 skip_listing [train]:   151,500/196,000 checked (77%)  —  213702 checks/s  —  ETA 0s  —  0 failed so far
[OUTPUT] 2026-07-13T11:58:29.480292 skip_listing [train]:   152,000/196,000 checked (78%)  —  213807 checks/s  —  ETA 0s  —  0 failed so far
[OUTPUT] 2026-07-13T11:58:29.482280 skip_listing [train]:   152,500/196,000 checked (78%)  —  213912 checks/s  —  ETA 0s  —  0 failed so far
[OUTPUT] 2026-07-13T11:58:29.484988 skip_listing [train]:   153,000/196,000 checked (78%)  —  213801 checks/s  —  ETA 0s  —  0 failed so far
[OUTPUT] 2026-07-13T11:58:29.487303 skip_listing [train]:   153,500/196,000 checked (78%)  —  213808 checks/s  —  ETA 0s  —  0 failed so far
[OUTPUT] 2026-07-13T11:58:29.489299 skip_listing [train]:   154,000/196,000 checked (79%)  —  213910 checks/s  —  ETA 0s  —  0 failed so far
[OUTPUT] 2026-07-13T11:58:29.491288 skip_listing [train]:   154,500/196,000 checked (79%)  —  214013 checks/s  —  ETA 0s  —  0 failed so far
[OUTPUT] 2026-07-13T11:58:29.494304 skip_listing [train]:   155,000/196,000 checked (79%)  —  213813 checks/s  —  ETA 0s  —  0 failed so far
[OUTPUT] 2026-07-13T11:58:29.496540 skip_listing [train]:   155,500/196,000 checked (79%)  —  213843 checks/s  —  ETA 0s  —  0 failed so far
[OUTPUT] 2026-07-13T11:58:29.499190 skip_listing [train]:   156,000/196,000 checked (80%)  —  213751 checks/s  —  ETA 0s  —  0 failed so far
[OUTPUT] 2026-07-13T11:58:29.501428 skip_listing [train]:   156,500/196,000 checked (80%)  —  213781 checks/s  —  ETA 0s  —  0 failed so far
[OUTPUT] 2026-07-13T11:58:29.503425 skip_listing [train]:   157,000/196,000 checked (80%)  —  213880 checks/s  —  ETA 0s  —  0 failed so far
[OUTPUT] 2026-07-13T11:58:29.506808 skip_listing [train]:   157,500/196,000 checked (80%)  —  213577 checks/s  —  ETA 0s  —  0 failed so far
[OUTPUT] 2026-07-13T11:58:29.508805 skip_listing [train]:   158,000/196,000 checked (81%)  —  213677 checks/s  —  ETA 0s  —  0 failed so far
[OUTPUT] 2026-07-13T11:58:29.511376 skip_listing [train]:   158,500/196,000 checked (81%)  —  213610 checks/s  —  ETA 0s  —  0 failed so far
[OUTPUT] 2026-07-13T11:58:29.513368 skip_listing [train]:   159,000/196,000 checked (81%)  —  213710 checks/s  —  ETA 0s  —  0 failed so far
[OUTPUT] 2026-07-13T11:58:29.515765 skip_listing [train]:   159,500/196,000 checked (81%)  —  213694 checks/s  —  ETA 0s  —  0 failed so far
[OUTPUT] 2026-07-13T11:58:29.518156 skip_listing [train]:   160,000/196,000 checked (82%)  —  213679 checks/s  —  ETA 0s  —  0 failed so far
[OUTPUT] 2026-07-13T11:58:29.520432 skip_listing [train]:   160,500/196,000 checked (82%)  —  213697 checks/s  —  ETA 0s  —  0 failed so far
[OUTPUT] 2026-07-13T11:58:29.522421 skip_listing [train]:   161,000/196,000 checked (82%)  —  213797 checks/s  —  ETA 0s  —  0 failed so far
[OUTPUT] 2026-07-13T11:58:29.524812 skip_listing [train]:   161,500/196,000 checked (82%)  —  213782 checks/s  —  ETA 0s  —  0 failed so far
[OUTPUT] 2026-07-13T11:58:29.527608 skip_listing [train]:   162,000/196,000 checked (83%)  —  213653 checks/s  —  ETA 0s  —  0 failed so far
[OUTPUT] 2026-07-13T11:58:29.529952 skip_listing [train]:   162,500/196,000 checked (83%)  —  213652 checks/s  —  ETA 0s  —  0 failed so far
[OUTPUT] 2026-07-13T11:58:29.532325 skip_listing [train]:   163,000/196,000 checked (83%)  —  213643 checks/s  —  ETA 0s  —  0 failed so far
[OUTPUT] 2026-07-13T11:58:29.534313 skip_listing [train]:   163,500/196,000 checked (83%)  —  213742 checks/s  —  ETA 0s  —  0 failed so far
[OUTPUT] 2026-07-13T11:58:29.537567 skip_listing [train]:   164,000/196,000 checked (84%)  —  213487 checks/s  —  ETA 0s  —  0 failed so far
[OUTPUT] 2026-07-13T11:58:29.539559 skip_listing [train]:   164,500/196,000 checked (84%)  —  213584 checks/s  —  ETA 0s  —  0 failed so far
[OUTPUT] 2026-07-13T11:58:29.541550 skip_listing [train]:   165,000/196,000 checked (84%)  —  213681 checks/s  —  ETA 0s  —  0 failed so far
[OUTPUT] 2026-07-13T11:58:29.543541 skip_listing [train]:   165,500/196,000 checked (84%)  —  213777 checks/s  —  ETA 0s  —  0 failed so far
[OUTPUT] 2026-07-13T11:58:29.545529 skip_listing [train]:   166,000/196,000 checked (85%)  —  213874 checks/s  —  ETA 0s  —  0 failed so far
[OUTPUT] 2026-07-13T11:58:29.547861 skip_listing [train]:   166,500/196,000 checked (85%)  —  213875 checks/s  —  ETA 0s  —  0 failed so far
[OUTPUT] 2026-07-13T11:58:29.550667 skip_listing [train]:   167,000/196,000 checked (85%)  —  213747 checks/s  —  ETA 0s  —  0 failed so far
[OUTPUT] 2026-07-13T11:58:29.552897 skip_listing [train]:   167,500/196,000 checked (85%)  —  213777 checks/s  —  ETA 0s  —  0 failed so far
[OUTPUT] 2026-07-13T11:58:29.555213 skip_listing [train]:   168,000/196,000 checked (86%)  —  213783 checks/s  —  ETA 0s  —  0 failed so far
[OUTPUT] 2026-07-13T11:58:29.557579 skip_listing [train]:   168,500/196,000 checked (86%)  —  213776 checks/s  —  ETA 0s  —  0 failed so far
[OUTPUT] 2026-07-13T11:58:29.559903 skip_listing [train]:   169,000/196,000 checked (86%)  —  213780 checks/s  —  ETA 0s  —  0 failed so far
[OUTPUT] 2026-07-13T11:58:29.562282 skip_listing [train]:   169,500/196,000 checked (86%)  —  213769 checks/s  —  ETA 0s  —  0 failed so far
[OUTPUT] 2026-07-13T11:58:29.564270 skip_listing [train]:   170,000/196,000 checked (87%)  —  213864 checks/s  —  ETA 0s  —  0 failed so far
[OUTPUT] 2026-07-13T11:58:29.566584 skip_listing [train]:   170,500/196,000 checked (87%)  —  213870 checks/s  —  ETA 0s  —  0 failed so far
[OUTPUT] 2026-07-13T11:58:29.568568 skip_listing [train]:   171,000/196,000 checked (87%)  —  213965 checks/s  —  ETA 0s  —  0 failed so far
[OUTPUT] 2026-07-13T11:58:29.570832 skip_listing [train]:   171,500/196,000 checked (88%)  —  213984 checks/s  —  ETA 0s  —  0 failed so far
[OUTPUT] 2026-07-13T11:58:29.572820 skip_listing [train]:   172,000/196,000 checked (88%)  —  214077 checks/s  —  ETA 0s  —  0 failed so far
[OUTPUT] 2026-07-13T11:58:29.574805 skip_listing [train]:   172,500/196,000 checked (88%)  —  214170 checks/s  —  ETA 0s  —  0 failed so far
[OUTPUT] 2026-07-13T11:58:29.576788 skip_listing [train]:   173,000/196,000 checked (88%)  —  214263 checks/s  —  ETA 0s  —  0 failed so far
[OUTPUT] 2026-07-13T11:58:29.578774 skip_listing [train]:   173,500/196,000 checked (89%)  —  214355 checks/s  —  ETA 0s  —  0 failed so far
[OUTPUT] 2026-07-13T11:58:29.580754 skip_listing [train]:   174,000/196,000 checked (89%)  —  214448 checks/s  —  ETA 0s  —  0 failed so far
[OUTPUT] 2026-07-13T11:58:29.582740 skip_listing [train]:   174,500/196,000 checked (89%)  —  214540 checks/s  —  ETA 0s  —  0 failed so far
[OUTPUT] 2026-07-13T11:58:29.585122 skip_listing [train]:   175,000/196,000 checked (89%)  —  214526 checks/s  —  ETA 0s  —  0 failed so far
[OUTPUT] 2026-07-13T11:58:29.587111 skip_listing [train]:   175,500/196,000 checked (90%)  —  214616 checks/s  —  ETA 0s  —  0 failed so far
[OUTPUT] 2026-07-13T11:58:29.589784 skip_listing [train]:   176,000/196,000 checked (90%)  —  214526 checks/s  —  ETA 0s  —  0 failed so far
[OUTPUT] 2026-07-13T11:58:29.592027 skip_listing [train]:   176,500/196,000 checked (90%)  —  214549 checks/s  —  ETA 0s  —  0 failed so far
[OUTPUT] 2026-07-13T11:58:29.594013 skip_listing [train]:   177,000/196,000 checked (90%)  —  214638 checks/s  —  ETA 0s  —  0 failed so far
[OUTPUT] 2026-07-13T11:58:29.596664 skip_listing [train]:   177,500/196,000 checked (91%)  —  214555 checks/s  —  ETA 0s  —  0 failed so far
[OUTPUT] 2026-07-13T11:58:29.599430 skip_listing [train]:   178,000/196,000 checked (91%)  —  214442 checks/s  —  ETA 0s  —  0 failed so far
[OUTPUT] 2026-07-13T11:58:29.601629 skip_listing [train]:   178,500/196,000 checked (91%)  —  214477 checks/s  —  ETA 0s  —  0 failed so far
[OUTPUT] 2026-07-13T11:58:29.603956 skip_listing [train]:   179,000/196,000 checked (91%)  —  214478 checks/s  —  ETA 0s  —  0 failed so far
[OUTPUT] 2026-07-13T11:58:29.605946 skip_listing [train]:   179,500/196,000 checked (92%)  —  214565 checks/s  —  ETA 0s  —  0 failed so far
[OUTPUT] 2026-07-13T11:58:29.608723 skip_listing [train]:   180,000/196,000 checked (92%)  —  214451 checks/s  —  ETA 0s  —  0 failed so far
[OUTPUT] 2026-07-13T11:58:29.610720 skip_listing [train]:   180,500/196,000 checked (92%)  —  214536 checks/s  —  ETA 0s  —  0 failed so far
[OUTPUT] 2026-07-13T11:58:29.613392 skip_listing [train]:   181,000/196,000 checked (92%)  —  214449 checks/s  —  ETA 0s  —  0 failed so far
[OUTPUT] 2026-07-13T11:58:29.615860 skip_listing [train]:   181,500/196,000 checked (93%)  —  214415 checks/s  —  ETA 0s  —  0 failed so far
[OUTPUT] 2026-07-13T11:58:29.617851 skip_listing [train]:   182,000/196,000 checked (93%)  —  214501 checks/s  —  ETA 0s  —  0 failed so far
[OUTPUT] 2026-07-13T11:58:29.619841 skip_listing [train]:   182,500/196,000 checked (93%)  —  214587 checks/s  —  ETA 0s  —  0 failed so far
[OUTPUT] 2026-07-13T11:58:29.622215 skip_listing [train]:   183,000/196,000 checked (93%)  —  214576 checks/s  —  ETA 0s  —  0 failed so far
[OUTPUT] 2026-07-13T11:58:29.624210 skip_listing [train]:   183,500/196,000 checked (94%)  —  214660 checks/s  —  ETA 0s  —  0 failed so far
[OUTPUT] 2026-07-13T11:58:29.626206 skip_listing [train]:   184,000/196,000 checked (94%)  —  214744 checks/s  —  ETA 0s  —  0 failed so far
[OUTPUT] 2026-07-13T11:58:29.629200 skip_listing [train]:   184,500/196,000 checked (94%)  —  214577 checks/s  —  ETA 0s  —  0 failed so far
[OUTPUT] 2026-07-13T11:58:29.631182 skip_listing [train]:   185,000/196,000 checked (94%)  —  214664 checks/s  —  ETA 0s  —  0 failed so far
[OUTPUT] 2026-07-13T11:58:29.633164 skip_listing [train]:   185,500/196,000 checked (95%)  —  214750 checks/s  —  ETA 0s  —  0 failed so far
[OUTPUT] 2026-07-13T11:58:29.635146 skip_listing [train]:   186,000/196,000 checked (95%)  —  214836 checks/s  —  ETA 0s  —  0 failed so far
[OUTPUT] 2026-07-13T11:58:29.637133 skip_listing [train]:   186,500/196,000 checked (95%)  —  214920 checks/s  —  ETA 0s  —  0 failed so far
[OUTPUT] 2026-07-13T11:58:29.639547 skip_listing [train]:   187,000/196,000 checked (95%)  —  214899 checks/s  —  ETA 0s  —  0 failed so far
[OUTPUT] 2026-07-13T11:58:29.641535 skip_listing [train]:   187,500/196,000 checked (96%)  —  214982 checks/s  —  ETA 0s  —  0 failed so far
[OUTPUT] 2026-07-13T11:58:29.643518 skip_listing [train]:   188,000/196,000 checked (96%)  —  215067 checks/s  —  ETA 0s  —  0 failed so far
[OUTPUT] 2026-07-13T11:58:29.645505 skip_listing [train]:   188,500/196,000 checked (96%)  —  215150 checks/s  —  ETA 0s  —  0 failed so far
[OUTPUT] 2026-07-13T11:58:29.648742 skip_listing [train]:   189,000/196,000 checked (96%)  —  214926 checks/s  —  ETA 0s  —  0 failed so far
[OUTPUT] 2026-07-13T11:58:29.650728 skip_listing [train]:   189,500/196,000 checked (97%)  —  215009 checks/s  —  ETA 0s  —  0 failed so far
[OUTPUT] 2026-07-13T11:58:29.652723 skip_listing [train]:   190,000/196,000 checked (97%)  —  215090 checks/s  —  ETA 0s  —  0 failed so far
[OUTPUT] 2026-07-13T11:58:29.655487 skip_listing [train]:   190,500/196,000 checked (97%)  —  214983 checks/s  —  ETA 0s  —  0 failed so far
[OUTPUT] 2026-07-13T11:58:29.657481 skip_listing [train]:   191,000/196,000 checked (97%)  —  215063 checks/s  —  ETA 0s  —  0 failed so far
[OUTPUT] 2026-07-13T11:58:29.659471 skip_listing [train]:   191,500/196,000 checked (98%)  —  215144 checks/s  —  ETA 0s  —  0 failed so far
[OUTPUT] 2026-07-13T11:58:29.661742 skip_listing [train]:   192,000/196,000 checked (98%)  —  215157 checks/s  —  ETA 0s  —  0 failed so far
[OUTPUT] 2026-07-13T11:58:29.663736 skip_listing [train]:   192,500/196,000 checked (98%)  —  215236 checks/s  —  ETA 0s  —  0 failed so far
[OUTPUT] 2026-07-13T11:58:29.665726 skip_listing [train]:   193,000/196,000 checked (98%)  —  215316 checks/s  —  ETA 0s  —  0 failed so far
[OUTPUT] 2026-07-13T11:58:29.667719 skip_listing [train]:   193,500/196,000 checked (99%)  —  215395 checks/s  —  ETA 0s  —  0 failed so far
[OUTPUT] 2026-07-13T11:58:29.669714 skip_listing [train]:   194,000/196,000 checked (99%)  —  215473 checks/s  —  ETA 0s  —  0 failed so far
[OUTPUT] 2026-07-13T11:58:29.672798 skip_listing [train]:   194,500/196,000 checked (99%)  —  215291 checks/s  —  ETA 0s  —  0 failed so far
[OUTPUT] 2026-07-13T11:58:29.674790 skip_listing [train]:   195,000/196,000 checked (99%)  —  215370 checks/s  —  ETA 0s  —  0 failed so far
[OUTPUT] 2026-07-13T11:58:29.677069 skip_listing [train]:   195,500/196,000 checked (100%)  —  215380 checks/s  —  ETA 0s  —  0 failed so far
[OUTPUT] 2026-07-13T11:58:29.679911 skip_listing [train]: validation complete — all 196,000 samples exist (0.9s, 215257 checks/s); 4,084 URIs ready for rank 0 (196,000 total across all ranks)
[OUTPUT] 2026-07-13T11:58:29.679955 File listing [train]: 196000 files discovered, 4083 assigned to rank 0, completed in 0.93s
[OUTPUT] 2026-07-13T11:58:29.679974 skip_listing [valid]: generated 0 file URIs deterministically (0 total — validation disabled)
[OUTPUT] 2026-07-13T11:58:29.679988 File listing [valid]: 0 files discovered, 0 assigned to rank 0, completed in 0.00s
[OUTPUT] 2026-07-13T11:58:29.680000 Streamed file sharding: 196000 train files across 48 ranks via round-robin (rank 0 shard: 4083 files)
[OUTPUT] 2026-07-13T11:58:31.581330 Max steps per epoch per rank: 28000 = 1 * 196000 / 7 (samples per file * local files / batch size)
[OUTPUT] 2026-07-13T11:58:31.726933 Reshard for epoch 1: 4083 train files, 0 eval files redistributed via alltoall in 0.15s
[OUTPUT] 2026-07-13T11:58:32.615257 Worker pre-warm complete (2 workers spawned)
[OUTPUT] 2026-07-13T11:58:32.928759 Starting epoch 1: 583 steps expected
[OUTPUT] 2026-07-13T11:58:32.928953 Starting block 1
[OUTPUT] 2026-07-13T12:00:17.378062 Ending block 1 - 583 steps completed in 104.45 s
[OUTPUT] 2026-07-13T12:00:17.380061 Epoch 1 - Block 1 [Training] Accelerator Utilization [AU] (%): 90.9110
[OUTPUT] 2026-07-13T12:00:17.380096 Epoch 1 - Block 1 [Training] Throughput (samples/second): 1884.3678
[OUTPUT] 2026-07-13T12:00:17.380604 Epoch 1 - Block 1 [Training] Computation time per step (second): 0.1621+/-0.0000 (set value: {'mean': 0.162})
[OUTPUT] 2026-07-13T12:00:17.390926 Ending epoch 1 - 583 steps completed in 104.46 s
[OUTPUT] 2026-07-13T12:00:17.434842 Reshard for epoch 2: 4083 train files, 0 eval files redistributed via alltoall in 0.04s
[OUTPUT] 2026-07-13T12:00:18.041379 Worker pre-warm complete for epoch 2 (2 workers spawned)
[OUTPUT] 2026-07-13T12:00:19.475130 Starting epoch 2: 583 steps expected
[OUTPUT] 2026-07-13T12:00:19.475459 Starting block 1
[OUTPUT] 2026-07-13T12:02:03.885359 Ending block 1 - 583 steps completed in 104.41 s
[OUTPUT] 2026-07-13T12:02:03.886427 Epoch 2 - Block 1 [Training] Accelerator Utilization [AU] (%): 91.0340
[OUTPUT] 2026-07-13T12:02:03.886459 Epoch 2 - Block 1 [Training] Throughput (samples/second): 1886.9539
[OUTPUT] 2026-07-13T12:02:03.886583 Epoch 2 - Block 1 [Training] Computation time per step (second): 0.1621+/-0.0000 (set value: {'mean': 0.162})
[OUTPUT] 2026-07-13T12:02:03.896073 Ending epoch 2 - 583 steps completed in 104.42 s
[OUTPUT] 2026-07-13T12:02:03.941169 Reshard for epoch 3: 4083 train files, 0 eval files redistributed via alltoall in 0.04s
[OUTPUT] 2026-07-13T12:02:04.728339 Worker pre-warm complete for epoch 3 (2 workers spawned)
[OUTPUT] 2026-07-13T12:02:06.123112 Starting epoch 3: 583 steps expected
[OUTPUT] 2026-07-13T12:02:06.123343 Starting block 1
[OUTPUT] 2026-07-13T12:03:50.714675 Ending block 1 - 583 steps completed in 104.59 s
[OUTPUT] 2026-07-13T12:03:50.715724 Epoch 3 - Block 1 [Training] Accelerator Utilization [AU] (%): 90.7911
[OUTPUT] 2026-07-13T12:03:50.715754 Epoch 3 - Block 1 [Training] Throughput (samples/second): 1881.8962
[OUTPUT] 2026-07-13T12:03:50.715869 Epoch 3 - Block 1 [Training] Computation time per step (second): 0.1621+/-0.0000 (set value: {'mean': 0.162})
[OUTPUT] 2026-07-13T12:03:50.739068 Ending epoch 3 - 583 steps completed in 104.62 s
[OUTPUT] 2026-07-13T12:03:50.783409 Reshard for epoch 4: 4083 train files, 0 eval files redistributed via alltoall in 0.04s
[OUTPUT] 2026-07-13T12:03:51.546372 Worker pre-warm complete for epoch 4 (2 workers spawned)
[OUTPUT] 2026-07-13T12:03:52.792693 Starting epoch 4: 583 steps expected
[OUTPUT] 2026-07-13T12:03:52.793040 Starting block 1
[OUTPUT] 2026-07-13T12:05:37.178347 Ending block 1 - 583 steps completed in 104.39 s
[OUTPUT] 2026-07-13T12:05:37.179485 Epoch 4 - Block 1 [Training] Accelerator Utilization [AU] (%): 90.9784
[OUTPUT] 2026-07-13T12:05:37.179514 Epoch 4 - Block 1 [Training] Throughput (samples/second): 1885.8417
[OUTPUT] 2026-07-13T12:05:37.179631 Epoch 4 - Block 1 [Training] Computation time per step (second): 0.1621+/-0.0000 (set value: {'mean': 0.162})
[OUTPUT] 2026-07-13T12:05:37.194669 Ending epoch 4 - 583 steps completed in 104.40 s
[OUTPUT] 2026-07-13T12:05:37.240611 Reshard for epoch 5: 4083 train files, 0 eval files redistributed via alltoall in 0.05s
[OUTPUT] 2026-07-13T12:05:38.000608 Worker pre-warm complete for epoch 5 (2 workers spawned)
[OUTPUT] 2026-07-13T12:05:39.365133 Starting epoch 5: 583 steps expected
[OUTPUT] 2026-07-13T12:05:39.365450 Starting block 1
[OUTPUT] 2026-07-13T12:07:24.031693 Ending block 1 - 583 steps completed in 104.67 s
[OUTPUT] 2026-07-13T12:07:24.032737 Epoch 5 - Block 1 [Training] Accelerator Utilization [AU] (%): 90.8516
[OUTPUT] 2026-07-13T12:07:24.032769 Epoch 5 - Block 1 [Training] Throughput (samples/second): 1883.1657
[OUTPUT] 2026-07-13T12:07:24.032886 Epoch 5 - Block 1 [Training] Computation time per step (second): 0.1621+/-0.0000 (set value: {'mean': 0.162})
[OUTPUT] 2026-07-13T12:07:24.044575 Ending epoch 5 - 583 steps completed in 104.68 s
[OUTPUT] 2026-07-13T12:07:24.089102 Reshard for epoch 6: 4083 train files, 0 eval files redistributed via alltoall in 0.04s
[OUTPUT] 2026-07-13T12:07:24.860017 Worker pre-warm complete for epoch 6 (2 workers spawned)
[OUTPUT] 2026-07-13T12:07:24.930736 Saved outputs in /root/Suzhou_Zishan_Longlin/closed/Suzhou_Zishan_Longlin/results/GalaxSphere-2Tier0/training/unet3d/run/20260713_115805
[OUTPUT] Averaged metric over all steps/epochs
[METRIC] ==========================================================
[METRIC] Number of Simulated Accelerators: 48 
[METRIC] Training Accelerator Utilization [AU] (%): 90.9325 (0.0928)
[METRIC] Training Throughput (samples/second): 1884.8074 (1.9298)
[METRIC] Training I/O Throughput (MiB/second): 263513.5163 (269.7972)
[METRIC] train_au_meet_expectation: success
[METRIC] ==========================================================

[OUTPUT] 2026-07-13T12:07:25.017206 outputs saved in RANKID_output.json
