[OUTPUT] [DEBUG DLIOBenchmark.__init__] After LoadConfig:
[OUTPUT]   storage_type   = <StorageType.LOCAL_FS: 'local_fs'>
[OUTPUT]   storage_root   = './'
[OUTPUT]   storage_options= None
[OUTPUT]   data_folder    = '/mnt/1010_7t/unet3d'
[OUTPUT]   framework      = <FrameworkType.PYTORCH: 'pytorch'>
[OUTPUT]   num_files_train= 14000
[OUTPUT]   record_length  = 146600628
[OUTPUT]   generate_data  = False
[OUTPUT]   do_train       = True
[OUTPUT]   do_checkpoint  = False
[OUTPUT]   epochs         = 5
[OUTPUT]   batch_size     = 7
[OUTPUT] 2026-07-12T12:07:24.823592 Running DLIO [Training] with 2 process(es)
[OUTPUT] 2026-07-12T12:07:24.846388 skip_listing [train]: validating 1,401 of 14,000 files (first, last, every 10) via HEAD requests ...
[OUTPUT] 2026-07-12T12:07:24.852453 skip_listing [train]:   140/1,401 checked (10%)  —  23553 checks/s  —  ETA 0s  —  0 failed so far
[OUTPUT] 2026-07-12T12:07:24.857535 skip_listing [train]:   280/1,401 checked (20%)  —  25394 checks/s  —  ETA 0s  —  0 failed so far
[OUTPUT] 2026-07-12T12:07:24.862066 skip_listing [train]:   420/1,401 checked (30%)  —  26996 checks/s  —  ETA 0s  —  0 failed so far
[OUTPUT] 2026-07-12T12:07:24.866388 skip_listing [train]:   560/1,401 checked (40%)  —  28169 checks/s  —  ETA 0s  —  0 failed so far
[OUTPUT] 2026-07-12T12:07:24.870837 skip_listing [train]:   700/1,401 checked (50%)  —  28772 checks/s  —  ETA 0s  —  0 failed so far
[OUTPUT] 2026-07-12T12:07:24.874908 skip_listing [train]:   840/1,401 checked (60%)  —  29577 checks/s  —  ETA 0s  —  0 failed so far
[OUTPUT] 2026-07-12T12:07:24.879207 skip_listing [train]:   980/1,401 checked (70%)  —  29970 checks/s  —  ETA 0s  —  0 failed so far
[OUTPUT] 2026-07-12T12:07:24.883204 skip_listing [train]:   1,120/1,401 checked (80%)  —  30520 checks/s  —  ETA 0s  —  0 failed so far
[OUTPUT] 2026-07-12T12:07:24.887359 skip_listing [train]:   1,260/1,401 checked (90%)  —  30844 checks/s  —  ETA 0s  —  0 failed so far
[OUTPUT] 2026-07-12T12:07:24.891707 skip_listing [train]:   1,400/1,401 checked (100%)  —  30974 checks/s  —  ETA 0s  —  0 failed so far
[OUTPUT] 2026-07-12T12:07:24.891725 skip_listing [train]: validation complete — all 1,401 samples exist (0.0s, 30983 checks/s); 7,000 URIs ready for rank 0 (14,000 total across all ranks)
[OUTPUT] 2026-07-12T12:07:24.891767 File listing [train]: 14000 files discovered, 7000 assigned to rank 0, completed in 0.06s
[OUTPUT] 2026-07-12T12:07:24.891790 skip_listing [valid]: generated 0 file URIs deterministically (0 total — validation disabled)
[OUTPUT] 2026-07-12T12:07:24.891808 File listing [valid]: 0 files discovered, 0 assigned to rank 0, completed in 0.00s
[OUTPUT] 2026-07-12T12:07:24.891821 Streamed file sharding: 14000 train files across 2 ranks via round-robin (rank 0 shard: 7000 files)
[OUTPUT] 2026-07-12T12:07:25.142734 Max steps per epoch per rank: 2000 = 1 * 14000 / 7 (samples per file * local files / batch size)
[OUTPUT] 2026-07-12T12:07:25.145081 Reshard for epoch 1: 7000 train files, 0 eval files redistributed via alltoall in 0.00s
[OUTPUT] 2026-07-12T12:07:26.245673 Worker pre-warm complete (4 workers spawned)
[OUTPUT] 2026-07-12T12:07:26.350688 Starting epoch 1: 1000 steps expected
[OUTPUT] 2026-07-12T12:07:26.351118 Starting block 1
[OUTPUT] 2026-07-12T12:10:11.935397 Ending block 1 - 1000 steps completed in 165.58 s
[OUTPUT] 2026-07-12T12:10:11.938797 Epoch 1 - Block 1 [Training] Accelerator Utilization [AU] (%): 98.3101
[OUTPUT] 2026-07-12T12:10:11.938826 Epoch 1 - Block 1 [Training] Throughput (samples/second): 84.9144
[OUTPUT] 2026-07-12T12:10:11.939608 Epoch 1 - Block 1 [Training] Computation time per step (second): 0.1621+/-0.0000 (set value: {'mean': 0.162})
[OUTPUT] 2026-07-12T12:10:11.943255 Ending epoch 1 - 1000 steps completed in 165.59 s
[OUTPUT] 2026-07-12T12:10:11.946442 Reshard for epoch 2: 7000 train files, 0 eval files redistributed via alltoall in 0.00s
[OUTPUT] 2026-07-12T12:10:12.676144 Worker pre-warm complete for epoch 2 (4 workers spawned)
[OUTPUT] 2026-07-12T12:10:12.950084 Starting epoch 2: 1000 steps expected
[OUTPUT] 2026-07-12T12:10:12.950457 Starting block 1
[OUTPUT] 2026-07-12T12:12:58.361978 Ending block 1 - 1000 steps completed in 165.41 s
[OUTPUT] 2026-07-12T12:12:58.363462 Epoch 2 - Block 1 [Training] Accelerator Utilization [AU] (%): 98.2993
[OUTPUT] 2026-07-12T12:12:58.363499 Epoch 2 - Block 1 [Training] Throughput (samples/second): 84.9062
[OUTPUT] 2026-07-12T12:12:58.363749 Epoch 2 - Block 1 [Training] Computation time per step (second): 0.1621+/-0.0000 (set value: {'mean': 0.162})
[OUTPUT] 2026-07-12T12:12:58.365026 Ending epoch 2 - 1000 steps completed in 165.41 s
[OUTPUT] 2026-07-12T12:12:58.367907 Reshard for epoch 3: 7000 train files, 0 eval files redistributed via alltoall in 0.00s
[OUTPUT] 2026-07-12T12:12:59.054243 Worker pre-warm complete for epoch 3 (4 workers spawned)
[OUTPUT] 2026-07-12T12:12:59.327857 Starting epoch 3: 1000 steps expected
[OUTPUT] 2026-07-12T12:12:59.328235 Starting block 1
[OUTPUT] 2026-07-12T12:15:44.440098 Ending block 1 - 1000 steps completed in 165.11 s
[OUTPUT] 2026-07-12T12:15:44.441422 Epoch 3 - Block 1 [Training] Accelerator Utilization [AU] (%): 98.5391
[OUTPUT] 2026-07-12T12:15:44.441461 Epoch 3 - Block 1 [Training] Throughput (samples/second): 85.1153
[OUTPUT] 2026-07-12T12:15:44.441611 Epoch 3 - Block 1 [Training] Computation time per step (second): 0.1621+/-0.0000 (set value: {'mean': 0.162})
[OUTPUT] 2026-07-12T12:15:44.451560 Ending epoch 3 - 1000 steps completed in 165.12 s
[OUTPUT] 2026-07-12T12:15:44.454231 Reshard for epoch 4: 7000 train files, 0 eval files redistributed via alltoall in 0.00s
[OUTPUT] 2026-07-12T12:15:45.340655 Worker pre-warm complete for epoch 4 (4 workers spawned)
[OUTPUT] 2026-07-12T12:15:45.556380 Starting epoch 4: 1000 steps expected
[OUTPUT] 2026-07-12T12:15:45.556732 Starting block 1
[OUTPUT] 2026-07-12T12:18:30.823692 Ending block 1 - 1000 steps completed in 165.27 s
[OUTPUT] 2026-07-12T12:18:30.824815 Epoch 4 - Block 1 [Training] Accelerator Utilization [AU] (%): 98.4266
[OUTPUT] 2026-07-12T12:18:30.824849 Epoch 4 - Block 1 [Training] Throughput (samples/second): 85.0179
[OUTPUT] 2026-07-12T12:18:30.827188 Epoch 4 - Block 1 [Training] Computation time per step (second): 0.1621+/-0.0000 (set value: {'mean': 0.162})
[OUTPUT] 2026-07-12T12:18:30.828790 Ending epoch 4 - 1000 steps completed in 165.27 s
[OUTPUT] 2026-07-12T12:18:30.832362 Reshard for epoch 5: 7000 train files, 0 eval files redistributed via alltoall in 0.00s
[OUTPUT] 2026-07-12T12:18:31.577564 Worker pre-warm complete for epoch 5 (4 workers spawned)
[OUTPUT] 2026-07-12T12:18:31.798498 Starting epoch 5: 1000 steps expected
[OUTPUT] 2026-07-12T12:18:31.798907 Starting block 1
[OUTPUT] 2026-07-12T12:21:16.761250 Ending block 1 - 1000 steps completed in 164.96 s
[OUTPUT] 2026-07-12T12:21:16.762323 Epoch 5 - Block 1 [Training] Accelerator Utilization [AU] (%): 98.6624
[OUTPUT] 2026-07-12T12:21:16.762353 Epoch 5 - Block 1 [Training] Throughput (samples/second): 85.2241
[OUTPUT] 2026-07-12T12:21:16.762511 Epoch 5 - Block 1 [Training] Computation time per step (second): 0.1621+/-0.0000 (set value: {'mean': 0.162})
[OUTPUT] 2026-07-12T12:21:16.773318 Ending epoch 5 - 1000 steps completed in 164.97 s
[OUTPUT] 2026-07-12T12:21:16.776015 Reshard for epoch 6: 7000 train files, 0 eval files redistributed via alltoall in 0.00s
[OUTPUT] 2026-07-12T12:21:17.464470 Worker pre-warm complete for epoch 6 (4 workers spawned)
[OUTPUT] 2026-07-12T12:21:17.465523 Saved outputs in /etc/cwp/log/workload/5961/2026-07-12-12-02-35-a5f102dd-85fc-4a65-88ba-af1cd4e619f6/results/closed/Solidigm/results/Solidigm_D7-PS1010_7TB_Gen5_NVMe_TLC/training/unet3d/run/20260712_120720
[OUTPUT] Averaged metric over all steps/epochs
[METRIC] ==========================================================
[METRIC] Number of Simulated Accelerators: 2 
[METRIC] Training Accelerator Utilization [AU] (%): 98.4375 (0.1303)
[METRIC] Training Throughput (samples/second): 85.0258 (0.1144)
[METRIC] Training I/O Throughput (MiB/second): 11887.3873 (15.9969)
[METRIC] train_au_meet_expectation: success
[METRIC] ==========================================================

[OUTPUT] 2026-07-12T12:21:17.474157 outputs saved in RANKID_output.json
