[OUTPUT] [DEBUG DLIOBenchmark.__init__] After LoadConfig:
[OUTPUT]   storage_type   = <StorageType.LOCAL_FS: 'local_fs'>
[OUTPUT]   storage_root   = './'
[OUTPUT]   storage_options= None
[OUTPUT]   data_folder    = '/mnt/ubix/retinanet'
[OUTPUT]   framework      = <FrameworkType.PYTORCH: 'pytorch'>
[OUTPUT]   num_files_train= 68090280
[OUTPUT]   record_length  = 322957
[OUTPUT]   generate_data  = False
[OUTPUT]   do_train       = True
[OUTPUT]   do_checkpoint  = False
[OUTPUT]   epochs         = 8
[OUTPUT]   batch_size     = 24
[OUTPUT] 2026-07-23T17:36:21.026635 Running DLIO [Training] with 688 process(es)
[OUTPUT] 2026-07-23T17:36:21.224804 skip_listing [train]: validating 6,811 of 68,090,280 files (first, last, every 10,000) via HEAD requests ...
[OUTPUT] 2026-07-23T17:36:21.240657 skip_listing [train]:   500/6,811 checked (7%)  —  31781 checks/s  —  ETA 0s  —  0 failed so far
[OUTPUT] 2026-07-23T17:36:21.253296 skip_listing [train]:   1,000/6,811 checked (15%)  —  35246 checks/s  —  ETA 0s  —  0 failed so far
[OUTPUT] 2026-07-23T17:36:21.267385 skip_listing [train]:   1,500/6,811 checked (22%)  —  35326 checks/s  —  ETA 0s  —  0 failed so far
[OUTPUT] 2026-07-23T17:36:21.280247 skip_listing [train]:   2,000/6,811 checked (29%)  —  36150 checks/s  —  ETA 0s  —  0 failed so far
[OUTPUT] 2026-07-23T17:36:21.292712 skip_listing [train]:   2,500/6,811 checked (37%)  —  36878 checks/s  —  ETA 0s  —  0 failed so far
[OUTPUT] 2026-07-23T17:36:21.305146 skip_listing [train]:   3,000/6,811 checked (44%)  —  37395 checks/s  —  ETA 0s  —  0 failed so far
[OUTPUT] 2026-07-23T17:36:21.317783 skip_listing [train]:   3,500/6,811 checked (51%)  —  37691 checks/s  —  ETA 0s  —  0 failed so far
[OUTPUT] 2026-07-23T17:36:21.330224 skip_listing [train]:   4,000/6,811 checked (59%)  —  37986 checks/s  —  ETA 0s  —  0 failed so far
[OUTPUT] 2026-07-23T17:36:21.342704 skip_listing [train]:   4,500/6,811 checked (66%)  —  38206 checks/s  —  ETA 0s  —  0 failed so far
[OUTPUT] 2026-07-23T17:36:21.355787 skip_listing [train]:   5,000/6,811 checked (73%)  —  38210 checks/s  —  ETA 0s  —  0 failed so far
[OUTPUT] 2026-07-23T17:36:21.370839 skip_listing [train]:   5,500/6,811 checked (81%)  —  37693 checks/s  —  ETA 0s  —  0 failed so far
[OUTPUT] 2026-07-23T17:36:21.384625 skip_listing [train]:   6,000/6,811 checked (88%)  —  37570 checks/s  —  ETA 0s  —  0 failed so far
[OUTPUT] 2026-07-23T17:36:21.397870 skip_listing [train]:   6,500/6,811 checked (95%)  —  37584 checks/s  —  ETA 0s  —  0 failed so far
[OUTPUT] 2026-07-23T17:36:21.405461 skip_listing [train]: validation complete — all 6,811 samples exist (0.2s, 37726 checks/s); 98,969 URIs ready for rank 0 (68,090,280 total across all ranks)
[OUTPUT] 2026-07-23T17:36:21.407981 File listing [train]: 68090280 files discovered, 98968 assigned to rank 0, completed in 0.37s
[OUTPUT] 2026-07-23T17:36:21.408171 skip_listing [valid]: generated 0 file URIs deterministically (0 total — validation disabled)
[OUTPUT] 2026-07-23T17:36:21.408208 File listing [valid]: 0 files discovered, 0 assigned to rank 0, completed in 0.00s
[OUTPUT] 2026-07-23T17:36:21.408233 Streamed file sharding: 68090280 train files across 688 ranks via round-robin (rank 0 shard: 98968 files)
[WARNING] On host cn017: reader.read_threads=4 x local_ranks=43 = 172 workers, estimated ~86 GB — exceeds 50% of available RAM on this node (170 GB). Consider reducing read_threads to avoid OOM.
[WARNING] On host cn017: reader.read_threads=4 x local_ranks=43 = 172 workers, estimated ~86 GB — exceeds 50% of available RAM on this node (170 GB). Consider reducing read_threads to avoid OOM.
[WARNING] On host cn017: reader.read_threads=4 x local_ranks=43 = 172 workers, estimated ~86 GB — exceeds 50% of available RAM on this node (170 GB). Consider reducing read_threads to avoid OOM.
[WARNING] On host cn017: reader.read_threads=4 x local_ranks=43 = 172 workers, estimated ~86 GB — exceeds 50% of available RAM on this node (170 GB). Consider reducing read_threads to avoid OOM.
[WARNING] On host cn017: reader.read_threads=4 x local_ranks=43 = 172 workers, estimated ~86 GB — exceeds 50% of available RAM on this node (170 GB). Consider reducing read_threads to avoid OOM.
[WARNING] On host cn017: reader.read_threads=4 x local_ranks=43 = 172 workers, estimated ~86 GB — exceeds 50% of available RAM on this node (170 GB). Consider reducing read_threads to avoid OOM.
[WARNING] On host cn017: reader.read_threads=4 x local_ranks=43 = 172 workers, estimated ~86 GB — exceeds 50% of available RAM on this node (170 GB). Consider reducing read_threads to avoid OOM.
[WARNING] On host cn017: reader.read_threads=4 x local_ranks=43 = 172 workers, estimated ~86 GB — exceeds 50% of available RAM on this node (170 GB). Consider reducing read_threads to avoid OOM.
[WARNING] On host cn017: reader.read_threads=4 x local_ranks=43 = 172 workers, estimated ~86 GB — exceeds 50% of available RAM on this node (170 GB). Consider reducing read_threads to avoid OOM.
[WARNING] On host cn017: reader.read_threads=4 x local_ranks=43 = 172 workers, estimated ~86 GB — exceeds 50% of available RAM on this node (170 GB). Consider reducing read_threads to avoid OOM.
[WARNING] On host cn017: reader.read_threads=4 x local_ranks=43 = 172 workers, estimated ~86 GB — exceeds 50% of available RAM on this node (170 GB). Consider reducing read_threads to avoid OOM.
[WARNING] On host cn017: reader.read_threads=4 x local_ranks=43 = 172 workers, estimated ~86 GB — exceeds 50% of available RAM on this node (170 GB). Consider reducing read_threads to avoid OOM.
[WARNING] On host cn017: reader.read_threads=4 x local_ranks=43 = 172 workers, estimated ~86 GB — exceeds 50% of available RAM on this node (170 GB). Consider reducing read_threads to avoid OOM.
[WARNING] On host cn017: reader.read_threads=4 x local_ranks=43 = 172 workers, estimated ~86 GB — exceeds 50% of available RAM on this node (170 GB). Consider reducing read_threads to avoid OOM.
[WARNING] On host cn017: reader.read_threads=4 x local_ranks=43 = 172 workers, estimated ~86 GB — exceeds 50% of available RAM on this node (170 GB). Consider reducing read_threads to avoid OOM.
[WARNING] On host cn017: reader.read_threads=4 x local_ranks=43 = 172 workers, estimated ~86 GB — exceeds 50% of available RAM on this node (170 GB). Consider reducing read_threads to avoid OOM.
[WARNING] On host cn017: reader.read_threads=4 x local_ranks=43 = 172 workers, estimated ~86 GB — exceeds 50% of available RAM on this node (170 GB). Consider reducing read_threads to avoid OOM.
[WARNING] On host cn017: reader.read_threads=4 x local_ranks=43 = 172 workers, estimated ~86 GB — exceeds 50% of available RAM on this node (170 GB). Consider reducing read_threads to avoid OOM.
[WARNING] On host cn017: reader.read_threads=4 x local_ranks=43 = 172 workers, estimated ~86 GB — exceeds 50% of available RAM on this node (170 GB). Consider reducing read_threads to avoid OOM.
[WARNING] On host cn017: reader.read_threads=4 x local_ranks=43 = 172 workers, estimated ~86 GB — exceeds 50% of available RAM on this node (170 GB). Consider reducing read_threads to avoid OOM.
[WARNING] On host cn017: reader.read_threads=4 x local_ranks=43 = 172 workers, estimated ~86 GB — exceeds 50% of available RAM on this node (170 GB). Consider reducing read_threads to avoid OOM.
[WARNING] On host cn017: reader.read_threads=4 x local_ranks=43 = 172 workers, estimated ~86 GB — exceeds 50% of available RAM on this node (170 GB). Consider reducing read_threads to avoid OOM.
[WARNING] On host cn017: reader.read_threads=4 x local_ranks=43 = 172 workers, estimated ~86 GB — exceeds 50% of available RAM on this node (170 GB). Consider reducing read_threads to avoid OOM.
[WARNING] On host cn017: reader.read_threads=4 x local_ranks=43 = 172 workers, estimated ~86 GB — exceeds 50% of available RAM on this node (170 GB). Consider reducing read_threads to avoid OOM.
[WARNING] On host cn017: reader.read_threads=4 x local_ranks=43 = 172 workers, estimated ~86 GB — exceeds 50% of available RAM on this node (170 GB). Consider reducing read_threads to avoid OOM.
[WARNING] On host cn017: reader.read_threads=4 x local_ranks=43 = 172 workers, estimated ~86 GB — exceeds 50% of available RAM on this node (170 GB). Consider reducing read_threads to avoid OOM.
[WARNING] On host cn017: reader.read_threads=4 x local_ranks=43 = 172 workers, estimated ~86 GB — exceeds 50% of available RAM on this node (170 GB). Consider reducing read_threads to avoid OOM.
[WARNING] On host cn017: reader.read_threads=4 x local_ranks=43 = 172 workers, estimated ~86 GB — exceeds 50% of available RAM on this node (170 GB). Consider reducing read_threads to avoid OOM.
[WARNING] On host cn017: reader.read_threads=4 x local_ranks=43 = 172 workers, estimated ~86 GB — exceeds 50% of available RAM on this node (170 GB). Consider reducing read_threads to avoid OOM.
[WARNING] On host cn017: reader.read_threads=4 x local_ranks=43 = 172 workers, estimated ~86 GB — exceeds 50% of available RAM on this node (170 GB). Consider reducing read_threads to avoid OOM.
[WARNING] On host cn017: reader.read_threads=4 x local_ranks=43 = 172 workers, estimated ~86 GB — exceeds 50% of available RAM on this node (170 GB). Consider reducing read_threads to avoid OOM.
[WARNING] On host cn017: reader.read_threads=4 x local_ranks=43 = 172 workers, estimated ~86 GB — exceeds 50% of available RAM on this node (170 GB). Consider reducing read_threads to avoid OOM.
[WARNING] On host cn017: reader.read_threads=4 x local_ranks=43 = 172 workers, estimated ~86 GB — exceeds 50% of available RAM on this node (170 GB). Consider reducing read_threads to avoid OOM.
[WARNING] On host cn017: reader.read_threads=4 x local_ranks=43 = 172 workers, estimated ~86 GB — exceeds 50% of available RAM on this node (170 GB). Consider reducing read_threads to avoid OOM.
[WARNING] On host cn017: reader.read_threads=4 x local_ranks=43 = 172 workers, estimated ~86 GB — exceeds 50% of available RAM on this node (170 GB). Consider reducing read_threads to avoid OOM.
[WARNING] On host cn017: reader.read_threads=4 x local_ranks=43 = 172 workers, estimated ~86 GB — exceeds 50% of available RAM on this node (170 GB). Consider reducing read_threads to avoid OOM.
[WARNING] On host cn017: reader.read_threads=4 x local_ranks=43 = 172 workers, estimated ~86 GB — exceeds 50% of available RAM on this node (170 GB). Consider reducing read_threads to avoid OOM.
[WARNING] On host cn017: reader.read_threads=4 x local_ranks=43 = 172 workers, estimated ~86 GB — exceeds 50% of available RAM on this node (170 GB). Consider reducing read_threads to avoid OOM.
[WARNING] On host cn017: reader.read_threads=4 x local_ranks=43 = 172 workers, estimated ~86 GB — exceeds 50% of available RAM on this node (170 GB). Consider reducing read_threads to avoid OOM.
[WARNING] On host cn017: reader.read_threads=4 x local_ranks=43 = 172 workers, estimated ~86 GB — exceeds 50% of available RAM on this node (170 GB). Consider reducing read_threads to avoid OOM.
[WARNING] On host cn017: reader.read_threads=4 x local_ranks=43 = 172 workers, estimated ~86 GB — exceeds 50% of available RAM on this node (170 GB). Consider reducing read_threads to avoid OOM.
[WARNING] On host cn017: reader.read_threads=4 x local_ranks=43 = 172 workers, estimated ~86 GB — exceeds 50% of available RAM on this node (170 GB). Consider reducing read_threads to avoid OOM.
[WARNING] On host cn017: reader.read_threads=4 x local_ranks=43 = 172 workers, estimated ~86 GB — exceeds 50% of available RAM on this node (170 GB). Consider reducing read_threads to avoid OOM.
[OUTPUT] 2026-07-23T17:36:21.678238 Max steps per epoch per rank: 2837095 = 1 * 68090280 / 24 (samples per file * local files / batch size)
[OUTPUT] 2026-07-23T17:36:23.475194 Reshard for epoch 1: 98968 train files, 0 eval files redistributed via alltoall in 1.80s
[OUTPUT] 2026-07-23T17:36:24.351419 Worker pre-warm complete (4 workers spawned)
[OUTPUT] 2026-07-23T17:36:24.485268 Starting epoch 1: 4123 steps expected
[OUTPUT] 2026-07-23T17:36:24.485568 Starting block 1
[OUTPUT] 2026-07-23T17:40:15.268373 Ending block 1 - 4123 steps completed in 230.78 s
[OUTPUT] 2026-07-23T17:40:15.272336 Epoch 1 - Block 1 [Training] Accelerator Utilization [AU] (%): 85.1971
[OUTPUT] 2026-07-23T17:40:15.272385 Epoch 1 - Block 1 [Training] Throughput (samples/second): 295402.1139
[OUTPUT] 2026-07-23T17:40:15.274773 Epoch 1 - Block 1 [Training] Computation time per step (second): 0.0476+/-0.0000 (set value: {'mean': 0.04755})
[OUTPUT] 2026-07-23T17:40:15.395874 Ending epoch 1 - 4123 steps completed in 230.91 s
[OUTPUT] 2026-07-23T17:40:15.835244 Reshard for epoch 2: 98968 train files, 0 eval files redistributed via alltoall in 0.44s
[OUTPUT] 2026-07-23T17:40:17.282126 Worker pre-warm complete for epoch 2 (4 workers spawned)
[OUTPUT] 2026-07-23T17:40:41.739794 Starting epoch 2: 4123 steps expected
[OUTPUT] 2026-07-23T17:40:41.740348 Starting block 1
[OUTPUT] 2026-07-23T17:44:31.110597 Ending block 1 - 4123 steps completed in 229.37 s
[OUTPUT] 2026-07-23T17:44:31.112556 Epoch 2 - Block 1 [Training] Accelerator Utilization [AU] (%): 85.7229
[OUTPUT] 2026-07-23T17:44:31.113253 Epoch 2 - Block 1 [Training] Throughput (samples/second): 297229.5210
[OUTPUT] 2026-07-23T17:44:31.113691 Epoch 2 - Block 1 [Training] Computation time per step (second): 0.0476+/-0.0000 (set value: {'mean': 0.04755})
[OUTPUT] 2026-07-23T17:44:31.189153 Ending epoch 2 - 4123 steps completed in 229.45 s
[OUTPUT] 2026-07-23T17:44:31.609702 Reshard for epoch 3: 98968 train files, 0 eval files redistributed via alltoall in 0.42s
[OUTPUT] 2026-07-23T17:44:32.884394 Worker pre-warm complete for epoch 3 (4 workers spawned)
[OUTPUT] 2026-07-23T17:44:57.078188 Starting epoch 3: 4123 steps expected
[OUTPUT] 2026-07-23T17:44:57.078706 Starting block 1
[OUTPUT] 2026-07-23T17:48:46.452767 Ending block 1 - 4123 steps completed in 229.37 s
[OUTPUT] 2026-07-23T17:48:46.454611 Epoch 3 - Block 1 [Training] Accelerator Utilization [AU] (%): 85.7550
[OUTPUT] 2026-07-23T17:48:46.465549 Epoch 3 - Block 1 [Training] Throughput (samples/second): 297318.0445
[OUTPUT] 2026-07-23T17:48:46.466000 Epoch 3 - Block 1 [Training] Computation time per step (second): 0.0476+/-0.0000 (set value: {'mean': 0.04755})
[OUTPUT] 2026-07-23T17:48:46.511111 Ending epoch 3 - 4123 steps completed in 229.43 s
[OUTPUT] 2026-07-23T17:48:46.937455 Reshard for epoch 4: 98968 train files, 0 eval files redistributed via alltoall in 0.43s
[OUTPUT] 2026-07-23T17:48:48.339044 Worker pre-warm complete for epoch 4 (4 workers spawned)
[OUTPUT] 2026-07-23T17:49:11.024495 Starting epoch 4: 4123 steps expected
[OUTPUT] 2026-07-23T17:49:11.024887 Starting block 1
[OUTPUT] 2026-07-23T17:53:00.632886 Ending block 1 - 4123 steps completed in 229.61 s
[OUTPUT] 2026-07-23T17:53:00.634593 Epoch 4 - Block 1 [Training] Accelerator Utilization [AU] (%): 85.6573
[OUTPUT] 2026-07-23T17:53:00.634638 Epoch 4 - Block 1 [Training] Throughput (samples/second): 296985.2808
[OUTPUT] 2026-07-23T17:53:00.635039 Epoch 4 - Block 1 [Training] Computation time per step (second): 0.0476+/-0.0000 (set value: {'mean': 0.04755})
[OUTPUT] 2026-07-23T17:53:00.679979 Ending epoch 4 - 4123 steps completed in 229.66 s
[OUTPUT] 2026-07-23T17:53:01.109401 Reshard for epoch 5: 98968 train files, 0 eval files redistributed via alltoall in 0.43s
[OUTPUT] 2026-07-23T17:53:02.822710 Worker pre-warm complete for epoch 5 (4 workers spawned)
[OUTPUT] 2026-07-23T17:53:26.160765 Starting epoch 5: 4123 steps expected
[OUTPUT] 2026-07-23T17:53:26.161123 Starting block 1
[OUTPUT] 2026-07-23T17:57:15.704556 Ending block 1 - 4123 steps completed in 229.54 s
[OUTPUT] 2026-07-23T17:57:15.706375 Epoch 5 - Block 1 [Training] Accelerator Utilization [AU] (%): 85.6838
[OUTPUT] 2026-07-23T17:57:15.706434 Epoch 5 - Block 1 [Training] Throughput (samples/second): 297062.9360
[OUTPUT] 2026-07-23T17:57:15.706840 Epoch 5 - Block 1 [Training] Computation time per step (second): 0.0476+/-0.0000 (set value: {'mean': 0.04755})
[OUTPUT] 2026-07-23T17:57:15.782080 Ending epoch 5 - 4123 steps completed in 229.62 s
[OUTPUT] 2026-07-23T17:57:16.209859 Reshard for epoch 6: 98968 train files, 0 eval files redistributed via alltoall in 0.43s
[OUTPUT] 2026-07-23T17:57:16.951777 Worker pre-warm complete for epoch 6 (4 workers spawned)
[OUTPUT] 2026-07-23T17:57:42.720744 Starting epoch 6: 4123 steps expected
[OUTPUT] 2026-07-23T17:57:42.721092 Starting block 1
[OUTPUT] 2026-07-23T18:01:31.924992 Ending block 1 - 4123 steps completed in 229.20 s
[OUTPUT] 2026-07-23T18:01:31.926785 Epoch 6 - Block 1 [Training] Accelerator Utilization [AU] (%): 85.7984
[OUTPUT] 2026-07-23T18:01:31.926845 Epoch 6 - Block 1 [Training] Throughput (samples/second): 297461.7947
[OUTPUT] 2026-07-23T18:01:31.927236 Epoch 6 - Block 1 [Training] Computation time per step (second): 0.0476+/-0.0000 (set value: {'mean': 0.04755})
[OUTPUT] 2026-07-23T18:01:32.002491 Ending epoch 6 - 4123 steps completed in 229.28 s
[OUTPUT] 2026-07-23T18:01:32.427210 Reshard for epoch 7: 98968 train files, 0 eval files redistributed via alltoall in 0.42s
[OUTPUT] 2026-07-23T18:01:33.172999 Worker pre-warm complete for epoch 7 (4 workers spawned)
[OUTPUT] 2026-07-23T18:01:57.660502 Starting epoch 7: 4123 steps expected
[OUTPUT] 2026-07-23T18:01:57.660910 Starting block 1
[OUTPUT] 2026-07-23T18:05:46.830548 Ending block 1 - 4123 steps completed in 229.17 s
[OUTPUT] 2026-07-23T18:05:46.832105 Epoch 7 - Block 1 [Training] Accelerator Utilization [AU] (%): 85.8008
[OUTPUT] 2026-07-23T18:05:46.832152 Epoch 7 - Block 1 [Training] Throughput (samples/second): 297476.1248
[OUTPUT] 2026-07-23T18:05:46.832527 Epoch 7 - Block 1 [Training] Computation time per step (second): 0.0476+/-0.0000 (set value: {'mean': 0.04755})
[OUTPUT] 2026-07-23T18:05:46.874184 Ending epoch 7 - 4123 steps completed in 229.21 s
[OUTPUT] 2026-07-23T18:05:47.301199 Reshard for epoch 8: 98968 train files, 0 eval files redistributed via alltoall in 0.43s
[OUTPUT] 2026-07-23T18:05:48.927278 Worker pre-warm complete for epoch 8 (4 workers spawned)
[OUTPUT] 2026-07-23T18:06:12.047503 Starting epoch 8: 4123 steps expected
[OUTPUT] 2026-07-23T18:06:12.047842 Starting block 1
[OUTPUT] 2026-07-23T18:10:01.361544 Ending block 1 - 4123 steps completed in 229.31 s
[OUTPUT] 2026-07-23T18:10:01.363591 Epoch 8 - Block 1 [Training] Accelerator Utilization [AU] (%): 85.7790
[OUTPUT] 2026-07-23T18:10:01.363653 Epoch 8 - Block 1 [Training] Throughput (samples/second): 297386.9461
[OUTPUT] 2026-07-23T18:10:01.364100 Epoch 8 - Block 1 [Training] Computation time per step (second): 0.0476+/-0.0000 (set value: {'mean': 0.04755})
[OUTPUT] 2026-07-23T18:10:01.420141 Ending epoch 8 - 4123 steps completed in 229.37 s
[OUTPUT] 2026-07-23T18:10:01.842806 Reshard for epoch 9: 98968 train files, 0 eval files redistributed via alltoall in 0.42s
[OUTPUT] 2026-07-23T18:10:03.394171 Worker pre-warm complete for epoch 9 (4 workers spawned)
[OUTPUT] 2026-07-23T18:10:03.517400 Saved outputs in /mnt/share/storage_results_v3/closed/UBIX/results/UbiPower18000_16x15.36TB_NVMe_4xNDR400_3xStorageNode_16hosts256GBMem/training/retinanet/run/20260723_173545
[OUTPUT] Averaged metric over all steps/epochs
[METRIC] ==========================================================
[METRIC] Number of Simulated Accelerators: 688 
[METRIC] Training Accelerator Utilization [AU] (%): 85.6722 (0.2002)
[METRIC] Training Throughput (samples/second): 297033.0437 (694.7651)
[METRIC] Training I/O Throughput (MiB/second): 91484.9288 (213.9847)
[METRIC] train_au_meet_expectation: success
[METRIC] ==========================================================

[OUTPUT] 2026-07-23T18:10:13.196157 outputs saved in RANKID_output.json
