[OUTPUT] [DEBUG DLIOBenchmark.__init__] After LoadConfig:
[OUTPUT]   storage_type   = <StorageType.S3: 's3'>
[OUTPUT]   storage_root   = 'mlp-unet3d-gcp-3n8c'
[OUTPUT]   storage_options= {'storage_library': 's3dlio', 'uri_scheme': 's3', 'access_key_id': 'ais', 'secret_access_key': 'ais', 'endpoint_url': 'http://10.20.0.25:51080/s3/', 'region': 'us-east-1'}
[OUTPUT]   data_folder    = 'data/gcp3n8c-unet/unet3d'
[OUTPUT]   framework      = <FrameworkType.PYTORCH: 'pytorch'>
[OUTPUT]   num_files_train= 112501
[OUTPUT]   record_length  = 146600628
[OUTPUT]   generate_data  = False
[OUTPUT]   do_train       = True
[OUTPUT]   do_checkpoint  = False
[OUTPUT]   epochs         = 5
[OUTPUT]   batch_size     = 7
[OUTPUT] 2026-07-23T07:59:27.803692 Running DLIO [Training] with 8 process(es)
[OUTPUT] 2026-07-23T07:59:27.850682 skip_listing [train]: validating 1,126 of 112,501 files (first, last, every 100) via HEAD requests ...
[OUTPUT] 2026-07-23T07:59:28.031178 skip_listing [train]:   112/1,126 checked (10%)  —  621 checks/s  —  ETA 2s  —  0 failed so far
[OUTPUT] 2026-07-23T07:59:28.189734 skip_listing [train]:   224/1,126 checked (20%)  —  661 checks/s  —  ETA 1s  —  0 failed so far
[OUTPUT] 2026-07-23T07:59:28.353199 skip_listing [train]:   336/1,126 checked (30%)  —  669 checks/s  —  ETA 1s  —  0 failed so far
[OUTPUT] 2026-07-23T07:59:28.512162 skip_listing [train]:   448/1,126 checked (40%)  —  677 checks/s  —  ETA 1s  —  0 failed so far
[OUTPUT] 2026-07-23T07:59:28.671141 skip_listing [train]:   560/1,126 checked (50%)  —  683 checks/s  —  ETA 1s  —  0 failed so far
[OUTPUT] 2026-07-23T07:59:28.831403 skip_listing [train]:   672/1,126 checked (60%)  —  685 checks/s  —  ETA 1s  —  0 failed so far
[OUTPUT] 2026-07-23T07:59:28.990515 skip_listing [train]:   784/1,126 checked (70%)  —  688 checks/s  —  ETA 0s  —  0 failed so far
[OUTPUT] 2026-07-23T07:59:29.148289 skip_listing [train]:   896/1,126 checked (80%)  —  691 checks/s  —  ETA 0s  —  0 failed so far
[OUTPUT] 2026-07-23T07:59:29.302777 skip_listing [train]:   1,008/1,126 checked (90%)  —  694 checks/s  —  ETA 0s  —  0 failed so far
[OUTPUT] 2026-07-23T07:59:29.453199 skip_listing [train]:   1,120/1,126 checked (99%)  —  699 checks/s  —  ETA 0s  —  0 failed so far
[OUTPUT] 2026-07-23T07:59:29.460017 skip_listing [train]: validation complete — all 1,126 samples exist (1.6s, 700 checks/s); 14,063 URIs ready for rank 0 (112,501 total across all ranks)
[OUTPUT] 2026-07-23T07:59:29.460302 File listing [train]: 112501 files discovered, 14062 assigned to rank 0, completed in 1.65s
[OUTPUT] 2026-07-23T07:59:29.460373 skip_listing [valid]: generated 0 file URIs deterministically (0 total — validation disabled)
[OUTPUT] 2026-07-23T07:59:29.460417 File listing [valid]: 0 files discovered, 0 assigned to rank 0, completed in 0.00s
[OUTPUT] 2026-07-23T07:59:29.460456 Streamed file sharding: 112501 train files across 8 ranks via round-robin (rank 0 shard: 14062 files)
[OUTPUT] 2026-07-23T07:59:29.793954 Max steps per epoch per rank: 16071 = 1 * 112501 / 7 (samples per file * local files / batch size)
[OUTPUT] 2026-07-23T07:59:29.809562 Reshard for epoch 1: 14062 train files, 0 eval files redistributed via alltoall in 0.02s
[WARNING] NPZReaderS3Iterable[thread=2] [resource-probe] RAM projection: prefetch=64 x dataloader_workers=4 x ranks_per_node=8 x record_length=139 MiB = 286329 MiB of in-flight buffer memory, but only 369258 MiB (of 386919 MiB total) is currently available.  OOM / swap-thrash under load is likely.  Fix: reduce storage_options.prefetch_window, or reduce DataLoader worker count, or move the S3 target off-node.
[WARNING] NPZReaderS3Iterable[thread=1] [resource-probe] RAM projection: prefetch=64 x dataloader_workers=4 x ranks_per_node=8 x record_length=139 MiB = 286329 MiB of in-flight buffer memory, but only 369258 MiB (of 386919 MiB total) is currently available.  OOM / swap-thrash under load is likely.  Fix: reduce storage_options.prefetch_window, or reduce DataLoader worker count, or move the S3 target off-node.
[WARNING] NPZReaderS3Iterable[thread=0] [resource-probe] RAM projection: prefetch=64 x dataloader_workers=4 x ranks_per_node=8 x record_length=139 MiB = 286329 MiB of in-flight buffer memory, but only 369258 MiB (of 386919 MiB total) is currently available.  OOM / swap-thrash under load is likely.  Fix: reduce storage_options.prefetch_window, or reduce DataLoader worker count, or move the S3 target off-node.
[WARNING] NPZReaderS3Iterable[thread=3] [resource-probe] RAM projection: prefetch=64 x dataloader_workers=4 x ranks_per_node=8 x record_length=139 MiB = 286329 MiB of in-flight buffer memory, but only 369258 MiB (of 386919 MiB total) is currently available.  OOM / swap-thrash under load is likely.  Fix: reduce storage_options.prefetch_window, or reduce DataLoader worker count, or move the S3 target off-node.
[OUTPUT] 2026-07-23T07:59:42.516374 Worker pre-warm complete (4 workers spawned)
[OUTPUT] 2026-07-23T07:59:43.351656 Starting epoch 1: 2008 steps expected
[OUTPUT] 2026-07-23T07:59:43.352360 Starting block 1
[WARNING] NPZReaderS3Iterable[thread=0] [resource-probe] RAM projection: prefetch=64 x dataloader_workers=4 x ranks_per_node=8 x record_length=139 MiB = 286329 MiB of in-flight buffer memory, but only 344890 MiB (of 386919 MiB total) is currently available.  OOM / swap-thrash under load is likely.  Fix: reduce storage_options.prefetch_window, or reduce DataLoader worker count, or move the S3 target off-node.
[WARNING] NPZReaderS3Iterable[thread=2] [resource-probe] RAM projection: prefetch=64 x dataloader_workers=4 x ranks_per_node=8 x record_length=139 MiB = 286329 MiB of in-flight buffer memory, but only 344864 MiB (of 386919 MiB total) is currently available.  OOM / swap-thrash under load is likely.  Fix: reduce storage_options.prefetch_window, or reduce DataLoader worker count, or move the S3 target off-node.
[WARNING] NPZReaderS3Iterable[thread=3] [resource-probe] RAM projection: prefetch=64 x dataloader_workers=4 x ranks_per_node=8 x record_length=139 MiB = 286329 MiB of in-flight buffer memory, but only 344871 MiB (of 386919 MiB total) is currently available.  OOM / swap-thrash under load is likely.  Fix: reduce storage_options.prefetch_window, or reduce DataLoader worker count, or move the S3 target off-node.
[WARNING] NPZReaderS3Iterable[thread=1] [resource-probe] RAM projection: prefetch=64 x dataloader_workers=4 x ranks_per_node=8 x record_length=139 MiB = 286329 MiB of in-flight buffer memory, but only 344905 MiB (of 386919 MiB total) is currently available.  OOM / swap-thrash under load is likely.  Fix: reduce storage_options.prefetch_window, or reduce DataLoader worker count, or move the S3 target off-node.
[OUTPUT] 2026-07-23T08:05:19.660197 Ending block 1 - 2008 steps completed in 336.31 s
[OUTPUT] 2026-07-23T08:05:19.674045 Epoch 1 - Block 1 [Training] Accelerator Utilization [AU] (%): 97.8268
[OUTPUT] 2026-07-23T08:05:19.674107 Epoch 1 - Block 1 [Training] Throughput (samples/second): 337.8783
[OUTPUT] 2026-07-23T08:05:19.675923 Epoch 1 - Block 1 [Training] Computation time per step (second): 0.1621+/-0.0000 (set value: {'mean': 0.162})
[OUTPUT] 2026-07-23T08:05:19.676521 Ending epoch 1 - 2008 steps completed in 336.32 s
[OUTPUT] 2026-07-23T08:05:19.692038 Reshard for epoch 2: 14062 train files, 0 eval files redistributed via alltoall in 0.01s
[WARNING] NPZReaderS3Iterable[thread=1] [resource-probe] RAM projection: prefetch=64 x dataloader_workers=4 x ranks_per_node=8 x record_length=139 MiB = 286329 MiB of in-flight buffer memory, but only 328228 MiB (of 386919 MiB total) is currently available.  OOM / swap-thrash under load is likely.  Fix: reduce storage_options.prefetch_window, or reduce DataLoader worker count, or move the S3 target off-node.
[WARNING] NPZReaderS3Iterable[thread=3] [resource-probe] RAM projection: prefetch=64 x dataloader_workers=4 x ranks_per_node=8 x record_length=139 MiB = 286329 MiB of in-flight buffer memory, but only 328228 MiB (of 386919 MiB total) is currently available.  OOM / swap-thrash under load is likely.  Fix: reduce storage_options.prefetch_window, or reduce DataLoader worker count, or move the S3 target off-node.
[WARNING] NPZReaderS3Iterable[thread=0] [resource-probe] RAM projection: prefetch=64 x dataloader_workers=4 x ranks_per_node=8 x record_length=139 MiB = 286329 MiB of in-flight buffer memory, but only 328228 MiB (of 386919 MiB total) is currently available.  OOM / swap-thrash under load is likely.  Fix: reduce storage_options.prefetch_window, or reduce DataLoader worker count, or move the S3 target off-node.
[WARNING] NPZReaderS3Iterable[thread=2] [resource-probe] RAM projection: prefetch=64 x dataloader_workers=4 x ranks_per_node=8 x record_length=139 MiB = 286329 MiB of in-flight buffer memory, but only 328228 MiB (of 386919 MiB total) is currently available.  OOM / swap-thrash under load is likely.  Fix: reduce storage_options.prefetch_window, or reduce DataLoader worker count, or move the S3 target off-node.
[OUTPUT] 2026-07-23T08:05:23.377328 Worker pre-warm complete for epoch 2 (4 workers spawned)
[OUTPUT] 2026-07-23T08:05:23.681203 Starting epoch 2: 2008 steps expected
[OUTPUT] 2026-07-23T08:05:23.681745 Starting block 1
[WARNING] NPZReaderS3Iterable[thread=2] [resource-probe] RAM projection: prefetch=64 x dataloader_workers=4 x ranks_per_node=8 x record_length=139 MiB = 286329 MiB of in-flight buffer memory, but only 326173 MiB (of 386919 MiB total) is currently available.  OOM / swap-thrash under load is likely.  Fix: reduce storage_options.prefetch_window, or reduce DataLoader worker count, or move the S3 target off-node.
[WARNING] NPZReaderS3Iterable[thread=1] [resource-probe] RAM projection: prefetch=64 x dataloader_workers=4 x ranks_per_node=8 x record_length=139 MiB = 286329 MiB of in-flight buffer memory, but only 326173 MiB (of 386919 MiB total) is currently available.  OOM / swap-thrash under load is likely.  Fix: reduce storage_options.prefetch_window, or reduce DataLoader worker count, or move the S3 target off-node.
[WARNING] NPZReaderS3Iterable[thread=3] [resource-probe] RAM projection: prefetch=64 x dataloader_workers=4 x ranks_per_node=8 x record_length=139 MiB = 286329 MiB of in-flight buffer memory, but only 326173 MiB (of 386919 MiB total) is currently available.  OOM / swap-thrash under load is likely.  Fix: reduce storage_options.prefetch_window, or reduce DataLoader worker count, or move the S3 target off-node.
[WARNING] NPZReaderS3Iterable[thread=0] [resource-probe] RAM projection: prefetch=64 x dataloader_workers=4 x ranks_per_node=8 x record_length=139 MiB = 286329 MiB of in-flight buffer memory, but only 326165 MiB (of 386919 MiB total) is currently available.  OOM / swap-thrash under load is likely.  Fix: reduce storage_options.prefetch_window, or reduce DataLoader worker count, or move the S3 target off-node.
[OUTPUT] 2026-07-23T08:11:01.867944 Ending block 1 - 2008 steps completed in 338.19 s
[OUTPUT] 2026-07-23T08:11:01.870862 Epoch 2 - Block 1 [Training] Accelerator Utilization [AU] (%): 97.1171
[OUTPUT] 2026-07-23T08:11:01.870953 Epoch 2 - Block 1 [Training] Throughput (samples/second): 335.4336
[OUTPUT] 2026-07-23T08:11:01.871467 Epoch 2 - Block 1 [Training] Computation time per step (second): 0.1621+/-0.0000 (set value: {'mean': 0.162})
[OUTPUT] 2026-07-23T08:11:01.872054 Ending epoch 2 - 2008 steps completed in 338.19 s
[OUTPUT] 2026-07-23T08:11:01.885476 Reshard for epoch 3: 14062 train files, 0 eval files redistributed via alltoall in 0.01s
[WARNING] NPZReaderS3Iterable[thread=2] [resource-probe] RAM projection: prefetch=64 x dataloader_workers=4 x ranks_per_node=8 x record_length=139 MiB = 286329 MiB of in-flight buffer memory, but only 327097 MiB (of 386919 MiB total) is currently available.  OOM / swap-thrash under load is likely.  Fix: reduce storage_options.prefetch_window, or reduce DataLoader worker count, or move the S3 target off-node.
[WARNING] NPZReaderS3Iterable[thread=1] [resource-probe] RAM projection: prefetch=64 x dataloader_workers=4 x ranks_per_node=8 x record_length=139 MiB = 286329 MiB of in-flight buffer memory, but only 327097 MiB (of 386919 MiB total) is currently available.  OOM / swap-thrash under load is likely.  Fix: reduce storage_options.prefetch_window, or reduce DataLoader worker count, or move the S3 target off-node.
[WARNING] NPZReaderS3Iterable[thread=3] [resource-probe] RAM projection: prefetch=64 x dataloader_workers=4 x ranks_per_node=8 x record_length=139 MiB = 286329 MiB of in-flight buffer memory, but only 327097 MiB (of 386919 MiB total) is currently available.  OOM / swap-thrash under load is likely.  Fix: reduce storage_options.prefetch_window, or reduce DataLoader worker count, or move the S3 target off-node.
[WARNING] NPZReaderS3Iterable[thread=0] [resource-probe] RAM projection: prefetch=64 x dataloader_workers=4 x ranks_per_node=8 x record_length=139 MiB = 286329 MiB of in-flight buffer memory, but only 327098 MiB (of 386919 MiB total) is currently available.  OOM / swap-thrash under load is likely.  Fix: reduce storage_options.prefetch_window, or reduce DataLoader worker count, or move the S3 target off-node.
[OUTPUT] 2026-07-23T08:11:05.667465 Worker pre-warm complete for epoch 3 (4 workers spawned)
[OUTPUT] 2026-07-23T08:11:06.011861 Starting epoch 3: 2008 steps expected
[OUTPUT] 2026-07-23T08:11:06.012527 Starting block 1
[WARNING] NPZReaderS3Iterable[thread=3] [resource-probe] RAM projection: prefetch=64 x dataloader_workers=4 x ranks_per_node=8 x record_length=139 MiB = 286329 MiB of in-flight buffer memory, but only 324937 MiB (of 386919 MiB total) is currently available.  OOM / swap-thrash under load is likely.  Fix: reduce storage_options.prefetch_window, or reduce DataLoader worker count, or move the S3 target off-node.
[WARNING] NPZReaderS3Iterable[thread=2] [resource-probe] RAM projection: prefetch=64 x dataloader_workers=4 x ranks_per_node=8 x record_length=139 MiB = 286329 MiB of in-flight buffer memory, but only 324934 MiB (of 386919 MiB total) is currently available.  OOM / swap-thrash under load is likely.  Fix: reduce storage_options.prefetch_window, or reduce DataLoader worker count, or move the S3 target off-node.
[WARNING] NPZReaderS3Iterable[thread=0] [resource-probe] RAM projection: prefetch=64 x dataloader_workers=4 x ranks_per_node=8 x record_length=139 MiB = 286329 MiB of in-flight buffer memory, but only 324923 MiB (of 386919 MiB total) is currently available.  OOM / swap-thrash under load is likely.  Fix: reduce storage_options.prefetch_window, or reduce DataLoader worker count, or move the S3 target off-node.
[WARNING] NPZReaderS3Iterable[thread=1] [resource-probe] RAM projection: prefetch=64 x dataloader_workers=4 x ranks_per_node=8 x record_length=139 MiB = 286329 MiB of in-flight buffer memory, but only 324923 MiB (of 386919 MiB total) is currently available.  OOM / swap-thrash under load is likely.  Fix: reduce storage_options.prefetch_window, or reduce DataLoader worker count, or move the S3 target off-node.
[OUTPUT] 2026-07-23T08:16:43.170162 Ending block 1 - 2008 steps completed in 337.16 s
[OUTPUT] 2026-07-23T08:16:43.172448 Epoch 3 - Block 1 [Training] Accelerator Utilization [AU] (%): 97.6103
[OUTPUT] 2026-07-23T08:16:43.172518 Epoch 3 - Block 1 [Training] Throughput (samples/second): 337.1238
[OUTPUT] 2026-07-23T08:16:43.173066 Epoch 3 - Block 1 [Training] Computation time per step (second): 0.1621+/-0.0000 (set value: {'mean': 0.162})
[OUTPUT] 2026-07-23T08:16:43.173807 Ending epoch 3 - 2008 steps completed in 337.16 s
[OUTPUT] 2026-07-23T08:16:43.188847 Reshard for epoch 4: 14062 train files, 0 eval files redistributed via alltoall in 0.01s
[WARNING] NPZReaderS3Iterable[thread=3] [resource-probe] RAM projection: prefetch=64 x dataloader_workers=4 x ranks_per_node=8 x record_length=139 MiB = 286329 MiB of in-flight buffer memory, but only 326499 MiB (of 386919 MiB total) is currently available.  OOM / swap-thrash under load is likely.  Fix: reduce storage_options.prefetch_window, or reduce DataLoader worker count, or move the S3 target off-node.
[WARNING] NPZReaderS3Iterable[thread=1] [resource-probe] RAM projection: prefetch=64 x dataloader_workers=4 x ranks_per_node=8 x record_length=139 MiB = 286329 MiB of in-flight buffer memory, but only 326499 MiB (of 386919 MiB total) is currently available.  OOM / swap-thrash under load is likely.  Fix: reduce storage_options.prefetch_window, or reduce DataLoader worker count, or move the S3 target off-node.
[WARNING] NPZReaderS3Iterable[thread=2] [resource-probe] RAM projection: prefetch=64 x dataloader_workers=4 x ranks_per_node=8 x record_length=139 MiB = 286329 MiB of in-flight buffer memory, but only 326499 MiB (of 386919 MiB total) is currently available.  OOM / swap-thrash under load is likely.  Fix: reduce storage_options.prefetch_window, or reduce DataLoader worker count, or move the S3 target off-node.
[WARNING] NPZReaderS3Iterable[thread=0] [resource-probe] RAM projection: prefetch=64 x dataloader_workers=4 x ranks_per_node=8 x record_length=139 MiB = 286329 MiB of in-flight buffer memory, but only 326498 MiB (of 386919 MiB total) is currently available.  OOM / swap-thrash under load is likely.  Fix: reduce storage_options.prefetch_window, or reduce DataLoader worker count, or move the S3 target off-node.
[OUTPUT] 2026-07-23T08:16:46.625132 Worker pre-warm complete for epoch 4 (4 workers spawned)
[OUTPUT] 2026-07-23T08:16:47.397652 Starting epoch 4: 2008 steps expected
[OUTPUT] 2026-07-23T08:16:47.398149 Starting block 1
[WARNING] NPZReaderS3Iterable[thread=3] [resource-probe] RAM projection: prefetch=64 x dataloader_workers=4 x ranks_per_node=8 x record_length=139 MiB = 286329 MiB of in-flight buffer memory, but only 324537 MiB (of 386919 MiB total) is currently available.  OOM / swap-thrash under load is likely.  Fix: reduce storage_options.prefetch_window, or reduce DataLoader worker count, or move the S3 target off-node.
[WARNING] NPZReaderS3Iterable[thread=1] [resource-probe] RAM projection: prefetch=64 x dataloader_workers=4 x ranks_per_node=8 x record_length=139 MiB = 286329 MiB of in-flight buffer memory, but only 324529 MiB (of 386919 MiB total) is currently available.  OOM / swap-thrash under load is likely.  Fix: reduce storage_options.prefetch_window, or reduce DataLoader worker count, or move the S3 target off-node.
[WARNING] NPZReaderS3Iterable[thread=0] [resource-probe] RAM projection: prefetch=64 x dataloader_workers=4 x ranks_per_node=8 x record_length=139 MiB = 286329 MiB of in-flight buffer memory, but only 324529 MiB (of 386919 MiB total) is currently available.  OOM / swap-thrash under load is likely.  Fix: reduce storage_options.prefetch_window, or reduce DataLoader worker count, or move the S3 target off-node.
[WARNING] NPZReaderS3Iterable[thread=2] [resource-probe] RAM projection: prefetch=64 x dataloader_workers=4 x ranks_per_node=8 x record_length=139 MiB = 286329 MiB of in-flight buffer memory, but only 324528 MiB (of 386919 MiB total) is currently available.  OOM / swap-thrash under load is likely.  Fix: reduce storage_options.prefetch_window, or reduce DataLoader worker count, or move the S3 target off-node.
[OUTPUT] 2026-07-23T08:22:23.061929 Ending block 1 - 2008 steps completed in 335.66 s
[OUTPUT] 2026-07-23T08:22:23.064420 Epoch 4 - Block 1 [Training] Accelerator Utilization [AU] (%): 98.0455
[OUTPUT] 2026-07-23T08:22:23.064487 Epoch 4 - Block 1 [Training] Throughput (samples/second): 338.6237
[OUTPUT] 2026-07-23T08:22:23.064880 Epoch 4 - Block 1 [Training] Computation time per step (second): 0.1621+/-0.0000 (set value: {'mean': 0.162})
[OUTPUT] 2026-07-23T08:22:23.065601 Ending epoch 4 - 2008 steps completed in 335.67 s
[OUTPUT] 2026-07-23T08:22:23.079080 Reshard for epoch 5: 14062 train files, 0 eval files redistributed via alltoall in 0.01s
[WARNING] NPZReaderS3Iterable[thread=3] [resource-probe] RAM projection: prefetch=64 x dataloader_workers=4 x ranks_per_node=8 x record_length=139 MiB = 286329 MiB of in-flight buffer memory, but only 327387 MiB (of 386919 MiB total) is currently available.  OOM / swap-thrash under load is likely.  Fix: reduce storage_options.prefetch_window, or reduce DataLoader worker count, or move the S3 target off-node.
[WARNING] NPZReaderS3Iterable[thread=1] [resource-probe] RAM projection: prefetch=64 x dataloader_workers=4 x ranks_per_node=8 x record_length=139 MiB = 286329 MiB of in-flight buffer memory, but only 327387 MiB (of 386919 MiB total) is currently available.  OOM / swap-thrash under load is likely.  Fix: reduce storage_options.prefetch_window, or reduce DataLoader worker count, or move the S3 target off-node.
[WARNING] NPZReaderS3Iterable[thread=2] [resource-probe] RAM projection: prefetch=64 x dataloader_workers=4 x ranks_per_node=8 x record_length=139 MiB = 286329 MiB of in-flight buffer memory, but only 327387 MiB (of 386919 MiB total) is currently available.  OOM / swap-thrash under load is likely.  Fix: reduce storage_options.prefetch_window, or reduce DataLoader worker count, or move the S3 target off-node.
[WARNING] NPZReaderS3Iterable[thread=0] [resource-probe] RAM projection: prefetch=64 x dataloader_workers=4 x ranks_per_node=8 x record_length=139 MiB = 286329 MiB of in-flight buffer memory, but only 327387 MiB (of 386919 MiB total) is currently available.  OOM / swap-thrash under load is likely.  Fix: reduce storage_options.prefetch_window, or reduce DataLoader worker count, or move the S3 target off-node.
[OUTPUT] 2026-07-23T08:22:26.636799 Worker pre-warm complete for epoch 5 (4 workers spawned)
[OUTPUT] 2026-07-23T08:22:27.029344 Starting epoch 5: 2008 steps expected
[OUTPUT] 2026-07-23T08:22:27.029828 Starting block 1
[WARNING] NPZReaderS3Iterable[thread=0] [resource-probe] RAM projection: prefetch=64 x dataloader_workers=4 x ranks_per_node=8 x record_length=139 MiB = 286329 MiB of in-flight buffer memory, but only 324349 MiB (of 386919 MiB total) is currently available.  OOM / swap-thrash under load is likely.  Fix: reduce storage_options.prefetch_window, or reduce DataLoader worker count, or move the S3 target off-node.
[WARNING] NPZReaderS3Iterable[thread=1] [resource-probe] RAM projection: prefetch=64 x dataloader_workers=4 x ranks_per_node=8 x record_length=139 MiB = 286329 MiB of in-flight buffer memory, but only 324345 MiB (of 386919 MiB total) is currently available.  OOM / swap-thrash under load is likely.  Fix: reduce storage_options.prefetch_window, or reduce DataLoader worker count, or move the S3 target off-node.
[WARNING] NPZReaderS3Iterable[thread=2] [resource-probe] RAM projection: prefetch=64 x dataloader_workers=4 x ranks_per_node=8 x record_length=139 MiB = 286329 MiB of in-flight buffer memory, but only 324343 MiB (of 386919 MiB total) is currently available.  OOM / swap-thrash under load is likely.  Fix: reduce storage_options.prefetch_window, or reduce DataLoader worker count, or move the S3 target off-node.
[WARNING] NPZReaderS3Iterable[thread=3] [resource-probe] RAM projection: prefetch=64 x dataloader_workers=4 x ranks_per_node=8 x record_length=139 MiB = 286329 MiB of in-flight buffer memory, but only 324341 MiB (of 386919 MiB total) is currently available.  OOM / swap-thrash under load is likely.  Fix: reduce storage_options.prefetch_window, or reduce DataLoader worker count, or move the S3 target off-node.
[OUTPUT] 2026-07-23T08:28:03.458216 Ending block 1 - 2008 steps completed in 336.43 s
[OUTPUT] 2026-07-23T08:28:03.460739 Epoch 5 - Block 1 [Training] Accelerator Utilization [AU] (%): 97.8701
[OUTPUT] 2026-07-23T08:28:03.460820 Epoch 5 - Block 1 [Training] Throughput (samples/second): 338.0182
[OUTPUT] 2026-07-23T08:28:03.461375 Epoch 5 - Block 1 [Training] Computation time per step (second): 0.1621+/-0.0000 (set value: {'mean': 0.162})
[OUTPUT] 2026-07-23T08:28:03.462143 Ending epoch 5 - 2008 steps completed in 336.43 s
[OUTPUT] 2026-07-23T08:28:03.474527 Reshard for epoch 6: 14062 train files, 0 eval files redistributed via alltoall in 0.01s
[WARNING] NPZReaderS3Iterable[thread=2] [resource-probe] RAM projection: prefetch=64 x dataloader_workers=4 x ranks_per_node=8 x record_length=139 MiB = 286329 MiB of in-flight buffer memory, but only 326937 MiB (of 386919 MiB total) is currently available.  OOM / swap-thrash under load is likely.  Fix: reduce storage_options.prefetch_window, or reduce DataLoader worker count, or move the S3 target off-node.
[WARNING] NPZReaderS3Iterable[thread=3] [resource-probe] RAM projection: prefetch=64 x dataloader_workers=4 x ranks_per_node=8 x record_length=139 MiB = 286329 MiB of in-flight buffer memory, but only 326937 MiB (of 386919 MiB total) is currently available.  OOM / swap-thrash under load is likely.  Fix: reduce storage_options.prefetch_window, or reduce DataLoader worker count, or move the S3 target off-node.
[WARNING] NPZReaderS3Iterable[thread=1] [resource-probe] RAM projection: prefetch=64 x dataloader_workers=4 x ranks_per_node=8 x record_length=139 MiB = 286329 MiB of in-flight buffer memory, but only 326938 MiB (of 386919 MiB total) is currently available.  OOM / swap-thrash under load is likely.  Fix: reduce storage_options.prefetch_window, or reduce DataLoader worker count, or move the S3 target off-node.
[WARNING] NPZReaderS3Iterable[thread=0] [resource-probe] RAM projection: prefetch=64 x dataloader_workers=4 x ranks_per_node=8 x record_length=139 MiB = 286329 MiB of in-flight buffer memory, but only 326939 MiB (of 386919 MiB total) is currently available.  OOM / swap-thrash under load is likely.  Fix: reduce storage_options.prefetch_window, or reduce DataLoader worker count, or move the S3 target off-node.
[OUTPUT] 2026-07-23T08:28:06.654604 Worker pre-warm complete for epoch 6 (4 workers spawned)
[OUTPUT] 2026-07-23T08:28:07.314882 Saved outputs in /home/abhgaikwad/mlps-gcp-unet-submission/closed/nvidia/results/aistore-3n-gcp-z3-200g-8client-n2d96/training/unet3d/run/20260723_075915
[OUTPUT] Averaged metric over all steps/epochs
[METRIC] ==========================================================
[METRIC] Number of Simulated Accelerators: 8 
[METRIC] Training Accelerator Utilization [AU] (%): 97.7241 (0.2702)
[METRIC] Training Throughput (samples/second): 337.5024 (0.9325)
[METRIC] Training I/O Throughput (MiB/second): 47185.9524 (130.3653)
[METRIC] train_au_meet_expectation: success
[METRIC] ==========================================================

[OUTPUT] 2026-07-23T08:28:07.350333 outputs saved in RANKID_output.json
