[OUTPUT] [DEBUG DLIOBenchmark.__init__] After LoadConfig:
[OUTPUT]   storage_type   = <StorageType.DIRECT_FS: 'direct_fs'>
[OUTPUT]   storage_root   = '/mnt/pfs'
[OUTPUT]   storage_options= {'storage_library': 's3dlio', 'uri_scheme': 'direct'}
[OUTPUT]   data_folder    = 'unet3d'
[OUTPUT]   framework      = <FrameworkType.PYTORCH: 'pytorch'>
[OUTPUT]   num_files_train= 420000
[OUTPUT]   record_length  = 146600628
[OUTPUT]   generate_data  = True
[OUTPUT]   do_train       = False
[OUTPUT]   do_checkpoint  = False
[OUTPUT]   epochs         = 1
[OUTPUT]   batch_size     = 1
[OUTPUT] 2026-07-24T06:17:48.803379 Running DLIO [Generating data] with 512 process(es)
[OUTPUT] ================================================================================
[OUTPUT] Data Generation Method: DGEN (default)
[OUTPUT]   dgen-py zero-copy BytesView — 155x faster than NumPy, 0 MiB overhead
[OUTPUT] ================================================================================
[OUTPUT] 2026-07-24T06:17:48.883815 Starting data generation
[OUTPUT] 2026-07-24T07:21:46.516975 Generation done
[OUTPUT] ================================================================================
[OUTPUT] Data Generation Method: DGEN (default)
[OUTPUT]   dgen-py zero-copy BytesView — 155x faster than NumPy, 0 MiB overhead
[OUTPUT] ================================================================================
