[OUTPUT] [DEBUG DLIOBenchmark.__init__] After LoadConfig:
[OUTPUT]   storage_type   = <StorageType.LOCAL_FS: 'local_fs'>
[OUTPUT]   storage_root   = './'
[OUTPUT]   storage_options= None
[OUTPUT]   data_folder    = '/mnt/1010_7t/unet3d'
[OUTPUT]   framework      = <FrameworkType.PYTORCH: 'pytorch'>
[OUTPUT]   num_files_train= 14000
[OUTPUT]   record_length  = 146600628
[OUTPUT]   generate_data  = False
[OUTPUT]   do_train       = True
[OUTPUT]   do_checkpoint  = False
[OUTPUT]   epochs         = 5
[OUTPUT]   batch_size     = 7
[OUTPUT] 2026-07-12T12:37:23.031068 Running DLIO [Training] with 2 process(es)
[OUTPUT] 2026-07-12T12:37:23.053962 skip_listing [train]: validating 1,401 of 14,000 files (first, last, every 10) via HEAD requests ...
[OUTPUT] 2026-07-12T12:37:23.064820 skip_listing [train]:   140/1,401 checked (10%)  —  13031 checks/s  —  ETA 0s  —  0 failed so far
[OUTPUT] 2026-07-12T12:37:23.069904 skip_listing [train]:   280/1,401 checked (20%)  —  17691 checks/s  —  ETA 0s  —  0 failed so far
[OUTPUT] 2026-07-12T12:37:23.074478 skip_listing [train]:   420/1,401 checked (30%)  —  20586 checks/s  —  ETA 0s  —  0 failed so far
[OUTPUT] 2026-07-12T12:37:23.078825 skip_listing [train]:   560/1,401 checked (40%)  —  22627 checks/s  —  ETA 0s  —  0 failed so far
[OUTPUT] 2026-07-12T12:37:23.083296 skip_listing [train]:   700/1,401 checked (50%)  —  23956 checks/s  —  ETA 0s  —  0 failed so far
[OUTPUT] 2026-07-12T12:37:23.087392 skip_listing [train]:   840/1,401 checked (60%)  —  25213 checks/s  —  ETA 0s  —  0 failed so far
[OUTPUT] 2026-07-12T12:37:23.091711 skip_listing [train]:   980/1,401 checked (70%)  —  26039 checks/s  —  ETA 0s  —  0 failed so far
[OUTPUT] 2026-07-12T12:37:23.095779 skip_listing [train]:   1,120/1,401 checked (80%)  —  26857 checks/s  —  ETA 0s  —  0 failed so far
[OUTPUT] 2026-07-12T12:37:23.099975 skip_listing [train]:   1,260/1,401 checked (90%)  —  27451 checks/s  —  ETA 0s  —  0 failed so far
[OUTPUT] 2026-07-12T12:37:23.104252 skip_listing [train]:   1,400/1,401 checked (100%)  —  27902 checks/s  —  ETA 0s  —  0 failed so far
[OUTPUT] 2026-07-12T12:37:23.104271 skip_listing [train]: validation complete — all 1,401 samples exist (0.1s, 27911 checks/s); 7,000 URIs ready for rank 0 (14,000 total across all ranks)
[OUTPUT] 2026-07-12T12:37:23.104314 File listing [train]: 14000 files discovered, 7000 assigned to rank 0, completed in 0.06s
[OUTPUT] 2026-07-12T12:37:23.104337 skip_listing [valid]: generated 0 file URIs deterministically (0 total — validation disabled)
[OUTPUT] 2026-07-12T12:37:23.104355 File listing [valid]: 0 files discovered, 0 assigned to rank 0, completed in 0.00s
[OUTPUT] 2026-07-12T12:37:23.104369 Streamed file sharding: 14000 train files across 2 ranks via round-robin (rank 0 shard: 7000 files)
[OUTPUT] 2026-07-12T12:37:23.342706 Max steps per epoch per rank: 2000 = 1 * 14000 / 7 (samples per file * local files / batch size)
[OUTPUT] 2026-07-12T12:37:23.344744 Reshard for epoch 1: 7000 train files, 0 eval files redistributed via alltoall in 0.00s
[OUTPUT] 2026-07-12T12:37:24.455645 Worker pre-warm complete (4 workers spawned)
[OUTPUT] 2026-07-12T12:37:24.506097 Starting epoch 1: 1000 steps expected
[OUTPUT] 2026-07-12T12:37:24.506292 Starting block 1
[OUTPUT] 2026-07-12T12:40:09.668117 Ending block 1 - 1000 steps completed in 165.16 s
[OUTPUT] 2026-07-12T12:40:09.670676 Epoch 1 - Block 1 [Training] Accelerator Utilization [AU] (%): 98.5643
[OUTPUT] 2026-07-12T12:40:09.670704 Epoch 1 - Block 1 [Training] Throughput (samples/second): 85.1387
[OUTPUT] 2026-07-12T12:40:09.671761 Epoch 1 - Block 1 [Training] Computation time per step (second): 0.1621+/-0.0000 (set value: {'mean': 0.162})
[OUTPUT] 2026-07-12T12:40:09.673064 Ending epoch 1 - 1000 steps completed in 165.17 s
[OUTPUT] 2026-07-12T12:40:09.675971 Reshard for epoch 2: 7000 train files, 0 eval files redistributed via alltoall in 0.00s
[OUTPUT] 2026-07-12T12:40:10.542256 Worker pre-warm complete for epoch 2 (4 workers spawned)
[OUTPUT] 2026-07-12T12:40:10.758422 Starting epoch 2: 1000 steps expected
[OUTPUT] 2026-07-12T12:40:10.758926 Starting block 1
[OUTPUT] 2026-07-12T12:42:56.053374 Ending block 1 - 1000 steps completed in 165.29 s
[OUTPUT] 2026-07-12T12:42:56.054833 Epoch 2 - Block 1 [Training] Accelerator Utilization [AU] (%): 98.3947
[OUTPUT] 2026-07-12T12:42:56.054869 Epoch 2 - Block 1 [Training] Throughput (samples/second): 84.9831
[OUTPUT] 2026-07-12T12:42:56.055050 Epoch 2 - Block 1 [Training] Computation time per step (second): 0.1621+/-0.0000 (set value: {'mean': 0.162})
[OUTPUT] 2026-07-12T12:42:56.056147 Ending epoch 2 - 1000 steps completed in 165.30 s
[OUTPUT] 2026-07-12T12:42:56.060095 Reshard for epoch 3: 7000 train files, 0 eval files redistributed via alltoall in 0.00s
[OUTPUT] 2026-07-12T12:42:56.737300 Worker pre-warm complete for epoch 3 (4 workers spawned)
[OUTPUT] 2026-07-12T12:42:56.996372 Starting epoch 3: 1000 steps expected
[OUTPUT] 2026-07-12T12:42:56.996927 Starting block 1
[OUTPUT] 2026-07-12T12:45:42.463426 Ending block 1 - 1000 steps completed in 165.47 s
[OUTPUT] 2026-07-12T12:45:42.464816 Epoch 3 - Block 1 [Training] Accelerator Utilization [AU] (%): 98.3547
[OUTPUT] 2026-07-12T12:45:42.464853 Epoch 3 - Block 1 [Training] Throughput (samples/second): 84.9542
[OUTPUT] 2026-07-12T12:45:42.465006 Epoch 3 - Block 1 [Training] Computation time per step (second): 0.1621+/-0.0000 (set value: {'mean': 0.162})
[OUTPUT] 2026-07-12T12:45:42.465853 Ending epoch 3 - 1000 steps completed in 165.47 s
[OUTPUT] 2026-07-12T12:45:42.469945 Reshard for epoch 4: 7000 train files, 0 eval files redistributed via alltoall in 0.00s
[OUTPUT] 2026-07-12T12:45:43.377308 Worker pre-warm complete for epoch 4 (4 workers spawned)
[OUTPUT] 2026-07-12T12:45:43.645789 Starting epoch 4: 1000 steps expected
[OUTPUT] 2026-07-12T12:45:43.646166 Starting block 1
[OUTPUT] 2026-07-12T12:48:28.727927 Ending block 1 - 1000 steps completed in 165.08 s
[OUTPUT] 2026-07-12T12:48:28.729269 Epoch 4 - Block 1 [Training] Accelerator Utilization [AU] (%): 98.5162
[OUTPUT] 2026-07-12T12:48:28.729296 Epoch 4 - Block 1 [Training] Throughput (samples/second): 85.0946
[OUTPUT] 2026-07-12T12:48:28.729434 Epoch 4 - Block 1 [Training] Computation time per step (second): 0.1621+/-0.0000 (set value: {'mean': 0.162})
[OUTPUT] 2026-07-12T12:48:28.730692 Ending epoch 4 - 1000 steps completed in 165.08 s
[OUTPUT] 2026-07-12T12:48:28.733724 Reshard for epoch 5: 7000 train files, 0 eval files redistributed via alltoall in 0.00s
[OUTPUT] 2026-07-12T12:48:29.454944 Worker pre-warm complete for epoch 5 (4 workers spawned)
[OUTPUT] 2026-07-12T12:48:29.707606 Starting epoch 5: 1000 steps expected
[OUTPUT] 2026-07-12T12:48:29.707976 Starting block 1
[OUTPUT] 2026-07-12T12:51:15.053360 Ending block 1 - 1000 steps completed in 165.35 s
[OUTPUT] 2026-07-12T12:51:15.055163 Epoch 5 - Block 1 [Training] Accelerator Utilization [AU] (%): 98.4205
[OUTPUT] 2026-07-12T12:51:15.055212 Epoch 5 - Block 1 [Training] Throughput (samples/second): 85.0148
[OUTPUT] 2026-07-12T12:51:15.055363 Epoch 5 - Block 1 [Training] Computation time per step (second): 0.1621+/-0.0000 (set value: {'mean': 0.162})
[OUTPUT] 2026-07-12T12:51:15.058633 Ending epoch 5 - 1000 steps completed in 165.35 s
[OUTPUT] 2026-07-12T12:51:15.062111 Reshard for epoch 6: 7000 train files, 0 eval files redistributed via alltoall in 0.00s
[OUTPUT] 2026-07-12T12:51:15.761399 Worker pre-warm complete for epoch 6 (4 workers spawned)
[OUTPUT] 2026-07-12T12:51:15.965409 Saved outputs in /etc/cwp/log/workload/5961/2026-07-12-12-02-35-a5f102dd-85fc-4a65-88ba-af1cd4e619f6/results/closed/Solidigm/results/Solidigm_D7-PS1010_7TB_Gen5_NVMe_TLC/training/unet3d/run/20260712_123718
[OUTPUT] Averaged metric over all steps/epochs
[METRIC] ==========================================================
[METRIC] Number of Simulated Accelerators: 2 
[METRIC] Training Accelerator Utilization [AU] (%): 98.4300 (0.0736)
[METRIC] Training Throughput (samples/second): 85.0193 (0.0659)
[METRIC] Training I/O Throughput (MiB/second): 11886.4860 (9.2158)
[METRIC] train_au_meet_expectation: success
[METRIC] ==========================================================

[OUTPUT] 2026-07-12T12:51:15.974162 outputs saved in RANKID_output.json
