[OUTPUT] [DEBUG DLIOBenchmark.__init__] After LoadConfig:
[OUTPUT]   storage_type   = <StorageType.LOCAL_FS: 'local_fs'>
[OUTPUT]   storage_root   = './'
[OUTPUT]   storage_options= None
[OUTPUT]   data_folder    = '/mnt/ubix/retinanet'
[OUTPUT]   framework      = <FrameworkType.PYTORCH: 'pytorch'>
[OUTPUT]   num_files_train= 68090280
[OUTPUT]   record_length  = 322957
[OUTPUT]   generate_data  = False
[OUTPUT]   do_train       = True
[OUTPUT]   do_checkpoint  = False
[OUTPUT]   epochs         = 8
[OUTPUT]   batch_size     = 24
[OUTPUT] 2026-07-23T20:35:44.570233 Running DLIO [Training] with 688 process(es)
[OUTPUT] 2026-07-23T20:35:44.767906 skip_listing [train]: validating 6,811 of 68,090,280 files (first, last, every 10,000) via HEAD requests ...
[OUTPUT] 2026-07-23T20:35:44.787826 skip_listing [train]:   500/6,811 checked (7%)  —  25226 checks/s  —  ETA 0s  —  0 failed so far
[OUTPUT] 2026-07-23T20:35:44.802202 skip_listing [train]:   1,000/6,811 checked (15%)  —  29243 checks/s  —  ETA 0s  —  0 failed so far
[OUTPUT] 2026-07-23T20:35:44.816497 skip_listing [train]:   1,500/6,811 checked (22%)  —  30932 checks/s  —  ETA 0s  —  0 failed so far
[OUTPUT] 2026-07-23T20:35:44.830767 skip_listing [train]:   2,000/6,811 checked (29%)  —  31865 checks/s  —  ETA 0s  —  0 failed so far
[OUTPUT] 2026-07-23T20:35:44.845019 skip_listing [train]:   2,500/6,811 checked (37%)  —  32461 checks/s  —  ETA 0s  —  0 failed so far
[OUTPUT] 2026-07-23T20:35:44.859667 skip_listing [train]:   3,000/6,811 checked (44%)  —  32728 checks/s  —  ETA 0s  —  0 failed so far
[OUTPUT] 2026-07-23T20:35:44.874258 skip_listing [train]:   3,500/6,811 checked (51%)  —  32940 checks/s  —  ETA 0s  —  0 failed so far
[OUTPUT] 2026-07-23T20:35:44.888869 skip_listing [train]:   4,000/6,811 checked (59%)  —  33095 checks/s  —  ETA 0s  —  0 failed so far
[OUTPUT] 2026-07-23T20:35:44.903405 skip_listing [train]:   4,500/6,811 checked (66%)  —  33235 checks/s  —  ETA 0s  —  0 failed so far
[OUTPUT] 2026-07-23T20:35:44.918121 skip_listing [train]:   5,000/6,811 checked (73%)  —  33307 checks/s  —  ETA 0s  —  0 failed so far
[OUTPUT] 2026-07-23T20:35:44.932407 skip_listing [train]:   5,500/6,811 checked (81%)  —  33454 checks/s  —  ETA 0s  —  0 failed so far
[OUTPUT] 2026-07-23T20:35:44.946530 skip_listing [train]:   6,000/6,811 checked (88%)  —  33608 checks/s  —  ETA 0s  —  0 failed so far
[OUTPUT] 2026-07-23T20:35:44.960378 skip_listing [train]:   6,500/6,811 checked (95%)  —  33788 checks/s  —  ETA 0s  —  0 failed so far
[OUTPUT] 2026-07-23T20:35:44.968991 skip_listing [train]: validation complete — all 6,811 samples exist (0.2s, 33888 checks/s); 98,969 URIs ready for rank 0 (68,090,280 total across all ranks)
[OUTPUT] 2026-07-23T20:35:44.970410 File listing [train]: 68090280 files discovered, 98968 assigned to rank 0, completed in 0.39s
[OUTPUT] 2026-07-23T20:35:44.970474 skip_listing [valid]: generated 0 file URIs deterministically (0 total — validation disabled)
[OUTPUT] 2026-07-23T20:35:44.970498 File listing [valid]: 0 files discovered, 0 assigned to rank 0, completed in 0.00s
[OUTPUT] 2026-07-23T20:35:44.970518 Streamed file sharding: 68090280 train files across 688 ranks via round-robin (rank 0 shard: 98968 files)
[WARNING] On host cn017: reader.read_threads=4 x local_ranks=43 = 172 workers, estimated ~86 GB — exceeds 50% of available RAM on this node (170 GB). Consider reducing read_threads to avoid OOM.
[WARNING] On host cn017: reader.read_threads=4 x local_ranks=43 = 172 workers, estimated ~86 GB — exceeds 50% of available RAM on this node (170 GB). Consider reducing read_threads to avoid OOM.
[WARNING] On host cn017: reader.read_threads=4 x local_ranks=43 = 172 workers, estimated ~86 GB — exceeds 50% of available RAM on this node (170 GB). Consider reducing read_threads to avoid OOM.
[WARNING] On host cn017: reader.read_threads=4 x local_ranks=43 = 172 workers, estimated ~86 GB — exceeds 50% of available RAM on this node (170 GB). Consider reducing read_threads to avoid OOM.
[WARNING] On host cn017: reader.read_threads=4 x local_ranks=43 = 172 workers, estimated ~86 GB — exceeds 50% of available RAM on this node (170 GB). Consider reducing read_threads to avoid OOM.
[WARNING] On host cn017: reader.read_threads=4 x local_ranks=43 = 172 workers, estimated ~86 GB — exceeds 50% of available RAM on this node (170 GB). Consider reducing read_threads to avoid OOM.
[WARNING] On host cn017: reader.read_threads=4 x local_ranks=43 = 172 workers, estimated ~86 GB — exceeds 50% of available RAM on this node (170 GB). Consider reducing read_threads to avoid OOM.
[WARNING] On host cn017: reader.read_threads=4 x local_ranks=43 = 172 workers, estimated ~86 GB — exceeds 50% of available RAM on this node (170 GB). Consider reducing read_threads to avoid OOM.
[WARNING] On host cn017: reader.read_threads=4 x local_ranks=43 = 172 workers, estimated ~86 GB — exceeds 50% of available RAM on this node (170 GB). Consider reducing read_threads to avoid OOM.
[WARNING] On host cn017: reader.read_threads=4 x local_ranks=43 = 172 workers, estimated ~86 GB — exceeds 50% of available RAM on this node (170 GB). Consider reducing read_threads to avoid OOM.
[WARNING] On host cn017: reader.read_threads=4 x local_ranks=43 = 172 workers, estimated ~86 GB — exceeds 50% of available RAM on this node (170 GB). Consider reducing read_threads to avoid OOM.
[WARNING] On host cn017: reader.read_threads=4 x local_ranks=43 = 172 workers, estimated ~86 GB — exceeds 50% of available RAM on this node (170 GB). Consider reducing read_threads to avoid OOM.
[WARNING] On host cn017: reader.read_threads=4 x local_ranks=43 = 172 workers, estimated ~86 GB — exceeds 50% of available RAM on this node (170 GB). Consider reducing read_threads to avoid OOM.
[WARNING] On host cn017: reader.read_threads=4 x local_ranks=43 = 172 workers, estimated ~86 GB — exceeds 50% of available RAM on this node (170 GB). Consider reducing read_threads to avoid OOM.
[WARNING] On host cn017: reader.read_threads=4 x local_ranks=43 = 172 workers, estimated ~86 GB — exceeds 50% of available RAM on this node (170 GB). Consider reducing read_threads to avoid OOM.
[WARNING] On host cn017: reader.read_threads=4 x local_ranks=43 = 172 workers, estimated ~86 GB — exceeds 50% of available RAM on this node (170 GB). Consider reducing read_threads to avoid OOM.
[WARNING] On host cn017: reader.read_threads=4 x local_ranks=43 = 172 workers, estimated ~86 GB — exceeds 50% of available RAM on this node (170 GB). Consider reducing read_threads to avoid OOM.
[WARNING] On host cn017: reader.read_threads=4 x local_ranks=43 = 172 workers, estimated ~86 GB — exceeds 50% of available RAM on this node (170 GB). Consider reducing read_threads to avoid OOM.
[WARNING] On host cn017: reader.read_threads=4 x local_ranks=43 = 172 workers, estimated ~86 GB — exceeds 50% of available RAM on this node (170 GB). Consider reducing read_threads to avoid OOM.
[WARNING] On host cn017: reader.read_threads=4 x local_ranks=43 = 172 workers, estimated ~86 GB — exceeds 50% of available RAM on this node (170 GB). Consider reducing read_threads to avoid OOM.
[WARNING] On host cn017: reader.read_threads=4 x local_ranks=43 = 172 workers, estimated ~86 GB — exceeds 50% of available RAM on this node (170 GB). Consider reducing read_threads to avoid OOM.
[WARNING] On host cn017: reader.read_threads=4 x local_ranks=43 = 172 workers, estimated ~86 GB — exceeds 50% of available RAM on this node (170 GB). Consider reducing read_threads to avoid OOM.
[WARNING] On host cn017: reader.read_threads=4 x local_ranks=43 = 172 workers, estimated ~86 GB — exceeds 50% of available RAM on this node (170 GB). Consider reducing read_threads to avoid OOM.
[WARNING] On host cn017: reader.read_threads=4 x local_ranks=43 = 172 workers, estimated ~86 GB — exceeds 50% of available RAM on this node (170 GB). Consider reducing read_threads to avoid OOM.
[WARNING] On host cn017: reader.read_threads=4 x local_ranks=43 = 172 workers, estimated ~86 GB — exceeds 50% of available RAM on this node (170 GB). Consider reducing read_threads to avoid OOM.
[WARNING] On host cn017: reader.read_threads=4 x local_ranks=43 = 172 workers, estimated ~86 GB — exceeds 50% of available RAM on this node (170 GB). Consider reducing read_threads to avoid OOM.
[WARNING] On host cn017: reader.read_threads=4 x local_ranks=43 = 172 workers, estimated ~86 GB — exceeds 50% of available RAM on this node (170 GB). Consider reducing read_threads to avoid OOM.
[WARNING] On host cn017: reader.read_threads=4 x local_ranks=43 = 172 workers, estimated ~86 GB — exceeds 50% of available RAM on this node (170 GB). Consider reducing read_threads to avoid OOM.
[WARNING] On host cn017: reader.read_threads=4 x local_ranks=43 = 172 workers, estimated ~86 GB — exceeds 50% of available RAM on this node (170 GB). Consider reducing read_threads to avoid OOM.
[WARNING] On host cn017: reader.read_threads=4 x local_ranks=43 = 172 workers, estimated ~86 GB — exceeds 50% of available RAM on this node (170 GB). Consider reducing read_threads to avoid OOM.
[WARNING] On host cn017: reader.read_threads=4 x local_ranks=43 = 172 workers, estimated ~86 GB — exceeds 50% of available RAM on this node (170 GB). Consider reducing read_threads to avoid OOM.
[WARNING] On host cn017: reader.read_threads=4 x local_ranks=43 = 172 workers, estimated ~86 GB — exceeds 50% of available RAM on this node (170 GB). Consider reducing read_threads to avoid OOM.
[WARNING] On host cn017: reader.read_threads=4 x local_ranks=43 = 172 workers, estimated ~86 GB — exceeds 50% of available RAM on this node (170 GB). Consider reducing read_threads to avoid OOM.
[WARNING] On host cn017: reader.read_threads=4 x local_ranks=43 = 172 workers, estimated ~86 GB — exceeds 50% of available RAM on this node (170 GB). Consider reducing read_threads to avoid OOM.
[WARNING] On host cn017: reader.read_threads=4 x local_ranks=43 = 172 workers, estimated ~86 GB — exceeds 50% of available RAM on this node (170 GB). Consider reducing read_threads to avoid OOM.
[WARNING] On host cn017: reader.read_threads=4 x local_ranks=43 = 172 workers, estimated ~86 GB — exceeds 50% of available RAM on this node (170 GB). Consider reducing read_threads to avoid OOM.
[WARNING] On host cn017: reader.read_threads=4 x local_ranks=43 = 172 workers, estimated ~86 GB — exceeds 50% of available RAM on this node (170 GB). Consider reducing read_threads to avoid OOM.
[WARNING] On host cn017: reader.read_threads=4 x local_ranks=43 = 172 workers, estimated ~86 GB — exceeds 50% of available RAM on this node (170 GB). Consider reducing read_threads to avoid OOM.
[WARNING] On host cn017: reader.read_threads=4 x local_ranks=43 = 172 workers, estimated ~86 GB — exceeds 50% of available RAM on this node (170 GB). Consider reducing read_threads to avoid OOM.
[WARNING] On host cn017: reader.read_threads=4 x local_ranks=43 = 172 workers, estimated ~86 GB — exceeds 50% of available RAM on this node (170 GB). Consider reducing read_threads to avoid OOM.
[WARNING] On host cn017: reader.read_threads=4 x local_ranks=43 = 172 workers, estimated ~86 GB — exceeds 50% of available RAM on this node (170 GB). Consider reducing read_threads to avoid OOM.
[WARNING] On host cn017: reader.read_threads=4 x local_ranks=43 = 172 workers, estimated ~86 GB — exceeds 50% of available RAM on this node (170 GB). Consider reducing read_threads to avoid OOM.
[WARNING] On host cn017: reader.read_threads=4 x local_ranks=43 = 172 workers, estimated ~86 GB — exceeds 50% of available RAM on this node (170 GB). Consider reducing read_threads to avoid OOM.
[OUTPUT] 2026-07-23T20:35:45.236608 Max steps per epoch per rank: 2837095 = 1 * 68090280 / 24 (samples per file * local files / batch size)
[OUTPUT] 2026-07-23T20:35:47.493152 Reshard for epoch 1: 98968 train files, 0 eval files redistributed via alltoall in 2.26s
[OUTPUT] 2026-07-23T20:35:48.324111 Worker pre-warm complete (4 workers spawned)
[OUTPUT] 2026-07-23T20:35:48.626734 Starting epoch 1: 4123 steps expected
[OUTPUT] 2026-07-23T20:35:48.627044 Starting block 1
[OUTPUT] 2026-07-23T20:39:39.269825 Ending block 1 - 4123 steps completed in 230.64 s
[OUTPUT] 2026-07-23T20:39:39.279669 Epoch 1 - Block 1 [Training] Accelerator Utilization [AU] (%): 85.2397
[OUTPUT] 2026-07-23T20:39:39.279719 Epoch 1 - Block 1 [Training] Throughput (samples/second): 295559.5187
[OUTPUT] 2026-07-23T20:39:39.284791 Epoch 1 - Block 1 [Training] Computation time per step (second): 0.0476+/-0.0000 (set value: {'mean': 0.04755})
[OUTPUT] 2026-07-23T20:39:39.411697 Ending epoch 1 - 4123 steps completed in 230.78 s
[OUTPUT] 2026-07-23T20:39:39.838247 Reshard for epoch 2: 98968 train files, 0 eval files redistributed via alltoall in 0.43s
[OUTPUT] 2026-07-23T20:39:41.142731 Worker pre-warm complete for epoch 2 (4 workers spawned)
[OUTPUT] 2026-07-23T20:40:02.869239 Starting epoch 2: 4123 steps expected
[OUTPUT] 2026-07-23T20:40:02.869795 Starting block 1
[OUTPUT] 2026-07-23T20:43:52.671195 Ending block 1 - 4123 steps completed in 229.80 s
[OUTPUT] 2026-07-23T20:43:52.673412 Epoch 2 - Block 1 [Training] Accelerator Utilization [AU] (%): 85.5780
[OUTPUT] 2026-07-23T20:43:52.673461 Epoch 2 - Block 1 [Training] Throughput (samples/second): 296736.4137
[OUTPUT] 2026-07-23T20:43:52.673819 Epoch 2 - Block 1 [Training] Computation time per step (second): 0.0476+/-0.0000 (set value: {'mean': 0.04755})
[OUTPUT] 2026-07-23T20:43:52.831497 Ending epoch 2 - 4123 steps completed in 229.96 s
[OUTPUT] 2026-07-23T20:43:53.267785 Reshard for epoch 3: 98968 train files, 0 eval files redistributed via alltoall in 0.44s
[OUTPUT] 2026-07-23T20:43:54.458781 Worker pre-warm complete for epoch 3 (4 workers spawned)
[OUTPUT] 2026-07-23T20:44:17.371392 Starting epoch 3: 4123 steps expected
[OUTPUT] 2026-07-23T20:44:17.371784 Starting block 1
[OUTPUT] 2026-07-23T20:48:07.082182 Ending block 1 - 4123 steps completed in 229.71 s
[OUTPUT] 2026-07-23T20:48:07.084081 Epoch 3 - Block 1 [Training] Accelerator Utilization [AU] (%): 85.5992
[OUTPUT] 2026-07-23T20:48:07.084130 Epoch 3 - Block 1 [Training] Throughput (samples/second): 296775.2211
[OUTPUT] 2026-07-23T20:48:07.084539 Epoch 3 - Block 1 [Training] Computation time per step (second): 0.0476+/-0.0000 (set value: {'mean': 0.04755})
[OUTPUT] 2026-07-23T20:48:07.111696 Ending epoch 3 - 4123 steps completed in 229.74 s
[OUTPUT] 2026-07-23T20:48:07.548474 Reshard for epoch 4: 98968 train files, 0 eval files redistributed via alltoall in 0.44s
Traceback (most recent call last):
  File "/usr/lib/python3.12/multiprocessing/util.py", line 303, in _run_finalizers
    finalizer()
  File "/usr/lib/python3.12/multiprocessing/util.py", line 227, in __call__
    res = self._callback(*self._args, **self._kwargs)
          ^^^^^^^^^^^^^^^^^^^^^^^^^^^^^^^^^^^^^^^^^^^
  File "/usr/lib/python3.12/multiprocessing/util.py", line 136, in _remove_temp_dir
    rmtree(tempdir, onerror=onerror)
  File "/usr/lib/python3.12/shutil.py", line 796, in rmtree
    onexc(os.rmdir, path, err)
  File "/usr/lib/python3.12/shutil.py", line 764, in onexc
    return onerror(func, path, exc_info)
           ^^^^^^^^^^^^^^^^^^^^^^^^^^^^^
  File "/usr/lib/python3.12/shutil.py", line 794, in rmtree
    os.rmdir(path, dir_fd=dir_fd)
OSError: [Errno 39] Directory not empty: '/tmp/pymp-njy405bz'
[OUTPUT] 2026-07-23T20:48:08.953418 Worker pre-warm complete for epoch 4 (4 workers spawned)
[OUTPUT] 2026-07-23T20:48:31.643251 Starting epoch 4: 4123 steps expected
[OUTPUT] 2026-07-23T20:48:31.643590 Starting block 1
[OUTPUT] 2026-07-23T20:52:21.107765 Ending block 1 - 4123 steps completed in 229.46 s
[OUTPUT] 2026-07-23T20:52:21.109311 Epoch 4 - Block 1 [Training] Accelerator Utilization [AU] (%): 85.7033
[OUTPUT] 2026-07-23T20:52:21.109950 Epoch 4 - Block 1 [Training] Throughput (samples/second): 297148.0068
[OUTPUT] 2026-07-23T20:52:21.110304 Epoch 4 - Block 1 [Training] Computation time per step (second): 0.0476+/-0.0000 (set value: {'mean': 0.04755})
[OUTPUT] 2026-07-23T20:52:21.177479 Ending epoch 4 - 4123 steps completed in 229.53 s
[OUTPUT] 2026-07-23T20:52:21.601387 Reshard for epoch 5: 98968 train files, 0 eval files redistributed via alltoall in 0.42s
Traceback (most recent call last):
  File "/usr/lib/python3.12/multiprocessing/util.py", line 303, in _run_finalizers
    finalizer()
  File "/usr/lib/python3.12/multiprocessing/util.py", line 227, in __call__
    res = self._callback(*self._args, **self._kwargs)
          ^^^^^^^^^^^^^^^^^^^^^^^^^^^^^^^^^^^^^^^^^^^
  File "/usr/lib/python3.12/multiprocessing/util.py", line 136, in _remove_temp_dir
    rmtree(tempdir, onerror=onerror)
  File "/usr/lib/python3.12/shutil.py", line 796, in rmtree
    onexc(os.rmdir, path, err)
  File "/usr/lib/python3.12/shutil.py", line 764, in onexc
    return onerror(func, path, exc_info)
           ^^^^^^^^^^^^^^^^^^^^^^^^^^^^^
  File "/usr/lib/python3.12/shutil.py", line 794, in rmtree
    os.rmdir(path, dir_fd=dir_fd)
OSError: [Errno 39] Directory not empty: '/tmp/pymp-fgi73sot'
[OUTPUT] 2026-07-23T20:52:23.031942 Worker pre-warm complete for epoch 5 (4 workers spawned)
[OUTPUT] 2026-07-23T20:52:46.145751 Starting epoch 5: 4123 steps expected
[OUTPUT] 2026-07-23T20:52:46.146118 Starting block 1
[OUTPUT] 2026-07-23T20:56:35.639541 Ending block 1 - 4123 steps completed in 229.49 s
[OUTPUT] 2026-07-23T20:56:35.641117 Epoch 5 - Block 1 [Training] Accelerator Utilization [AU] (%): 85.6702
[OUTPUT] 2026-07-23T20:56:35.641163 Epoch 5 - Block 1 [Training] Throughput (samples/second): 297013.0812
[OUTPUT] 2026-07-23T20:56:35.641523 Epoch 5 - Block 1 [Training] Computation time per step (second): 0.0476+/-0.0000 (set value: {'mean': 0.04755})
[OUTPUT] 2026-07-23T20:56:35.705339 Ending epoch 5 - 4123 steps completed in 229.56 s
[OUTPUT] 2026-07-23T20:56:36.131170 Reshard for epoch 6: 98968 train files, 0 eval files redistributed via alltoall in 0.42s
Traceback (most recent call last):
  File "/usr/lib/python3.12/multiprocessing/util.py", line 303, in _run_finalizers
    finalizer()
  File "/usr/lib/python3.12/multiprocessing/util.py", line 227, in __call__
    res = self._callback(*self._args, **self._kwargs)
          ^^^^^^^^^^^^^^^^^^^^^^^^^^^^^^^^^^^^^^^^^^^
  File "/usr/lib/python3.12/multiprocessing/util.py", line 136, in _remove_temp_dir
    rmtree(tempdir, onerror=onerror)
  File "/usr/lib/python3.12/shutil.py", line 796, in rmtree
    onexc(os.rmdir, path, err)
  File "/usr/lib/python3.12/shutil.py", line 764, in onexc
    return onerror(func, path, exc_info)
           ^^^^^^^^^^^^^^^^^^^^^^^^^^^^^
  File "/usr/lib/python3.12/shutil.py", line 794, in rmtree
    os.rmdir(path, dir_fd=dir_fd)
OSError: [Errno 39] Directory not empty: '/tmp/pymp-kd8t0dcg'
[OUTPUT] 2026-07-23T20:56:37.793484 Worker pre-warm complete for epoch 6 (4 workers spawned)
[OUTPUT] 2026-07-23T20:57:01.275128 Starting epoch 6: 4123 steps expected
[OUTPUT] 2026-07-23T20:57:01.275469 Starting block 1
[OUTPUT] 2026-07-23T21:00:50.780225 Ending block 1 - 4123 steps completed in 229.50 s
[OUTPUT] 2026-07-23T21:00:50.782028 Epoch 6 - Block 1 [Training] Accelerator Utilization [AU] (%): 85.6689
[OUTPUT] 2026-07-23T21:00:50.782081 Epoch 6 - Block 1 [Training] Throughput (samples/second): 297021.6903
[OUTPUT] 2026-07-23T21:00:50.782481 Epoch 6 - Block 1 [Training] Computation time per step (second): 0.0476+/-0.0000 (set value: {'mean': 0.04755})
[OUTPUT] 2026-07-23T21:00:50.788273 Ending epoch 6 - 4123 steps completed in 229.51 s
[OUTPUT] 2026-07-23T21:00:51.219523 Reshard for epoch 7: 98968 train files, 0 eval files redistributed via alltoall in 0.43s
[OUTPUT] 2026-07-23T21:00:52.704442 Worker pre-warm complete for epoch 7 (4 workers spawned)
[OUTPUT] 2026-07-23T21:01:15.985336 Starting epoch 7: 4123 steps expected
[OUTPUT] 2026-07-23T21:01:15.985799 Starting block 1
[OUTPUT] 2026-07-23T21:05:05.364658 Ending block 1 - 4123 steps completed in 229.38 s
[OUTPUT] 2026-07-23T21:05:05.366878 Epoch 7 - Block 1 [Training] Accelerator Utilization [AU] (%): 85.7539
[OUTPUT] 2026-07-23T21:05:05.366940 Epoch 7 - Block 1 [Training] Throughput (samples/second): 297316.4634
[OUTPUT] 2026-07-23T21:05:05.367361 Epoch 7 - Block 1 [Training] Computation time per step (second): 0.0476+/-0.0000 (set value: {'mean': 0.04755})
[OUTPUT] 2026-07-23T21:05:05.425624 Ending epoch 7 - 4123 steps completed in 229.44 s
[OUTPUT] 2026-07-23T21:05:05.849782 Reshard for epoch 8: 98968 train files, 0 eval files redistributed via alltoall in 0.42s
[OUTPUT] 2026-07-23T21:05:07.318140 Worker pre-warm complete for epoch 8 (4 workers spawned)
[OUTPUT] 2026-07-23T21:05:30.350170 Starting epoch 8: 4123 steps expected
[OUTPUT] 2026-07-23T21:05:30.350525 Starting block 1
[OUTPUT] 2026-07-23T21:09:19.680280 Ending block 1 - 4123 steps completed in 229.33 s
[OUTPUT] 2026-07-23T21:09:19.682228 Epoch 8 - Block 1 [Training] Accelerator Utilization [AU] (%): 85.7429
[OUTPUT] 2026-07-23T21:09:19.682297 Epoch 8 - Block 1 [Training] Throughput (samples/second): 297274.7350
[OUTPUT] 2026-07-23T21:09:19.682740 Epoch 8 - Block 1 [Training] Computation time per step (second): 0.0476+/-0.0000 (set value: {'mean': 0.04755})
[OUTPUT] 2026-07-23T21:09:19.792254 Ending epoch 8 - 4123 steps completed in 229.44 s
[OUTPUT] 2026-07-23T21:09:20.217994 Reshard for epoch 9: 98968 train files, 0 eval files redistributed via alltoall in 0.42s
[OUTPUT] 2026-07-23T21:09:21.529100 Worker pre-warm complete for epoch 9 (4 workers spawned)
[OUTPUT] 2026-07-23T21:09:21.871944 Saved outputs in /mnt/share/storage_results_v3/closed/UBIX/results/UbiPower18000_16x15.36TB_NVMe_4xNDR400_3xStorageNode_16hosts256GBMem/training/retinanet/run/20260723_203507
[OUTPUT] Averaged metric over all steps/epochs
[METRIC] ==========================================================
[METRIC] Number of Simulated Accelerators: 688 
[METRIC] Training Accelerator Utilization [AU] (%): 85.6161 (0.1676)
[METRIC] Training Throughput (samples/second): 296838.8182 (581.7807)
[METRIC] Training I/O Throughput (MiB/second): 91425.1081 (179.1860)
[METRIC] train_au_meet_expectation: success
[METRIC] ==========================================================

[OUTPUT] 2026-07-23T21:09:31.184572 outputs saved in RANKID_output.json
