[OUTPUT] [DEBUG DLIOBenchmark.__init__] After LoadConfig:
[OUTPUT]   storage_type   = <StorageType.S3: 's3'>
[OUTPUT]   storage_root   = 'mlp-unet3d'
[OUTPUT]   storage_options= {'storage_library': 's3dlio', 'uri_scheme': 's3', 'access_key_id': 'ais', 'secret_access_key': 'ais', 'endpoint_url': 'http://10.49.42.215:51080/s3/', 'region': 'us-east-1'}
[OUTPUT]   data_folder    = 'data/u10-6n/unet3d'
[OUTPUT]   framework      = <FrameworkType.PYTORCH: 'pytorch'>
[OUTPUT]   num_files_train= 555000
[OUTPUT]   record_length  = 146600628
[OUTPUT]   generate_data  = False
[OUTPUT]   do_train       = True
[OUTPUT]   do_checkpoint  = False
[OUTPUT]   epochs         = 5
[OUTPUT]   batch_size     = 7
[OUTPUT] 2026-07-11T13:49:27.847222 Running DLIO [Training] with 10 process(es)
[OUTPUT] 2026-07-11T13:49:27.983785 skip_listing [train]: validating 5,551 of 555,000 files (first, last, every 100) via HEAD requests ...
[OUTPUT] 2026-07-11T13:49:28.253658 skip_listing [train]:   500/5,551 checked (9%)  —  1855 checks/s  —  ETA 3s  —  0 failed so far
[OUTPUT] 2026-07-11T13:49:28.508980 skip_listing [train]:   1,000/5,551 checked (18%)  —  1905 checks/s  —  ETA 2s  —  0 failed so far
[OUTPUT] 2026-07-11T13:49:28.759984 skip_listing [train]:   1,500/5,551 checked (27%)  —  1933 checks/s  —  ETA 2s  —  0 failed so far
[OUTPUT] 2026-07-11T13:49:28.997517 skip_listing [train]:   2,000/5,551 checked (36%)  —  1973 checks/s  —  ETA 2s  —  0 failed so far
[OUTPUT] 2026-07-11T13:49:29.235076 skip_listing [train]:   2,500/5,551 checked (45%)  —  1998 checks/s  —  ETA 2s  —  0 failed so far
[OUTPUT] 2026-07-11T13:49:29.475566 skip_listing [train]:   3,000/5,551 checked (54%)  —  2011 checks/s  —  ETA 1s  —  0 failed so far
[OUTPUT] 2026-07-11T13:49:29.712929 skip_listing [train]:   3,500/5,551 checked (63%)  —  2024 checks/s  —  ETA 1s  —  0 failed so far
[OUTPUT] 2026-07-11T13:49:29.960820 skip_listing [train]:   4,000/5,551 checked (72%)  —  2023 checks/s  —  ETA 1s  —  0 failed so far
[OUTPUT] 2026-07-11T13:49:30.197884 skip_listing [train]:   4,500/5,551 checked (81%)  —  2033 checks/s  —  ETA 1s  —  0 failed so far
[OUTPUT] 2026-07-11T13:49:30.442563 skip_listing [train]:   5,000/5,551 checked (90%)  —  2034 checks/s  —  ETA 0s  —  0 failed so far
[OUTPUT] 2026-07-11T13:49:30.693785 skip_listing [train]:   5,500/5,551 checked (99%)  —  2030 checks/s  —  ETA 0s  —  0 failed so far
[OUTPUT] 2026-07-11T13:49:30.718500 skip_listing [train]: validation complete — all 5,551 samples exist (2.7s, 2030 checks/s); 55,500 URIs ready for rank 0 (555,000 total across all ranks)
[OUTPUT] 2026-07-11T13:49:30.718928 File listing [train]: 555000 files discovered, 55500 assigned to rank 0, completed in 2.83s
[OUTPUT] 2026-07-11T13:49:30.718979 skip_listing [valid]: generated 0 file URIs deterministically (0 total — validation disabled)
[OUTPUT] 2026-07-11T13:49:30.719005 File listing [valid]: 0 files discovered, 0 assigned to rank 0, completed in 0.00s
[OUTPUT] 2026-07-11T13:49:30.719025 Streamed file sharding: 555000 train files across 10 ranks via round-robin (rank 0 shard: 55500 files)
[OUTPUT] 2026-07-11T13:49:31.389242 Max steps per epoch per rank: 79285 = 1 * 555000 / 7 (samples per file * local files / batch size)
[OUTPUT] 2026-07-11T13:49:31.423527 Reshard for epoch 1: 55500 train files, 0 eval files redistributed via alltoall in 0.03s
[OUTPUT] 2026-07-11T13:49:41.001746 Worker pre-warm complete (4 workers spawned)
[OUTPUT] 2026-07-11T13:49:41.628412 Starting epoch 1: 7928 steps expected
[OUTPUT] 2026-07-11T13:49:41.629470 Starting block 1
[OUTPUT] 2026-07-11T14:11:26.380405 Ending block 1 - 7928 steps completed in 1304.75 s
[OUTPUT] 2026-07-11T14:11:26.389675 Epoch 1 - Block 1 [Training] Accelerator Utilization [AU] (%): 98.7179
[OUTPUT] 2026-07-11T14:11:26.389718 Epoch 1 - Block 1 [Training] Throughput (samples/second): 426.3105
[OUTPUT] 2026-07-11T14:11:26.392673 Epoch 1 - Block 1 [Training] Computation time per step (second): 0.1621+/-0.0000 (set value: {'mean': 0.162})
[OUTPUT] 2026-07-11T14:11:26.393365 Ending epoch 1 - 7928 steps completed in 1304.76 s
[OUTPUT] 2026-07-11T14:11:26.419909 Reshard for epoch 2: 55500 train files, 0 eval files redistributed via alltoall in 0.03s
[OUTPUT] 2026-07-11T14:11:29.236249 Worker pre-warm complete for epoch 2 (4 workers spawned)
[OUTPUT] 2026-07-11T14:11:29.758414 Starting epoch 2: 7928 steps expected
[OUTPUT] 2026-07-11T14:11:29.758967 Starting block 1
[OUTPUT] 2026-07-11T14:33:14.480793 Ending block 1 - 7928 steps completed in 1304.72 s
[OUTPUT] 2026-07-11T14:33:14.483292 Epoch 2 - Block 1 [Training] Accelerator Utilization [AU] (%): 98.7330
[OUTPUT] 2026-07-11T14:33:14.483334 Epoch 2 - Block 1 [Training] Throughput (samples/second): 426.3876
[OUTPUT] 2026-07-11T14:33:14.484000 Epoch 2 - Block 1 [Training] Computation time per step (second): 0.1621+/-0.0000 (set value: {'mean': 0.162})
[OUTPUT] 2026-07-11T14:33:14.484553 Ending epoch 2 - 7928 steps completed in 1304.73 s
[OUTPUT] 2026-07-11T14:33:14.511648 Reshard for epoch 3: 55500 train files, 0 eval files redistributed via alltoall in 0.03s
[OUTPUT] 2026-07-11T14:33:17.011104 Worker pre-warm complete for epoch 3 (4 workers spawned)
[OUTPUT] 2026-07-11T14:33:18.155349 Starting epoch 3: 7928 steps expected
[OUTPUT] 2026-07-11T14:33:18.155911 Starting block 1
[OUTPUT] 2026-07-11T14:55:02.639759 Ending block 1 - 7928 steps completed in 1304.48 s
[OUTPUT] 2026-07-11T14:55:02.641302 Epoch 3 - Block 1 [Training] Accelerator Utilization [AU] (%): 98.7323
[OUTPUT] 2026-07-11T14:55:02.641336 Epoch 3 - Block 1 [Training] Throughput (samples/second): 426.3807
[OUTPUT] 2026-07-11T14:55:02.641947 Epoch 3 - Block 1 [Training] Computation time per step (second): 0.1621+/-0.0000 (set value: {'mean': 0.162})
[OUTPUT] 2026-07-11T14:55:02.642747 Ending epoch 3 - 7928 steps completed in 1304.49 s
[OUTPUT] 2026-07-11T14:55:02.669145 Reshard for epoch 4: 55500 train files, 0 eval files redistributed via alltoall in 0.03s
[OUTPUT] 2026-07-11T14:55:05.542807 Worker pre-warm complete for epoch 4 (4 workers spawned)
[OUTPUT] 2026-07-11T14:55:06.011721 Starting epoch 4: 7928 steps expected
[OUTPUT] 2026-07-11T14:55:06.012117 Starting block 1
[OUTPUT] 2026-07-11T15:16:50.348514 Ending block 1 - 7928 steps completed in 1304.34 s
[OUTPUT] 2026-07-11T15:16:50.350684 Epoch 4 - Block 1 [Training] Accelerator Utilization [AU] (%): 98.7502
[OUTPUT] 2026-07-11T15:16:50.350722 Epoch 4 - Block 1 [Training] Throughput (samples/second): 426.4606
[OUTPUT] 2026-07-11T15:16:50.351335 Epoch 4 - Block 1 [Training] Computation time per step (second): 0.1621+/-0.0000 (set value: {'mean': 0.162})
[OUTPUT] 2026-07-11T15:16:50.352091 Ending epoch 4 - 7928 steps completed in 1304.34 s
[OUTPUT] 2026-07-11T15:16:50.377112 Reshard for epoch 5: 55500 train files, 0 eval files redistributed via alltoall in 0.02s
[OUTPUT] 2026-07-11T15:16:53.010105 Worker pre-warm complete for epoch 5 (4 workers spawned)
[OUTPUT] 2026-07-11T15:16:53.856042 Starting epoch 5: 7928 steps expected
[OUTPUT] 2026-07-11T15:16:53.856468 Starting block 1
[OUTPUT] 2026-07-11T15:38:38.036970 Ending block 1 - 7928 steps completed in 1304.18 s
[OUTPUT] 2026-07-11T15:38:38.038036 Epoch 5 - Block 1 [Training] Accelerator Utilization [AU] (%): 98.7781
[OUTPUT] 2026-07-11T15:38:38.038070 Epoch 5 - Block 1 [Training] Throughput (samples/second): 426.5807
[OUTPUT] 2026-07-11T15:38:38.038671 Epoch 5 - Block 1 [Training] Computation time per step (second): 0.1621+/-0.0000 (set value: {'mean': 0.162})
[OUTPUT] 2026-07-11T15:38:38.039200 Ending epoch 5 - 7928 steps completed in 1304.18 s
[OUTPUT] 2026-07-11T15:38:38.064751 Reshard for epoch 6: 55500 train files, 0 eval files redistributed via alltoall in 0.02s
[OUTPUT] 2026-07-11T15:38:40.784599 Worker pre-warm complete for epoch 6 (4 workers spawned)
[OUTPUT] 2026-07-11T15:38:41.578700 Saved outputs in /home/opc/mlps-6n10-unet-submission/closed/nvidia/results/aistore-6n-oci-bm-denseio-e5-128-10client/training/unet3d/run/20260711_134914
[OUTPUT] Averaged metric over all steps/epochs
[METRIC] ==========================================================
[METRIC] Number of Simulated Accelerators: 10 
[METRIC] Training Accelerator Utilization [AU] (%): 98.7555 (0.0195)
[METRIC] Training Throughput (samples/second): 426.4750 (0.0869)
[METRIC] Training I/O Throughput (MiB/second): 59625.1540 (12.1468)
[METRIC] train_au_meet_expectation: success
[METRIC] ==========================================================

[OUTPUT] 2026-07-11T15:38:41.662893 outputs saved in RANKID_output.json
