[OUTPUT] [DEBUG DLIOBenchmark.__init__] After LoadConfig:
[OUTPUT]   storage_type   = <StorageType.LOCAL_FS: 'local_fs'>
[OUTPUT]   storage_root   = './'
[OUTPUT]   storage_options= None
[OUTPUT]   data_folder    = '/mnt/glfs/GalaxSphere-3Tier0/training/unet3d'
[OUTPUT]   framework      = <FrameworkType.PYTORCH: 'pytorch'>
[OUTPUT]   num_files_train= 262500
[OUTPUT]   record_length  = 146600628
[OUTPUT]   generate_data  = False
[OUTPUT]   do_train       = True
[OUTPUT]   do_checkpoint  = False
[OUTPUT]   epochs         = 5
[OUTPUT]   batch_size     = 7
[OUTPUT] 2026-07-13T15:50:17.313029 Running DLIO [Training] with 60 process(es)
[OUTPUT] 2026-07-13T15:50:17.338260 skip_listing [train]: validating 262,500 of 262,500 files (first, last, every 1) via HEAD requests ...
[OUTPUT] 2026-07-13T15:50:17.344665 skip_listing [train]:   500/262,500 checked (0%)  —  79831 checks/s  —  ETA 3s  —  0 failed so far
[OUTPUT] 2026-07-13T15:50:17.350306 skip_listing [train]:   1,000/262,500 checked (0%)  —  83994 checks/s  —  ETA 3s  —  0 failed so far
[OUTPUT] 2026-07-13T15:50:17.356532 skip_listing [train]:   1,500/262,500 checked (1%)  —  82721 checks/s  —  ETA 3s  —  0 failed so far
[OUTPUT] 2026-07-13T15:50:17.363838 skip_listing [train]:   2,000/262,500 checked (1%)  —  78619 checks/s  —  ETA 3s  —  0 failed so far
[OUTPUT] 2026-07-13T15:50:17.367222 skip_listing [train]:   2,500/262,500 checked (1%)  —  86737 checks/s  —  ETA 3s  —  0 failed so far
[OUTPUT] 2026-07-13T15:50:17.370655 skip_listing [train]:   3,000/262,500 checked (1%)  —  93005 checks/s  —  ETA 3s  —  0 failed so far
[OUTPUT] 2026-07-13T15:50:17.374820 skip_listing [train]:   3,500/262,500 checked (1%)  —  96098 checks/s  —  ETA 3s  —  0 failed so far
[OUTPUT] 2026-07-13T15:50:17.376826 skip_listing [train]:   4,000/262,500 checked (2%)  —  104093 checks/s  —  ETA 2s  —  0 failed so far
[OUTPUT] 2026-07-13T15:50:17.381710 skip_listing [train]:   4,500/262,500 checked (2%)  —  103900 checks/s  —  ETA 2s  —  0 failed so far
[OUTPUT] 2026-07-13T15:50:17.386077 skip_listing [train]:   5,000/262,500 checked (2%)  —  104869 checks/s  —  ETA 2s  —  0 failed so far
[OUTPUT] 2026-07-13T15:50:17.390004 skip_listing [train]:   5,500/262,500 checked (2%)  —  106578 checks/s  —  ETA 2s  —  0 failed so far
[OUTPUT] 2026-07-13T15:50:17.393217 skip_listing [train]:   6,000/262,500 checked (2%)  —  109453 checks/s  —  ETA 2s  —  0 failed so far
[OUTPUT] 2026-07-13T15:50:17.397765 skip_listing [train]:   6,500/262,500 checked (2%)  —  109489 checks/s  —  ETA 2s  —  0 failed so far
[OUTPUT] 2026-07-13T15:50:17.399751 skip_listing [train]:   7,000/262,500 checked (3%)  —  114095 checks/s  —  ETA 2s  —  0 failed so far
[OUTPUT] 2026-07-13T15:50:17.403016 skip_listing [train]:   7,500/262,500 checked (3%)  —  116069 checks/s  —  ETA 2s  —  0 failed so far
[OUTPUT] 2026-07-13T15:50:17.405705 skip_listing [train]:   8,000/262,500 checked (3%)  —  118860 checks/s  —  ETA 2s  —  0 failed so far
[OUTPUT] 2026-07-13T15:50:17.410076 skip_listing [train]:   8,500/262,500 checked (3%)  —  118587 checks/s  —  ETA 2s  —  0 failed so far
[OUTPUT] 2026-07-13T15:50:17.414560 skip_listing [train]:   9,000/262,500 checked (3%)  —  118170 checks/s  —  ETA 2s  —  0 failed so far
[OUTPUT] 2026-07-13T15:50:17.417443 skip_listing [train]:   9,500/262,500 checked (4%)  —  120186 checks/s  —  ETA 2s  —  0 failed so far
[OUTPUT] 2026-07-13T15:50:17.419979 skip_listing [train]:   10,000/262,500 checked (4%)  —  122579 checks/s  —  ETA 2s  —  0 failed so far
[OUTPUT] 2026-07-13T15:50:17.423947 skip_listing [train]:   10,500/262,500 checked (4%)  —  122738 checks/s  —  ETA 2s  —  0 failed so far
[OUTPUT] 2026-07-13T15:50:17.426818 skip_listing [train]:   11,000/262,500 checked (4%)  —  124407 checks/s  —  ETA 2s  —  0 failed so far
[OUTPUT] 2026-07-13T15:50:17.429566 skip_listing [train]:   11,500/262,500 checked (4%)  —  126142 checks/s  —  ETA 2s  —  0 failed so far
[OUTPUT] 2026-07-13T15:50:17.432751 skip_listing [train]:   12,000/262,500 checked (5%)  —  127182 checks/s  —  ETA 2s  —  0 failed so far
[OUTPUT] 2026-07-13T15:50:17.435013 skip_listing [train]:   12,500/262,500 checked (5%)  —  129380 checks/s  —  ETA 2s  —  0 failed so far
[OUTPUT] 2026-07-13T15:50:17.439237 skip_listing [train]:   13,000/262,500 checked (5%)  —  128919 checks/s  —  ETA 2s  —  0 failed so far
[OUTPUT] 2026-07-13T15:50:17.443069 skip_listing [train]:   13,500/262,500 checked (5%)  —  128977 checks/s  —  ETA 2s  —  0 failed so far
[OUTPUT] 2026-07-13T15:50:17.447817 skip_listing [train]:   14,000/262,500 checked (5%)  —  127950 checks/s  —  ETA 2s  —  0 failed so far
[OUTPUT] 2026-07-13T15:50:17.451293 skip_listing [train]:   14,500/262,500 checked (6%)  —  128439 checks/s  —  ETA 2s  —  0 failed so far
[OUTPUT] 2026-07-13T15:50:17.455332 skip_listing [train]:   15,000/262,500 checked (6%)  —  128278 checks/s  —  ETA 2s  —  0 failed so far
[OUTPUT] 2026-07-13T15:50:17.458226 skip_listing [train]:   15,500/262,500 checked (6%)  —  129353 checks/s  —  ETA 2s  —  0 failed so far
[OUTPUT] 2026-07-13T15:50:17.462281 skip_listing [train]:   16,000/262,500 checked (6%)  —  129155 checks/s  —  ETA 2s  —  0 failed so far
[OUTPUT] 2026-07-13T15:50:17.466175 skip_listing [train]:   16,500/262,500 checked (6%)  —  129132 checks/s  —  ETA 2s  —  0 failed so far
[OUTPUT] 2026-07-13T15:50:17.468714 skip_listing [train]:   17,000/262,500 checked (6%)  —  130453 checks/s  —  ETA 2s  —  0 failed so far
[OUTPUT] 2026-07-13T15:50:17.470940 skip_listing [train]:   17,500/262,500 checked (7%)  —  132034 checks/s  —  ETA 2s  —  0 failed so far
[OUTPUT] 2026-07-13T15:50:17.473495 skip_listing [train]:   18,000/262,500 checked (7%)  —  133238 checks/s  —  ETA 2s  —  0 failed so far
[OUTPUT] 2026-07-13T15:50:17.476449 skip_listing [train]:   18,500/262,500 checked (7%)  —  134009 checks/s  —  ETA 2s  —  0 failed so far
[OUTPUT] 2026-07-13T15:50:17.479819 skip_listing [train]:   19,000/262,500 checked (7%)  —  134351 checks/s  —  ETA 2s  —  0 failed so far
[OUTPUT] 2026-07-13T15:50:17.483276 skip_listing [train]:   19,500/262,500 checked (7%)  —  134597 checks/s  —  ETA 2s  —  0 failed so far
[OUTPUT] 2026-07-13T15:50:17.487483 skip_listing [train]:   20,000/262,500 checked (8%)  —  134153 checks/s  —  ETA 2s  —  0 failed so far
[OUTPUT] 2026-07-13T15:50:17.491500 skip_listing [train]:   20,500/262,500 checked (8%)  —  133898 checks/s  —  ETA 2s  —  0 failed so far
[OUTPUT] 2026-07-13T15:50:17.495763 skip_listing [train]:   21,000/262,500 checked (8%)  —  133449 checks/s  —  ETA 2s  —  0 failed so far
[OUTPUT] 2026-07-13T15:50:17.500855 skip_listing [train]:   21,500/262,500 checked (8%)  —  132343 checks/s  —  ETA 2s  —  0 failed so far
[OUTPUT] 2026-07-13T15:50:17.505218 skip_listing [train]:   22,000/262,500 checked (8%)  —  131879 checks/s  —  ETA 2s  —  0 failed so far
[OUTPUT] 2026-07-13T15:50:17.507439 skip_listing [train]:   22,500/262,500 checked (9%)  —  133104 checks/s  —  ETA 2s  —  0 failed so far
[OUTPUT] 2026-07-13T15:50:17.510526 skip_listing [train]:   23,000/262,500 checked (9%)  —  133622 checks/s  —  ETA 2s  —  0 failed so far
[OUTPUT] 2026-07-13T15:50:17.513468 skip_listing [train]:   23,500/262,500 checked (9%)  —  134232 checks/s  —  ETA 2s  —  0 failed so far
[OUTPUT] 2026-07-13T15:50:17.515762 skip_listing [train]:   24,000/262,500 checked (9%)  —  135315 checks/s  —  ETA 2s  —  0 failed so far
[OUTPUT] 2026-07-13T15:50:17.518911 skip_listing [train]:   24,500/262,500 checked (9%)  —  135725 checks/s  —  ETA 2s  —  0 failed so far
[OUTPUT] 2026-07-13T15:50:17.521979 skip_listing [train]:   25,000/262,500 checked (10%)  —  136180 checks/s  —  ETA 2s  —  0 failed so far
[OUTPUT] 2026-07-13T15:50:17.524175 skip_listing [train]:   25,500/262,500 checked (10%)  —  137262 checks/s  —  ETA 2s  —  0 failed so far
[OUTPUT] 2026-07-13T15:50:17.527458 skip_listing [train]:   26,000/262,500 checked (10%)  —  137523 checks/s  —  ETA 2s  —  0 failed so far
[OUTPUT] 2026-07-13T15:50:17.530653 skip_listing [train]:   26,500/262,500 checked (10%)  —  137838 checks/s  —  ETA 2s  —  0 failed so far
[OUTPUT] 2026-07-13T15:50:17.534590 skip_listing [train]:   27,000/262,500 checked (10%)  —  137621 checks/s  —  ETA 2s  —  0 failed so far
[OUTPUT] 2026-07-13T15:50:17.538581 skip_listing [train]:   27,500/262,500 checked (10%)  —  137374 checks/s  —  ETA 2s  —  0 failed so far
[OUTPUT] 2026-07-13T15:50:17.543409 skip_listing [train]:   28,000/262,500 checked (11%)  —  136580 checks/s  —  ETA 2s  —  0 failed so far
[OUTPUT] 2026-07-13T15:50:17.549114 skip_listing [train]:   28,500/262,500 checked (11%)  —  135255 checks/s  —  ETA 2s  —  0 failed so far
[OUTPUT] 2026-07-13T15:50:17.551112 skip_listing [train]:   29,000/262,500 checked (11%)  —  136334 checks/s  —  ETA 2s  —  0 failed so far
[OUTPUT] 2026-07-13T15:50:17.554888 skip_listing [train]:   29,500/262,500 checked (11%)  —  136266 checks/s  —  ETA 2s  —  0 failed so far
[OUTPUT] 2026-07-13T15:50:17.558072 skip_listing [train]:   30,000/262,500 checked (11%)  —  136566 checks/s  —  ETA 2s  —  0 failed so far
[OUTPUT] 2026-07-13T15:50:17.561716 skip_listing [train]:   30,500/262,500 checked (12%)  —  136577 checks/s  —  ETA 2s  —  0 failed so far
[OUTPUT] 2026-07-13T15:50:17.564819 skip_listing [train]:   31,000/262,500 checked (12%)  —  136913 checks/s  —  ETA 2s  —  0 failed so far
[OUTPUT] 2026-07-13T15:50:17.568126 skip_listing [train]:   31,500/262,500 checked (12%)  —  137119 checks/s  —  ETA 2s  —  0 failed so far
[OUTPUT] 2026-07-13T15:50:17.572623 skip_listing [train]:   32,000/262,500 checked (12%)  —  136621 checks/s  —  ETA 2s  —  0 failed so far
[OUTPUT] 2026-07-13T15:50:17.575061 skip_listing [train]:   32,500/262,500 checked (12%)  —  137326 checks/s  —  ETA 2s  —  0 failed so far
[OUTPUT] 2026-07-13T15:50:17.577895 skip_listing [train]:   33,000/262,500 checked (13%)  —  137789 checks/s  —  ETA 2s  —  0 failed so far
[OUTPUT] 2026-07-13T15:50:17.579854 skip_listing [train]:   33,500/262,500 checked (13%)  —  138742 checks/s  —  ETA 2s  —  0 failed so far
[OUTPUT] 2026-07-13T15:50:17.583084 skip_listing [train]:   34,000/262,500 checked (13%)  —  138954 checks/s  —  ETA 2s  —  0 failed so far
[OUTPUT] 2026-07-13T15:50:17.586315 skip_listing [train]:   34,500/262,500 checked (13%)  —  139160 checks/s  —  ETA 2s  —  0 failed so far
[OUTPUT] 2026-07-13T15:50:17.589364 skip_listing [train]:   35,000/262,500 checked (13%)  —  139461 checks/s  —  ETA 2s  —  0 failed so far
[OUTPUT] 2026-07-13T15:50:17.592533 skip_listing [train]:   35,500/262,500 checked (14%)  —  139690 checks/s  —  ETA 2s  —  0 failed so far
[OUTPUT] 2026-07-13T15:50:17.594957 skip_listing [train]:   36,000/262,500 checked (14%)  —  140319 checks/s  —  ETA 2s  —  0 failed so far
[OUTPUT] 2026-07-13T15:50:17.598022 skip_listing [train]:   36,500/262,500 checked (14%)  —  140588 checks/s  —  ETA 2s  —  0 failed so far
[OUTPUT] 2026-07-13T15:50:17.601681 skip_listing [train]:   37,000/262,500 checked (14%)  —  140533 checks/s  —  ETA 2s  —  0 failed so far
[OUTPUT] 2026-07-13T15:50:17.603645 skip_listing [train]:   37,500/262,500 checked (14%)  —  141378 checks/s  —  ETA 2s  —  0 failed so far
[OUTPUT] 2026-07-13T15:50:17.607732 skip_listing [train]:   38,000/262,500 checked (14%)  —  141089 checks/s  —  ETA 2s  —  0 failed so far
[OUTPUT] 2026-07-13T15:50:17.609695 skip_listing [train]:   38,500/262,500 checked (15%)  —  141911 checks/s  —  ETA 2s  —  0 failed so far
[OUTPUT] 2026-07-13T15:50:17.611880 skip_listing [train]:   39,000/262,500 checked (15%)  —  142605 checks/s  —  ETA 2s  —  0 failed so far
[OUTPUT] 2026-07-13T15:50:17.616207 skip_listing [train]:   39,500/262,500 checked (15%)  —  142184 checks/s  —  ETA 2s  —  0 failed so far
[OUTPUT] 2026-07-13T15:50:17.618982 skip_listing [train]:   40,000/262,500 checked (15%)  —  142560 checks/s  —  ETA 2s  —  0 failed so far
[OUTPUT] 2026-07-13T15:50:17.622482 skip_listing [train]:   40,500/262,500 checked (15%)  —  142564 checks/s  —  ETA 2s  —  0 failed so far
[OUTPUT] 2026-07-13T15:50:17.626091 skip_listing [train]:   41,000/262,500 checked (16%)  —  142513 checks/s  —  ETA 2s  —  0 failed so far
[OUTPUT] 2026-07-13T15:50:17.630244 skip_listing [train]:   41,500/262,500 checked (16%)  —  142199 checks/s  —  ETA 2s  —  0 failed so far
[OUTPUT] 2026-07-13T15:50:17.633140 skip_listing [train]:   42,000/262,500 checked (16%)  —  142498 checks/s  —  ETA 2s  —  0 failed so far
[OUTPUT] 2026-07-13T15:50:17.636098 skip_listing [train]:   42,500/262,500 checked (16%)  —  142761 checks/s  —  ETA 2s  —  0 failed so far
[OUTPUT] 2026-07-13T15:50:17.639344 skip_listing [train]:   43,000/262,500 checked (16%)  —  142883 checks/s  —  ETA 2s  —  0 failed so far
[OUTPUT] 2026-07-13T15:50:17.642844 skip_listing [train]:   43,500/262,500 checked (17%)  —  142883 checks/s  —  ETA 2s  —  0 failed so far
[OUTPUT] 2026-07-13T15:50:17.645722 skip_listing [train]:   44,000/262,500 checked (17%)  —  143172 checks/s  —  ETA 2s  —  0 failed so far
[OUTPUT] 2026-07-13T15:50:17.649655 skip_listing [train]:   44,500/262,500 checked (17%)  —  142969 checks/s  —  ETA 2s  —  0 failed so far
[OUTPUT] 2026-07-13T15:50:17.653308 skip_listing [train]:   45,000/262,500 checked (17%)  —  142898 checks/s  —  ETA 2s  —  0 failed so far
[OUTPUT] 2026-07-13T15:50:17.655547 skip_listing [train]:   45,500/262,500 checked (17%)  —  143466 checks/s  —  ETA 2s  —  0 failed so far
[OUTPUT] 2026-07-13T15:50:17.659827 skip_listing [train]:   46,000/262,500 checked (18%)  —  143111 checks/s  —  ETA 2s  —  0 failed so far
[OUTPUT] 2026-07-13T15:50:17.662033 skip_listing [train]:   46,500/262,500 checked (18%)  —  143681 checks/s  —  ETA 2s  —  0 failed so far
[OUTPUT] 2026-07-13T15:50:17.664820 skip_listing [train]:   47,000/262,500 checked (18%)  —  143986 checks/s  —  ETA 1s  —  0 failed so far
[OUTPUT] 2026-07-13T15:50:17.667171 skip_listing [train]:   47,500/262,500 checked (18%)  —  144477 checks/s  —  ETA 1s  —  0 failed so far
[OUTPUT] 2026-07-13T15:50:17.670345 skip_listing [train]:   48,000/262,500 checked (18%)  —  144602 checks/s  —  ETA 1s  —  0 failed so far
[OUTPUT] 2026-07-13T15:50:17.672786 skip_listing [train]:   48,500/262,500 checked (18%)  —  145041 checks/s  —  ETA 1s  —  0 failed so far
[OUTPUT] 2026-07-13T15:50:17.675847 skip_listing [train]:   49,000/262,500 checked (19%)  —  145207 checks/s  —  ETA 1s  —  0 failed so far
[OUTPUT] 2026-07-13T15:50:17.679903 skip_listing [train]:   49,500/262,500 checked (19%)  —  144947 checks/s  —  ETA 1s  —  0 failed so far
[OUTPUT] 2026-07-13T15:50:17.684839 skip_listing [train]:   50,000/262,500 checked (19%)  —  144325 checks/s  —  ETA 1s  —  0 failed so far
[OUTPUT] 2026-07-13T15:50:17.689237 skip_listing [train]:   50,500/262,500 checked (19%)  —  143941 checks/s  —  ETA 1s  —  0 failed so far
[OUTPUT] 2026-07-13T15:50:17.691891 skip_listing [train]:   51,000/262,500 checked (19%)  —  144275 checks/s  —  ETA 1s  —  0 failed so far
[OUTPUT] 2026-07-13T15:50:17.695540 skip_listing [train]:   51,500/262,500 checked (20%)  —  144201 checks/s  —  ETA 1s  —  0 failed so far
[OUTPUT] 2026-07-13T15:50:17.698046 skip_listing [train]:   52,000/262,500 checked (20%)  —  144586 checks/s  —  ETA 1s  —  0 failed so far
[OUTPUT] 2026-07-13T15:50:17.701215 skip_listing [train]:   52,500/262,500 checked (20%)  —  144701 checks/s  —  ETA 1s  —  0 failed so far
[OUTPUT] 2026-07-13T15:50:17.703868 skip_listing [train]:   53,000/262,500 checked (20%)  —  145019 checks/s  —  ETA 1s  —  0 failed so far
[OUTPUT] 2026-07-13T15:50:17.706102 skip_listing [train]:   53,500/262,500 checked (20%)  —  145497 checks/s  —  ETA 1s  —  0 failed so far
[OUTPUT] 2026-07-13T15:50:17.710245 skip_listing [train]:   54,000/262,500 checked (21%)  —  145221 checks/s  —  ETA 1s  —  0 failed so far
[OUTPUT] 2026-07-13T15:50:17.713560 skip_listing [train]:   54,500/262,500 checked (21%)  —  145271 checks/s  —  ETA 1s  —  0 failed so far
[OUTPUT] 2026-07-13T15:50:17.718361 skip_listing [train]:   55,000/262,500 checked (21%)  —  144751 checks/s  —  ETA 1s  —  0 failed so far
[OUTPUT] 2026-07-13T15:50:17.720929 skip_listing [train]:   55,500/262,500 checked (21%)  —  145087 checks/s  —  ETA 1s  —  0 failed so far
[OUTPUT] 2026-07-13T15:50:17.723124 skip_listing [train]:   56,000/262,500 checked (21%)  —  145558 checks/s  —  ETA 1s  —  0 failed so far
[OUTPUT] 2026-07-13T15:50:17.726244 skip_listing [train]:   56,500/262,500 checked (22%)  —  145677 checks/s  —  ETA 1s  —  0 failed so far
[OUTPUT] 2026-07-13T15:50:17.729766 skip_listing [train]:   57,000/262,500 checked (22%)  —  145644 checks/s  —  ETA 1s  —  0 failed so far
[OUTPUT] 2026-07-13T15:50:17.732961 skip_listing [train]:   57,500/262,500 checked (22%)  —  145731 checks/s  —  ETA 1s  —  0 failed so far
[OUTPUT] 2026-07-13T15:50:17.736249 skip_listing [train]:   58,000/262,500 checked (22%)  —  145783 checks/s  —  ETA 1s  —  0 failed so far
[OUTPUT] 2026-07-13T15:50:17.740780 skip_listing [train]:   58,500/262,500 checked (22%)  —  145384 checks/s  —  ETA 1s  —  0 failed so far
[OUTPUT] 2026-07-13T15:50:17.745996 skip_listing [train]:   59,000/262,500 checked (22%)  —  144751 checks/s  —  ETA 1s  —  0 failed so far
[OUTPUT] 2026-07-13T15:50:17.750494 skip_listing [train]:   59,500/262,500 checked (23%)  —  144384 checks/s  —  ETA 1s  —  0 failed so far
[OUTPUT] 2026-07-13T15:50:17.753623 skip_listing [train]:   60,000/262,500 checked (23%)  —  144500 checks/s  —  ETA 1s  —  0 failed so far
[OUTPUT] 2026-07-13T15:50:17.758297 skip_listing [train]:   60,500/262,500 checked (23%)  —  144082 checks/s  —  ETA 1s  —  0 failed so far
[OUTPUT] 2026-07-13T15:50:17.760277 skip_listing [train]:   61,000/262,500 checked (23%)  —  144591 checks/s  —  ETA 1s  —  0 failed so far
[OUTPUT] 2026-07-13T15:50:17.762726 skip_listing [train]:   61,500/262,500 checked (23%)  —  144935 checks/s  —  ETA 1s  —  0 failed so far
[OUTPUT] 2026-07-13T15:50:17.766410 skip_listing [train]:   62,000/262,500 checked (24%)  —  144856 checks/s  —  ETA 1s  —  0 failed so far
[OUTPUT] 2026-07-13T15:50:17.768969 skip_listing [train]:   62,500/262,500 checked (24%)  —  145156 checks/s  —  ETA 1s  —  0 failed so far
[OUTPUT] 2026-07-13T15:50:17.770940 skip_listing [train]:   63,000/262,500 checked (24%)  —  145651 checks/s  —  ETA 1s  —  0 failed so far
[OUTPUT] 2026-07-13T15:50:17.773837 skip_listing [train]:   63,500/262,500 checked (24%)  —  145830 checks/s  —  ETA 1s  —  0 failed so far
[OUTPUT] 2026-07-13T15:50:17.776450 skip_listing [train]:   64,000/262,500 checked (24%)  —  146102 checks/s  —  ETA 1s  —  0 failed so far
[OUTPUT] 2026-07-13T15:50:17.778889 skip_listing [train]:   64,500/262,500 checked (25%)  —  146428 checks/s  —  ETA 1s  —  0 failed so far
[OUTPUT] 2026-07-13T15:50:17.783099 skip_listing [train]:   65,000/262,500 checked (25%)  —  146166 checks/s  —  ETA 1s  —  0 failed so far
[OUTPUT] 2026-07-13T15:50:17.786437 skip_listing [train]:   65,500/262,500 checked (25%)  —  146193 checks/s  —  ETA 1s  —  0 failed so far
[OUTPUT] 2026-07-13T15:50:17.789122 skip_listing [train]:   66,000/262,500 checked (25%)  —  146431 checks/s  —  ETA 1s  —  0 failed so far
[OUTPUT] 2026-07-13T15:50:17.791656 skip_listing [train]:   66,500/262,500 checked (25%)  —  146716 checks/s  —  ETA 1s  —  0 failed so far
[OUTPUT] 2026-07-13T15:50:17.794568 skip_listing [train]:   67,000/262,500 checked (26%)  —  146875 checks/s  —  ETA 1s  —  0 failed so far
[OUTPUT] 2026-07-13T15:50:17.797601 skip_listing [train]:   67,500/262,500 checked (26%)  —  146994 checks/s  —  ETA 1s  —  0 failed so far
[OUTPUT] 2026-07-13T15:50:17.801470 skip_listing [train]:   68,000/262,500 checked (26%)  —  146846 checks/s  —  ETA 1s  —  0 failed so far
[OUTPUT] 2026-07-13T15:50:17.804417 skip_listing [train]:   68,500/262,500 checked (26%)  —  146990 checks/s  —  ETA 1s  —  0 failed so far
[OUTPUT] 2026-07-13T15:50:17.807711 skip_listing [train]:   69,000/262,500 checked (26%)  —  147024 checks/s  —  ETA 1s  —  0 failed so far
[OUTPUT] 2026-07-13T15:50:17.811752 skip_listing [train]:   69,500/262,500 checked (26%)  —  146825 checks/s  —  ETA 1s  —  0 failed so far
[OUTPUT] 2026-07-13T15:50:17.814806 skip_listing [train]:   70,000/262,500 checked (27%)  —  146933 checks/s  —  ETA 1s  —  0 failed so far
[OUTPUT] 2026-07-13T15:50:17.816934 skip_listing [train]:   70,500/262,500 checked (27%)  —  147325 checks/s  —  ETA 1s  —  0 failed so far
[OUTPUT] 2026-07-13T15:50:17.819821 skip_listing [train]:   71,000/262,500 checked (27%)  —  147479 checks/s  —  ETA 1s  —  0 failed so far
[OUTPUT] 2026-07-13T15:50:17.823372 skip_listing [train]:   71,500/262,500 checked (27%)  —  147431 checks/s  —  ETA 1s  —  0 failed so far
[OUTPUT] 2026-07-13T15:50:17.826269 skip_listing [train]:   72,000/262,500 checked (27%)  —  147580 checks/s  —  ETA 1s  —  0 failed so far
[OUTPUT] 2026-07-13T15:50:17.829535 skip_listing [train]:   72,500/262,500 checked (28%)  —  147617 checks/s  —  ETA 1s  —  0 failed so far
[OUTPUT] 2026-07-13T15:50:17.832437 skip_listing [train]:   73,000/262,500 checked (28%)  —  147762 checks/s  —  ETA 1s  —  0 failed so far
[OUTPUT] 2026-07-13T15:50:17.838687 skip_listing [train]:   73,500/262,500 checked (28%)  —  146915 checks/s  —  ETA 1s  —  0 failed so far
[OUTPUT] 2026-07-13T15:50:17.841132 skip_listing [train]:   74,000/262,500 checked (28%)  —  147195 checks/s  —  ETA 1s  —  0 failed so far
[OUTPUT] 2026-07-13T15:50:17.843434 skip_listing [train]:   74,500/262,500 checked (28%)  —  147514 checks/s  —  ETA 1s  —  0 failed so far
[OUTPUT] 2026-07-13T15:50:17.846431 skip_listing [train]:   75,000/262,500 checked (29%)  —  147628 checks/s  —  ETA 1s  —  0 failed so far
[OUTPUT] 2026-07-13T15:50:17.850335 skip_listing [train]:   75,500/262,500 checked (29%)  —  147479 checks/s  —  ETA 1s  —  0 failed so far
[OUTPUT] 2026-07-13T15:50:17.853349 skip_listing [train]:   76,000/262,500 checked (29%)  —  147587 checks/s  —  ETA 1s  —  0 failed so far
[OUTPUT] 2026-07-13T15:50:17.856493 skip_listing [train]:   76,500/262,500 checked (29%)  —  147656 checks/s  —  ETA 1s  —  0 failed so far
[OUTPUT] 2026-07-13T15:50:17.860197 skip_listing [train]:   77,000/262,500 checked (29%)  —  147567 checks/s  —  ETA 1s  —  0 failed so far
[OUTPUT] 2026-07-13T15:50:17.863614 skip_listing [train]:   77,500/262,500 checked (30%)  —  147559 checks/s  —  ETA 1s  —  0 failed so far
[OUTPUT] 2026-07-13T15:50:17.866226 skip_listing [train]:   78,000/262,500 checked (30%)  —  147776 checks/s  —  ETA 1s  —  0 failed so far
[OUTPUT] 2026-07-13T15:50:17.869192 skip_listing [train]:   78,500/262,500 checked (30%)  —  147892 checks/s  —  ETA 1s  —  0 failed so far
[OUTPUT] 2026-07-13T15:50:17.871335 skip_listing [train]:   79,000/262,500 checked (30%)  —  148235 checks/s  —  ETA 1s  —  0 failed so far
[OUTPUT] 2026-07-13T15:50:17.873909 skip_listing [train]:   79,500/262,500 checked (30%)  —  148456 checks/s  —  ETA 1s  —  0 failed so far
[OUTPUT] 2026-07-13T15:50:17.878059 skip_listing [train]:   80,000/262,500 checked (30%)  —  148241 checks/s  —  ETA 1s  —  0 failed so far
[OUTPUT] 2026-07-13T15:50:17.881861 skip_listing [train]:   80,500/262,500 checked (31%)  —  148124 checks/s  —  ETA 1s  —  0 failed so far
[OUTPUT] 2026-07-13T15:50:17.884189 skip_listing [train]:   81,000/262,500 checked (31%)  —  148409 checks/s  —  ETA 1s  —  0 failed so far
[OUTPUT] 2026-07-13T15:50:17.886915 skip_listing [train]:   81,500/262,500 checked (31%)  —  148583 checks/s  —  ETA 1s  —  0 failed so far
[OUTPUT] 2026-07-13T15:50:17.889049 skip_listing [train]:   82,000/262,500 checked (31%)  —  148915 checks/s  —  ETA 1s  —  0 failed so far
[OUTPUT] 2026-07-13T15:50:17.892316 skip_listing [train]:   82,500/262,500 checked (31%)  —  148939 checks/s  —  ETA 1s  —  0 failed so far
[OUTPUT] 2026-07-13T15:50:17.894493 skip_listing [train]:   83,000/262,500 checked (32%)  —  149255 checks/s  —  ETA 1s  —  0 failed so far
[OUTPUT] 2026-07-13T15:50:17.897900 skip_listing [train]:   83,500/262,500 checked (32%)  —  149240 checks/s  —  ETA 1s  —  0 failed so far
[OUTPUT] 2026-07-13T15:50:17.900723 skip_listing [train]:   84,000/262,500 checked (32%)  —  149380 checks/s  —  ETA 1s  —  0 failed so far
[OUTPUT] 2026-07-13T15:50:17.902923 skip_listing [train]:   84,500/262,500 checked (32%)  —  149684 checks/s  —  ETA 1s  —  0 failed so far
[OUTPUT] 2026-07-13T15:50:17.907151 skip_listing [train]:   85,000/262,500 checked (32%)  —  149450 checks/s  —  ETA 1s  —  0 failed so far
[OUTPUT] 2026-07-13T15:50:17.909646 skip_listing [train]:   85,500/262,500 checked (33%)  —  149673 checks/s  —  ETA 1s  —  0 failed so far
[OUTPUT] 2026-07-13T15:50:17.912749 skip_listing [train]:   86,000/262,500 checked (33%)  —  149734 checks/s  —  ETA 1s  —  0 failed so far
[OUTPUT] 2026-07-13T15:50:17.915593 skip_listing [train]:   86,500/262,500 checked (33%)  —  149863 checks/s  —  ETA 1s  —  0 failed so far
[OUTPUT] 2026-07-13T15:50:17.918677 skip_listing [train]:   87,000/262,500 checked (33%)  —  149929 checks/s  —  ETA 1s  —  0 failed so far
[OUTPUT] 2026-07-13T15:50:17.922311 skip_listing [train]:   87,500/262,500 checked (33%)  —  149851 checks/s  —  ETA 1s  —  0 failed so far
[OUTPUT] 2026-07-13T15:50:17.925831 skip_listing [train]:   88,000/262,500 checked (34%)  —  149805 checks/s  —  ETA 1s  —  0 failed so far
[OUTPUT] 2026-07-13T15:50:17.929014 skip_listing [train]:   88,500/262,500 checked (34%)  —  149844 checks/s  —  ETA 1s  —  0 failed so far
[OUTPUT] 2026-07-13T15:50:17.933092 skip_listing [train]:   89,000/262,500 checked (34%)  —  149657 checks/s  —  ETA 1s  —  0 failed so far
[OUTPUT] 2026-07-13T15:50:17.938007 skip_listing [train]:   89,500/262,500 checked (34%)  —  149264 checks/s  —  ETA 1s  —  0 failed so far
[OUTPUT] 2026-07-13T15:50:17.940004 skip_listing [train]:   90,000/262,500 checked (34%)  —  149600 checks/s  —  ETA 1s  —  0 failed so far
[OUTPUT] 2026-07-13T15:50:17.943189 skip_listing [train]:   90,500/262,500 checked (34%)  —  149638 checks/s  —  ETA 1s  —  0 failed so far
[OUTPUT] 2026-07-13T15:50:17.946216 skip_listing [train]:   91,000/262,500 checked (35%)  —  149716 checks/s  —  ETA 1s  —  0 failed so far
[OUTPUT] 2026-07-13T15:50:17.948986 skip_listing [train]:   91,500/262,500 checked (35%)  —  149856 checks/s  —  ETA 1s  —  0 failed so far
[OUTPUT] 2026-07-13T15:50:17.952010 skip_listing [train]:   92,000/262,500 checked (35%)  —  149932 checks/s  —  ETA 1s  —  0 failed so far
[OUTPUT] 2026-07-13T15:50:17.955568 skip_listing [train]:   92,500/262,500 checked (35%)  —  149878 checks/s  —  ETA 1s  —  0 failed so far
[OUTPUT] 2026-07-13T15:50:17.958901 skip_listing [train]:   93,000/262,500 checked (35%)  —  149878 checks/s  —  ETA 1s  —  0 failed so far
[OUTPUT] 2026-07-13T15:50:17.962618 skip_listing [train]:   93,500/262,500 checked (36%)  —  149787 checks/s  —  ETA 1s  —  0 failed so far
[OUTPUT] 2026-07-13T15:50:17.965691 skip_listing [train]:   94,000/262,500 checked (36%)  —  149850 checks/s  —  ETA 1s  —  0 failed so far
[OUTPUT] 2026-07-13T15:50:17.968332 skip_listing [train]:   94,500/262,500 checked (36%)  —  150016 checks/s  —  ETA 1s  —  0 failed so far
[OUTPUT] 2026-07-13T15:50:17.971630 skip_listing [train]:   95,000/262,500 checked (36%)  —  150024 checks/s  —  ETA 1s  —  0 failed so far
[OUTPUT] 2026-07-13T15:50:17.974763 skip_listing [train]:   95,500/262,500 checked (36%)  —  150071 checks/s  —  ETA 1s  —  0 failed so far
[OUTPUT] 2026-07-13T15:50:17.977445 skip_listing [train]:   96,000/262,500 checked (37%)  —  150224 checks/s  —  ETA 1s  —  0 failed so far
[OUTPUT] 2026-07-13T15:50:17.981323 skip_listing [train]:   96,500/262,500 checked (37%)  —  150095 checks/s  —  ETA 1s  —  0 failed so far
[OUTPUT] 2026-07-13T15:50:17.984649 skip_listing [train]:   97,000/262,500 checked (37%)  —  150097 checks/s  —  ETA 1s  —  0 failed so far
[OUTPUT] 2026-07-13T15:50:17.988790 skip_listing [train]:   97,500/262,500 checked (37%)  —  149910 checks/s  —  ETA 1s  —  0 failed so far
[OUTPUT] 2026-07-13T15:50:17.992892 skip_listing [train]:   98,000/262,500 checked (37%)  —  149735 checks/s  —  ETA 1s  —  0 failed so far
[OUTPUT] 2026-07-13T15:50:17.997644 skip_listing [train]:   98,500/262,500 checked (38%)  —  149413 checks/s  —  ETA 1s  —  0 failed so far
[OUTPUT] 2026-07-13T15:50:18.000658 skip_listing [train]:   99,000/262,500 checked (38%)  —  149488 checks/s  —  ETA 1s  —  0 failed so far
[OUTPUT] 2026-07-13T15:50:18.004336 skip_listing [train]:   99,500/262,500 checked (38%)  —  149413 checks/s  —  ETA 1s  —  0 failed so far
[OUTPUT] 2026-07-13T15:50:18.007689 skip_listing [train]:   100,000/262,500 checked (38%)  —  149412 checks/s  —  ETA 1s  —  0 failed so far
[OUTPUT] 2026-07-13T15:50:18.010924 skip_listing [train]:   100,500/262,500 checked (38%)  —  149437 checks/s  —  ETA 1s  —  0 failed so far
[OUTPUT] 2026-07-13T15:50:18.015033 skip_listing [train]:   101,000/262,500 checked (38%)  —  149268 checks/s  —  ETA 1s  —  0 failed so far
[OUTPUT] 2026-07-13T15:50:18.018049 skip_listing [train]:   101,500/262,500 checked (39%)  —  149342 checks/s  —  ETA 1s  —  0 failed so far
[OUTPUT] 2026-07-13T15:50:18.020954 skip_listing [train]:   102,000/262,500 checked (39%)  —  149438 checks/s  —  ETA 1s  —  0 failed so far
[OUTPUT] 2026-07-13T15:50:18.023461 skip_listing [train]:   102,500/262,500 checked (39%)  —  149621 checks/s  —  ETA 1s  —  0 failed so far
[OUTPUT] 2026-07-13T15:50:18.026046 skip_listing [train]:   103,000/262,500 checked (39%)  —  149786 checks/s  —  ETA 1s  —  0 failed so far
[OUTPUT] 2026-07-13T15:50:18.029121 skip_listing [train]:   103,500/262,500 checked (39%)  —  149843 checks/s  —  ETA 1s  —  0 failed so far
[OUTPUT] 2026-07-13T15:50:18.032319 skip_listing [train]:   104,000/262,500 checked (40%)  —  149873 checks/s  —  ETA 1s  —  0 failed so far
[OUTPUT] 2026-07-13T15:50:18.036547 skip_listing [train]:   104,500/262,500 checked (40%)  —  149682 checks/s  —  ETA 1s  —  0 failed so far
[OUTPUT] 2026-07-13T15:50:18.039372 skip_listing [train]:   105,000/262,500 checked (40%)  —  149792 checks/s  —  ETA 1s  —  0 failed so far
[OUTPUT] 2026-07-13T15:50:18.044175 skip_listing [train]:   105,500/262,500 checked (40%)  —  149481 checks/s  —  ETA 1s  —  0 failed so far
[OUTPUT] 2026-07-13T15:50:18.046156 skip_listing [train]:   106,000/262,500 checked (40%)  —  149769 checks/s  —  ETA 1s  —  0 failed so far
[OUTPUT] 2026-07-13T15:50:18.048385 skip_listing [train]:   106,500/262,500 checked (41%)  —  150003 checks/s  —  ETA 1s  —  0 failed so far
[OUTPUT] 2026-07-13T15:50:18.053340 skip_listing [train]:   107,000/262,500 checked (41%)  —  149663 checks/s  —  ETA 1s  —  0 failed so far
[OUTPUT] 2026-07-13T15:50:18.055776 skip_listing [train]:   107,500/262,500 checked (41%)  —  149851 checks/s  —  ETA 1s  —  0 failed so far
[OUTPUT] 2026-07-13T15:50:18.058727 skip_listing [train]:   108,000/262,500 checked (41%)  —  149932 checks/s  —  ETA 1s  —  0 failed so far
[OUTPUT] 2026-07-13T15:50:18.060902 skip_listing [train]:   108,500/262,500 checked (41%)  —  150172 checks/s  —  ETA 1s  —  0 failed so far
[OUTPUT] 2026-07-13T15:50:18.064324 skip_listing [train]:   109,000/262,500 checked (42%)  —  150153 checks/s  —  ETA 1s  —  0 failed so far
[OUTPUT] 2026-07-13T15:50:18.066740 skip_listing [train]:   109,500/262,500 checked (42%)  —  150342 checks/s  —  ETA 1s  —  0 failed so far
[OUTPUT] 2026-07-13T15:50:18.068982 skip_listing [train]:   110,000/262,500 checked (42%)  —  150565 checks/s  —  ETA 1s  —  0 failed so far
[OUTPUT] 2026-07-13T15:50:18.071258 skip_listing [train]:   110,500/262,500 checked (42%)  —  150779 checks/s  —  ETA 1s  —  0 failed so far
[OUTPUT] 2026-07-13T15:50:18.075130 skip_listing [train]:   111,000/262,500 checked (42%)  —  150665 checks/s  —  ETA 1s  —  0 failed so far
[OUTPUT] 2026-07-13T15:50:18.077577 skip_listing [train]:   111,500/262,500 checked (42%)  —  150843 checks/s  —  ETA 1s  —  0 failed so far
[OUTPUT] 2026-07-13T15:50:18.080164 skip_listing [train]:   112,000/262,500 checked (43%)  —  150991 checks/s  —  ETA 1s  —  0 failed so far
[OUTPUT] 2026-07-13T15:50:18.083911 skip_listing [train]:   112,500/262,500 checked (43%)  —  150903 checks/s  —  ETA 1s  —  0 failed so far
[OUTPUT] 2026-07-13T15:50:18.086353 skip_listing [train]:   113,000/262,500 checked (43%)  —  151079 checks/s  —  ETA 1s  —  0 failed so far
[OUTPUT] 2026-07-13T15:50:18.090206 skip_listing [train]:   113,500/262,500 checked (43%)  —  150970 checks/s  —  ETA 1s  —  0 failed so far
[OUTPUT] 2026-07-13T15:50:18.094120 skip_listing [train]:   114,000/262,500 checked (43%)  —  150849 checks/s  —  ETA 1s  —  0 failed so far
[OUTPUT] 2026-07-13T15:50:18.097233 skip_listing [train]:   114,500/262,500 checked (44%)  —  150889 checks/s  —  ETA 1s  —  0 failed so far
[OUTPUT] 2026-07-13T15:50:18.100681 skip_listing [train]:   115,000/262,500 checked (44%)  —  150863 checks/s  —  ETA 1s  —  0 failed so far
[OUTPUT] 2026-07-13T15:50:18.103950 skip_listing [train]:   115,500/262,500 checked (44%)  —  150872 checks/s  —  ETA 1s  —  0 failed so far
[OUTPUT] 2026-07-13T15:50:18.109194 skip_listing [train]:   116,000/262,500 checked (44%)  —  150494 checks/s  —  ETA 1s  —  0 failed so far
[OUTPUT] 2026-07-13T15:50:18.111991 skip_listing [train]:   116,500/262,500 checked (44%)  —  150596 checks/s  —  ETA 1s  —  0 failed so far
[OUTPUT] 2026-07-13T15:50:18.114733 skip_listing [train]:   117,000/262,500 checked (45%)  —  150708 checks/s  —  ETA 1s  —  0 failed so far
[OUTPUT] 2026-07-13T15:50:18.116888 skip_listing [train]:   117,500/262,500 checked (45%)  —  150933 checks/s  —  ETA 1s  —  0 failed so far
[OUTPUT] 2026-07-13T15:50:18.120773 skip_listing [train]:   118,000/262,500 checked (45%)  —  150823 checks/s  —  ETA 1s  —  0 failed so far
[OUTPUT] 2026-07-13T15:50:18.124481 skip_listing [train]:   118,500/262,500 checked (45%)  —  150748 checks/s  —  ETA 1s  —  0 failed so far
[OUTPUT] 2026-07-13T15:50:18.126452 skip_listing [train]:   119,000/262,500 checked (45%)  —  151005 checks/s  —  ETA 1s  —  0 failed so far
[OUTPUT] 2026-07-13T15:50:18.130536 skip_listing [train]:   119,500/262,500 checked (46%)  —  150858 checks/s  —  ETA 1s  —  0 failed so far
[OUTPUT] 2026-07-13T15:50:18.133870 skip_listing [train]:   120,000/262,500 checked (46%)  —  150854 checks/s  —  ETA 1s  —  0 failed so far
[OUTPUT] 2026-07-13T15:50:18.136591 skip_listing [train]:   120,500/262,500 checked (46%)  —  150966 checks/s  —  ETA 1s  —  0 failed so far
[OUTPUT] 2026-07-13T15:50:18.139756 skip_listing [train]:   121,000/262,500 checked (46%)  —  150994 checks/s  —  ETA 1s  —  0 failed so far
[OUTPUT] 2026-07-13T15:50:18.142763 skip_listing [train]:   121,500/262,500 checked (46%)  —  151051 checks/s  —  ETA 1s  —  0 failed so far
[OUTPUT] 2026-07-13T15:50:18.145901 skip_listing [train]:   122,000/262,500 checked (46%)  —  151083 checks/s  —  ETA 1s  —  0 failed so far
[OUTPUT] 2026-07-13T15:50:18.148770 skip_listing [train]:   122,500/262,500 checked (47%)  —  151165 checks/s  —  ETA 1s  —  0 failed so far
[OUTPUT] 2026-07-13T15:50:18.151599 skip_listing [train]:   123,000/262,500 checked (47%)  —  151254 checks/s  —  ETA 1s  —  0 failed so far
[OUTPUT] 2026-07-13T15:50:18.153850 skip_listing [train]:   123,500/262,500 checked (47%)  —  151450 checks/s  —  ETA 1s  —  0 failed so far
[OUTPUT] 2026-07-13T15:50:18.157173 skip_listing [train]:   124,000/262,500 checked (47%)  —  151446 checks/s  —  ETA 1s  —  0 failed so far
[OUTPUT] 2026-07-13T15:50:18.160428 skip_listing [train]:   124,500/262,500 checked (47%)  —  151454 checks/s  —  ETA 1s  —  0 failed so far
[OUTPUT] 2026-07-13T15:50:18.163260 skip_listing [train]:   125,000/262,500 checked (48%)  —  151541 checks/s  —  ETA 1s  —  0 failed so far
[OUTPUT] 2026-07-13T15:50:18.166474 skip_listing [train]:   125,500/262,500 checked (48%)  —  151556 checks/s  —  ETA 1s  —  0 failed so far
[OUTPUT] 2026-07-13T15:50:18.168461 skip_listing [train]:   126,000/262,500 checked (48%)  —  151796 checks/s  —  ETA 1s  —  0 failed so far
[OUTPUT] 2026-07-13T15:50:18.171902 skip_listing [train]:   126,500/262,500 checked (48%)  —  151769 checks/s  —  ETA 1s  —  0 failed so far
[OUTPUT] 2026-07-13T15:50:18.175591 skip_listing [train]:   127,000/262,500 checked (48%)  —  151698 checks/s  —  ETA 1s  —  0 failed so far
[OUTPUT] 2026-07-13T15:50:18.177737 skip_listing [train]:   127,500/262,500 checked (49%)  —  151905 checks/s  —  ETA 1s  —  0 failed so far
[OUTPUT] 2026-07-13T15:50:18.180817 skip_listing [train]:   128,000/262,500 checked (49%)  —  151944 checks/s  —  ETA 1s  —  0 failed so far
[OUTPUT] 2026-07-13T15:50:18.185006 skip_listing [train]:   128,500/262,500 checked (49%)  —  151782 checks/s  —  ETA 1s  —  0 failed so far
[OUTPUT] 2026-07-13T15:50:18.188444 skip_listing [train]:   129,000/262,500 checked (49%)  —  151757 checks/s  —  ETA 1s  —  0 failed so far
[OUTPUT] 2026-07-13T15:50:18.190637 skip_listing [train]:   129,500/262,500 checked (49%)  —  151953 checks/s  —  ETA 1s  —  0 failed so far
[OUTPUT] 2026-07-13T15:50:18.195288 skip_listing [train]:   130,000/262,500 checked (50%)  —  151712 checks/s  —  ETA 1s  —  0 failed so far
[OUTPUT] 2026-07-13T15:50:18.198537 skip_listing [train]:   130,500/262,500 checked (50%)  —  151720 checks/s  —  ETA 1s  —  0 failed so far
[OUTPUT] 2026-07-13T15:50:18.201872 skip_listing [train]:   131,000/262,500 checked (50%)  —  151713 checks/s  —  ETA 1s  —  0 failed so far
[OUTPUT] 2026-07-13T15:50:18.204593 skip_listing [train]:   131,500/262,500 checked (50%)  —  151813 checks/s  —  ETA 1s  —  0 failed so far
[OUTPUT] 2026-07-13T15:50:18.207153 skip_listing [train]:   132,000/262,500 checked (50%)  —  151942 checks/s  —  ETA 1s  —  0 failed so far
[OUTPUT] 2026-07-13T15:50:18.209362 skip_listing [train]:   132,500/262,500 checked (50%)  —  152130 checks/s  —  ETA 1s  —  0 failed so far
[OUTPUT] 2026-07-13T15:50:18.212364 skip_listing [train]:   133,000/262,500 checked (51%)  —  152180 checks/s  —  ETA 1s  —  0 failed so far
[OUTPUT] 2026-07-13T15:50:18.214603 skip_listing [train]:   133,500/262,500 checked (51%)  —  152362 checks/s  —  ETA 1s  —  0 failed so far
[OUTPUT] 2026-07-13T15:50:18.218052 skip_listing [train]:   134,000/262,500 checked (51%)  —  152333 checks/s  —  ETA 1s  —  0 failed so far
[OUTPUT] 2026-07-13T15:50:18.221209 skip_listing [train]:   134,500/262,500 checked (51%)  —  152354 checks/s  —  ETA 1s  —  0 failed so far
[OUTPUT] 2026-07-13T15:50:18.224606 skip_listing [train]:   135,000/262,500 checked (51%)  —  152335 checks/s  —  ETA 1s  —  0 failed so far
[OUTPUT] 2026-07-13T15:50:18.227371 skip_listing [train]:   135,500/262,500 checked (52%)  —  152423 checks/s  —  ETA 1s  —  0 failed so far
[OUTPUT] 2026-07-13T15:50:18.230391 skip_listing [train]:   136,000/262,500 checked (52%)  —  152468 checks/s  —  ETA 1s  —  0 failed so far
[OUTPUT] 2026-07-13T15:50:18.232961 skip_listing [train]:   136,500/262,500 checked (52%)  —  152589 checks/s  —  ETA 1s  —  0 failed so far
[OUTPUT] 2026-07-13T15:50:18.236901 skip_listing [train]:   137,000/262,500 checked (52%)  —  152476 checks/s  —  ETA 1s  —  0 failed so far
[OUTPUT] 2026-07-13T15:50:18.239499 skip_listing [train]:   137,500/262,500 checked (52%)  —  152591 checks/s  —  ETA 1s  —  0 failed so far
[OUTPUT] 2026-07-13T15:50:18.242004 skip_listing [train]:   138,000/262,500 checked (53%)  —  152722 checks/s  —  ETA 1s  —  0 failed so far
[OUTPUT] 2026-07-13T15:50:18.244863 skip_listing [train]:   138,500/262,500 checked (53%)  —  152791 checks/s  —  ETA 1s  —  0 failed so far
[OUTPUT] 2026-07-13T15:50:18.246838 skip_listing [train]:   139,000/262,500 checked (53%)  —  153010 checks/s  —  ETA 1s  —  0 failed so far
[OUTPUT] 2026-07-13T15:50:18.249840 skip_listing [train]:   139,500/262,500 checked (53%)  —  153054 checks/s  —  ETA 1s  —  0 failed so far
[OUTPUT] 2026-07-13T15:50:18.253219 skip_listing [train]:   140,000/262,500 checked (53%)  —  153036 checks/s  —  ETA 1s  —  0 failed so far
[OUTPUT] 2026-07-13T15:50:18.256032 skip_listing [train]:   140,500/262,500 checked (54%)  —  153111 checks/s  —  ETA 1s  —  0 failed so far
[OUTPUT] 2026-07-13T15:50:18.258517 skip_listing [train]:   141,000/262,500 checked (54%)  —  153241 checks/s  —  ETA 1s  —  0 failed so far
[OUTPUT] 2026-07-13T15:50:18.261156 skip_listing [train]:   141,500/262,500 checked (54%)  —  153345 checks/s  —  ETA 1s  —  0 failed so far
[OUTPUT] 2026-07-13T15:50:18.264842 skip_listing [train]:   142,000/262,500 checked (54%)  —  153274 checks/s  —  ETA 1s  —  0 failed so far
[OUTPUT] 2026-07-13T15:50:18.269687 skip_listing [train]:   142,500/262,500 checked (54%)  —  153014 checks/s  —  ETA 1s  —  0 failed so far
[OUTPUT] 2026-07-13T15:50:18.274014 skip_listing [train]:   143,000/262,500 checked (54%)  —  152841 checks/s  —  ETA 1s  —  0 failed so far
[OUTPUT] 2026-07-13T15:50:18.277198 skip_listing [train]:   143,500/262,500 checked (55%)  —  152855 checks/s  —  ETA 1s  —  0 failed so far
[OUTPUT] 2026-07-13T15:50:18.279999 skip_listing [train]:   144,000/262,500 checked (55%)  —  152931 checks/s  —  ETA 1s  —  0 failed so far
[OUTPUT] 2026-07-13T15:50:18.282549 skip_listing [train]:   144,500/262,500 checked (55%)  —  153048 checks/s  —  ETA 1s  —  0 failed so far
[OUTPUT] 2026-07-13T15:50:18.284710 skip_listing [train]:   145,000/262,500 checked (55%)  —  153226 checks/s  —  ETA 1s  —  0 failed so far
[OUTPUT] 2026-07-13T15:50:18.287406 skip_listing [train]:   145,500/262,500 checked (55%)  —  153318 checks/s  —  ETA 1s  —  0 failed so far
[OUTPUT] 2026-07-13T15:50:18.292426 skip_listing [train]:   146,000/262,500 checked (56%)  —  153035 checks/s  —  ETA 1s  —  0 failed so far
[OUTPUT] 2026-07-13T15:50:18.294934 skip_listing [train]:   146,500/262,500 checked (56%)  —  153157 checks/s  —  ETA 1s  —  0 failed so far
[OUTPUT] 2026-07-13T15:50:18.298237 skip_listing [train]:   147,000/262,500 checked (56%)  —  153151 checks/s  —  ETA 1s  —  0 failed so far
[OUTPUT] 2026-07-13T15:50:18.300476 skip_listing [train]:   147,500/262,500 checked (56%)  —  153314 checks/s  —  ETA 1s  —  0 failed so far
[OUTPUT] 2026-07-13T15:50:18.303444 skip_listing [train]:   148,000/262,500 checked (56%)  —  153361 checks/s  —  ETA 1s  —  0 failed so far
[OUTPUT] 2026-07-13T15:50:18.309212 skip_listing [train]:   148,500/262,500 checked (57%)  —  152964 checks/s  —  ETA 1s  —  0 failed so far
[OUTPUT] 2026-07-13T15:50:18.313518 skip_listing [train]:   149,000/262,500 checked (57%)  —  152802 checks/s  —  ETA 1s  —  0 failed so far
[OUTPUT] 2026-07-13T15:50:18.317009 skip_listing [train]:   149,500/262,500 checked (57%)  —  152768 checks/s  —  ETA 1s  —  0 failed so far
[OUTPUT] 2026-07-13T15:50:18.321079 skip_listing [train]:   150,000/262,500 checked (57%)  —  152644 checks/s  —  ETA 1s  —  0 failed so far
[OUTPUT] 2026-07-13T15:50:18.325542 skip_listing [train]:   150,500/262,500 checked (57%)  —  152460 checks/s  —  ETA 1s  —  0 failed so far
[OUTPUT] 2026-07-13T15:50:18.337371 skip_listing [train]:   151,000/262,500 checked (58%)  —  151155 checks/s  —  ETA 1s  —  0 failed so far
[OUTPUT] 2026-07-13T15:50:18.341955 skip_listing [train]:   151,500/262,500 checked (58%)  —  150963 checks/s  —  ETA 1s  —  0 failed so far
[OUTPUT] 2026-07-13T15:50:18.344668 skip_listing [train]:   152,000/262,500 checked (58%)  —  151053 checks/s  —  ETA 1s  —  0 failed so far
[OUTPUT] 2026-07-13T15:50:18.348815 skip_listing [train]:   152,500/262,500 checked (58%)  —  150928 checks/s  —  ETA 1s  —  0 failed so far
[OUTPUT] 2026-07-13T15:50:18.352172 skip_listing [train]:   153,000/262,500 checked (58%)  —  150921 checks/s  —  ETA 1s  —  0 failed so far
[OUTPUT] 2026-07-13T15:50:18.355197 skip_listing [train]:   153,500/262,500 checked (58%)  —  150964 checks/s  —  ETA 1s  —  0 failed so far
[OUTPUT] 2026-07-13T15:50:18.358491 skip_listing [train]:   154,000/262,500 checked (59%)  —  150967 checks/s  —  ETA 1s  —  0 failed so far
[OUTPUT] 2026-07-13T15:50:18.361304 skip_listing [train]:   154,500/262,500 checked (59%)  —  151041 checks/s  —  ETA 1s  —  0 failed so far
[OUTPUT] 2026-07-13T15:50:18.363951 skip_listing [train]:   155,000/262,500 checked (59%)  —  151138 checks/s  —  ETA 1s  —  0 failed so far
[OUTPUT] 2026-07-13T15:50:18.367348 skip_listing [train]:   155,500/262,500 checked (59%)  —  151125 checks/s  —  ETA 1s  —  0 failed so far
[OUTPUT] 2026-07-13T15:50:18.371320 skip_listing [train]:   156,000/262,500 checked (59%)  —  151028 checks/s  —  ETA 1s  —  0 failed so far
[OUTPUT] 2026-07-13T15:50:18.374448 skip_listing [train]:   156,500/262,500 checked (60%)  —  151055 checks/s  —  ETA 1s  —  0 failed so far
[OUTPUT] 2026-07-13T15:50:18.377915 skip_listing [train]:   157,000/262,500 checked (60%)  —  151032 checks/s  —  ETA 1s  —  0 failed so far
[OUTPUT] 2026-07-13T15:50:18.380473 skip_listing [train]:   157,500/262,500 checked (60%)  —  151141 checks/s  —  ETA 1s  —  0 failed so far
[OUTPUT] 2026-07-13T15:50:18.383518 skip_listing [train]:   158,000/262,500 checked (60%)  —  151179 checks/s  —  ETA 1s  —  0 failed so far
[OUTPUT] 2026-07-13T15:50:18.386243 skip_listing [train]:   158,500/262,500 checked (60%)  —  151263 checks/s  —  ETA 1s  —  0 failed so far
[OUTPUT] 2026-07-13T15:50:18.391164 skip_listing [train]:   159,000/262,500 checked (61%)  —  151031 checks/s  —  ETA 1s  —  0 failed so far
[OUTPUT] 2026-07-13T15:50:18.394134 skip_listing [train]:   159,500/262,500 checked (61%)  —  151080 checks/s  —  ETA 1s  —  0 failed so far
[OUTPUT] 2026-07-13T15:50:18.397475 skip_listing [train]:   160,000/262,500 checked (61%)  —  151075 checks/s  —  ETA 1s  —  0 failed so far
[OUTPUT] 2026-07-13T15:50:18.400675 skip_listing [train]:   160,500/262,500 checked (61%)  —  151091 checks/s  —  ETA 1s  —  0 failed so far
[OUTPUT] 2026-07-13T15:50:18.402916 skip_listing [train]:   161,000/262,500 checked (61%)  —  151242 checks/s  —  ETA 1s  —  0 failed so far
[OUTPUT] 2026-07-13T15:50:18.405623 skip_listing [train]:   161,500/262,500 checked (62%)  —  151327 checks/s  —  ETA 1s  —  0 failed so far
[OUTPUT] 2026-07-13T15:50:18.408173 skip_listing [train]:   162,000/262,500 checked (62%)  —  151434 checks/s  —  ETA 1s  —  0 failed so far
[OUTPUT] 2026-07-13T15:50:18.410845 skip_listing [train]:   162,500/262,500 checked (62%)  —  151523 checks/s  —  ETA 1s  —  0 failed so far
[OUTPUT] 2026-07-13T15:50:18.413559 skip_listing [train]:   163,000/262,500 checked (62%)  —  151605 checks/s  —  ETA 1s  —  0 failed so far
[OUTPUT] 2026-07-13T15:50:18.418360 skip_listing [train]:   163,500/262,500 checked (62%)  —  151394 checks/s  —  ETA 1s  —  0 failed so far
[OUTPUT] 2026-07-13T15:50:18.422636 skip_listing [train]:   164,000/262,500 checked (62%)  —  151258 checks/s  —  ETA 1s  —  0 failed so far
[OUTPUT] 2026-07-13T15:50:18.425031 skip_listing [train]:   164,500/262,500 checked (63%)  —  151385 checks/s  —  ETA 1s  —  0 failed so far
[OUTPUT] 2026-07-13T15:50:18.427450 skip_listing [train]:   165,000/262,500 checked (63%)  —  151508 checks/s  —  ETA 1s  —  0 failed so far
[OUTPUT] 2026-07-13T15:50:18.430015 skip_listing [train]:   165,500/262,500 checked (63%)  —  151610 checks/s  —  ETA 1s  —  0 failed so far
[OUTPUT] 2026-07-13T15:50:18.432548 skip_listing [train]:   166,000/262,500 checked (63%)  —  151716 checks/s  —  ETA 1s  —  0 failed so far
[OUTPUT] 2026-07-13T15:50:18.435631 skip_listing [train]:   166,500/262,500 checked (63%)  —  151745 checks/s  —  ETA 1s  —  0 failed so far
[OUTPUT] 2026-07-13T15:50:18.438103 skip_listing [train]:   167,000/262,500 checked (64%)  —  151859 checks/s  —  ETA 1s  —  0 failed so far
[OUTPUT] 2026-07-13T15:50:18.442732 skip_listing [train]:   167,500/262,500 checked (64%)  —  151675 checks/s  —  ETA 1s  —  0 failed so far
[OUTPUT] 2026-07-13T15:50:18.444703 skip_listing [train]:   168,000/262,500 checked (64%)  —  151857 checks/s  —  ETA 1s  —  0 failed so far
[OUTPUT] 2026-07-13T15:50:18.447748 skip_listing [train]:   168,500/262,500 checked (64%)  —  151891 checks/s  —  ETA 1s  —  0 failed so far
[OUTPUT] 2026-07-13T15:50:18.450604 skip_listing [train]:   169,000/262,500 checked (64%)  —  151950 checks/s  —  ETA 1s  —  0 failed so far
[OUTPUT] 2026-07-13T15:50:18.453322 skip_listing [train]:   169,500/262,500 checked (65%)  —  152028 checks/s  —  ETA 1s  —  0 failed so far
[OUTPUT] 2026-07-13T15:50:18.455516 skip_listing [train]:   170,000/262,500 checked (65%)  —  152177 checks/s  —  ETA 1s  —  0 failed so far
[OUTPUT] 2026-07-13T15:50:18.457679 skip_listing [train]:   170,500/262,500 checked (65%)  —  152330 checks/s  —  ETA 1s  —  0 failed so far
[OUTPUT] 2026-07-13T15:50:18.459653 skip_listing [train]:   171,000/262,500 checked (65%)  —  152508 checks/s  —  ETA 1s  —  0 failed so far
[OUTPUT] 2026-07-13T15:50:18.463378 skip_listing [train]:   171,500/262,500 checked (65%)  —  152447 checks/s  —  ETA 1s  —  0 failed so far
[OUTPUT] 2026-07-13T15:50:18.466580 skip_listing [train]:   172,000/262,500 checked (66%)  —  152458 checks/s  —  ETA 1s  —  0 failed so far
[OUTPUT] 2026-07-13T15:50:18.469046 skip_listing [train]:   172,500/262,500 checked (66%)  —  152567 checks/s  —  ETA 1s  —  0 failed so far
[OUTPUT] 2026-07-13T15:50:18.474534 skip_listing [train]:   173,000/262,500 checked (66%)  —  152271 checks/s  —  ETA 1s  —  0 failed so far
[OUTPUT] 2026-07-13T15:50:18.478203 skip_listing [train]:   173,500/262,500 checked (66%)  —  152219 checks/s  —  ETA 1s  —  0 failed so far
[OUTPUT] 2026-07-13T15:50:18.481756 skip_listing [train]:   174,000/262,500 checked (66%)  —  152183 checks/s  —  ETA 1s  —  0 failed so far
[OUTPUT] 2026-07-13T15:50:18.485291 skip_listing [train]:   174,500/262,500 checked (66%)  —  152150 checks/s  —  ETA 1s  —  0 failed so far
[OUTPUT] 2026-07-13T15:50:18.488733 skip_listing [train]:   175,000/262,500 checked (67%)  —  152130 checks/s  —  ETA 1s  —  0 failed so far
[OUTPUT] 2026-07-13T15:50:18.491594 skip_listing [train]:   175,500/262,500 checked (67%)  —  152186 checks/s  —  ETA 1s  —  0 failed so far
[OUTPUT] 2026-07-13T15:50:18.494544 skip_listing [train]:   176,000/262,500 checked (67%)  —  152230 checks/s  —  ETA 1s  —  0 failed so far
[OUTPUT] 2026-07-13T15:50:18.498144 skip_listing [train]:   176,500/262,500 checked (67%)  —  152189 checks/s  —  ETA 1s  —  0 failed so far
[OUTPUT] 2026-07-13T15:50:18.500356 skip_listing [train]:   177,000/262,500 checked (67%)  —  152329 checks/s  —  ETA 1s  —  0 failed so far
[OUTPUT] 2026-07-13T15:50:18.502914 skip_listing [train]:   177,500/262,500 checked (68%)  —  152424 checks/s  —  ETA 1s  —  0 failed so far
[OUTPUT] 2026-07-13T15:50:18.505441 skip_listing [train]:   178,000/262,500 checked (68%)  —  152522 checks/s  —  ETA 1s  —  0 failed so far
[OUTPUT] 2026-07-13T15:50:18.508233 skip_listing [train]:   178,500/262,500 checked (68%)  —  152586 checks/s  —  ETA 1s  —  0 failed so far
[OUTPUT] 2026-07-13T15:50:18.510545 skip_listing [train]:   179,000/262,500 checked (68%)  —  152711 checks/s  —  ETA 1s  —  0 failed so far
[OUTPUT] 2026-07-13T15:50:18.513163 skip_listing [train]:   179,500/262,500 checked (68%)  —  152797 checks/s  —  ETA 1s  —  0 failed so far
[OUTPUT] 2026-07-13T15:50:18.516118 skip_listing [train]:   180,000/262,500 checked (69%)  —  152838 checks/s  —  ETA 1s  —  0 failed so far
[OUTPUT] 2026-07-13T15:50:18.518938 skip_listing [train]:   180,500/262,500 checked (69%)  —  152896 checks/s  —  ETA 1s  —  0 failed so far
[OUTPUT] 2026-07-13T15:50:18.521536 skip_listing [train]:   181,000/262,500 checked (69%)  —  152983 checks/s  —  ETA 1s  —  0 failed so far
[OUTPUT] 2026-07-13T15:50:18.523872 skip_listing [train]:   181,500/262,500 checked (69%)  —  153103 checks/s  —  ETA 1s  —  0 failed so far
[OUTPUT] 2026-07-13T15:50:18.526410 skip_listing [train]:   182,000/262,500 checked (69%)  —  153197 checks/s  —  ETA 1s  —  0 failed so far
[OUTPUT] 2026-07-13T15:50:18.529648 skip_listing [train]:   182,500/262,500 checked (70%)  —  153201 checks/s  —  ETA 1s  —  0 failed so far
[OUTPUT] 2026-07-13T15:50:18.534368 skip_listing [train]:   183,000/262,500 checked (70%)  —  153014 checks/s  —  ETA 1s  —  0 failed so far
[OUTPUT] 2026-07-13T15:50:18.536852 skip_listing [train]:   183,500/262,500 checked (70%)  —  153114 checks/s  —  ETA 1s  —  0 failed so far
[OUTPUT] 2026-07-13T15:50:18.540163 skip_listing [train]:   184,000/262,500 checked (70%)  —  153108 checks/s  —  ETA 1s  —  0 failed so far
[OUTPUT] 2026-07-13T15:50:18.542500 skip_listing [train]:   184,500/262,500 checked (70%)  —  153226 checks/s  —  ETA 1s  —  0 failed so far
[OUTPUT] 2026-07-13T15:50:18.545807 skip_listing [train]:   185,000/262,500 checked (70%)  —  153221 checks/s  —  ETA 1s  —  0 failed so far
[OUTPUT] 2026-07-13T15:50:18.549101 skip_listing [train]:   185,500/262,500 checked (71%)  —  153217 checks/s  —  ETA 1s  —  0 failed so far
[OUTPUT] 2026-07-13T15:50:18.551443 skip_listing [train]:   186,000/262,500 checked (71%)  —  153333 checks/s  —  ETA 0s  —  0 failed so far
[OUTPUT] 2026-07-13T15:50:18.554358 skip_listing [train]:   186,500/262,500 checked (71%)  —  153377 checks/s  —  ETA 0s  —  0 failed so far
[OUTPUT] 2026-07-13T15:50:18.558063 skip_listing [train]:   187,000/262,500 checked (71%)  —  153321 checks/s  —  ETA 0s  —  0 failed so far
[OUTPUT] 2026-07-13T15:50:18.561516 skip_listing [train]:   187,500/262,500 checked (71%)  —  153297 checks/s  —  ETA 0s  —  0 failed so far
[OUTPUT] 2026-07-13T15:50:18.564973 skip_listing [train]:   188,000/262,500 checked (72%)  —  153272 checks/s  —  ETA 0s  —  0 failed so far
[OUTPUT] 2026-07-13T15:50:18.567499 skip_listing [train]:   188,500/262,500 checked (72%)  —  153364 checks/s  —  ETA 0s  —  0 failed so far
[OUTPUT] 2026-07-13T15:50:18.569826 skip_listing [train]:   189,000/262,500 checked (72%)  —  153480 checks/s  —  ETA 0s  —  0 failed so far
[OUTPUT] 2026-07-13T15:50:18.572923 skip_listing [train]:   189,500/262,500 checked (72%)  —  153500 checks/s  —  ETA 0s  —  0 failed so far
[OUTPUT] 2026-07-13T15:50:18.576016 skip_listing [train]:   190,000/262,500 checked (72%)  —  153521 checks/s  —  ETA 0s  —  0 failed so far
[OUTPUT] 2026-07-13T15:50:18.579515 skip_listing [train]:   190,500/262,500 checked (73%)  —  153491 checks/s  —  ETA 0s  —  0 failed so far
[OUTPUT] 2026-07-13T15:50:18.581704 skip_listing [train]:   191,000/262,500 checked (73%)  —  153623 checks/s  —  ETA 0s  —  0 failed so far
[OUTPUT] 2026-07-13T15:50:18.584710 skip_listing [train]:   191,500/262,500 checked (73%)  —  153653 checks/s  —  ETA 0s  —  0 failed so far
[OUTPUT] 2026-07-13T15:50:18.588562 skip_listing [train]:   192,000/262,500 checked (73%)  —  153580 checks/s  —  ETA 0s  —  0 failed so far
[OUTPUT] 2026-07-13T15:50:18.592720 skip_listing [train]:   192,500/262,500 checked (73%)  —  153469 checks/s  —  ETA 0s  —  0 failed so far
[OUTPUT] 2026-07-13T15:50:18.596273 skip_listing [train]:   193,000/262,500 checked (74%)  —  153433 checks/s  —  ETA 0s  —  0 failed so far
[OUTPUT] 2026-07-13T15:50:18.599546 skip_listing [train]:   193,500/262,500 checked (74%)  —  153432 checks/s  —  ETA 0s  —  0 failed so far
[OUTPUT] 2026-07-13T15:50:18.602703 skip_listing [train]:   194,000/262,500 checked (74%)  —  153444 checks/s  —  ETA 0s  —  0 failed so far
[OUTPUT] 2026-07-13T15:50:18.605994 skip_listing [train]:   194,500/262,500 checked (74%)  —  153440 checks/s  —  ETA 0s  —  0 failed so far
[OUTPUT] 2026-07-13T15:50:18.608921 skip_listing [train]:   195,000/262,500 checked (74%)  —  153480 checks/s  —  ETA 0s  —  0 failed so far
[OUTPUT] 2026-07-13T15:50:18.612215 skip_listing [train]:   195,500/262,500 checked (74%)  —  153476 checks/s  —  ETA 0s  —  0 failed so far
[OUTPUT] 2026-07-13T15:50:18.614949 skip_listing [train]:   196,000/262,500 checked (75%)  —  153539 checks/s  —  ETA 0s  —  0 failed so far
[OUTPUT] 2026-07-13T15:50:18.618195 skip_listing [train]:   196,500/262,500 checked (75%)  —  153540 checks/s  —  ETA 0s  —  0 failed so far
[OUTPUT] 2026-07-13T15:50:18.621632 skip_listing [train]:   197,000/262,500 checked (75%)  —  153518 checks/s  —  ETA 0s  —  0 failed so far
[OUTPUT] 2026-07-13T15:50:18.625066 skip_listing [train]:   197,500/262,500 checked (75%)  —  153497 checks/s  —  ETA 0s  —  0 failed so far
[OUTPUT] 2026-07-13T15:50:18.627513 skip_listing [train]:   198,000/262,500 checked (75%)  —  153594 checks/s  —  ETA 0s  —  0 failed so far
[OUTPUT] 2026-07-13T15:50:18.631008 skip_listing [train]:   198,500/262,500 checked (76%)  —  153565 checks/s  —  ETA 0s  —  0 failed so far
[OUTPUT] 2026-07-13T15:50:18.633649 skip_listing [train]:   199,000/262,500 checked (76%)  —  153638 checks/s  —  ETA 0s  —  0 failed so far
[OUTPUT] 2026-07-13T15:50:18.637018 skip_listing [train]:   199,500/262,500 checked (76%)  —  153625 checks/s  —  ETA 0s  —  0 failed so far
[OUTPUT] 2026-07-13T15:50:18.639481 skip_listing [train]:   200,000/262,500 checked (76%)  —  153718 checks/s  —  ETA 0s  —  0 failed so far
[OUTPUT] 2026-07-13T15:50:18.643598 skip_listing [train]:   200,500/262,500 checked (76%)  —  153616 checks/s  —  ETA 0s  —  0 failed so far
[OUTPUT] 2026-07-13T15:50:18.646246 skip_listing [train]:   201,000/262,500 checked (77%)  —  153688 checks/s  —  ETA 0s  —  0 failed so far
[OUTPUT] 2026-07-13T15:50:18.649404 skip_listing [train]:   201,500/262,500 checked (77%)  —  153699 checks/s  —  ETA 0s  —  0 failed so far
[OUTPUT] 2026-07-13T15:50:18.653384 skip_listing [train]:   202,000/262,500 checked (77%)  —  153614 checks/s  —  ETA 0s  —  0 failed so far
[OUTPUT] 2026-07-13T15:50:18.655607 skip_listing [train]:   202,500/262,500 checked (77%)  —  153734 checks/s  —  ETA 0s  —  0 failed so far
[OUTPUT] 2026-07-13T15:50:18.659457 skip_listing [train]:   203,000/262,500 checked (77%)  —  153665 checks/s  —  ETA 0s  —  0 failed so far
[OUTPUT] 2026-07-13T15:50:18.662003 skip_listing [train]:   203,500/262,500 checked (78%)  —  153747 checks/s  —  ETA 0s  —  0 failed so far
[OUTPUT] 2026-07-13T15:50:18.667533 skip_listing [train]:   204,000/262,500 checked (78%)  —  153483 checks/s  —  ETA 0s  —  0 failed so far
[OUTPUT] 2026-07-13T15:50:18.670549 skip_listing [train]:   204,500/262,500 checked (78%)  —  153511 checks/s  —  ETA 0s  —  0 failed so far
[OUTPUT] 2026-07-13T15:50:18.673257 skip_listing [train]:   205,000/262,500 checked (78%)  —  153574 checks/s  —  ETA 0s  —  0 failed so far
[OUTPUT] 2026-07-13T15:50:18.675864 skip_listing [train]:   205,500/262,500 checked (78%)  —  153649 checks/s  —  ETA 0s  —  0 failed so far
[OUTPUT] 2026-07-13T15:50:18.679493 skip_listing [train]:   206,000/262,500 checked (78%)  —  153606 checks/s  —  ETA 0s  —  0 failed so far
[OUTPUT] 2026-07-13T15:50:18.682340 skip_listing [train]:   206,500/262,500 checked (79%)  —  153652 checks/s  —  ETA 0s  —  0 failed so far
[OUTPUT] 2026-07-13T15:50:18.685070 skip_listing [train]:   207,000/262,500 checked (79%)  —  153712 checks/s  —  ETA 0s  —  0 failed so far
[OUTPUT] 2026-07-13T15:50:18.689776 skip_listing [train]:   207,500/262,500 checked (79%)  —  153547 checks/s  —  ETA 0s  —  0 failed so far
[OUTPUT] 2026-07-13T15:50:18.692417 skip_listing [train]:   208,000/262,500 checked (79%)  —  153617 checks/s  —  ETA 0s  —  0 failed so far
[OUTPUT] 2026-07-13T15:50:18.695138 skip_listing [train]:   208,500/262,500 checked (79%)  —  153677 checks/s  —  ETA 0s  —  0 failed so far
[OUTPUT] 2026-07-13T15:50:18.698258 skip_listing [train]:   209,000/262,500 checked (80%)  —  153692 checks/s  —  ETA 0s  —  0 failed so far
[OUTPUT] 2026-07-13T15:50:18.701325 skip_listing [train]:   209,500/262,500 checked (80%)  —  153713 checks/s  —  ETA 0s  —  0 failed so far
[OUTPUT] 2026-07-13T15:50:18.704107 skip_listing [train]:   210,000/262,500 checked (80%)  —  153766 checks/s  —  ETA 0s  —  0 failed so far
[OUTPUT] 2026-07-13T15:50:18.707868 skip_listing [train]:   210,500/262,500 checked (80%)  —  153709 checks/s  —  ETA 0s  —  0 failed so far
[OUTPUT] 2026-07-13T15:50:18.710877 skip_listing [train]:   211,000/262,500 checked (80%)  —  153736 checks/s  —  ETA 0s  —  0 failed so far
[OUTPUT] 2026-07-13T15:50:18.713850 skip_listing [train]:   211,500/262,500 checked (81%)  —  153768 checks/s  —  ETA 0s  —  0 failed so far
[OUTPUT] 2026-07-13T15:50:18.716601 skip_listing [train]:   212,000/262,500 checked (81%)  —  153824 checks/s  —  ETA 0s  —  0 failed so far
[OUTPUT] 2026-07-13T15:50:18.719312 skip_listing [train]:   212,500/262,500 checked (81%)  —  153884 checks/s  —  ETA 0s  —  0 failed so far
[OUTPUT] 2026-07-13T15:50:18.721619 skip_listing [train]:   213,000/262,500 checked (81%)  —  153989 checks/s  —  ETA 0s  —  0 failed so far
[OUTPUT] 2026-07-13T15:50:18.725414 skip_listing [train]:   213,500/262,500 checked (81%)  —  153928 checks/s  —  ETA 0s  —  0 failed so far
[OUTPUT] 2026-07-13T15:50:18.728445 skip_listing [train]:   214,000/262,500 checked (82%)  —  153952 checks/s  —  ETA 0s  —  0 failed so far
[OUTPUT] 2026-07-13T15:50:18.730781 skip_listing [train]:   214,500/262,500 checked (82%)  —  154053 checks/s  —  ETA 0s  —  0 failed so far
[OUTPUT] 2026-07-13T15:50:18.734418 skip_listing [train]:   215,000/262,500 checked (82%)  —  154009 checks/s  —  ETA 0s  —  0 failed so far
[OUTPUT] 2026-07-13T15:50:18.737773 skip_listing [train]:   215,500/262,500 checked (82%)  —  153997 checks/s  —  ETA 0s  —  0 failed so far
[OUTPUT] 2026-07-13T15:50:18.740856 skip_listing [train]:   216,000/262,500 checked (82%)  —  154015 checks/s  —  ETA 0s  —  0 failed so far
[OUTPUT] 2026-07-13T15:50:18.744161 skip_listing [train]:   216,500/262,500 checked (82%)  —  154009 checks/s  —  ETA 0s  —  0 failed so far
[OUTPUT] 2026-07-13T15:50:18.747043 skip_listing [train]:   217,000/262,500 checked (83%)  —  154049 checks/s  —  ETA 0s  —  0 failed so far
[OUTPUT] 2026-07-13T15:50:18.750288 skip_listing [train]:   217,500/262,500 checked (83%)  —  154049 checks/s  —  ETA 0s  —  0 failed so far
[OUTPUT] 2026-07-13T15:50:18.753143 skip_listing [train]:   218,000/262,500 checked (83%)  —  154091 checks/s  —  ETA 0s  —  0 failed so far
[OUTPUT] 2026-07-13T15:50:18.755856 skip_listing [train]:   218,500/262,500 checked (83%)  —  154149 checks/s  —  ETA 0s  —  0 failed so far
[OUTPUT] 2026-07-13T15:50:18.757838 skip_listing [train]:   219,000/262,500 checked (83%)  —  154286 checks/s  —  ETA 0s  —  0 failed so far
[OUTPUT] 2026-07-13T15:50:18.761918 skip_listing [train]:   219,500/262,500 checked (84%)  —  154195 checks/s  —  ETA 0s  —  0 failed so far
[OUTPUT] 2026-07-13T15:50:18.764937 skip_listing [train]:   220,000/262,500 checked (84%)  —  154219 checks/s  —  ETA 0s  —  0 failed so far
[OUTPUT] 2026-07-13T15:50:18.767302 skip_listing [train]:   220,500/262,500 checked (84%)  —  154314 checks/s  —  ETA 0s  —  0 failed so far
[OUTPUT] 2026-07-13T15:50:18.769877 skip_listing [train]:   221,000/262,500 checked (84%)  —  154386 checks/s  —  ETA 0s  —  0 failed so far
[OUTPUT] 2026-07-13T15:50:18.772767 skip_listing [train]:   221,500/262,500 checked (84%)  —  154423 checks/s  —  ETA 0s  —  0 failed so far
[OUTPUT] 2026-07-13T15:50:18.776004 skip_listing [train]:   222,000/262,500 checked (85%)  —  154423 checks/s  —  ETA 0s  —  0 failed so far
[OUTPUT] 2026-07-13T15:50:18.779241 skip_listing [train]:   222,500/262,500 checked (85%)  —  154424 checks/s  —  ETA 0s  —  0 failed so far
[OUTPUT] 2026-07-13T15:50:18.782107 skip_listing [train]:   223,000/262,500 checked (85%)  —  154463 checks/s  —  ETA 0s  —  0 failed so far
[OUTPUT] 2026-07-13T15:50:18.785371 skip_listing [train]:   223,500/262,500 checked (85%)  —  154460 checks/s  —  ETA 0s  —  0 failed so far
[OUTPUT] 2026-07-13T15:50:18.788601 skip_listing [train]:   224,000/262,500 checked (85%)  —  154461 checks/s  —  ETA 0s  —  0 failed so far
[OUTPUT] 2026-07-13T15:50:18.791632 skip_listing [train]:   224,500/262,500 checked (86%)  —  154483 checks/s  —  ETA 0s  —  0 failed so far
[OUTPUT] 2026-07-13T15:50:18.794927 skip_listing [train]:   225,000/262,500 checked (86%)  —  154477 checks/s  —  ETA 0s  —  0 failed so far
[OUTPUT] 2026-07-13T15:50:18.798147 skip_listing [train]:   225,500/262,500 checked (86%)  —  154479 checks/s  —  ETA 0s  —  0 failed so far
[OUTPUT] 2026-07-13T15:50:18.801695 skip_listing [train]:   226,000/262,500 checked (86%)  —  154446 checks/s  —  ETA 0s  —  0 failed so far
[OUTPUT] 2026-07-13T15:50:18.804952 skip_listing [train]:   226,500/262,500 checked (86%)  —  154444 checks/s  —  ETA 0s  —  0 failed so far
[OUTPUT] 2026-07-13T15:50:18.807312 skip_listing [train]:   227,000/262,500 checked (86%)  —  154536 checks/s  —  ETA 0s  —  0 failed so far
[OUTPUT] 2026-07-13T15:50:18.809683 skip_listing [train]:   227,500/262,500 checked (87%)  —  154627 checks/s  —  ETA 0s  —  0 failed so far
[OUTPUT] 2026-07-13T15:50:18.812738 skip_listing [train]:   228,000/262,500 checked (87%)  —  154646 checks/s  —  ETA 0s  —  0 failed so far
[OUTPUT] 2026-07-13T15:50:18.815888 skip_listing [train]:   228,500/262,500 checked (87%)  —  154654 checks/s  —  ETA 0s  —  0 failed so far
[OUTPUT] 2026-07-13T15:50:18.819479 skip_listing [train]:   229,000/262,500 checked (87%)  —  154617 checks/s  —  ETA 0s  —  0 failed so far
[OUTPUT] 2026-07-13T15:50:18.822448 skip_listing [train]:   229,500/262,500 checked (87%)  —  154644 checks/s  —  ETA 0s  —  0 failed so far
[OUTPUT] 2026-07-13T15:50:18.825343 skip_listing [train]:   230,000/262,500 checked (88%)  —  154680 checks/s  —  ETA 0s  —  0 failed so far
[OUTPUT] 2026-07-13T15:50:18.828415 skip_listing [train]:   230,500/262,500 checked (88%)  —  154696 checks/s  —  ETA 0s  —  0 failed so far
[OUTPUT] 2026-07-13T15:50:18.831553 skip_listing [train]:   231,000/262,500 checked (88%)  —  154706 checks/s  —  ETA 0s  —  0 failed so far
[OUTPUT] 2026-07-13T15:50:18.833771 skip_listing [train]:   231,500/262,500 checked (88%)  —  154811 checks/s  —  ETA 0s  —  0 failed so far
[OUTPUT] 2026-07-13T15:50:18.836547 skip_listing [train]:   232,000/262,500 checked (88%)  —  154858 checks/s  —  ETA 0s  —  0 failed so far
[OUTPUT] 2026-07-13T15:50:18.839613 skip_listing [train]:   232,500/262,500 checked (89%)  —  154875 checks/s  —  ETA 0s  —  0 failed so far
[OUTPUT] 2026-07-13T15:50:18.842590 skip_listing [train]:   233,000/262,500 checked (89%)  —  154901 checks/s  —  ETA 0s  —  0 failed so far
[OUTPUT] 2026-07-13T15:50:18.845252 skip_listing [train]:   233,500/262,500 checked (89%)  —  154959 checks/s  —  ETA 0s  —  0 failed so far
[OUTPUT] 2026-07-13T15:50:18.849690 skip_listing [train]:   234,000/262,500 checked (89%)  —  154834 checks/s  —  ETA 0s  —  0 failed so far
[OUTPUT] 2026-07-13T15:50:18.852675 skip_listing [train]:   234,500/262,500 checked (89%)  —  154859 checks/s  —  ETA 0s  —  0 failed so far
[OUTPUT] 2026-07-13T15:50:18.854654 skip_listing [train]:   235,000/262,500 checked (90%)  —  154987 checks/s  —  ETA 0s  —  0 failed so far
[OUTPUT] 2026-07-13T15:50:18.858377 skip_listing [train]:   235,500/262,500 checked (90%)  —  154936 checks/s  —  ETA 0s  —  0 failed so far
[OUTPUT] 2026-07-13T15:50:18.862312 skip_listing [train]:   236,000/262,500 checked (90%)  —  154864 checks/s  —  ETA 0s  —  0 failed so far
[OUTPUT] 2026-07-13T15:50:18.864512 skip_listing [train]:   236,500/262,500 checked (90%)  —  154969 checks/s  —  ETA 0s  —  0 failed so far
[OUTPUT] 2026-07-13T15:50:18.867971 skip_listing [train]:   237,000/262,500 checked (90%)  —  154945 checks/s  —  ETA 0s  —  0 failed so far
[OUTPUT] 2026-07-13T15:50:18.871094 skip_listing [train]:   237,500/262,500 checked (90%)  —  154956 checks/s  —  ETA 0s  —  0 failed so far
[OUTPUT] 2026-07-13T15:50:18.874992 skip_listing [train]:   238,000/262,500 checked (91%)  —  154888 checks/s  —  ETA 0s  —  0 failed so far
[OUTPUT] 2026-07-13T15:50:18.878539 skip_listing [train]:   238,500/262,500 checked (91%)  —  154856 checks/s  —  ETA 0s  —  0 failed so far
[OUTPUT] 2026-07-13T15:50:18.881862 skip_listing [train]:   239,000/262,500 checked (91%)  —  154847 checks/s  —  ETA 0s  —  0 failed so far
[OUTPUT] 2026-07-13T15:50:18.885485 skip_listing [train]:   239,500/262,500 checked (91%)  —  154807 checks/s  —  ETA 0s  —  0 failed so far
[OUTPUT] 2026-07-13T15:50:18.887756 skip_listing [train]:   240,000/262,500 checked (91%)  —  154903 checks/s  —  ETA 0s  —  0 failed so far
[OUTPUT] 2026-07-13T15:50:18.890272 skip_listing [train]:   240,500/262,500 checked (92%)  —  154974 checks/s  —  ETA 0s  —  0 failed so far
[OUTPUT] 2026-07-13T15:50:18.893685 skip_listing [train]:   241,000/262,500 checked (92%)  —  154955 checks/s  —  ETA 0s  —  0 failed so far
[OUTPUT] 2026-07-13T15:50:18.896821 skip_listing [train]:   241,500/262,500 checked (92%)  —  154964 checks/s  —  ETA 0s  —  0 failed so far
[OUTPUT] 2026-07-13T15:50:18.898802 skip_listing [train]:   242,000/262,500 checked (92%)  —  155088 checks/s  —  ETA 0s  —  0 failed so far
[OUTPUT] 2026-07-13T15:50:18.902160 skip_listing [train]:   242,500/262,500 checked (92%)  —  155075 checks/s  —  ETA 0s  —  0 failed so far
[OUTPUT] 2026-07-13T15:50:18.906011 skip_listing [train]:   243,000/262,500 checked (93%)  —  155013 checks/s  —  ETA 0s  —  0 failed so far
[OUTPUT] 2026-07-13T15:50:18.909241 skip_listing [train]:   243,500/262,500 checked (93%)  —  155012 checks/s  —  ETA 0s  —  0 failed so far
[OUTPUT] 2026-07-13T15:50:18.911496 skip_listing [train]:   244,000/262,500 checked (93%)  —  155108 checks/s  —  ETA 0s  —  0 failed so far
[OUTPUT] 2026-07-13T15:50:18.914208 skip_listing [train]:   244,500/262,500 checked (93%)  —  155158 checks/s  —  ETA 0s  —  0 failed so far
[OUTPUT] 2026-07-13T15:50:18.916648 skip_listing [train]:   245,000/262,500 checked (93%)  —  155235 checks/s  —  ETA 0s  —  0 failed so far
[OUTPUT] 2026-07-13T15:50:18.918877 skip_listing [train]:   245,500/262,500 checked (94%)  —  155333 checks/s  —  ETA 0s  —  0 failed so far
[OUTPUT] 2026-07-13T15:50:18.921291 skip_listing [train]:   246,000/262,500 checked (94%)  —  155412 checks/s  —  ETA 0s  —  0 failed so far
[OUTPUT] 2026-07-13T15:50:18.923436 skip_listing [train]:   246,500/262,500 checked (94%)  —  155517 checks/s  —  ETA 0s  —  0 failed so far
[OUTPUT] 2026-07-13T15:50:18.925410 skip_listing [train]:   247,000/262,500 checked (94%)  —  155638 checks/s  —  ETA 0s  —  0 failed so far
[OUTPUT] 2026-07-13T15:50:18.928587 skip_listing [train]:   247,500/262,500 checked (94%)  —  155642 checks/s  —  ETA 0s  —  0 failed so far
[OUTPUT] 2026-07-13T15:50:18.930761 skip_listing [train]:   248,000/262,500 checked (94%)  —  155743 checks/s  —  ETA 0s  —  0 failed so far
[OUTPUT] 2026-07-13T15:50:18.933068 skip_listing [train]:   248,500/262,500 checked (95%)  —  155832 checks/s  —  ETA 0s  —  0 failed so far
[OUTPUT] 2026-07-13T15:50:18.935548 skip_listing [train]:   249,000/262,500 checked (95%)  —  155903 checks/s  —  ETA 0s  —  0 failed so far
[OUTPUT] 2026-07-13T15:50:18.939594 skip_listing [train]:   249,500/262,500 checked (95%)  —  155821 checks/s  —  ETA 0s  —  0 failed so far
[OUTPUT] 2026-07-13T15:50:18.942691 skip_listing [train]:   250,000/262,500 checked (95%)  —  155832 checks/s  —  ETA 0s  —  0 failed so far
[OUTPUT] 2026-07-13T15:50:18.945994 skip_listing [train]:   250,500/262,500 checked (95%)  —  155823 checks/s  —  ETA 0s  —  0 failed so far
[OUTPUT] 2026-07-13T15:50:18.948162 skip_listing [train]:   251,000/262,500 checked (96%)  —  155924 checks/s  —  ETA 0s  —  0 failed so far
[OUTPUT] 2026-07-13T15:50:18.952014 skip_listing [train]:   251,500/262,500 checked (96%)  —  155861 checks/s  —  ETA 0s  —  0 failed so far
[OUTPUT] 2026-07-13T15:50:18.954889 skip_listing [train]:   252,000/262,500 checked (96%)  —  155893 checks/s  —  ETA 0s  —  0 failed so far
[OUTPUT] 2026-07-13T15:50:18.958258 skip_listing [train]:   252,500/262,500 checked (96%)  —  155878 checks/s  —  ETA 0s  —  0 failed so far
[OUTPUT] 2026-07-13T15:50:18.961402 skip_listing [train]:   253,000/262,500 checked (96%)  —  155884 checks/s  —  ETA 0s  —  0 failed so far
[OUTPUT] 2026-07-13T15:50:18.964537 skip_listing [train]:   253,500/262,500 checked (97%)  —  155891 checks/s  —  ETA 0s  —  0 failed so far
[OUTPUT] 2026-07-13T15:50:18.967170 skip_listing [train]:   254,000/262,500 checked (97%)  —  155946 checks/s  —  ETA 0s  —  0 failed so far
[OUTPUT] 2026-07-13T15:50:18.969603 skip_listing [train]:   254,500/262,500 checked (97%)  —  156020 checks/s  —  ETA 0s  —  0 failed so far
[OUTPUT] 2026-07-13T15:50:18.971576 skip_listing [train]:   255,000/262,500 checked (97%)  —  156137 checks/s  —  ETA 0s  —  0 failed so far
[OUTPUT] 2026-07-13T15:50:18.974665 skip_listing [train]:   255,500/262,500 checked (97%)  —  156148 checks/s  —  ETA 0s  —  0 failed so far
[OUTPUT] 2026-07-13T15:50:18.978061 skip_listing [train]:   256,000/262,500 checked (98%)  —  156130 checks/s  —  ETA 0s  —  0 failed so far
[OUTPUT] 2026-07-13T15:50:18.981429 skip_listing [train]:   256,500/262,500 checked (98%)  —  156114 checks/s  —  ETA 0s  —  0 failed so far
[OUTPUT] 2026-07-13T15:50:18.983405 skip_listing [train]:   257,000/262,500 checked (98%)  —  156230 checks/s  —  ETA 0s  —  0 failed so far
[OUTPUT] 2026-07-13T15:50:18.986037 skip_listing [train]:   257,500/262,500 checked (98%)  —  156284 checks/s  —  ETA 0s  —  0 failed so far
[OUTPUT] 2026-07-13T15:50:18.989589 skip_listing [train]:   258,000/262,500 checked (98%)  —  156251 checks/s  —  ETA 0s  —  0 failed so far
[OUTPUT] 2026-07-13T15:50:18.991927 skip_listing [train]:   258,500/262,500 checked (98%)  —  156332 checks/s  —  ETA 0s  —  0 failed so far
[OUTPUT] 2026-07-13T15:50:18.995448 skip_listing [train]:   259,000/262,500 checked (99%)  —  156302 checks/s  —  ETA 0s  —  0 failed so far
[OUTPUT] 2026-07-13T15:50:18.997742 skip_listing [train]:   259,500/262,500 checked (99%)  —  156387 checks/s  —  ETA 0s  —  0 failed so far
[OUTPUT] 2026-07-13T15:50:19.000468 skip_listing [train]:   260,000/262,500 checked (99%)  —  156432 checks/s  —  ETA 0s  —  0 failed so far
[OUTPUT] 2026-07-13T15:50:19.003018 skip_listing [train]:   260,500/262,500 checked (99%)  —  156492 checks/s  —  ETA 0s  —  0 failed so far
[OUTPUT] 2026-07-13T15:50:19.006637 skip_listing [train]:   261,000/262,500 checked (99%)  —  156452 checks/s  —  ETA 0s  —  0 failed so far
[OUTPUT] 2026-07-13T15:50:19.010162 skip_listing [train]:   261,500/262,500 checked (100%)  —  156422 checks/s  —  ETA 0s  —  0 failed so far
[OUTPUT] 2026-07-13T15:50:19.014384 skip_listing [train]:   262,000/262,500 checked (100%)  —  156326 checks/s  —  ETA 0s  —  0 failed so far
[OUTPUT] 2026-07-13T15:50:19.018676 skip_listing [train]: validation complete — all 262,500 samples exist (1.7s, 156224 checks/s); 4,375 URIs ready for rank 0 (262,500 total across all ranks)
[OUTPUT] 2026-07-13T15:50:19.018726 File listing [train]: 262500 files discovered, 4375 assigned to rank 0, completed in 1.70s
[OUTPUT] 2026-07-13T15:50:19.018748 skip_listing [valid]: generated 0 file URIs deterministically (0 total — validation disabled)
[OUTPUT] 2026-07-13T15:50:19.018763 File listing [valid]: 0 files discovered, 0 assigned to rank 0, completed in 0.00s
[OUTPUT] 2026-07-13T15:50:19.018775 Streamed file sharding: 262500 train files across 60 ranks via round-robin (rank 0 shard: 4375 files)
[OUTPUT] 2026-07-13T15:50:21.148920 Max steps per epoch per rank: 37500 = 1 * 262500 / 7 (samples per file * local files / batch size)
[OUTPUT] 2026-07-13T15:50:21.255844 Reshard for epoch 1: 4375 train files, 0 eval files redistributed via alltoall in 0.11s
[OUTPUT] 2026-07-13T15:50:21.990173 Worker pre-warm complete (2 workers spawned)
[OUTPUT] 2026-07-13T15:50:22.335619 Starting epoch 1: 625 steps expected
[OUTPUT] 2026-07-13T15:50:22.335902 Starting block 1
[OUTPUT] 2026-07-13T15:52:13.529801 Ending block 1 - 625 steps completed in 111.19 s
[OUTPUT] 2026-07-13T15:52:13.531743 Epoch 1 - Block 1 [Training] Accelerator Utilization [AU] (%): 91.4821
[OUTPUT] 2026-07-13T15:52:13.531790 Epoch 1 - Block 1 [Training] Throughput (samples/second): 2370.3252
[OUTPUT] 2026-07-13T15:52:13.534150 Epoch 1 - Block 1 [Training] Computation time per step (second): 0.1621+/-0.0000 (set value: {'mean': 0.162})
[OUTPUT] 2026-07-13T15:52:13.592164 Ending epoch 1 - 625 steps completed in 111.26 s
[OUTPUT] 2026-07-13T15:52:13.651563 Reshard for epoch 2: 4375 train files, 0 eval files redistributed via alltoall in 0.06s
[OUTPUT] 2026-07-13T15:52:14.196055 Worker pre-warm complete for epoch 2 (2 workers spawned)
[OUTPUT] 2026-07-13T15:52:15.212886 Starting epoch 2: 625 steps expected
[OUTPUT] 2026-07-13T15:52:15.213212 Starting block 1
[OUTPUT] 2026-07-13T15:54:06.418859 Ending block 1 - 625 steps completed in 111.21 s
[OUTPUT] 2026-07-13T15:54:06.419927 Epoch 2 - Block 1 [Training] Accelerator Utilization [AU] (%): 91.4409
[OUTPUT] 2026-07-13T15:54:06.419957 Epoch 2 - Block 1 [Training] Throughput (samples/second): 2369.3706
[OUTPUT] 2026-07-13T15:54:06.420088 Epoch 2 - Block 1 [Training] Computation time per step (second): 0.1621+/-0.0000 (set value: {'mean': 0.162})
[OUTPUT] 2026-07-13T15:54:06.438095 Ending epoch 2 - 625 steps completed in 111.23 s
[OUTPUT] 2026-07-13T15:54:06.498456 Reshard for epoch 3: 4375 train files, 0 eval files redistributed via alltoall in 0.06s
[OUTPUT] 2026-07-13T15:54:07.117289 Worker pre-warm complete for epoch 3 (2 workers spawned)
[OUTPUT] 2026-07-13T15:54:08.054284 Starting epoch 3: 625 steps expected
[OUTPUT] 2026-07-13T15:54:08.054551 Starting block 1
[OUTPUT] 2026-07-13T15:55:59.420111 Ending block 1 - 625 steps completed in 111.37 s
[OUTPUT] 2026-07-13T15:55:59.421233 Epoch 3 - Block 1 [Training] Accelerator Utilization [AU] (%): 91.3879
[OUTPUT] 2026-07-13T15:55:59.421263 Epoch 3 - Block 1 [Training] Throughput (samples/second): 2367.9208
[OUTPUT] 2026-07-13T15:55:59.421379 Epoch 3 - Block 1 [Training] Computation time per step (second): 0.1621+/-0.0000 (set value: {'mean': 0.162})
[OUTPUT] 2026-07-13T15:55:59.441843 Ending epoch 3 - 625 steps completed in 111.39 s
[OUTPUT] 2026-07-13T15:55:59.502551 Reshard for epoch 4: 4375 train files, 0 eval files redistributed via alltoall in 0.06s
[OUTPUT] 2026-07-13T15:56:00.037104 Worker pre-warm complete for epoch 4 (2 workers spawned)
[OUTPUT] 2026-07-13T15:56:01.098195 Starting epoch 4: 625 steps expected
[OUTPUT] 2026-07-13T15:56:01.098508 Starting block 1
[OUTPUT] 2026-07-13T15:57:52.363660 Ending block 1 - 625 steps completed in 111.27 s
[OUTPUT] 2026-07-13T15:57:52.364715 Epoch 4 - Block 1 [Training] Accelerator Utilization [AU] (%): 91.4334
[OUTPUT] 2026-07-13T15:57:52.364746 Epoch 4 - Block 1 [Training] Throughput (samples/second): 2369.0873
[OUTPUT] 2026-07-13T15:57:52.364867 Epoch 4 - Block 1 [Training] Computation time per step (second): 0.1621+/-0.0000 (set value: {'mean': 0.162})
[OUTPUT] 2026-07-13T15:57:52.374674 Ending epoch 4 - 625 steps completed in 111.28 s
[OUTPUT] 2026-07-13T15:57:52.435422 Reshard for epoch 5: 4375 train files, 0 eval files redistributed via alltoall in 0.06s
[OUTPUT] 2026-07-13T15:57:53.045732 Worker pre-warm complete for epoch 5 (2 workers spawned)
[OUTPUT] 2026-07-13T15:58:04.724322 Starting epoch 5: 625 steps expected
[OUTPUT] 2026-07-13T15:58:04.724650 Starting block 1
[OUTPUT] 2026-07-13T15:59:55.977889 Ending block 1 - 625 steps completed in 111.25 s
[OUTPUT] 2026-07-13T15:59:55.978913 Epoch 5 - Block 1 [Training] Accelerator Utilization [AU] (%): 91.3844
[OUTPUT] 2026-07-13T15:59:55.978943 Epoch 5 - Block 1 [Training] Throughput (samples/second): 2367.8650
[OUTPUT] 2026-07-13T15:59:55.979068 Epoch 5 - Block 1 [Training] Computation time per step (second): 0.1621+/-0.0000 (set value: {'mean': 0.162})
[OUTPUT] 2026-07-13T15:59:55.983267 Ending epoch 5 - 625 steps completed in 111.26 s
[OUTPUT] 2026-07-13T15:59:56.045309 Reshard for epoch 6: 4375 train files, 0 eval files redistributed via alltoall in 0.06s
[OUTPUT] 2026-07-13T15:59:56.520997 Worker pre-warm complete for epoch 6 (2 workers spawned)
[OUTPUT] 2026-07-13T15:59:56.670996 Saved outputs in /root/Suzhou_Zishan_Longlin/closed/Suzhou_Zishan_Longlin/results/GalaxSphere-3Tier0/training/unet3d/run/20260713_154953
[OUTPUT] Averaged metric over all steps/epochs
[METRIC] ==========================================================
[METRIC] Number of Simulated Accelerators: 60 
[METRIC] Training Accelerator Utilization [AU] (%): 91.4042 (0.0480)
[METRIC] Training Throughput (samples/second): 2368.3861 (1.2405)
[METRIC] Training I/O Throughput (MiB/second): 331122.2980 (173.4290)
[METRIC] train_au_meet_expectation: success
[METRIC] ==========================================================

[OUTPUT] 2026-07-13T15:59:56.770066 outputs saved in RANKID_output.json
